Time	Cycle	PC	Insn	Decoded instruction	Register and memory contents
           9354	       366	80000080	400012b7	lui	x5,0x40001	  x5=0x40001000
           9774	       387	80000084	10628293	addi	x5,x5,262	  x5:0x40001000  x5=0x40001106
           9794	       388	80000088	30129073	csrrw	x0,misa,x5	  x5:0x40001106  x0=0x00000000
           9854	       391	8000008c	00026d97	auipc	x27,0x26	 x27=0x8002608c
           9954	       396	80000090	c58d8d93	addi	x27,x27,-936	 x27:0x8002608c x27=0x80025ce4
           9974	       397	80000094	00002297	auipc	x5,0x2	  x5=0x80002094
          10434	       420	80000098	66c28293	addi	x5,x5,1644	  x5:0x80002094  x5=0x80002700
          10594	       428	8000009c	0012e293	ori	x5,x5,1	  x5:0x80002700  x5=0x80002701
          10614	       429	800000a0	30529073	csrrw	x0,mtvec,x5	  x5:0x80002701  x0=0x00000000
          10714	       434	800000a4	74725073	csrrwi	x0,0x747,4	  x0=0x00000000
          10814	       439	800000a8	00003717	auipc	x14,0x3	 x14=0x800030a8
          10834	       440	800000ac	41470713	addi	x14,x14,1044	 x14:0x800030a8 x14=0x800034bc
          11054	       451	800000b0	4281	c.li	x5,0	  x5=0x00000000
          11074	       452	800000b2	9716	c.add	x14,x5	 x14:0x800034bc  x5:0x00000000 x14=0x800034bc
          11114	       454	800000b4	8309	c.srli	x14,0x2	 x14:0x800034bc x14=0x20000d2f
          11414	       469	800000b6	3b071073	csrrw	x0,pmpaddr0,x14	 x14:0x20000d2f  x0=0x00000000
          11834	       490	800000ba	00003717	auipc	x14,0x3	 x14=0x800030ba
          11854	       491	800000be	40270713	addi	x14,x14,1026	 x14:0x800030ba x14=0x800034bc
          11874	       492	800000c2	111112b7	lui	x5,0x11111	  x5=0x11111000
          12074	       502	800000c6	11128293	addi	x5,x5,273	  x5:0x11111000  x5=0x11111111
          12094	       503	800000ca	9716	c.add	x14,x5	 x14:0x800034bc  x5:0x11111111 x14=0x911145cd
          12114	       504	800000cc	8309	c.srli	x14,0x2	 x14:0x911145cd x14=0x24445173
          12494	       523	800000ce	3b171073	csrrw	x0,pmpaddr1,x14	 x14:0x24445173  x0=0x00000000
          12554	       526	800000d2	00003717	auipc	x14,0x3	 x14=0x800030d2
          12574	       527	800000d6	3ea70713	addi	x14,x14,1002	 x14:0x800030d2 x14=0x800034bc
          12594	       528	800000da	222222b7	lui	x5,0x22222	  x5=0x22222000
          12614	       529	800000de	22228293	addi	x5,x5,546	  x5:0x22222000  x5=0x22222222
          12634	       530	800000e2	9716	c.add	x14,x5	 x14:0x800034bc  x5:0x22222222 x14=0xa22256de
          12654	       531	800000e4	8309	c.srli	x14,0x2	 x14:0xa22256de x14=0x288895b7
          12674	       532	800000e6	3b271073	csrrw	x0,pmpaddr2,x14	 x14:0x288895b7  x0=0x00000000
          12814	       539	800000ea	00003717	auipc	x14,0x3	 x14=0x800030ea
          12834	       540	800000ee	3d270713	addi	x14,x14,978	 x14:0x800030ea x14=0x800034bc
          12854	       541	800000f2	333332b7	lui	x5,0x33333	  x5=0x33333000
          12874	       542	800000f6	33328293	addi	x5,x5,819	  x5:0x33333000  x5=0x33333333
          12894	       543	800000fa	9716	c.add	x14,x5	 x14:0x800034bc  x5:0x33333333 x14=0xb33367ef
          12914	       544	800000fc	8309	c.srli	x14,0x2	 x14:0xb33367ef x14=0x2cccd9fb
          13314	       564	800000fe	3b371073	csrrw	x0,pmpaddr3,x14	 x14:0x2cccd9fb  x0=0x00000000
          13374	       567	80000102	0f0f1737	lui	x14,0xf0f1	 x14=0x0f0f1000
          13394	       568	80000106	f0f70713	addi	x14,x14,-241	 x14:0x0f0f1000 x14=0x0f0f0f0f
          13514	       574	8000010a	3a071073	csrrw	x0,pmpcfg0,x14	 x14:0x0f0f0f0f  x0=0x00000000
          13614	       579	8000010e	00003717	auipc	x14,0x3	 x14=0x8000310e
          13634	       580	80000112	3ae70713	addi	x14,x14,942	 x14:0x8000310e x14=0x800034bc
          14054	       601	80000116	444442b7	lui	x5,0x44444	  x5=0x44444000
          14074	       602	8000011a	44428293	addi	x5,x5,1092	  x5:0x44444000  x5=0x44444444
          14094	       603	8000011e	9716	c.add	x14,x5	 x14:0x800034bc  x5:0x44444444 x14=0xc4447900
          14474	       622	80000120	8309	c.srli	x14,0x2	 x14:0xc4447900 x14=0x31111e40
          14494	       623	80000122	3b471073	csrrw	x0,pmpaddr4,x14	 x14:0x31111e40  x0=0x00000000
          14554	       626	80000126	00003717	auipc	x14,0x3	 x14=0x80003126
          14934	       645	8000012a	39670713	addi	x14,x14,918	 x14:0x80003126 x14=0x800034bc
          15294	       663	8000012e	555552b7	lui	x5,0x55555	  x5=0x55555000
          15314	       664	80000132	55528293	addi	x5,x5,1365	  x5:0x55555000  x5=0x55555555
          15334	       665	80000136	9716	c.add	x14,x5	 x14:0x800034bc  x5:0x55555555 x14=0xd5558a11
          15354	       666	80000138	8309	c.srli	x14,0x2	 x14:0xd5558a11 x14=0x35556284
          15754	       686	8000013a	3b571073	csrrw	x0,pmpaddr5,x14	 x14:0x35556284  x0=0x00000000
          15814	       689	8000013e	00003717	auipc	x14,0x3	 x14=0x8000313e
          15894	       693	80000142	37e70713	addi	x14,x14,894	 x14:0x8000313e x14=0x800034bc
          16114	       704	80000146	666662b7	lui	x5,0x66666	  x5=0x66666000
          16134	       705	8000014a	66628293	addi	x5,x5,1638	  x5:0x66666000  x5=0x66666666
          16154	       706	8000014e	9716	c.add	x14,x5	 x14:0x800034bc  x5:0x66666666 x14=0xe6669b22
          16174	       707	80000150	8309	c.srli	x14,0x2	 x14:0xe6669b22 x14=0x3999a6c8
          16274	       712	80000152	3b671073	csrrw	x0,pmpaddr6,x14	 x14:0x3999a6c8  x0=0x00000000
          16354	       716	80000156	00003717	auipc	x14,0x3	 x14=0x80003156
          16634	       730	8000015a	36670713	addi	x14,x14,870	 x14:0x80003156 x14=0x800034bc
          16814	       739	8000015e	777772b7	lui	x5,0x77777	  x5=0x77777000
          16834	       740	80000162	77728293	addi	x5,x5,1911	  x5:0x77777000  x5=0x77777777
          16854	       741	80000166	9716	c.add	x14,x5	 x14:0x800034bc  x5:0x77777777 x14=0xf777ac33
          17254	       761	80000168	8309	c.srli	x14,0x2	 x14:0xf777ac33 x14=0x3dddeb0c
          17274	       762	8000016a	3b771073	csrrw	x0,pmpaddr7,x14	 x14:0x3dddeb0c  x0=0x00000000
          17514	       774	8000016e	0f0f1737	lui	x14,0xf0f1	 x14=0x0f0f1000
          17534	       775	80000172	f0f70713	addi	x14,x14,-241	 x14:0x0f0f1000 x14=0x0f0f0f0f
          17954	       796	80000176	3a171073	csrrw	x0,pmpcfg1,x14	 x14:0x0f0f0f0f  x0=0x00000000
          18374	       817	8000017a	00003717	auipc	x14,0x3	 x14=0x8000317a
          18414	       819	8000017e	34270713	addi	x14,x14,834	 x14:0x8000317a x14=0x800034bc
          18434	       820	80000182	888892b7	lui	x5,0x88889	  x5=0x88889000
          18454	       821	80000186	88828293	addi	x5,x5,-1912	  x5:0x88889000  x5=0x88888888
          18474	       822	8000018a	9716	c.add	x14,x5	 x14:0x800034bc  x5:0x88888888 x14=0x0888bd44
          18494	       823	8000018c	8309	c.srli	x14,0x2	 x14:0x0888bd44 x14=0x02222f51
          18514	       824	8000018e	3b871073	csrrw	x0,pmpaddr8,x14	 x14:0x02222f51  x0=0x00000000
          18574	       827	80000192	00003717	auipc	x14,0x3	 x14=0x80003192
          18714	       834	80000196	32a70713	addi	x14,x14,810	 x14:0x80003192 x14=0x800034bc
          18854	       841	8000019a	9999a2b7	lui	x5,0x9999a	  x5=0x9999a000
          19194	       858	8000019e	99928293	addi	x5,x5,-1639	  x5:0x9999a000  x5=0x99999999
          19214	       859	800001a2	9716	c.add	x14,x5	 x14:0x800034bc  x5:0x99999999 x14=0x1999ce55
          19534	       875	800001a4	8309	c.srli	x14,0x2	 x14:0x1999ce55 x14=0x06667395
          19554	       876	800001a6	3b971073	csrrw	x0,pmpaddr9,x14	 x14:0x06667395  x0=0x00000000
          19634	       880	800001aa	00003717	auipc	x14,0x3	 x14=0x800031aa
          19654	       881	800001ae	31270713	addi	x14,x14,786	 x14:0x800031aa x14=0x800034bc
          20054	       901	800001b2	aaaab2b7	lui	x5,0xaaaab	  x5=0xaaaab000
          20154	       906	800001b6	aaa28293	addi	x5,x5,-1366	  x5:0xaaaab000  x5=0xaaaaaaaa
          20174	       907	800001ba	9716	c.add	x14,x5	 x14:0x800034bc  x5:0xaaaaaaaa x14=0x2aaadf66
          20314	       914	800001bc	8309	c.srli	x14,0x2	 x14:0x2aaadf66 x14=0x0aaab7d9
          20734	       935	800001be	3ba71073	csrrw	x0,pmpaddr10,x14	 x14:0x0aaab7d9  x0=0x00000000
          21154	       956	800001c2	00003717	auipc	x14,0x3	 x14=0x800031c2
          21174	       957	800001c6	2fa70713	addi	x14,x14,762	 x14:0x800031c2 x14=0x800034bc
          21434	       970	800001ca	bbbbc2b7	lui	x5,0xbbbbc	  x5=0xbbbbc000
          21454	       971	800001ce	bbb28293	addi	x5,x5,-1093	  x5:0xbbbbc000  x5=0xbbbbbbbb
          21474	       972	800001d2	9716	c.add	x14,x5	 x14:0x800034bc  x5:0xbbbbbbbb x14=0x3bbbf077
          21494	       973	800001d4	8309	c.srli	x14,0x2	 x14:0x3bbbf077 x14=0x0eeefc1d
          21514	       974	800001d6	3bb71073	csrrw	x0,pmpaddr11,x14	 x14:0x0eeefc1d  x0=0x00000000
          21914	       994	800001da	0f0f1737	lui	x14,0xf0f1	 x14=0x0f0f1000
          22334	      1015	800001de	f0f70713	addi	x14,x14,-241	 x14:0x0f0f1000 x14=0x0f0f0f0f
          22354	      1016	800001e2	3a271073	csrrw	x0,pmpcfg2,x14	 x14:0x0f0f0f0f  x0=0x00000000
          22414	      1019	800001e6	00003717	auipc	x14,0x3	 x14=0x800031e6
          22434	      1020	800001ea	2d670713	addi	x14,x14,726	 x14:0x800031e6 x14=0x800034bc
          22814	      1039	800001ee	ccccd2b7	lui	x5,0xccccd	  x5=0xccccd000
          22854	      1041	800001f2	ccc28293	addi	x5,x5,-820	  x5:0xccccd000  x5=0xcccccccc
          22874	      1042	800001f6	9716	c.add	x14,x5	 x14:0x800034bc  x5:0xcccccccc x14=0x4ccd0188
          23274	      1062	800001f8	8309	c.srli	x14,0x2	 x14:0x4ccd0188 x14=0x13334062
          23694	      1083	800001fa	3bc71073	csrrw	x0,pmpaddr12,x14	 x14:0x13334062  x0=0x00000000
          23754	      1086	800001fe	00003717	auipc	x14,0x3	 x14=0x800031fe
          23774	      1087	80000202	2be70713	addi	x14,x14,702	 x14:0x800031fe x14=0x800034bc
          23794	      1088	80000206	dddde2b7	lui	x5,0xdddde	  x5=0xdddde000
          23814	      1089	8000020a	ddd28293	addi	x5,x5,-547	  x5:0xdddde000  x5=0xdddddddd
          23834	      1090	8000020e	9716	c.add	x14,x5	 x14:0x800034bc  x5:0xdddddddd x14=0x5dde1299
          23854	      1091	80000210	8309	c.srli	x14,0x2	 x14:0x5dde1299 x14=0x177784a6
          23874	      1092	80000212	3bd71073	csrrw	x0,pmpaddr13,x14	 x14:0x177784a6  x0=0x00000000
          23934	      1095	80000216	00003717	auipc	x14,0x3	 x14=0x80003216
          23954	      1096	8000021a	2a670713	addi	x14,x14,678	 x14:0x80003216 x14=0x800034bc
          23994	      1098	8000021e	eeeef2b7	lui	x5,0xeeeef	  x5=0xeeeef000
          24214	      1109	80000222	eee28293	addi	x5,x5,-274	  x5:0xeeeef000  x5=0xeeeeeeee
          24234	      1110	80000226	9716	c.add	x14,x5	 x14:0x800034bc  x5:0xeeeeeeee x14=0x6eef23aa
          24254	      1111	80000228	8309	c.srli	x14,0x2	 x14:0x6eef23aa x14=0x1bbbc8ea
          24274	      1112	8000022a	3be71073	csrrw	x0,pmpaddr14,x14	 x14:0x1bbbc8ea  x0=0x00000000
          24434	      1120	8000022e	00003717	auipc	x14,0x3	 x14=0x8000322e
          24454	      1121	80000232	28e70713	addi	x14,x14,654	 x14:0x8000322e x14=0x800034bc
          24614	      1129	80000236	fff00293	addi	x5,x0,-1	  x0:0x00000000  x5=0xffffffff
          24634	      1130	8000023a	9716	c.add	x14,x5	 x14:0x800034bc  x5:0xffffffff x14=0x800034bb
          24654	      1131	8000023c	8309	c.srli	x14,0x2	 x14:0x800034bb x14=0x20000d2e
          24954	      1146	8000023e	3bf71073	csrrw	x0,pmpaddr15,x14	 x14:0x20000d2e  x0=0x00000000
          25054	      1151	80000242	0f0f1737	lui	x14,0xf0f1	 x14=0x0f0f1000
          25074	      1152	80000246	f0f70713	addi	x14,x14,-241	 x14:0x0f0f1000 x14=0x0f0f0f0f
          25094	      1153	8000024a	3a371073	csrrw	x0,pmpcfg3,x14	 x14:0x0f0f0f0f  x0=0x00000000
          25154	      1156	8000024e	00000297	auipc	x5,0x0	  x5=0x8000024e
          25234	      1160	80000252	05828293	addi	x5,x5,88	  x5:0x8000024e  x5=0x800002a6
          25254	      1161	80000256	34129073	csrrw	x0,mepc,x5	  x5:0x800002a6  x0=0x00000000
          25414	      1169	8000025a	7c00d073	csrrwi	x0,0x7c0,1	  x0=0x00000000
          25474	      1172	8000025e	6289	c.lui	x5,0x2	  x5=0x00002000
          25494	      1173	80000260	80028293	addi	x5,x5,-2048	  x5:0x00002000  x5=0x00001800
          25514	      1174	80000264	30029073	csrrw	x0,mstatus,x5	  x5:0x00001800  x0=0x00000000
          25574	      1177	80000268	4281	c.li	x5,0	  x5=0x00000000
          25594	      1178	8000026a	30429073	csrrw	x0,mie,x5	  x5:0x00000000  x0=0x00000000
          25714	      1184	8000026e	900008b7	lui	x17,0x90000	 x17=0x90000000
          25734	      1185	80000272	18f1	c.addi	x17,-4	 x17:0x90000000 x17=0x8ffffffc
          25994	      1198	80000274	30000293	addi	x5,x0,768	  x0:0x00000000  x5=0x00000300
          26174	      1207	80000278	02a2	c.slli	x5,0x8	  x5:0x00000300  x5=0x00030000
          26194	      1208	8000027a	028d	c.addi	x5,3	  x5:0x00030000  x5=0x00030003
          26734	      1235	8000027c	0058a023	sw	x5,0(x17)	 x17:0x8ffffffc  x5:0x00030003 PA:0x8ffffffc store:0x00030003
          26754	      1236	80000280	300022f3	csrrs	x5,mstatus,x0	  x0:0x00000000  x5=0x00001800
          27114	      1254	80000284	0058a023	sw	x5,0(x17)	 x17:0x8ffffffc  x5:0x00001800 PA:0x8ffffffc store:0x00001800
          27134	      1255	80000288	900008b7	lui	x17,0x90000	 x17=0x90000000
          27154	      1256	8000028c	18f1	c.addi	x17,-4	 x17:0x90000000 x17=0x8ffffffc
          27174	      1257	8000028e	30400293	addi	x5,x0,772	  x0:0x00000000  x5=0x00000304
          27194	      1258	80000292	02a2	c.slli	x5,0x8	  x5:0x00000304  x5=0x00030400
          27214	      1259	80000294	028d	c.addi	x5,3	  x5:0x00030400  x5=0x00030403
          27394	      1268	80000296	0058a023	sw	x5,0(x17)	 x17:0x8ffffffc  x5:0x00030403 PA:0x8ffffffc store:0x00030403
          27414	      1269	8000029a	304022f3	csrrs	x5,mie,x0	  x0:0x00000000  x5=0x00000000
          27474	      1272	8000029e	0058a023	sw	x5,0(x17)	 x17:0x8ffffffc  x5:0x00000000 PA:0x8ffffffc store:0x00000000
          27654	      1281	800002a2	30200073	mret	
          28074	      1302	800002a6	26c2a037	lui	x0,0x26c2a	  x0=0x00000000
          28094	      1303	800002aa	eae00013	addi	x0,x0,-338	  x0:0x00000000  x0=0x00000000
          28114	      1304	800002ae	4081	c.li	x1,0	  x1=0x00000000
          28514	      1324	800002b0	29088137	lui	x2,0x29088	  x2=0x29088000
          28534	      1325	800002b4	34910113	addi	x2,x2,841	  x2:0x29088000  x2=0x29088349
          28554	      1326	800002b8	800001b7	lui	x3,0x80000	  x3=0x80000000
          28574	      1327	800002bc	4201	c.li	x4,0	  x4=0x00000000
          28994	      1348	800002be	9ad642b7	lui	x5,0x9ad64	  x5=0x9ad64000
          29014	      1349	800002c2	7e428293	addi	x5,x5,2020	  x5:0x9ad64000  x5=0x9ad647e4
          29034	      1350	800002c6	4301	c.li	x6,0	  x6=0x00000000
          29174	      1357	800002c8	4381	c.li	x7,0	  x7=0x00000000
          29234	      1360	800002ca	80000437	lui	x8,0x80000	  x8=0x80000000
          29394	      1368	800002ce	e52d94b7	lui	x9,0xe52d9	  x9=0xe52d9000
          29594	      1378	800002d2	06048493	addi	x9,x9,96	  x9:0xe52d9000  x9=0xe52d9060
          29614	      1379	800002d6	80000537	lui	x10,0x80000	 x10=0x80000000
          29634	      1380	800002da	45a5	c.li	x11,9	 x11=0x00000009
          29654	      1381	800002dc	4619	c.li	x12,6	 x12=0x00000006
          29674	      1382	800002de	46b5	c.li	x13,13	 x13=0x0000000d
          29814	      1389	800002e0	f0e5f737	lui	x14,0xf0e5f	 x14=0xf0e5f000
          29834	      1390	800002e4	c9b70713	addi	x14,x14,-869	 x14:0xf0e5f000 x14=0xf0e5ec9b
          29854	      1391	800002e8	4781	c.li	x15,0	 x15=0x00000000
          29874	      1392	800002ea	f4adf837	lui	x16,0xf4adf	 x16=0xf4adf000
          30294	      1413	800002ee	80580813	addi	x16,x16,-2043	 x16:0xf4adf000 x16=0xf4ade805
          30314	      1414	800002f2	800008b7	lui	x17,0x80000	 x17=0x80000000
          30734	      1435	800002f6	80000937	lui	x18,0x80000	 x18=0x80000000
          30754	      1436	800002fa	78d259b7	lui	x19,0x78d25	 x19=0x78d25000
          30854	      1441	800002fe	c7198993	addi	x19,x19,-911	 x19:0x78d25000 x19=0x78d24c71
          30874	      1442	80000302	4a01	c.li	x20,0	 x20=0x00000000
          31274	      1462	80000304	4ab5	c.li	x21,13	 x21=0x0000000d
          31294	      1463	80000306	de585b37	lui	x22,0xde585	 x22=0xde585000
          31374	      1467	8000030a	f52b0b13	addi	x22,x22,-174	 x22:0xde585000 x22=0xde584f52
          31394	      1468	8000030e	80000bb7	lui	x23,0x80000	 x23=0x80000000
          31414	      1469	80000312	80000c37	lui	x24,0x80000	 x24=0x80000000
          31614	      1479	80000316	80000cb7	lui	x25,0x80000	 x25=0x80000000
          31634	      1480	8000031a	4d31	c.li	x26,12	 x26=0x0000000c
          32034	      1500	8000031c	950bee37	lui	x28,0x950be	 x28=0x950be000
          32234	      1510	80000320	616e0e13	addi	x28,x28,1558	 x28:0x950be000 x28=0x950be616
          32254	      1511	80000324	4ea1	c.li	x29,8	 x29=0x00000008
          32274	      1512	80000326	4f01	c.li	x30,0	 x30=0x00000000
          32294	      1513	80000328	00022f97	auipc	x31,0x22	 x31=0x80022328
          32414	      1519	8000032c	b3cf8f93	addi	x31,x31,-1220	 x31:0x80022328 x31=0x80021e64
          32534	      1525	80000330	900008b7	lui	x17,0x90000	 x17=0x90000000
          32654	      1531	80000334	18f1	c.addi	x17,-4	 x17:0x90000000 x17=0x8ffffffc
          32674	      1532	80000336	4281	c.li	x5,0	  x5=0x00000000
          32814	      1539	80000338	02a2	c.slli	x5,0x8	  x5:0x00000000  x5=0x00000000
          32834	      1540	8000033a	00028293	addi	x5,x5,0	  x5:0x00000000  x5=0x00000000
          32934	      1545	8000033e	0058a023	sw	x5,0(x17)	 x17:0x8ffffffc  x5:0x00000000 PA:0x8ffffffc store:0x00000000
          33014	      1549	80000342	17a0306f	jal	x0,800034bc	  x0=0x00000000
          33574	      1577	800034bc	026630b3	mulhu	x1,x12,x6	 x12:0x00000006  x6:0x00000000  x1=0x00000000
          33954	      1596	800034c0	006b9433	sll	x8,x23,x6	 x23:0x80000000  x6:0x00000000  x8=0x80000000
          34054	      1601	800034c4	01edcf33	xor	x30,x27,x30	 x27:0x80025ce4 x30:0x00000000 x30=0x80025ce4
          34074	      1602	800034c8	92b2e793	ori	x15,x5,-1749	  x5:0x00000000 x15=0xfffff92b
          34094	      1603	800034cc	6161	c.addi16sp	x2,80	  x2:0x29088349  x2=0x29088399
          34114	      1604	800034ce	340b1a73	csrrw	x20,mscratch,x22	 x22:0xde584f52 x20=0x00000000
          34294	      1613	800034d2	004b7333	and	x6,x22,x4	 x22:0xde584f52  x4:0x00000000  x6=0x00000000
          34714	      1634	800034d6	00000a97	auipc	x21,0x0	 x21=0x800034d6
          34774	      1637	800034da	350a8a93	addi	x21,x21,848	 x21:0x800034d6 x21=0x80003826
          34794	      1638	800034de	00a6	c.slli	x1,0x9	  x1:0x00000000  x1=0x00000000
          34814	      1639	800034e0	00a3d9b3	srl	x19,x7,x10	  x7:0x00000000 x10:0x80000000 x19=0x00000000
          34974	      1647	800034e4	6139	c.addi16sp	x2,448	  x2:0x29088399  x2=0x29088559
          34994	      1648	800034e6	0001	c.addi	x0,0	  x0:0x00000000  x0=0x00000000
          35174	      1657	800034e8	220a8a93	addi	x21,x21,544	 x21:0x80003826 x21=0x80003a46
          35274	      1662	800034ec	00221363	bne	x4,x2,800034f2	  x4:0x00000000  x2:0x29088559
          36214	      1709	800034f2	de0a80e7	jalr	x1,-544(x21)	 x21:0x80003a46  x1=0x800034f6
          36314	      1714	80003826	826d	c.srli	x12,0x1b	 x12:0x00000006 x12=0x00000000
          36354	      1716	80003828	e789	c.bnez	x15,80003832	 x15:0xfffff92b
          36554	      1726	80003832	1fa1	c.addi	x31,-24	 x31:0x80021e64 x31=0x80021e4c
          37374	      1767	80003834	03d15f33	divu	x30,x2,x29	  x2:0x29088559 x29:0x00000008 x30=0x052110ab
          37394	      1768	80003838	40a10d33	sub	x26,x2,x10	  x2:0x29088559 x10:0x80000000 x26=0xa9088559
          37454	      1771	8000383c	001fa223	sw	x1,4(x31)	 x31:0x80021e4c  x1:0x800034f6 PA:0x80021e50 store:0x800034f6
          38194	      1808	80003840	0366df33	divu	x30,x13,x22	 x13:0x0000000d x22:0xde584f52 x30=0x00000000
          38214	      1809	80003844	34002b73	csrrs	x22,mscratch,x0	  x0:0x00000000 x22=0xde584f52
          38234	      1810	80003848	340091f3	csrrw	x3,mscratch,x1	  x1:0x800034f6  x3=0xde584f52
          38254	      1811	8000384c	0001	c.addi	x0,0	  x0:0x00000000  x0=0x00000000
          38274	      1812	8000384e	aa298a93	addi	x21,x19,-1374	 x19:0x00000000 x21=0xfffffaa2
          39014	      1849	80003852	037fe2b3	rem	x5,x31,x23	 x31:0x80021e4c x23:0x80000000  x5=0x80021e4c
          39034	      1850	80003856	40f95a93	srai	x21,x18,0xf	 x18:0x80000000 x21=0xffff0000
          39054	      1851	8000385a	000e5363	bge	x28,x0,80003860	 x28:0x950be616  x0:0x00000000
          39074	      1852	8000385e	8c35	c.xor	x8,x13	  x8:0x80000000 x13:0x0000000d  x8=0x8000000d
          39094	      1853	80003860	0b4080ef	jal	x1,8000b914	  x1=0x80003864
          39754	      1886	8000b914	8c41	c.or	x8,x8	  x8:0x8000000d  x8:0x8000000d  x8=0x8000000d
          40194	      1908	8000b916	fdcf8f93	addi	x31,x31,-36	 x31:0x80021e4c x31=0x80021e28
          40294	      1913	8000b91a	34002273	csrrs	x4,mscratch,x0	  x0:0x00000000  x4=0x800034f6
          40354	      1916	8000b91e	001fa223	sw	x1,4(x31)	 x31:0x80021e28  x1:0x80003864 PA:0x80021e2c store:0x80003864
          40494	      1923	8000b922	00221b13	slli	x22,x4,0x2	  x4:0x800034f6 x22=0x0000d3d8
          40914	      1944	8000b926	403a59b3	sra	x19,x20,x3	 x20:0x00000000  x3:0xde584f52 x19=0x00000000
          41134	      1955	8000b92a	0248bd33	mulhu	x26,x17,x4	 x17:0x8ffffffc  x4:0x800034f6 x26=0x48001dc8
          41714	      1984	8000b92e	ffff8617	auipc	x12,0xffff8	 x12=0x8000392e
          41734	      1985	8000b932	03e60613	addi	x12,x12,62	 x12:0x8000392e x12=0x8000396c
          41854	      1991	8000b936	01dccc33	xor	x24,x25,x29	 x25:0x80000000 x29:0x00000008 x24=0x80000008
          42014	      1999	8000b93a	00060613	addi	x12,x12,0	 x12:0x8000396c x12=0x8000396c
          42034	      2000	8000b93e	0000100f	fence.i	
          42974	      2047	8000b942	fbb24513	xori	x10,x4,-69	  x4:0x800034f6 x10=0x7fffcb4d
          43114	      2054	8000b946	019b1563	bne	x22,x25,8000b950	 x22:0x0000d3d8 x25:0x80000000
          43794	      2088	8000b950	9602	c.jalr	x12	 x12:0x8000396c  x1=0x8000b952
          44574	      2127	8000396c	0000100f	fence.i	
          45354	      2166	80003970	1f91	c.addi	x31,-28	 x31:0x80021e28 x31=0x80021e0c
          45814	      2189	80003972	001fa223	sw	x1,4(x31)	 x31:0x80021e0c  x1:0x8000b952 PA:0x80021e10 store:0x8000b952
          45834	      2190	80003976	057a	c.slli	x10,0x1e	 x10:0x7fffcb4d x10=0x40000000
          45854	      2191	80003978	340027f3	csrrs	x15,mscratch,x0	  x0:0x00000000 x15=0x800034f6
          45894	      2193	8000397c	02b731b3	mulhu	x3,x14,x11	 x14:0xf0e5ec9b x11:0x00000009  x3=0x00000008
          45914	      2194	80003980	9e1a	c.add	x28,x6	 x28:0x950be616  x6:0x00000000 x28=0x950be616
          45994	      2198	80003982	02bc9bb3	mulh	x23,x25,x11	 x25:0x80000000 x11:0x00000009 x23=0xfffffffb
          46394	      2218	80003986	036c8eb3	mul	x29,x25,x22	 x25:0x80000000 x22:0x0000d3d8 x29=0x00000000
          46674	      2232	8000398a	3409ed73	csrrsi	x26,mscratch,19	 x26=0x800034f6
          46694	      2233	8000398e	00505463	bge	x0,x5,80003996	  x0:0x00000000  x5:0x80021e4c
          47974	      2297	80003996	819d	c.srli	x11,0x7	 x11:0x00000009 x11=0x00000000
          47994	      2298	80003998	6e69	c.lui	x28,0x1a	 x28=0x0001a000
          48014	      2299	8000399a	00bf1213	slli	x4,x30,0xb	 x30:0x00000000  x4=0x00000000
          48034	      2300	8000399e	9a7d	c.andi	x12,-1	 x12:0x8000396c x12=0x8000396c
          48174	      2307	800039a0	0c96	c.slli	x25,0x5	 x25:0x80000000 x25=0x00000000
          48914	      2344	800039a2	02a660b3	rem	x1,x12,x10	 x12:0x8000396c x10:0x40000000  x1=0xc000396c
          48934	      2345	800039a6	8ce9	c.and	x9,x10	  x9:0xe52d9060 x10:0x40000000  x9=0x40000000
          48954	      2346	800039a8	80a1	c.srli	x9,0x8	  x9:0x40000000  x9=0x00400000
          48974	      2347	800039aa	0001	c.addi	x0,0	  x0:0x00000000  x0=0x00000000
          48994	      2348	800039ac	8e45	c.or	x12,x9	 x12:0x8000396c  x9:0x00400000 x12=0x8040396c
          49014	      2349	800039ae	0001	c.addi	x0,0	  x0:0x00000000  x0=0x00000000
          49034	      2350	800039b0	0001	c.addi	x0,0	  x0:0x00000000  x0=0x00000000
          49054	      2351	800039b2	9c4a2e93	slti	x29,x20,-1596	 x20:0x00000000 x29=0x00000000
          49074	      2352	800039b6	8239	c.srli	x12,0xe	 x12:0x8040396c x12=0x00020100
          49154	      2356	800039b8	419503b3	sub	x7,x10,x25	 x10:0x40000000 x25:0x00000000  x7=0x40000000
          49214	      2359	800039bc	0170deb3	srl	x29,x1,x23	  x1:0xc000396c x23:0xfffffffb x29=0x00000018
          49234	      2360	800039c0	976f5417	auipc	x8,0x976f5	  x8=0x176f89c0
          49354	      2366	800039c4	0261	c.addi	x4,24	  x4:0x00000000  x4=0x00000018
          49374	      2367	800039c6	199c	c.addi4spn	x15,x2,240	 x15=0x29088649
          49394	      2368	800039c8	062a	c.slli	x12,0xa	 x12:0x00020100 x12=0x08040000
          49414	      2369	800039ca	6e3d	c.lui	x28,0xf	 x28=0x0000f000
          50174	      2407	800039cc	02214033	div	x0,x2,x2	  x2:0x29088559  x2:0x29088559  x0=0x00000000
          50194	      2408	800039d0	00b42833	slt	x16,x8,x11	  x8:0x176f89c0 x11:0x00000000 x16=0x00000000
          50214	      2409	800039d4	0001	c.addi	x0,0	  x0:0x00000000  x0=0x00000000
          50234	      2410	800039d6	3403d7f3	csrrwi	x15,mscratch,7	 x15=0x800034f7
          50254	      2411	800039da	023b9363	bne	x23,x3,80003a00	 x23:0xfffffffb  x3:0x00000008
          50674	      2432	80003a00	02a9bcb3	mulhu	x25,x19,x10	 x19:0x00000000 x10:0x40000000 x25=0x00000000
          50814	      2439	80003a04	0ff0000f	fence	iorw,iorw	
          50834	      2440	80003a08	01a34963	blt	x6,x26,80003a1a	  x6:0x00000000 x26:0x800034f6
          50854	      2441	80003a0c	34011ef3	csrrw	x29,mscratch,x2	  x2:0x29088559 x29=0x00000007
          50894	      2443	80003a10	03799b33	mulh	x22,x19,x23	 x19:0x00000000 x23:0xfffffffb x22=0x00000000
          51274	      2462	80003a14	8551	c.srai	x10,0x14	 x10:0x40000000 x10=0x00000400
          51294	      2463	80003a16	0001	c.addi	x0,0	  x0:0x00000000  x0=0x00000000
          51574	      2477	80003a18	6179	c.addi16sp	x2,464	  x2:0x29088559  x2=0x29088729
          51594	      2478	80003a1a	c58d	c.beqz	x11,80003a44	 x11:0x00000000
          51854	      2491	80003a44	8e95	c.sub	x13,x13	 x13:0x0000000d x13:0x0000000d x13=0x00000000
          52294	      2513	80003a46	0199ecb3	or	x25,x19,x25	 x19:0x00000000 x25:0x00000000 x25=0x00000000
          52314	      2514	80003a4a	0b45	c.addi	x22,17	 x22:0x00000000 x22=0x00000011
          52334	      2515	80003a4c	0001	c.addi	x0,0	  x0:0x00000000  x0=0x00000000
          52394	      2518	80003a4e	35923117	auipc	x2,0x35923	  x2=0xb5926a4e
          52414	      2519	80003a52	004d5333	srl	x6,x26,x4	 x26:0x800034f6  x4:0x00000018  x6=0x00000080
          52434	      2520	80003a56	34002373	csrrs	x6,mscratch,x0	  x0:0x00000000  x6=0x29088559
          52534	      2525	80003a5a	34007873	csrrci	x16,mscratch,0	 x16=0x29088559
          52954	      2546	80003a5e	bc0e6a13	ori	x20,x28,-1088	 x28:0x0000f000 x20=0xfffffbc0
          53314	      2564	80003a62	02bf1e63	bne	x30,x11,80003a9e	 x30:0x00000000 x11:0x00000000
          53334	      2565	80003a66	127d	c.addi	x4,-1	  x4:0x00000018  x4=0x00000017
          54074	      2602	80003a68	02f3f933	remu	x18,x7,x15	  x7:0x40000000 x15:0x800034f7 x18=0x40000000
          54814	      2639	80003a6c	0347dc33	divu	x24,x15,x20	 x15:0x800034f7 x20:0xfffffbc0 x24=0x00000000
          54834	      2640	80003a70	01201663	bne	x0,x18,80003a7c	  x0:0x00000000 x18:0x40000000
          54874	      2642	80003a7c	00d5f663	bgeu	x11,x13,80003a88	 x11:0x00000000 x13:0x00000000
          55414	      2669	80003a88	01160233	add	x4,x12,x17	 x12:0x08040000 x17:0x8ffffffc  x4=0x9803fffc
          55754	      2686	80003a8c	013f94b3	sll	x9,x31,x19	 x31:0x80021e0c x19:0x00000000  x9=0x80021e0c
          55774	      2687	80003a90	8015	c.srli	x8,0x5	  x8:0x176f89c0  x8=0x00bb7c4e
          55954	      2696	80003a92	020c48b3	div	x17,x24,x0	 x24:0x00000000  x0:0x00000000 x17=0x00000000
          55974	      2697	80003a96	c20d	c.beqz	x12,80003ab8	 x12:0x08040000
