xrun(64): 23.09-s003: (c) Copyright 1995-2023 Cadence Design Systems, Inc.
TOOL:	xrun(64)	23.09-s003: Started on May 08, 2026 at 05:07:25 EDT
xrun
	-64bit
	-R
	-xmlibdirpath /home/meow/iccad/dataset/raw_runs_first_batch/bug_015/riscv_machine_mode_rand_test/seed_000835/build/tb
	-licqueue
	-svseed 835
	-svrnc rand_struct
	-nokey
	-l /home/meow/iccad/dataset/raw_runs_first_batch/bug_015/riscv_machine_mode_rand_test/seed_000835/run/tests/riscv_machine_mode_rand_test.835/rtl_sim.log
	+UVM_TESTNAME=core_ibex_base_test
	+UVM_VERBOSITY=UVM_LOW
	+bin=/home/meow/iccad/dataset/raw_runs_first_batch/bug_015/riscv_machine_mode_rand_test/seed_000835/run/tests/riscv_machine_mode_rand_test.835/test.bin
	+ibex_tracer_file_base=/home/meow/iccad/dataset/raw_runs_first_batch/bug_015/riscv_machine_mode_rand_test/seed_000835/run/tests/riscv_machine_mode_rand_test.835/trace_core
	+cosim_log_file=/home/meow/iccad/dataset/raw_runs_first_batch/bug_015/riscv_machine_mode_rand_test/seed_000835/run/tests/riscv_machine_mode_rand_test.835/spike_cosim_trace_core_00000000.log
	+signature_addr=8ffffffc
	+test_timeout_s=1800

   User defined plus("+") options:
	+UVM_VERBOSITY=UVM_LOW
	+bin=/home/meow/iccad/dataset/raw_runs_first_batch/bug_015/riscv_machine_mode_rand_test/seed_000835/run/tests/riscv_machine_mode_rand_test.835/test.bin
	+ibex_tracer_file_base=/home/meow/iccad/dataset/raw_runs_first_batch/bug_015/riscv_machine_mode_rand_test/seed_000835/run/tests/riscv_machine_mode_rand_test.835/trace_core
	+cosim_log_file=/home/meow/iccad/dataset/raw_runs_first_batch/bug_015/riscv_machine_mode_rand_test/seed_000835/run/tests/riscv_machine_mode_rand_test.835/spike_cosim_trace_core_00000000.log
	+signature_addr=8ffffffc
	+test_timeout_s=1800

Loading snapshot worklib.prim_secded_22_16_dec:sv .................... Done
SVSEED set from command line: 835
xcelium> source /opt/cadence/XCELIUM2309/tools/xcelium/files/xmsimrc
xcelium> source /opt/cadence/XCELIUM2309/tools/methodology/UVM/CDNS-1.2/additions/sv/files/tcl/uvm_sim.tcl
xcelium> run
UVM_INFO /opt/cadence/XCELIUM2309/tools/methodology/UVM/CDNS-1.2/sv/src/base/uvm_root.svh(412) @ 0: reporter [UVM/RELNOTES] 
----------------------------------------------------------------
CDNS-UVM-1.2 (23.09-s003)
(C) 2007-2014 Mentor Graphics Corporation
(C) 2007-2014 Cadence Design Systems, Inc.
(C) 2006-2014 Synopsys, Inc.
(C) 2011-2013 Cypress Semiconductor Corp.
(C) 2013-2014 NVIDIA Corporation
----------------------------------------------------------------

  ***********       IMPORTANT RELEASE NOTES         ************

  You are using a version of the UVM library that has been compiled
  with `UVM_NO_DEPRECATED undefined.
  See http://www.eda.org/svdb/view.php?id=3313 for more details.

  You are using a version of the UVM library that has been compiled
  with `UVM_OBJECT_DO_NOT_NEED_CONSTRUCTOR undefined.
  See http://www.eda.org/svdb/view.php?id=3770 for more details.

      (Specify +UVM_NO_RELNOTES to turn off this notice)

UVM_INFO @ 0: reporter [RNTST] Running test core_ibex_base_test...
SDI/Verilog Transaction Recording Facility Version 23.09-s003
UVM_INFO /home/meow/iccad/repos/ibex_work_015/dv/uvm/core_ibex/tests/core_ibex_base_test.sv(265) @ 2013: uvm_test_top [uvm_test_top] Loading single test binary into memory now.
UVM_INFO /home/meow/iccad/repos/ibex_work_015/dv/uvm/core_ibex/tests/core_ibex_base_test.sv(370) @ 2013: uvm_test_top [uvm_test_top] Test wall-clock timeout is set to : 1800s
UVM_INFO /home/meow/iccad/repos/ibex_work_015/dv/uvm/core_ibex/tests/core_ibex_vseq.sv(50) @ 2013: uvm_test_top.env.vseqr@@vseq [uvm_test_top.env.vseqr.vseq] Enabling spurious responses for this test
UVM_INFO /home/meow/iccad/repos/ibex_work_015/dv/uvm/core_ibex/tb/core_ibex_tb_top.sv(197) @ 2013: reporter [core_ibex_tb_top.unmblk2] Disabling assertions: core_ibex_tb_top.dut.u_ibex_top.u_ibex_core.NoMemResponseWithoutPendingAccess
UVM_INFO /home/meow/iccad/repos/ibex_work_015/dv/uvm/core_ibex/tb/core_ibex_tb_top.sv(199) @ 2013: reporter [core_ibex_tb_top.unmblk3] Disabling assertions: core_ibex_tb_top.dut.u_ibex_top.MaxOutstandingDSideAccessesCorrect
UVM_INFO /home/meow/iccad/repos/ibex_work_015/dv/uvm/core_ibex/tb/core_ibex_tb_top.sv(201) @ 2013: reporter [core_ibex_tb_top.unmblk4] Disabling assertions: core_ibex_tb_top.dut.u_ibex_top.PendingAccessTrackingCorrect
UVM_INFO /home/meow/iccad/repos/ibex_work_015/dv/uvm/core_ibex/tb/core_ibex_tb_top.sv(206) @ 2013: reporter [core_ibex_tb_top.g_lockstep_assert_ctrl.unmblk1] Disabling assertions: core_ibex_tb_top.dut.u_ibex_top.gen_lockstep.u_ibex_lockstep.u_shadow_core.NoMemResponseWithoutPendingAccess
UVM_INFO /home/meow/iccad/repos/ibex_work_015/dv/uvm/core_ibex/common/ibex_mem_intf_agent/ibex_mem_intf_response_seq_lib.sv(44) @ 2013: uvm_test_top.env.instr_if_response_agent.sequencer@@instr_intf_seq [uvm_test_top.env.instr_if_response_agent.sequencer.instr_intf_seq] is_dmem_seq: 0x0
UVM_INFO /home/meow/iccad/repos/ibex_work_015/dv/uvm/core_ibex/common/ibex_mem_intf_agent/ibex_mem_intf_response_seq_lib.sv(44) @ 2013: uvm_test_top.env.data_if_response_agent.sequencer@@data_intf_seq [uvm_test_top.env.data_if_response_agent.sequencer.data_intf_seq] is_dmem_seq: 0x1
UVM_INFO /home/meow/iccad/repos/ibex_work_015/dv/uvm/core_ibex/tests/core_ibex_new_seq_lib.sv(65) @ 2013: reporter@@fetch_enable_seq_h [fetch_enable_seq_h] Running the "InfiniteRuns" schedule for stimulus generation
core_ibex_tb_top.dut.u_ibex_tracer.unmblk2.unmblk1: Writing execution trace to /home/meow/iccad/dataset/raw_runs_first_batch/bug_015/riscv_machine_mode_rand_test/seed_000835/run/tests/riscv_machine_mode_rand_test.835/trace_core_00000000.log
UVM_FATAL /home/meow/iccad/repos/ibex_work_015/dv/uvm/core_ibex/common/ibex_cosim_agent/ibex_cosim_scoreboard.sv(172) @ 75053: uvm_test_top.env.cosim_agent.scoreboard [uvm_test_top.env.cosim_agent.scoreboard] Cosim mismatch Register write data mismatch to x23 DUT: 0 expected: 18889


--- RISC-V UVM TEST FAILED ---

UVM_INFO /opt/cadence/XCELIUM2309/tools/methodology/UVM/CDNS-1.2/sv/src/base/uvm_report_catcher.svh(705) @ 75053: reporter [UVM/REPORT/CATCHER] 
--- UVM Report catcher Summary ---


Number of demoted UVM_FATAL reports  :    0
Number of demoted UVM_ERROR reports  :    0
Number of demoted UVM_WARNING reports:    0
Number of caught UVM_FATAL reports   :    0
Number of caught UVM_ERROR reports   :    0
Number of caught UVM_WARNING reports :    0

UVM_INFO /opt/cadence/XCELIUM2309/tools/methodology/UVM/CDNS-1.2/sv/src/base/uvm_report_server.svh(847) @ 75053: reporter [UVM/REPORT/SERVER] 
--- UVM Report Summary ---

Quit count :     0 of     1
** Report counts by severity
UVM_INFO :   13
UVM_WARNING :    0
UVM_ERROR :    0
UVM_FATAL :    1
** Report counts by id
[RNTST]     1
[UVM/RELNOTES]     1
[UVM/REPORT/CATCHER]     1
[core_ibex_tb_top.g_lockstep_assert_ctrl.unmblk1]     1
[core_ibex_tb_top.unmblk2]     1
[core_ibex_tb_top.unmblk3]     1
[core_ibex_tb_top.unmblk4]     1
[fetch_enable_seq_h]     1
[uvm_test_top]     2
[uvm_test_top.env.cosim_agent.scoreboard]     1
[uvm_test_top.env.data_if_response_agent.sequencer.data_intf_seq]     1
[uvm_test_top.env.instr_if_response_agent.sequencer.instr_intf_seq]     1
[uvm_test_top.env.vseqr.vseq]     1

Simulation complete via $finish(1) at time 75053 NS + 1
/opt/cadence/XCELIUM2309/tools/methodology/UVM/CDNS-1.2/sv/src/base/uvm_root.svh:135     $finish;
xcelium> exit
TOOL:	xrun(64)	23.09-s003: Exiting on May 08, 2026 at 05:07:27 EDT  (total: 00:00:02)
