UVM_FATAL /runtime_only_unique_aavh.sv(1) @ 1: runtime_only_unique_failure_aavh normalization resistant timing marker
RUNTIME_ONLY_CASE=580 SOURCE_A=benchmark_set_1:4
riscv_debug_basic_test.0 : [FAILED]
RUNTIME_ONLY_COMBINE SOURCE_B=benchmark_set_2:5
spike[937] : pc[ffffffff80000ca2] c.mv s0, sp: s0:00000338
[FAILED]: 883 matched, 64810 mismatch
000000000 RUNTIME_ONLY neutral retire case=00580 pc=0x800128cc opcode=csrrw x4=0x800128cc
000000001 RUNTIME_ONLY neutral retire case=00580 pc=0x800128d0 opcode=xor x5=0x800128d1
000000002 RUNTIME_ONLY neutral retire case=00580 pc=0x800128d4 opcode=addi x6=0x800128d6
000000003 RUNTIME_ONLY neutral retire case=00580 pc=0x800128d8 opcode=lw x7=0x800128db
000000004 RUNTIME_ONLY neutral retire case=00580 pc=0x800128dc opcode=sw x8=0x800128d8
000000005 RUNTIME_ONLY neutral retire case=00580 pc=0x800128e0 opcode=beq x9=0x800128e5
000000006 RUNTIME_ONLY neutral retire case=00580 pc=0x800128e4 opcode=csrrw x10=0x800128e2
000000007 RUNTIME_ONLY neutral retire case=00580 pc=0x800128e8 opcode=xor x11=0x800128ef
000000008 RUNTIME_ONLY neutral retire case=00580 pc=0x800128ec opcode=addi x12=0x800128e4
000000009 RUNTIME_ONLY neutral retire case=00580 pc=0x800128f0 opcode=lw x13=0x800128f9
000000010 RUNTIME_ONLY neutral retire case=00580 pc=0x800128f4 opcode=sw x14=0x800128fe
000000011 RUNTIME_ONLY neutral retire case=00580 pc=0x800128f8 opcode=beq x15=0x800128f3
000000012 RUNTIME_ONLY neutral retire case=00580 pc=0x800128fc opcode=csrrw x16=0x800128f0
000000013 RUNTIME_ONLY neutral retire case=00580 pc=0x80012900 opcode=xor x17=0x8001290d
000000014 RUNTIME_ONLY neutral retire case=00580 pc=0x80012904 opcode=addi x18=0x8001290a
000000015 RUNTIME_ONLY neutral retire case=00580 pc=0x80012908 opcode=lw x19=0x80012907
