UVM_FATAL /runtime_only_unique_aafo.sv(1) @ 1: runtime_only_unique_failure_aafo normalization resistant timing marker
RUNTIME_ONLY_CASE=847 SOURCE_A=benchmark_set_2:8
riscv_debug_ebreakmu_test.0 : [FAILED]
RUNTIME_ONLY_COMBINE SOURCE_B=benchmark_set_2:18
riscv_interrupt_csr_test.0 : [FAILED]
000000000 RUNTIME_ONLY neutral retire case=00847 pc=0x8001b16c opcode=lw x15=0x8001b16c
000000001 RUNTIME_ONLY neutral retire case=00847 pc=0x8001b170 opcode=sw x16=0x8001b171
000000002 RUNTIME_ONLY neutral retire case=00847 pc=0x8001b174 opcode=beq x17=0x8001b176
000000003 RUNTIME_ONLY neutral retire case=00847 pc=0x8001b178 opcode=csrrw x18=0x8001b17b
000000004 RUNTIME_ONLY neutral retire case=00847 pc=0x8001b17c opcode=xor x19=0x8001b178
000000005 RUNTIME_ONLY neutral retire case=00847 pc=0x8001b180 opcode=addi x20=0x8001b185
000000006 RUNTIME_ONLY neutral retire case=00847 pc=0x8001b184 opcode=lw x21=0x8001b182
000000007 RUNTIME_ONLY neutral retire case=00847 pc=0x8001b188 opcode=sw x22=0x8001b18f
000000008 RUNTIME_ONLY neutral retire case=00847 pc=0x8001b18c opcode=beq x23=0x8001b184
000000009 RUNTIME_ONLY neutral retire case=00847 pc=0x8001b190 opcode=csrrw x24=0x8001b199
000000010 RUNTIME_ONLY neutral retire case=00847 pc=0x8001b194 opcode=xor x25=0x8001b19e
000000011 RUNTIME_ONLY neutral retire case=00847 pc=0x8001b198 opcode=addi x26=0x8001b193
000000012 RUNTIME_ONLY neutral retire case=00847 pc=0x8001b19c opcode=lw x27=0x8001b190
000000013 RUNTIME_ONLY neutral retire case=00847 pc=0x8001b1a0 opcode=sw x28=0x8001b1ad
000000014 RUNTIME_ONLY neutral retire case=00847 pc=0x8001b1a4 opcode=beq x29=0x8001b1aa
000000015 RUNTIME_ONLY neutral retire case=00847 pc=0x8001b1a8 opcode=csrrw x30=0x8001b1a7
