UVM_FATAL /runtime_only_unique_aays.sv(1) @ 1: runtime_only_unique_failure_aays normalization resistant timing marker
RUNTIME_ONLY_CASE=669 SOURCE_A=benchmark_set_2:22
Mismatch[1]:
ibex[231] : pc[80000474] c.or x14,x8: a4:00ef9e4f
RUNTIME_ONLY_COMBINE SOURCE_B=benchmark_set_2:20
riscv_multiple_interrupt_test.0 : [FAILED]
000000000 RUNTIME_ONLY neutral retire case=00669 pc=0x80015654 opcode=beq x29=0x80015654
000000001 RUNTIME_ONLY neutral retire case=00669 pc=0x80015658 opcode=csrrw x30=0x80015659
000000002 RUNTIME_ONLY neutral retire case=00669 pc=0x8001565c opcode=xor x31=0x8001565e
000000003 RUNTIME_ONLY neutral retire case=00669 pc=0x80015660 opcode=addi x0=0x80015663
000000004 RUNTIME_ONLY neutral retire case=00669 pc=0x80015664 opcode=lw x1=0x80015660
000000005 RUNTIME_ONLY neutral retire case=00669 pc=0x80015668 opcode=sw x2=0x8001566d
000000006 RUNTIME_ONLY neutral retire case=00669 pc=0x8001566c opcode=beq x3=0x8001566a
000000007 RUNTIME_ONLY neutral retire case=00669 pc=0x80015670 opcode=csrrw x4=0x80015677
000000008 RUNTIME_ONLY neutral retire case=00669 pc=0x80015674 opcode=xor x5=0x8001567c
000000009 RUNTIME_ONLY neutral retire case=00669 pc=0x80015678 opcode=addi x6=0x80015671
000000010 RUNTIME_ONLY neutral retire case=00669 pc=0x8001567c opcode=lw x7=0x80015676
000000011 RUNTIME_ONLY neutral retire case=00669 pc=0x80015680 opcode=sw x8=0x8001568b
000000012 RUNTIME_ONLY neutral retire case=00669 pc=0x80015684 opcode=beq x9=0x80015688
000000013 RUNTIME_ONLY neutral retire case=00669 pc=0x80015688 opcode=csrrw x10=0x80015685
000000014 RUNTIME_ONLY neutral retire case=00669 pc=0x8001568c opcode=xor x11=0x80015682
000000015 RUNTIME_ONLY neutral retire case=00669 pc=0x80015690 opcode=addi x12=0x8001569f
000000016 RUNTIME_ONLY neutral retire case=00669 pc=0x80015694 opcode=lw x13=0x80015684
