UVM_FATAL /runtime_only_unique_aacm.sv(1) @ 1: runtime_only_unique_failure_aacm normalization resistant timing marker
RUNTIME_ONLY_CASE=767 SOURCE_A=benchmark_set_2:24
Mismatch[1]:
ibex[727] : pc[80000b98] remu x28,x20,x30: t3:00000fff
RUNTIME_ONLY_COMBINE SOURCE_B=benchmark_set_2:2
riscv_csr_test.0 : [FAILED]
000000000 RUNTIME_ONLY neutral retire case=00767 pc=0x8001887c opcode=xor x31=0x8001887c
000000001 RUNTIME_ONLY neutral retire case=00767 pc=0x80018880 opcode=addi x0=0x80018881
000000002 RUNTIME_ONLY neutral retire case=00767 pc=0x80018884 opcode=lw x1=0x80018886
000000003 RUNTIME_ONLY neutral retire case=00767 pc=0x80018888 opcode=sw x2=0x8001888b
000000004 RUNTIME_ONLY neutral retire case=00767 pc=0x8001888c opcode=beq x3=0x80018888
000000005 RUNTIME_ONLY neutral retire case=00767 pc=0x80018890 opcode=csrrw x4=0x80018895
000000006 RUNTIME_ONLY neutral retire case=00767 pc=0x80018894 opcode=xor x5=0x80018892
000000007 RUNTIME_ONLY neutral retire case=00767 pc=0x80018898 opcode=addi x6=0x8001889f
000000008 RUNTIME_ONLY neutral retire case=00767 pc=0x8001889c opcode=lw x7=0x80018894
000000009 RUNTIME_ONLY neutral retire case=00767 pc=0x800188a0 opcode=sw x8=0x800188a9
000000010 RUNTIME_ONLY neutral retire case=00767 pc=0x800188a4 opcode=beq x9=0x800188ae
000000011 RUNTIME_ONLY neutral retire case=00767 pc=0x800188a8 opcode=csrrw x10=0x800188a3
000000012 RUNTIME_ONLY neutral retire case=00767 pc=0x800188ac opcode=xor x11=0x800188a0
000000013 RUNTIME_ONLY neutral retire case=00767 pc=0x800188b0 opcode=addi x12=0x800188bd
000000014 RUNTIME_ONLY neutral retire case=00767 pc=0x800188b4 opcode=lw x13=0x800188ba
000000015 RUNTIME_ONLY neutral retire case=00767 pc=0x800188b8 opcode=sw x14=0x800188b7
