UVM_FATAL /runtime_only_unique_aapx.sv(1) @ 1: runtime_only_unique_failure_aapx normalization resistant timing marker
RUNTIME_ONLY_CASE=440 SOURCE_A=benchmark_set_2:17
Mismatch[1]:
ibex[79] : pc[8000021e] c.slli x20,0x4: s4:4b94f690
RUNTIME_ONLY_COMBINE SOURCE_B=benchmark_set_2:17
spike[79] : pc[ffffffff80000240] c.addi s9, 6: s9:00002006
[FAILED]: 77 matched, 4262 mismatch
000000000 RUNTIME_ONLY neutral retire case=00440 pc=0x8000e128 opcode=sw x24=0x8000e128
000000001 RUNTIME_ONLY neutral retire case=00440 pc=0x8000e12c opcode=beq x25=0x8000e12d
000000002 RUNTIME_ONLY neutral retire case=00440 pc=0x8000e130 opcode=csrrw x26=0x8000e132
000000003 RUNTIME_ONLY neutral retire case=00440 pc=0x8000e134 opcode=xor x27=0x8000e137
000000004 RUNTIME_ONLY neutral retire case=00440 pc=0x8000e138 opcode=addi x28=0x8000e13c
000000005 RUNTIME_ONLY neutral retire case=00440 pc=0x8000e13c opcode=lw x29=0x8000e139
000000006 RUNTIME_ONLY neutral retire case=00440 pc=0x8000e140 opcode=sw x30=0x8000e146
000000007 RUNTIME_ONLY neutral retire case=00440 pc=0x8000e144 opcode=beq x31=0x8000e143
000000008 RUNTIME_ONLY neutral retire case=00440 pc=0x8000e148 opcode=csrrw x0=0x8000e140
000000009 RUNTIME_ONLY neutral retire case=00440 pc=0x8000e14c opcode=xor x1=0x8000e145
000000010 RUNTIME_ONLY neutral retire case=00440 pc=0x8000e150 opcode=addi x2=0x8000e15a
000000011 RUNTIME_ONLY neutral retire case=00440 pc=0x8000e154 opcode=lw x3=0x8000e15f
000000012 RUNTIME_ONLY neutral retire case=00440 pc=0x8000e158 opcode=sw x4=0x8000e154
000000013 RUNTIME_ONLY neutral retire case=00440 pc=0x8000e15c opcode=beq x5=0x8000e151
000000014 RUNTIME_ONLY neutral retire case=00440 pc=0x8000e160 opcode=csrrw x6=0x8000e16e
000000015 RUNTIME_ONLY neutral retire case=00440 pc=0x8000e164 opcode=xor x7=0x8000e16b
000000016 RUNTIME_ONLY neutral retire case=00440 pc=0x8000e168 opcode=addi x8=0x8000e178
