Time	Cycle	PC	Insn	Decoded instruction	Register and memory contents
           2641	        30	80000080	400013b7	lui	x7,0x40001	  x7=0x40001000
           2661	        31	80000084	10638393	addi	x7,x7,262	  x7:0x40001000  x7=0x40001106
           2681	        32	80000088	30139073	csrrw	x0,misa,x7	  x7:0x40001106  x0=0x00000000
           2741	        35	8000008c	00026b97	auipc	x23,0x26	 x23=0x8002608c
           2881	        42	80000090	c58b8b93	addi	x23,x23,-936	 x23:0x8002608c x23=0x80025ce4
           3121	        54	80000094	00002397	auipc	x7,0x2	  x7=0x80002094
           3141	        55	80000098	66c38393	addi	x7,x7,1644	  x7:0x80002094  x7=0x80002700
           3361	        66	8000009c	0013e393	ori	x7,x7,1	  x7:0x80002700  x7=0x80002701
           3781	        87	800000a0	30539073	csrrw	x0,mtvec,x7	  x7:0x80002701  x0=0x00000000
           3841	        90	800000a4	74725073	csrrwi	x0,0x747,4	  x0=0x00000000
           3901	        93	800000a8	00003717	auipc	x14,0x3	 x14=0x800030a8
           3921	        94	800000ac	41470713	addi	x14,x14,1044	 x14:0x800030a8 x14=0x800034bc
           3941	        95	800000b0	4381	c.li	x7,0	  x7=0x00000000
           3961	        96	800000b2	971e	c.add	x14,x7	 x14:0x800034bc  x7:0x00000000 x14=0x800034bc
           3981	        97	800000b4	8309	c.srli	x14,0x2	 x14:0x800034bc x14=0x20000d2f
           4001	        98	800000b6	3b071073	csrrw	x0,pmpaddr0,x14	 x14:0x20000d2f  x0=0x00000000
           4081	       102	800000ba	00003717	auipc	x14,0x3	 x14=0x800030ba
           4181	       107	800000be	40270713	addi	x14,x14,1026	 x14:0x800030ba x14=0x800034bc
           4601	       128	800000c2	111113b7	lui	x7,0x11111	  x7=0x11111000
           4621	       129	800000c6	11138393	addi	x7,x7,273	  x7:0x11111000  x7=0x11111111
           4641	       130	800000ca	971e	c.add	x14,x7	 x14:0x800034bc  x7:0x11111111 x14=0x911145cd
           4821	       139	800000cc	8309	c.srli	x14,0x2	 x14:0x911145cd x14=0x24445173
           4841	       140	800000ce	3b171073	csrrw	x0,pmpaddr1,x14	 x14:0x24445173  x0=0x00000000
           4901	       143	800000d2	00003717	auipc	x14,0x3	 x14=0x800030d2
           5281	       162	800000d6	3ea70713	addi	x14,x14,1002	 x14:0x800030d2 x14=0x800034bc
           5361	       166	800000da	222223b7	lui	x7,0x22222	  x7=0x22222000
           5681	       182	800000de	22238393	addi	x7,x7,546	  x7:0x22222000  x7=0x22222222
           5701	       183	800000e2	971e	c.add	x14,x7	 x14:0x800034bc  x7:0x22222222 x14=0xa22256de
           5761	       186	800000e4	8309	c.srli	x14,0x2	 x14:0xa22256de x14=0x288895b7
           5801	       188	800000e6	3b271073	csrrw	x0,pmpaddr2,x14	 x14:0x288895b7  x0=0x00000000
           5861	       191	800000ea	00003717	auipc	x14,0x3	 x14=0x800030ea
           5961	       196	800000ee	3d270713	addi	x14,x14,978	 x14:0x800030ea x14=0x800034bc
           5981	       197	800000f2	333333b7	lui	x7,0x33333	  x7=0x33333000
           6001	       198	800000f6	33338393	addi	x7,x7,819	  x7:0x33333000  x7=0x33333333
           6021	       199	800000fa	971e	c.add	x14,x7	 x14:0x800034bc  x7:0x33333333 x14=0xb33367ef
           6181	       207	800000fc	8309	c.srli	x14,0x2	 x14:0xb33367ef x14=0x2cccd9fb
           6201	       208	800000fe	3b371073	csrrw	x0,pmpaddr3,x14	 x14:0x2cccd9fb  x0=0x00000000
           6261	       211	80000102	0f0f1737	lui	x14,0xf0f1	 x14=0x0f0f1000
           6521	       224	80000106	f0f70713	addi	x14,x14,-241	 x14:0x0f0f1000 x14=0x0f0f0f0f
           6541	       225	8000010a	3a071073	csrrw	x0,pmpcfg0,x14	 x14:0x0f0f0f0f  x0=0x00000000
           6641	       230	8000010e	00003717	auipc	x14,0x3	 x14=0x8000310e
           6821	       239	80000112	3ae70713	addi	x14,x14,942	 x14:0x8000310e x14=0x800034bc
           6921	       244	80000116	444443b7	lui	x7,0x44444	  x7=0x44444000
           7021	       249	8000011a	44438393	addi	x7,x7,1092	  x7:0x44444000  x7=0x44444444
           7041	       250	8000011e	971e	c.add	x14,x7	 x14:0x800034bc  x7:0x44444444 x14=0xc4447900
           7441	       270	80000120	8309	c.srli	x14,0x2	 x14:0xc4447900 x14=0x31111e40
           7521	       274	80000122	3b471073	csrrw	x0,pmpaddr4,x14	 x14:0x31111e40  x0=0x00000000
           7581	       277	80000126	00003717	auipc	x14,0x3	 x14=0x80003126
           7601	       278	8000012a	39670713	addi	x14,x14,918	 x14:0x80003126 x14=0x800034bc
           7861	       291	8000012e	555553b7	lui	x7,0x55555	  x7=0x55555000
           7881	       292	80000132	55538393	addi	x7,x7,1365	  x7:0x55555000  x7=0x55555555
           7901	       293	80000136	971e	c.add	x14,x7	 x14:0x800034bc  x7:0x55555555 x14=0xd5558a11
           8081	       302	80000138	8309	c.srli	x14,0x2	 x14:0xd5558a11 x14=0x35556284
           8421	       319	8000013a	3b571073	csrrw	x0,pmpaddr5,x14	 x14:0x35556284  x0=0x00000000
           8841	       340	8000013e	00003717	auipc	x14,0x3	 x14=0x8000313e
           8861	       341	80000142	37e70713	addi	x14,x14,894	 x14:0x8000313e x14=0x800034bc
           8981	       347	80000146	666663b7	lui	x7,0x66666	  x7=0x66666000
           9101	       353	8000014a	66638393	addi	x7,x7,1638	  x7:0x66666000  x7=0x66666666
           9121	       354	8000014e	971e	c.add	x14,x7	 x14:0x800034bc  x7:0x66666666 x14=0xe6669b22
           9141	       355	80000150	8309	c.srli	x14,0x2	 x14:0xe6669b22 x14=0x3999a6c8
           9541	       375	80000152	3b671073	csrrw	x0,pmpaddr6,x14	 x14:0x3999a6c8  x0=0x00000000
           9601	       378	80000156	00003717	auipc	x14,0x3	 x14=0x80003156
           9981	       397	8000015a	36670713	addi	x14,x14,870	 x14:0x80003156 x14=0x800034bc
          10001	       398	8000015e	777773b7	lui	x7,0x77777	  x7=0x77777000
          10021	       399	80000162	77738393	addi	x7,x7,1911	  x7:0x77777000  x7=0x77777777
          10041	       400	80000166	971e	c.add	x14,x7	 x14:0x800034bc  x7:0x77777777 x14=0xf777ac33
          10161	       406	80000168	8309	c.srli	x14,0x2	 x14:0xf777ac33 x14=0x3dddeb0c
          10181	       407	8000016a	3b771073	csrrw	x0,pmpaddr7,x14	 x14:0x3dddeb0c  x0=0x00000000
          10241	       410	8000016e	0f0f1737	lui	x14,0xf0f1	 x14=0x0f0f1000
          10621	       429	80000172	f0f70713	addi	x14,x14,-241	 x14:0x0f0f1000 x14=0x0f0f0f0f
          10701	       433	80000176	3a171073	csrrw	x0,pmpcfg1,x14	 x14:0x0f0f0f0f  x0=0x00000000
          10761	       436	8000017a	00003717	auipc	x14,0x3	 x14=0x8000317a
          10781	       437	8000017e	34270713	addi	x14,x14,834	 x14:0x8000317a x14=0x800034bc
          11161	       456	80000182	888893b7	lui	x7,0x88889	  x7=0x88889000
          11281	       462	80000186	88838393	addi	x7,x7,-1912	  x7:0x88889000  x7=0x88888888
          11301	       463	8000018a	971e	c.add	x14,x7	 x14:0x800034bc  x7:0x88888888 x14=0x0888bd44
          11321	       464	8000018c	8309	c.srli	x14,0x2	 x14:0x0888bd44 x14=0x02222f51
          11401	       468	8000018e	3b871073	csrrw	x0,pmpaddr8,x14	 x14:0x02222f51  x0=0x00000000
          11581	       477	80000192	00003717	auipc	x14,0x3	 x14=0x80003192
          11601	       478	80000196	32a70713	addi	x14,x14,810	 x14:0x80003192 x14=0x800034bc
          11621	       479	8000019a	9999a3b7	lui	x7,0x9999a	  x7=0x9999a000
          12041	       500	8000019e	99938393	addi	x7,x7,-1639	  x7:0x9999a000  x7=0x99999999
          12061	       501	800001a2	971e	c.add	x14,x7	 x14:0x800034bc  x7:0x99999999 x14=0x1999ce55
          12081	       502	800001a4	8309	c.srli	x14,0x2	 x14:0x1999ce55 x14=0x06667395
          12101	       503	800001a6	3b971073	csrrw	x0,pmpaddr9,x14	 x14:0x06667395  x0=0x00000000
          12501	       523	800001aa	00003717	auipc	x14,0x3	 x14=0x800031aa
          12521	       524	800001ae	31270713	addi	x14,x14,786	 x14:0x800031aa x14=0x800034bc
          12941	       545	800001b2	aaaab3b7	lui	x7,0xaaaab	  x7=0xaaaab000
          13001	       548	800001b6	aaa38393	addi	x7,x7,-1366	  x7:0xaaaab000  x7=0xaaaaaaaa
          13021	       549	800001ba	971e	c.add	x14,x7	 x14:0x800034bc  x7:0xaaaaaaaa x14=0x2aaadf66
          13421	       569	800001bc	8309	c.srli	x14,0x2	 x14:0x2aaadf66 x14=0x0aaab7d9
          13701	       583	800001be	3ba71073	csrrw	x0,pmpaddr10,x14	 x14:0x0aaab7d9  x0=0x00000000
          13761	       586	800001c2	00003717	auipc	x14,0x3	 x14=0x800031c2
          13781	       587	800001c6	2fa70713	addi	x14,x14,762	 x14:0x800031c2 x14=0x800034bc
          13801	       588	800001ca	bbbbc3b7	lui	x7,0xbbbbc	  x7=0xbbbbc000
          13961	       596	800001ce	bbb38393	addi	x7,x7,-1093	  x7:0xbbbbc000  x7=0xbbbbbbbb
          13981	       597	800001d2	971e	c.add	x14,x7	 x14:0x800034bc  x7:0xbbbbbbbb x14=0x3bbbf077
          14001	       598	800001d4	8309	c.srli	x14,0x2	 x14:0x3bbbf077 x14=0x0eeefc1d
          14141	       605	800001d6	3bb71073	csrrw	x0,pmpaddr11,x14	 x14:0x0eeefc1d  x0=0x00000000
          14561	       626	800001da	0f0f1737	lui	x14,0xf0f1	 x14=0x0f0f1000
          14761	       636	800001de	f0f70713	addi	x14,x14,-241	 x14:0x0f0f1000 x14=0x0f0f0f0f
          14821	       639	800001e2	3a271073	csrrw	x0,pmpcfg2,x14	 x14:0x0f0f0f0f  x0=0x00000000
          14981	       647	800001e6	00003717	auipc	x14,0x3	 x14=0x800031e6
          15401	       668	800001ea	2d670713	addi	x14,x14,726	 x14:0x800031e6 x14=0x800034bc
          15821	       689	800001ee	ccccd3b7	lui	x7,0xccccd	  x7=0xccccd000
          15841	       690	800001f2	ccc38393	addi	x7,x7,-820	  x7:0xccccd000  x7=0xcccccccc
          15861	       691	800001f6	971e	c.add	x14,x7	 x14:0x800034bc  x7:0xcccccccc x14=0x4ccd0188
          16041	       700	800001f8	8309	c.srli	x14,0x2	 x14:0x4ccd0188 x14=0x13334062
          16061	       701	800001fa	3bc71073	csrrw	x0,pmpaddr12,x14	 x14:0x13334062  x0=0x00000000
          16401	       718	800001fe	00003717	auipc	x14,0x3	 x14=0x800031fe
          16521	       724	80000202	2be70713	addi	x14,x14,702	 x14:0x800031fe x14=0x800034bc
          16541	       725	80000206	dddde3b7	lui	x7,0xdddde	  x7=0xdddde000
          16721	       734	8000020a	ddd38393	addi	x7,x7,-547	  x7:0xdddde000  x7=0xdddddddd
          16741	       735	8000020e	971e	c.add	x14,x7	 x14:0x800034bc  x7:0xdddddddd x14=0x5dde1299
          16761	       736	80000210	8309	c.srli	x14,0x2	 x14:0x5dde1299 x14=0x177784a6
          17021	       749	80000212	3bd71073	csrrw	x0,pmpaddr13,x14	 x14:0x177784a6  x0=0x00000000
          17121	       754	80000216	00003717	auipc	x14,0x3	 x14=0x80003216
          17141	       755	8000021a	2a670713	addi	x14,x14,678	 x14:0x80003216 x14=0x800034bc
          17341	       765	8000021e	eeeef3b7	lui	x7,0xeeeef	  x7=0xeeeef000
          17761	       786	80000222	eee38393	addi	x7,x7,-274	  x7:0xeeeef000  x7=0xeeeeeeee
          17781	       787	80000226	971e	c.add	x14,x7	 x14:0x800034bc  x7:0xeeeeeeee x14=0x6eef23aa
          17921	       794	80000228	8309	c.srli	x14,0x2	 x14:0x6eef23aa x14=0x1bbbc8ea
          17981	       797	8000022a	3be71073	csrrw	x0,pmpaddr14,x14	 x14:0x1bbbc8ea  x0=0x00000000
          18121	       804	8000022e	00003717	auipc	x14,0x3	 x14=0x8000322e
          18541	       825	80000232	28e70713	addi	x14,x14,654	 x14:0x8000322e x14=0x800034bc
          18881	       842	80000236	fff00393	addi	x7,x0,-1	  x0:0x00000000  x7=0xffffffff
          18901	       843	8000023a	971e	c.add	x14,x7	 x14:0x800034bc  x7:0xffffffff x14=0x800034bb
          18921	       844	8000023c	8309	c.srli	x14,0x2	 x14:0x800034bb x14=0x20000d2e
          18941	       845	8000023e	3bf71073	csrrw	x0,pmpaddr15,x14	 x14:0x20000d2e  x0=0x00000000
          19001	       848	80000242	0f0f1737	lui	x14,0xf0f1	 x14=0x0f0f1000
          19161	       856	80000246	f0f70713	addi	x14,x14,-241	 x14:0x0f0f1000 x14=0x0f0f0f0f
          19181	       857	8000024a	3a371073	csrrw	x0,pmpcfg3,x14	 x14:0x0f0f0f0f  x0=0x00000000
          19241	       860	8000024e	00000397	auipc	x7,0x0	  x7=0x8000024e
          19401	       868	80000252	05838393	addi	x7,x7,88	  x7:0x8000024e  x7=0x800002a6
          19421	       869	80000256	34139073	csrrw	x0,mepc,x7	  x7:0x800002a6  x0=0x00000000
          19441	       870	8000025a	7c00d073	csrrwi	x0,0x7c0,1	  x0=0x00000000
          19501	       873	8000025e	6389	c.lui	x7,0x2	  x7=0x00002000
          19521	       874	80000260	80038393	addi	x7,x7,-2048	  x7:0x00002000  x7=0x00001800
          19881	       892	80000264	30039073	csrrw	x0,mstatus,x7	  x7:0x00001800  x0=0x00000000
          19941	       895	80000268	4381	c.li	x7,0	  x7=0x00000000
          20101	       903	8000026a	30439073	csrrw	x0,mie,x7	  x7:0x00000000  x0=0x00000000
          20161	       906	8000026e	90000937	lui	x18,0x90000	 x18=0x90000000
          20181	       907	80000272	1971	c.addi	x18,-4	 x18:0x90000000 x18=0x8ffffffc
          20201	       908	80000274	30000393	addi	x7,x0,768	  x0:0x00000000  x7=0x00000300
          20221	       909	80000278	03a2	c.slli	x7,0x8	  x7:0x00000300  x7=0x00030000
          20241	       910	8000027a	038d	c.addi	x7,3	  x7:0x00030000  x7=0x00030003
          20481	       922	8000027c	00792023	sw	x7,0(x18)	 x18:0x8ffffffc  x7:0x00030003 PA:0x8ffffffc store:0x00030003
          20501	       923	80000280	300023f3	csrrs	x7,mstatus,x0	  x0:0x00000000  x7=0x00001800
          20961	       946	80000284	00792023	sw	x7,0(x18)	 x18:0x8ffffffc  x7:0x00001800 PA:0x8ffffffc store:0x00001800
          20981	       947	80000288	90000937	lui	x18,0x90000	 x18=0x90000000
          21001	       948	8000028c	1971	c.addi	x18,-4	 x18:0x90000000 x18=0x8ffffffc
          21021	       949	8000028e	30400393	addi	x7,x0,772	  x0:0x00000000  x7=0x00000304
          21041	       950	80000292	03a2	c.slli	x7,0x8	  x7:0x00000304  x7=0x00030400
          21061	       951	80000294	038d	c.addi	x7,3	  x7:0x00030400  x7=0x00030403
          21521	       974	80000296	00792023	sw	x7,0(x18)	 x18:0x8ffffffc  x7:0x00030403 PA:0x8ffffffc store:0x00030403
          21541	       975	8000029a	304023f3	csrrs	x7,mie,x0	  x0:0x00000000  x7=0x00000000
          21661	       981	8000029e	00792023	sw	x7,0(x18)	 x18:0x8ffffffc  x7:0x00000000 PA:0x8ffffffc store:0x00000000
          21681	       982	800002a2	30200073	mret	
          21761	       986	800002a6	00800013	addi	x0,x0,8	  x0:0x00000000  x0=0x00000000
          21781	       987	800002aa	4081	c.li	x1,0	  x1=0x00000000
          21801	       988	800002ac	ab0fc137	lui	x2,0xab0fc	  x2=0xab0fc000
          21821	       989	800002b0	94810113	addi	x2,x2,-1720	  x2:0xab0fc000  x2=0xab0fb948
          21841	       990	800002b4	800001b7	lui	x3,0x80000	  x3=0x80000000
          22141	      1005	800002b8	80000237	lui	x4,0x80000	  x4=0x80000000
          22561	      1026	800002bc	7d2bb2b7	lui	x5,0x7d2bb	  x5=0x7d2bb000
          22981	      1047	800002c0	43928293	addi	x5,x5,1081	  x5:0x7d2bb000  x5=0x7d2bb439
          23001	      1048	800002c4	431d	c.li	x6,7	  x6=0x00000007
          23181	      1057	800002c6	5bbff3b7	lui	x7,0x5bbff	  x7=0x5bbff000
          23601	      1078	800002ca	ab638393	addi	x7,x7,-1354	  x7:0x5bbff000  x7=0x5bbfeab6
          23621	      1079	800002ce	4409	c.li	x8,2	  x8=0x00000002
          24021	      1099	800002d0	9696a4b7	lui	x9,0x9696a	  x9=0x9696a000
          24041	      1100	800002d4	e1b48493	addi	x9,x9,-485	  x9:0x9696a000  x9=0x96969e1b
          24061	      1101	800002d8	fbd7d537	lui	x10,0xfbd7d	 x10=0xfbd7d000
          24221	      1109	800002dc	b8c50513	addi	x10,x10,-1140	 x10:0xfbd7d000 x10=0xfbd7cb8c
          24241	      1110	800002e0	f98e55b7	lui	x11,0xf98e5	 x11=0xf98e5000
          24261	      1111	800002e4	0eb58593	addi	x11,x11,235	 x11:0xf98e5000 x11=0xf98e50eb
          24681	      1132	800002e8	80000637	lui	x12,0x80000	 x12=0x80000000
          24721	      1134	800002ec	f555e6b7	lui	x13,0xf555e	 x13=0xf555e000
          24741	      1135	800002f0	7b368693	addi	x13,x13,1971	 x13:0xf555e000 x13=0xf555e7b3
          24761	      1136	800002f4	470d	c.li	x14,3	 x14=0x00000003
          24781	      1137	800002f6	47a5	c.li	x15,9	 x15=0x00000009
          25181	      1157	800002f8	7845	c.lui	x16,0xffff1	 x16=0xffff1000
          25201	      1158	800002fa	39680813	addi	x16,x16,918	 x16:0xffff1000 x16=0xffff1396
          25221	      1159	800002fe	4895	c.li	x17,5	 x17=0x00000005
          25341	      1165	80000300	743e2937	lui	x18,0x743e2	 x18=0x743e2000
          25441	      1170	80000304	4dd90913	addi	x18,x18,1245	 x18:0x743e2000 x18=0x743e24dd
          25621	      1179	80000308	4981	c.li	x19,0	 x19=0x00000000
          25641	      1180	8000030a	80000a37	lui	x20,0x80000	 x20=0x80000000
          25661	      1181	8000030e	80000ab7	lui	x21,0x80000	 x21=0x80000000
          25681	      1182	80000312	c7260b37	lui	x22,0xc7260	 x22=0xc7260000
          25701	      1183	80000316	6b3b0b13	addi	x22,x22,1715	 x22:0xc7260000 x22=0xc72606b3
          25721	      1184	8000031a	f8dcac37	lui	x24,0xf8dca	 x24=0xf8dca000
          25921	      1194	8000031e	bd8c0c13	addi	x24,x24,-1064	 x24:0xf8dca000 x24=0xf8dc9bd8
          25941	      1195	80000322	4cad	c.li	x25,11	 x25=0x0000000b
          26081	      1202	80000324	3a60ed37	lui	x26,0x3a60e	 x26=0x3a60e000
          26101	      1203	80000328	15dd0d13	addi	x26,x26,349	 x26:0x3a60e000 x26=0x3a60e15d
          26121	      1204	8000032c	fcc65db7	lui	x27,0xfcc65	 x27=0xfcc65000
          26141	      1205	80000330	4f8d8d93	addi	x27,x27,1272	 x27:0xfcc65000 x27=0xfcc654f8
          26281	      1212	80000334	4e21	c.li	x28,8	 x28=0x00000008
          26421	      1219	80000336	80000f37	lui	x30,0x80000	 x30=0x80000000
          26441	      1220	8000033a	fcf50fb7	lui	x31,0xfcf50	 x31=0xfcf50000
          26721	      1234	8000033e	48df8f93	addi	x31,x31,1165	 x31:0xfcf50000 x31=0xfcf5048d
          26741	      1235	80000342	00022e97	auipc	x29,0x22	 x29=0x80022342
          27101	      1253	80000346	b22e8e93	addi	x29,x29,-1246	 x29:0x80022342 x29=0x80021e64
          27281	      1262	8000034a	90000937	lui	x18,0x90000	 x18=0x90000000
          27301	      1263	8000034e	1971	c.addi	x18,-4	 x18:0x90000000 x18=0x8ffffffc
          27501	      1273	80000350	4381	c.li	x7,0	  x7=0x00000000
          27521	      1274	80000352	03a2	c.slli	x7,0x8	  x7:0x00000000  x7=0x00000000
          27601	      1278	80000354	00038393	addi	x7,x7,0	  x7:0x00000000  x7=0x00000000
          28421	      1319	80000358	00792023	sw	x7,0(x18)	 x18:0x8ffffffc  x7:0x00000000 PA:0x8ffffffc store:0x00000000
          28441	      1320	8000035c	1600306f	jal	x0,800034bc	  x0=0x00000000
          28621	      1329	800034bc	8e15	c.sub	x12,x13	 x12:0x80000000 x13:0xf555e7b3 x12=0x8aaa184d
          28661	      1331	800034be	61b1b293	sltiu	x5,x3,1563	  x3:0x80000000  x5=0x00000000
          28681	      1332	800034c2	016f1263	bne	x30,x22,800034c6	 x30:0x80000000 x22:0xc72606b3
          29101	      1353	800034c6	0288	c.addi4spn	x10,x2,320	 x10=0xab0fba88
          29241	      1360	800034c8	8c0d	c.sub	x8,x11	  x8:0x00000002 x11:0xf98e50eb  x8=0x0671af17
          29261	      1361	800034ca	01fd	c.addi	x3,31	  x3:0x80000000  x3=0x8000001f
          29661	      1381	800034cc	3403d4f3	csrrwi	x9,mscratch,7	  x9=0x00000000
          29821	      1389	800034d0	009c	c.addi4spn	x15,x2,64	 x15=0xab0fb988
          29841	      1390	800034d2	07b61163	bne	x12,x27,80003534	 x12:0x8aaa184d x27:0xfcc654f8
          30421	      1419	80003534	8d0d	c.sub	x10,x11	 x10:0xab0fba88 x11:0xf98e50eb x10=0xb181699d
          30641	      1430	80003536	340066f3	csrrsi	x13,mscratch,0	 x13=0x00000007
          30661	      1431	8000353a	8de5	c.and	x11,x9	 x11:0xf98e50eb  x9:0x00000000 x11=0x00000000
          30681	      1432	8000353c	340cd0f3	csrrwi	x1,mscratch,25	  x1=0x00000007
          31081	      1452	80003540	01544263	blt	x8,x21,80003544	  x8:0x0671af17 x21:0x80000000
          31501	      1473	80003544	8f91	c.sub	x15,x12	 x15:0xab0fb988 x12:0x8aaa184d x15=0x2065a13b
          31681	      1482	80003546	ffffd717	auipc	x14,0xffffd	 x14=0x80000546
          32101	      1503	8000354a	e1a70713	addi	x14,x14,-486	 x14:0x80000546 x14=0x80000360
          32121	      1504	8000354e	00070067	jalr	x0,0(x14)	 x14:0x80000360  x0=0x00000000
          32161	      1506	80000360	90000937	lui	x18,0x90000	 x18=0x90000000
          32181	      1507	80000364	1961	c.addi	x18,-8	 x18:0x90000000 x18=0x8ffffff8
          32201	      1508	80000366	4381	c.li	x7,0	  x7=0x00000000
          32221	      1509	80000368	03a2	c.slli	x7,0x8	  x7:0x00000000  x7=0x00000000
          32241	      1510	8000036a	0385	c.addi	x7,1	  x7:0x00000000  x7=0x00000001
          32461	      1521	8000036c	00792023	sw	x7,0(x18)	 x18:0x8ffffff8  x7:0x00000001 PA:0x8ffffff8 store:0x00000001
          60121	      2904	80000370	00000073	ecall	
          60221	      2909	80002700	0800006f	jal	x0,80002780	  x0=0x00000000
          60921	      2944	80002780	1bf1	c.addi	x23,-4	 x23:0x80025ce4 x23=0x80025ce0
          60981	      2947	80002782	01dba023	sw	x29,0(x23)	 x23:0x80025ce0 x29:0x80021e64 PA:0x80025ce0 store:0x80021e64
          61301	      2963	80002786	000b8eb3	add	x29,x23,x0	 x23:0x80025ce0  x0:0x00000000 x29=0x80025ce0
          61401	      2968	8000278a	f80e8e93	addi	x29,x29,-128	 x29:0x80025ce0 x29=0x80025c60
          61461	      2971	8000278e	001ea223	sw	x1,4(x29)	 x29:0x80025c60  x1:0x00000007 PA:0x80025c64 store:0x00000007
          61521	      2974	80002792	002ea423	sw	x2,8(x29)	 x29:0x80025c60  x2:0xab0fb948 PA:0x80025c68 store:0xab0fb948
          61701	      2983	80002796	003ea623	sw	x3,12(x29)	 x29:0x80025c60  x3:0x8000001f PA:0x80025c6c store:0x8000001f
          61761	      2986	8000279a	004ea823	sw	x4,16(x29)	 x29:0x80025c60  x4:0x80000000 PA:0x80025c70 store:0x80000000
          62281	      3012	8000279e	005eaa23	sw	x5,20(x29)	 x29:0x80025c60  x5:0x00000000 PA:0x80025c74 store:0x00000000
          62341	      3015	800027a2	006eac23	sw	x6,24(x29)	 x29:0x80025c60  x6:0x00000007 PA:0x80025c78 store:0x00000007
          62541	      3025	800027a6	007eae23	sw	x7,28(x29)	 x29:0x80025c60  x7:0x00000001 PA:0x80025c7c store:0x00000001
          62581	      3027	800027aa	028ea023	sw	x8,32(x29)	 x29:0x80025c60  x8:0x0671af17 PA:0x80025c80 store:0x0671af17
          62601	      3028	800027ae	029ea223	sw	x9,36(x29)	 x29:0x80025c60  x9:0x00000000 PA:0x80025c84 store:0x00000000
          62821	      3039	800027b2	02aea423	sw	x10,40(x29)	 x29:0x80025c60 x10:0xb181699d PA:0x80025c88 store:0xb181699d
          62841	      3040	800027b6	02bea623	sw	x11,44(x29)	 x29:0x80025c60 x11:0x00000000 PA:0x80025c8c store:0x00000000
          63121	      3054	800027ba	02cea823	sw	x12,48(x29)	 x29:0x80025c60 x12:0x8aaa184d PA:0x80025c90 store:0x8aaa184d
          63181	      3057	800027be	02deaa23	sw	x13,52(x29)	 x29:0x80025c60 x13:0x00000007 PA:0x80025c94 store:0x00000007
          63201	      3058	800027c2	02eeac23	sw	x14,56(x29)	 x29:0x80025c60 x14:0x80000360 PA:0x80025c98 store:0x80000360
          63561	      3076	800027c6	02feae23	sw	x15,60(x29)	 x29:0x80025c60 x15:0x2065a13b PA:0x80025c9c store:0x2065a13b
          63721	      3084	800027ca	050ea023	sw	x16,64(x29)	 x29:0x80025c60 x16:0xffff1396 PA:0x80025ca0 store:0xffff1396
          63781	      3087	800027ce	051ea223	sw	x17,68(x29)	 x29:0x80025c60 x17:0x00000005 PA:0x80025ca4 store:0x00000005
          64001	      3098	800027d2	052ea423	sw	x18,72(x29)	 x29:0x80025c60 x18:0x8ffffff8 PA:0x80025ca8 store:0x8ffffff8
          64301	      3113	800027d6	053ea623	sw	x19,76(x29)	 x29:0x80025c60 x19:0x00000000 PA:0x80025cac store:0x00000000
          64521	      3124	800027da	054ea823	sw	x20,80(x29)	 x29:0x80025c60 x20:0x80000000 PA:0x80025cb0 store:0x80000000
          64581	      3127	800027de	055eaa23	sw	x21,84(x29)	 x29:0x80025c60 x21:0x80000000 PA:0x80025cb4 store:0x80000000
          64761	      3136	800027e2	056eac23	sw	x22,88(x29)	 x29:0x80025c60 x22:0xc72606b3 PA:0x80025cb8 store:0xc72606b3
          65241	      3160	800027e6	057eae23	sw	x23,92(x29)	 x29:0x80025c60 x23:0x80025ce0 PA:0x80025cbc store:0x80025ce0
          65561	      3176	800027ea	078ea023	sw	x24,96(x29)	 x29:0x80025c60 x24:0xf8dc9bd8 PA:0x80025cc0 store:0xf8dc9bd8
          65621	      3179	800027ee	079ea223	sw	x25,100(x29)	 x29:0x80025c60 x25:0x0000000b PA:0x80025cc4 store:0x0000000b
          65641	      3180	800027f2	07aea423	sw	x26,104(x29)	 x29:0x80025c60 x26:0x3a60e15d PA:0x80025cc8 store:0x3a60e15d
          65661	      3181	800027f6	07bea623	sw	x27,108(x29)	 x29:0x80025c60 x27:0xfcc654f8 PA:0x80025ccc store:0xfcc654f8
          65681	      3182	800027fa	07cea823	sw	x28,112(x29)	 x29:0x80025c60 x28:0x00000008 PA:0x80025cd0 store:0x00000008
          65841	      3190	800027fe	07deaa23	sw	x29,116(x29)	 x29:0x80025c60 x29:0x80025c60 PA:0x80025cd4 store:0x80025c60
          65901	      3193	80002802	07eeac23	sw	x30,120(x29)	 x29:0x80025c60 x30:0x80000000 PA:0x80025cd8 store:0x80000000
          66221	      3209	80002806	07feae23	sw	x31,124(x29)	 x29:0x80025c60 x31:0xfcf5048d PA:0x80025cdc store:0xfcf5048d
          66241	      3210	8000280a	000e8bb3	add	x23,x29,x0	 x29:0x80025c60  x0:0x00000000 x23=0x80025c60
          66261	      3211	8000280e	90000937	lui	x18,0x90000	 x18=0x90000000
          66281	      3212	80002812	1971	c.addi	x18,-4	 x18:0x90000000 x18=0x8ffffffc
          66301	      3213	80002814	43a1	c.li	x7,8	  x7=0x00000008
          66321	      3214	80002816	03a2	c.slli	x7,0x8	  x7:0x00000008  x7=0x00000800
          66341	      3215	80002818	00038393	addi	x7,x7,0	  x7:0x00000800  x7=0x00000800
          66501	      3223	8000281c	00792023	sw	x7,0(x18)	 x18:0x8ffffffc  x7:0x00000800 PA:0x8ffffffc store:0x00000800
          66521	      3224	80002820	341023f3	csrrs	x7,mepc,x0	  x0:0x00000000  x7=0x80000370
          66541	      3225	80002824	342023f3	csrrs	x7,mcause,x0	  x0:0x00000000  x7=0x0000000b
          66561	      3226	80002828	490d	c.li	x18,3	 x18=0x00000003
          66841	      3240	8000282a	01239463	bne	x7,x18,80002832	  x7:0x0000000b x18:0x00000003
          67601	      3278	80002832	4921	c.li	x18,8	 x18=0x00000008
          67841	      3290	80002834	05238d63	beq	x7,x18,8000288e	  x7:0x0000000b x18:0x00000008
          67861	      3291	80002838	4925	c.li	x18,9	 x18=0x00000009
          68261	      3311	8000283a	05238a63	beq	x7,x18,8000288e	  x7:0x0000000b x18:0x00000009
          68281	      3312	8000283e	492d	c.li	x18,11	 x18=0x0000000b
          68301	      3313	80002840	05238763	beq	x7,x18,8000288e	  x7:0x0000000b x18:0x0000000b
          69061	      3351	8000288e	90000937	lui	x18,0x90000	 x18=0x90000000
          69081	      3352	80002892	1971	c.addi	x18,-4	 x18:0x90000000 x18=0x8ffffffc
          69101	      3353	80002894	6385	c.lui	x7,0x1	  x7=0x00001000
          69141	      3355	80002896	b0038393	addi	x7,x7,-1280	  x7:0x00001000  x7=0x00000b00
          69161	      3356	8000289a	03a2	c.slli	x7,0x8	  x7:0x00000b00  x7=0x000b0000
          69181	      3357	8000289c	038d	c.addi	x7,3	  x7:0x000b0000  x7=0x000b0003
          69281	      3362	8000289e	00792023	sw	x7,0(x18)	 x18:0x8ffffffc  x7:0x000b0003 PA:0x8ffffffc store:0x000b0003
          69301	      3363	800028a2	b00023f3	csrrs	x7,mcycle,x0	  x0:0x00000000  x7=0x00000d20
          69361	      3366	800028a6	00792023	sw	x7,0(x18)	 x18:0x8ffffffc  x7:0x00000d20 PA:0x8ffffffc store:0x00000d20
          69741	      3385	800028aa	90000937	lui	x18,0x90000	 x18=0x90000000
          69761	      3386	800028ae	1971	c.addi	x18,-4	 x18:0x90000000 x18=0x8ffffffc
          69781	      3387	800028b0	6385	c.lui	x7,0x1	  x7=0x00001000
          69801	      3388	800028b2	b8038393	addi	x7,x7,-1152	  x7:0x00001000  x7=0x00000b80
          69821	      3389	800028b6	03a2	c.slli	x7,0x8	  x7:0x00000b80  x7=0x000b8000
          69841	      3390	800028b8	038d	c.addi	x7,3	  x7:0x000b8000  x7=0x000b8003
          69981	      3397	800028ba	00792023	sw	x7,0(x18)	 x18:0x8ffffffc  x7:0x000b8003 PA:0x8ffffffc store:0x000b8003
          70041	      3400	800028be	b80023f3	csrrs	x7,mcycleh,x0	  x0:0x00000000  x7=0x00000000
          70201	      3408	800028c2	00792023	sw	x7,0(x18)	 x18:0x8ffffffc  x7:0x00000000 PA:0x8ffffffc store:0x00000000
          70221	      3409	800028c6	90000937	lui	x18,0x90000	 x18=0x90000000
          70241	      3410	800028ca	1971	c.addi	x18,-4	 x18:0x90000000 x18=0x8ffffffc
          70261	      3411	800028cc	6385	c.lui	x7,0x1	  x7=0x00001000
          70281	      3412	800028ce	b0338393	addi	x7,x7,-1277	  x7:0x00001000  x7=0x00000b03
          70301	      3413	800028d2	03a2	c.slli	x7,0x8	  x7:0x00000b03  x7=0x000b0300
          70321	      3414	800028d4	038d	c.addi	x7,3	  x7:0x000b0300  x7=0x000b0303
          70441	      3420	800028d6	00792023	sw	x7,0(x18)	 x18:0x8ffffffc  x7:0x000b0303 PA:0x8ffffffc store:0x000b0303
          70601	      3428	800028da	b03023f3	csrrs	x7,mhpmcounter3,x0	  x0:0x00000000  x7=0x000000c1
          70821	      3439	800028de	00792023	sw	x7,0(x18)	 x18:0x8ffffffc  x7:0x000000c1 PA:0x8ffffffc store:0x000000c1
          71021	      3449	800028e2	90000937	lui	x18,0x90000	 x18=0x90000000
          71041	      3450	800028e6	1971	c.addi	x18,-4	 x18:0x90000000 x18=0x8ffffffc
          71121	      3454	800028e8	6385	c.lui	x7,0x1	  x7=0x00001000
          71141	      3455	800028ea	b8338393	addi	x7,x7,-1149	  x7:0x00001000  x7=0x00000b83
          71161	      3456	800028ee	03a2	c.slli	x7,0x8	  x7:0x00000b83  x7=0x000b8300
          71181	      3457	800028f0	038d	c.addi	x7,3	  x7:0x000b8300  x7=0x000b8303
          71241	      3460	800028f2	00792023	sw	x7,0(x18)	 x18:0x8ffffffc  x7:0x000b8303 PA:0x8ffffffc store:0x000b8303
          71681	      3482	800028f6	b83023f3	csrrs	x7,mhpmcounter3h,x0	  x0:0x00000000  x7=0x00000000
          71981	      3497	800028fa	00792023	sw	x7,0(x18)	 x18:0x8ffffffc  x7:0x00000000 PA:0x8ffffffc store:0x00000000
          72001	      3498	800028fe	90000937	lui	x18,0x90000	 x18=0x90000000
          72021	      3499	80002902	1971	c.addi	x18,-4	 x18:0x90000000 x18=0x8ffffffc
          72041	      3500	80002904	6385	c.lui	x7,0x1	  x7=0x00001000
          72061	      3501	80002906	b0438393	addi	x7,x7,-1276	  x7:0x00001000  x7=0x00000b04
          72081	      3502	8000290a	03a2	c.slli	x7,0x8	  x7:0x00000b04  x7=0x000b0400
          72101	      3503	8000290c	038d	c.addi	x7,3	  x7:0x000b0400  x7=0x000b0403
          72861	      3541	8000290e	00792023	sw	x7,0(x18)	 x18:0x8ffffffc  x7:0x000b0403 PA:0x8ffffffc store:0x000b0403
          72881	      3542	80002912	b04023f3	csrrs	x7,mhpmcounter4,x0	  x0:0x00000000  x7=0x000005cf
          73461	      3571	80002916	00792023	sw	x7,0(x18)	 x18:0x8ffffffc  x7:0x000005cf PA:0x8ffffffc store:0x000005cf
          73481	      3572	8000291a	90000937	lui	x18,0x90000	 x18=0x90000000
          73501	      3573	8000291e	1971	c.addi	x18,-4	 x18:0x90000000 x18=0x8ffffffc
          73521	      3574	80002920	6385	c.lui	x7,0x1	  x7=0x00001000
          73541	      3575	80002922	b8438393	addi	x7,x7,-1148	  x7:0x00001000  x7=0x00000b84
          73561	      3576	80002926	03a2	c.slli	x7,0x8	  x7:0x00000b84  x7=0x000b8400
          73581	      3577	80002928	038d	c.addi	x7,3	  x7:0x000b8400  x7=0x000b8403
          73801	      3588	8000292a	00792023	sw	x7,0(x18)	 x18:0x8ffffffc  x7:0x000b8403 PA:0x8ffffffc store:0x000b8403
          73821	      3589	8000292e	b84023f3	csrrs	x7,mhpmcounter4h,x0	  x0:0x00000000  x7=0x00000000
          74081	      3602	80002932	00792023	sw	x7,0(x18)	 x18:0x8ffffffc  x7:0x00000000 PA:0x8ffffffc store:0x00000000
          74101	      3603	80002936	90000937	lui	x18,0x90000	 x18=0x90000000
          74121	      3604	8000293a	1971	c.addi	x18,-4	 x18:0x90000000 x18=0x8ffffffc
          74141	      3605	8000293c	6385	c.lui	x7,0x1	  x7=0x00001000
          74161	      3606	8000293e	b0538393	addi	x7,x7,-1275	  x7:0x00001000  x7=0x00000b05
          74181	      3607	80002942	03a2	c.slli	x7,0x8	  x7:0x00000b05  x7=0x000b0500
          74241	      3610	80002944	038d	c.addi	x7,3	  x7:0x000b0500  x7=0x000b0503
          74301	      3613	80002946	00792023	sw	x7,0(x18)	 x18:0x8ffffffc  x7:0x000b0503 PA:0x8ffffffc store:0x000b0503
          74321	      3614	8000294a	b05023f3	csrrs	x7,mhpmcounter5,x0	  x0:0x00000000  x7=0x00000000
          74521	      3624	8000294e	00792023	sw	x7,0(x18)	 x18:0x8ffffffc  x7:0x00000000 PA:0x8ffffffc store:0x00000000
          74741	      3635	80002952	90000937	lui	x18,0x90000	 x18=0x90000000
          74761	      3636	80002956	1971	c.addi	x18,-4	 x18:0x90000000 x18=0x8ffffffc
          75021	      3649	80002958	6385	c.lui	x7,0x1	  x7=0x00001000
          75121	      3654	8000295a	b8538393	addi	x7,x7,-1147	  x7:0x00001000  x7=0x00000b85
          75141	      3655	8000295e	03a2	c.slli	x7,0x8	  x7:0x00000b85  x7=0x000b8500
          75301	      3663	80002960	038d	c.addi	x7,3	  x7:0x000b8500  x7=0x000b8503
          75721	      3684	80002962	00792023	sw	x7,0(x18)	 x18:0x8ffffffc  x7:0x000b8503 PA:0x8ffffffc store:0x000b8503
          75741	      3685	80002966	b85023f3	csrrs	x7,mhpmcounter5h,x0	  x0:0x00000000  x7=0x00000000
          76121	      3704	8000296a	00792023	sw	x7,0(x18)	 x18:0x8ffffffc  x7:0x00000000 PA:0x8ffffffc store:0x00000000
          76141	      3705	8000296e	90000937	lui	x18,0x90000	 x18=0x90000000
          76161	      3706	80002972	1971	c.addi	x18,-4	 x18:0x90000000 x18=0x8ffffffc
          76181	      3707	80002974	6385	c.lui	x7,0x1	  x7=0x00001000
          76341	      3715	80002976	b0638393	addi	x7,x7,-1274	  x7:0x00001000  x7=0x00000b06
          76361	      3716	8000297a	03a2	c.slli	x7,0x8	  x7:0x00000b06  x7=0x000b0600
          76561	      3726	8000297c	038d	c.addi	x7,3	  x7:0x000b0600  x7=0x000b0603
          76641	      3730	8000297e	00792023	sw	x7,0(x18)	 x18:0x8ffffffc  x7:0x000b0603 PA:0x8ffffffc store:0x000b0603
          76661	      3731	80002982	b06023f3	csrrs	x7,mhpmcounter6,x0	  x0:0x00000000  x7=0x00000038
          76681	      3732	80002986	00792023	sw	x7,0(x18)	 x18:0x8ffffffc  x7:0x00000038 PA:0x8ffffffc store:0x00000038
          76701	      3733	8000298a	90000937	lui	x18,0x90000	 x18=0x90000000
          76721	      3734	8000298e	1971	c.addi	x18,-4	 x18:0x90000000 x18=0x8ffffffc
          76741	      3735	80002990	6385	c.lui	x7,0x1	  x7=0x00001000
          76761	      3736	80002992	b8638393	addi	x7,x7,-1146	  x7:0x00001000  x7=0x00000b86
          76781	      3737	80002996	03a2	c.slli	x7,0x8	  x7:0x00000b86  x7=0x000b8600
          76801	      3738	80002998	038d	c.addi	x7,3	  x7:0x000b8600  x7=0x000b8603
          77241	      3760	8000299a	00792023	sw	x7,0(x18)	 x18:0x8ffffffc  x7:0x000b8603 PA:0x8ffffffc store:0x000b8603
          77261	      3761	8000299e	b86023f3	csrrs	x7,mhpmcounter6h,x0	  x0:0x00000000  x7=0x00000000
          77321	      3764	800029a2	00792023	sw	x7,0(x18)	 x18:0x8ffffffc  x7:0x00000000 PA:0x8ffffffc store:0x00000000
          77341	      3765	800029a6	90000937	lui	x18,0x90000	 x18=0x90000000
          77361	      3766	800029aa	1971	c.addi	x18,-4	 x18:0x90000000 x18=0x8ffffffc
          77381	      3767	800029ac	6385	c.lui	x7,0x1	  x7=0x00001000
          77401	      3768	800029ae	b0738393	addi	x7,x7,-1273	  x7:0x00001000  x7=0x00000b07
          77421	      3769	800029b2	03a2	c.slli	x7,0x8	  x7:0x00000b07  x7=0x000b0700
          77441	      3770	800029b4	038d	c.addi	x7,3	  x7:0x000b0700  x7=0x000b0703
          77881	      3792	800029b6	00792023	sw	x7,0(x18)	 x18:0x8ffffffc  x7:0x000b0703 PA:0x8ffffffc store:0x000b0703
          77901	      3793	800029ba	b07023f3	csrrs	x7,mhpmcounter7,x0	  x0:0x00000000  x7=0x00000003
          78101	      3803	800029be	00792023	sw	x7,0(x18)	 x18:0x8ffffffc  x7:0x00000003 PA:0x8ffffffc store:0x00000003
          78121	      3804	800029c2	90000937	lui	x18,0x90000	 x18=0x90000000
          78141	      3805	800029c6	1971	c.addi	x18,-4	 x18:0x90000000 x18=0x8ffffffc
          78161	      3806	800029c8	6385	c.lui	x7,0x1	  x7=0x00001000
          78181	      3807	800029ca	b8738393	addi	x7,x7,-1145	  x7:0x00001000  x7=0x00000b87
          78201	      3808	800029ce	03a2	c.slli	x7,0x8	  x7:0x00000b87  x7=0x000b8700
          78221	      3809	800029d0	038d	c.addi	x7,3	  x7:0x000b8700  x7=0x000b8703
          78361	      3816	800029d2	00792023	sw	x7,0(x18)	 x18:0x8ffffffc  x7:0x000b8703 PA:0x8ffffffc store:0x000b8703
          78381	      3817	800029d6	b87023f3	csrrs	x7,mhpmcounter7h,x0	  x0:0x00000000  x7=0x00000000
          78441	      3820	800029da	00792023	sw	x7,0(x18)	 x18:0x8ffffffc  x7:0x00000000 PA:0x8ffffffc store:0x00000000
          78461	      3821	800029de	90000937	lui	x18,0x90000	 x18=0x90000000
          78481	      3822	800029e2	1971	c.addi	x18,-4	 x18:0x90000000 x18=0x8ffffffc
          78681	      3832	800029e4	6385	c.lui	x7,0x1	  x7=0x00001000
          78881	      3842	800029e6	b0838393	addi	x7,x7,-1272	  x7:0x00001000  x7=0x00000b08
          78901	      3843	800029ea	03a2	c.slli	x7,0x8	  x7:0x00000b08  x7=0x000b0800
          78921	      3844	800029ec	038d	c.addi	x7,3	  x7:0x000b0800  x7=0x000b0803
          79021	      3849	800029ee	00792023	sw	x7,0(x18)	 x18:0x8ffffffc  x7:0x000b0803 PA:0x8ffffffc store:0x000b0803
          79041	      3850	800029f2	b08023f3	csrrs	x7,mhpmcounter8,x0	  x0:0x00000000  x7=0x00000007
          79101	      3853	800029f6	00792023	sw	x7,0(x18)	 x18:0x8ffffffc  x7:0x00000007 PA:0x8ffffffc store:0x00000007
          79261	      3861	800029fa	90000937	lui	x18,0x90000	 x18=0x90000000
          79281	      3862	800029fe	1971	c.addi	x18,-4	 x18:0x90000000 x18=0x8ffffffc
          79461	      3871	80002a00	6385	c.lui	x7,0x1	  x7=0x00001000
          79881	      3892	80002a02	b8838393	addi	x7,x7,-1144	  x7:0x00001000  x7=0x00000b88
          79901	      3893	80002a06	03a2	c.slli	x7,0x8	  x7:0x00000b88  x7=0x000b8800
          79921	      3894	80002a08	038d	c.addi	x7,3	  x7:0x000b8800  x7=0x000b8803
          80381	      3917	80002a0a	00792023	sw	x7,0(x18)	 x18:0x8ffffffc  x7:0x000b8803 PA:0x8ffffffc store:0x000b8803
          80401	      3918	80002a0e	b88023f3	csrrs	x7,mhpmcounter8h,x0	  x0:0x00000000  x7=0x00000000
          80621	      3929	80002a12	00792023	sw	x7,0(x18)	 x18:0x8ffffffc  x7:0x00000000 PA:0x8ffffffc store:0x00000000
          80641	      3930	80002a16	90000937	lui	x18,0x90000	 x18=0x90000000
          80661	      3931	80002a1a	1971	c.addi	x18,-4	 x18:0x90000000 x18=0x8ffffffc
          80681	      3932	80002a1c	6385	c.lui	x7,0x1	  x7=0x00001000
          80701	      3933	80002a1e	b0938393	addi	x7,x7,-1271	  x7:0x00001000  x7=0x00000b09
          80721	      3934	80002a22	03a2	c.slli	x7,0x8	  x7:0x00000b09  x7=0x000b0900
          80741	      3935	80002a24	038d	c.addi	x7,3	  x7:0x000b0900  x7=0x000b0903
          81261	      3961	80002a26	00792023	sw	x7,0(x18)	 x18:0x8ffffffc  x7:0x000b0903 PA:0x8ffffffc store:0x000b0903
          81281	      3962	80002a2a	b09023f3	csrrs	x7,mhpmcounter9,x0	  x0:0x00000000  x7=0x00000004
          81661	      3981	80002a2e	00792023	sw	x7,0(x18)	 x18:0x8ffffffc  x7:0x00000004 PA:0x8ffffffc store:0x00000004
          81681	      3982	80002a32	90000937	lui	x18,0x90000	 x18=0x90000000
          81701	      3983	80002a36	1971	c.addi	x18,-4	 x18:0x90000000 x18=0x8ffffffc
          81721	      3984	80002a38	6385	c.lui	x7,0x1	  x7=0x00001000
          81821	      3989	80002a3a	b8938393	addi	x7,x7,-1143	  x7:0x00001000  x7=0x00000b89
          81841	      3990	80002a3e	03a2	c.slli	x7,0x8	  x7:0x00000b89  x7=0x000b8900
          81921	      3994	80002a40	038d	c.addi	x7,3	  x7:0x000b8900  x7=0x000b8903
          82161	      4006	80002a42	00792023	sw	x7,0(x18)	 x18:0x8ffffffc  x7:0x000b8903 PA:0x8ffffffc store:0x000b8903
          82181	      4007	80002a46	b89023f3	csrrs	x7,mhpmcounter9h,x0	  x0:0x00000000  x7=0x00000000
          82781	      4037	80002a4a	00792023	sw	x7,0(x18)	 x18:0x8ffffffc  x7:0x00000000 PA:0x8ffffffc store:0x00000000
          82801	      4038	80002a4e	90000937	lui	x18,0x90000	 x18=0x90000000
          82821	      4039	80002a52	1971	c.addi	x18,-4	 x18:0x90000000 x18=0x8ffffffc
          82841	      4040	80002a54	6385	c.lui	x7,0x1	  x7=0x00001000
          82861	      4041	80002a56	b0a38393	addi	x7,x7,-1270	  x7:0x00001000  x7=0x00000b0a
          82881	      4042	80002a5a	03a2	c.slli	x7,0x8	  x7:0x00000b0a  x7=0x000b0a00
          82901	      4043	80002a5c	038d	c.addi	x7,3	  x7:0x000b0a00  x7=0x000b0a03
          83461	      4071	80002a5e	00792023	sw	x7,0(x18)	 x18:0x8ffffffc  x7:0x000b0a03 PA:0x8ffffffc store:0x000b0a03
          83481	      4072	80002a62	b0a023f3	csrrs	x7,mhpmcounter10,x0	  x0:0x00000000  x7=0x0000008e
          83541	      4075	80002a66	00792023	sw	x7,0(x18)	 x18:0x8ffffffc  x7:0x0000008e PA:0x8ffffffc store:0x0000008e
          83561	      4076	80002a6a	90000937	lui	x18,0x90000	 x18=0x90000000
          83581	      4077	80002a6e	1971	c.addi	x18,-4	 x18:0x90000000 x18=0x8ffffffc
          83601	      4078	80002a70	6385	c.lui	x7,0x1	  x7=0x00001000
          83621	      4079	80002a72	b8a38393	addi	x7,x7,-1142	  x7:0x00001000  x7=0x00000b8a
          83641	      4080	80002a76	03a2	c.slli	x7,0x8	  x7:0x00000b8a  x7=0x000b8a00
          83661	      4081	80002a78	038d	c.addi	x7,3	  x7:0x000b8a00  x7=0x000b8a03
          84081	      4102	80002a7a	00792023	sw	x7,0(x18)	 x18:0x8ffffffc  x7:0x000b8a03 PA:0x8ffffffc store:0x000b8a03
          84101	      4103	80002a7e	b8a023f3	csrrs	x7,mhpmcounter10h,x0	  x0:0x00000000  x7=0x00000000
          84521	      4124	80002a82	00792023	sw	x7,0(x18)	 x18:0x8ffffffc  x7:0x00000000 PA:0x8ffffffc store:0x00000000
          84541	      4125	80002a86	90000937	lui	x18,0x90000	 x18=0x90000000
          84561	      4126	80002a8a	1971	c.addi	x18,-4	 x18:0x90000000 x18=0x8ffffffc
          84581	      4127	80002a8c	6385	c.lui	x7,0x1	  x7=0x00001000
          84601	      4128	80002a8e	b0b38393	addi	x7,x7,-1269	  x7:0x00001000  x7=0x00000b0b
          84621	      4129	80002a92	03a2	c.slli	x7,0x8	  x7:0x00000b0b  x7=0x000b0b00
          84641	      4130	80002a94	038d	c.addi	x7,3	  x7:0x000b0b00  x7=0x000b0b03
          84701	      4133	80002a96	00792023	sw	x7,0(x18)	 x18:0x8ffffffc  x7:0x000b0b03 PA:0x8ffffffc store:0x000b0b03
          84721	      4134	80002a9a	b0b023f3	csrrs	x7,mhpmcounter11,x0	  x0:0x00000000  x7=0x00000000
          84741	      4135	80002a9e	00792023	sw	x7,0(x18)	 x18:0x8ffffffc  x7:0x00000000 PA:0x8ffffffc store:0x00000000
          84761	      4136	80002aa2	90000937	lui	x18,0x90000	 x18=0x90000000
          84781	      4137	80002aa6	1971	c.addi	x18,-4	 x18:0x90000000 x18=0x8ffffffc
          85181	      4157	80002aa8	6385	c.lui	x7,0x1	  x7=0x00001000
          85261	      4161	80002aaa	b8b38393	addi	x7,x7,-1141	  x7:0x00001000  x7=0x00000b8b
          85281	      4162	80002aae	03a2	c.slli	x7,0x8	  x7:0x00000b8b  x7=0x000b8b00
          85421	      4169	80002ab0	038d	c.addi	x7,3	  x7:0x000b8b00  x7=0x000b8b03
          85541	      4175	80002ab2	00792023	sw	x7,0(x18)	 x18:0x8ffffffc  x7:0x000b8b03 PA:0x8ffffffc store:0x000b8b03
          85561	      4176	80002ab6	b8b023f3	csrrs	x7,mhpmcounter11h,x0	  x0:0x00000000  x7=0x00000000
          85681	      4182	80002aba	00792023	sw	x7,0(x18)	 x18:0x8ffffffc  x7:0x00000000 PA:0x8ffffffc store:0x00000000
          85701	      4183	80002abe	90000937	lui	x18,0x90000	 x18=0x90000000
          85721	      4184	80002ac2	1971	c.addi	x18,-4	 x18:0x90000000 x18=0x8ffffffc
          85741	      4185	80002ac4	6385	c.lui	x7,0x1	  x7=0x00001000
          85881	      4192	80002ac6	b0c38393	addi	x7,x7,-1268	  x7:0x00001000  x7=0x00000b0c
          85901	      4193	80002aca	03a2	c.slli	x7,0x8	  x7:0x00000b0c  x7=0x000b0c00
          91421	      4469	80002acc	038d	c.addi	x7,3	  x7:0x000b0c00  x7=0x000b0c03
          91781	      4487	80002ace	00792023	sw	x7,0(x18)	 x18:0x8ffffffc  x7:0x000b0c03 PA:0x8ffffffc store:0x000b0c03
          91801	      4488	80002ad2	b0c023f3	csrrs	x7,mhpmcounter12,x0	  x0:0x00000000  x7=0x00000000
          91981	      4497	80002ad6	00792023	sw	x7,0(x18)	 x18:0x8ffffffc  x7:0x00000000 PA:0x8ffffffc store:0x00000000
          92001	      4498	80002ada	90000937	lui	x18,0x90000	 x18=0x90000000
          92021	      4499	80002ade	1971	c.addi	x18,-4	 x18:0x90000000 x18=0x8ffffffc
          92041	      4500	80002ae0	6385	c.lui	x7,0x1	  x7=0x00001000
          92061	      4501	80002ae2	b8c38393	addi	x7,x7,-1140	  x7:0x00001000  x7=0x00000b8c
          92081	      4502	80002ae6	03a2	c.slli	x7,0x8	  x7:0x00000b8c  x7=0x000b8c00
          92101	      4503	80002ae8	038d	c.addi	x7,3	  x7:0x000b8c00  x7=0x000b8c03
          92161	      4506	80002aea	00792023	sw	x7,0(x18)	 x18:0x8ffffffc  x7:0x000b8c03 PA:0x8ffffffc store:0x000b8c03
          92501	      4523	80002aee	b8c023f3	csrrs	x7,mhpmcounter12h,x0	  x0:0x00000000  x7=0x00000000
          92621	      4529	80002af2	00792023	sw	x7,0(x18)	 x18:0x8ffffffc  x7:0x00000000 PA:0x8ffffffc store:0x00000000
          92941	      4545	80002af6	ffffd397	auipc	x7,0xffffd	  x7=0x7ffffaf6
          92961	      4546	80002afa	58a38393	addi	x7,x7,1418	  x7:0x7ffffaf6  x7=0x80000080
          93081	      4552	80002afe	0003a023	sw	x0,0(x7)	  x7:0x80000080  x0:0x00000000 PA:0x80000080 store:0x00000000
          93241	      4560	80002b02	0013a223	sw	x1,4(x7)	  x7:0x80000080  x1:0x00000007 PA:0x80000084 store:0x00000007
          93461	      4571	80002b06	0023a423	sw	x2,8(x7)	  x7:0x80000080  x2:0xab0fb948 PA:0x80000088 store:0xab0fb948
          93481	      4572	80002b0a	0033a623	sw	x3,12(x7)	  x7:0x80000080  x3:0x8000001f PA:0x8000008c store:0x8000001f
