Time	Cycle	PC	Insn	Decoded instruction	Register and memory contents
           2569	        26	80000080	40001a37	lui	x20,0x40001	 x20=0x40001000
           2689	        32	80000084	106a0a13	addi	x20,x20,262	 x20:0x40001000 x20=0x40001106
           2729	        34	80000088	301a1073	csrrw	x0,misa,x20	 x20:0x40001106  x0=0x00000000
           2789	        37	8000008c	00026f17	auipc	x30,0x26	 x30=0x8002608c
           2969	        46	80000090	c58f0f13	addi	x30,x30,-936	 x30:0x8002608c x30=0x80025ce4
           3389	        67	80000094	00002a17	auipc	x20,0x2	 x20=0x80002094
           3749	        85	80000098	66ca0a13	addi	x20,x20,1644	 x20:0x80002094 x20=0x80002700
           3829	        89	8000009c	001a6a13	ori	x20,x20,1	 x20:0x80002700 x20=0x80002701
           4129	       104	800000a0	305a1073	csrrw	x0,mtvec,x20	 x20:0x80002701  x0=0x00000000
           4309	       113	800000a4	74725073	csrrwi	x0,0x747,4	  x0=0x00000000
           4369	       116	800000a8	00003797	auipc	x15,0x3	 x15=0x800030a8
           4389	       117	800000ac	41478793	addi	x15,x15,1044	 x15:0x800030a8 x15=0x800034bc
           4409	       118	800000b0	4a01	c.li	x20,0	 x20=0x00000000
           4429	       119	800000b2	97d2	c.add	x15,x20	 x15:0x800034bc x20:0x00000000 x15=0x800034bc
           4489	       122	800000b4	8389	c.srli	x15,0x2	 x15:0x800034bc x15=0x20000d2f
           4509	       123	800000b6	3b079073	csrrw	x0,pmpaddr0,x15	 x15:0x20000d2f  x0=0x00000000
           4569	       126	800000ba	00003797	auipc	x15,0x3	 x15=0x800030ba
           4949	       145	800000be	40278793	addi	x15,x15,1026	 x15:0x800030ba x15=0x800034bc
           4969	       146	800000c2	11111a37	lui	x20,0x11111	 x20=0x11111000
           4989	       147	800000c6	111a0a13	addi	x20,x20,273	 x20:0x11111000 x20=0x11111111
           5009	       148	800000ca	97d2	c.add	x15,x20	 x15:0x800034bc x20:0x11111111 x15=0x911145cd
           5029	       149	800000cc	8389	c.srli	x15,0x2	 x15:0x911145cd x15=0x24445173
           5049	       150	800000ce	3b179073	csrrw	x0,pmpaddr1,x15	 x15:0x24445173  x0=0x00000000
           5109	       153	800000d2	00003797	auipc	x15,0x3	 x15=0x800030d2
           5169	       156	800000d6	3ea78793	addi	x15,x15,1002	 x15:0x800030d2 x15=0x800034bc
           5189	       157	800000da	22222a37	lui	x20,0x22222	 x20=0x22222000
           5209	       158	800000de	222a0a13	addi	x20,x20,546	 x20:0x22222000 x20=0x22222222
           5229	       159	800000e2	97d2	c.add	x15,x20	 x15:0x800034bc x20:0x22222222 x15=0xa22256de
           5249	       160	800000e4	8389	c.srli	x15,0x2	 x15:0xa22256de x15=0x288895b7
           5509	       173	800000e6	3b279073	csrrw	x0,pmpaddr2,x15	 x15:0x288895b7  x0=0x00000000
           5569	       176	800000ea	00003797	auipc	x15,0x3	 x15=0x800030ea
           5589	       177	800000ee	3d278793	addi	x15,x15,978	 x15:0x800030ea x15=0x800034bc
           5609	       178	800000f2	33333a37	lui	x20,0x33333	 x20=0x33333000
           5629	       179	800000f6	333a0a13	addi	x20,x20,819	 x20:0x33333000 x20=0x33333333
           5649	       180	800000fa	97d2	c.add	x15,x20	 x15:0x800034bc x20:0x33333333 x15=0xb33367ef
           5789	       187	800000fc	8389	c.srli	x15,0x2	 x15:0xb33367ef x15=0x2cccd9fb
           5809	       188	800000fe	3b379073	csrrw	x0,pmpaddr3,x15	 x15:0x2cccd9fb  x0=0x00000000
           5869	       191	80000102	0f0f17b7	lui	x15,0xf0f1	 x15=0x0f0f1000
           6249	       210	80000106	f0f78793	addi	x15,x15,-241	 x15:0x0f0f1000 x15=0x0f0f0f0f
           6269	       211	8000010a	3a079073	csrrw	x0,pmpcfg0,x15	 x15:0x0f0f0f0f  x0=0x00000000
           6409	       218	8000010e	00003797	auipc	x15,0x3	 x15=0x8000310e
           6609	       228	80000112	3ae78793	addi	x15,x15,942	 x15:0x8000310e x15=0x800034bc
           6629	       229	80000116	44444a37	lui	x20,0x44444	 x20=0x44444000
           7049	       250	8000011a	444a0a13	addi	x20,x20,1092	 x20:0x44444000 x20=0x44444444
           7069	       251	8000011e	97d2	c.add	x15,x20	 x15:0x800034bc x20:0x44444444 x15=0xc4447900
           7089	       252	80000120	8389	c.srli	x15,0x2	 x15:0xc4447900 x15=0x31111e40
           7369	       266	80000122	3b479073	csrrw	x0,pmpaddr4,x15	 x15:0x31111e40  x0=0x00000000
           7429	       269	80000126	00003797	auipc	x15,0x3	 x15=0x80003126
           7449	       270	8000012a	39678793	addi	x15,x15,918	 x15:0x80003126 x15=0x800034bc
           7769	       286	8000012e	55555a37	lui	x20,0x55555	 x20=0x55555000
           7849	       290	80000132	555a0a13	addi	x20,x20,1365	 x20:0x55555000 x20=0x55555555
           7869	       291	80000136	97d2	c.add	x15,x20	 x15:0x800034bc x20:0x55555555 x15=0xd5558a11
           7889	       292	80000138	8389	c.srli	x15,0x2	 x15:0xd5558a11 x15=0x35556284
           7989	       297	8000013a	3b579073	csrrw	x0,pmpaddr5,x15	 x15:0x35556284  x0=0x00000000
           8209	       308	8000013e	00003797	auipc	x15,0x3	 x15=0x8000313e
           8369	       316	80000142	37e78793	addi	x15,x15,894	 x15:0x8000313e x15=0x800034bc
           8389	       317	80000146	66666a37	lui	x20,0x66666	 x20=0x66666000
           8409	       318	8000014a	666a0a13	addi	x20,x20,1638	 x20:0x66666000 x20=0x66666666
           8429	       319	8000014e	97d2	c.add	x15,x20	 x15:0x800034bc x20:0x66666666 x15=0xe6669b22
           8449	       320	80000150	8389	c.srli	x15,0x2	 x15:0xe6669b22 x15=0x3999a6c8
           8469	       321	80000152	3b679073	csrrw	x0,pmpaddr6,x15	 x15:0x3999a6c8  x0=0x00000000
           8569	       326	80000156	00003797	auipc	x15,0x3	 x15=0x80003156
           8589	       327	8000015a	36678793	addi	x15,x15,870	 x15:0x80003156 x15=0x800034bc
           8609	       328	8000015e	77777a37	lui	x20,0x77777	 x20=0x77777000
           8629	       329	80000162	777a0a13	addi	x20,x20,1911	 x20:0x77777000 x20=0x77777777
           8649	       330	80000166	97d2	c.add	x15,x20	 x15:0x800034bc x20:0x77777777 x15=0xf777ac33
           8669	       331	80000168	8389	c.srli	x15,0x2	 x15:0xf777ac33 x15=0x3dddeb0c
           8729	       334	8000016a	3b779073	csrrw	x0,pmpaddr7,x15	 x15:0x3dddeb0c  x0=0x00000000
           9029	       349	8000016e	0f0f17b7	lui	x15,0xf0f1	 x15=0x0f0f1000
           9049	       350	80000172	f0f78793	addi	x15,x15,-241	 x15:0x0f0f1000 x15=0x0f0f0f0f
           9469	       371	80000176	3a179073	csrrw	x0,pmpcfg1,x15	 x15:0x0f0f0f0f  x0=0x00000000
           9529	       374	8000017a	00003797	auipc	x15,0x3	 x15=0x8000317a
           9549	       375	8000017e	34278793	addi	x15,x15,834	 x15:0x8000317a x15=0x800034bc
           9609	       378	80000182	88889a37	lui	x20,0x88889	 x20=0x88889000
           9629	       379	80000186	888a0a13	addi	x20,x20,-1912	 x20:0x88889000 x20=0x88888888
           9649	       380	8000018a	97d2	c.add	x15,x20	 x15:0x800034bc x20:0x88888888 x15=0x0888bd44
           9669	       381	8000018c	8389	c.srli	x15,0x2	 x15:0x0888bd44 x15=0x02222f51
           9689	       382	8000018e	3b879073	csrrw	x0,pmpaddr8,x15	 x15:0x02222f51  x0=0x00000000
          10069	       401	80000192	00003797	auipc	x15,0x3	 x15=0x80003192
          10089	       402	80000196	32a78793	addi	x15,x15,810	 x15:0x80003192 x15=0x800034bc
          10109	       403	8000019a	9999aa37	lui	x20,0x9999a	 x20=0x9999a000
          10529	       424	8000019e	999a0a13	addi	x20,x20,-1639	 x20:0x9999a000 x20=0x99999999
          10549	       425	800001a2	97d2	c.add	x15,x20	 x15:0x800034bc x20:0x99999999 x15=0x1999ce55
          10589	       427	800001a4	8389	c.srli	x15,0x2	 x15:0x1999ce55 x15=0x06667395
          11009	       448	800001a6	3b979073	csrrw	x0,pmpaddr9,x15	 x15:0x06667395  x0=0x00000000
          11069	       451	800001aa	00003797	auipc	x15,0x3	 x15=0x800031aa
          11089	       452	800001ae	31278793	addi	x15,x15,786	 x15:0x800031aa x15=0x800034bc
          11109	       453	800001b2	aaaaba37	lui	x20,0xaaaab	 x20=0xaaaab000
          11169	       456	800001b6	aaaa0a13	addi	x20,x20,-1366	 x20:0xaaaab000 x20=0xaaaaaaaa
          11189	       457	800001ba	97d2	c.add	x15,x20	 x15:0x800034bc x20:0xaaaaaaaa x15=0x2aaadf66
          11209	       458	800001bc	8389	c.srli	x15,0x2	 x15:0x2aaadf66 x15=0x0aaab7d9
          11329	       464	800001be	3ba79073	csrrw	x0,pmpaddr10,x15	 x15:0x0aaab7d9  x0=0x00000000
          11389	       467	800001c2	00003797	auipc	x15,0x3	 x15=0x800031c2
          11489	       472	800001c6	2fa78793	addi	x15,x15,762	 x15:0x800031c2 x15=0x800034bc
          11509	       473	800001ca	bbbbca37	lui	x20,0xbbbbc	 x20=0xbbbbc000
          11609	       478	800001ce	bbba0a13	addi	x20,x20,-1093	 x20:0xbbbbc000 x20=0xbbbbbbbb
          11629	       479	800001d2	97d2	c.add	x15,x20	 x15:0x800034bc x20:0xbbbbbbbb x15=0x3bbbf077
          11649	       480	800001d4	8389	c.srli	x15,0x2	 x15:0x3bbbf077 x15=0x0eeefc1d
          12049	       500	800001d6	3bb79073	csrrw	x0,pmpaddr11,x15	 x15:0x0eeefc1d  x0=0x00000000
          12109	       503	800001da	0f0f17b7	lui	x15,0xf0f1	 x15=0x0f0f1000
          12129	       504	800001de	f0f78793	addi	x15,x15,-241	 x15:0x0f0f1000 x15=0x0f0f0f0f
          12149	       505	800001e2	3a279073	csrrw	x0,pmpcfg2,x15	 x15:0x0f0f0f0f  x0=0x00000000
          12249	       510	800001e6	00003797	auipc	x15,0x3	 x15=0x800031e6
          12269	       511	800001ea	2d678793	addi	x15,x15,726	 x15:0x800031e6 x15=0x800034bc
          12409	       518	800001ee	ccccda37	lui	x20,0xccccd	 x20=0xccccd000
          12429	       519	800001f2	ccca0a13	addi	x20,x20,-820	 x20:0xccccd000 x20=0xcccccccc
          12449	       520	800001f6	97d2	c.add	x15,x20	 x15:0x800034bc x20:0xcccccccc x15=0x4ccd0188
          12489	       522	800001f8	8389	c.srli	x15,0x2	 x15:0x4ccd0188 x15=0x13334062
          12829	       539	800001fa	3bc79073	csrrw	x0,pmpaddr12,x15	 x15:0x13334062  x0=0x00000000
          13249	       560	800001fe	00003797	auipc	x15,0x3	 x15=0x800031fe
          13269	       561	80000202	2be78793	addi	x15,x15,702	 x15:0x800031fe x15=0x800034bc
          13429	       569	80000206	ddddea37	lui	x20,0xdddde	 x20=0xdddde000
          13509	       573	8000020a	ddda0a13	addi	x20,x20,-547	 x20:0xdddde000 x20=0xdddddddd
          13529	       574	8000020e	97d2	c.add	x15,x20	 x15:0x800034bc x20:0xdddddddd x15=0x5dde1299
          13549	       575	80000210	8389	c.srli	x15,0x2	 x15:0x5dde1299 x15=0x177784a6
          13569	       576	80000212	3bd79073	csrrw	x0,pmpaddr13,x15	 x15:0x177784a6  x0=0x00000000
          13629	       579	80000216	00003797	auipc	x15,0x3	 x15=0x80003216
          13649	       580	8000021a	2a678793	addi	x15,x15,678	 x15:0x80003216 x15=0x800034bc
          13689	       582	8000021e	eeeefa37	lui	x20,0xeeeef	 x20=0xeeeef000
          13709	       583	80000222	eeea0a13	addi	x20,x20,-274	 x20:0xeeeef000 x20=0xeeeeeeee
          13729	       584	80000226	97d2	c.add	x15,x20	 x15:0x800034bc x20:0xeeeeeeee x15=0x6eef23aa
          13749	       585	80000228	8389	c.srli	x15,0x2	 x15:0x6eef23aa x15=0x1bbbc8ea
          13869	       591	8000022a	3be79073	csrrw	x0,pmpaddr14,x15	 x15:0x1bbbc8ea  x0=0x00000000
          14029	       599	8000022e	00003797	auipc	x15,0x3	 x15=0x8000322e
          14049	       600	80000232	28e78793	addi	x15,x15,654	 x15:0x8000322e x15=0x800034bc
          14069	       601	80000236	fff00a13	addi	x20,x0,-1	  x0:0x00000000 x20=0xffffffff
          14089	       602	8000023a	97d2	c.add	x15,x20	 x15:0x800034bc x20:0xffffffff x15=0x800034bb
          14109	       603	8000023c	8389	c.srli	x15,0x2	 x15:0x800034bb x15=0x20000d2e
          14249	       610	8000023e	3bf79073	csrrw	x0,pmpaddr15,x15	 x15:0x20000d2e  x0=0x00000000
          14409	       618	80000242	0f0f17b7	lui	x15,0xf0f1	 x15=0x0f0f1000
          14489	       622	80000246	f0f78793	addi	x15,x15,-241	 x15:0x0f0f1000 x15=0x0f0f0f0f
          14609	       628	8000024a	3a379073	csrrw	x0,pmpcfg3,x15	 x15:0x0f0f0f0f  x0=0x00000000
          14669	       631	8000024e	00000a17	auipc	x20,0x0	 x20=0x8000024e
          15049	       650	80000252	058a0a13	addi	x20,x20,88	 x20:0x8000024e x20=0x800002a6
          15389	       667	80000256	341a1073	csrrw	x0,mepc,x20	 x20:0x800002a6  x0=0x00000000
          15569	       676	8000025a	7c00d073	csrrwi	x0,0x7c0,1	  x0=0x00000000
          15629	       679	8000025e	6a09	c.lui	x20,0x2	 x20=0x00002000
          15649	       680	80000260	800a0a13	addi	x20,x20,-2048	 x20:0x00002000 x20=0x00001800
          15709	       683	80000264	300a1073	csrrw	x0,mstatus,x20	 x20:0x00001800  x0=0x00000000
          16089	       702	80000268	4a01	c.li	x20,0	 x20=0x00000000
          16229	       709	8000026a	304a1073	csrrw	x0,mie,x20	 x20:0x00000000  x0=0x00000000
          16569	       726	8000026e	900006b7	lui	x13,0x90000	 x13=0x90000000
          16589	       727	80000272	16f1	c.addi	x13,-4	 x13:0x90000000 x13=0x8ffffffc
          16609	       728	80000274	30000a13	addi	x20,x0,768	  x0:0x00000000 x20=0x00000300
          16689	       732	80000278	0a22	c.slli	x20,0x8	 x20:0x00000300 x20=0x00030000
          16709	       733	8000027a	0a0d	c.addi	x20,3	 x20:0x00030000 x20=0x00030003
          16769	       736	8000027c	0146a023	sw	x20,0(x13)	 x13:0x8ffffffc x20:0x00030003 PA:0x8ffffffc store:0x00030003
          17129	       754	80000280	30002a73	csrrs	x20,mstatus,x0	  x0:0x00000000 x20=0x00001800
          17329	       764	80000284	0146a023	sw	x20,0(x13)	 x13:0x8ffffffc x20:0x00001800 PA:0x8ffffffc store:0x00001800
          17569	       776	80000288	900006b7	lui	x13,0x90000	 x13=0x90000000
          17649	       780	8000028c	16f1	c.addi	x13,-4	 x13:0x90000000 x13=0x8ffffffc
          17669	       781	8000028e	30400a13	addi	x20,x0,772	  x0:0x00000000 x20=0x00000304
          17689	       782	80000292	0a22	c.slli	x20,0x8	 x20:0x00000304 x20=0x00030400
          17709	       783	80000294	0a0d	c.addi	x20,3	 x20:0x00030400 x20=0x00030403
          17769	       786	80000296	0146a023	sw	x20,0(x13)	 x13:0x8ffffffc x20:0x00030403 PA:0x8ffffffc store:0x00030403
          17789	       787	8000029a	30402a73	csrrs	x20,mie,x0	  x0:0x00000000 x20=0x00000000
          17929	       794	8000029e	0146a023	sw	x20,0(x13)	 x13:0x8ffffffc x20:0x00000000 PA:0x8ffffffc store:0x00000000
          18089	       802	800002a2	30200073	mret	
          18949	       845	800002a6	fb603037	lui	x0,0xfb603	  x0=0x00000000
          18969	       846	800002aa	81000013	addi	x0,x0,-2032	  x0:0x00000000  x0=0x00000000
          19029	       849	800002ae	f95a50b7	lui	x1,0xf95a5	  x1=0xf95a5000
          19249	       860	800002b2	aea08093	addi	x1,x1,-1302	  x1:0xf95a5000  x1=0xf95a4aea
          19669	       881	800002b6	f11e0137	lui	x2,0xf11e0	  x2=0xf11e0000
          19689	       882	800002ba	f2810113	addi	x2,x2,-216	  x2:0xf11e0000  x2=0xf11dff28
          19709	       883	800002be	f06381b7	lui	x3,0xf0638	  x3=0xf0638000
          19729	       884	800002c2	21f18193	addi	x3,x3,543	  x3:0xf0638000  x3=0xf063821f
          19749	       885	800002c6	4205	c.li	x4,1	  x4=0x00000001
          19769	       886	800002c8	eb4622b7	lui	x5,0xeb462	  x5=0xeb462000
          19909	       893	800002cc	bc328293	addi	x5,x5,-1085	  x5:0xeb462000  x5=0xeb461bc3
          19929	       894	800002d0	f3d8f337	lui	x6,0xf3d8f	  x6=0xf3d8f000
          19949	       895	800002d4	1e130313	addi	x6,x6,481	  x6:0xf3d8f000  x6=0xf3d8f1e1
          19969	       896	800002d8	43b1	c.li	x7,12	  x7=0x0000000c
          19989	       897	800002da	4045a437	lui	x8,0x4045a	  x8=0x4045a000
          20109	       903	800002de	35a40413	addi	x8,x8,858	  x8:0x4045a000  x8=0x4045a35a
          20129	       904	800002e2	800004b7	lui	x9,0x80000	  x9=0x80000000
          20149	       905	800002e6	4515	c.li	x10,5	 x10=0x00000005
          20209	       908	800002e8	244735b7	lui	x11,0x24473	 x11=0x24473000
          20509	       923	800002ec	d6d58593	addi	x11,x11,-659	 x11:0x24473000 x11=0x24472d6d
          20529	       924	800002f0	4639	c.li	x12,14	 x12=0x0000000e
          20549	       925	800002f2	bb0f76b7	lui	x13,0xbb0f7	 x13=0xbb0f7000
          20689	       932	800002f6	0ce68693	addi	x13,x13,206	 x13:0xbb0f7000 x13=0xbb0f70ce
          20869	       941	800002fa	fc21c737	lui	x14,0xfc21c	 x14=0xfc21c000
          20889	       942	800002fe	ef170713	addi	x14,x14,-271	 x14:0xfc21c000 x14=0xfc21bef1
          21069	       951	80000302	f55427b7	lui	x15,0xf5542	 x15=0xf5542000
          21249	       960	80000306	07c78793	addi	x15,x15,124	 x15:0xf5542000 x15=0xf554207c
          21329	       964	8000030a	80000837	lui	x16,0x80000	 x16=0x80000000
          21389	       967	8000030e	80000937	lui	x18,0x80000	 x18=0x80000000
          21469	       971	80000312	089509b7	lui	x19,0x8950	 x19=0x08950000
          21489	       972	80000316	43c98993	addi	x19,x19,1084	 x19:0x08950000 x19=0x0895043c
          21509	       973	8000031a	4a11	c.li	x20,4	 x20=0x00000004
          21529	       974	8000031c	7633bab7	lui	x21,0x7633b	 x21=0x7633b000
          21549	       975	80000320	59fa8a93	addi	x21,x21,1439	 x21:0x7633b000 x21=0x7633b59f
          21969	       996	80000324	4b01	c.li	x22,0	 x22=0x00000000
          21989	       997	80000326	ea93dbb7	lui	x23,0xea93d	 x23=0xea93d000
          22009	       998	8000032a	699b8b93	addi	x23,x23,1689	 x23:0xea93d000 x23=0xea93d699
          22029	       999	8000032e	8cb01c37	lui	x24,0x8cb01	 x24=0x8cb01000
          22049	      1000	80000332	accc0c13	addi	x24,x24,-1332	 x24:0x8cb01000 x24=0x8cb00acc
          22569	      1026	80000336	f8935cb7	lui	x25,0xf8935	 x25=0xf8935000
          22989	      1047	8000033a	ecfc8c93	addi	x25,x25,-305	 x25:0xf8935000 x25=0xf8934ecf
          23009	      1048	8000033e	4d35	c.li	x26,13	 x26=0x0000000d
          23069	      1051	80000340	d1c38db7	lui	x27,0xd1c38	 x27=0xd1c38000
          23109	      1053	80000344	69dd8d93	addi	x27,x27,1693	 x27:0xd1c38000 x27=0xd1c3869d
          23169	      1056	80000348	4e01	c.li	x28,0	 x28=0x00000000
          23189	      1057	8000034a	4ea5	c.li	x29,9	 x29=0x00000009
          23309	      1063	8000034c	4f95	c.li	x31,5	 x31=0x00000005
          23329	      1064	8000034e	00022897	auipc	x17,0x22	 x17=0x8002234e
          23389	      1067	80000352	b1688893	addi	x17,x17,-1258	 x17:0x8002234e x17=0x80021e64
          23549	      1075	80000356	900006b7	lui	x13,0x90000	 x13=0x90000000
          23569	      1076	8000035a	16f1	c.addi	x13,-4	 x13:0x90000000 x13=0x8ffffffc
          23589	      1077	8000035c	4a01	c.li	x20,0	 x20=0x00000000
          23609	      1078	8000035e	0a22	c.slli	x20,0x8	 x20:0x00000000 x20=0x00000000
          23649	      1080	80000360	000a0a13	addi	x20,x20,0	 x20:0x00000000 x20=0x00000000
          23889	      1092	80000364	0146a023	sw	x20,0(x13)	 x13:0x8ffffffc x20:0x00000000 PA:0x8ffffffc store:0x00000000
          23909	      1093	80000368	1540306f	jal	x0,800034bc	  x0=0x00000000
          24369	      1116	800034bc	0b06	c.slli	x22,0x1	 x22:0x00000000 x22=0x00000000
          24489	      1122	800034be	01125233	srl	x4,x4,x17	  x4:0x00000001 x17:0x80021e64  x4=0x00000000
          24509	      1123	800034c2	717d	c.addi16sp	x2,-16	  x2:0xf11dff28  x2=0xf11dff18
          24689	      1132	800034c4	03226763	bltu	x4,x18,800034f2	  x4:0x00000000 x18:0x80000000
          25509	      1173	800034f2	01539013	slli	x0,x7,0x15	  x7:0x0000000c  x0=0x00000000
          25529	      1174	800034f6	003cf0b3	and	x1,x25,x3	 x25:0xf8934ecf  x3:0xf063821f  x1=0xf003020f
          25549	      1175	800034fa	0001	c.addi	x0,0	  x0:0x00000000  x0=0x00000000
          25569	      1176	800034fc	859a	c.mv	x11,x6	  x0:0x00000000  x6:0xf3d8f1e1 x11=0xf3d8f1e1
          25929	      1194	800034fe	9785b413	sltiu	x8,x11,-1672	 x11:0xf3d8f1e1  x8=0x00000001
          25949	      1195	80003502	01359113	slli	x2,x11,0x13	 x11:0xf3d8f1e1  x2=0x8f080000
          26009	      1198	80003506	40c67413	andi	x8,x12,1036	 x12:0x0000000e  x8=0x0000000c
          26049	      1200	8000350a	02af20b3	mulhsu	x1,x30,x10	 x30:0x80025ce4 x10:0x00000005  x1=0xfffffffd
          26069	      1201	8000350e	019c0d33	add	x26,x24,x25	 x24:0x8cb00acc x25:0xf8934ecf x26=0x8543599b
          26149	      1205	80003512	05d5c263	blt	x11,x29,80003556	 x11:0xf3d8f1e1 x29:0x00000009
          27269	      1261	80003556	0091bcb3	sltu	x25,x3,x9	  x3:0xf063821f  x9:0x80000000 x25=0x00000000
          27689	      1282	8000355a	b6de0d93	addi	x27,x28,-1171	 x28:0x00000000 x27=0xfffffb6d
          27709	      1283	8000355e	8362	c.mv	x6,x24	  x0:0x00000000 x24:0x8cb00acc  x6=0x8cb00acc
          27869	      1291	80003560	01a31e93	slli	x29,x6,0x1a	  x6:0x8cb00acc x29=0x30000000
          27889	      1292	80003564	34007673	csrrci	x12,mscratch,0	 x12=0x00000000
          27949	      1295	80003568	717d	c.addi16sp	x2,-16	  x2:0x8f080000  x2=0x8f07fff0
          27969	      1296	8000356a	038c8863	beq	x25,x24,8000359a	 x25:0x00000000 x24:0x8cb00acc
          27989	      1297	8000356e	405554b3	sra	x9,x10,x5	 x10:0x00000005  x5:0xeb461bc3  x9=0x00000000
          28009	      1298	80003572	e8c4ee93	ori	x29,x9,-372	  x9:0x00000000 x29=0xfffffe8c
          28349	      1315	80003576	16929197	auipc	x3,0x16929	  x3=0x9692c576
          28369	      1316	8000357a	00fa	c.slli	x1,0x1e	  x1:0xfffffffd  x1=0x40000000
          28389	      1317	8000357c	01e429b3	slt	x19,x8,x30	  x8:0x0000000c x30:0x80025ce4 x19=0x00000000
          28769	      1336	80003580	8f51	c.or	x14,x12	 x14:0xfc21bef1 x12:0x00000000 x14=0xfc21bef1
          28789	      1337	80003582	41f4d593	srai	x11,x9,0x1f	  x9:0x00000000 x11=0x00000000
          28809	      1338	80003586	074e	c.slli	x14,0x13	 x14:0xfc21bef1 x14=0xf7880000
          28909	      1343	80003588	01b972b3	and	x5,x18,x27	 x18:0x80000000 x27:0xfffffb6d  x5=0x80000000
          29249	      1360	8000358c	024f2e33	mulhsu	x28,x30,x4	 x30:0x80025ce4  x4:0x00000000 x28=0x00000000
          29649	      1380	80003590	0049b833	sltu	x16,x19,x4	 x19:0x00000000  x4:0x00000000 x16=0x00000000
          29669	      1381	80003594	819e	c.mv	x3,x7	  x0:0x00000000  x7:0x0000000c  x3=0x0000000c
          29829	      1389	80003596	340d7bf3	csrrci	x23,mscratch,26	 x23=0x00000000
          29849	      1390	8000359a	8cf5	c.and	x9,x13	  x9:0x00000000 x13:0x8ffffffc  x9=0x00000000
          29869	      1391	8000359c	03815863	bge	x2,x24,800035cc	  x2:0x8f07fff0 x24:0x8cb00acc
          30549	      1425	800035cc	80ad	c.srli	x9,0xb	  x9:0x00000000  x9=0x00000000
          30569	      1426	800035ce	89f9	c.andi	x11,30	 x11:0x00000000 x11=0x00000000
          30589	      1427	800035d0	00b995b3	sll	x11,x19,x11	 x19:0x00000000 x11:0x00000000 x11=0x00000000
          30809	      1438	800035d4	00bdd713	srli	x14,x27,0xb	 x27:0xfffffb6d x14=0x001fffff
          31069	      1451	800035d8	a4aeaa13	slti	x20,x29,-1462	 x29:0xfffffe8c x20=0x00000000
          31089	      1452	800035dc	9757e693	ori	x13,x15,-1675	 x15:0xf554207c x13=0xfffff97d
          31129	      1454	800035e0	02e62d33	mulhsu	x26,x12,x14	 x12:0x00000000 x14:0x001fffff x26=0x00000000
          31249	      1460	800035e4	340314f3	csrrw	x9,mscratch,x6	  x6:0x8cb00acc  x9=0x00000000
          31269	      1461	800035e8	01acc233	xor	x4,x25,x26	 x25:0x00000000 x26:0x00000000  x4=0x00000000
          31289	      1462	800035ec	01875463	bge	x14,x24,800035f4	 x14:0x001fffff x24:0x8cb00acc
          31749	      1485	800035f4	8d3d	c.xor	x10,x15	 x10:0x00000005 x15:0xf554207c x10=0xf5542079
          31789	      1487	800035f6	00bc60b3	or	x1,x24,x11	 x24:0x8cb00acc x11:0x00000000  x1=0x8cb00acc
          31989	      1497	800035fa	005f1293	slli	x5,x30,0x5	 x30:0x80025ce4  x5=0x004b9c80
          32409	      1518	800035fe	00bf4933	xor	x18,x30,x11	 x30:0x80025ce4 x11:0x00000000 x18=0x80025ce4
          32549	      1525	80003602	0130ddb3	srl	x27,x1,x19	  x1:0x8cb00acc x19:0x00000000 x27=0x8cb00acc
          32569	      1526	80003606	89c1	c.andi	x11,16	 x11:0x00000000 x11=0x00000000
          32589	      1527	80003608	41925533	sra	x10,x4,x25	  x4:0x00000000 x25:0x00000000 x10=0x00000000
          32609	      1528	8000360c	0ff0000f	fence	iorw,iorw	
          32749	      1535	80003610	8d91	c.sub	x11,x12	 x11:0x00000000 x12:0x00000000 x11=0x00000000
          32809	      1538	80003612	003c5613	srli	x12,x24,0x3	 x24:0x8cb00acc x12=0x11960159
          33149	      1555	80003616	414e51b3	sra	x3,x28,x20	 x28:0x00000000 x20:0x00000000  x3=0x00000000
          33289	      1562	8000361a	01206863	bltu	x0,x18,8000362a	  x0:0x00000000 x18:0x80025ce4
          33569	      1576	8000362a	030ba533	mulhsu	x10,x23,x16	 x23:0x00000000 x16:0x00000000 x10=0x00000000
          33629	      1579	8000362e	037390b3	mulh	x1,x7,x23	  x7:0x0000000c x23:0x00000000  x1=0x00000000
          33649	      1580	80003632	c1a9	c.beqz	x11,80003674	 x11:0x00000000
          34189	      1607	80003674	02a36333	rem	x6,x6,x10	  x6:0x8cb00acc x10:0x00000000  x6=0x8cb00acc
          34209	      1608	80003678	00fb8e33	add	x28,x23,x15	 x23:0x00000000 x15:0xf554207c x28=0xf554207c
          34229	      1609	8000367c	8ed5	c.or	x13,x13	 x13:0xfffff97d x13:0xfffff97d x13=0xfffff97d
          34249	      1610	8000367e	34006b73	csrrsi	x22,mscratch,0	 x22=0x8cb00acc
          34669	      1631	80003682	00fa0fb3	add	x31,x20,x15	 x20:0x00000000 x15:0xf554207c x31=0xf554207c
          34689	      1632	80003686	0001	c.addi	x0,0	  x0:0x00000000  x0=0x00000000
          34709	      1633	80003688	01219863	bne	x3,x18,80003698	  x3:0x00000000 x18:0x80025ce4
          35329	      1664	80003698	e18d	c.bnez	x11,800036ba	 x11:0x00000000
          35349	      1665	8000369a	717d	c.addi16sp	x2,-16	  x2:0x8f07fff0  x2=0x8f07ffe0
          35509	      1673	8000369c	01f7d1b3	srl	x3,x15,x31	 x15:0xf554207c x31:0xf554207c  x3=0x0000000f
          35829	      1689	800036a0	8f01	c.sub	x14,x8	 x14:0x001fffff  x8:0x0000000c x14=0x001ffff3
          36009	      1698	800036a2	002fe633	or	x12,x31,x2	 x31:0xf554207c  x2:0x8f07ffe0 x12=0xff57fffc
          36189	      1707	800036a6	0ff0000f	fence	iorw,iorw	
          36209	      1708	800036aa	717d	c.addi16sp	x2,-16	  x2:0x8f07ffe0  x2=0x8f07ffd0
          36229	      1709	800036ac	41568d33	sub	x26,x13,x21	 x13:0xfffff97d x21:0x7633b59f x26=0x89cc43de
          36249	      1710	800036b0	070e	c.slli	x14,0x3	 x14:0x001ffff3 x14=0x00ffff98
          36309	      1713	800036b2	438d7b93	andi	x23,x26,1080	 x26:0x89cc43de x23=0x00000018
          36329	      1714	800036b6	01d88433	add	x8,x17,x29	 x17:0x80021e64 x29:0xfffffe8c  x8=0x80021cf0
          36489	      1722	800036ba	0000100f	fence.i	
          36829	      1739	800036be	34002873	csrrs	x16,mscratch,x0	  x0:0x00000000 x16=0x8cb00acc
          36849	      1740	800036c2	8b36	c.mv	x22,x13	  x0:0x00000000 x13:0xfffff97d x22=0xfffff97d
          36869	      1741	800036c4	8eed	c.and	x13,x11	 x13:0xfffff97d x11:0x00000000 x13=0x00000000
          37229	      1759	800036c6	340063f3	csrrsi	x7,mscratch,0	  x7=0x8cb00acc
          37249	      1760	800036ca	29880413	addi	x8,x16,664	 x16:0x8cb00acc  x8=0x8cb00d64
          37269	      1761	800036ce	50fd	c.li	x1,-1	  x1=0xffffffff
          37429	      1769	800036d0	6c8d	c.lui	x25,0x3	 x25=0x00003000
          37469	      1771	800036d2	039a2333	mulhsu	x6,x20,x25	 x20:0x00000000 x25:0x00003000  x6=0x00000000
          37489	      1772	800036d6	004a7633	and	x12,x20,x4	 x20:0x00000000  x4:0x00000000 x12=0x00000000
          37869	      1791	800036da	03fb2fb3	mulhsu	x31,x22,x31	 x22:0xfffff97d x31:0xf554207c x31=0xfffff9c2
          37949	      1795	800036de	34006373	csrrsi	x6,mscratch,0	  x6=0x8cb00acc
          38049	      1800	800036e2	01e19e93	slli	x29,x3,0x1e	  x3:0x0000000f x29=0xc0000000
          38069	      1801	800036e6	405a8033	sub	x0,x21,x5	 x21:0x7633b59f  x5:0x004b9c80  x0=0x00000000
          38089	      1802	800036ea	0302ca63	blt	x5,x16,8000371e	  x5:0x004b9c80 x16:0x8cb00acc
          38109	      1803	800036ee	4921	c.li	x18,8	 x18=0x00000008
          38249	      1810	800036f0	be2d0c37	lui	x24,0xbe2d0	 x24=0xbe2d0000
          38269	      1811	800036f4	84ba	c.mv	x9,x14	  x0:0x00000000 x14:0x00ffff98  x9=0x00ffff98
          38289	      1812	800036f6	02578763	beq	x15,x5,80003724	 x15:0xf554207c  x5:0x004b9c80
          38309	      1813	800036fa	00b936b3	sltu	x13,x18,x11	 x18:0x00000008 x11:0x00000000 x13=0x00000000
          38329	      1814	800036fe	0103e933	or	x18,x7,x16	  x7:0x8cb00acc x16:0x8cb00acc x18=0x8cb00acc
          38409	      1818	80003702	003119b3	sll	x19,x2,x3	  x2:0x8f07ffd0  x3:0x0000000f x19=0xffe80000
          38469	      1821	80003706	e9160413	addi	x8,x12,-367	 x12:0x00000000  x8=0xfffffe91
          38669	      1831	8000370a	025b3833	mulhu	x16,x22,x5	 x22:0xfffff97d  x5:0x004b9c80 x16=0x004b9c7e
          38929	      1844	8000370e	2d010993	addi	x19,x2,720	  x2:0x8f07ffd0 x19=0x8f0802a0
          38949	      1845	80003712	0368d263	bge	x17,x22,80003736	 x17:0x80021e64 x22:0xfffff97d
          38969	      1846	80003716	018badb3	slt	x27,x23,x24	 x23:0x00000018 x24:0xbe2d0000 x27=0x00000000
          39189	      1857	8000371a	03e51cb3	mulh	x25,x10,x30	 x10:0x00000000 x30:0x80025ce4 x25=0x00000000
          39649	      1880	8000371e	01f812b3	sll	x5,x16,x31	 x16:0x004b9c7e x31:0xfffff9c2  x5=0x012e71f8
          39669	      1881	80003722	6141	c.addi16sp	x2,16	  x2:0x8f07ffd0  x2=0x8f07ffe0
          39689	      1882	80003724	ea85	c.bnez	x13,80003754	 x13:0x00000000
          39709	      1883	80003726	006b5d13	srli	x26,x22,0x6	 x22:0xfffff97d x26=0x03ffffe5
          39729	      1884	8000372a	8309	c.srli	x14,0x2	 x14:0x00ffff98 x14=0x003fffe6
          39749	      1885	8000372c	81d9	c.srli	x11,0x16	 x11:0x00000000 x11=0x00000000
          39769	      1886	8000372e	85da	c.mv	x11,x22	  x0:0x00000000 x22:0xfffff97d x11=0xfffff97d
          39889	      1892	80003730	80a2	c.mv	x1,x8	  x0:0x00000000  x8:0xfffffe91  x1=0xfffffe91
          40309	      1913	80003732	0126deb3	srl	x29,x13,x18	 x13:0x00000000 x18:0x8cb00acc x29=0x00000000
          40349	      1915	80003736	03a2a033	mulhsu	x0,x5,x26	  x5:0x012e71f8 x26:0x03ffffe5  x0=0x00000000
          40369	      1916	8000373a	8dd5	c.or	x11,x13	 x11:0xfffff97d x13:0x00000000 x11=0xfffff97d
          40389	      1917	8000373c	058c	c.addi4spn	x11,x2,704	 x11=0x8f0802a0
          40409	      1918	8000373e	567d	c.li	x12,-1	 x12=0xffffffff
          40429	      1919	80003740	8d31	c.xor	x10,x12	 x10:0x00000000 x12:0xffffffff x10=0xffffffff
          40449	      1920	80003742	01d67433	and	x8,x12,x29	 x12:0xffffffff x29:0x00000000  x8=0x00000000
          40469	      1921	80003746	50ab2a13	slti	x20,x22,1290	 x22:0xfffff97d x20=0x00000001
          40489	      1922	8000374a	9e146b93	ori	x23,x8,-1567	  x8:0x00000000 x23=0xfffff9e1
          40509	      1923	8000374e	4975	c.li	x18,29	 x18=0x0000001d
          40669	      1931	80003750	416bdd33	sra	x26,x23,x22	 x23:0xfffff9e1 x22:0xfffff97d x26=0xffffffff
          40689	      1932	80003754	01df44b3	xor	x9,x30,x29	 x30:0x80025ce4 x29:0x00000000  x9=0x80025ce4
          40709	      1933	80003758	6845	c.lui	x16,0x11	 x16=0x00011000
          41129	      1954	8000375a	02219863	bne	x3,x2,8000378a	  x3:0x0000000f  x2:0x8f07ffe0
          42709	      2033	8000378a	24ac2993	slti	x19,x24,586	 x24:0xbe2d0000 x19=0x00000001
          43449	      2070	8000378e	026f62b3	rem	x5,x30,x6	 x30:0x80025ce4  x6:0x8cb00acc  x5=0xf3525218
          43469	      2071	80003792	8eed	c.and	x13,x11	 x13:0x00000000 x11:0x8f0802a0 x13=0x00000000
          43489	      2072	80003794	419e5b33	sra	x22,x28,x25	 x28:0xf554207c x25:0x00000000 x22=0xf554207c
          43509	      2073	80003798	0102e433	or	x8,x5,x16	  x5:0xf3525218 x16:0x00011000  x8=0xf3535218
          43529	      2074	8000379c	00ac5213	srli	x4,x24,0xa	 x24:0xbe2d0000  x4=0x002f8b40
          43549	      2075	800037a0	340a3873	csrrc	x16,mscratch,x20	 x20:0x00000001 x16=0x8cb00acc
          43749	      2085	800037a4	01651b63	bne	x10,x22,800037ba	 x10:0xffffffff x22:0xf554207c
          44289	      2112	800037ba	8801	c.andi	x8,0	  x8:0xf3535218  x8=0x00000000
          44449	      2120	800037bc	003e0b63	beq	x28,x3,800037d2	 x28:0xf554207c  x3:0x0000000f
          44509	      2123	800037c0	0ff0000f	fence	iorw,iorw	
          44689	      2132	800037c4	8d5d	c.or	x10,x15	 x10:0xffffffff x15:0xf554207c x10=0xffffffff
          44709	      2133	800037c6	8b45	c.andi	x14,17	 x14:0x003fffe6 x14=0x00000000
          44729	      2134	800037c8	c8ffa493	slti	x9,x31,-881	 x31:0xfffff9c2  x9=0x00000001
          44909	      2143	800037cc	0a14	c.addi4spn	x13,x2,272	 x13=0x8f0800f0
          44929	      2144	800037ce	81fd	c.srli	x11,0x1f	 x11:0x8f0802a0 x11=0x00000001
          45329	      2164	800037d0	ed21	c.bnez	x10,80003828	 x10:0xffffffff
          46089	      2202	80003828	40520033	sub	x0,x4,x5	  x4:0x002f8b40  x5:0xf3525218  x0=0x00000000
          46109	      2203	8000382c	14160b93	addi	x23,x12,321	 x12:0xffffffff x23=0x00000140
          46129	      2204	80003830	60f1	c.lui	x1,0x1c	  x1=0x0001c000
          46929	      2244	80003832	033870b3	remu	x1,x16,x19	 x16:0x8cb00acc x19:0x00000001  x1=0x00000000
          46949	      2245	80003836	34007e73	csrrci	x28,mscratch,0	 x28=0x8cb00acc
          46969	      2246	8000383a	46b1	c.li	x13,12	 x13=0x0000000c
          46989	      2247	8000383c	8cd9	c.or	x9,x14	  x9:0x00000001 x14:0x00000000  x9=0x00000001
          47009	      2248	8000383e	1688	c.addi4spn	x10,x2,864	 x10=0x8f080340
          47029	      2249	80003840	8ce5	c.and	x9,x9	  x9:0x00000001  x9:0x00000001  x9=0x00000001
          47049	      2250	80003842	ce21	c.beqz	x12,8000389a	 x12:0xffffffff
          47069	      2251	80003844	9206	c.add	x4,x1	  x4:0x002f8b40  x1:0x00000000  x4=0x002f8b40
          47089	      2252	80003846	37162e93	slti	x29,x12,881	 x12:0xffffffff x29=0x00000001
          47129	      2254	8000384a	02663a33	mulhu	x20,x12,x6	 x12:0xffffffff  x6:0x8cb00acc x20=0x8cb00acb
          47209	      2258	8000384e	0cfe4b93	xori	x23,x28,207	 x28:0x8cb00acc x23=0x8cb00a03
          47329	      2264	80003852	00000397	auipc	x7,0x0	  x7=0x80003852
          47349	      2265	80003856	38038393	addi	x7,x7,896	  x7:0x80003852  x7=0x80003bd2
          48109	      2303	8000385a	031940b3	div	x1,x18,x17	 x18:0x0000001d x17:0x80021e64  x1=0x00000000
          48129	      2304	8000385e	01fa	c.slli	x3,0x1e	  x3:0x0000000f  x3=0xc0000000
          48149	      2305	80003860	1d138393	addi	x7,x7,465	  x7:0x80003bd2  x7=0x80003da3
          48169	      2306	80003864	4ffd	c.li	x31,31	 x31=0x0000001f
          48189	      2307	80003866	007d5db3	srl	x27,x26,x7	 x26:0xffffffff  x7:0x80003da3 x27=0x1fffffff
          48249	      2310	8000386a	0ff0000f	fence	iorw,iorw	
          48269	      2311	8000386e	ba07e113	ori	x2,x15,-1120	 x15:0xf554207c  x2=0xfffffbfc
          48289	      2312	80003872	015cf763	bgeu	x25,x21,80003880	 x25:0x00000000 x21:0x7633b59f
          48669	      2331	80003876	34006ff3	csrrsi	x31,mscratch,0	 x31=0x8cb00acc
          48689	      2332	8000387a	92f2	c.add	x5,x28	  x5:0xf3525218 x28:0x8cb00acc  x5=0x80025ce4
          48709	      2333	8000387c	a5927917	auipc	x18,0xa5927	 x18=0x2592a87c
          49109	      2353	80003880	e30380e7	jalr	x1,-464(x7)	  x7:0x80003da3  x1=0x80003884
          49629	      2379	80003bd2	008d0463	beq	x26,x8,80003bda	 x26:0xffffffff  x8:0x00000000
          49649	      2380	80003bd6	0001	c.addi	x0,0	  x0:0x00000000  x0=0x00000000
          49689	      2382	80003bd8	577d	c.li	x14,-1	 x14=0xffffffff
          49709	      2383	80003bda	fc488893	addi	x17,x17,-60	 x17:0x80021e64 x17=0x80021e28
          50129	      2404	80003bde	fdccf437	lui	x8,0xfdccf	  x8=0xfdccf000
          50149	      2405	80003be2	9e3a	c.add	x28,x14	 x28:0x8cb00acc x14:0xffffffff x28=0x8cb00acb
          50329	      2414	80003be4	8ed9	c.or	x13,x14	 x13:0x0000000c x14:0xffffffff x13=0xffffffff
          50349	      2415	80003be6	41138fb3	sub	x31,x7,x17	  x7:0x80003da3 x17:0x80021e28 x31=0xfffe1f7b
          50409	      2418	80003bea	0018a223	sw	x1,4(x17)	 x17:0x80021e28  x1:0x80003884 PA:0x80021e2c store:0x80003884
          50449	      2420	80003bee	038eb3b3	mulhu	x7,x29,x24	 x29:0x00000001 x24:0xbe2d0000  x7=0x00000000
          50469	      2421	80003bf2	8c29	c.xor	x8,x10	  x8:0xfdccf000 x10:0x8f080340  x8=0x72c4f340
          50489	      2422	80003bf4	717d	c.addi16sp	x2,-16	  x2:0xfffffbfc  x2=0xfffffbec
          50509	      2423	80003bf6	9b7d	c.andi	x14,-1	 x14:0xffffffff x14=0xffffffff
          50689	      2432	80003bf8	340a6973	csrrsi	x18,mscratch,20	 x18=0x8cb00acc
          50789	      2437	80003bfc	e88d	c.bnez	x9,80003c2e	  x9:0x00000001
          51129	      2454	80003c2e	34041b73	csrrw	x22,mscratch,x8	  x8:0x72c4f340 x22=0x8cb00adc
          51149	      2455	80003c32	8dd1	c.or	x11,x12	 x11:0x00000001 x12:0xffffffff x11=0xffffffff
          51169	      2456	80003c34	00143e33	sltu	x28,x8,x1	  x8:0x72c4f340  x1:0x80003884 x28=0x00000001
          51229	      2459	80003c38	0000100f	fence.i	
          51549	      2475	80003c3c	01087f63	bgeu	x16,x16,80003c5a	 x16:0x8cb00acc x16:0x8cb00acc
          52429	      2519	80003c5a	002f9633	sll	x12,x31,x2	 x31:0xfffe1f7b  x2:0xfffffbec x12=0xe1f7b000
          52449	      2520	80003c5e	406f5613	srai	x12,x30,0x6	 x30:0x80025ce4 x12=0xfe000973
          52469	      2521	80003c62	340c3973	csrrc	x18,mscratch,x24	 x24:0xbe2d0000 x18=0x72c4f340
          52649	      2530	80003c66	3f11a593	slti	x11,x3,1009	  x3:0xc0000000 x11=0x00000001
          52669	      2531	80003c6a	71023417	auipc	x8,0x71023	  x8=0xf1026c6a
          52689	      2532	80003c6e	8c39	c.xor	x8,x14	  x8:0xf1026c6a x14:0xffffffff  x8=0x0efd9395
          52709	      2533	80003c70	667d	c.lui	x12,0x1f	 x12=0x0001f000
          52729	      2534	80003c72	8dc5	c.or	x11,x9	 x11:0x00000001  x9:0x00000001 x11=0x00000001
          52749	      2535	80003c74	3406a3f3	csrrs	x7,mscratch,x13	 x13:0xffffffff  x7=0x40c0f340
          52769	      2536	80003c78	15fd	c.addi	x11,-1	 x11:0x00000001 x11=0x00000000
          53189	      2557	80003c7a	01857e33	and	x28,x10,x24	 x10:0x8f080340 x24:0xbe2d0000 x28=0x8e080000
          53209	      2558	80003c7e	80a9	c.srli	x9,0xa	  x9:0x00000001  x9=0x00000000
          53589	      2577	80003c80	00675e63	bge	x14,x6,80003c9c	 x14:0xffffffff  x6:0x8cb00acc
          54029	      2599	80003c9c	02639663	bne	x7,x6,80003cc8	  x7:0x40c0f340  x6:0x8cb00acc
          54269	      2611	80003cc8	3400f0f3	csrrci	x1,mscratch,1	  x1=0xffffffff
          54529	      2624	80003ccc	ce9dad13	slti	x26,x27,-791	 x27:0x1fffffff x26=0x00000000
          54549	      2625	80003cd0	0ff0000f	fence	iorw,iorw	
          54769	      2636	80003cd4	022e29b3	mulhsu	x19,x28,x2	 x28:0x8e080000  x2:0xfffffbec x19=0x8e0801d0
          54809	      2638	80003cd8	02c5a733	mulhsu	x14,x11,x12	 x11:0x00000000 x12:0x0001f000 x14=0x00000000
          54829	      2639	80003cdc	40718733	sub	x14,x3,x7	  x3:0xc0000000  x7:0x40c0f340 x14=0x7f3f0cc0
          54849	      2640	80003ce0	8ce5	c.and	x9,x9	  x9:0x00000000  x9:0x00000000  x9=0x00000000
          54869	      2641	80003ce2	19c669b7	lui	x19,0x19c66	 x19=0x19c66000
          54989	      2647	80003ce6	ef528d17	auipc	x26,0xef528	 x26=0x6f52bce6
          55009	      2648	80003cea	00d68263	beq	x13,x13,80003cee	 x13:0xffffffff x13:0xffffffff
          55729	      2684	80003cee	0000100f	fence.i	
          56089	      2702	80003cf2	0000100f	fence.i	
          56369	      2716	80003cf6	c709	c.beqz	x14,80003d00	 x14:0x7f3f0cc0
          56669	      2731	80003cf8	4132d033	sra	x0,x5,x19	  x5:0x80025ce4 x19:0x19c66000  x0=0x00000000
          57089	      2752	80003cfc	01375e33	srl	x28,x14,x19	 x14:0x7f3f0cc0 x19:0x19c66000 x28=0x7f3f0cc0
          57109	      2753	80003d00	0908	c.addi4spn	x10,x2,144	 x10=0xfffffc7c
          57129	      2754	80003d02	340c94f3	csrrw	x9,mscratch,x25	 x25:0x00000000  x9=0xfffffffe
          57149	      2755	80003d06	0292c063	blt	x5,x9,80003d26	  x5:0x80025ce4  x9:0xfffffffe
          57409	      2768	80003d26	1dd0e593	ori	x11,x1,477	  x1:0xffffffff x11=0xffffffff
          57429	      2769	80003d2a	1347e813	ori	x16,x15,308	 x15:0xf554207c x16=0xf554217c
          57589	      2777	80003d2e	00ab9933	sll	x18,x23,x10	 x23:0x8cb00a03 x10:0xfffffc7c x18=0x30000000
          57609	      2778	80003d32	8ed5	c.or	x13,x13	 x13:0xffffffff x13:0xffffffff x13=0xffffffff
          57629	      2779	80003d34	3a174e13	xori	x28,x14,929	 x14:0x7f3f0cc0 x28=0x7f3f0f61
          57649	      2780	80003d38	007e95b3	sll	x11,x29,x7	 x29:0x00000001  x7:0x40c0f340 x11=0x00000001
          58069	      2801	80003d3c	007adb37	lui	x22,0x7ad	 x22=0x007ad000
          58809	      2838	80003d40	02ba63b3	rem	x7,x20,x11	 x20:0x8cb00acb x11:0x00000001  x7=0x00000000
          58829	      2839	80003d44	411e03b3	sub	x7,x28,x17	 x28:0x7f3f0f61 x17:0x80021e28  x7=0xff3cf139
          58849	      2840	80003d48	8559	c.srai	x10,0x16	 x10:0xfffffc7c x10=0xffffffff
          58889	      2842	80003d4a	34072cf3	csrrs	x25,mscratch,x14	 x14:0x7f3f0cc0 x25=0x00000000
          58909	      2843	80003d4e	05b99063	bne	x19,x27,80003d8e	 x19:0x19c66000 x27:0x1fffffff
          59169	      2856	80003d8e	02cb1433	mulh	x8,x22,x12	 x22:0x007ad000 x12:0x0001f000  x8=0x000000ed
          59349	      2865	80003d92	03512ab3	mulhsu	x21,x2,x21	  x2:0xfffffbec x21:0x7633b59f x21=0xfffffe1d
          59509	      2873	80003d96	07460163	beq	x12,x20,80003df8	 x12:0x0001f000 x20:0x8cb00acb
          60549	      2925	80003d9a	0275dfb3	divu	x31,x11,x7	 x11:0x00000001  x7:0xff3cf139 x31=0x00000000
          60589	      2927	80003d9e	03029a33	mulh	x20,x5,x16	  x5:0x80025ce4 x16:0xf554217c x20=0x0555d60a
          60609	      2928	80003da2	2ba33913	sltiu	x18,x6,698	  x6:0x8cb00acc x18=0x00000000
          60629	      2929	80003da6	0a3b6313	ori	x6,x22,163	 x22:0x007ad000  x6=0x007ad0a3
          60649	      2930	80003daa	3405bd73	csrrc	x26,mscratch,x11	 x11:0x00000001 x26=0x7f3f0cc0
          60669	      2931	80003dae	5efd	c.li	x29,-1	 x29=0xffffffff
          60689	      2932	80003db0	004e30b3	sltu	x1,x28,x4	 x28:0x7f3f0f61  x4:0x002f8b40  x1=0x00000000
          60709	      2933	80003db4	40745733	sra	x14,x8,x7	  x8:0x000000ed  x7:0xff3cf139 x14=0x00000000
          61129	      2954	80003db8	006b70b3	and	x1,x22,x6	 x22:0x007ad000  x6:0x007ad0a3  x1=0x007ad000
          61229	      2959	80003dbc	026cb733	mulhu	x14,x25,x6	 x25:0x00000000  x6:0x007ad0a3 x14=0x00000000
          61969	      2996	80003dc0	03c75ab3	divu	x21,x14,x28	 x14:0x00000000 x28:0x7f3f0f61 x21=0x00000000
          61989	      2997	80003dc4	01ba	c.slli	x3,0xe	  x3:0xc0000000  x3=0x00000000
          62009	      2998	80003dc6	10f000ef	jal	x1,800046d4	  x1=0x80003dca
          62149	      3005	800046d4	1410	c.addi4spn	x12,x2,544	 x12=0xfffffe0c
          62589	      3027	800046d6	01f60663	beq	x12,x31,800046e2	 x12:0xfffffe0c x31:0x00000000
          62609	      3028	800046da	39266c13	ori	x24,x12,914	 x12:0xfffffe0c x24=0xffffff9e
          62629	      3029	800046de	41e55333	sra	x6,x10,x30	 x10:0xffffffff x30:0x80025ce4  x6=0xffffffff
          62649	      3030	800046e2	18d1	c.addi	x17,-12	 x17:0x80021e28 x17=0x80021e1c
          62689	      3032	800046e4	03f07033	remu	x0,x0,x31	  x0:0x00000000 x31:0x00000000  x0=0x00000000
          62749	      3035	800046e8	0018a223	sw	x1,4(x17)	 x17:0x80021e1c  x1:0x80003dca PA:0x80021e20 store:0x80003dca
          62769	      3036	800046ec	71a4ce13	xori	x28,x9,1818	  x9:0xfffffffe x28=0xfffff8e4
          63149	      3055	800046f0	85c9	c.srai	x11,0x12	 x11:0x00000001 x11=0x00000000
          63169	      3056	800046f2	834d	c.srli	x14,0x13	 x14:0x00000000 x14=0x00000000
          63189	      3057	800046f4	b6778317	auipc	x6,0xb6778	  x6=0x3677c6f4
          63409	      3068	800046f8	0af28093	addi	x1,x5,175	  x5:0x80025ce4  x1=0x80025d93
          63429	      3069	800046fc	0001	c.addi	x0,0	  x0:0x00000000  x0=0x00000000
          63449	      3070	800046fe	ad88c913	xori	x18,x17,-1320	 x17:0x80021e1c x18=0x7ffde4c4
          63469	      3071	80004702	8cad	c.xor	x9,x11	  x9:0xfffffffe x11:0x00000000  x9=0xfffffffe
          63529	      3074	80004704	03ea	c.slli	x7,0x1a	  x7:0xff3cf139  x7=0xe4000000
          63549	      3075	80004706	0001	c.addi	x0,0	  x0:0x00000000  x0=0x00000000
          63569	      3076	80004708	03014263	blt	x2,x16,8000472c	  x2:0xfffffbec x16:0xf554217c
          63709	      3083	8000470c	34002173	csrrs	x2,mscratch,x0	  x0:0x00000000  x2=0x7f3f0cc0
          63729	      3084	80004710	4081df93	srai	x31,x3,0x8	  x3:0x00000000 x31=0x00000000
          63849	      3090	80004714	02538763	beq	x7,x5,80004742	  x7:0xe4000000  x5:0x80025ce4
          64009	      3098	80004718	1c80	c.addi4spn	x8,x2,624	  x8=0x7f3f0f30
          64029	      3099	8000471a	340fd5f3	csrrwi	x11,mscratch,31	 x11=0x7f3f0cc0
          64469	      3121	8000471e	02e56333	rem	x6,x10,x14	 x10:0xffffffff x14:0x00000000  x6=0xffffffff
          64489	      3122	80004722	8c19	c.sub	x8,x14	  x8:0x7f3f0f30 x14:0x00000000  x8=0x7f3f0f30
          64509	      3123	80004724	0ff0000f	fence	iorw,iorw	
          64889	      3142	80004728	0ff0000f	fence	iorw,iorw	
          65109	      3153	8000472c	0290d563	bge	x1,x9,80004756	  x1:0x80025d93  x9:0xfffffffe
          65149	      3155	80004730	021b2533	mulhsu	x10,x22,x1	 x22:0x007ad000  x1:0x80025d93 x10=0x003d6922
          65249	      3160	80004734	03ade763	bltu	x27,x26,80004762	 x27:0x1fffffff x26:0x7f3f0cc0
          65789	      3187	80004762	8561	c.srai	x10,0x18	 x10:0x003d6922 x10=0x00000000
          65829	      3189	80004764	0230e0b3	rem	x1,x1,x3	  x1:0x80025d93  x3:0x00000000  x1=0x80025d93
          65969	      3196	80004768	43630397	auipc	x7,0x43630	  x7=0xc3634768
          66049	      3200	8000476c	024d9333	mulh	x6,x27,x4	 x27:0x1fffffff  x4:0x002f8b40  x6=0x0005f167
          66169	      3206	80004770	01b0d4b3	srl	x9,x1,x27	  x1:0x80025d93 x27:0x1fffffff  x9=0x00000001
          66609	      3228	80004774	020e3b33	mulhu	x22,x28,x0	 x28:0xfffff8e4  x0:0x00000000 x22=0x00000000
          66629	      3229	80004778	340716f3	csrrw	x13,mscratch,x14	 x14:0x00000000 x13=0x0000001f
          67029	      3249	8000477c	04bf8463	beq	x31,x11,800047c4	 x31:0x00000000 x11:0x7f3f0cc0
          67049	      3250	80004780	011e6a33	or	x20,x28,x17	 x28:0xfffff8e4 x17:0x80021e1c x20=0xfffffefc
          67449	      3270	80004784	02efb233	mulhu	x4,x31,x14	 x31:0x00000000 x14:0x00000000  x4=0x00000000
          67869	      3291	80004788	038691b3	mulh	x3,x13,x24	 x13:0x0000001f x24:0xffffff9e  x3=0xffffffff
          68269	      3311	8000478c	0253fc63	bgeu	x7,x5,800047c4	  x7:0xc3634768  x5:0x80025ce4
          68369	      3316	800047c4	34006bf3	csrrsi	x23,mscratch,0	 x23=0x00000000
          68589	      3327	800047c8	8f1d	c.sub	x14,x15	 x14:0x00000000 x15:0xf554207c x14=0x0aabdf84
          69629	      3379	800047ca	02284a33	div	x20,x16,x2	 x16:0xf554217c  x2:0x7f3f0cc0 x20=0x00000000
          69649	      3380	800047ce	8e31	c.xor	x12,x12	 x12:0xfffffe0c x12:0xfffffe0c x12=0x00000000
          70389	      3417	800047d0	03d940b3	div	x1,x18,x29	 x18:0x7ffde4c4 x29:0xffffffff  x1=0x80021b3c
          70429	      3419	800047d4	03519633	mulh	x12,x3,x21	  x3:0xffffffff x21:0x00000000 x12=0x00000000
          70449	      3420	800047d8	00f5f733	and	x14,x11,x15	 x11:0x7f3f0cc0 x15:0xf554207c x14=0x75140040
          70469	      3421	800047dc	8bb2	c.mv	x23,x12	  x0:0x00000000 x12:0x00000000 x23=0x00000000
          70489	      3422	800047de	340a9373	csrrw	x6,mscratch,x21	 x21:0x00000000  x6=0x00000000
          70509	      3423	800047e2	340f1a73	csrrw	x20,mscratch,x30	 x30:0x80025ce4 x20=0x00000000
          70529	      3424	800047e6	0066b033	sltu	x0,x13,x6	 x13:0x0000001f  x6:0x00000000  x0=0x00000000
          70549	      3425	800047ea	037e	c.slli	x6,0x1f	  x6:0x00000000  x6=0x00000000
          70629	      3429	800047ec	1000	c.addi4spn	x8,x2,32	  x8=0x7f3f0ce0
          70649	      3430	800047ee	ee91	c.bnez	x13,8000480a	 x13:0x0000001f
          71569	      3476	8000480a	fd900393	addi	x7,x0,-39	  x0:0x00000000  x7=0xffffffd9
          71609	      3478	8000480e	340eb3f3	csrrc	x7,mscratch,x29	 x29:0xffffffff  x7=0x80025ce4
          71649	      3480	80004812	03b32db3	mulhsu	x27,x6,x27	  x6:0x00000000 x27:0x1fffffff x27=0x00000000
          71669	      3481	80004816	91ae	c.add	x3,x11	  x3:0xffffffff x11:0x7f3f0cc0  x3=0x7f3f0cbf
          71949	      3495	80004818	0001	c.addi	x0,0	  x0:0x00000000  x0=0x00000000
          71969	      3496	8000481a	00dd9e93	slli	x29,x27,0xd	 x27:0x00000000 x29=0x00000000
          71989	      3497	8000481e	01fc1963	bne	x24,x31,80004830	 x24:0xffffff9e x31:0x00000000
          72209	      3508	80004830	00dedf63	bge	x29,x13,8000484e	 x29:0x00000000 x13:0x0000001f
          72449	      3520	80004834	0001	c.addi	x0,0	  x0:0x00000000  x0=0x00000000
          72469	      3521	80004836	c99d	c.beqz	x11,8000486c	 x11:0x7f3f0cc0
          73209	      3558	80004838	029a5ab3	divu	x21,x20,x9	 x20:0x00000000  x9:0x00000001 x21=0x00000000
          73229	      3559	8000483c	03709e63	bne	x1,x23,80004878	  x1:0x80021b3c x23:0x00000000
          73309	      3563	80004878	34029373	csrrw	x6,mscratch,x5	  x5:0x80025ce4  x6=0x00000000
          73429	      3569	8000487c	035de563	bltu	x27,x21,800048a6	 x27:0x00000000 x21:0x00000000
          73569	      3576	80004880	0d0b6913	ori	x18,x22,208	 x22:0x00000000 x18=0x000000d0
          73609	      3578	80004884	0000100f	fence.i	
          73709	      3583	80004888	8dc9	c.or	x11,x10	 x11:0x7f3f0cc0 x10:0x00000000 x11=0x7f3f0cc0
          73729	      3584	8000488a	c103a517	auipc	x10,0xc103a	 x10=0x4103e88a
          74149	      3605	8000488e	00aa1493	slli	x9,x20,0xa	 x20:0x00000000  x9=0x00000000
          74309	      3613	80004892	012bb733	sltu	x14,x23,x18	 x23:0x00000000 x18:0x000000d0 x14=0x00000001
          74349	      3615	80004896	00d31813	slli	x16,x6,0xd	  x6:0x00000000 x16=0x00000000
          83649	      4080	8000489a	34049ef3	csrrw	x29,mscratch,x9	  x9:0x00000000 x29=0x80025ce4
          83689	      4082	8000489e	02c3b033	mulhu	x0,x7,x12	  x7:0x80025ce4 x12:0x00000000  x0=0x00000000
          83709	      4083	800048a2	3406d873	csrrwi	x16,mscratch,13	 x16=0x00000000
          83749	      4085	800048a6	024df1b3	remu	x3,x27,x4	 x27:0x00000000  x4:0x00000000  x3=0x00000000
          83769	      4086	800048aa	0b62	c.slli	x22,0x18	 x22:0x00000000 x22=0x00000000
          83789	      4087	800048ac	34049273	csrrw	x4,mscratch,x9	  x9:0x00000000  x4=0x0000000d
          83809	      4088	800048b0	8e85	c.sub	x13,x9	 x13:0x0000001f  x9:0x00000000 x13=0x0000001f
          84049	      4100	800048b2	0ff0000f	fence	iorw,iorw	
          84069	      4101	800048b6	0ff0000f	fence	iorw,iorw	
          84409	      4118	800048ba	411e55b3	sra	x11,x28,x17	 x28:0xfffff8e4 x17:0x80021e1c x11=0xffffffff
          84429	      4119	800048be	0001	c.addi	x0,0	  x0:0x00000000  x0=0x00000000
          84549	      4125	800048c0	00804263	blt	x0,x8,800048c4	  x0:0x00000000  x8:0x7f3f0ce0
          85309	      4163	800048c4	9e492313	slti	x6,x18,-1564	 x18:0x000000d0  x6=0x00000000
          85429	      4169	800048c8	0001	c.addi	x0,0	  x0:0x00000000  x0=0x00000000
          85449	      4170	800048ca	9386	c.add	x7,x1	  x7:0x80025ce4  x1:0x80021b3c  x7=0x00047820
          85469	      4171	800048cc	00569333	sll	x6,x13,x5	 x13:0x0000001f  x5:0x80025ce4  x6=0x000001f0
          85869	      4191	800048d0	94fe	c.add	x9,x31	  x9:0x00000000 x31:0x00000000  x9=0x00000000
          86309	      4213	800048d2	034b9533	mulh	x10,x23,x20	 x23:0x00000000 x20:0x00000000 x10=0x00000000
          86329	      4214	800048d6	8ca9	c.xor	x9,x10	  x9:0x00000000 x10:0x00000000  x9=0x00000000
          86429	      4219	800048d8	6614c393	xori	x7,x9,1633	  x9:0x00000000  x7=0x00000661
          86449	      4220	800048dc	8ca1	c.xor	x9,x8	  x9:0x00000000  x8:0x7f3f0ce0  x9=0x7f3f0ce0
          86469	      4221	800048de	01c7d613	srli	x12,x15,0x1c	 x15:0xf554207c x12=0x0000000f
          87549	      4275	800048e2	02d44133	div	x2,x8,x13	  x8:0x7f3f0ce0 x13:0x0000001f  x2=0x041acedd
          87569	      4276	800048e6	41658833	sub	x16,x11,x22	 x11:0xffffffff x22:0x00000000 x16=0xffffffff
          87589	      4277	800048ea	0ff0000f	fence	iorw,iorw	
          87609	      4278	800048ee	2a448413	addi	x8,x9,676	  x9:0x7f3f0ce0  x8=0x7f3f0f84
          87629	      4279	800048f2	02a46863	bltu	x8,x10,80004922	  x8:0x7f3f0f84 x10:0x00000000
          87649	      4280	800048f6	8ec9	c.or	x13,x10	 x13:0x0000001f x10:0x00000000 x13=0x0000001f
          87669	      4281	800048f8	031c8863	beq	x25,x17,80004928	 x25:0x00000000 x17:0x80021e1c
          87689	      4282	800048fc	34002ff3	csrrs	x31,mscratch,x0	  x0:0x00000000 x31=0x00000000
          87709	      4283	80004900	01cc1c33	sll	x24,x24,x28	 x24:0xffffff9e x28:0xfffff8e4 x24=0xfffff9e0
          87849	      4290	80004904	fe5c5617	auipc	x12,0xfe5c5	 x12=0x7e5c9904
          87869	      4291	80004908	0001	c.addi	x0,0	  x0:0x00000000  x0=0x00000000
          88069	      4301	8000490a	39af2093	slti	x1,x30,922	 x30:0x80025ce4  x1=0x00000001
          88089	      4302	8000490e	481d	c.li	x16,7	 x16=0x00000007
          88129	      4304	80004910	0365b0b3	mulhu	x1,x11,x22	 x11:0xffffffff x22:0x00000000  x1=0x00000000
          88229	      4309	80004914	2062c813	xori	x16,x5,518	  x5:0x80025ce4 x16=0x80025ee2
          88249	      4310	80004918	1fd58213	addi	x4,x11,509	 x11:0xffffffff  x4=0x000001fc
          88269	      4311	8000491c	40f40fb3	sub	x31,x8,x15	  x8:0x7f3f0f84 x15:0xf554207c x31=0x89eaef08
          88289	      4312	80004920	6091	c.lui	x1,0x4	  x1=0x00004000
          88329	      4314	80004922	021db1b3	mulhu	x3,x27,x1	 x27:0x00000000  x1:0x00004000  x3=0x00000000
          88349	      4315	80004926	19fd	c.addi	x19,-1	 x19:0x19c66000 x19=0x19c65fff
          88369	      4316	80004928	027a	c.slli	x4,0x1e	  x4:0x000001fc  x4=0x00000000
          89129	      4354	8000492a	03f2cc33	div	x24,x5,x31	  x5:0x80025ce4 x31:0x89eaef08 x24=0x00000001
          89149	      4355	8000492e	004cde33	srl	x28,x25,x4	 x25:0x00000000  x4:0x00000000 x28=0x00000000
          89169	      4356	80004932	8ced	c.and	x9,x11	  x9:0x7f3f0ce0 x11:0xffffffff  x9=0x7f3f0ce0
          89189	      4357	80004934	41e0d993	srai	x19,x1,0x1e	  x1:0x00004000 x19=0x00000000
          89209	      4358	80004938	0001	c.addi	x0,0	  x0:0x00000000  x0=0x00000000
          89229	      4359	8000493a	0080fdb3	and	x27,x1,x8	  x1:0x00004000  x8:0x7f3f0f84 x27=0x00000000
          89269	      4361	8000493e	02b029b3	mulhsu	x19,x0,x11	  x0:0x00000000 x11:0xffffffff x19=0x00000000
          89289	      4362	80004942	8cf9	c.and	x9,x14	  x9:0x7f3f0ce0 x14:0x00000001  x9=0x00000000
          89309	      4363	80004944	03f2c663	blt	x5,x31,80004970	  x5:0x80025ce4 x31:0x89eaef08
          90069	      4401	80004970	019db533	sltu	x10,x27,x25	 x27:0x00000000 x25:0x00000000 x10=0x00000000
          90129	      4404	80004974	3402eb73	csrrsi	x22,mscratch,5	 x22=0x00000000
          90189	      4407	80004978	03b08d63	beq	x1,x27,800049b2	  x1:0x00004000 x27:0x00000000
          90609	      4428	8000497c	01681963	bne	x16,x22,8000498e	 x16:0x80025ee2 x22:0x00000000
          91729	      4484	8000498e	8e51	c.or	x12,x12	 x12:0x7e5c9904 x12:0x7e5c9904 x12=0x7e5c9904
          92009	      4498	80004990	402b59b3	sra	x19,x22,x2	 x22:0x00000000  x2:0x041acedd x19=0x00000000
          92029	      4499	80004994	bc1c8413	addi	x8,x25,-1087	 x25:0x00000000  x8=0xfffffbc1
          92769	      4536	80004998	0312c533	div	x10,x5,x17	  x5:0x80025ce4 x17:0x80021e1c x10=0x00000000
          93509	      4573	8000499c	03ed51b3	divu	x3,x26,x30	 x26:0x7f3f0cc0 x30:0x80025ce4  x3=0x00000000
          93529	      4574	800049a0	34055ef3	csrrwi	x29,mscratch,10	 x29=0x00000005
          93569	      4576	800049a4	03c76cb3	rem	x25,x14,x28	 x14:0x00000001 x28:0x00000000 x25=0x00000001
          93589	      4577	800049a8	007af6b3	and	x13,x21,x7	 x21:0x00000000  x7:0x00000661 x13=0x00000000
          93609	      4578	800049ac	0053adb3	slt	x27,x7,x5	  x7:0x00000661  x5:0x80025ce4 x27=0x00000000
          93629	      4579	800049b0	8eb1	c.xor	x13,x12	 x13:0x00000000 x12:0x7e5c9904 x13=0x7e5c9904
          93649	      4580	800049b2	686d	c.lui	x16,0x1b	 x16=0x0001b000
          93669	      4581	800049b4	340debf3	csrrsi	x23,mscratch,27	 x23=0x0000000a
          93729	      4584	800049b8	0001	c.addi	x0,0	  x0:0x00000000  x0=0x00000000
          93749	      4585	800049ba	0103deb3	srl	x29,x7,x16	  x7:0x00000661 x16:0x0001b000 x29=0x00000661
          94169	      4606	800049be	00592733	slt	x14,x18,x5	 x18:0x000000d0  x5:0x80025ce4 x14=0x00000000
          94249	      4610	800049c2	038e5e63	bge	x28,x24,800049fe	 x28:0x00000000 x24:0x00000001
          94269	      4611	800049c6	01186263	bltu	x16,x17,800049ca	 x16:0x0001b000 x17:0x80021e1c
          94949	      4645	800049ca	00d0d263	bge	x1,x13,800049ce	  x1:0x00004000 x13:0x7e5c9904
          94969	      4646	800049ce	340859f3	csrrwi	x19,mscratch,16	 x19=0x0000001b
          94989	      4647	800049d2	2ac42f93	slti	x31,x8,684	  x8:0xfffffbc1 x31=0x00000001
          95129	      4654	800049d6	03a684b3	mul	x9,x13,x26	 x13:0x7e5c9904 x26:0x7f3f0cc0  x9=0xc09af300
          95409	      4668	800049da	c37d3937	lui	x18,0xc37d3	 x18=0xc37d3000
          95429	      4669	800049de	9a7d	c.andi	x12,-1	 x12:0x7e5c9904 x12=0x7e5c9904
          95449	      4670	800049e0	6385	c.lui	x7,0x1	  x7=0x00001000
          96189	      4707	800049e2	02197e33	remu	x28,x18,x1	 x18:0xc37d3000  x1:0x00004000 x28=0x00003000
          96209	      4708	800049e6	340ead73	csrrs	x26,mscratch,x29	 x29:0x00000661 x26=0x00000010
          96229	      4709	800049ea	6775	c.lui	x14,0x1d	 x14=0x0001d000
          96249	      4710	800049ec	0000100f	fence.i	
          96329	      4714	800049f0	4b0d3213	sltiu	x4,x26,1200	 x26:0x00000010  x4=0x00000001
          96749	      4735	800049f4	8c41	c.or	x8,x8	  x8:0xfffffbc1  x8:0xfffffbc1  x8=0xfffffbc1
          96769	      4736	800049f6	8c01	c.sub	x8,x8	  x8:0xfffffbc1  x8:0xfffffbc1  x8=0x00000000
          97169	      4756	800049f8	8235	c.srli	x12,0xd	 x12:0x7e5c9904 x12=0x0003f2e4
          97189	      4757	800049fa	34041ff3	csrrw	x31,mscratch,x8	  x8:0x00000000 x31=0x00000671
          97589	      4777	800049fe	db82b993	sltiu	x19,x5,-584	  x5:0x80025ce4 x19=0x00000001
          97949	      4795	80004a02	340f1b73	csrrw	x22,mscratch,x30	 x30:0x80025ce4 x22=0x00000000
          97969	      4796	80004a06	020c83b3	mul	x7,x25,x0	 x25:0x00000001  x0:0x00000000  x7=0x00000000
          97989	      4797	80004a0a	029a5263	bge	x20,x9,80004a2e	 x20:0x00000000  x9:0xc09af300
          98509	      4823	80004a2e	9afd	c.andi	x13,-1	 x13:0x7e5c9904 x13=0x7e5c9904
          98549	      4825	80004a30	ed9d	c.bnez	x11,80004a6e	 x11:0xffffffff
          98889	      4842	80004a6e	41fb54b3	sra	x9,x22,x31	 x22:0x00000000 x31:0x00000671  x9=0x00000000
          99149	      4855	80004a72	36087313	andi	x6,x16,864	 x16:0x0001b000  x6=0x00000000
          99169	      4856	80004a76	0d88	c.addi4spn	x10,x2,720	 x10=0x041ad1ad
          99189	      4857	80004a78	8996	c.mv	x19,x5	  x0:0x00000000  x5:0x80025ce4 x19=0x80025ce4
          99209	      4858	80004a7a	cd95	c.beqz	x11,80004ab6	 x11:0xffffffff
          99369	      4866	80004a7c	91da	c.add	x3,x22	  x3:0x00000000 x22:0x00000000  x3=0x00000000
          99389	      4867	80004a7e	9a16	c.add	x20,x5	 x20:0x00000000  x5:0x80025ce4 x20=0x80025ce4
          99409	      4868	80004a80	dd386993	ori	x19,x16,-557	 x16:0x0001b000 x19=0xfffffdd3
          99429	      4869	80004a84	0ff0000f	fence	iorw,iorw	
          99569	      4876	80004a88	027e3a33	mulhu	x20,x28,x7	 x28:0x00003000  x7:0x00000000 x20=0x00000000
          99849	      4890	80004a8c	00978233	add	x4,x15,x9	 x15:0xf554207c  x9:0x00000000  x4=0xf554207c
          99869	      4891	80004a90	340815f3	csrrw	x11,mscratch,x16	 x16:0x0001b000 x11=0x80025ce4
          99929	      4894	80004a94	024c3333	mulhu	x6,x24,x4	 x24:0x00000001  x4:0xf554207c  x6=0x00000000
          99949	      4895	80004a98	00585a63	bge	x16,x5,80004aac	 x16:0x0001b000  x5:0x80025ce4
         100669	      4931	80004aac	023a70b3	remu	x1,x20,x3	 x20:0x00000000  x3:0x00000000  x1=0x00000000
         100789	      4937	80004ab0	05550563	beq	x10,x21,80004afa	 x10:0x041ad1ad x21:0x00000000
         101209	      4958	80004ab4	987d	c.andi	x8,-1	  x8:0x00000000  x8=0x00000000
         101389	      4967	80004ab6	40b05233	sra	x4,x0,x11	  x0:0x00000000 x11:0x80025ce4  x4=0x00000000
         101409	      4968	80004aba	8de9	c.and	x11,x10	 x11:0x80025ce4 x10:0x041ad1ad x11=0x000250a4
         101429	      4969	80004abc	00389513	slli	x10,x17,0x3	 x17:0x80021e1c x10=0x0010f0e0
         101829	      4989	80004ac0	0ff0000f	fence	iorw,iorw	
         102089	      5002	80004ac4	34003573	csrrc	x10,mscratch,x0	  x0:0x00000000 x10=0x0001b000
         102229	      5009	80004ac8	0000100f	fence.i	
         103489	      5072	80004acc	57f32013	slti	x0,x6,1407	  x6:0x00000000  x0=0x00000000
         104409	      5118	80004ad0	02c2d1b3	divu	x3,x5,x12	  x5:0x80025ce4 x12:0x0003f2e4  x3=0xffffdf97
         104429	      5119	80004ad4	22336913	ori	x18,x6,547	  x6:0x00000000 x18=0x00000223
