UVM_FATAL /runtime_only_unique_aaad.sv(1) @ 1: runtime_only_unique_failure_aaad normalization resistant timing marker
RUNTIME_ONLY_CASE=4 SOURCE_A=benchmark_set_1:4
riscv_debug_basic_test.0 : [FAILED]
RUNTIME_ONLY_COMBINE SOURCE_B=benchmark_set_2:5
spike[937] : pc[ffffffff80000ca2] c.mv s0, sp: s0:00000338
[FAILED]: 883 matched, 64810 mismatch
000000000 RUNTIME_ONLY neutral retire case=00004 pc=0x8000020c opcode=csrrw x4=0x8000020c
000000001 RUNTIME_ONLY neutral retire case=00004 pc=0x80000210 opcode=xor x5=0x80000211
000000002 RUNTIME_ONLY neutral retire case=00004 pc=0x80000214 opcode=addi x6=0x80000216
000000003 RUNTIME_ONLY neutral retire case=00004 pc=0x80000218 opcode=lw x7=0x8000021b
000000004 RUNTIME_ONLY neutral retire case=00004 pc=0x8000021c opcode=sw x8=0x80000218
000000005 RUNTIME_ONLY neutral retire case=00004 pc=0x80000220 opcode=beq x9=0x80000225
000000006 RUNTIME_ONLY neutral retire case=00004 pc=0x80000224 opcode=csrrw x10=0x80000222
000000007 RUNTIME_ONLY neutral retire case=00004 pc=0x80000228 opcode=xor x11=0x8000022f
000000008 RUNTIME_ONLY neutral retire case=00004 pc=0x8000022c opcode=addi x12=0x80000224
000000009 RUNTIME_ONLY neutral retire case=00004 pc=0x80000230 opcode=lw x13=0x80000239
000000010 RUNTIME_ONLY neutral retire case=00004 pc=0x80000234 opcode=sw x14=0x8000023e
000000011 RUNTIME_ONLY neutral retire case=00004 pc=0x80000238 opcode=beq x15=0x80000233
000000012 RUNTIME_ONLY neutral retire case=00004 pc=0x8000023c opcode=csrrw x16=0x80000230
000000013 RUNTIME_ONLY neutral retire case=00004 pc=0x80000240 opcode=xor x17=0x8000024d
000000014 RUNTIME_ONLY neutral retire case=00004 pc=0x80000244 opcode=addi x18=0x8000024a
000000015 RUNTIME_ONLY neutral retire case=00004 pc=0x80000248 opcode=lw x19=0x80000247
