UVM_FATAL /runtime_only_unique_aauq.sv(1) @ 1: runtime_only_unique_failure_aauq normalization resistant timing marker
RUNTIME_ONLY_CASE=563 SOURCE_A=benchmark_set_2:12
riscv_mem_error_test.0 : [FAILED]
RUNTIME_ONLY_COMBINE SOURCE_B=benchmark_set_2:14
riscv_multiple_interrupt_test.0 : [FAILED]
000000000 RUNTIME_ONLY neutral retire case=00563 pc=0x80012018 opcode=xor x19=0x80012018
000000001 RUNTIME_ONLY neutral retire case=00563 pc=0x8001201c opcode=addi x20=0x8001201d
000000002 RUNTIME_ONLY neutral retire case=00563 pc=0x80012020 opcode=lw x21=0x80012022
000000003 RUNTIME_ONLY neutral retire case=00563 pc=0x80012024 opcode=sw x22=0x80012027
000000004 RUNTIME_ONLY neutral retire case=00563 pc=0x80012028 opcode=beq x23=0x8001202c
000000005 RUNTIME_ONLY neutral retire case=00563 pc=0x8001202c opcode=csrrw x24=0x80012029
000000006 RUNTIME_ONLY neutral retire case=00563 pc=0x80012030 opcode=xor x25=0x80012036
000000007 RUNTIME_ONLY neutral retire case=00563 pc=0x80012034 opcode=addi x26=0x80012033
000000008 RUNTIME_ONLY neutral retire case=00563 pc=0x80012038 opcode=lw x27=0x80012030
000000009 RUNTIME_ONLY neutral retire case=00563 pc=0x8001203c opcode=sw x28=0x80012035
000000010 RUNTIME_ONLY neutral retire case=00563 pc=0x80012040 opcode=beq x29=0x8001204a
000000011 RUNTIME_ONLY neutral retire case=00563 pc=0x80012044 opcode=csrrw x30=0x8001204f
000000012 RUNTIME_ONLY neutral retire case=00563 pc=0x80012048 opcode=xor x31=0x80012044
000000013 RUNTIME_ONLY neutral retire case=00563 pc=0x8001204c opcode=addi x0=0x80012041
000000014 RUNTIME_ONLY neutral retire case=00563 pc=0x80012050 opcode=lw x1=0x8001205e
000000015 RUNTIME_ONLY neutral retire case=00563 pc=0x80012054 opcode=sw x2=0x8001205b
