UVM_FATAL /runtime_only_unique_aavi.sv(1) @ 1: runtime_only_unique_failure_aavi normalization resistant timing marker
RUNTIME_ONLY_CASE=581 SOURCE_A=benchmark_set_1:5
riscv_single_interrupt_test.0 : [FAILED]
RUNTIME_ONLY_COMBINE SOURCE_B=benchmark_set_2:12
riscv_mem_error_test.0 : [FAILED]
000000000 RUNTIME_ONLY neutral retire case=00581 pc=0x8001294c opcode=xor x5=0x8001294c
000000001 RUNTIME_ONLY neutral retire case=00581 pc=0x80012950 opcode=addi x6=0x80012951
000000002 RUNTIME_ONLY neutral retire case=00581 pc=0x80012954 opcode=lw x7=0x80012956
000000003 RUNTIME_ONLY neutral retire case=00581 pc=0x80012958 opcode=sw x8=0x8001295b
000000004 RUNTIME_ONLY neutral retire case=00581 pc=0x8001295c opcode=beq x9=0x80012958
000000005 RUNTIME_ONLY neutral retire case=00581 pc=0x80012960 opcode=csrrw x10=0x80012965
000000006 RUNTIME_ONLY neutral retire case=00581 pc=0x80012964 opcode=xor x11=0x80012962
000000007 RUNTIME_ONLY neutral retire case=00581 pc=0x80012968 opcode=addi x12=0x8001296f
000000008 RUNTIME_ONLY neutral retire case=00581 pc=0x8001296c opcode=lw x13=0x80012964
000000009 RUNTIME_ONLY neutral retire case=00581 pc=0x80012970 opcode=sw x14=0x80012979
000000010 RUNTIME_ONLY neutral retire case=00581 pc=0x80012974 opcode=beq x15=0x8001297e
000000011 RUNTIME_ONLY neutral retire case=00581 pc=0x80012978 opcode=csrrw x16=0x80012973
000000012 RUNTIME_ONLY neutral retire case=00581 pc=0x8001297c opcode=xor x17=0x80012970
000000013 RUNTIME_ONLY neutral retire case=00581 pc=0x80012980 opcode=addi x18=0x8001298d
000000014 RUNTIME_ONLY neutral retire case=00581 pc=0x80012984 opcode=lw x19=0x8001298a
000000015 RUNTIME_ONLY neutral retire case=00581 pc=0x80012988 opcode=sw x20=0x80012987
000000016 RUNTIME_ONLY neutral retire case=00581 pc=0x8001298c opcode=beq x21=0x8001299c
