UVM_FATAL /runtime_only_unique_aagu.sv(1) @ 1: runtime_only_unique_failure_aagu normalization resistant timing marker
RUNTIME_ONLY_CASE=879 SOURCE_A=benchmark_set_2:8
riscv_debug_ebreakmu_test.0 : [FAILED]
RUNTIME_ONLY_COMBINE SOURCE_B=benchmark_set_2:18
riscv_interrupt_csr_test.0 : [FAILED]
000000000 RUNTIME_ONLY neutral retire case=00879 pc=0x8001c1cc opcode=beq x15=0x8001c1cc
000000001 RUNTIME_ONLY neutral retire case=00879 pc=0x8001c1d0 opcode=csrrw x16=0x8001c1d1
000000002 RUNTIME_ONLY neutral retire case=00879 pc=0x8001c1d4 opcode=xor x17=0x8001c1d6
000000003 RUNTIME_ONLY neutral retire case=00879 pc=0x8001c1d8 opcode=addi x18=0x8001c1db
000000004 RUNTIME_ONLY neutral retire case=00879 pc=0x8001c1dc opcode=lw x19=0x8001c1d8
000000005 RUNTIME_ONLY neutral retire case=00879 pc=0x8001c1e0 opcode=sw x20=0x8001c1e5
000000006 RUNTIME_ONLY neutral retire case=00879 pc=0x8001c1e4 opcode=beq x21=0x8001c1e2
000000007 RUNTIME_ONLY neutral retire case=00879 pc=0x8001c1e8 opcode=csrrw x22=0x8001c1ef
000000008 RUNTIME_ONLY neutral retire case=00879 pc=0x8001c1ec opcode=xor x23=0x8001c1e4
000000009 RUNTIME_ONLY neutral retire case=00879 pc=0x8001c1f0 opcode=addi x24=0x8001c1f9
000000010 RUNTIME_ONLY neutral retire case=00879 pc=0x8001c1f4 opcode=lw x25=0x8001c1fe
000000011 RUNTIME_ONLY neutral retire case=00879 pc=0x8001c1f8 opcode=sw x26=0x8001c1f3
000000012 RUNTIME_ONLY neutral retire case=00879 pc=0x8001c1fc opcode=beq x27=0x8001c1f0
000000013 RUNTIME_ONLY neutral retire case=00879 pc=0x8001c200 opcode=csrrw x28=0x8001c20d
000000014 RUNTIME_ONLY neutral retire case=00879 pc=0x8001c204 opcode=xor x29=0x8001c20a
000000015 RUNTIME_ONLY neutral retire case=00879 pc=0x8001c208 opcode=addi x30=0x8001c207
