UVM_FATAL /runtime_only_unique_aacs.sv(1) @ 1: runtime_only_unique_failure_aacs normalization resistant timing marker
RUNTIME_ONLY_CASE=773 SOURCE_A=benchmark_set_1:5
riscv_single_interrupt_test.0 : [FAILED]
RUNTIME_ONLY_COMBINE SOURCE_B=benchmark_set_2:12
riscv_mem_error_test.0 : [FAILED]
000000000 RUNTIME_ONLY neutral retire case=00773 pc=0x80018b8c opcode=xor x5=0x80018b8c
000000001 RUNTIME_ONLY neutral retire case=00773 pc=0x80018b90 opcode=addi x6=0x80018b91
000000002 RUNTIME_ONLY neutral retire case=00773 pc=0x80018b94 opcode=lw x7=0x80018b96
000000003 RUNTIME_ONLY neutral retire case=00773 pc=0x80018b98 opcode=sw x8=0x80018b9b
000000004 RUNTIME_ONLY neutral retire case=00773 pc=0x80018b9c opcode=beq x9=0x80018b98
000000005 RUNTIME_ONLY neutral retire case=00773 pc=0x80018ba0 opcode=csrrw x10=0x80018ba5
000000006 RUNTIME_ONLY neutral retire case=00773 pc=0x80018ba4 opcode=xor x11=0x80018ba2
000000007 RUNTIME_ONLY neutral retire case=00773 pc=0x80018ba8 opcode=addi x12=0x80018baf
000000008 RUNTIME_ONLY neutral retire case=00773 pc=0x80018bac opcode=lw x13=0x80018ba4
000000009 RUNTIME_ONLY neutral retire case=00773 pc=0x80018bb0 opcode=sw x14=0x80018bb9
000000010 RUNTIME_ONLY neutral retire case=00773 pc=0x80018bb4 opcode=beq x15=0x80018bbe
000000011 RUNTIME_ONLY neutral retire case=00773 pc=0x80018bb8 opcode=csrrw x16=0x80018bb3
000000012 RUNTIME_ONLY neutral retire case=00773 pc=0x80018bbc opcode=xor x17=0x80018bb0
000000013 RUNTIME_ONLY neutral retire case=00773 pc=0x80018bc0 opcode=addi x18=0x80018bcd
000000014 RUNTIME_ONLY neutral retire case=00773 pc=0x80018bc4 opcode=lw x19=0x80018bca
000000015 RUNTIME_ONLY neutral retire case=00773 pc=0x80018bc8 opcode=sw x20=0x80018bc7
000000016 RUNTIME_ONLY neutral retire case=00773 pc=0x80018bcc opcode=beq x21=0x80018bdc
