UVM_FATAL /runtime_only_unique_aaam.sv(1) @ 1: runtime_only_unique_failure_aaam normalization resistant timing marker
RUNTIME_ONLY_CASE=39 SOURCE_A=benchmark_set_1:7
riscv_csr_test.0 : [FAILED]
RUNTIME_ONLY_COMBINE SOURCE_B=benchmark_set_2:20
riscv_multiple_interrupt_test.0 : [FAILED]
000000000 RUNTIME_ONLY neutral retire case=00039 pc=0x800013f4 opcode=beq x7=0x800013f4
000000001 RUNTIME_ONLY neutral retire case=00039 pc=0x800013f8 opcode=csrrw x8=0x800013f9
000000002 RUNTIME_ONLY neutral retire case=00039 pc=0x800013fc opcode=xor x9=0x800013fe
000000003 RUNTIME_ONLY neutral retire case=00039 pc=0x80001400 opcode=addi x10=0x80001403
000000004 RUNTIME_ONLY neutral retire case=00039 pc=0x80001404 opcode=lw x11=0x80001400
000000005 RUNTIME_ONLY neutral retire case=00039 pc=0x80001408 opcode=sw x12=0x8000140d
000000006 RUNTIME_ONLY neutral retire case=00039 pc=0x8000140c opcode=beq x13=0x8000140a
000000007 RUNTIME_ONLY neutral retire case=00039 pc=0x80001410 opcode=csrrw x14=0x80001417
000000008 RUNTIME_ONLY neutral retire case=00039 pc=0x80001414 opcode=xor x15=0x8000141c
000000009 RUNTIME_ONLY neutral retire case=00039 pc=0x80001418 opcode=addi x16=0x80001411
000000010 RUNTIME_ONLY neutral retire case=00039 pc=0x8000141c opcode=lw x17=0x80001416
000000011 RUNTIME_ONLY neutral retire case=00039 pc=0x80001420 opcode=sw x18=0x8000142b
000000012 RUNTIME_ONLY neutral retire case=00039 pc=0x80001424 opcode=beq x19=0x80001428
000000013 RUNTIME_ONLY neutral retire case=00039 pc=0x80001428 opcode=csrrw x20=0x80001425
000000014 RUNTIME_ONLY neutral retire case=00039 pc=0x8000142c opcode=xor x21=0x80001422
000000015 RUNTIME_ONLY neutral retire case=00039 pc=0x80001430 opcode=addi x22=0x8000143f
000000016 RUNTIME_ONLY neutral retire case=00039 pc=0x80001434 opcode=lw x23=0x80001424
000000017 RUNTIME_ONLY neutral retire case=00039 pc=0x80001438 opcode=sw x24=0x80001429
000000018 RUNTIME_ONLY neutral retire case=00039 pc=0x8000143c opcode=beq x25=0x8000142e
000000019 RUNTIME_ONLY neutral retire case=00039 pc=0x80001440 opcode=csrrw x26=0x80001453
000000020 RUNTIME_ONLY neutral retire case=00039 pc=0x80001444 opcode=xor x27=0x80001450
000000021 RUNTIME_ONLY neutral retire case=00039 pc=0x80001448 opcode=addi x28=0x8000145d
000000022 RUNTIME_ONLY neutral retire case=00039 pc=0x8000144c opcode=lw x29=0x8000145a
000000023 RUNTIME_ONLY neutral retire case=00039 pc=0x80001450 opcode=sw x30=0x80001447
000000024 RUNTIME_ONLY neutral retire case=00039 pc=0x80001454 opcode=beq x31=0x8000144c
000000025 RUNTIME_ONLY neutral retire case=00039 pc=0x80001458 opcode=csrrw x0=0x80001441
000000026 RUNTIME_ONLY neutral retire case=00039 pc=0x8000145c opcode=xor x1=0x80001446
000000027 RUNTIME_ONLY neutral retire case=00039 pc=0x80001460 opcode=addi x2=0x8000147b
000000028 RUNTIME_ONLY neutral retire case=00039 pc=0x80001464 opcode=lw x3=0x80001478
000000029 RUNTIME_ONLY neutral retire case=00039 pc=0x80001468 opcode=sw x4=0x80001475
000000030 RUNTIME_ONLY neutral retire case=00039 pc=0x8000146c opcode=beq x5=0x80001472
000000031 RUNTIME_ONLY neutral retire case=00039 pc=0x80001470 opcode=csrrw x6=0x8000146f
000000032 RUNTIME_ONLY neutral retire case=00039 pc=0x80001474 opcode=xor x7=0x80001454
000000033 RUNTIME_ONLY neutral retire case=00039 pc=0x80001478 opcode=addi x8=0x80001459
000000034 RUNTIME_ONLY neutral retire case=00039 pc=0x8000147c opcode=lw x9=0x8000145e
000000035 RUNTIME_ONLY neutral retire case=00039 pc=0x80001480 opcode=sw x10=0x800014a3
000000036 RUNTIME_ONLY neutral retire case=00039 pc=0x80001484 opcode=beq x11=0x800014a0
000000037 RUNTIME_ONLY neutral retire case=00039 pc=0x80001488 opcode=csrrw x12=0x800014ad
000000038 RUNTIME_ONLY neutral retire case=00039 pc=0x8000148c opcode=xor x13=0x800014aa
000000039 RUNTIME_ONLY neutral retire case=00039 pc=0x80001490 opcode=addi x14=0x800014b7
000000040 RUNTIME_ONLY neutral retire case=00039 pc=0x80001494 opcode=lw x15=0x800014bc
000000041 RUNTIME_ONLY neutral retire case=00039 pc=0x80001498 opcode=sw x16=0x800014b1
000000042 RUNTIME_ONLY neutral retire case=00039 pc=0x8000149c opcode=beq x17=0x800014b6
000000043 RUNTIME_ONLY neutral retire case=00039 pc=0x800014a0 opcode=csrrw x18=0x8000148b
000000044 RUNTIME_ONLY neutral retire case=00039 pc=0x800014a4 opcode=xor x19=0x80001488
000000045 RUNTIME_ONLY neutral retire case=00039 pc=0x800014a8 opcode=addi x20=0x80001485
000000046 RUNTIME_ONLY neutral retire case=00039 pc=0x800014ac opcode=lw x21=0x80001482
000000047 RUNTIME_ONLY neutral retire case=00039 pc=0x800014b0 opcode=sw x22=0x8000149f
000000048 RUNTIME_ONLY neutral retire case=00039 pc=0x800014b4 opcode=beq x23=0x80001484
000000049 RUNTIME_ONLY neutral retire case=00039 pc=0x800014b8 opcode=csrrw x24=0x80001489
000000050 RUNTIME_ONLY neutral retire case=00039 pc=0x800014bc opcode=xor x25=0x8000148e
000000051 RUNTIME_ONLY neutral retire case=00039 pc=0x800014c0 opcode=addi x26=0x800014f3
000000052 RUNTIME_ONLY neutral retire case=00039 pc=0x800014c4 opcode=lw x27=0x800014f0
000000053 RUNTIME_ONLY neutral retire case=00039 pc=0x800014c8 opcode=sw x28=0x800014fd
000000054 RUNTIME_ONLY neutral retire case=00039 pc=0x800014cc opcode=beq x29=0x800014fa
000000055 RUNTIME_ONLY neutral retire case=00039 pc=0x800014d0 opcode=csrrw x30=0x800014e7
000000056 RUNTIME_ONLY neutral retire case=00039 pc=0x800014d4 opcode=xor x31=0x800014ec
000000057 RUNTIME_ONLY neutral retire case=00039 pc=0x800014d8 opcode=addi x0=0x800014e1
000000058 RUNTIME_ONLY neutral retire case=00039 pc=0x800014dc opcode=lw x1=0x800014e6
000000059 RUNTIME_ONLY neutral retire case=00039 pc=0x800014e0 opcode=sw x2=0x800014db
000000060 RUNTIME_ONLY neutral retire case=00039 pc=0x800014e4 opcode=beq x3=0x800014d8
000000061 RUNTIME_ONLY neutral retire case=00039 pc=0x800014e8 opcode=csrrw x4=0x800014d5
000000062 RUNTIME_ONLY neutral retire case=00039 pc=0x800014ec opcode=xor x5=0x800014d2
000000063 RUNTIME_ONLY neutral retire case=00039 pc=0x800014f0 opcode=addi x6=0x800014cf
000000064 RUNTIME_ONLY neutral retire case=00039 pc=0x800014f4 opcode=lw x7=0x800014b4
000000065 RUNTIME_ONLY neutral retire case=00039 pc=0x800014f8 opcode=sw x8=0x800014b9
000000066 RUNTIME_ONLY neutral retire case=00039 pc=0x800014fc opcode=beq x9=0x800014be
000000067 RUNTIME_ONLY neutral retire case=00039 pc=0x80001500 opcode=csrrw x10=0x80001543
000000068 RUNTIME_ONLY neutral retire case=00039 pc=0x80001504 opcode=xor x11=0x80001540
000000069 RUNTIME_ONLY neutral retire case=00039 pc=0x80001508 opcode=addi x12=0x8000154d
000000070 RUNTIME_ONLY neutral retire case=00039 pc=0x8000150c opcode=lw x13=0x8000154a
000000071 RUNTIME_ONLY neutral retire case=00039 pc=0x80001510 opcode=sw x14=0x80001557
000000072 RUNTIME_ONLY neutral retire case=00039 pc=0x80001514 opcode=beq x15=0x8000155c
000000073 RUNTIME_ONLY neutral retire case=00039 pc=0x80001518 opcode=csrrw x16=0x80001551
000000074 RUNTIME_ONLY neutral retire case=00039 pc=0x8000151c opcode=xor x17=0x80001556
000000075 RUNTIME_ONLY neutral retire case=00039 pc=0x80001520 opcode=addi x18=0x8000156b
000000076 RUNTIME_ONLY neutral retire case=00039 pc=0x80001524 opcode=lw x19=0x80001568
000000077 RUNTIME_ONLY neutral retire case=00039 pc=0x80001528 opcode=sw x20=0x80001565
000000078 RUNTIME_ONLY neutral retire case=00039 pc=0x8000152c opcode=beq x21=0x80001562
000000079 RUNTIME_ONLY neutral retire case=00039 pc=0x80001530 opcode=csrrw x22=0x8000157f
000000080 RUNTIME_ONLY neutral retire case=00039 pc=0x80001534 opcode=xor x23=0x80001564
000000081 RUNTIME_ONLY neutral retire case=00039 pc=0x80001538 opcode=addi x24=0x80001569
000000082 RUNTIME_ONLY neutral retire case=00039 pc=0x8000153c opcode=lw x25=0x8000156e
000000083 RUNTIME_ONLY neutral retire case=00039 pc=0x80001540 opcode=sw x26=0x80001513
000000084 RUNTIME_ONLY neutral retire case=00039 pc=0x80001544 opcode=beq x27=0x80001510
000000085 RUNTIME_ONLY neutral retire case=00039 pc=0x80001548 opcode=csrrw x28=0x8000151d
000000086 RUNTIME_ONLY neutral retire case=00039 pc=0x8000154c opcode=xor x29=0x8000151a
000000087 RUNTIME_ONLY neutral retire case=00039 pc=0x80001550 opcode=addi x30=0x80001507
000000088 RUNTIME_ONLY neutral retire case=00039 pc=0x80001554 opcode=lw x31=0x8000150c
000000089 RUNTIME_ONLY neutral retire case=00039 pc=0x80001558 opcode=sw x0=0x80001501
000000090 RUNTIME_ONLY neutral retire case=00039 pc=0x8000155c opcode=beq x1=0x80001506
000000091 RUNTIME_ONLY neutral retire case=00039 pc=0x80001560 opcode=csrrw x2=0x8000153b
000000092 RUNTIME_ONLY neutral retire case=00039 pc=0x80001564 opcode=xor x3=0x80001538
000000093 RUNTIME_ONLY neutral retire case=00039 pc=0x80001568 opcode=addi x4=0x80001535
000000094 RUNTIME_ONLY neutral retire case=00039 pc=0x8000156c opcode=lw x5=0x80001532
000000095 RUNTIME_ONLY neutral retire case=00039 pc=0x80001570 opcode=sw x6=0x8000152f
000000096 RUNTIME_ONLY neutral retire case=00039 pc=0x80001574 opcode=beq x7=0x80001514
000000097 RUNTIME_ONLY neutral retire case=00039 pc=0x80001578 opcode=csrrw x8=0x80001519
000000098 RUNTIME_ONLY neutral retire case=00039 pc=0x8000157c opcode=xor x9=0x8000151e
000000099 RUNTIME_ONLY neutral retire case=00039 pc=0x80001580 opcode=addi x10=0x800015e3
000000100 RUNTIME_ONLY neutral retire case=00039 pc=0x80001584 opcode=lw x11=0x800015e0
000000101 RUNTIME_ONLY neutral retire case=00039 pc=0x80001588 opcode=sw x12=0x800015ed
000000102 RUNTIME_ONLY neutral retire case=00039 pc=0x8000158c opcode=beq x13=0x800015ea
000000103 RUNTIME_ONLY neutral retire case=00039 pc=0x80001590 opcode=csrrw x14=0x800015f7
000000104 RUNTIME_ONLY neutral retire case=00039 pc=0x80001594 opcode=xor x15=0x800015fc
000000105 RUNTIME_ONLY neutral retire case=00039 pc=0x80001598 opcode=addi x16=0x800015f1
000000106 RUNTIME_ONLY neutral retire case=00039 pc=0x8000159c opcode=lw x17=0x800015f6
000000107 RUNTIME_ONLY neutral retire case=00039 pc=0x800015a0 opcode=sw x18=0x800015cb
000000108 RUNTIME_ONLY neutral retire case=00039 pc=0x800015a4 opcode=beq x19=0x800015c8
000000109 RUNTIME_ONLY neutral retire case=00039 pc=0x800015a8 opcode=csrrw x20=0x800015c5
000000110 RUNTIME_ONLY neutral retire case=00039 pc=0x800015ac opcode=xor x21=0x800015c2
000000111 RUNTIME_ONLY neutral retire case=00039 pc=0x800015b0 opcode=addi x22=0x800015df
000000112 RUNTIME_ONLY neutral retire case=00039 pc=0x800015b4 opcode=lw x23=0x800015c4
000000113 RUNTIME_ONLY neutral retire case=00039 pc=0x800015b8 opcode=sw x24=0x800015c9
000000114 RUNTIME_ONLY neutral retire case=00039 pc=0x800015bc opcode=beq x25=0x800015ce
000000115 RUNTIME_ONLY neutral retire case=00039 pc=0x800015c0 opcode=csrrw x26=0x800015b3
000000116 RUNTIME_ONLY neutral retire case=00039 pc=0x800015c4 opcode=xor x27=0x800015b0
000000117 RUNTIME_ONLY neutral retire case=00039 pc=0x800015c8 opcode=addi x28=0x800015bd
000000118 RUNTIME_ONLY neutral retire case=00039 pc=0x800015cc opcode=lw x29=0x800015ba
000000119 RUNTIME_ONLY neutral retire case=00039 pc=0x800015d0 opcode=sw x30=0x800015a7
000000120 RUNTIME_ONLY neutral retire case=00039 pc=0x800015d4 opcode=beq x31=0x800015ac
000000121 RUNTIME_ONLY neutral retire case=00039 pc=0x800015d8 opcode=csrrw x0=0x800015a1
000000122 RUNTIME_ONLY neutral retire case=00039 pc=0x800015dc opcode=xor x1=0x800015a6
000000123 RUNTIME_ONLY neutral retire case=00039 pc=0x800015e0 opcode=addi x2=0x8000159b
000000124 RUNTIME_ONLY neutral retire case=00039 pc=0x800015e4 opcode=lw x3=0x80001598
000000125 RUNTIME_ONLY neutral retire case=00039 pc=0x800015e8 opcode=sw x4=0x80001595
000000126 RUNTIME_ONLY neutral retire case=00039 pc=0x800015ec opcode=beq x5=0x80001592
000000127 RUNTIME_ONLY neutral retire case=00039 pc=0x800015f0 opcode=csrrw x6=0x8000158f
000000128 RUNTIME_ONLY neutral retire case=00039 pc=0x800015f4 opcode=xor x7=0x80001574
000000129 RUNTIME_ONLY neutral retire case=00039 pc=0x800015f8 opcode=addi x8=0x80001579
000000130 RUNTIME_ONLY neutral retire case=00039 pc=0x800015fc opcode=lw x9=0x8000157e
000000131 RUNTIME_ONLY neutral retire case=00039 pc=0x80001600 opcode=sw x10=0x80001683
000000132 RUNTIME_ONLY neutral retire case=00039 pc=0x80001604 opcode=beq x11=0x80001680
000000133 RUNTIME_ONLY neutral retire case=00039 pc=0x80001608 opcode=csrrw x12=0x8000168d
000000134 RUNTIME_ONLY neutral retire case=00039 pc=0x8000160c opcode=xor x13=0x8000168a
000000135 RUNTIME_ONLY neutral retire case=00039 pc=0x80001610 opcode=addi x14=0x80001697
000000136 RUNTIME_ONLY neutral retire case=00039 pc=0x80001614 opcode=lw x15=0x8000169c
000000137 RUNTIME_ONLY neutral retire case=00039 pc=0x80001618 opcode=sw x16=0x80001691
000000138 RUNTIME_ONLY neutral retire case=00039 pc=0x8000161c opcode=beq x17=0x80001696
000000139 RUNTIME_ONLY neutral retire case=00039 pc=0x80001620 opcode=csrrw x18=0x800016ab
000000140 RUNTIME_ONLY neutral retire case=00039 pc=0x80001624 opcode=xor x19=0x800016a8
000000141 RUNTIME_ONLY neutral retire case=00039 pc=0x80001628 opcode=addi x20=0x800016a5
000000142 RUNTIME_ONLY neutral retire case=00039 pc=0x8000162c opcode=lw x21=0x800016a2
000000143 RUNTIME_ONLY neutral retire case=00039 pc=0x80001630 opcode=sw x22=0x800016bf
000000144 RUNTIME_ONLY neutral retire case=00039 pc=0x80001634 opcode=beq x23=0x800016a4
000000145 RUNTIME_ONLY neutral retire case=00039 pc=0x80001638 opcode=csrrw x24=0x800016a9
000000146 RUNTIME_ONLY neutral retire case=00039 pc=0x8000163c opcode=xor x25=0x800016ae
000000147 RUNTIME_ONLY neutral retire case=00039 pc=0x80001640 opcode=addi x26=0x800016d3
000000148 RUNTIME_ONLY neutral retire case=00039 pc=0x80001644 opcode=lw x27=0x800016d0
000000149 RUNTIME_ONLY neutral retire case=00039 pc=0x80001648 opcode=sw x28=0x800016dd
000000150 RUNTIME_ONLY neutral retire case=00039 pc=0x8000164c opcode=beq x29=0x800016da
000000151 RUNTIME_ONLY neutral retire case=00039 pc=0x80001650 opcode=csrrw x30=0x800016c7
000000152 RUNTIME_ONLY neutral retire case=00039 pc=0x80001654 opcode=xor x31=0x800016cc
000000153 RUNTIME_ONLY neutral retire case=00039 pc=0x80001658 opcode=addi x0=0x800016c1
000000154 RUNTIME_ONLY neutral retire case=00039 pc=0x8000165c opcode=lw x1=0x800016c6
000000155 RUNTIME_ONLY neutral retire case=00039 pc=0x80001660 opcode=sw x2=0x800016fb
000000156 RUNTIME_ONLY neutral retire case=00039 pc=0x80001664 opcode=beq x3=0x800016f8
000000157 RUNTIME_ONLY neutral retire case=00039 pc=0x80001668 opcode=csrrw x4=0x800016f5
000000158 RUNTIME_ONLY neutral retire case=00039 pc=0x8000166c opcode=xor x5=0x800016f2
000000159 RUNTIME_ONLY neutral retire case=00039 pc=0x80001670 opcode=addi x6=0x800016ef
000000160 RUNTIME_ONLY neutral retire case=00039 pc=0x80001674 opcode=lw x7=0x800016d4
000000161 RUNTIME_ONLY neutral retire case=00039 pc=0x80001678 opcode=sw x8=0x800016d9
000000162 RUNTIME_ONLY neutral retire case=00039 pc=0x8000167c opcode=beq x9=0x800016de
000000163 RUNTIME_ONLY neutral retire case=00039 pc=0x80001680 opcode=csrrw x10=0x80001623
000000164 RUNTIME_ONLY neutral retire case=00039 pc=0x80001684 opcode=xor x11=0x80001620
000000165 RUNTIME_ONLY neutral retire case=00039 pc=0x80001688 opcode=addi x12=0x8000162d
000000166 RUNTIME_ONLY neutral retire case=00039 pc=0x8000168c opcode=lw x13=0x8000162a
000000167 RUNTIME_ONLY neutral retire case=00039 pc=0x80001690 opcode=sw x14=0x80001637
000000168 RUNTIME_ONLY neutral retire case=00039 pc=0x80001694 opcode=beq x15=0x8000163c
000000169 RUNTIME_ONLY neutral retire case=00039 pc=0x80001698 opcode=csrrw x16=0x80001631
000000170 RUNTIME_ONLY neutral retire case=00039 pc=0x8000169c opcode=xor x17=0x80001636
000000171 RUNTIME_ONLY neutral retire case=00039 pc=0x800016a0 opcode=addi x18=0x8000160b
000000172 RUNTIME_ONLY neutral retire case=00039 pc=0x800016a4 opcode=lw x19=0x80001608
000000173 RUNTIME_ONLY neutral retire case=00039 pc=0x800016a8 opcode=sw x20=0x80001605
000000174 RUNTIME_ONLY neutral retire case=00039 pc=0x800016ac opcode=beq x21=0x80001602
000000175 RUNTIME_ONLY neutral retire case=00039 pc=0x800016b0 opcode=csrrw x22=0x8000161f
000000176 RUNTIME_ONLY neutral retire case=00039 pc=0x800016b4 opcode=xor x23=0x80001604
000000177 RUNTIME_ONLY neutral retire case=00039 pc=0x800016b8 opcode=addi x24=0x80001609
000000178 RUNTIME_ONLY neutral retire case=00039 pc=0x800016bc opcode=lw x25=0x8000160e
000000179 RUNTIME_ONLY neutral retire case=00039 pc=0x800016c0 opcode=sw x26=0x80001673
000000180 RUNTIME_ONLY neutral retire case=00039 pc=0x800016c4 opcode=beq x27=0x80001670
000000181 RUNTIME_ONLY neutral retire case=00039 pc=0x800016c8 opcode=csrrw x28=0x8000167d
000000182 RUNTIME_ONLY neutral retire case=00039 pc=0x800016cc opcode=xor x29=0x8000167a
000000183 RUNTIME_ONLY neutral retire case=00039 pc=0x800016d0 opcode=addi x30=0x80001667
000000184 RUNTIME_ONLY neutral retire case=00039 pc=0x800016d4 opcode=lw x31=0x8000166c
000000185 RUNTIME_ONLY neutral retire case=00039 pc=0x800016d8 opcode=sw x0=0x80001661
000000186 RUNTIME_ONLY neutral retire case=00039 pc=0x800016dc opcode=beq x1=0x80001666
000000187 RUNTIME_ONLY neutral retire case=00039 pc=0x800016e0 opcode=csrrw x2=0x8000165b
000000188 RUNTIME_ONLY neutral retire case=00039 pc=0x800016e4 opcode=xor x3=0x80001658
000000189 RUNTIME_ONLY neutral retire case=00039 pc=0x800016e8 opcode=addi x4=0x80001655
000000190 RUNTIME_ONLY neutral retire case=00039 pc=0x800016ec opcode=lw x5=0x80001652
000000191 RUNTIME_ONLY neutral retire case=00039 pc=0x800016f0 opcode=sw x6=0x8000164f
000000192 RUNTIME_ONLY neutral retire case=00039 pc=0x800016f4 opcode=beq x7=0x80001634
000000193 RUNTIME_ONLY neutral retire case=00039 pc=0x800016f8 opcode=csrrw x8=0x80001639
000000194 RUNTIME_ONLY neutral retire case=00039 pc=0x800016fc opcode=xor x9=0x8000163e
000000195 RUNTIME_ONLY neutral retire case=00039 pc=0x80001700 opcode=addi x10=0x800017c3
000000196 RUNTIME_ONLY neutral retire case=00039 pc=0x80001704 opcode=lw x11=0x800017c0
000000197 RUNTIME_ONLY neutral retire case=00039 pc=0x80001708 opcode=sw x12=0x800017cd
000000198 RUNTIME_ONLY neutral retire case=00039 pc=0x8000170c opcode=beq x13=0x800017ca
000000199 RUNTIME_ONLY neutral retire case=00039 pc=0x80001710 opcode=csrrw x14=0x800017d7
000000200 RUNTIME_ONLY neutral retire case=00039 pc=0x80001714 opcode=xor x15=0x800017dc
000000201 RUNTIME_ONLY neutral retire case=00039 pc=0x80001718 opcode=addi x16=0x800017d1
000000202 RUNTIME_ONLY neutral retire case=00039 pc=0x8000171c opcode=lw x17=0x800017d6
000000203 RUNTIME_ONLY neutral retire case=00039 pc=0x80001720 opcode=sw x18=0x800017eb
000000204 RUNTIME_ONLY neutral retire case=00039 pc=0x80001724 opcode=beq x19=0x800017e8
000000205 RUNTIME_ONLY neutral retire case=00039 pc=0x80001728 opcode=csrrw x20=0x800017e5
000000206 RUNTIME_ONLY neutral retire case=00039 pc=0x8000172c opcode=xor x21=0x800017e2
000000207 RUNTIME_ONLY neutral retire case=00039 pc=0x80001730 opcode=addi x22=0x800017ff
000000208 RUNTIME_ONLY neutral retire case=00039 pc=0x80001734 opcode=lw x23=0x800017e4
000000209 RUNTIME_ONLY neutral retire case=00039 pc=0x80001738 opcode=sw x24=0x800017e9
000000210 RUNTIME_ONLY neutral retire case=00039 pc=0x8000173c opcode=beq x25=0x800017ee
000000211 RUNTIME_ONLY neutral retire case=00039 pc=0x80001740 opcode=csrrw x26=0x80001793
000000212 RUNTIME_ONLY neutral retire case=00039 pc=0x80001744 opcode=xor x27=0x80001790
000000213 RUNTIME_ONLY neutral retire case=00039 pc=0x80001748 opcode=addi x28=0x8000179d
000000214 RUNTIME_ONLY neutral retire case=00039 pc=0x8000174c opcode=lw x29=0x8000179a
000000215 RUNTIME_ONLY neutral retire case=00039 pc=0x80001750 opcode=sw x30=0x80001787
000000216 RUNTIME_ONLY neutral retire case=00039 pc=0x80001754 opcode=beq x31=0x8000178c
000000217 RUNTIME_ONLY neutral retire case=00039 pc=0x80001758 opcode=csrrw x0=0x80001781
000000218 RUNTIME_ONLY neutral retire case=00039 pc=0x8000175c opcode=xor x1=0x80001786
000000219 RUNTIME_ONLY neutral retire case=00039 pc=0x80001760 opcode=addi x2=0x800017bb
000000220 RUNTIME_ONLY neutral retire case=00039 pc=0x80001764 opcode=lw x3=0x800017b8
000000221 RUNTIME_ONLY neutral retire case=00039 pc=0x80001768 opcode=sw x4=0x800017b5
000000222 RUNTIME_ONLY neutral retire case=00039 pc=0x8000176c opcode=beq x5=0x800017b2
000000223 RUNTIME_ONLY neutral retire case=00039 pc=0x80001770 opcode=csrrw x6=0x800017af
000000224 RUNTIME_ONLY neutral retire case=00039 pc=0x80001774 opcode=xor x7=0x80001794
000000225 RUNTIME_ONLY neutral retire case=00039 pc=0x80001778 opcode=addi x8=0x80001799
000000226 RUNTIME_ONLY neutral retire case=00039 pc=0x8000177c opcode=lw x9=0x8000179e
000000227 RUNTIME_ONLY neutral retire case=00039 pc=0x80001780 opcode=sw x10=0x80001763
000000228 RUNTIME_ONLY neutral retire case=00039 pc=0x80001784 opcode=beq x11=0x80001760
000000229 RUNTIME_ONLY neutral retire case=00039 pc=0x80001788 opcode=csrrw x12=0x8000176d
000000230 RUNTIME_ONLY neutral retire case=00039 pc=0x8000178c opcode=xor x13=0x8000176a
000000231 RUNTIME_ONLY neutral retire case=00039 pc=0x80001790 opcode=addi x14=0x80001777
000000232 RUNTIME_ONLY neutral retire case=00039 pc=0x80001794 opcode=lw x15=0x8000177c
000000233 RUNTIME_ONLY neutral retire case=00039 pc=0x80001798 opcode=sw x16=0x80001771
000000234 RUNTIME_ONLY neutral retire case=00039 pc=0x8000179c opcode=beq x17=0x80001776
000000235 RUNTIME_ONLY neutral retire case=00039 pc=0x800017a0 opcode=csrrw x18=0x8000174b
000000236 RUNTIME_ONLY neutral retire case=00039 pc=0x800017a4 opcode=xor x19=0x80001748
000000237 RUNTIME_ONLY neutral retire case=00039 pc=0x800017a8 opcode=addi x20=0x80001745
000000238 RUNTIME_ONLY neutral retire case=00039 pc=0x800017ac opcode=lw x21=0x80001742
000000239 RUNTIME_ONLY neutral retire case=00039 pc=0x800017b0 opcode=sw x22=0x8000175f
