UVM_FATAL /runtime_only_unique_aaab.sv(1) @ 1: runtime_only_unique_failure_aaab normalization resistant timing marker
RUNTIME_ONLY_CASE=2 SOURCE_A=benchmark_set_1:2
Mismatch[1]:
ibex[88] : pc[8000f8e0] addi x5,x5,-124: t0:80022da0
RUNTIME_ONLY_COMBINE SOURCE_B=benchmark_set_2:17
spike[79] : pc[ffffffff80000240] c.addi s9, 6: s9:00002006
[FAILED]: 77 matched, 4262 mismatch
000000000 RUNTIME_ONLY neutral retire case=00002 pc=0x80000104 opcode=sw x2=0x80000104
000000001 RUNTIME_ONLY neutral retire case=00002 pc=0x80000108 opcode=beq x3=0x80000109
000000002 RUNTIME_ONLY neutral retire case=00002 pc=0x8000010c opcode=csrrw x4=0x8000010e
000000003 RUNTIME_ONLY neutral retire case=00002 pc=0x80000110 opcode=xor x5=0x80000113
000000004 RUNTIME_ONLY neutral retire case=00002 pc=0x80000114 opcode=addi x6=0x80000110
000000005 RUNTIME_ONLY neutral retire case=00002 pc=0x80000118 opcode=lw x7=0x8000011d
000000006 RUNTIME_ONLY neutral retire case=00002 pc=0x8000011c opcode=sw x8=0x8000011a
000000007 RUNTIME_ONLY neutral retire case=00002 pc=0x80000120 opcode=beq x9=0x80000127
000000008 RUNTIME_ONLY neutral retire case=00002 pc=0x80000124 opcode=csrrw x10=0x8000012c
000000009 RUNTIME_ONLY neutral retire case=00002 pc=0x80000128 opcode=xor x11=0x80000121
000000010 RUNTIME_ONLY neutral retire case=00002 pc=0x8000012c opcode=addi x12=0x80000126
000000011 RUNTIME_ONLY neutral retire case=00002 pc=0x80000130 opcode=lw x13=0x8000013b
000000012 RUNTIME_ONLY neutral retire case=00002 pc=0x80000134 opcode=sw x14=0x80000138
000000013 RUNTIME_ONLY neutral retire case=00002 pc=0x80000138 opcode=beq x15=0x80000135
000000014 RUNTIME_ONLY neutral retire case=00002 pc=0x8000013c opcode=csrrw x16=0x80000132
000000015 RUNTIME_ONLY neutral retire case=00002 pc=0x80000140 opcode=xor x17=0x8000014f
000000016 RUNTIME_ONLY neutral retire case=00002 pc=0x80000144 opcode=addi x18=0x80000154
000000017 RUNTIME_ONLY neutral retire case=00002 pc=0x80000148 opcode=lw x19=0x80000159
000000018 RUNTIME_ONLY neutral retire case=00002 pc=0x8000014c opcode=sw x20=0x8000015e
000000019 RUNTIME_ONLY neutral retire case=00002 pc=0x80000150 opcode=beq x21=0x80000143
000000020 RUNTIME_ONLY neutral retire case=00002 pc=0x80000154 opcode=csrrw x22=0x80000140
000000021 RUNTIME_ONLY neutral retire case=00002 pc=0x80000158 opcode=xor x23=0x8000014d
000000022 RUNTIME_ONLY neutral retire case=00002 pc=0x8000015c opcode=addi x24=0x8000014a
000000023 RUNTIME_ONLY neutral retire case=00002 pc=0x80000160 opcode=lw x25=0x80000177
000000024 RUNTIME_ONLY neutral retire case=00002 pc=0x80000164 opcode=sw x26=0x8000017c
000000025 RUNTIME_ONLY neutral retire case=00002 pc=0x80000168 opcode=beq x27=0x80000171
000000026 RUNTIME_ONLY neutral retire case=00002 pc=0x8000016c opcode=csrrw x28=0x80000176
000000027 RUNTIME_ONLY neutral retire case=00002 pc=0x80000170 opcode=xor x29=0x8000016b
000000028 RUNTIME_ONLY neutral retire case=00002 pc=0x80000174 opcode=addi x30=0x80000168
000000029 RUNTIME_ONLY neutral retire case=00002 pc=0x80000178 opcode=lw x31=0x80000165
000000030 RUNTIME_ONLY neutral retire case=00002 pc=0x8000017c opcode=sw x0=0x80000162
000000031 RUNTIME_ONLY neutral retire case=00002 pc=0x80000180 opcode=beq x1=0x8000019f
000000032 RUNTIME_ONLY neutral retire case=00002 pc=0x80000184 opcode=csrrw x2=0x800001a4
000000033 RUNTIME_ONLY neutral retire case=00002 pc=0x80000188 opcode=xor x3=0x800001a9
000000034 RUNTIME_ONLY neutral retire case=00002 pc=0x8000018c opcode=addi x4=0x800001ae
000000035 RUNTIME_ONLY neutral retire case=00002 pc=0x80000190 opcode=lw x5=0x800001b3
000000036 RUNTIME_ONLY neutral retire case=00002 pc=0x80000194 opcode=sw x6=0x800001b0
000000037 RUNTIME_ONLY neutral retire case=00002 pc=0x80000198 opcode=beq x7=0x800001bd
000000038 RUNTIME_ONLY neutral retire case=00002 pc=0x8000019c opcode=csrrw x8=0x800001ba
000000039 RUNTIME_ONLY neutral retire case=00002 pc=0x800001a0 opcode=xor x9=0x80000187
000000040 RUNTIME_ONLY neutral retire case=00002 pc=0x800001a4 opcode=addi x10=0x8000018c
000000041 RUNTIME_ONLY neutral retire case=00002 pc=0x800001a8 opcode=lw x11=0x80000181
000000042 RUNTIME_ONLY neutral retire case=00002 pc=0x800001ac opcode=sw x12=0x80000186
000000043 RUNTIME_ONLY neutral retire case=00002 pc=0x800001b0 opcode=beq x13=0x8000019b
000000044 RUNTIME_ONLY neutral retire case=00002 pc=0x800001b4 opcode=csrrw x14=0x80000198
000000045 RUNTIME_ONLY neutral retire case=00002 pc=0x800001b8 opcode=xor x15=0x80000195
000000046 RUNTIME_ONLY neutral retire case=00002 pc=0x800001bc opcode=addi x16=0x80000192
000000047 RUNTIME_ONLY neutral retire case=00002 pc=0x800001c0 opcode=lw x17=0x800001ef
000000048 RUNTIME_ONLY neutral retire case=00002 pc=0x800001c4 opcode=sw x18=0x800001f4
000000049 RUNTIME_ONLY neutral retire case=00002 pc=0x800001c8 opcode=beq x19=0x800001f9
000000050 RUNTIME_ONLY neutral retire case=00002 pc=0x800001cc opcode=csrrw x20=0x800001fe
000000051 RUNTIME_ONLY neutral retire case=00002 pc=0x800001d0 opcode=xor x21=0x800001e3
000000052 RUNTIME_ONLY neutral retire case=00002 pc=0x800001d4 opcode=addi x22=0x800001e0
000000053 RUNTIME_ONLY neutral retire case=00002 pc=0x800001d8 opcode=lw x23=0x800001ed
000000054 RUNTIME_ONLY neutral retire case=00002 pc=0x800001dc opcode=sw x24=0x800001ea
000000055 RUNTIME_ONLY neutral retire case=00002 pc=0x800001e0 opcode=beq x25=0x800001d7
000000056 RUNTIME_ONLY neutral retire case=00002 pc=0x800001e4 opcode=csrrw x26=0x800001dc
000000057 RUNTIME_ONLY neutral retire case=00002 pc=0x800001e8 opcode=xor x27=0x800001d1
000000058 RUNTIME_ONLY neutral retire case=00002 pc=0x800001ec opcode=addi x28=0x800001d6
000000059 RUNTIME_ONLY neutral retire case=00002 pc=0x800001f0 opcode=lw x29=0x800001cb
000000060 RUNTIME_ONLY neutral retire case=00002 pc=0x800001f4 opcode=sw x30=0x800001c8
000000061 RUNTIME_ONLY neutral retire case=00002 pc=0x800001f8 opcode=beq x31=0x800001c5
000000062 RUNTIME_ONLY neutral retire case=00002 pc=0x800001fc opcode=csrrw x0=0x800001c2
000000063 RUNTIME_ONLY neutral retire case=00002 pc=0x80000200 opcode=xor x1=0x8000023f
000000064 RUNTIME_ONLY neutral retire case=00002 pc=0x80000204 opcode=addi x2=0x80000244
000000065 RUNTIME_ONLY neutral retire case=00002 pc=0x80000208 opcode=lw x3=0x80000249
000000066 RUNTIME_ONLY neutral retire case=00002 pc=0x8000020c opcode=sw x4=0x8000024e
000000067 RUNTIME_ONLY neutral retire case=00002 pc=0x80000210 opcode=beq x5=0x80000253
000000068 RUNTIME_ONLY neutral retire case=00002 pc=0x80000214 opcode=csrrw x6=0x80000250
000000069 RUNTIME_ONLY neutral retire case=00002 pc=0x80000218 opcode=xor x7=0x8000025d
000000070 RUNTIME_ONLY neutral retire case=00002 pc=0x8000021c opcode=addi x8=0x8000025a
000000071 RUNTIME_ONLY neutral retire case=00002 pc=0x80000220 opcode=lw x9=0x80000267
000000072 RUNTIME_ONLY neutral retire case=00002 pc=0x80000224 opcode=sw x10=0x8000026c
000000073 RUNTIME_ONLY neutral retire case=00002 pc=0x80000228 opcode=beq x11=0x80000261
000000074 RUNTIME_ONLY neutral retire case=00002 pc=0x8000022c opcode=csrrw x12=0x80000266
000000075 RUNTIME_ONLY neutral retire case=00002 pc=0x80000230 opcode=xor x13=0x8000027b
000000076 RUNTIME_ONLY neutral retire case=00002 pc=0x80000234 opcode=addi x14=0x80000278
000000077 RUNTIME_ONLY neutral retire case=00002 pc=0x80000238 opcode=lw x15=0x80000275
000000078 RUNTIME_ONLY neutral retire case=00002 pc=0x8000023c opcode=sw x16=0x80000272
000000079 RUNTIME_ONLY neutral retire case=00002 pc=0x80000240 opcode=beq x17=0x8000020f
000000080 RUNTIME_ONLY neutral retire case=00002 pc=0x80000244 opcode=csrrw x18=0x80000214
000000081 RUNTIME_ONLY neutral retire case=00002 pc=0x80000248 opcode=xor x19=0x80000219
000000082 RUNTIME_ONLY neutral retire case=00002 pc=0x8000024c opcode=addi x20=0x8000021e
000000083 RUNTIME_ONLY neutral retire case=00002 pc=0x80000250 opcode=lw x21=0x80000203
000000084 RUNTIME_ONLY neutral retire case=00002 pc=0x80000254 opcode=sw x22=0x80000200
000000085 RUNTIME_ONLY neutral retire case=00002 pc=0x80000258 opcode=beq x23=0x8000020d
000000086 RUNTIME_ONLY neutral retire case=00002 pc=0x8000025c opcode=csrrw x24=0x8000020a
000000087 RUNTIME_ONLY neutral retire case=00002 pc=0x80000260 opcode=xor x25=0x80000237
000000088 RUNTIME_ONLY neutral retire case=00002 pc=0x80000264 opcode=addi x26=0x8000023c
000000089 RUNTIME_ONLY neutral retire case=00002 pc=0x80000268 opcode=lw x27=0x80000231
000000090 RUNTIME_ONLY neutral retire case=00002 pc=0x8000026c opcode=sw x28=0x80000236
000000091 RUNTIME_ONLY neutral retire case=00002 pc=0x80000270 opcode=beq x29=0x8000022b
000000092 RUNTIME_ONLY neutral retire case=00002 pc=0x80000274 opcode=csrrw x30=0x80000228
000000093 RUNTIME_ONLY neutral retire case=00002 pc=0x80000278 opcode=xor x31=0x80000225
000000094 RUNTIME_ONLY neutral retire case=00002 pc=0x8000027c opcode=addi x0=0x80000222
000000095 RUNTIME_ONLY neutral retire case=00002 pc=0x80000280 opcode=lw x1=0x800002df
000000096 RUNTIME_ONLY neutral retire case=00002 pc=0x80000284 opcode=sw x2=0x800002e4
000000097 RUNTIME_ONLY neutral retire case=00002 pc=0x80000288 opcode=beq x3=0x800002e9
000000098 RUNTIME_ONLY neutral retire case=00002 pc=0x8000028c opcode=csrrw x4=0x800002ee
000000099 RUNTIME_ONLY neutral retire case=00002 pc=0x80000290 opcode=xor x5=0x800002f3
000000100 RUNTIME_ONLY neutral retire case=00002 pc=0x80000294 opcode=addi x6=0x800002f0
000000101 RUNTIME_ONLY neutral retire case=00002 pc=0x80000298 opcode=lw x7=0x800002fd
000000102 RUNTIME_ONLY neutral retire case=00002 pc=0x8000029c opcode=sw x8=0x800002fa
000000103 RUNTIME_ONLY neutral retire case=00002 pc=0x800002a0 opcode=beq x9=0x800002c7
000000104 RUNTIME_ONLY neutral retire case=00002 pc=0x800002a4 opcode=csrrw x10=0x800002cc
000000105 RUNTIME_ONLY neutral retire case=00002 pc=0x800002a8 opcode=xor x11=0x800002c1
000000106 RUNTIME_ONLY neutral retire case=00002 pc=0x800002ac opcode=addi x12=0x800002c6
000000107 RUNTIME_ONLY neutral retire case=00002 pc=0x800002b0 opcode=lw x13=0x800002db
000000108 RUNTIME_ONLY neutral retire case=00002 pc=0x800002b4 opcode=sw x14=0x800002d8
000000109 RUNTIME_ONLY neutral retire case=00002 pc=0x800002b8 opcode=beq x15=0x800002d5
000000110 RUNTIME_ONLY neutral retire case=00002 pc=0x800002bc opcode=csrrw x16=0x800002d2
000000111 RUNTIME_ONLY neutral retire case=00002 pc=0x800002c0 opcode=xor x17=0x800002af
000000112 RUNTIME_ONLY neutral retire case=00002 pc=0x800002c4 opcode=addi x18=0x800002b4
000000113 RUNTIME_ONLY neutral retire case=00002 pc=0x800002c8 opcode=lw x19=0x800002b9
000000114 RUNTIME_ONLY neutral retire case=00002 pc=0x800002cc opcode=sw x20=0x800002be
000000115 RUNTIME_ONLY neutral retire case=00002 pc=0x800002d0 opcode=beq x21=0x800002a3
000000116 RUNTIME_ONLY neutral retire case=00002 pc=0x800002d4 opcode=csrrw x22=0x800002a0
000000117 RUNTIME_ONLY neutral retire case=00002 pc=0x800002d8 opcode=xor x23=0x800002ad
000000118 RUNTIME_ONLY neutral retire case=00002 pc=0x800002dc opcode=addi x24=0x800002aa
000000119 RUNTIME_ONLY neutral retire case=00002 pc=0x800002e0 opcode=lw x25=0x80000297
000000120 RUNTIME_ONLY neutral retire case=00002 pc=0x800002e4 opcode=sw x26=0x8000029c
000000121 RUNTIME_ONLY neutral retire case=00002 pc=0x800002e8 opcode=beq x27=0x80000291
000000122 RUNTIME_ONLY neutral retire case=00002 pc=0x800002ec opcode=csrrw x28=0x80000296
000000123 RUNTIME_ONLY neutral retire case=00002 pc=0x800002f0 opcode=xor x29=0x8000028b
000000124 RUNTIME_ONLY neutral retire case=00002 pc=0x800002f4 opcode=addi x30=0x80000288
000000125 RUNTIME_ONLY neutral retire case=00002 pc=0x800002f8 opcode=lw x31=0x80000285
000000126 RUNTIME_ONLY neutral retire case=00002 pc=0x800002fc opcode=sw x0=0x80000282
000000127 RUNTIME_ONLY neutral retire case=00002 pc=0x80000300 opcode=beq x1=0x8000037f
000000128 RUNTIME_ONLY neutral retire case=00002 pc=0x80000304 opcode=csrrw x2=0x80000384
000000129 RUNTIME_ONLY neutral retire case=00002 pc=0x80000308 opcode=xor x3=0x80000389
000000130 RUNTIME_ONLY neutral retire case=00002 pc=0x8000030c opcode=addi x4=0x8000038e
000000131 RUNTIME_ONLY neutral retire case=00002 pc=0x80000310 opcode=lw x5=0x80000393
000000132 RUNTIME_ONLY neutral retire case=00002 pc=0x80000314 opcode=sw x6=0x80000390
000000133 RUNTIME_ONLY neutral retire case=00002 pc=0x80000318 opcode=beq x7=0x8000039d
000000134 RUNTIME_ONLY neutral retire case=00002 pc=0x8000031c opcode=csrrw x8=0x8000039a
000000135 RUNTIME_ONLY neutral retire case=00002 pc=0x80000320 opcode=xor x9=0x800003a7
000000136 RUNTIME_ONLY neutral retire case=00002 pc=0x80000324 opcode=addi x10=0x800003ac
000000137 RUNTIME_ONLY neutral retire case=00002 pc=0x80000328 opcode=lw x11=0x800003a1
000000138 RUNTIME_ONLY neutral retire case=00002 pc=0x8000032c opcode=sw x12=0x800003a6
000000139 RUNTIME_ONLY neutral retire case=00002 pc=0x80000330 opcode=beq x13=0x800003bb
000000140 RUNTIME_ONLY neutral retire case=00002 pc=0x80000334 opcode=csrrw x14=0x800003b8
000000141 RUNTIME_ONLY neutral retire case=00002 pc=0x80000338 opcode=xor x15=0x800003b5
000000142 RUNTIME_ONLY neutral retire case=00002 pc=0x8000033c opcode=addi x16=0x800003b2
000000143 RUNTIME_ONLY neutral retire case=00002 pc=0x80000340 opcode=lw x17=0x800003cf
000000144 RUNTIME_ONLY neutral retire case=00002 pc=0x80000344 opcode=sw x18=0x800003d4
000000145 RUNTIME_ONLY neutral retire case=00002 pc=0x80000348 opcode=beq x19=0x800003d9
000000146 RUNTIME_ONLY neutral retire case=00002 pc=0x8000034c opcode=csrrw x20=0x800003de
000000147 RUNTIME_ONLY neutral retire case=00002 pc=0x80000350 opcode=xor x21=0x800003c3
000000148 RUNTIME_ONLY neutral retire case=00002 pc=0x80000354 opcode=addi x22=0x800003c0
000000149 RUNTIME_ONLY neutral retire case=00002 pc=0x80000358 opcode=lw x23=0x800003cd
000000150 RUNTIME_ONLY neutral retire case=00002 pc=0x8000035c opcode=sw x24=0x800003ca
000000151 RUNTIME_ONLY neutral retire case=00002 pc=0x80000360 opcode=beq x25=0x800003f7
000000152 RUNTIME_ONLY neutral retire case=00002 pc=0x80000364 opcode=csrrw x26=0x800003fc
000000153 RUNTIME_ONLY neutral retire case=00002 pc=0x80000368 opcode=xor x27=0x800003f1
000000154 RUNTIME_ONLY neutral retire case=00002 pc=0x8000036c opcode=addi x28=0x800003f6
000000155 RUNTIME_ONLY neutral retire case=00002 pc=0x80000370 opcode=lw x29=0x800003eb
000000156 RUNTIME_ONLY neutral retire case=00002 pc=0x80000374 opcode=sw x30=0x800003e8
000000157 RUNTIME_ONLY neutral retire case=00002 pc=0x80000378 opcode=beq x31=0x800003e5
000000158 RUNTIME_ONLY neutral retire case=00002 pc=0x8000037c opcode=csrrw x0=0x800003e2
000000159 RUNTIME_ONLY neutral retire case=00002 pc=0x80000380 opcode=xor x1=0x8000031f
000000160 RUNTIME_ONLY neutral retire case=00002 pc=0x80000384 opcode=addi x2=0x80000324
000000161 RUNTIME_ONLY neutral retire case=00002 pc=0x80000388 opcode=lw x3=0x80000329
000000162 RUNTIME_ONLY neutral retire case=00002 pc=0x8000038c opcode=sw x4=0x8000032e
000000163 RUNTIME_ONLY neutral retire case=00002 pc=0x80000390 opcode=beq x5=0x80000333
000000164 RUNTIME_ONLY neutral retire case=00002 pc=0x80000394 opcode=csrrw x6=0x80000330
000000165 RUNTIME_ONLY neutral retire case=00002 pc=0x80000398 opcode=xor x7=0x8000033d
000000166 RUNTIME_ONLY neutral retire case=00002 pc=0x8000039c opcode=addi x8=0x8000033a
000000167 RUNTIME_ONLY neutral retire case=00002 pc=0x800003a0 opcode=lw x9=0x80000307
000000168 RUNTIME_ONLY neutral retire case=00002 pc=0x800003a4 opcode=sw x10=0x8000030c
000000169 RUNTIME_ONLY neutral retire case=00002 pc=0x800003a8 opcode=beq x11=0x80000301
000000170 RUNTIME_ONLY neutral retire case=00002 pc=0x800003ac opcode=csrrw x12=0x80000306
000000171 RUNTIME_ONLY neutral retire case=00002 pc=0x800003b0 opcode=xor x13=0x8000031b
000000172 RUNTIME_ONLY neutral retire case=00002 pc=0x800003b4 opcode=addi x14=0x80000318
000000173 RUNTIME_ONLY neutral retire case=00002 pc=0x800003b8 opcode=lw x15=0x80000315
000000174 RUNTIME_ONLY neutral retire case=00002 pc=0x800003bc opcode=sw x16=0x80000312
000000175 RUNTIME_ONLY neutral retire case=00002 pc=0x800003c0 opcode=beq x17=0x8000036f
000000176 RUNTIME_ONLY neutral retire case=00002 pc=0x800003c4 opcode=csrrw x18=0x80000374
000000177 RUNTIME_ONLY neutral retire case=00002 pc=0x800003c8 opcode=xor x19=0x80000379
000000178 RUNTIME_ONLY neutral retire case=00002 pc=0x800003cc opcode=addi x20=0x8000037e
000000179 RUNTIME_ONLY neutral retire case=00002 pc=0x800003d0 opcode=lw x21=0x80000363
000000180 RUNTIME_ONLY neutral retire case=00002 pc=0x800003d4 opcode=sw x22=0x80000360
000000181 RUNTIME_ONLY neutral retire case=00002 pc=0x800003d8 opcode=beq x23=0x8000036d
000000182 RUNTIME_ONLY neutral retire case=00002 pc=0x800003dc opcode=csrrw x24=0x8000036a
000000183 RUNTIME_ONLY neutral retire case=00002 pc=0x800003e0 opcode=xor x25=0x80000357
000000184 RUNTIME_ONLY neutral retire case=00002 pc=0x800003e4 opcode=addi x26=0x8000035c
000000185 RUNTIME_ONLY neutral retire case=00002 pc=0x800003e8 opcode=lw x27=0x80000351
000000186 RUNTIME_ONLY neutral retire case=00002 pc=0x800003ec opcode=sw x28=0x80000356
000000187 RUNTIME_ONLY neutral retire case=00002 pc=0x800003f0 opcode=beq x29=0x8000034b
000000188 RUNTIME_ONLY neutral retire case=00002 pc=0x800003f4 opcode=csrrw x30=0x80000348
000000189 RUNTIME_ONLY neutral retire case=00002 pc=0x800003f8 opcode=xor x31=0x80000345
000000190 RUNTIME_ONLY neutral retire case=00002 pc=0x800003fc opcode=addi x0=0x80000342
000000191 RUNTIME_ONLY neutral retire case=00002 pc=0x80000400 opcode=lw x1=0x800004bf
000000192 RUNTIME_ONLY neutral retire case=00002 pc=0x80000404 opcode=sw x2=0x800004c4
000000193 RUNTIME_ONLY neutral retire case=00002 pc=0x80000408 opcode=beq x3=0x800004c9
000000194 RUNTIME_ONLY neutral retire case=00002 pc=0x8000040c opcode=csrrw x4=0x800004ce
000000195 RUNTIME_ONLY neutral retire case=00002 pc=0x80000410 opcode=xor x5=0x800004d3
000000196 RUNTIME_ONLY neutral retire case=00002 pc=0x80000414 opcode=addi x6=0x800004d0
000000197 RUNTIME_ONLY neutral retire case=00002 pc=0x80000418 opcode=lw x7=0x800004dd
000000198 RUNTIME_ONLY neutral retire case=00002 pc=0x8000041c opcode=sw x8=0x800004da
000000199 RUNTIME_ONLY neutral retire case=00002 pc=0x80000420 opcode=beq x9=0x800004e7
000000200 RUNTIME_ONLY neutral retire case=00002 pc=0x80000424 opcode=csrrw x10=0x800004ec
000000201 RUNTIME_ONLY neutral retire case=00002 pc=0x80000428 opcode=xor x11=0x800004e1
000000202 RUNTIME_ONLY neutral retire case=00002 pc=0x8000042c opcode=addi x12=0x800004e6
000000203 RUNTIME_ONLY neutral retire case=00002 pc=0x80000430 opcode=lw x13=0x800004fb
000000204 RUNTIME_ONLY neutral retire case=00002 pc=0x80000434 opcode=sw x14=0x800004f8
000000205 RUNTIME_ONLY neutral retire case=00002 pc=0x80000438 opcode=beq x15=0x800004f5
000000206 RUNTIME_ONLY neutral retire case=00002 pc=0x8000043c opcode=csrrw x16=0x800004f2
000000207 RUNTIME_ONLY neutral retire case=00002 pc=0x80000440 opcode=xor x17=0x8000048f
000000208 RUNTIME_ONLY neutral retire case=00002 pc=0x80000444 opcode=addi x18=0x80000494
000000209 RUNTIME_ONLY neutral retire case=00002 pc=0x80000448 opcode=lw x19=0x80000499
000000210 RUNTIME_ONLY neutral retire case=00002 pc=0x8000044c opcode=sw x20=0x8000049e
000000211 RUNTIME_ONLY neutral retire case=00002 pc=0x80000450 opcode=beq x21=0x80000483
000000212 RUNTIME_ONLY neutral retire case=00002 pc=0x80000454 opcode=csrrw x22=0x80000480
000000213 RUNTIME_ONLY neutral retire case=00002 pc=0x80000458 opcode=xor x23=0x8000048d
000000214 RUNTIME_ONLY neutral retire case=00002 pc=0x8000045c opcode=addi x24=0x8000048a
000000215 RUNTIME_ONLY neutral retire case=00002 pc=0x80000460 opcode=lw x25=0x800004b7
000000216 RUNTIME_ONLY neutral retire case=00002 pc=0x80000464 opcode=sw x26=0x800004bc
000000217 RUNTIME_ONLY neutral retire case=00002 pc=0x80000468 opcode=beq x27=0x800004b1
000000218 RUNTIME_ONLY neutral retire case=00002 pc=0x8000046c opcode=csrrw x28=0x800004b6
000000219 RUNTIME_ONLY neutral retire case=00002 pc=0x80000470 opcode=xor x29=0x800004ab
000000220 RUNTIME_ONLY neutral retire case=00002 pc=0x80000474 opcode=addi x30=0x800004a8
000000221 RUNTIME_ONLY neutral retire case=00002 pc=0x80000478 opcode=lw x31=0x800004a5
000000222 RUNTIME_ONLY neutral retire case=00002 pc=0x8000047c opcode=sw x0=0x800004a2
000000223 RUNTIME_ONLY neutral retire case=00002 pc=0x80000480 opcode=beq x1=0x8000045f
000000224 RUNTIME_ONLY neutral retire case=00002 pc=0x80000484 opcode=csrrw x2=0x80000464
000000225 RUNTIME_ONLY neutral retire case=00002 pc=0x80000488 opcode=xor x3=0x80000469
000000226 RUNTIME_ONLY neutral retire case=00002 pc=0x8000048c opcode=addi x4=0x8000046e
000000227 RUNTIME_ONLY neutral retire case=00002 pc=0x80000490 opcode=lw x5=0x80000473
000000228 RUNTIME_ONLY neutral retire case=00002 pc=0x80000494 opcode=sw x6=0x80000470
000000229 RUNTIME_ONLY neutral retire case=00002 pc=0x80000498 opcode=beq x7=0x8000047d
000000230 RUNTIME_ONLY neutral retire case=00002 pc=0x8000049c opcode=csrrw x8=0x8000047a
000000231 RUNTIME_ONLY neutral retire case=00002 pc=0x800004a0 opcode=xor x9=0x80000447
000000232 RUNTIME_ONLY neutral retire case=00002 pc=0x800004a4 opcode=addi x10=0x8000044c
000000233 RUNTIME_ONLY neutral retire case=00002 pc=0x800004a8 opcode=lw x11=0x80000441
000000234 RUNTIME_ONLY neutral retire case=00002 pc=0x800004ac opcode=sw x12=0x80000446
000000235 RUNTIME_ONLY neutral retire case=00002 pc=0x800004b0 opcode=beq x13=0x8000045b
000000236 RUNTIME_ONLY neutral retire case=00002 pc=0x800004b4 opcode=csrrw x14=0x80000458
000000237 RUNTIME_ONLY neutral retire case=00002 pc=0x800004b8 opcode=xor x15=0x80000455
000000238 RUNTIME_ONLY neutral retire case=00002 pc=0x800004bc opcode=addi x16=0x80000452
000000239 RUNTIME_ONLY neutral retire case=00002 pc=0x800004c0 opcode=lw x17=0x8000042f
000000240 RUNTIME_ONLY neutral retire case=00002 pc=0x800004c4 opcode=sw x18=0x80000434
000000241 RUNTIME_ONLY neutral retire case=00002 pc=0x800004c8 opcode=beq x19=0x80000439
