UVM_FATAL /runtime_only_unique_aako.sv(1) @ 1: runtime_only_unique_failure_aako normalization resistant timing marker
RUNTIME_ONLY_CASE=977 SOURCE_A=benchmark_set_2:10
Mismatch[1]:
ibex[74] : pc[8000019c] c.addi x29,6: t4:00000000
RUNTIME_ONLY_COMBINE SOURCE_B=benchmark_set_1:7
riscv_csr_test.0 : [FAILED]
000000000 RUNTIME_ONLY neutral retire case=00977 pc=0x8001f3f0 opcode=xor x17=0x8001f3f0
000000001 RUNTIME_ONLY neutral retire case=00977 pc=0x8001f3f4 opcode=addi x18=0x8001f3f5
000000002 RUNTIME_ONLY neutral retire case=00977 pc=0x8001f3f8 opcode=lw x19=0x8001f3fa
000000003 RUNTIME_ONLY neutral retire case=00977 pc=0x8001f3fc opcode=sw x20=0x8001f3ff
000000004 RUNTIME_ONLY neutral retire case=00977 pc=0x8001f400 opcode=beq x21=0x8001f404
000000005 RUNTIME_ONLY neutral retire case=00977 pc=0x8001f404 opcode=csrrw x22=0x8001f401
000000006 RUNTIME_ONLY neutral retire case=00977 pc=0x8001f408 opcode=xor x23=0x8001f40e
000000007 RUNTIME_ONLY neutral retire case=00977 pc=0x8001f40c opcode=addi x24=0x8001f40b
000000008 RUNTIME_ONLY neutral retire case=00977 pc=0x8001f410 opcode=lw x25=0x8001f418
000000009 RUNTIME_ONLY neutral retire case=00977 pc=0x8001f414 opcode=sw x26=0x8001f41d
000000010 RUNTIME_ONLY neutral retire case=00977 pc=0x8001f418 opcode=beq x27=0x8001f412
000000011 RUNTIME_ONLY neutral retire case=00977 pc=0x8001f41c opcode=csrrw x28=0x8001f417
000000012 RUNTIME_ONLY neutral retire case=00977 pc=0x8001f420 opcode=xor x29=0x8001f42c
000000013 RUNTIME_ONLY neutral retire case=00977 pc=0x8001f424 opcode=addi x30=0x8001f429
000000014 RUNTIME_ONLY neutral retire case=00977 pc=0x8001f428 opcode=lw x31=0x8001f426
000000015 RUNTIME_ONLY neutral retire case=00977 pc=0x8001f42c opcode=sw x0=0x8001f423
