UVM_FATAL /runtime_only_unique_aawk.sv(1) @ 1: runtime_only_unique_failure_aawk normalization resistant timing marker
RUNTIME_ONLY_CASE=609 SOURCE_A=benchmark_set_1:1
riscv_interrupt_csr_test.0 : [FAILED]
RUNTIME_ONLY_COMBINE SOURCE_B=benchmark_set_2:16
riscv_debug_ebreak_test.0 : [FAILED]
000000000 RUNTIME_ONLY neutral retire case=00609 pc=0x800137a0 opcode=beq x1=0x800137a0
000000001 RUNTIME_ONLY neutral retire case=00609 pc=0x800137a4 opcode=csrrw x2=0x800137a5
000000002 RUNTIME_ONLY neutral retire case=00609 pc=0x800137a8 opcode=xor x3=0x800137aa
000000003 RUNTIME_ONLY neutral retire case=00609 pc=0x800137ac opcode=addi x4=0x800137af
000000004 RUNTIME_ONLY neutral retire case=00609 pc=0x800137b0 opcode=lw x5=0x800137b4
000000005 RUNTIME_ONLY neutral retire case=00609 pc=0x800137b4 opcode=sw x6=0x800137b1
000000006 RUNTIME_ONLY neutral retire case=00609 pc=0x800137b8 opcode=beq x7=0x800137be
000000007 RUNTIME_ONLY neutral retire case=00609 pc=0x800137bc opcode=csrrw x8=0x800137bb
000000008 RUNTIME_ONLY neutral retire case=00609 pc=0x800137c0 opcode=xor x9=0x800137c8
000000009 RUNTIME_ONLY neutral retire case=00609 pc=0x800137c4 opcode=addi x10=0x800137cd
000000010 RUNTIME_ONLY neutral retire case=00609 pc=0x800137c8 opcode=lw x11=0x800137c2
000000011 RUNTIME_ONLY neutral retire case=00609 pc=0x800137cc opcode=sw x12=0x800137c7
000000012 RUNTIME_ONLY neutral retire case=00609 pc=0x800137d0 opcode=beq x13=0x800137dc
000000013 RUNTIME_ONLY neutral retire case=00609 pc=0x800137d4 opcode=csrrw x14=0x800137d9
000000014 RUNTIME_ONLY neutral retire case=00609 pc=0x800137d8 opcode=xor x15=0x800137d6
000000015 RUNTIME_ONLY neutral retire case=00609 pc=0x800137dc opcode=addi x16=0x800137d3
000000016 RUNTIME_ONLY neutral retire case=00609 pc=0x800137e0 opcode=lw x17=0x800137f0
