UVM_FATAL /runtime_only_unique_aazt.sv(1) @ 1: runtime_only_unique_failure_aazt normalization resistant timing marker
RUNTIME_ONLY_CASE=696 SOURCE_A=benchmark_set_2:17
Mismatch[1]:
ibex[79] : pc[8000021e] c.slli x20,0x4: s4:4b94f690
RUNTIME_ONLY_COMBINE SOURCE_B=benchmark_set_2:17
spike[79] : pc[ffffffff80000240] c.addi s9, 6: s9:00002006
[FAILED]: 77 matched, 4262 mismatch
000000000 RUNTIME_ONLY neutral retire case=00696 pc=0x80016428 opcode=addi x24=0x80016428
000000001 RUNTIME_ONLY neutral retire case=00696 pc=0x8001642c opcode=lw x25=0x8001642d
000000002 RUNTIME_ONLY neutral retire case=00696 pc=0x80016430 opcode=sw x26=0x80016432
000000003 RUNTIME_ONLY neutral retire case=00696 pc=0x80016434 opcode=beq x27=0x80016437
000000004 RUNTIME_ONLY neutral retire case=00696 pc=0x80016438 opcode=csrrw x28=0x8001643c
000000005 RUNTIME_ONLY neutral retire case=00696 pc=0x8001643c opcode=xor x29=0x80016439
000000006 RUNTIME_ONLY neutral retire case=00696 pc=0x80016440 opcode=addi x30=0x80016446
000000007 RUNTIME_ONLY neutral retire case=00696 pc=0x80016444 opcode=lw x31=0x80016443
000000008 RUNTIME_ONLY neutral retire case=00696 pc=0x80016448 opcode=sw x0=0x80016440
000000009 RUNTIME_ONLY neutral retire case=00696 pc=0x8001644c opcode=beq x1=0x80016445
000000010 RUNTIME_ONLY neutral retire case=00696 pc=0x80016450 opcode=csrrw x2=0x8001645a
000000011 RUNTIME_ONLY neutral retire case=00696 pc=0x80016454 opcode=xor x3=0x8001645f
000000012 RUNTIME_ONLY neutral retire case=00696 pc=0x80016458 opcode=addi x4=0x80016454
000000013 RUNTIME_ONLY neutral retire case=00696 pc=0x8001645c opcode=lw x5=0x80016451
000000014 RUNTIME_ONLY neutral retire case=00696 pc=0x80016460 opcode=sw x6=0x8001646e
000000015 RUNTIME_ONLY neutral retire case=00696 pc=0x80016464 opcode=beq x7=0x8001646b
000000016 RUNTIME_ONLY neutral retire case=00696 pc=0x80016468 opcode=csrrw x8=0x80016478
