UVM_FATAL /runtime_only_unique_aamu.sv(1) @ 1: runtime_only_unique_failure_aamu normalization resistant timing marker
RUNTIME_ONLY_CASE=359 SOURCE_A=benchmark_set_1:7
riscv_csr_test.0 : [FAILED]
RUNTIME_ONLY_COMBINE SOURCE_B=benchmark_set_1:1
riscv_interrupt_csr_test.0 : [FAILED]
000000000 RUNTIME_ONLY neutral retire case=00359 pc=0x8000b7b4 opcode=xor x7=0x8000b7b4
000000001 RUNTIME_ONLY neutral retire case=00359 pc=0x8000b7b8 opcode=addi x8=0x8000b7b9
000000002 RUNTIME_ONLY neutral retire case=00359 pc=0x8000b7bc opcode=lw x9=0x8000b7be
000000003 RUNTIME_ONLY neutral retire case=00359 pc=0x8000b7c0 opcode=sw x10=0x8000b7c3
000000004 RUNTIME_ONLY neutral retire case=00359 pc=0x8000b7c4 opcode=beq x11=0x8000b7c0
000000005 RUNTIME_ONLY neutral retire case=00359 pc=0x8000b7c8 opcode=csrrw x12=0x8000b7cd
000000006 RUNTIME_ONLY neutral retire case=00359 pc=0x8000b7cc opcode=xor x13=0x8000b7ca
000000007 RUNTIME_ONLY neutral retire case=00359 pc=0x8000b7d0 opcode=addi x14=0x8000b7d7
000000008 RUNTIME_ONLY neutral retire case=00359 pc=0x8000b7d4 opcode=lw x15=0x8000b7dc
000000009 RUNTIME_ONLY neutral retire case=00359 pc=0x8000b7d8 opcode=sw x16=0x8000b7d1
000000010 RUNTIME_ONLY neutral retire case=00359 pc=0x8000b7dc opcode=beq x17=0x8000b7d6
000000011 RUNTIME_ONLY neutral retire case=00359 pc=0x8000b7e0 opcode=csrrw x18=0x8000b7eb
000000012 RUNTIME_ONLY neutral retire case=00359 pc=0x8000b7e4 opcode=xor x19=0x8000b7e8
000000013 RUNTIME_ONLY neutral retire case=00359 pc=0x8000b7e8 opcode=addi x20=0x8000b7e5
000000014 RUNTIME_ONLY neutral retire case=00359 pc=0x8000b7ec opcode=lw x21=0x8000b7e2
