UVM_FATAL /runtime_only_unique_aagc.sv(1) @ 1: runtime_only_unique_failure_aagc normalization resistant timing marker
RUNTIME_ONLY_CASE=861 SOURCE_A=benchmark_set_2:22
Mismatch[1]:
ibex[231] : pc[80000474] c.or x14,x8: a4:00ef9e4f
RUNTIME_ONLY_COMBINE SOURCE_B=benchmark_set_2:20
riscv_multiple_interrupt_test.0 : [FAILED]
000000000 RUNTIME_ONLY neutral retire case=00861 pc=0x8001b894 opcode=beq x29=0x8001b894
000000001 RUNTIME_ONLY neutral retire case=00861 pc=0x8001b898 opcode=csrrw x30=0x8001b899
000000002 RUNTIME_ONLY neutral retire case=00861 pc=0x8001b89c opcode=xor x31=0x8001b89e
000000003 RUNTIME_ONLY neutral retire case=00861 pc=0x8001b8a0 opcode=addi x0=0x8001b8a3
000000004 RUNTIME_ONLY neutral retire case=00861 pc=0x8001b8a4 opcode=lw x1=0x8001b8a0
000000005 RUNTIME_ONLY neutral retire case=00861 pc=0x8001b8a8 opcode=sw x2=0x8001b8ad
000000006 RUNTIME_ONLY neutral retire case=00861 pc=0x8001b8ac opcode=beq x3=0x8001b8aa
000000007 RUNTIME_ONLY neutral retire case=00861 pc=0x8001b8b0 opcode=csrrw x4=0x8001b8b7
000000008 RUNTIME_ONLY neutral retire case=00861 pc=0x8001b8b4 opcode=xor x5=0x8001b8bc
000000009 RUNTIME_ONLY neutral retire case=00861 pc=0x8001b8b8 opcode=addi x6=0x8001b8b1
000000010 RUNTIME_ONLY neutral retire case=00861 pc=0x8001b8bc opcode=lw x7=0x8001b8b6
000000011 RUNTIME_ONLY neutral retire case=00861 pc=0x8001b8c0 opcode=sw x8=0x8001b8cb
000000012 RUNTIME_ONLY neutral retire case=00861 pc=0x8001b8c4 opcode=beq x9=0x8001b8c8
000000013 RUNTIME_ONLY neutral retire case=00861 pc=0x8001b8c8 opcode=csrrw x10=0x8001b8c5
000000014 RUNTIME_ONLY neutral retire case=00861 pc=0x8001b8cc opcode=xor x11=0x8001b8c2
000000015 RUNTIME_ONLY neutral retire case=00861 pc=0x8001b8d0 opcode=addi x12=0x8001b8df
000000016 RUNTIME_ONLY neutral retire case=00861 pc=0x8001b8d4 opcode=lw x13=0x8001b8c4
