UVM_FATAL /runtime_only_unique_aaaq.sv(1) @ 1: runtime_only_unique_failure_aaaq normalization resistant timing marker
RUNTIME_ONLY_CASE=17 SOURCE_A=benchmark_set_2:10
Mismatch[1]:
ibex[74] : pc[8000019c] c.addi x29,6: t4:00000000
RUNTIME_ONLY_COMBINE SOURCE_B=benchmark_set_2:23
spike[167] : pc[ffffffff80000370] ori s7, zero, 190: s7:000000be
[FAILED]: 153 matched, 3219 mismatch
000000000 RUNTIME_ONLY neutral retire case=00017 pc=0x800008b0 opcode=xor x17=0x800008b0
000000001 RUNTIME_ONLY neutral retire case=00017 pc=0x800008b4 opcode=addi x18=0x800008b5
000000002 RUNTIME_ONLY neutral retire case=00017 pc=0x800008b8 opcode=lw x19=0x800008ba
000000003 RUNTIME_ONLY neutral retire case=00017 pc=0x800008bc opcode=sw x20=0x800008bf
000000004 RUNTIME_ONLY neutral retire case=00017 pc=0x800008c0 opcode=beq x21=0x800008c4
000000005 RUNTIME_ONLY neutral retire case=00017 pc=0x800008c4 opcode=csrrw x22=0x800008c1
000000006 RUNTIME_ONLY neutral retire case=00017 pc=0x800008c8 opcode=xor x23=0x800008ce
000000007 RUNTIME_ONLY neutral retire case=00017 pc=0x800008cc opcode=addi x24=0x800008cb
000000008 RUNTIME_ONLY neutral retire case=00017 pc=0x800008d0 opcode=lw x25=0x800008d8
000000009 RUNTIME_ONLY neutral retire case=00017 pc=0x800008d4 opcode=sw x26=0x800008dd
000000010 RUNTIME_ONLY neutral retire case=00017 pc=0x800008d8 opcode=beq x27=0x800008d2
000000011 RUNTIME_ONLY neutral retire case=00017 pc=0x800008dc opcode=csrrw x28=0x800008d7
000000012 RUNTIME_ONLY neutral retire case=00017 pc=0x800008e0 opcode=xor x29=0x800008ec
000000013 RUNTIME_ONLY neutral retire case=00017 pc=0x800008e4 opcode=addi x30=0x800008e9
000000014 RUNTIME_ONLY neutral retire case=00017 pc=0x800008e8 opcode=lw x31=0x800008e6
000000015 RUNTIME_ONLY neutral retire case=00017 pc=0x800008ec opcode=sw x0=0x800008e3
000000016 RUNTIME_ONLY neutral retire case=00017 pc=0x800008f0 opcode=beq x1=0x800008e0
000000017 RUNTIME_ONLY neutral retire case=00017 pc=0x800008f4 opcode=csrrw x2=0x800008e5
000000018 RUNTIME_ONLY neutral retire case=00017 pc=0x800008f8 opcode=xor x3=0x800008ea
000000019 RUNTIME_ONLY neutral retire case=00017 pc=0x800008fc opcode=addi x4=0x800008ef
000000020 RUNTIME_ONLY neutral retire case=00017 pc=0x80000900 opcode=lw x5=0x80000914
000000021 RUNTIME_ONLY neutral retire case=00017 pc=0x80000904 opcode=sw x6=0x80000911
000000022 RUNTIME_ONLY neutral retire case=00017 pc=0x80000908 opcode=beq x7=0x8000091e
000000023 RUNTIME_ONLY neutral retire case=00017 pc=0x8000090c opcode=csrrw x8=0x8000091b
000000024 RUNTIME_ONLY neutral retire case=00017 pc=0x80000910 opcode=xor x9=0x80000908
000000025 RUNTIME_ONLY neutral retire case=00017 pc=0x80000914 opcode=addi x10=0x8000090d
000000026 RUNTIME_ONLY neutral retire case=00017 pc=0x80000918 opcode=lw x11=0x80000902
000000027 RUNTIME_ONLY neutral retire case=00017 pc=0x8000091c opcode=sw x12=0x80000907
000000028 RUNTIME_ONLY neutral retire case=00017 pc=0x80000920 opcode=beq x13=0x8000093c
000000029 RUNTIME_ONLY neutral retire case=00017 pc=0x80000924 opcode=csrrw x14=0x80000939
000000030 RUNTIME_ONLY neutral retire case=00017 pc=0x80000928 opcode=xor x15=0x80000936
000000031 RUNTIME_ONLY neutral retire case=00017 pc=0x8000092c opcode=addi x16=0x80000933
000000032 RUNTIME_ONLY neutral retire case=00017 pc=0x80000930 opcode=lw x17=0x80000910
000000033 RUNTIME_ONLY neutral retire case=00017 pc=0x80000934 opcode=sw x18=0x80000915
000000034 RUNTIME_ONLY neutral retire case=00017 pc=0x80000938 opcode=beq x19=0x8000091a
000000035 RUNTIME_ONLY neutral retire case=00017 pc=0x8000093c opcode=csrrw x20=0x8000091f
000000036 RUNTIME_ONLY neutral retire case=00017 pc=0x80000940 opcode=xor x21=0x80000964
000000037 RUNTIME_ONLY neutral retire case=00017 pc=0x80000944 opcode=addi x22=0x80000961
000000038 RUNTIME_ONLY neutral retire case=00017 pc=0x80000948 opcode=lw x23=0x8000096e
000000039 RUNTIME_ONLY neutral retire case=00017 pc=0x8000094c opcode=sw x24=0x8000096b
000000040 RUNTIME_ONLY neutral retire case=00017 pc=0x80000950 opcode=beq x25=0x80000978
000000041 RUNTIME_ONLY neutral retire case=00017 pc=0x80000954 opcode=csrrw x26=0x8000097d
000000042 RUNTIME_ONLY neutral retire case=00017 pc=0x80000958 opcode=xor x27=0x80000972
000000043 RUNTIME_ONLY neutral retire case=00017 pc=0x8000095c opcode=addi x28=0x80000977
000000044 RUNTIME_ONLY neutral retire case=00017 pc=0x80000960 opcode=lw x29=0x8000094c
000000045 RUNTIME_ONLY neutral retire case=00017 pc=0x80000964 opcode=sw x30=0x80000949
000000046 RUNTIME_ONLY neutral retire case=00017 pc=0x80000968 opcode=beq x31=0x80000946
000000047 RUNTIME_ONLY neutral retire case=00017 pc=0x8000096c opcode=csrrw x0=0x80000943
000000048 RUNTIME_ONLY neutral retire case=00017 pc=0x80000970 opcode=xor x1=0x80000940
000000049 RUNTIME_ONLY neutral retire case=00017 pc=0x80000974 opcode=addi x2=0x80000945
000000050 RUNTIME_ONLY neutral retire case=00017 pc=0x80000978 opcode=lw x3=0x8000094a
000000051 RUNTIME_ONLY neutral retire case=00017 pc=0x8000097c opcode=sw x4=0x8000094f
000000052 RUNTIME_ONLY neutral retire case=00017 pc=0x80000980 opcode=beq x5=0x800009b4
000000053 RUNTIME_ONLY neutral retire case=00017 pc=0x80000984 opcode=csrrw x6=0x800009b1
000000054 RUNTIME_ONLY neutral retire case=00017 pc=0x80000988 opcode=xor x7=0x800009be
000000055 RUNTIME_ONLY neutral retire case=00017 pc=0x8000098c opcode=addi x8=0x800009bb
000000056 RUNTIME_ONLY neutral retire case=00017 pc=0x80000990 opcode=lw x9=0x800009a8
000000057 RUNTIME_ONLY neutral retire case=00017 pc=0x80000994 opcode=sw x10=0x800009ad
000000058 RUNTIME_ONLY neutral retire case=00017 pc=0x80000998 opcode=beq x11=0x800009a2
000000059 RUNTIME_ONLY neutral retire case=00017 pc=0x8000099c opcode=csrrw x12=0x800009a7
000000060 RUNTIME_ONLY neutral retire case=00017 pc=0x800009a0 opcode=xor x13=0x8000099c
000000061 RUNTIME_ONLY neutral retire case=00017 pc=0x800009a4 opcode=addi x14=0x80000999
000000062 RUNTIME_ONLY neutral retire case=00017 pc=0x800009a8 opcode=lw x15=0x80000996
000000063 RUNTIME_ONLY neutral retire case=00017 pc=0x800009ac opcode=sw x16=0x80000993
000000064 RUNTIME_ONLY neutral retire case=00017 pc=0x800009b0 opcode=beq x17=0x800009f0
000000065 RUNTIME_ONLY neutral retire case=00017 pc=0x800009b4 opcode=csrrw x18=0x800009f5
000000066 RUNTIME_ONLY neutral retire case=00017 pc=0x800009b8 opcode=xor x19=0x800009fa
000000067 RUNTIME_ONLY neutral retire case=00017 pc=0x800009bc opcode=addi x20=0x800009ff
000000068 RUNTIME_ONLY neutral retire case=00017 pc=0x800009c0 opcode=lw x21=0x80000984
000000069 RUNTIME_ONLY neutral retire case=00017 pc=0x800009c4 opcode=sw x22=0x80000981
000000070 RUNTIME_ONLY neutral retire case=00017 pc=0x800009c8 opcode=beq x23=0x8000098e
000000071 RUNTIME_ONLY neutral retire case=00017 pc=0x800009cc opcode=csrrw x24=0x8000098b
000000072 RUNTIME_ONLY neutral retire case=00017 pc=0x800009d0 opcode=xor x25=0x80000998
000000073 RUNTIME_ONLY neutral retire case=00017 pc=0x800009d4 opcode=addi x26=0x8000099d
000000074 RUNTIME_ONLY neutral retire case=00017 pc=0x800009d8 opcode=lw x27=0x80000992
000000075 RUNTIME_ONLY neutral retire case=00017 pc=0x800009dc opcode=sw x28=0x80000997
000000076 RUNTIME_ONLY neutral retire case=00017 pc=0x800009e0 opcode=beq x29=0x800009ac
000000077 RUNTIME_ONLY neutral retire case=00017 pc=0x800009e4 opcode=csrrw x30=0x800009a9
000000078 RUNTIME_ONLY neutral retire case=00017 pc=0x800009e8 opcode=xor x31=0x800009a6
000000079 RUNTIME_ONLY neutral retire case=00017 pc=0x800009ec opcode=addi x0=0x800009a3
000000080 RUNTIME_ONLY neutral retire case=00017 pc=0x800009f0 opcode=lw x1=0x800009a0
000000081 RUNTIME_ONLY neutral retire case=00017 pc=0x800009f4 opcode=sw x2=0x800009a5
000000082 RUNTIME_ONLY neutral retire case=00017 pc=0x800009f8 opcode=beq x3=0x800009aa
000000083 RUNTIME_ONLY neutral retire case=00017 pc=0x800009fc opcode=csrrw x4=0x800009af
000000084 RUNTIME_ONLY neutral retire case=00017 pc=0x80000a00 opcode=xor x5=0x80000a54
000000085 RUNTIME_ONLY neutral retire case=00017 pc=0x80000a04 opcode=addi x6=0x80000a51
000000086 RUNTIME_ONLY neutral retire case=00017 pc=0x80000a08 opcode=lw x7=0x80000a5e
000000087 RUNTIME_ONLY neutral retire case=00017 pc=0x80000a0c opcode=sw x8=0x80000a5b
000000088 RUNTIME_ONLY neutral retire case=00017 pc=0x80000a10 opcode=beq x9=0x80000a48
000000089 RUNTIME_ONLY neutral retire case=00017 pc=0x80000a14 opcode=csrrw x10=0x80000a4d
000000090 RUNTIME_ONLY neutral retire case=00017 pc=0x80000a18 opcode=xor x11=0x80000a42
000000091 RUNTIME_ONLY neutral retire case=00017 pc=0x80000a1c opcode=addi x12=0x80000a47
000000092 RUNTIME_ONLY neutral retire case=00017 pc=0x80000a20 opcode=lw x13=0x80000a7c
000000093 RUNTIME_ONLY neutral retire case=00017 pc=0x80000a24 opcode=sw x14=0x80000a79
000000094 RUNTIME_ONLY neutral retire case=00017 pc=0x80000a28 opcode=beq x15=0x80000a76
000000095 RUNTIME_ONLY neutral retire case=00017 pc=0x80000a2c opcode=csrrw x16=0x80000a73
000000096 RUNTIME_ONLY neutral retire case=00017 pc=0x80000a30 opcode=xor x17=0x80000a50
000000097 RUNTIME_ONLY neutral retire case=00017 pc=0x80000a34 opcode=addi x18=0x80000a55
000000098 RUNTIME_ONLY neutral retire case=00017 pc=0x80000a38 opcode=lw x19=0x80000a5a
000000099 RUNTIME_ONLY neutral retire case=00017 pc=0x80000a3c opcode=sw x20=0x80000a5f
000000100 RUNTIME_ONLY neutral retire case=00017 pc=0x80000a40 opcode=beq x21=0x80000a24
000000101 RUNTIME_ONLY neutral retire case=00017 pc=0x80000a44 opcode=csrrw x22=0x80000a21
000000102 RUNTIME_ONLY neutral retire case=00017 pc=0x80000a48 opcode=xor x23=0x80000a2e
000000103 RUNTIME_ONLY neutral retire case=00017 pc=0x80000a4c opcode=addi x24=0x80000a2b
000000104 RUNTIME_ONLY neutral retire case=00017 pc=0x80000a50 opcode=lw x25=0x80000a38
000000105 RUNTIME_ONLY neutral retire case=00017 pc=0x80000a54 opcode=sw x26=0x80000a3d
000000106 RUNTIME_ONLY neutral retire case=00017 pc=0x80000a58 opcode=beq x27=0x80000a32
000000107 RUNTIME_ONLY neutral retire case=00017 pc=0x80000a5c opcode=csrrw x28=0x80000a37
000000108 RUNTIME_ONLY neutral retire case=00017 pc=0x80000a60 opcode=xor x29=0x80000a0c
000000109 RUNTIME_ONLY neutral retire case=00017 pc=0x80000a64 opcode=addi x30=0x80000a09
000000110 RUNTIME_ONLY neutral retire case=00017 pc=0x80000a68 opcode=lw x31=0x80000a06
000000111 RUNTIME_ONLY neutral retire case=00017 pc=0x80000a6c opcode=sw x0=0x80000a03
000000112 RUNTIME_ONLY neutral retire case=00017 pc=0x80000a70 opcode=beq x1=0x80000a00
000000113 RUNTIME_ONLY neutral retire case=00017 pc=0x80000a74 opcode=csrrw x2=0x80000a05
000000114 RUNTIME_ONLY neutral retire case=00017 pc=0x80000a78 opcode=xor x3=0x80000a0a
000000115 RUNTIME_ONLY neutral retire case=00017 pc=0x80000a7c opcode=addi x4=0x80000a0f
000000116 RUNTIME_ONLY neutral retire case=00017 pc=0x80000a80 opcode=lw x5=0x80000af4
000000117 RUNTIME_ONLY neutral retire case=00017 pc=0x80000a84 opcode=sw x6=0x80000af1
000000118 RUNTIME_ONLY neutral retire case=00017 pc=0x80000a88 opcode=beq x7=0x80000afe
000000119 RUNTIME_ONLY neutral retire case=00017 pc=0x80000a8c opcode=csrrw x8=0x80000afb
000000120 RUNTIME_ONLY neutral retire case=00017 pc=0x80000a90 opcode=xor x9=0x80000ae8
000000121 RUNTIME_ONLY neutral retire case=00017 pc=0x80000a94 opcode=addi x10=0x80000aed
000000122 RUNTIME_ONLY neutral retire case=00017 pc=0x80000a98 opcode=lw x11=0x80000ae2
000000123 RUNTIME_ONLY neutral retire case=00017 pc=0x80000a9c opcode=sw x12=0x80000ae7
000000124 RUNTIME_ONLY neutral retire case=00017 pc=0x80000aa0 opcode=beq x13=0x80000adc
000000125 RUNTIME_ONLY neutral retire case=00017 pc=0x80000aa4 opcode=csrrw x14=0x80000ad9
000000126 RUNTIME_ONLY neutral retire case=00017 pc=0x80000aa8 opcode=xor x15=0x80000ad6
000000127 RUNTIME_ONLY neutral retire case=00017 pc=0x80000aac opcode=addi x16=0x80000ad3
000000128 RUNTIME_ONLY neutral retire case=00017 pc=0x80000ab0 opcode=lw x17=0x80000a30
000000129 RUNTIME_ONLY neutral retire case=00017 pc=0x80000ab4 opcode=sw x18=0x80000a35
000000130 RUNTIME_ONLY neutral retire case=00017 pc=0x80000ab8 opcode=beq x19=0x80000a3a
000000131 RUNTIME_ONLY neutral retire case=00017 pc=0x80000abc opcode=csrrw x20=0x80000a3f
000000132 RUNTIME_ONLY neutral retire case=00017 pc=0x80000ac0 opcode=xor x21=0x80000a44
000000133 RUNTIME_ONLY neutral retire case=00017 pc=0x80000ac4 opcode=addi x22=0x80000a41
000000134 RUNTIME_ONLY neutral retire case=00017 pc=0x80000ac8 opcode=lw x23=0x80000a4e
000000135 RUNTIME_ONLY neutral retire case=00017 pc=0x80000acc opcode=sw x24=0x80000a4b
000000136 RUNTIME_ONLY neutral retire case=00017 pc=0x80000ad0 opcode=beq x25=0x80000a58
000000137 RUNTIME_ONLY neutral retire case=00017 pc=0x80000ad4 opcode=csrrw x26=0x80000a5d
000000138 RUNTIME_ONLY neutral retire case=00017 pc=0x80000ad8 opcode=xor x27=0x80000a52
000000139 RUNTIME_ONLY neutral retire case=00017 pc=0x80000adc opcode=addi x28=0x80000a57
000000140 RUNTIME_ONLY neutral retire case=00017 pc=0x80000ae0 opcode=lw x29=0x80000a6c
000000141 RUNTIME_ONLY neutral retire case=00017 pc=0x80000ae4 opcode=sw x30=0x80000a69
000000142 RUNTIME_ONLY neutral retire case=00017 pc=0x80000ae8 opcode=beq x31=0x80000a66
000000143 RUNTIME_ONLY neutral retire case=00017 pc=0x80000aec opcode=csrrw x0=0x80000a63
000000144 RUNTIME_ONLY neutral retire case=00017 pc=0x80000af0 opcode=xor x1=0x80000a60
000000145 RUNTIME_ONLY neutral retire case=00017 pc=0x80000af4 opcode=addi x2=0x80000a65
000000146 RUNTIME_ONLY neutral retire case=00017 pc=0x80000af8 opcode=lw x3=0x80000a6a
000000147 RUNTIME_ONLY neutral retire case=00017 pc=0x80000afc opcode=sw x4=0x80000a6f
000000148 RUNTIME_ONLY neutral retire case=00017 pc=0x80000b00 opcode=beq x5=0x80000b94
000000149 RUNTIME_ONLY neutral retire case=00017 pc=0x80000b04 opcode=csrrw x6=0x80000b91
000000150 RUNTIME_ONLY neutral retire case=00017 pc=0x80000b08 opcode=xor x7=0x80000b9e
000000151 RUNTIME_ONLY neutral retire case=00017 pc=0x80000b0c opcode=addi x8=0x80000b9b
000000152 RUNTIME_ONLY neutral retire case=00017 pc=0x80000b10 opcode=lw x9=0x80000b88
000000153 RUNTIME_ONLY neutral retire case=00017 pc=0x80000b14 opcode=sw x10=0x80000b8d
000000154 RUNTIME_ONLY neutral retire case=00017 pc=0x80000b18 opcode=beq x11=0x80000b82
000000155 RUNTIME_ONLY neutral retire case=00017 pc=0x80000b1c opcode=csrrw x12=0x80000b87
000000156 RUNTIME_ONLY neutral retire case=00017 pc=0x80000b20 opcode=xor x13=0x80000bbc
000000157 RUNTIME_ONLY neutral retire case=00017 pc=0x80000b24 opcode=addi x14=0x80000bb9
000000158 RUNTIME_ONLY neutral retire case=00017 pc=0x80000b28 opcode=lw x15=0x80000bb6
000000159 RUNTIME_ONLY neutral retire case=00017 pc=0x80000b2c opcode=sw x16=0x80000bb3
000000160 RUNTIME_ONLY neutral retire case=00017 pc=0x80000b30 opcode=beq x17=0x80000b90
000000161 RUNTIME_ONLY neutral retire case=00017 pc=0x80000b34 opcode=csrrw x18=0x80000b95
000000162 RUNTIME_ONLY neutral retire case=00017 pc=0x80000b38 opcode=xor x19=0x80000b9a
000000163 RUNTIME_ONLY neutral retire case=00017 pc=0x80000b3c opcode=addi x20=0x80000b9f
000000164 RUNTIME_ONLY neutral retire case=00017 pc=0x80000b40 opcode=lw x21=0x80000be4
000000165 RUNTIME_ONLY neutral retire case=00017 pc=0x80000b44 opcode=sw x22=0x80000be1
000000166 RUNTIME_ONLY neutral retire case=00017 pc=0x80000b48 opcode=beq x23=0x80000bee
000000167 RUNTIME_ONLY neutral retire case=00017 pc=0x80000b4c opcode=csrrw x24=0x80000beb
000000168 RUNTIME_ONLY neutral retire case=00017 pc=0x80000b50 opcode=xor x25=0x80000bf8
000000169 RUNTIME_ONLY neutral retire case=00017 pc=0x80000b54 opcode=addi x26=0x80000bfd
000000170 RUNTIME_ONLY neutral retire case=00017 pc=0x80000b58 opcode=lw x27=0x80000bf2
000000171 RUNTIME_ONLY neutral retire case=00017 pc=0x80000b5c opcode=sw x28=0x80000bf7
000000172 RUNTIME_ONLY neutral retire case=00017 pc=0x80000b60 opcode=beq x29=0x80000bcc
000000173 RUNTIME_ONLY neutral retire case=00017 pc=0x80000b64 opcode=csrrw x30=0x80000bc9
000000174 RUNTIME_ONLY neutral retire case=00017 pc=0x80000b68 opcode=xor x31=0x80000bc6
000000175 RUNTIME_ONLY neutral retire case=00017 pc=0x80000b6c opcode=addi x0=0x80000bc3
000000176 RUNTIME_ONLY neutral retire case=00017 pc=0x80000b70 opcode=lw x1=0x80000bc0
000000177 RUNTIME_ONLY neutral retire case=00017 pc=0x80000b74 opcode=sw x2=0x80000bc5
000000178 RUNTIME_ONLY neutral retire case=00017 pc=0x80000b78 opcode=beq x3=0x80000bca
000000179 RUNTIME_ONLY neutral retire case=00017 pc=0x80000b7c opcode=csrrw x4=0x80000bcf
000000180 RUNTIME_ONLY neutral retire case=00017 pc=0x80000b80 opcode=xor x5=0x80000b34
000000181 RUNTIME_ONLY neutral retire case=00017 pc=0x80000b84 opcode=addi x6=0x80000b31
000000182 RUNTIME_ONLY neutral retire case=00017 pc=0x80000b88 opcode=lw x7=0x80000b3e
000000183 RUNTIME_ONLY neutral retire case=00017 pc=0x80000b8c opcode=sw x8=0x80000b3b
000000184 RUNTIME_ONLY neutral retire case=00017 pc=0x80000b90 opcode=beq x9=0x80000b28
000000185 RUNTIME_ONLY neutral retire case=00017 pc=0x80000b94 opcode=csrrw x10=0x80000b2d
000000186 RUNTIME_ONLY neutral retire case=00017 pc=0x80000b98 opcode=xor x11=0x80000b22
000000187 RUNTIME_ONLY neutral retire case=00017 pc=0x80000b9c opcode=addi x12=0x80000b27
000000188 RUNTIME_ONLY neutral retire case=00017 pc=0x80000ba0 opcode=lw x13=0x80000b1c
000000189 RUNTIME_ONLY neutral retire case=00017 pc=0x80000ba4 opcode=sw x14=0x80000b19
000000190 RUNTIME_ONLY neutral retire case=00017 pc=0x80000ba8 opcode=beq x15=0x80000b16
000000191 RUNTIME_ONLY neutral retire case=00017 pc=0x80000bac opcode=csrrw x16=0x80000b13
000000192 RUNTIME_ONLY neutral retire case=00017 pc=0x80000bb0 opcode=xor x17=0x80000b70
000000193 RUNTIME_ONLY neutral retire case=00017 pc=0x80000bb4 opcode=addi x18=0x80000b75
000000194 RUNTIME_ONLY neutral retire case=00017 pc=0x80000bb8 opcode=lw x19=0x80000b7a
000000195 RUNTIME_ONLY neutral retire case=00017 pc=0x80000bbc opcode=sw x20=0x80000b7f
000000196 RUNTIME_ONLY neutral retire case=00017 pc=0x80000bc0 opcode=beq x21=0x80000b04
000000197 RUNTIME_ONLY neutral retire case=00017 pc=0x80000bc4 opcode=csrrw x22=0x80000b01
000000198 RUNTIME_ONLY neutral retire case=00017 pc=0x80000bc8 opcode=xor x23=0x80000b0e
000000199 RUNTIME_ONLY neutral retire case=00017 pc=0x80000bcc opcode=addi x24=0x80000b0b
000000200 RUNTIME_ONLY neutral retire case=00017 pc=0x80000bd0 opcode=lw x25=0x80000b18
000000201 RUNTIME_ONLY neutral retire case=00017 pc=0x80000bd4 opcode=sw x26=0x80000b1d
000000202 RUNTIME_ONLY neutral retire case=00017 pc=0x80000bd8 opcode=beq x27=0x80000b12
000000203 RUNTIME_ONLY neutral retire case=00017 pc=0x80000bdc opcode=csrrw x28=0x80000b17
000000204 RUNTIME_ONLY neutral retire case=00017 pc=0x80000be0 opcode=xor x29=0x80000b2c
000000205 RUNTIME_ONLY neutral retire case=00017 pc=0x80000be4 opcode=addi x30=0x80000b29
000000206 RUNTIME_ONLY neutral retire case=00017 pc=0x80000be8 opcode=lw x31=0x80000b26
000000207 RUNTIME_ONLY neutral retire case=00017 pc=0x80000bec opcode=sw x0=0x80000b23
000000208 RUNTIME_ONLY neutral retire case=00017 pc=0x80000bf0 opcode=beq x1=0x80000b20
000000209 RUNTIME_ONLY neutral retire case=00017 pc=0x80000bf4 opcode=csrrw x2=0x80000b25
000000210 RUNTIME_ONLY neutral retire case=00017 pc=0x80000bf8 opcode=xor x3=0x80000b2a
000000211 RUNTIME_ONLY neutral retire case=00017 pc=0x80000bfc opcode=addi x4=0x80000b2f
000000212 RUNTIME_ONLY neutral retire case=00017 pc=0x80000c00 opcode=lw x5=0x80000cd4
000000213 RUNTIME_ONLY neutral retire case=00017 pc=0x80000c04 opcode=sw x6=0x80000cd1
000000214 RUNTIME_ONLY neutral retire case=00017 pc=0x80000c08 opcode=beq x7=0x80000cde
000000215 RUNTIME_ONLY neutral retire case=00017 pc=0x80000c0c opcode=csrrw x8=0x80000cdb
000000216 RUNTIME_ONLY neutral retire case=00017 pc=0x80000c10 opcode=xor x9=0x80000cc8
000000217 RUNTIME_ONLY neutral retire case=00017 pc=0x80000c14 opcode=addi x10=0x80000ccd
000000218 RUNTIME_ONLY neutral retire case=00017 pc=0x80000c18 opcode=lw x11=0x80000cc2
000000219 RUNTIME_ONLY neutral retire case=00017 pc=0x80000c1c opcode=sw x12=0x80000cc7
000000220 RUNTIME_ONLY neutral retire case=00017 pc=0x80000c20 opcode=beq x13=0x80000cfc
000000221 RUNTIME_ONLY neutral retire case=00017 pc=0x80000c24 opcode=csrrw x14=0x80000cf9
000000222 RUNTIME_ONLY neutral retire case=00017 pc=0x80000c28 opcode=xor x15=0x80000cf6
000000223 RUNTIME_ONLY neutral retire case=00017 pc=0x80000c2c opcode=addi x16=0x80000cf3
000000224 RUNTIME_ONLY neutral retire case=00017 pc=0x80000c30 opcode=lw x17=0x80000cd0
000000225 RUNTIME_ONLY neutral retire case=00017 pc=0x80000c34 opcode=sw x18=0x80000cd5
000000226 RUNTIME_ONLY neutral retire case=00017 pc=0x80000c38 opcode=beq x19=0x80000cda
000000227 RUNTIME_ONLY neutral retire case=00017 pc=0x80000c3c opcode=csrrw x20=0x80000cdf
000000228 RUNTIME_ONLY neutral retire case=00017 pc=0x80000c40 opcode=xor x21=0x80000ca4
000000229 RUNTIME_ONLY neutral retire case=00017 pc=0x80000c44 opcode=addi x22=0x80000ca1
000000230 RUNTIME_ONLY neutral retire case=00017 pc=0x80000c48 opcode=lw x23=0x80000cae
000000231 RUNTIME_ONLY neutral retire case=00017 pc=0x80000c4c opcode=sw x24=0x80000cab
000000232 RUNTIME_ONLY neutral retire case=00017 pc=0x80000c50 opcode=beq x25=0x80000cb8
000000233 RUNTIME_ONLY neutral retire case=00017 pc=0x80000c54 opcode=csrrw x26=0x80000cbd
000000234 RUNTIME_ONLY neutral retire case=00017 pc=0x80000c58 opcode=xor x27=0x80000cb2
000000235 RUNTIME_ONLY neutral retire case=00017 pc=0x80000c5c opcode=addi x28=0x80000cb7
000000236 RUNTIME_ONLY neutral retire case=00017 pc=0x80000c60 opcode=lw x29=0x80000c8c
000000237 RUNTIME_ONLY neutral retire case=00017 pc=0x80000c64 opcode=sw x30=0x80000c89
000000238 RUNTIME_ONLY neutral retire case=00017 pc=0x80000c68 opcode=beq x31=0x80000c86
000000239 RUNTIME_ONLY neutral retire case=00017 pc=0x80000c6c opcode=csrrw x0=0x80000c83
000000240 RUNTIME_ONLY neutral retire case=00017 pc=0x80000c70 opcode=xor x1=0x80000c80
000000241 RUNTIME_ONLY neutral retire case=00017 pc=0x80000c74 opcode=addi x2=0x80000c85
000000242 RUNTIME_ONLY neutral retire case=00017 pc=0x80000c78 opcode=lw x3=0x80000c8a
000000243 RUNTIME_ONLY neutral retire case=00017 pc=0x80000c7c opcode=sw x4=0x80000c8f
000000244 RUNTIME_ONLY neutral retire case=00017 pc=0x80000c80 opcode=beq x5=0x80000c74
000000245 RUNTIME_ONLY neutral retire case=00017 pc=0x80000c84 opcode=csrrw x6=0x80000c71
000000246 RUNTIME_ONLY neutral retire case=00017 pc=0x80000c88 opcode=xor x7=0x80000c7e
000000247 RUNTIME_ONLY neutral retire case=00017 pc=0x80000c8c opcode=addi x8=0x80000c7b
000000248 RUNTIME_ONLY neutral retire case=00017 pc=0x80000c90 opcode=lw x9=0x80000c68
000000249 RUNTIME_ONLY neutral retire case=00017 pc=0x80000c94 opcode=sw x10=0x80000c6d
000000250 RUNTIME_ONLY neutral retire case=00017 pc=0x80000c98 opcode=beq x11=0x80000c62
000000251 RUNTIME_ONLY neutral retire case=00017 pc=0x80000c9c opcode=csrrw x12=0x80000c67
000000252 RUNTIME_ONLY neutral retire case=00017 pc=0x80000ca0 opcode=xor x13=0x80000c5c
000000253 RUNTIME_ONLY neutral retire case=00017 pc=0x80000ca4 opcode=addi x14=0x80000c59
000000254 RUNTIME_ONLY neutral retire case=00017 pc=0x80000ca8 opcode=lw x15=0x80000c56
000000255 RUNTIME_ONLY neutral retire case=00017 pc=0x80000cac opcode=sw x16=0x80000c53
000000256 RUNTIME_ONLY neutral retire case=00017 pc=0x80000cb0 opcode=beq x17=0x80000db0
000000257 RUNTIME_ONLY neutral retire case=00017 pc=0x80000cb4 opcode=csrrw x18=0x80000db5
000000258 RUNTIME_ONLY neutral retire case=00017 pc=0x80000cb8 opcode=xor x19=0x80000dba
000000259 RUNTIME_ONLY neutral retire case=00017 pc=0x80000cbc opcode=addi x20=0x80000dbf
000000260 RUNTIME_ONLY neutral retire case=00017 pc=0x80000cc0 opcode=lw x21=0x80000dc4
000000261 RUNTIME_ONLY neutral retire case=00017 pc=0x80000cc4 opcode=sw x22=0x80000dc1
000000262 RUNTIME_ONLY neutral retire case=00017 pc=0x80000cc8 opcode=beq x23=0x80000dce
000000263 RUNTIME_ONLY neutral retire case=00017 pc=0x80000ccc opcode=csrrw x24=0x80000dcb
000000264 RUNTIME_ONLY neutral retire case=00017 pc=0x80000cd0 opcode=xor x25=0x80000dd8
000000265 RUNTIME_ONLY neutral retire case=00017 pc=0x80000cd4 opcode=addi x26=0x80000ddd
000000266 RUNTIME_ONLY neutral retire case=00017 pc=0x80000cd8 opcode=lw x27=0x80000dd2
000000267 RUNTIME_ONLY neutral retire case=00017 pc=0x80000cdc opcode=sw x28=0x80000dd7
000000268 RUNTIME_ONLY neutral retire case=00017 pc=0x80000ce0 opcode=beq x29=0x80000dec
000000269 RUNTIME_ONLY neutral retire case=00017 pc=0x80000ce4 opcode=csrrw x30=0x80000de9
000000270 RUNTIME_ONLY neutral retire case=00017 pc=0x80000ce8 opcode=xor x31=0x80000de6
000000271 RUNTIME_ONLY neutral retire case=00017 pc=0x80000cec opcode=addi x0=0x80000de3
000000272 RUNTIME_ONLY neutral retire case=00017 pc=0x80000cf0 opcode=lw x1=0x80000de0
000000273 RUNTIME_ONLY neutral retire case=00017 pc=0x80000cf4 opcode=sw x2=0x80000de5
000000274 RUNTIME_ONLY neutral retire case=00017 pc=0x80000cf8 opcode=beq x3=0x80000dea
000000275 RUNTIME_ONLY neutral retire case=00017 pc=0x80000cfc opcode=csrrw x4=0x80000def
000000276 RUNTIME_ONLY neutral retire case=00017 pc=0x80000d00 opcode=xor x5=0x80000c14
000000277 RUNTIME_ONLY neutral retire case=00017 pc=0x80000d04 opcode=addi x6=0x80000c11
000000278 RUNTIME_ONLY neutral retire case=00017 pc=0x80000d08 opcode=lw x7=0x80000c1e
000000279 RUNTIME_ONLY neutral retire case=00017 pc=0x80000d0c opcode=sw x8=0x80000c1b
000000280 RUNTIME_ONLY neutral retire case=00017 pc=0x80000d10 opcode=beq x9=0x80000c08
000000281 RUNTIME_ONLY neutral retire case=00017 pc=0x80000d14 opcode=csrrw x10=0x80000c0d
000000282 RUNTIME_ONLY neutral retire case=00017 pc=0x80000d18 opcode=xor x11=0x80000c02
000000283 RUNTIME_ONLY neutral retire case=00017 pc=0x80000d1c opcode=addi x12=0x80000c07
000000284 RUNTIME_ONLY neutral retire case=00017 pc=0x80000d20 opcode=lw x13=0x80000c3c
000000285 RUNTIME_ONLY neutral retire case=00017 pc=0x80000d24 opcode=sw x14=0x80000c39
000000286 RUNTIME_ONLY neutral retire case=00017 pc=0x80000d28 opcode=beq x15=0x80000c36
000000287 RUNTIME_ONLY neutral retire case=00017 pc=0x80000d2c opcode=csrrw x16=0x80000c33
000000288 RUNTIME_ONLY neutral retire case=00017 pc=0x80000d30 opcode=xor x17=0x80000c10
000000289 RUNTIME_ONLY neutral retire case=00017 pc=0x80000d34 opcode=addi x18=0x80000c15
000000290 RUNTIME_ONLY neutral retire case=00017 pc=0x80000d38 opcode=lw x19=0x80000c1a
000000291 RUNTIME_ONLY neutral retire case=00017 pc=0x80000d3c opcode=sw x20=0x80000c1f
000000292 RUNTIME_ONLY neutral retire case=00017 pc=0x80000d40 opcode=beq x21=0x80000c64
000000293 RUNTIME_ONLY neutral retire case=00017 pc=0x80000d44 opcode=csrrw x22=0x80000c61
000000294 RUNTIME_ONLY neutral retire case=00017 pc=0x80000d48 opcode=xor x23=0x80000c6e
000000295 RUNTIME_ONLY neutral retire case=00017 pc=0x80000d4c opcode=addi x24=0x80000c6b
000000296 RUNTIME_ONLY neutral retire case=00017 pc=0x80000d50 opcode=lw x25=0x80000c78
000000297 RUNTIME_ONLY neutral retire case=00017 pc=0x80000d54 opcode=sw x26=0x80000c7d
000000298 RUNTIME_ONLY neutral retire case=00017 pc=0x80000d58 opcode=beq x27=0x80000c72
000000299 RUNTIME_ONLY neutral retire case=00017 pc=0x80000d5c opcode=csrrw x28=0x80000c77
000000300 RUNTIME_ONLY neutral retire case=00017 pc=0x80000d60 opcode=xor x29=0x80000c4c
000000301 RUNTIME_ONLY neutral retire case=00017 pc=0x80000d64 opcode=addi x30=0x80000c49
000000302 RUNTIME_ONLY neutral retire case=00017 pc=0x80000d68 opcode=lw x31=0x80000c46
000000303 RUNTIME_ONLY neutral retire case=00017 pc=0x80000d6c opcode=sw x0=0x80000c43
000000304 RUNTIME_ONLY neutral retire case=00017 pc=0x80000d70 opcode=beq x1=0x80000c40
000000305 RUNTIME_ONLY neutral retire case=00017 pc=0x80000d74 opcode=csrrw x2=0x80000c45
000000306 RUNTIME_ONLY neutral retire case=00017 pc=0x80000d78 opcode=xor x3=0x80000c4a
000000307 RUNTIME_ONLY neutral retire case=00017 pc=0x80000d7c opcode=addi x4=0x80000c4f
000000308 RUNTIME_ONLY neutral retire case=00017 pc=0x80000d80 opcode=lw x5=0x80000cb4
000000309 RUNTIME_ONLY neutral retire case=00017 pc=0x80000d84 opcode=sw x6=0x80000cb1
000000310 RUNTIME_ONLY neutral retire case=00017 pc=0x80000d88 opcode=beq x7=0x80000cbe
000000311 RUNTIME_ONLY neutral retire case=00017 pc=0x80000d8c opcode=csrrw x8=0x80000cbb
000000312 RUNTIME_ONLY neutral retire case=00017 pc=0x80000d90 opcode=xor x9=0x80000ca8
000000313 RUNTIME_ONLY neutral retire case=00017 pc=0x80000d94 opcode=addi x10=0x80000cad
000000314 RUNTIME_ONLY neutral retire case=00017 pc=0x80000d98 opcode=lw x11=0x80000ca2
000000315 RUNTIME_ONLY neutral retire case=00017 pc=0x80000d9c opcode=sw x12=0x80000ca7
000000316 RUNTIME_ONLY neutral retire case=00017 pc=0x80000da0 opcode=beq x13=0x80000c9c
000000317 RUNTIME_ONLY neutral retire case=00017 pc=0x80000da4 opcode=csrrw x14=0x80000c99
000000318 RUNTIME_ONLY neutral retire case=00017 pc=0x80000da8 opcode=xor x15=0x80000c96
000000319 RUNTIME_ONLY neutral retire case=00017 pc=0x80000dac opcode=addi x16=0x80000c93
000000320 RUNTIME_ONLY neutral retire case=00017 pc=0x80000db0 opcode=lw x17=0x80000cf0
000000321 RUNTIME_ONLY neutral retire case=00017 pc=0x80000db4 opcode=sw x18=0x80000cf5
000000322 RUNTIME_ONLY neutral retire case=00017 pc=0x80000db8 opcode=beq x19=0x80000cfa
000000323 RUNTIME_ONLY neutral retire case=00017 pc=0x80000dbc opcode=csrrw x20=0x80000cff
000000324 RUNTIME_ONLY neutral retire case=00017 pc=0x80000dc0 opcode=xor x21=0x80000c84
000000325 RUNTIME_ONLY neutral retire case=00017 pc=0x80000dc4 opcode=addi x22=0x80000c81
000000326 RUNTIME_ONLY neutral retire case=00017 pc=0x80000dc8 opcode=lw x23=0x80000c8e
000000327 RUNTIME_ONLY neutral retire case=00017 pc=0x80000dcc opcode=sw x24=0x80000c8b
000000328 RUNTIME_ONLY neutral retire case=00017 pc=0x80000dd0 opcode=beq x25=0x80000c98
000000329 RUNTIME_ONLY neutral retire case=00017 pc=0x80000dd4 opcode=csrrw x26=0x80000c9d
000000330 RUNTIME_ONLY neutral retire case=00017 pc=0x80000dd8 opcode=xor x27=0x80000c92
000000331 RUNTIME_ONLY neutral retire case=00017 pc=0x80000ddc opcode=addi x28=0x80000c97
000000332 RUNTIME_ONLY neutral retire case=00017 pc=0x80000de0 opcode=lw x29=0x80000cac
000000333 RUNTIME_ONLY neutral retire case=00017 pc=0x80000de4 opcode=sw x30=0x80000ca9
000000334 RUNTIME_ONLY neutral retire case=00017 pc=0x80000de8 opcode=beq x31=0x80000ca6
000000335 RUNTIME_ONLY neutral retire case=00017 pc=0x80000dec opcode=csrrw x0=0x80000ca3
000000336 RUNTIME_ONLY neutral retire case=00017 pc=0x80000df0 opcode=xor x1=0x80000ca0
000000337 RUNTIME_ONLY neutral retire case=00017 pc=0x80000df4 opcode=addi x2=0x80000ca5
000000338 RUNTIME_ONLY neutral retire case=00017 pc=0x80000df8 opcode=lw x3=0x80000caa
000000339 RUNTIME_ONLY neutral retire case=00017 pc=0x80000dfc opcode=sw x4=0x80000caf
000000340 RUNTIME_ONLY neutral retire case=00017 pc=0x80000e00 opcode=beq x5=0x80000f54
000000341 RUNTIME_ONLY neutral retire case=00017 pc=0x80000e04 opcode=csrrw x6=0x80000f51
000000342 RUNTIME_ONLY neutral retire case=00017 pc=0x80000e08 opcode=xor x7=0x80000f5e
000000343 RUNTIME_ONLY neutral retire case=00017 pc=0x80000e0c opcode=addi x8=0x80000f5b
000000344 RUNTIME_ONLY neutral retire case=00017 pc=0x80000e10 opcode=lw x9=0x80000f48
000000345 RUNTIME_ONLY neutral retire case=00017 pc=0x80000e14 opcode=sw x10=0x80000f4d
000000346 RUNTIME_ONLY neutral retire case=00017 pc=0x80000e18 opcode=beq x11=0x80000f42
000000347 RUNTIME_ONLY neutral retire case=00017 pc=0x80000e1c opcode=csrrw x12=0x80000f47
000000348 RUNTIME_ONLY neutral retire case=00017 pc=0x80000e20 opcode=xor x13=0x80000f7c
000000349 RUNTIME_ONLY neutral retire case=00017 pc=0x80000e24 opcode=addi x14=0x80000f79
000000350 RUNTIME_ONLY neutral retire case=00017 pc=0x80000e28 opcode=lw x15=0x80000f76
000000351 RUNTIME_ONLY neutral retire case=00017 pc=0x80000e2c opcode=sw x16=0x80000f73
000000352 RUNTIME_ONLY neutral retire case=00017 pc=0x80000e30 opcode=beq x17=0x80000f50
000000353 RUNTIME_ONLY neutral retire case=00017 pc=0x80000e34 opcode=csrrw x18=0x80000f55
000000354 RUNTIME_ONLY neutral retire case=00017 pc=0x80000e38 opcode=xor x19=0x80000f5a
000000355 RUNTIME_ONLY neutral retire case=00017 pc=0x80000e3c opcode=addi x20=0x80000f5f
000000356 RUNTIME_ONLY neutral retire case=00017 pc=0x80000e40 opcode=lw x21=0x80000f24
000000357 RUNTIME_ONLY neutral retire case=00017 pc=0x80000e44 opcode=sw x22=0x80000f21
000000358 RUNTIME_ONLY neutral retire case=00017 pc=0x80000e48 opcode=beq x23=0x80000f2e
000000359 RUNTIME_ONLY neutral retire case=00017 pc=0x80000e4c opcode=csrrw x24=0x80000f2b
000000360 RUNTIME_ONLY neutral retire case=00017 pc=0x80000e50 opcode=xor x25=0x80000f38
000000361 RUNTIME_ONLY neutral retire case=00017 pc=0x80000e54 opcode=addi x26=0x80000f3d
000000362 RUNTIME_ONLY neutral retire case=00017 pc=0x80000e58 opcode=lw x27=0x80000f32
000000363 RUNTIME_ONLY neutral retire case=00017 pc=0x80000e5c opcode=sw x28=0x80000f37
000000364 RUNTIME_ONLY neutral retire case=00017 pc=0x80000e60 opcode=beq x29=0x80000f0c
000000365 RUNTIME_ONLY neutral retire case=00017 pc=0x80000e64 opcode=csrrw x30=0x80000f09
000000366 RUNTIME_ONLY neutral retire case=00017 pc=0x80000e68 opcode=xor x31=0x80000f06
000000367 RUNTIME_ONLY neutral retire case=00017 pc=0x80000e6c opcode=addi x0=0x80000f03
000000368 RUNTIME_ONLY neutral retire case=00017 pc=0x80000e70 opcode=lw x1=0x80000f00
000000369 RUNTIME_ONLY neutral retire case=00017 pc=0x80000e74 opcode=sw x2=0x80000f05
000000370 RUNTIME_ONLY neutral retire case=00017 pc=0x80000e78 opcode=beq x3=0x80000f0a
000000371 RUNTIME_ONLY neutral retire case=00017 pc=0x80000e7c opcode=csrrw x4=0x80000f0f
000000372 RUNTIME_ONLY neutral retire case=00017 pc=0x80000e80 opcode=xor x5=0x80000ff4
000000373 RUNTIME_ONLY neutral retire case=00017 pc=0x80000e84 opcode=addi x6=0x80000ff1
000000374 RUNTIME_ONLY neutral retire case=00017 pc=0x80000e88 opcode=lw x7=0x80000ffe
000000375 RUNTIME_ONLY neutral retire case=00017 pc=0x80000e8c opcode=sw x8=0x80000ffb
000000376 RUNTIME_ONLY neutral retire case=00017 pc=0x80000e90 opcode=beq x9=0x80000fe8
000000377 RUNTIME_ONLY neutral retire case=00017 pc=0x80000e94 opcode=csrrw x10=0x80000fed
000000378 RUNTIME_ONLY neutral retire case=00017 pc=0x80000e98 opcode=xor x11=0x80000fe2
000000379 RUNTIME_ONLY neutral retire case=00017 pc=0x80000e9c opcode=addi x12=0x80000fe7
000000380 RUNTIME_ONLY neutral retire case=00017 pc=0x80000ea0 opcode=lw x13=0x80000fdc
000000381 RUNTIME_ONLY neutral retire case=00017 pc=0x80000ea4 opcode=sw x14=0x80000fd9
000000382 RUNTIME_ONLY neutral retire case=00017 pc=0x80000ea8 opcode=beq x15=0x80000fd6
000000383 RUNTIME_ONLY neutral retire case=00017 pc=0x80000eac opcode=csrrw x16=0x80000fd3
000000384 RUNTIME_ONLY neutral retire case=00017 pc=0x80000eb0 opcode=xor x17=0x80000f30
000000385 RUNTIME_ONLY neutral retire case=00017 pc=0x80000eb4 opcode=addi x18=0x80000f35
000000386 RUNTIME_ONLY neutral retire case=00017 pc=0x80000eb8 opcode=lw x19=0x80000f3a
000000387 RUNTIME_ONLY neutral retire case=00017 pc=0x80000ebc opcode=sw x20=0x80000f3f
000000388 RUNTIME_ONLY neutral retire case=00017 pc=0x80000ec0 opcode=beq x21=0x80000f44
000000389 RUNTIME_ONLY neutral retire case=00017 pc=0x80000ec4 opcode=csrrw x22=0x80000f41
000000390 RUNTIME_ONLY neutral retire case=00017 pc=0x80000ec8 opcode=xor x23=0x80000f4e
000000391 RUNTIME_ONLY neutral retire case=00017 pc=0x80000ecc opcode=addi x24=0x80000f4b
000000392 RUNTIME_ONLY neutral retire case=00017 pc=0x80000ed0 opcode=lw x25=0x80000f58
000000393 RUNTIME_ONLY neutral retire case=00017 pc=0x80000ed4 opcode=sw x26=0x80000f5d
000000394 RUNTIME_ONLY neutral retire case=00017 pc=0x80000ed8 opcode=beq x27=0x80000f52
000000395 RUNTIME_ONLY neutral retire case=00017 pc=0x80000edc opcode=csrrw x28=0x80000f57
000000396 RUNTIME_ONLY neutral retire case=00017 pc=0x80000ee0 opcode=xor x29=0x80000f6c
000000397 RUNTIME_ONLY neutral retire case=00017 pc=0x80000ee4 opcode=addi x30=0x80000f69
000000398 RUNTIME_ONLY neutral retire case=00017 pc=0x80000ee8 opcode=lw x31=0x80000f66
000000399 RUNTIME_ONLY neutral retire case=00017 pc=0x80000eec opcode=sw x0=0x80000f63
000000400 RUNTIME_ONLY neutral retire case=00017 pc=0x80000ef0 opcode=beq x1=0x80000f60
000000401 RUNTIME_ONLY neutral retire case=00017 pc=0x80000ef4 opcode=csrrw x2=0x80000f65
000000402 RUNTIME_ONLY neutral retire case=00017 pc=0x80000ef8 opcode=xor x3=0x80000f6a
000000403 RUNTIME_ONLY neutral retire case=00017 pc=0x80000efc opcode=addi x4=0x80000f6f
000000404 RUNTIME_ONLY neutral retire case=00017 pc=0x80000f00 opcode=lw x5=0x80000e94
000000405 RUNTIME_ONLY neutral retire case=00017 pc=0x80000f04 opcode=sw x6=0x80000e91
000000406 RUNTIME_ONLY neutral retire case=00017 pc=0x80000f08 opcode=beq x7=0x80000e9e
000000407 RUNTIME_ONLY neutral retire case=00017 pc=0x80000f0c opcode=csrrw x8=0x80000e9b
000000408 RUNTIME_ONLY neutral retire case=00017 pc=0x80000f10 opcode=xor x9=0x80000e88
000000409 RUNTIME_ONLY neutral retire case=00017 pc=0x80000f14 opcode=addi x10=0x80000e8d
000000410 RUNTIME_ONLY neutral retire case=00017 pc=0x80000f18 opcode=lw x11=0x80000e82
000000411 RUNTIME_ONLY neutral retire case=00017 pc=0x80000f1c opcode=sw x12=0x80000e87
000000412 RUNTIME_ONLY neutral retire case=00017 pc=0x80000f20 opcode=beq x13=0x80000ebc
000000413 RUNTIME_ONLY neutral retire case=00017 pc=0x80000f24 opcode=csrrw x14=0x80000eb9
000000414 RUNTIME_ONLY neutral retire case=00017 pc=0x80000f28 opcode=xor x15=0x80000eb6
000000415 RUNTIME_ONLY neutral retire case=00017 pc=0x80000f2c opcode=addi x16=0x80000eb3
000000416 RUNTIME_ONLY neutral retire case=00017 pc=0x80000f30 opcode=lw x17=0x80000e90
000000417 RUNTIME_ONLY neutral retire case=00017 pc=0x80000f34 opcode=sw x18=0x80000e95
000000418 RUNTIME_ONLY neutral retire case=00017 pc=0x80000f38 opcode=beq x19=0x80000e9a
000000419 RUNTIME_ONLY neutral retire case=00017 pc=0x80000f3c opcode=csrrw x20=0x80000e9f
000000420 RUNTIME_ONLY neutral retire case=00017 pc=0x80000f40 opcode=xor x21=0x80000ee4
000000421 RUNTIME_ONLY neutral retire case=00017 pc=0x80000f44 opcode=addi x22=0x80000ee1
000000422 RUNTIME_ONLY neutral retire case=00017 pc=0x80000f48 opcode=lw x23=0x80000eee
000000423 RUNTIME_ONLY neutral retire case=00017 pc=0x80000f4c opcode=sw x24=0x80000eeb
000000424 RUNTIME_ONLY neutral retire case=00017 pc=0x80000f50 opcode=beq x25=0x80000ef8
000000425 RUNTIME_ONLY neutral retire case=00017 pc=0x80000f54 opcode=csrrw x26=0x80000efd
000000426 RUNTIME_ONLY neutral retire case=00017 pc=0x80000f58 opcode=xor x27=0x80000ef2
000000427 RUNTIME_ONLY neutral retire case=00017 pc=0x80000f5c opcode=addi x28=0x80000ef7
000000428 RUNTIME_ONLY neutral retire case=00017 pc=0x80000f60 opcode=lw x29=0x80000ecc
000000429 RUNTIME_ONLY neutral retire case=00017 pc=0x80000f64 opcode=sw x30=0x80000ec9
000000430 RUNTIME_ONLY neutral retire case=00017 pc=0x80000f68 opcode=beq x31=0x80000ec6
000000431 RUNTIME_ONLY neutral retire case=00017 pc=0x80000f6c opcode=csrrw x0=0x80000ec3
000000432 RUNTIME_ONLY neutral retire case=00017 pc=0x80000f70 opcode=xor x1=0x80000ec0
000000433 RUNTIME_ONLY neutral retire case=00017 pc=0x80000f74 opcode=addi x2=0x80000ec5
000000434 RUNTIME_ONLY neutral retire case=00017 pc=0x80000f78 opcode=lw x3=0x80000eca
000000435 RUNTIME_ONLY neutral retire case=00017 pc=0x80000f7c opcode=sw x4=0x80000ecf
000000436 RUNTIME_ONLY neutral retire case=00017 pc=0x80000f80 opcode=beq x5=0x80000e34
000000437 RUNTIME_ONLY neutral retire case=00017 pc=0x80000f84 opcode=csrrw x6=0x80000e31
000000438 RUNTIME_ONLY neutral retire case=00017 pc=0x80000f88 opcode=xor x7=0x80000e3e
000000439 RUNTIME_ONLY neutral retire case=00017 pc=0x80000f8c opcode=addi x8=0x80000e3b
000000440 RUNTIME_ONLY neutral retire case=00017 pc=0x80000f90 opcode=lw x9=0x80000e28
000000441 RUNTIME_ONLY neutral retire case=00017 pc=0x80000f94 opcode=sw x10=0x80000e2d
000000442 RUNTIME_ONLY neutral retire case=00017 pc=0x80000f98 opcode=beq x11=0x80000e22
000000443 RUNTIME_ONLY neutral retire case=00017 pc=0x80000f9c opcode=csrrw x12=0x80000e27
000000444 RUNTIME_ONLY neutral retire case=00017 pc=0x80000fa0 opcode=xor x13=0x80000e1c
000000445 RUNTIME_ONLY neutral retire case=00017 pc=0x80000fa4 opcode=addi x14=0x80000e19
000000446 RUNTIME_ONLY neutral retire case=00017 pc=0x80000fa8 opcode=lw x15=0x80000e16
000000447 RUNTIME_ONLY neutral retire case=00017 pc=0x80000fac opcode=sw x16=0x80000e13
000000448 RUNTIME_ONLY neutral retire case=00017 pc=0x80000fb0 opcode=beq x17=0x80000e70
000000449 RUNTIME_ONLY neutral retire case=00017 pc=0x80000fb4 opcode=csrrw x18=0x80000e75
000000450 RUNTIME_ONLY neutral retire case=00017 pc=0x80000fb8 opcode=xor x19=0x80000e7a
000000451 RUNTIME_ONLY neutral retire case=00017 pc=0x80000fbc opcode=addi x20=0x80000e7f
000000452 RUNTIME_ONLY neutral retire case=00017 pc=0x80000fc0 opcode=lw x21=0x80000e04
000000453 RUNTIME_ONLY neutral retire case=00017 pc=0x80000fc4 opcode=sw x22=0x80000e01
000000454 RUNTIME_ONLY neutral retire case=00017 pc=0x80000fc8 opcode=beq x23=0x80000e0e
000000455 RUNTIME_ONLY neutral retire case=00017 pc=0x80000fcc opcode=csrrw x24=0x80000e0b
000000456 RUNTIME_ONLY neutral retire case=00017 pc=0x80000fd0 opcode=xor x25=0x80000e18
000000457 RUNTIME_ONLY neutral retire case=00017 pc=0x80000fd4 opcode=addi x26=0x80000e1d
000000458 RUNTIME_ONLY neutral retire case=00017 pc=0x80000fd8 opcode=lw x27=0x80000e12
000000459 RUNTIME_ONLY neutral retire case=00017 pc=0x80000fdc opcode=sw x28=0x80000e17
000000460 RUNTIME_ONLY neutral retire case=00017 pc=0x80000fe0 opcode=beq x29=0x80000e2c
000000461 RUNTIME_ONLY neutral retire case=00017 pc=0x80000fe4 opcode=csrrw x30=0x80000e29
000000462 RUNTIME_ONLY neutral retire case=00017 pc=0x80000fe8 opcode=xor x31=0x80000e26
000000463 RUNTIME_ONLY neutral retire case=00017 pc=0x80000fec opcode=addi x0=0x80000e23
000000464 RUNTIME_ONLY neutral retire case=00017 pc=0x80000ff0 opcode=lw x1=0x80000e20
000000465 RUNTIME_ONLY neutral retire case=00017 pc=0x80000ff4 opcode=sw x2=0x80000e25
000000466 RUNTIME_ONLY neutral retire case=00017 pc=0x80000ff8 opcode=beq x3=0x80000e2a
000000467 RUNTIME_ONLY neutral retire case=00017 pc=0x80000ffc opcode=csrrw x4=0x80000e2f
000000468 RUNTIME_ONLY neutral retire case=00017 pc=0x80001000 opcode=xor x5=0x800011d4
000000469 RUNTIME_ONLY neutral retire case=00017 pc=0x80001004 opcode=addi x6=0x800011d1
000000470 RUNTIME_ONLY neutral retire case=00017 pc=0x80001008 opcode=lw x7=0x800011de
000000471 RUNTIME_ONLY neutral retire case=00017 pc=0x8000100c opcode=sw x8=0x800011db
000000472 RUNTIME_ONLY neutral retire case=00017 pc=0x80001010 opcode=beq x9=0x800011c8
000000473 RUNTIME_ONLY neutral retire case=00017 pc=0x80001014 opcode=csrrw x10=0x800011cd
000000474 RUNTIME_ONLY neutral retire case=00017 pc=0x80001018 opcode=xor x11=0x800011c2
000000475 RUNTIME_ONLY neutral retire case=00017 pc=0x8000101c opcode=addi x12=0x800011c7
000000476 RUNTIME_ONLY neutral retire case=00017 pc=0x80001020 opcode=lw x13=0x800011fc
000000477 RUNTIME_ONLY neutral retire case=00017 pc=0x80001024 opcode=sw x14=0x800011f9
000000478 RUNTIME_ONLY neutral retire case=00017 pc=0x80001028 opcode=beq x15=0x800011f6
000000479 RUNTIME_ONLY neutral retire case=00017 pc=0x8000102c opcode=csrrw x16=0x800011f3
000000480 RUNTIME_ONLY neutral retire case=00017 pc=0x80001030 opcode=xor x17=0x800011d0
000000481 RUNTIME_ONLY neutral retire case=00017 pc=0x80001034 opcode=addi x18=0x800011d5
000000482 RUNTIME_ONLY neutral retire case=00017 pc=0x80001038 opcode=lw x19=0x800011da
000000483 RUNTIME_ONLY neutral retire case=00017 pc=0x8000103c opcode=sw x20=0x800011df
000000484 RUNTIME_ONLY neutral retire case=00017 pc=0x80001040 opcode=beq x21=0x800011a4
000000485 RUNTIME_ONLY neutral retire case=00017 pc=0x80001044 opcode=csrrw x22=0x800011a1
000000486 RUNTIME_ONLY neutral retire case=00017 pc=0x80001048 opcode=xor x23=0x800011ae
000000487 RUNTIME_ONLY neutral retire case=00017 pc=0x8000104c opcode=addi x24=0x800011ab
000000488 RUNTIME_ONLY neutral retire case=00017 pc=0x80001050 opcode=lw x25=0x800011b8
000000489 RUNTIME_ONLY neutral retire case=00017 pc=0x80001054 opcode=sw x26=0x800011bd
000000490 RUNTIME_ONLY neutral retire case=00017 pc=0x80001058 opcode=beq x27=0x800011b2
000000491 RUNTIME_ONLY neutral retire case=00017 pc=0x8000105c opcode=csrrw x28=0x800011b7
000000492 RUNTIME_ONLY neutral retire case=00017 pc=0x80001060 opcode=xor x29=0x8000118c
000000493 RUNTIME_ONLY neutral retire case=00017 pc=0x80001064 opcode=addi x30=0x80001189
000000494 RUNTIME_ONLY neutral retire case=00017 pc=0x80001068 opcode=lw x31=0x80001186
000000495 RUNTIME_ONLY neutral retire case=00017 pc=0x8000106c opcode=sw x0=0x80001183
000000496 RUNTIME_ONLY neutral retire case=00017 pc=0x80001070 opcode=beq x1=0x80001180
000000497 RUNTIME_ONLY neutral retire case=00017 pc=0x80001074 opcode=csrrw x2=0x80001185
000000498 RUNTIME_ONLY neutral retire case=00017 pc=0x80001078 opcode=xor x3=0x8000118a
000000499 RUNTIME_ONLY neutral retire case=00017 pc=0x8000107c opcode=addi x4=0x8000118f
000000500 RUNTIME_ONLY neutral retire case=00017 pc=0x80001080 opcode=lw x5=0x80001174
000000501 RUNTIME_ONLY neutral retire case=00017 pc=0x80001084 opcode=sw x6=0x80001171
000000502 RUNTIME_ONLY neutral retire case=00017 pc=0x80001088 opcode=beq x7=0x8000117e
000000503 RUNTIME_ONLY neutral retire case=00017 pc=0x8000108c opcode=csrrw x8=0x8000117b
000000504 RUNTIME_ONLY neutral retire case=00017 pc=0x80001090 opcode=xor x9=0x80001168
000000505 RUNTIME_ONLY neutral retire case=00017 pc=0x80001094 opcode=addi x10=0x8000116d
000000506 RUNTIME_ONLY neutral retire case=00017 pc=0x80001098 opcode=lw x11=0x80001162
000000507 RUNTIME_ONLY neutral retire case=00017 pc=0x8000109c opcode=sw x12=0x80001167
000000508 RUNTIME_ONLY neutral retire case=00017 pc=0x800010a0 opcode=beq x13=0x8000115c
000000509 RUNTIME_ONLY neutral retire case=00017 pc=0x800010a4 opcode=csrrw x14=0x80001159
000000510 RUNTIME_ONLY neutral retire case=00017 pc=0x800010a8 opcode=xor x15=0x80001156
000000511 RUNTIME_ONLY neutral retire case=00017 pc=0x800010ac opcode=addi x16=0x80001153
000000512 RUNTIME_ONLY neutral retire case=00017 pc=0x800010b0 opcode=lw x17=0x800012b0
000000513 RUNTIME_ONLY neutral retire case=00017 pc=0x800010b4 opcode=sw x18=0x800012b5
000000514 RUNTIME_ONLY neutral retire case=00017 pc=0x800010b8 opcode=beq x19=0x800012ba
000000515 RUNTIME_ONLY neutral retire case=00017 pc=0x800010bc opcode=csrrw x20=0x800012bf
000000516 RUNTIME_ONLY neutral retire case=00017 pc=0x800010c0 opcode=xor x21=0x800012c4
000000517 RUNTIME_ONLY neutral retire case=00017 pc=0x800010c4 opcode=addi x22=0x800012c1
000000518 RUNTIME_ONLY neutral retire case=00017 pc=0x800010c8 opcode=lw x23=0x800012ce
000000519 RUNTIME_ONLY neutral retire case=00017 pc=0x800010cc opcode=sw x24=0x800012cb
000000520 RUNTIME_ONLY neutral retire case=00017 pc=0x800010d0 opcode=beq x25=0x800012d8
000000521 RUNTIME_ONLY neutral retire case=00017 pc=0x800010d4 opcode=csrrw x26=0x800012dd
000000522 RUNTIME_ONLY neutral retire case=00017 pc=0x800010d8 opcode=xor x27=0x800012d2
000000523 RUNTIME_ONLY neutral retire case=00017 pc=0x800010dc opcode=addi x28=0x800012d7
000000524 RUNTIME_ONLY neutral retire case=00017 pc=0x800010e0 opcode=lw x29=0x800012ec
000000525 RUNTIME_ONLY neutral retire case=00017 pc=0x800010e4 opcode=sw x30=0x800012e9
000000526 RUNTIME_ONLY neutral retire case=00017 pc=0x800010e8 opcode=beq x31=0x800012e6
000000527 RUNTIME_ONLY neutral retire case=00017 pc=0x800010ec opcode=csrrw x0=0x800012e3
000000528 RUNTIME_ONLY neutral retire case=00017 pc=0x800010f0 opcode=xor x1=0x800012e0
000000529 RUNTIME_ONLY neutral retire case=00017 pc=0x800010f4 opcode=addi x2=0x800012e5
000000530 RUNTIME_ONLY neutral retire case=00017 pc=0x800010f8 opcode=lw x3=0x800012ea
000000531 RUNTIME_ONLY neutral retire case=00017 pc=0x800010fc opcode=sw x4=0x800012ef
000000532 RUNTIME_ONLY neutral retire case=00017 pc=0x80001100 opcode=beq x5=0x80001314
000000533 RUNTIME_ONLY neutral retire case=00017 pc=0x80001104 opcode=csrrw x6=0x80001311
000000534 RUNTIME_ONLY neutral retire case=00017 pc=0x80001108 opcode=xor x7=0x8000131e
000000535 RUNTIME_ONLY neutral retire case=00017 pc=0x8000110c opcode=addi x8=0x8000131b
000000536 RUNTIME_ONLY neutral retire case=00017 pc=0x80001110 opcode=lw x9=0x80001308
000000537 RUNTIME_ONLY neutral retire case=00017 pc=0x80001114 opcode=sw x10=0x8000130d
000000538 RUNTIME_ONLY neutral retire case=00017 pc=0x80001118 opcode=beq x11=0x80001302
000000539 RUNTIME_ONLY neutral retire case=00017 pc=0x8000111c opcode=csrrw x12=0x80001307
000000540 RUNTIME_ONLY neutral retire case=00017 pc=0x80001120 opcode=xor x13=0x8000133c
000000541 RUNTIME_ONLY neutral retire case=00017 pc=0x80001124 opcode=addi x14=0x80001339
000000542 RUNTIME_ONLY neutral retire case=00017 pc=0x80001128 opcode=lw x15=0x80001336
000000543 RUNTIME_ONLY neutral retire case=00017 pc=0x8000112c opcode=sw x16=0x80001333
000000544 RUNTIME_ONLY neutral retire case=00017 pc=0x80001130 opcode=beq x17=0x80001310
000000545 RUNTIME_ONLY neutral retire case=00017 pc=0x80001134 opcode=csrrw x18=0x80001315
000000546 RUNTIME_ONLY neutral retire case=00017 pc=0x80001138 opcode=xor x19=0x8000131a
000000547 RUNTIME_ONLY neutral retire case=00017 pc=0x8000113c opcode=addi x20=0x8000131f
000000548 RUNTIME_ONLY neutral retire case=00017 pc=0x80001140 opcode=lw x21=0x80001364
000000549 RUNTIME_ONLY neutral retire case=00017 pc=0x80001144 opcode=sw x22=0x80001361
000000550 RUNTIME_ONLY neutral retire case=00017 pc=0x80001148 opcode=beq x23=0x8000136e
000000551 RUNTIME_ONLY neutral retire case=00017 pc=0x8000114c opcode=csrrw x24=0x8000136b
000000552 RUNTIME_ONLY neutral retire case=00017 pc=0x80001150 opcode=xor x25=0x80001378
000000553 RUNTIME_ONLY neutral retire case=00017 pc=0x80001154 opcode=addi x26=0x8000137d
000000554 RUNTIME_ONLY neutral retire case=00017 pc=0x80001158 opcode=lw x27=0x80001372
000000555 RUNTIME_ONLY neutral retire case=00017 pc=0x8000115c opcode=sw x28=0x80001377
000000556 RUNTIME_ONLY neutral retire case=00017 pc=0x80001160 opcode=beq x29=0x8000134c
000000557 RUNTIME_ONLY neutral retire case=00017 pc=0x80001164 opcode=csrrw x30=0x80001349
000000558 RUNTIME_ONLY neutral retire case=00017 pc=0x80001168 opcode=xor x31=0x80001346
000000559 RUNTIME_ONLY neutral retire case=00017 pc=0x8000116c opcode=addi x0=0x80001343
000000560 RUNTIME_ONLY neutral retire case=00017 pc=0x80001170 opcode=lw x1=0x80001340
000000561 RUNTIME_ONLY neutral retire case=00017 pc=0x80001174 opcode=sw x2=0x80001345
000000562 RUNTIME_ONLY neutral retire case=00017 pc=0x80001178 opcode=beq x3=0x8000134a
000000563 RUNTIME_ONLY neutral retire case=00017 pc=0x8000117c opcode=csrrw x4=0x8000134f
000000564 RUNTIME_ONLY neutral retire case=00017 pc=0x80001180 opcode=xor x5=0x800013b4
000000565 RUNTIME_ONLY neutral retire case=00017 pc=0x80001184 opcode=addi x6=0x800013b1
000000566 RUNTIME_ONLY neutral retire case=00017 pc=0x80001188 opcode=lw x7=0x800013be
000000567 RUNTIME_ONLY neutral retire case=00017 pc=0x8000118c opcode=sw x8=0x800013bb
000000568 RUNTIME_ONLY neutral retire case=00017 pc=0x80001190 opcode=beq x9=0x800013a8
000000569 RUNTIME_ONLY neutral retire case=00017 pc=0x80001194 opcode=csrrw x10=0x800013ad
000000570 RUNTIME_ONLY neutral retire case=00017 pc=0x80001198 opcode=xor x11=0x800013a2
000000571 RUNTIME_ONLY neutral retire case=00017 pc=0x8000119c opcode=addi x12=0x800013a7
000000572 RUNTIME_ONLY neutral retire case=00017 pc=0x800011a0 opcode=lw x13=0x8000139c
000000573 RUNTIME_ONLY neutral retire case=00017 pc=0x800011a4 opcode=sw x14=0x80001399
000000574 RUNTIME_ONLY neutral retire case=00017 pc=0x800011a8 opcode=beq x15=0x80001396
000000575 RUNTIME_ONLY neutral retire case=00017 pc=0x800011ac opcode=csrrw x16=0x80001393
000000576 RUNTIME_ONLY neutral retire case=00017 pc=0x800011b0 opcode=xor x17=0x800013f0
000000577 RUNTIME_ONLY neutral retire case=00017 pc=0x800011b4 opcode=addi x18=0x800013f5
000000578 RUNTIME_ONLY neutral retire case=00017 pc=0x800011b8 opcode=lw x19=0x800013fa
000000579 RUNTIME_ONLY neutral retire case=00017 pc=0x800011bc opcode=sw x20=0x800013ff
000000580 RUNTIME_ONLY neutral retire case=00017 pc=0x800011c0 opcode=beq x21=0x80001384
000000581 RUNTIME_ONLY neutral retire case=00017 pc=0x800011c4 opcode=csrrw x22=0x80001381
000000582 RUNTIME_ONLY neutral retire case=00017 pc=0x800011c8 opcode=xor x23=0x8000138e
000000583 RUNTIME_ONLY neutral retire case=00017 pc=0x800011cc opcode=addi x24=0x8000138b
000000584 RUNTIME_ONLY neutral retire case=00017 pc=0x800011d0 opcode=lw x25=0x80001398
000000585 RUNTIME_ONLY neutral retire case=00017 pc=0x800011d4 opcode=sw x26=0x8000139d
000000586 RUNTIME_ONLY neutral retire case=00017 pc=0x800011d8 opcode=beq x27=0x80001392
000000587 RUNTIME_ONLY neutral retire case=00017 pc=0x800011dc opcode=csrrw x28=0x80001397
000000588 RUNTIME_ONLY neutral retire case=00017 pc=0x800011e0 opcode=xor x29=0x800013ac
000000589 RUNTIME_ONLY neutral retire case=00017 pc=0x800011e4 opcode=addi x30=0x800013a9
000000590 RUNTIME_ONLY neutral retire case=00017 pc=0x800011e8 opcode=lw x31=0x800013a6
000000591 RUNTIME_ONLY neutral retire case=00017 pc=0x800011ec opcode=sw x0=0x800013a3
000000592 RUNTIME_ONLY neutral retire case=00017 pc=0x800011f0 opcode=beq x1=0x800013a0
000000593 RUNTIME_ONLY neutral retire case=00017 pc=0x800011f4 opcode=csrrw x2=0x800013a5
000000594 RUNTIME_ONLY neutral retire case=00017 pc=0x800011f8 opcode=xor x3=0x800013aa
000000595 RUNTIME_ONLY neutral retire case=00017 pc=0x800011fc opcode=addi x4=0x800013af
000000596 RUNTIME_ONLY neutral retire case=00017 pc=0x80001200 opcode=lw x5=0x80001054
000000597 RUNTIME_ONLY neutral retire case=00017 pc=0x80001204 opcode=sw x6=0x80001051
000000598 RUNTIME_ONLY neutral retire case=00017 pc=0x80001208 opcode=beq x7=0x8000105e
000000599 RUNTIME_ONLY neutral retire case=00017 pc=0x8000120c opcode=csrrw x8=0x8000105b
000000600 RUNTIME_ONLY neutral retire case=00017 pc=0x80001210 opcode=xor x9=0x80001048
000000601 RUNTIME_ONLY neutral retire case=00017 pc=0x80001214 opcode=addi x10=0x8000104d
000000602 RUNTIME_ONLY neutral retire case=00017 pc=0x80001218 opcode=lw x11=0x80001042
000000603 RUNTIME_ONLY neutral retire case=00017 pc=0x8000121c opcode=sw x12=0x80001047
000000604 RUNTIME_ONLY neutral retire case=00017 pc=0x80001220 opcode=beq x13=0x8000107c
000000605 RUNTIME_ONLY neutral retire case=00017 pc=0x80001224 opcode=csrrw x14=0x80001079
000000606 RUNTIME_ONLY neutral retire case=00017 pc=0x80001228 opcode=xor x15=0x80001076
000000607 RUNTIME_ONLY neutral retire case=00017 pc=0x8000122c opcode=addi x16=0x80001073
000000608 RUNTIME_ONLY neutral retire case=00017 pc=0x80001230 opcode=lw x17=0x80001050
000000609 RUNTIME_ONLY neutral retire case=00017 pc=0x80001234 opcode=sw x18=0x80001055
000000610 RUNTIME_ONLY neutral retire case=00017 pc=0x80001238 opcode=beq x19=0x8000105a
000000611 RUNTIME_ONLY neutral retire case=00017 pc=0x8000123c opcode=csrrw x20=0x8000105f
000000612 RUNTIME_ONLY neutral retire case=00017 pc=0x80001240 opcode=xor x21=0x80001024
000000613 RUNTIME_ONLY neutral retire case=00017 pc=0x80001244 opcode=addi x22=0x80001021
000000614 RUNTIME_ONLY neutral retire case=00017 pc=0x80001248 opcode=lw x23=0x8000102e
000000615 RUNTIME_ONLY neutral retire case=00017 pc=0x8000124c opcode=sw x24=0x8000102b
000000616 RUNTIME_ONLY neutral retire case=00017 pc=0x80001250 opcode=beq x25=0x80001038
000000617 RUNTIME_ONLY neutral retire case=00017 pc=0x80001254 opcode=csrrw x26=0x8000103d
000000618 RUNTIME_ONLY neutral retire case=00017 pc=0x80001258 opcode=xor x27=0x80001032
000000619 RUNTIME_ONLY neutral retire case=00017 pc=0x8000125c opcode=addi x28=0x80001037
000000620 RUNTIME_ONLY neutral retire case=00017 pc=0x80001260 opcode=lw x29=0x8000100c
000000621 RUNTIME_ONLY neutral retire case=00017 pc=0x80001264 opcode=sw x30=0x80001009
000000622 RUNTIME_ONLY neutral retire case=00017 pc=0x80001268 opcode=beq x31=0x80001006
000000623 RUNTIME_ONLY neutral retire case=00017 pc=0x8000126c opcode=csrrw x0=0x80001003
000000624 RUNTIME_ONLY neutral retire case=00017 pc=0x80001270 opcode=xor x1=0x80001000
000000625 RUNTIME_ONLY neutral retire case=00017 pc=0x80001274 opcode=addi x2=0x80001005
000000626 RUNTIME_ONLY neutral retire case=00017 pc=0x80001278 opcode=lw x3=0x8000100a
000000627 RUNTIME_ONLY neutral retire case=00017 pc=0x8000127c opcode=sw x4=0x8000100f
000000628 RUNTIME_ONLY neutral retire case=00017 pc=0x80001280 opcode=beq x5=0x800010f4
000000629 RUNTIME_ONLY neutral retire case=00017 pc=0x80001284 opcode=csrrw x6=0x800010f1
000000630 RUNTIME_ONLY neutral retire case=00017 pc=0x80001288 opcode=xor x7=0x800010fe
000000631 RUNTIME_ONLY neutral retire case=00017 pc=0x8000128c opcode=addi x8=0x800010fb
000000632 RUNTIME_ONLY neutral retire case=00017 pc=0x80001290 opcode=lw x9=0x800010e8
000000633 RUNTIME_ONLY neutral retire case=00017 pc=0x80001294 opcode=sw x10=0x800010ed
000000634 RUNTIME_ONLY neutral retire case=00017 pc=0x80001298 opcode=beq x11=0x800010e2
000000635 RUNTIME_ONLY neutral retire case=00017 pc=0x8000129c opcode=csrrw x12=0x800010e7
000000636 RUNTIME_ONLY neutral retire case=00017 pc=0x800012a0 opcode=xor x13=0x800010dc
000000637 RUNTIME_ONLY neutral retire case=00017 pc=0x800012a4 opcode=addi x14=0x800010d9
000000638 RUNTIME_ONLY neutral retire case=00017 pc=0x800012a8 opcode=lw x15=0x800010d6
000000639 RUNTIME_ONLY neutral retire case=00017 pc=0x800012ac opcode=sw x16=0x800010d3
000000640 RUNTIME_ONLY neutral retire case=00017 pc=0x800012b0 opcode=beq x17=0x80001030
000000641 RUNTIME_ONLY neutral retire case=00017 pc=0x800012b4 opcode=csrrw x18=0x80001035
000000642 RUNTIME_ONLY neutral retire case=00017 pc=0x800012b8 opcode=xor x19=0x8000103a
000000643 RUNTIME_ONLY neutral retire case=00017 pc=0x800012bc opcode=addi x20=0x8000103f
000000644 RUNTIME_ONLY neutral retire case=00017 pc=0x800012c0 opcode=lw x21=0x80001044
000000645 RUNTIME_ONLY neutral retire case=00017 pc=0x800012c4 opcode=sw x22=0x80001041
000000646 RUNTIME_ONLY neutral retire case=00017 pc=0x800012c8 opcode=beq x23=0x8000104e
000000647 RUNTIME_ONLY neutral retire case=00017 pc=0x800012cc opcode=csrrw x24=0x8000104b
000000648 RUNTIME_ONLY neutral retire case=00017 pc=0x800012d0 opcode=xor x25=0x80001058
000000649 RUNTIME_ONLY neutral retire case=00017 pc=0x800012d4 opcode=addi x26=0x8000105d
000000650 RUNTIME_ONLY neutral retire case=00017 pc=0x800012d8 opcode=lw x27=0x80001052
000000651 RUNTIME_ONLY neutral retire case=00017 pc=0x800012dc opcode=sw x28=0x80001057
000000652 RUNTIME_ONLY neutral retire case=00017 pc=0x800012e0 opcode=beq x29=0x8000106c
000000653 RUNTIME_ONLY neutral retire case=00017 pc=0x800012e4 opcode=csrrw x30=0x80001069
000000654 RUNTIME_ONLY neutral retire case=00017 pc=0x800012e8 opcode=xor x31=0x80001066
000000655 RUNTIME_ONLY neutral retire case=00017 pc=0x800012ec opcode=addi x0=0x80001063
000000656 RUNTIME_ONLY neutral retire case=00017 pc=0x800012f0 opcode=lw x1=0x80001060
000000657 RUNTIME_ONLY neutral retire case=00017 pc=0x800012f4 opcode=sw x2=0x80001065
000000658 RUNTIME_ONLY neutral retire case=00017 pc=0x800012f8 opcode=beq x3=0x8000106a
000000659 RUNTIME_ONLY neutral retire case=00017 pc=0x800012fc opcode=csrrw x4=0x8000106f
000000660 RUNTIME_ONLY neutral retire case=00017 pc=0x80001300 opcode=xor x5=0x80001194
000000661 RUNTIME_ONLY neutral retire case=00017 pc=0x80001304 opcode=addi x6=0x80001191
000000662 RUNTIME_ONLY neutral retire case=00017 pc=0x80001308 opcode=lw x7=0x8000119e
000000663 RUNTIME_ONLY neutral retire case=00017 pc=0x8000130c opcode=sw x8=0x8000119b
000000664 RUNTIME_ONLY neutral retire case=00017 pc=0x80001310 opcode=beq x9=0x80001188
000000665 RUNTIME_ONLY neutral retire case=00017 pc=0x80001314 opcode=csrrw x10=0x8000118d
000000666 RUNTIME_ONLY neutral retire case=00017 pc=0x80001318 opcode=xor x11=0x80001182
000000667 RUNTIME_ONLY neutral retire case=00017 pc=0x8000131c opcode=addi x12=0x80001187
000000668 RUNTIME_ONLY neutral retire case=00017 pc=0x80001320 opcode=lw x13=0x800011bc
000000669 RUNTIME_ONLY neutral retire case=00017 pc=0x80001324 opcode=sw x14=0x800011b9
000000670 RUNTIME_ONLY neutral retire case=00017 pc=0x80001328 opcode=beq x15=0x800011b6
000000671 RUNTIME_ONLY neutral retire case=00017 pc=0x8000132c opcode=csrrw x16=0x800011b3
000000672 RUNTIME_ONLY neutral retire case=00017 pc=0x80001330 opcode=xor x17=0x80001190
000000673 RUNTIME_ONLY neutral retire case=00017 pc=0x80001334 opcode=addi x18=0x80001195
000000674 RUNTIME_ONLY neutral retire case=00017 pc=0x80001338 opcode=lw x19=0x8000119a
000000675 RUNTIME_ONLY neutral retire case=00017 pc=0x8000133c opcode=sw x20=0x8000119f
000000676 RUNTIME_ONLY neutral retire case=00017 pc=0x80001340 opcode=beq x21=0x800011e4
000000677 RUNTIME_ONLY neutral retire case=00017 pc=0x80001344 opcode=csrrw x22=0x800011e1
000000678 RUNTIME_ONLY neutral retire case=00017 pc=0x80001348 opcode=xor x23=0x800011ee
000000679 RUNTIME_ONLY neutral retire case=00017 pc=0x8000134c opcode=addi x24=0x800011eb
000000680 RUNTIME_ONLY neutral retire case=00017 pc=0x80001350 opcode=lw x25=0x800011f8
000000681 RUNTIME_ONLY neutral retire case=00017 pc=0x80001354 opcode=sw x26=0x800011fd
000000682 RUNTIME_ONLY neutral retire case=00017 pc=0x80001358 opcode=beq x27=0x800011f2
000000683 RUNTIME_ONLY neutral retire case=00017 pc=0x8000135c opcode=csrrw x28=0x800011f7
000000684 RUNTIME_ONLY neutral retire case=00017 pc=0x80001360 opcode=xor x29=0x800011cc
000000685 RUNTIME_ONLY neutral retire case=00017 pc=0x80001364 opcode=addi x30=0x800011c9
000000686 RUNTIME_ONLY neutral retire case=00017 pc=0x80001368 opcode=lw x31=0x800011c6
000000687 RUNTIME_ONLY neutral retire case=00017 pc=0x8000136c opcode=sw x0=0x800011c3
000000688 RUNTIME_ONLY neutral retire case=00017 pc=0x80001370 opcode=beq x1=0x800011c0
000000689 RUNTIME_ONLY neutral retire case=00017 pc=0x80001374 opcode=csrrw x2=0x800011c5
000000690 RUNTIME_ONLY neutral retire case=00017 pc=0x80001378 opcode=xor x3=0x800011ca
000000691 RUNTIME_ONLY neutral retire case=00017 pc=0x8000137c opcode=addi x4=0x800011cf
000000692 RUNTIME_ONLY neutral retire case=00017 pc=0x80001380 opcode=lw x5=0x80001134
000000693 RUNTIME_ONLY neutral retire case=00017 pc=0x80001384 opcode=sw x6=0x80001131
000000694 RUNTIME_ONLY neutral retire case=00017 pc=0x80001388 opcode=beq x7=0x8000113e
000000695 RUNTIME_ONLY neutral retire case=00017 pc=0x8000138c opcode=csrrw x8=0x8000113b
000000696 RUNTIME_ONLY neutral retire case=00017 pc=0x80001390 opcode=xor x9=0x80001128
000000697 RUNTIME_ONLY neutral retire case=00017 pc=0x80001394 opcode=addi x10=0x8000112d
000000698 RUNTIME_ONLY neutral retire case=00017 pc=0x80001398 opcode=lw x11=0x80001122
000000699 RUNTIME_ONLY neutral retire case=00017 pc=0x8000139c opcode=sw x12=0x80001127
000000700 RUNTIME_ONLY neutral retire case=00017 pc=0x800013a0 opcode=beq x13=0x8000111c
000000701 RUNTIME_ONLY neutral retire case=00017 pc=0x800013a4 opcode=csrrw x14=0x80001119
000000702 RUNTIME_ONLY neutral retire case=00017 pc=0x800013a8 opcode=xor x15=0x80001116
000000703 RUNTIME_ONLY neutral retire case=00017 pc=0x800013ac opcode=addi x16=0x80001113
000000704 RUNTIME_ONLY neutral retire case=00017 pc=0x800013b0 opcode=lw x17=0x80001170
000000705 RUNTIME_ONLY neutral retire case=00017 pc=0x800013b4 opcode=sw x18=0x80001175
000000706 RUNTIME_ONLY neutral retire case=00017 pc=0x800013b8 opcode=beq x19=0x8000117a
000000707 RUNTIME_ONLY neutral retire case=00017 pc=0x800013bc opcode=csrrw x20=0x8000117f
000000708 RUNTIME_ONLY neutral retire case=00017 pc=0x800013c0 opcode=xor x21=0x80001104
000000709 RUNTIME_ONLY neutral retire case=00017 pc=0x800013c4 opcode=addi x22=0x80001101
000000710 RUNTIME_ONLY neutral retire case=00017 pc=0x800013c8 opcode=lw x23=0x8000110e
000000711 RUNTIME_ONLY neutral retire case=00017 pc=0x800013cc opcode=sw x24=0x8000110b
000000712 RUNTIME_ONLY neutral retire case=00017 pc=0x800013d0 opcode=beq x25=0x80001118
000000713 RUNTIME_ONLY neutral retire case=00017 pc=0x800013d4 opcode=csrrw x26=0x8000111d
000000714 RUNTIME_ONLY neutral retire case=00017 pc=0x800013d8 opcode=xor x27=0x80001112
000000715 RUNTIME_ONLY neutral retire case=00017 pc=0x800013dc opcode=addi x28=0x80001117
000000716 RUNTIME_ONLY neutral retire case=00017 pc=0x800013e0 opcode=lw x29=0x8000112c
000000717 RUNTIME_ONLY neutral retire case=00017 pc=0x800013e4 opcode=sw x30=0x80001129
000000718 RUNTIME_ONLY neutral retire case=00017 pc=0x800013e8 opcode=beq x31=0x80001126
000000719 RUNTIME_ONLY neutral retire case=00017 pc=0x800013ec opcode=csrrw x0=0x80001123
000000720 RUNTIME_ONLY neutral retire case=00017 pc=0x800013f0 opcode=xor x1=0x80001120
000000721 RUNTIME_ONLY neutral retire case=00017 pc=0x800013f4 opcode=addi x2=0x80001125
000000722 RUNTIME_ONLY neutral retire case=00017 pc=0x800013f8 opcode=lw x3=0x8000112a
000000723 RUNTIME_ONLY neutral retire case=00017 pc=0x800013fc opcode=sw x4=0x8000112f
000000724 RUNTIME_ONLY neutral retire case=00017 pc=0x80001400 opcode=beq x5=0x800016d4
000000725 RUNTIME_ONLY neutral retire case=00017 pc=0x80001404 opcode=csrrw x6=0x800016d1
000000726 RUNTIME_ONLY neutral retire case=00017 pc=0x80001408 opcode=xor x7=0x800016de
000000727 RUNTIME_ONLY neutral retire case=00017 pc=0x8000140c opcode=addi x8=0x800016db
000000728 RUNTIME_ONLY neutral retire case=00017 pc=0x80001410 opcode=lw x9=0x800016c8
000000729 RUNTIME_ONLY neutral retire case=00017 pc=0x80001414 opcode=sw x10=0x800016cd
000000730 RUNTIME_ONLY neutral retire case=00017 pc=0x80001418 opcode=beq x11=0x800016c2
000000731 RUNTIME_ONLY neutral retire case=00017 pc=0x8000141c opcode=csrrw x12=0x800016c7
000000732 RUNTIME_ONLY neutral retire case=00017 pc=0x80001420 opcode=xor x13=0x800016fc
000000733 RUNTIME_ONLY neutral retire case=00017 pc=0x80001424 opcode=addi x14=0x800016f9
000000734 RUNTIME_ONLY neutral retire case=00017 pc=0x80001428 opcode=lw x15=0x800016f6
000000735 RUNTIME_ONLY neutral retire case=00017 pc=0x8000142c opcode=sw x16=0x800016f3
000000736 RUNTIME_ONLY neutral retire case=00017 pc=0x80001430 opcode=beq x17=0x800016d0
000000737 RUNTIME_ONLY neutral retire case=00017 pc=0x80001434 opcode=csrrw x18=0x800016d5
000000738 RUNTIME_ONLY neutral retire case=00017 pc=0x80001438 opcode=xor x19=0x800016da
000000739 RUNTIME_ONLY neutral retire case=00017 pc=0x8000143c opcode=addi x20=0x800016df
000000740 RUNTIME_ONLY neutral retire case=00017 pc=0x80001440 opcode=lw x21=0x800016a4
000000741 RUNTIME_ONLY neutral retire case=00017 pc=0x80001444 opcode=sw x22=0x800016a1
000000742 RUNTIME_ONLY neutral retire case=00017 pc=0x80001448 opcode=beq x23=0x800016ae
000000743 RUNTIME_ONLY neutral retire case=00017 pc=0x8000144c opcode=csrrw x24=0x800016ab
000000744 RUNTIME_ONLY neutral retire case=00017 pc=0x80001450 opcode=xor x25=0x800016b8
000000745 RUNTIME_ONLY neutral retire case=00017 pc=0x80001454 opcode=addi x26=0x800016bd
000000746 RUNTIME_ONLY neutral retire case=00017 pc=0x80001458 opcode=lw x27=0x800016b2
000000747 RUNTIME_ONLY neutral retire case=00017 pc=0x8000145c opcode=sw x28=0x800016b7
000000748 RUNTIME_ONLY neutral retire case=00017 pc=0x80001460 opcode=beq x29=0x8000168c
000000749 RUNTIME_ONLY neutral retire case=00017 pc=0x80001464 opcode=csrrw x30=0x80001689
000000750 RUNTIME_ONLY neutral retire case=00017 pc=0x80001468 opcode=xor x31=0x80001686
000000751 RUNTIME_ONLY neutral retire case=00017 pc=0x8000146c opcode=addi x0=0x80001683
000000752 RUNTIME_ONLY neutral retire case=00017 pc=0x80001470 opcode=lw x1=0x80001680
000000753 RUNTIME_ONLY neutral retire case=00017 pc=0x80001474 opcode=sw x2=0x80001685
000000754 RUNTIME_ONLY neutral retire case=00017 pc=0x80001478 opcode=beq x3=0x8000168a
000000755 RUNTIME_ONLY neutral retire case=00017 pc=0x8000147c opcode=csrrw x4=0x8000168f
000000756 RUNTIME_ONLY neutral retire case=00017 pc=0x80001480 opcode=xor x5=0x80001674
000000757 RUNTIME_ONLY neutral retire case=00017 pc=0x80001484 opcode=addi x6=0x80001671
000000758 RUNTIME_ONLY neutral retire case=00017 pc=0x80001488 opcode=lw x7=0x8000167e
000000759 RUNTIME_ONLY neutral retire case=00017 pc=0x8000148c opcode=sw x8=0x8000167b
000000760 RUNTIME_ONLY neutral retire case=00017 pc=0x80001490 opcode=beq x9=0x80001668
000000761 RUNTIME_ONLY neutral retire case=00017 pc=0x80001494 opcode=csrrw x10=0x8000166d
000000762 RUNTIME_ONLY neutral retire case=00017 pc=0x80001498 opcode=xor x11=0x80001662
000000763 RUNTIME_ONLY neutral retire case=00017 pc=0x8000149c opcode=addi x12=0x80001667
000000764 RUNTIME_ONLY neutral retire case=00017 pc=0x800014a0 opcode=lw x13=0x8000165c
000000765 RUNTIME_ONLY neutral retire case=00017 pc=0x800014a4 opcode=sw x14=0x80001659
000000766 RUNTIME_ONLY neutral retire case=00017 pc=0x800014a8 opcode=beq x15=0x80001656
000000767 RUNTIME_ONLY neutral retire case=00017 pc=0x800014ac opcode=csrrw x16=0x80001653
000000768 RUNTIME_ONLY neutral retire case=00017 pc=0x800014b0 opcode=xor x17=0x800017b0
000000769 RUNTIME_ONLY neutral retire case=00017 pc=0x800014b4 opcode=addi x18=0x800017b5
000000770 RUNTIME_ONLY neutral retire case=00017 pc=0x800014b8 opcode=lw x19=0x800017ba
000000771 RUNTIME_ONLY neutral retire case=00017 pc=0x800014bc opcode=sw x20=0x800017bf
000000772 RUNTIME_ONLY neutral retire case=00017 pc=0x800014c0 opcode=beq x21=0x800017c4
000000773 RUNTIME_ONLY neutral retire case=00017 pc=0x800014c4 opcode=csrrw x22=0x800017c1
000000774 RUNTIME_ONLY neutral retire case=00017 pc=0x800014c8 opcode=xor x23=0x800017ce
000000775 RUNTIME_ONLY neutral retire case=00017 pc=0x800014cc opcode=addi x24=0x800017cb
000000776 RUNTIME_ONLY neutral retire case=00017 pc=0x800014d0 opcode=lw x25=0x800017d8
000000777 RUNTIME_ONLY neutral retire case=00017 pc=0x800014d4 opcode=sw x26=0x800017dd
000000778 RUNTIME_ONLY neutral retire case=00017 pc=0x800014d8 opcode=beq x27=0x800017d2
000000779 RUNTIME_ONLY neutral retire case=00017 pc=0x800014dc opcode=csrrw x28=0x800017d7
000000780 RUNTIME_ONLY neutral retire case=00017 pc=0x800014e0 opcode=xor x29=0x800017ec
000000781 RUNTIME_ONLY neutral retire case=00017 pc=0x800014e4 opcode=addi x30=0x800017e9
000000782 RUNTIME_ONLY neutral retire case=00017 pc=0x800014e8 opcode=lw x31=0x800017e6
000000783 RUNTIME_ONLY neutral retire case=00017 pc=0x800014ec opcode=sw x0=0x800017e3
000000784 RUNTIME_ONLY neutral retire case=00017 pc=0x800014f0 opcode=beq x1=0x800017e0
000000785 RUNTIME_ONLY neutral retire case=00017 pc=0x800014f4 opcode=csrrw x2=0x800017e5
000000786 RUNTIME_ONLY neutral retire case=00017 pc=0x800014f8 opcode=xor x3=0x800017ea
000000787 RUNTIME_ONLY neutral retire case=00017 pc=0x800014fc opcode=addi x4=0x800017ef
000000788 RUNTIME_ONLY neutral retire case=00017 pc=0x80001500 opcode=lw x5=0x80001614
000000789 RUNTIME_ONLY neutral retire case=00017 pc=0x80001504 opcode=sw x6=0x80001611
000000790 RUNTIME_ONLY neutral retire case=00017 pc=0x80001508 opcode=beq x7=0x8000161e
000000791 RUNTIME_ONLY neutral retire case=00017 pc=0x8000150c opcode=csrrw x8=0x8000161b
000000792 RUNTIME_ONLY neutral retire case=00017 pc=0x80001510 opcode=xor x9=0x80001608
000000793 RUNTIME_ONLY neutral retire case=00017 pc=0x80001514 opcode=addi x10=0x8000160d
000000794 RUNTIME_ONLY neutral retire case=00017 pc=0x80001518 opcode=lw x11=0x80001602
000000795 RUNTIME_ONLY neutral retire case=00017 pc=0x8000151c opcode=sw x12=0x80001607
000000796 RUNTIME_ONLY neutral retire case=00017 pc=0x80001520 opcode=beq x13=0x8000163c
000000797 RUNTIME_ONLY neutral retire case=00017 pc=0x80001524 opcode=csrrw x14=0x80001639
000000798 RUNTIME_ONLY neutral retire case=00017 pc=0x80001528 opcode=xor x15=0x80001636
000000799 RUNTIME_ONLY neutral retire case=00017 pc=0x8000152c opcode=addi x16=0x80001633
000000800 RUNTIME_ONLY neutral retire case=00017 pc=0x80001530 opcode=lw x17=0x80001610
000000801 RUNTIME_ONLY neutral retire case=00017 pc=0x80001534 opcode=sw x18=0x80001615
000000802 RUNTIME_ONLY neutral retire case=00017 pc=0x80001538 opcode=beq x19=0x8000161a
000000803 RUNTIME_ONLY neutral retire case=00017 pc=0x8000153c opcode=csrrw x20=0x8000161f
000000804 RUNTIME_ONLY neutral retire case=00017 pc=0x80001540 opcode=xor x21=0x80001664
000000805 RUNTIME_ONLY neutral retire case=00017 pc=0x80001544 opcode=addi x22=0x80001661
000000806 RUNTIME_ONLY neutral retire case=00017 pc=0x80001548 opcode=lw x23=0x8000166e
000000807 RUNTIME_ONLY neutral retire case=00017 pc=0x8000154c opcode=sw x24=0x8000166b
000000808 RUNTIME_ONLY neutral retire case=00017 pc=0x80001550 opcode=beq x25=0x80001678
000000809 RUNTIME_ONLY neutral retire case=00017 pc=0x80001554 opcode=csrrw x26=0x8000167d
000000810 RUNTIME_ONLY neutral retire case=00017 pc=0x80001558 opcode=xor x27=0x80001672
000000811 RUNTIME_ONLY neutral retire case=00017 pc=0x8000155c opcode=addi x28=0x80001677
000000812 RUNTIME_ONLY neutral retire case=00017 pc=0x80001560 opcode=lw x29=0x8000164c
000000813 RUNTIME_ONLY neutral retire case=00017 pc=0x80001564 opcode=sw x30=0x80001649
000000814 RUNTIME_ONLY neutral retire case=00017 pc=0x80001568 opcode=beq x31=0x80001646
000000815 RUNTIME_ONLY neutral retire case=00017 pc=0x8000156c opcode=csrrw x0=0x80001643
000000816 RUNTIME_ONLY neutral retire case=00017 pc=0x80001570 opcode=xor x1=0x80001640
000000817 RUNTIME_ONLY neutral retire case=00017 pc=0x80001574 opcode=addi x2=0x80001645
000000818 RUNTIME_ONLY neutral retire case=00017 pc=0x80001578 opcode=lw x3=0x8000164a
000000819 RUNTIME_ONLY neutral retire case=00017 pc=0x8000157c opcode=sw x4=0x8000164f
000000820 RUNTIME_ONLY neutral retire case=00017 pc=0x80001580 opcode=beq x5=0x800016b4
000000821 RUNTIME_ONLY neutral retire case=00017 pc=0x80001584 opcode=csrrw x6=0x800016b1
000000822 RUNTIME_ONLY neutral retire case=00017 pc=0x80001588 opcode=xor x7=0x800016be
000000823 RUNTIME_ONLY neutral retire case=00017 pc=0x8000158c opcode=addi x8=0x800016bb
000000824 RUNTIME_ONLY neutral retire case=00017 pc=0x80001590 opcode=lw x9=0x800016a8
000000825 RUNTIME_ONLY neutral retire case=00017 pc=0x80001594 opcode=sw x10=0x800016ad
