UVM_FATAL /runtime_only_unique_aaqe.sv(1) @ 1: runtime_only_unique_failure_aaqe normalization resistant timing marker
RUNTIME_ONLY_CASE=447 SOURCE_A=benchmark_set_2:24
Mismatch[1]:
ibex[727] : pc[80000b98] remu x28,x20,x30: t3:00000fff
RUNTIME_ONLY_COMBINE SOURCE_B=benchmark_set_2:2
riscv_csr_test.0 : [FAILED]
000000000 RUNTIME_ONLY neutral retire case=00447 pc=0x8000e4bc opcode=beq x31=0x8000e4bc
000000001 RUNTIME_ONLY neutral retire case=00447 pc=0x8000e4c0 opcode=csrrw x0=0x8000e4c1
000000002 RUNTIME_ONLY neutral retire case=00447 pc=0x8000e4c4 opcode=xor x1=0x8000e4c6
000000003 RUNTIME_ONLY neutral retire case=00447 pc=0x8000e4c8 opcode=addi x2=0x8000e4cb
000000004 RUNTIME_ONLY neutral retire case=00447 pc=0x8000e4cc opcode=lw x3=0x8000e4c8
000000005 RUNTIME_ONLY neutral retire case=00447 pc=0x8000e4d0 opcode=sw x4=0x8000e4d5
000000006 RUNTIME_ONLY neutral retire case=00447 pc=0x8000e4d4 opcode=beq x5=0x8000e4d2
000000007 RUNTIME_ONLY neutral retire case=00447 pc=0x8000e4d8 opcode=csrrw x6=0x8000e4df
000000008 RUNTIME_ONLY neutral retire case=00447 pc=0x8000e4dc opcode=xor x7=0x8000e4d4
000000009 RUNTIME_ONLY neutral retire case=00447 pc=0x8000e4e0 opcode=addi x8=0x8000e4e9
000000010 RUNTIME_ONLY neutral retire case=00447 pc=0x8000e4e4 opcode=lw x9=0x8000e4ee
000000011 RUNTIME_ONLY neutral retire case=00447 pc=0x8000e4e8 opcode=sw x10=0x8000e4e3
000000012 RUNTIME_ONLY neutral retire case=00447 pc=0x8000e4ec opcode=beq x11=0x8000e4e0
000000013 RUNTIME_ONLY neutral retire case=00447 pc=0x8000e4f0 opcode=csrrw x12=0x8000e4fd
000000014 RUNTIME_ONLY neutral retire case=00447 pc=0x8000e4f4 opcode=xor x13=0x8000e4fa
000000015 RUNTIME_ONLY neutral retire case=00447 pc=0x8000e4f8 opcode=addi x14=0x8000e4f7
