UVM_FATAL /runtime_only_unique_aanl.sv(1) @ 1: runtime_only_unique_failure_aanl normalization resistant timing marker
RUNTIME_ONLY_CASE=376 SOURCE_A=benchmark_set_2:17
Mismatch[1]:
ibex[79] : pc[8000021e] c.slli x20,0x4: s4:4b94f690
RUNTIME_ONLY_COMBINE SOURCE_B=benchmark_set_2:17
spike[79] : pc[ffffffff80000240] c.addi s9, 6: s9:00002006
[FAILED]: 77 matched, 4262 mismatch
000000000 RUNTIME_ONLY neutral retire case=00376 pc=0x8000c068 opcode=csrrw x24=0x8000c068
000000001 RUNTIME_ONLY neutral retire case=00376 pc=0x8000c06c opcode=xor x25=0x8000c06d
000000002 RUNTIME_ONLY neutral retire case=00376 pc=0x8000c070 opcode=addi x26=0x8000c072
000000003 RUNTIME_ONLY neutral retire case=00376 pc=0x8000c074 opcode=lw x27=0x8000c077
000000004 RUNTIME_ONLY neutral retire case=00376 pc=0x8000c078 opcode=sw x28=0x8000c07c
000000005 RUNTIME_ONLY neutral retire case=00376 pc=0x8000c07c opcode=beq x29=0x8000c079
000000006 RUNTIME_ONLY neutral retire case=00376 pc=0x8000c080 opcode=csrrw x30=0x8000c086
000000007 RUNTIME_ONLY neutral retire case=00376 pc=0x8000c084 opcode=xor x31=0x8000c083
000000008 RUNTIME_ONLY neutral retire case=00376 pc=0x8000c088 opcode=addi x0=0x8000c080
000000009 RUNTIME_ONLY neutral retire case=00376 pc=0x8000c08c opcode=lw x1=0x8000c085
000000010 RUNTIME_ONLY neutral retire case=00376 pc=0x8000c090 opcode=sw x2=0x8000c09a
000000011 RUNTIME_ONLY neutral retire case=00376 pc=0x8000c094 opcode=beq x3=0x8000c09f
000000012 RUNTIME_ONLY neutral retire case=00376 pc=0x8000c098 opcode=csrrw x4=0x8000c094
000000013 RUNTIME_ONLY neutral retire case=00376 pc=0x8000c09c opcode=xor x5=0x8000c091
000000014 RUNTIME_ONLY neutral retire case=00376 pc=0x8000c0a0 opcode=addi x6=0x8000c0ae
000000015 RUNTIME_ONLY neutral retire case=00376 pc=0x8000c0a4 opcode=lw x7=0x8000c0ab
000000016 RUNTIME_ONLY neutral retire case=00376 pc=0x8000c0a8 opcode=sw x8=0x8000c0b8
