UVM_FATAL /runtime_only_unique_aate.sv(1) @ 1: runtime_only_unique_failure_aate normalization resistant timing marker
RUNTIME_ONLY_CASE=525 SOURCE_A=benchmark_set_2:6
riscv_single_interrupt_test.0 : [FAILED]
RUNTIME_ONLY_COMBINE SOURCE_B=benchmark_set_2:4
riscv_single_interrupt_test.0 : [FAILED]
000000000 RUNTIME_ONLY neutral retire case=00525 pc=0x80010ca4 opcode=beq x13=0x80010ca4
000000001 RUNTIME_ONLY neutral retire case=00525 pc=0x80010ca8 opcode=csrrw x14=0x80010ca9
000000002 RUNTIME_ONLY neutral retire case=00525 pc=0x80010cac opcode=xor x15=0x80010cae
000000003 RUNTIME_ONLY neutral retire case=00525 pc=0x80010cb0 opcode=addi x16=0x80010cb3
000000004 RUNTIME_ONLY neutral retire case=00525 pc=0x80010cb4 opcode=lw x17=0x80010cb0
000000005 RUNTIME_ONLY neutral retire case=00525 pc=0x80010cb8 opcode=sw x18=0x80010cbd
000000006 RUNTIME_ONLY neutral retire case=00525 pc=0x80010cbc opcode=beq x19=0x80010cba
000000007 RUNTIME_ONLY neutral retire case=00525 pc=0x80010cc0 opcode=csrrw x20=0x80010cc7
000000008 RUNTIME_ONLY neutral retire case=00525 pc=0x80010cc4 opcode=xor x21=0x80010ccc
000000009 RUNTIME_ONLY neutral retire case=00525 pc=0x80010cc8 opcode=addi x22=0x80010cc1
000000010 RUNTIME_ONLY neutral retire case=00525 pc=0x80010ccc opcode=lw x23=0x80010cc6
000000011 RUNTIME_ONLY neutral retire case=00525 pc=0x80010cd0 opcode=sw x24=0x80010cdb
000000012 RUNTIME_ONLY neutral retire case=00525 pc=0x80010cd4 opcode=beq x25=0x80010cd8
000000013 RUNTIME_ONLY neutral retire case=00525 pc=0x80010cd8 opcode=csrrw x26=0x80010cd5
000000014 RUNTIME_ONLY neutral retire case=00525 pc=0x80010cdc opcode=xor x27=0x80010cd2
