UVM_FATAL /runtime_only_unique_aahm.sv(1) @ 1: runtime_only_unique_failure_aahm normalization resistant timing marker
RUNTIME_ONLY_CASE=897 SOURCE_A=benchmark_set_1:1
riscv_interrupt_csr_test.0 : [FAILED]
RUNTIME_ONLY_COMBINE SOURCE_B=benchmark_set_2:16
riscv_debug_ebreak_test.0 : [FAILED]
000000000 RUNTIME_ONLY neutral retire case=00897 pc=0x8001cb00 opcode=beq x1=0x8001cb00
000000001 RUNTIME_ONLY neutral retire case=00897 pc=0x8001cb04 opcode=csrrw x2=0x8001cb05
000000002 RUNTIME_ONLY neutral retire case=00897 pc=0x8001cb08 opcode=xor x3=0x8001cb0a
000000003 RUNTIME_ONLY neutral retire case=00897 pc=0x8001cb0c opcode=addi x4=0x8001cb0f
000000004 RUNTIME_ONLY neutral retire case=00897 pc=0x8001cb10 opcode=lw x5=0x8001cb14
000000005 RUNTIME_ONLY neutral retire case=00897 pc=0x8001cb14 opcode=sw x6=0x8001cb11
000000006 RUNTIME_ONLY neutral retire case=00897 pc=0x8001cb18 opcode=beq x7=0x8001cb1e
000000007 RUNTIME_ONLY neutral retire case=00897 pc=0x8001cb1c opcode=csrrw x8=0x8001cb1b
000000008 RUNTIME_ONLY neutral retire case=00897 pc=0x8001cb20 opcode=xor x9=0x8001cb28
000000009 RUNTIME_ONLY neutral retire case=00897 pc=0x8001cb24 opcode=addi x10=0x8001cb2d
000000010 RUNTIME_ONLY neutral retire case=00897 pc=0x8001cb28 opcode=lw x11=0x8001cb22
000000011 RUNTIME_ONLY neutral retire case=00897 pc=0x8001cb2c opcode=sw x12=0x8001cb27
000000012 RUNTIME_ONLY neutral retire case=00897 pc=0x8001cb30 opcode=beq x13=0x8001cb3c
000000013 RUNTIME_ONLY neutral retire case=00897 pc=0x8001cb34 opcode=csrrw x14=0x8001cb39
000000014 RUNTIME_ONLY neutral retire case=00897 pc=0x8001cb38 opcode=xor x15=0x8001cb36
000000015 RUNTIME_ONLY neutral retire case=00897 pc=0x8001cb3c opcode=addi x16=0x8001cb33
000000016 RUNTIME_ONLY neutral retire case=00897 pc=0x8001cb40 opcode=lw x17=0x8001cb50
