Time	Cycle	PC	Insn	Decoded instruction	Register and memory contents
           2346	        15	80000080	40001e37	lui	x28,0x40001	 x28=0x40001000
           2406	        18	80000084	106e0e13	addi	x28,x28,262	 x28:0x40001000 x28=0x40001106
           2546	        25	80000088	301e1073	csrrw	x0,misa,x28	 x28:0x40001106  x0=0x00000000
           2966	        46	8000008c	00026917	auipc	x18,0x26	 x18=0x8002608c
           2986	        47	80000090	c5890913	addi	x18,x18,-936	 x18:0x8002608c x18=0x80025ce4
           3006	        48	80000094	00002e17	auipc	x28,0x2	 x28=0x80002094
           3426	        69	80000098	66ce0e13	addi	x28,x28,1644	 x28:0x80002094 x28=0x80002700
           3446	        70	8000009c	001e6e13	ori	x28,x28,1	 x28:0x80002700 x28=0x80002701
           3466	        71	800000a0	305e1073	csrrw	x0,mtvec,x28	 x28:0x80002701  x0=0x00000000
           3526	        74	800000a4	74725073	csrrwi	x0,0x747,4	  x0=0x00000000
           3586	        77	800000a8	00003417	auipc	x8,0x3	  x8=0x800030a8
           3606	        78	800000ac	41440413	addi	x8,x8,1044	  x8:0x800030a8  x8=0x800034bc
           3726	        84	800000b0	4e01	c.li	x28,0	 x28=0x00000000
           3746	        85	800000b2	9472	c.add	x8,x28	  x8:0x800034bc x28:0x00000000  x8=0x800034bc
           3766	        86	800000b4	8009	c.srli	x8,0x2	  x8:0x800034bc  x8=0x20000d2f
           3906	        93	800000b6	3b041073	csrrw	x0,pmpaddr0,x8	  x8:0x20000d2f  x0=0x00000000
           3966	        96	800000ba	00003417	auipc	x8,0x3	  x8=0x800030ba
           4126	       104	800000be	40240413	addi	x8,x8,1026	  x8:0x800030ba  x8=0x800034bc
           4206	       108	800000c2	11111e37	lui	x28,0x11111	 x28=0x11111000
           4226	       109	800000c6	111e0e13	addi	x28,x28,273	 x28:0x11111000 x28=0x11111111
           4246	       110	800000ca	9472	c.add	x8,x28	  x8:0x800034bc x28:0x11111111  x8=0x911145cd
           4266	       111	800000cc	8009	c.srli	x8,0x2	  x8:0x911145cd  x8=0x24445173
           4286	       112	800000ce	3b141073	csrrw	x0,pmpaddr1,x8	  x8:0x24445173  x0=0x00000000
           4626	       129	800000d2	00003417	auipc	x8,0x3	  x8=0x800030d2
           4986	       147	800000d6	3ea40413	addi	x8,x8,1002	  x8:0x800030d2  x8=0x800034bc
           5006	       148	800000da	22222e37	lui	x28,0x22222	 x28=0x22222000
           5106	       153	800000de	222e0e13	addi	x28,x28,546	 x28:0x22222000 x28=0x22222222
           5126	       154	800000e2	9472	c.add	x8,x28	  x8:0x800034bc x28:0x22222222  x8=0xa22256de
           5526	       174	800000e4	8009	c.srli	x8,0x2	  x8:0xa22256de  x8=0x288895b7
           5546	       175	800000e6	3b241073	csrrw	x0,pmpaddr2,x8	  x8:0x288895b7  x0=0x00000000
           5606	       178	800000ea	00003417	auipc	x8,0x3	  x8=0x800030ea
           5626	       179	800000ee	3d240413	addi	x8,x8,978	  x8:0x800030ea  x8=0x800034bc
           5646	       180	800000f2	33333e37	lui	x28,0x33333	 x28=0x33333000
           5746	       185	800000f6	333e0e13	addi	x28,x28,819	 x28:0x33333000 x28=0x33333333
           5766	       186	800000fa	9472	c.add	x8,x28	  x8:0x800034bc x28:0x33333333  x8=0xb33367ef
           5846	       190	800000fc	8009	c.srli	x8,0x2	  x8:0xb33367ef  x8=0x2cccd9fb
           6146	       205	800000fe	3b341073	csrrw	x0,pmpaddr3,x8	  x8:0x2cccd9fb  x0=0x00000000
           6246	       210	80000102	0f0f1437	lui	x8,0xf0f1	  x8=0x0f0f1000
           6266	       211	80000106	f0f40413	addi	x8,x8,-241	  x8:0x0f0f1000  x8=0x0f0f0f0f
           6286	       212	8000010a	3a041073	csrrw	x0,pmpcfg0,x8	  x8:0x0f0f0f0f  x0=0x00000000
           6466	       221	8000010e	00003417	auipc	x8,0x3	  x8=0x8000310e
           6486	       222	80000112	3ae40413	addi	x8,x8,942	  x8:0x8000310e  x8=0x800034bc
           6506	       223	80000116	44444e37	lui	x28,0x44444	 x28=0x44444000
           6526	       224	8000011a	444e0e13	addi	x28,x28,1092	 x28:0x44444000 x28=0x44444444
           6546	       225	8000011e	9472	c.add	x8,x28	  x8:0x800034bc x28:0x44444444  x8=0xc4447900
           6586	       227	80000120	8009	c.srli	x8,0x2	  x8:0xc4447900  x8=0x31111e40
           6766	       236	80000122	3b441073	csrrw	x0,pmpaddr4,x8	  x8:0x31111e40  x0=0x00000000
           6826	       239	80000126	00003417	auipc	x8,0x3	  x8=0x80003126
           6946	       245	8000012a	39640413	addi	x8,x8,918	  x8:0x80003126  x8=0x800034bc
           7366	       266	8000012e	55555e37	lui	x28,0x55555	 x28=0x55555000
           7786	       287	80000132	555e0e13	addi	x28,x28,1365	 x28:0x55555000 x28=0x55555555
           7806	       288	80000136	9472	c.add	x8,x28	  x8:0x800034bc x28:0x55555555  x8=0xd5558a11
           7826	       289	80000138	8009	c.srli	x8,0x2	  x8:0xd5558a11  x8=0x35556284
           7946	       295	8000013a	3b541073	csrrw	x0,pmpaddr5,x8	  x8:0x35556284  x0=0x00000000
           8006	       298	8000013e	00003417	auipc	x8,0x3	  x8=0x8000313e
           8126	       304	80000142	37e40413	addi	x8,x8,894	  x8:0x8000313e  x8=0x800034bc
           8146	       305	80000146	66666e37	lui	x28,0x66666	 x28=0x66666000
           8566	       326	8000014a	666e0e13	addi	x28,x28,1638	 x28:0x66666000 x28=0x66666666
           8586	       327	8000014e	9472	c.add	x8,x28	  x8:0x800034bc x28:0x66666666  x8=0xe6669b22
           8606	       328	80000150	8009	c.srli	x8,0x2	  x8:0xe6669b22  x8=0x3999a6c8
           8626	       329	80000152	3b641073	csrrw	x0,pmpaddr6,x8	  x8:0x3999a6c8  x0=0x00000000
           8866	       341	80000156	00003417	auipc	x8,0x3	  x8=0x80003156
           8906	       343	8000015a	36640413	addi	x8,x8,870	  x8:0x80003156  x8=0x800034bc
           8926	       344	8000015e	77777e37	lui	x28,0x77777	 x28=0x77777000
           8946	       345	80000162	777e0e13	addi	x28,x28,1911	 x28:0x77777000 x28=0x77777777
           8966	       346	80000166	9472	c.add	x8,x28	  x8:0x800034bc x28:0x77777777  x8=0xf777ac33
           8986	       347	80000168	8009	c.srli	x8,0x2	  x8:0xf777ac33  x8=0x3dddeb0c
           9046	       350	8000016a	3b741073	csrrw	x0,pmpaddr7,x8	  x8:0x3dddeb0c  x0=0x00000000
           9106	       353	8000016e	0f0f1437	lui	x8,0xf0f1	  x8=0x0f0f1000
           9126	       354	80000172	f0f40413	addi	x8,x8,-241	  x8:0x0f0f1000  x8=0x0f0f0f0f
           9486	       372	80000176	3a141073	csrrw	x0,pmpcfg1,x8	  x8:0x0f0f0f0f  x0=0x00000000
           9546	       375	8000017a	00003417	auipc	x8,0x3	  x8=0x8000317a
           9566	       376	8000017e	34240413	addi	x8,x8,834	  x8:0x8000317a  x8=0x800034bc
           9586	       377	80000182	88889e37	lui	x28,0x88889	 x28=0x88889000
           9606	       378	80000186	888e0e13	addi	x28,x28,-1912	 x28:0x88889000 x28=0x88888888
           9626	       379	8000018a	9472	c.add	x8,x28	  x8:0x800034bc x28:0x88888888  x8=0x0888bd44
          10006	       398	8000018c	8009	c.srli	x8,0x2	  x8:0x0888bd44  x8=0x02222f51
          10026	       399	8000018e	3b841073	csrrw	x0,pmpaddr8,x8	  x8:0x02222f51  x0=0x00000000
          10086	       402	80000192	00003417	auipc	x8,0x3	  x8=0x80003192
          10106	       403	80000196	32a40413	addi	x8,x8,810	  x8:0x80003192  x8=0x800034bc
          10126	       404	8000019a	9999ae37	lui	x28,0x9999a	 x28=0x9999a000
          10226	       409	8000019e	999e0e13	addi	x28,x28,-1639	 x28:0x9999a000 x28=0x99999999
          10246	       410	800001a2	9472	c.add	x8,x28	  x8:0x800034bc x28:0x99999999  x8=0x1999ce55
          10346	       415	800001a4	8009	c.srli	x8,0x2	  x8:0x1999ce55  x8=0x06667395
          10366	       416	800001a6	3b941073	csrrw	x0,pmpaddr9,x8	  x8:0x06667395  x0=0x00000000
          10426	       419	800001aa	00003417	auipc	x8,0x3	  x8=0x800031aa
          10806	       438	800001ae	31240413	addi	x8,x8,786	  x8:0x800031aa  x8=0x800034bc
          10886	       442	800001b2	aaaabe37	lui	x28,0xaaaab	 x28=0xaaaab000
          10906	       443	800001b6	aaae0e13	addi	x28,x28,-1366	 x28:0xaaaab000 x28=0xaaaaaaaa
          10926	       444	800001ba	9472	c.add	x8,x28	  x8:0x800034bc x28:0xaaaaaaaa  x8=0x2aaadf66
          10946	       445	800001bc	8009	c.srli	x8,0x2	  x8:0x2aaadf66  x8=0x0aaab7d9
          11346	       465	800001be	3ba41073	csrrw	x0,pmpaddr10,x8	  x8:0x0aaab7d9  x0=0x00000000
          11526	       474	800001c2	00003417	auipc	x8,0x3	  x8=0x800031c2
          11546	       475	800001c6	2fa40413	addi	x8,x8,762	  x8:0x800031c2  x8=0x800034bc
          11566	       476	800001ca	bbbbce37	lui	x28,0xbbbbc	 x28=0xbbbbc000
          11586	       477	800001ce	bbbe0e13	addi	x28,x28,-1093	 x28:0xbbbbc000 x28=0xbbbbbbbb
          11606	       478	800001d2	9472	c.add	x8,x28	  x8:0x800034bc x28:0xbbbbbbbb  x8=0x3bbbf077
          11726	       484	800001d4	8009	c.srli	x8,0x2	  x8:0x3bbbf077  x8=0x0eeefc1d
          12146	       505	800001d6	3bb41073	csrrw	x0,pmpaddr11,x8	  x8:0x0eeefc1d  x0=0x00000000
          12206	       508	800001da	0f0f1437	lui	x8,0xf0f1	  x8=0x0f0f1000
          12226	       509	800001de	f0f40413	addi	x8,x8,-241	  x8:0x0f0f1000  x8=0x0f0f0f0f
          12246	       510	800001e2	3a241073	csrrw	x0,pmpcfg2,x8	  x8:0x0f0f0f0f  x0=0x00000000
          12626	       529	800001e6	00003417	auipc	x8,0x3	  x8=0x800031e6
          12646	       530	800001ea	2d640413	addi	x8,x8,726	  x8:0x800031e6  x8=0x800034bc
          12806	       538	800001ee	ccccde37	lui	x28,0xccccd	 x28=0xccccd000
          12946	       545	800001f2	ccce0e13	addi	x28,x28,-820	 x28:0xccccd000 x28=0xcccccccc
          12966	       546	800001f6	9472	c.add	x8,x28	  x8:0x800034bc x28:0xcccccccc  x8=0x4ccd0188
          12986	       547	800001f8	8009	c.srli	x8,0x2	  x8:0x4ccd0188  x8=0x13334062
          13006	       548	800001fa	3bc41073	csrrw	x0,pmpaddr12,x8	  x8:0x13334062  x0=0x00000000
          13066	       551	800001fe	00003417	auipc	x8,0x3	  x8=0x800031fe
          13086	       552	80000202	2be40413	addi	x8,x8,702	  x8:0x800031fe  x8=0x800034bc
          13526	       574	80000206	ddddee37	lui	x28,0xdddde	 x28=0xdddde000
          13546	       575	8000020a	ddde0e13	addi	x28,x28,-547	 x28:0xdddde000 x28=0xdddddddd
          13566	       576	8000020e	9472	c.add	x8,x28	  x8:0x800034bc x28:0xdddddddd  x8=0x5dde1299
          13586	       577	80000210	8009	c.srli	x8,0x2	  x8:0x5dde1299  x8=0x177784a6
          13686	       582	80000212	3bd41073	csrrw	x0,pmpaddr13,x8	  x8:0x177784a6  x0=0x00000000
          13846	       590	80000216	00003417	auipc	x8,0x3	  x8=0x80003216
          14266	       611	8000021a	2a640413	addi	x8,x8,678	  x8:0x80003216  x8=0x800034bc
          14286	       612	8000021e	eeeefe37	lui	x28,0xeeeef	 x28=0xeeeef000
          14306	       613	80000222	eeee0e13	addi	x28,x28,-274	 x28:0xeeeef000 x28=0xeeeeeeee
          14326	       614	80000226	9472	c.add	x8,x28	  x8:0x800034bc x28:0xeeeeeeee  x8=0x6eef23aa
          14466	       621	80000228	8009	c.srli	x8,0x2	  x8:0x6eef23aa  x8=0x1bbbc8ea
          14666	       631	8000022a	3be41073	csrrw	x0,pmpaddr14,x8	  x8:0x1bbbc8ea  x0=0x00000000
          14726	       634	8000022e	00003417	auipc	x8,0x3	  x8=0x8000322e
          14746	       635	80000232	28e40413	addi	x8,x8,654	  x8:0x8000322e  x8=0x800034bc
          14766	       636	80000236	fff00e13	addi	x28,x0,-1	  x0:0x00000000 x28=0xffffffff
          14786	       637	8000023a	9472	c.add	x8,x28	  x8:0x800034bc x28:0xffffffff  x8=0x800034bb
          14806	       638	8000023c	8009	c.srli	x8,0x2	  x8:0x800034bb  x8=0x20000d2e
          14826	       639	8000023e	3bf41073	csrrw	x0,pmpaddr15,x8	  x8:0x20000d2e  x0=0x00000000
          14886	       642	80000242	0f0f1437	lui	x8,0xf0f1	  x8=0x0f0f1000
          15006	       648	80000246	f0f40413	addi	x8,x8,-241	  x8:0x0f0f1000  x8=0x0f0f0f0f
          15026	       649	8000024a	3a341073	csrrw	x0,pmpcfg3,x8	  x8:0x0f0f0f0f  x0=0x00000000
          15086	       652	8000024e	00000e17	auipc	x28,0x0	 x28=0x8000024e
          15266	       661	80000252	058e0e13	addi	x28,x28,88	 x28:0x8000024e x28=0x800002a6
          15686	       682	80000256	341e1073	csrrw	x0,mepc,x28	 x28:0x800002a6  x0=0x00000000
          15766	       686	8000025a	7c00d073	csrrwi	x0,0x7c0,1	  x0=0x00000000
          15826	       689	8000025e	6e09	c.lui	x28,0x2	 x28=0x00002000
          15866	       691	80000260	800e0e13	addi	x28,x28,-2048	 x28:0x00002000 x28=0x00001800
          15886	       692	80000264	300e1073	csrrw	x0,mstatus,x28	 x28:0x00001800  x0=0x00000000
          15946	       695	80000268	4e01	c.li	x28,0	 x28=0x00000000
          15966	       696	8000026a	304e1073	csrrw	x0,mie,x28	 x28:0x00000000  x0=0x00000000
          16186	       707	8000026e	900006b7	lui	x13,0x90000	 x13=0x90000000
          16206	       708	80000272	16f1	c.addi	x13,-4	 x13:0x90000000 x13=0x8ffffffc
          16226	       709	80000274	30000e13	addi	x28,x0,768	  x0:0x00000000 x28=0x00000300
          16366	       716	80000278	0e22	c.slli	x28,0x8	 x28:0x00000300 x28=0x00030000
          16386	       717	8000027a	0e0d	c.addi	x28,3	 x28:0x00030000 x28=0x00030003
          16446	       720	8000027c	01c6a023	sw	x28,0(x13)	 x13:0x8ffffffc x28:0x00030003 PA:0x8ffffffc store:0x00030003
          16466	       721	80000280	30002e73	csrrs	x28,mstatus,x0	  x0:0x00000000 x28=0x00001800
          16546	       725	80000284	01c6a023	sw	x28,0(x13)	 x13:0x8ffffffc x28:0x00001800 PA:0x8ffffffc store:0x00001800
          16566	       726	80000288	900006b7	lui	x13,0x90000	 x13=0x90000000
          16586	       727	8000028c	16f1	c.addi	x13,-4	 x13:0x90000000 x13=0x8ffffffc
          16706	       733	8000028e	30400e13	addi	x28,x0,772	  x0:0x00000000 x28=0x00000304
          16726	       734	80000292	0e22	c.slli	x28,0x8	 x28:0x00000304 x28=0x00030400
          16746	       735	80000294	0e0d	c.addi	x28,3	 x28:0x00030400 x28=0x00030403
          16806	       738	80000296	01c6a023	sw	x28,0(x13)	 x13:0x8ffffffc x28:0x00030403 PA:0x8ffffffc store:0x00030403
          16926	       744	8000029a	30402e73	csrrs	x28,mie,x0	  x0:0x00000000 x28=0x00000000
          17106	       753	8000029e	01c6a023	sw	x28,0(x13)	 x13:0x8ffffffc x28:0x00000000 PA:0x8ffffffc store:0x00000000
          17126	       754	800002a2	30200073	mret	
          17626	       779	800002a6	80000037	lui	x0,0x80000	  x0=0x00000000
          17646	       780	800002aa	0001	c.addi	x0,0	  x0:0x00000000  x0=0x00000000
          17666	       781	800002ac	40a1	c.li	x1,8	  x1=0x00000008
          17686	       782	800002ae	4129	c.li	x2,10	  x2=0x0000000a
          17706	       783	800002b0	800001b7	lui	x3,0x80000	  x3=0x80000000
          17726	       784	800002b4	f8a2b237	lui	x4,0xf8a2b	  x4=0xf8a2b000
          17746	       785	800002b8	1201	c.addi	x4,-32	  x4:0xf8a2b000  x4=0xf8a2afe0
          17906	       793	800002ba	36efc2b7	lui	x5,0x36efc	  x5=0x36efc000
          18326	       814	800002be	3ad28293	addi	x5,x5,941	  x5:0x36efc000  x5=0x36efc3ad
          18346	       815	800002c2	4301	c.li	x6,0	  x6=0x00000000
          18386	       817	800002c4	800003b7	lui	x7,0x80000	  x7=0x80000000
          18406	       818	800002c8	80000437	lui	x8,0x80000	  x8=0x80000000
          18826	       839	800002cc	8e20c4b7	lui	x9,0x8e20c	  x9=0x8e20c000
          19246	       860	800002d0	81448493	addi	x9,x9,-2028	  x9:0x8e20c000  x9=0x8e20b814
          19266	       861	800002d4	80000537	lui	x10,0x80000	 x10=0x80000000
          19586	       877	800002d8	4581	c.li	x11,0	 x11=0x00000000
          19606	       878	800002da	f7a8b637	lui	x12,0xf7a8b	 x12=0xf7a8b000
          19966	       896	800002de	f7560613	addi	x12,x12,-139	 x12:0xf7a8b000 x12=0xf7a8af75
          20026	       899	800002e2	f5cd96b7	lui	x13,0xf5cd9	 x13=0xf5cd9000
          20086	       902	800002e6	14868693	addi	x13,x13,328	 x13:0xf5cd9000 x13=0xf5cd9148
          20186	       907	800002ea	f7f7e737	lui	x14,0xf7f7e	 x14=0xf7f7e000
          20206	       908	800002ee	1f570713	addi	x14,x14,501	 x14:0xf7f7e000 x14=0xf7f7e1f5
          20226	       909	800002f2	139e47b7	lui	x15,0x139e4	 x15=0x139e4000
          20246	       910	800002f6	6c778793	addi	x15,x15,1735	 x15:0x139e4000 x15=0x139e46c7
          20266	       911	800002fa	fcd4e837	lui	x16,0xfcd4e	 x16=0xfcd4e000
          20326	       914	800002fe	b3e80813	addi	x16,x16,-1218	 x16:0xfcd4e000 x16=0xfcd4db3e
          20346	       915	80000302	f77348b7	lui	x17,0xf7734	 x17=0xf7734000
          20766	       936	80000306	f6f88893	addi	x17,x17,-145	 x17:0xf7734000 x17=0xf7733f6f
          21006	       948	8000030a	800009b7	lui	x19,0x80000	 x19=0x80000000
          21026	       949	8000030e	4a01	c.li	x20,0	 x20=0x00000000
          21246	       960	80000310	4a81	c.li	x21,0	 x21=0x00000000
          21326	       964	80000312	fa9cfb37	lui	x22,0xfa9cf	 x22=0xfa9cf000
          21386	       967	80000316	f0fb0b13	addi	x22,x22,-241	 x22:0xfa9cf000 x22=0xfa9cef0f
          21406	       968	8000031a	4b81	c.li	x23,0	 x23=0x00000000
          21426	       969	8000031c	80000cb7	lui	x25,0x80000	 x25=0x80000000
          21566	       976	80000320	b0333d37	lui	x26,0xb0333	 x26=0xb0333000
          21586	       977	80000324	a5ad0d13	addi	x26,x26,-1446	 x26:0xb0333000 x26=0xb0332a5a
          22006	       998	80000328	2a921db7	lui	x27,0x2a921	 x27=0x2a921000
          22026	       999	8000032c	3d4d8d93	addi	x27,x27,980	 x27:0x2a921000 x27=0x2a9213d4
          22166	      1006	80000330	4e11	c.li	x28,4	 x28=0x00000004
          22186	      1007	80000332	f9efaeb7	lui	x29,0xf9efa	 x29=0xf9efa000
          22326	      1014	80000336	5bae8e93	addi	x29,x29,1466	 x29:0xf9efa000 x29=0xf9efa5ba
          22346	      1015	8000033a	e27d2f37	lui	x30,0xe27d2	 x30=0xe27d2000
          22766	      1036	8000033e	434f0f13	addi	x30,x30,1076	 x30:0xe27d2000 x30=0xe27d2434
          22846	      1040	80000342	bf6f1fb7	lui	x31,0xbf6f1	 x31=0xbf6f1000
          23086	      1052	80000346	2e3f8f93	addi	x31,x31,739	 x31:0xbf6f1000 x31=0xbf6f12e3
          23106	      1053	8000034a	00022c17	auipc	x24,0x22	 x24=0x8002234a
          23126	      1054	8000034e	b1ac0c13	addi	x24,x24,-1254	 x24:0x8002234a x24=0x80021e64
          23166	      1056	80000352	900006b7	lui	x13,0x90000	 x13=0x90000000
          23186	      1057	80000356	16f1	c.addi	x13,-4	 x13:0x90000000 x13=0x8ffffffc
          23306	      1063	80000358	4e01	c.li	x28,0	 x28=0x00000000
          23326	      1064	8000035a	0e22	c.slli	x28,0x8	 x28:0x00000000 x28=0x00000000
          23346	      1065	8000035c	000e0e13	addi	x28,x28,0	 x28:0x00000000 x28=0x00000000
          23646	      1080	80000360	01c6a023	sw	x28,0(x13)	 x13:0x8ffffffc x28:0x00000000 PA:0x8ffffffc store:0x00000000
          23686	      1082	80000364	1580306f	jal	x0,800034bc	  x0=0x00000000
          24566	      1126	800034bc	6f2d	c.lui	x30,0xb	 x30=0x0000b000
          24606	      1128	800034be	0054ea63	bltu	x9,x5,800034d2	  x9:0x8e20b814  x5:0x36efc3ad
          24626	      1129	800034c2	40e058b3	sra	x17,x0,x14	  x0:0x00000000 x14:0xf7f7e1f5 x17=0x00000000
          24726	      1134	800034c6	0000100f	fence.i	
          25046	      1150	800034ca	00ff4e33	xor	x28,x30,x15	 x30:0x0000b000 x15:0x139e46c7 x28=0x139ef6c7
          25066	      1151	800034ce	029c0263	beq	x24,x9,800034f2	 x24:0x80021e64  x9:0x8e20b814
          25506	      1173	800034d2	22842193	slti	x3,x8,552	  x8:0x80000000  x3=0x00000001
          25626	      1179	800034d6	00c08333	add	x6,x1,x12	  x1:0x00000008 x12:0xf7a8af75  x6=0xf7a8af7d
          25666	      1181	800034da	03e930b3	mulhu	x1,x18,x30	 x18:0x80025ce4 x30:0x0000b000  x1=0x00005801
          25686	      1182	800034de	caecc493	xori	x9,x25,-850	 x25:0x80000000  x9=0x7ffffcae
          26426	      1219	800034e2	0382f033	remu	x0,x5,x24	  x5:0x36efc3ad x24:0x80021e64  x0=0x00000000
          26446	      1220	800034e6	340b95f3	csrrw	x11,mscratch,x23	 x23:0x00000000 x11=0x00000000
          26466	      1221	800034ea	41ab0b33	sub	x22,x22,x26	 x22:0xfa9cef0f x26:0xb0332a5a x22=0x4a69c4b5
          26486	      1222	800034ee	04e47a63	bgeu	x8,x14,80003542	  x8:0x80000000 x14:0xf7f7e1f5
          27226	      1259	800034f2	03cdeeb3	rem	x29,x27,x28	 x27:0x2a9213d4 x28:0x139ef6c7 x29=0x03542646
          27966	      1296	800034f6	026ee5b3	rem	x11,x29,x6	 x29:0x03542646  x6:0xf7a8af7d x11=0x03542646
          28706	      1333	800034fa	038ec733	div	x14,x29,x24	 x29:0x03542646 x24:0x80021e64 x14=0x00000000
          28726	      1334	800034fe	01f87563	bgeu	x16,x31,80003508	 x16:0xfcd4db3e x31:0xbf6f12e3
          28906	      1343	80003508	c06b9117	auipc	x2,0xc06b9	  x2=0x406bc508
          29646	      1380	8000350c	0258eb33	rem	x22,x17,x5	 x17:0x00000000  x5:0x36efc3ad x22=0x00000000
          29666	      1381	80003510	41cd0533	sub	x10,x26,x28	 x26:0xb0332a5a x28:0x139ef6c7 x10=0x9c943393
          29686	      1382	80003514	005cf8b3	and	x17,x25,x5	 x25:0x80000000  x5:0x36efc3ad x17=0x00000000
          29706	      1383	80003518	3401de73	csrrwi	x28,mscratch,3	 x28=0x00000000
          29726	      1384	8000351c	86b9	c.srai	x13,0xe	 x13:0x8ffffffc x13=0xfffe3fff
          29746	      1385	8000351e	8c99	c.sub	x9,x14	  x9:0x7ffffcae x14:0x00000000  x9=0x7ffffcae
          29766	      1386	80003520	0001	c.addi	x0,0	  x0:0x00000000  x0=0x00000000
          29786	      1387	80003522	00008a97	auipc	x21,0x8	 x21=0x8000b522
          29806	      1388	80003526	55ca8a93	addi	x21,x21,1372	 x21:0x8000b522 x21=0x8000ba7e
          29906	      1393	8000352a	02dc20b3	mulhsu	x1,x24,x13	 x24:0x80021e64 x13:0xfffe3fff  x1=0x8002fe60
          29926	      1394	8000352e	8655	c.srai	x12,0x15	 x12:0xf7a8af75 x12=0xffffffbd
          29946	      1395	80003530	2efa8a93	addi	x21,x21,751	 x21:0x8000ba7e x21=0x8000bd6d
          30326	      1414	80003534	83da	c.mv	x7,x22	  x0:0x00000000 x22:0x00000000  x7=0x00000000
          30466	      1421	80003536	79510037	lui	x0,0x79510	  x0=0x00000000
          30486	      1422	8000353a	6b71	c.lui	x22,0x1c	 x22=0x0001c000
          30506	      1423	8000353c	8d15	c.sub	x10,x13	 x10:0x9c943393 x13:0xfffe3fff x10=0x9c95f394
          30526	      1424	8000353e	d11a8367	jalr	x6,-751(x21)	 x21:0x8000bd6d  x6=0x80003542
          31126	      1454	8000ba7e	34002f73	csrrs	x30,mscratch,x0	  x0:0x00000000 x30=0x00000003
          31146	      1455	8000ba82	863d	c.srai	x12,0xf	 x12:0xffffffbd x12=0xffffffff
          31546	      1475	8000ba84	0186bbb3	sltu	x23,x13,x24	 x13:0xfffe3fff x24:0x80021e64 x23=0x00000000
          31966	      1496	8000ba88	0065f463	bgeu	x11,x6,8000ba90	 x11:0x03542646  x6:0x80003542
          31986	      1497	8000ba8c	0128c9b3	xor	x19,x17,x18	 x17:0x00000000 x18:0x80025ce4 x19=0x80025ce4
          32246	      1510	8000ba90	fd0c0c13	addi	x24,x24,-48	 x24:0x80021e64 x24=0x80021e34
          32266	      1511	8000ba94	004d5cb3	srl	x25,x26,x4	 x26:0xb0332a5a  x4:0xf8a2afe0 x25=0xb0332a5a
          32326	      1514	8000ba98	9d0a	c.add	x26,x2	 x26:0xb0332a5a  x2:0x406bc508 x26=0xf09eef62
          32606	      1528	8000ba9a	006c2223	sw	x6,4(x24)	 x24:0x80021e34  x6:0x80003542 PA:0x80021e38 store:0x80003542
          32626	      1529	8000ba9e	01125db3	srl	x27,x4,x17	  x4:0xf8a2afe0 x17:0x00000000 x27=0xf8a2afe0
          32846	      1540	8000baa2	00e3a0b3	slt	x1,x7,x14	  x7:0x00000000 x14:0x00000000  x1=0x00000000
          32966	      1546	8000baa6	ffff8697	auipc	x13,0xffff8	 x13=0x80003aa6
          32986	      1547	8000baaa	aac68693	addi	x13,x13,-1364	 x13:0x80003aa6 x13=0x80003552
          33006	      1548	8000baae	99fd	c.andi	x11,-1	 x11:0x03542646 x11=0x03542646
          33406	      1568	8000bab0	d2cbf613	andi	x12,x23,-724	 x23:0x00000000 x12=0x00000000
          33426	      1569	8000bab4	01843833	sltu	x16,x8,x24	  x8:0x80000000 x24:0x80021e34 x16=0x00000001
          33766	      1586	8000bab8	8de1	c.and	x11,x8	 x11:0x03542646  x8:0x80000000 x11=0x00000000
          33786	      1587	8000baba	fa368693	addi	x13,x13,-93	 x13:0x80003552 x13=0x800034f5
          33806	      1588	8000babe	8e49	c.or	x12,x10	 x12:0x00000000 x10:0x9c95f394 x12=0x9c95f394
          34206	      1608	8000bac0	55fffe17	auipc	x28,0x55fff	 x28=0xd600aac0
          34226	      1609	8000bac4	f8b23113	sltiu	x2,x4,-117	  x4:0xf8a2afe0  x2=0x00000001
          34246	      1610	8000bac8	34091cf3	csrrw	x25,mscratch,x18	 x18:0x80025ce4 x25=0x00000003
          34266	      1611	8000bacc	05d68367	jalr	x6,93(x13)	 x13:0x800034f5  x6=0x8000bad0
          34586	      1627	80003552	8f59	c.or	x14,x14	 x14:0x00000000 x14:0x00000000 x14=0x00000000
          34606	      1628	80003554	0168d9b3	srl	x19,x17,x22	 x17:0x00000000 x22:0x0001c000 x19=0x00000000
          34666	      1631	80003558	0359a033	mulhsu	x0,x19,x21	 x19:0x00000000 x21:0x8000bd6d  x0=0x00000000
          34686	      1632	8000355c	004d6233	or	x4,x26,x4	 x26:0xf09eef62  x4:0xf8a2afe0  x4=0xf8beefe2
          34706	      1633	80003560	1c31	c.addi	x24,-20	 x24:0x80021e34 x24=0x80021e20
          34726	      1634	80003562	00fe1cb3	sll	x25,x28,x15	 x28:0xd600aac0 x15:0x139e46c7 x25=0x00556000
          34746	      1635	80003566	8c9d	c.sub	x9,x15	  x9:0x7ffffcae x15:0x139e46c7  x9=0x6c61b5e7
          34926	      1644	80003568	0001	c.addi	x0,0	  x0:0x00000000  x0=0x00000000
          35086	      1652	8000356a	006c2223	sw	x6,4(x24)	 x24:0x80021e20  x6:0x8000bad0 PA:0x80021e24 store:0x8000bad0
          35106	      1653	8000356e	7f116a13	ori	x20,x2,2033	  x2:0x00000001 x20=0x000007f1
          35126	      1654	80003572	94ae	c.add	x9,x11	  x9:0x6c61b5e7 x11:0x00000000  x9=0x6c61b5e7
          35146	      1655	80003574	02360bb3	mul	x23,x12,x3	 x12:0x9c95f394  x3:0x00000001 x23=0x9c95f394
          35286	      1662	80003578	92b2	c.add	x5,x12	  x5:0x36efc3ad x12:0x9c95f394  x5=0xd385b741
          35306	      1663	8000357a	8ecd	c.or	x13,x11	 x13:0x800034f5 x11:0x00000000 x13=0x800034f5
          35346	      1665	8000357c	02d51fb3	mulh	x31,x10,x13	 x10:0x9c95f394 x13:0x800034f5 x31=0x31b4f1a5
          35366	      1666	80003580	0068da33	srl	x20,x17,x6	 x17:0x00000000  x6:0x8000bad0 x20=0x00000000
          35406	      1668	80003584	e50d	c.bnez	x10,800035ae	 x10:0x9c95f394
          36686	      1732	800035ae	00e09b13	slli	x22,x1,0xe	  x1:0x00000000 x22=0x00000000
          36826	      1739	800035b2	340c6b73	csrrsi	x22,mscratch,24	 x22=0x80025ce4
          36846	      1740	800035b6	08e2	c.slli	x17,0x18	 x17:0x00000000 x17=0x00000000
          36866	      1741	800035b8	8ec9	c.or	x13,x10	 x13:0x800034f5 x10:0x9c95f394 x13=0x9c95f7f5
          36906	      1743	800035ba	41945813	srai	x16,x8,0x19	  x8:0x80000000 x16=0xffffffc0
          36926	      1744	800035be	ea1d	c.bnez	x12,800035f4	 x12:0x9c95f394
          37506	      1773	800035f4	021436b3	mulhu	x13,x8,x1	  x8:0x80000000  x1:0x00000000 x13=0x00000000
          37646	      1780	800035f8	01302233	slt	x4,x0,x19	  x0:0x00000000 x19:0x00000000  x4=0x00000000
          37666	      1781	800035fc	05a60463	beq	x12,x26,80003644	 x12:0x9c95f394 x26:0xf09eef62
          37686	      1782	80003600	01fcd513	srli	x10,x25,0x1f	 x25:0x00556000 x10=0x00000000
          37826	      1789	80003604	34007d73	csrrci	x26,mscratch,0	 x26=0x80025ce4
          37846	      1790	80003608	02ebd863	bge	x23,x14,80003638	 x23:0x9c95f394 x14:0x00000000
