UVM_FATAL /runtime_only_unique_aakj.sv(1) @ 1: runtime_only_unique_failure_aakj normalization resistant timing marker
RUNTIME_ONLY_CASE=296 SOURCE_A=benchmark_set_2:1
Mismatch[1]:
ibex[31157] : pc[8002c47c] ori x16,x3,903: a6:00000387
RUNTIME_ONLY_COMBINE SOURCE_B=benchmark_set_1:5
riscv_single_interrupt_test.0 : [FAILED]
000000000 RUNTIME_ONLY neutral retire case=00296 pc=0x80009778 opcode=sw x8=0x80009778
000000001 RUNTIME_ONLY neutral retire case=00296 pc=0x8000977c opcode=beq x9=0x8000977d
000000002 RUNTIME_ONLY neutral retire case=00296 pc=0x80009780 opcode=csrrw x10=0x80009782
000000003 RUNTIME_ONLY neutral retire case=00296 pc=0x80009784 opcode=xor x11=0x80009787
000000004 RUNTIME_ONLY neutral retire case=00296 pc=0x80009788 opcode=addi x12=0x8000978c
000000005 RUNTIME_ONLY neutral retire case=00296 pc=0x8000978c opcode=lw x13=0x80009789
000000006 RUNTIME_ONLY neutral retire case=00296 pc=0x80009790 opcode=sw x14=0x80009796
000000007 RUNTIME_ONLY neutral retire case=00296 pc=0x80009794 opcode=beq x15=0x80009793
000000008 RUNTIME_ONLY neutral retire case=00296 pc=0x80009798 opcode=csrrw x16=0x80009790
000000009 RUNTIME_ONLY neutral retire case=00296 pc=0x8000979c opcode=xor x17=0x80009795
000000010 RUNTIME_ONLY neutral retire case=00296 pc=0x800097a0 opcode=addi x18=0x800097aa
000000011 RUNTIME_ONLY neutral retire case=00296 pc=0x800097a4 opcode=lw x19=0x800097af
000000012 RUNTIME_ONLY neutral retire case=00296 pc=0x800097a8 opcode=sw x20=0x800097a4
000000013 RUNTIME_ONLY neutral retire case=00296 pc=0x800097ac opcode=beq x21=0x800097a1
000000014 RUNTIME_ONLY neutral retire case=00296 pc=0x800097b0 opcode=csrrw x22=0x800097be
000000015 RUNTIME_ONLY neutral retire case=00296 pc=0x800097b4 opcode=xor x23=0x800097bb
000000016 RUNTIME_ONLY neutral retire case=00296 pc=0x800097b8 opcode=addi x24=0x800097a8
000000017 RUNTIME_ONLY neutral retire case=00296 pc=0x800097bc opcode=lw x25=0x800097ad
000000018 RUNTIME_ONLY neutral retire case=00296 pc=0x800097c0 opcode=sw x26=0x800097d2
000000019 RUNTIME_ONLY neutral retire case=00296 pc=0x800097c4 opcode=beq x27=0x800097d7
000000020 RUNTIME_ONLY neutral retire case=00296 pc=0x800097c8 opcode=csrrw x28=0x800097dc
000000021 RUNTIME_ONLY neutral retire case=00296 pc=0x800097cc opcode=xor x29=0x800097d9
000000022 RUNTIME_ONLY neutral retire case=00296 pc=0x800097d0 opcode=addi x30=0x800097c6
000000023 RUNTIME_ONLY neutral retire case=00296 pc=0x800097d4 opcode=lw x31=0x800097c3
000000024 RUNTIME_ONLY neutral retire case=00296 pc=0x800097d8 opcode=sw x0=0x800097c0
000000025 RUNTIME_ONLY neutral retire case=00296 pc=0x800097dc opcode=beq x1=0x800097c5
000000026 RUNTIME_ONLY neutral retire case=00296 pc=0x800097e0 opcode=csrrw x2=0x800097fa
000000027 RUNTIME_ONLY neutral retire case=00296 pc=0x800097e4 opcode=xor x3=0x800097ff
000000028 RUNTIME_ONLY neutral retire case=00296 pc=0x800097e8 opcode=addi x4=0x800097f4
000000029 RUNTIME_ONLY neutral retire case=00296 pc=0x800097ec opcode=lw x5=0x800097f1
000000030 RUNTIME_ONLY neutral retire case=00296 pc=0x800097f0 opcode=sw x6=0x800097ee
000000031 RUNTIME_ONLY neutral retire case=00296 pc=0x800097f4 opcode=beq x7=0x800097eb
000000032 RUNTIME_ONLY neutral retire case=00296 pc=0x800097f8 opcode=csrrw x8=0x800097d8
000000033 RUNTIME_ONLY neutral retire case=00296 pc=0x800097fc opcode=xor x9=0x800097dd
000000034 RUNTIME_ONLY neutral retire case=00296 pc=0x80009800 opcode=addi x10=0x80009822
000000035 RUNTIME_ONLY neutral retire case=00296 pc=0x80009804 opcode=lw x11=0x80009827
000000036 RUNTIME_ONLY neutral retire case=00296 pc=0x80009808 opcode=sw x12=0x8000982c
000000037 RUNTIME_ONLY neutral retire case=00296 pc=0x8000980c opcode=beq x13=0x80009829
000000038 RUNTIME_ONLY neutral retire case=00296 pc=0x80009810 opcode=csrrw x14=0x80009836
000000039 RUNTIME_ONLY neutral retire case=00296 pc=0x80009814 opcode=xor x15=0x80009833
000000040 RUNTIME_ONLY neutral retire case=00296 pc=0x80009818 opcode=addi x16=0x80009830
000000041 RUNTIME_ONLY neutral retire case=00296 pc=0x8000981c opcode=lw x17=0x80009835
000000042 RUNTIME_ONLY neutral retire case=00296 pc=0x80009820 opcode=sw x18=0x8000980a
000000043 RUNTIME_ONLY neutral retire case=00296 pc=0x80009824 opcode=beq x19=0x8000980f
000000044 RUNTIME_ONLY neutral retire case=00296 pc=0x80009828 opcode=csrrw x20=0x80009804
000000045 RUNTIME_ONLY neutral retire case=00296 pc=0x8000982c opcode=xor x21=0x80009801
000000046 RUNTIME_ONLY neutral retire case=00296 pc=0x80009830 opcode=addi x22=0x8000981e
000000047 RUNTIME_ONLY neutral retire case=00296 pc=0x80009834 opcode=lw x23=0x8000981b
000000048 RUNTIME_ONLY neutral retire case=00296 pc=0x80009838 opcode=sw x24=0x80009808
000000049 RUNTIME_ONLY neutral retire case=00296 pc=0x8000983c opcode=beq x25=0x8000980d
000000050 RUNTIME_ONLY neutral retire case=00296 pc=0x80009840 opcode=csrrw x26=0x80009872
000000051 RUNTIME_ONLY neutral retire case=00296 pc=0x80009844 opcode=xor x27=0x80009877
000000052 RUNTIME_ONLY neutral retire case=00296 pc=0x80009848 opcode=addi x28=0x8000987c
000000053 RUNTIME_ONLY neutral retire case=00296 pc=0x8000984c opcode=lw x29=0x80009879
000000054 RUNTIME_ONLY neutral retire case=00296 pc=0x80009850 opcode=sw x30=0x80009866
000000055 RUNTIME_ONLY neutral retire case=00296 pc=0x80009854 opcode=beq x31=0x80009863
000000056 RUNTIME_ONLY neutral retire case=00296 pc=0x80009858 opcode=csrrw x0=0x80009860
000000057 RUNTIME_ONLY neutral retire case=00296 pc=0x8000985c opcode=xor x1=0x80009865
000000058 RUNTIME_ONLY neutral retire case=00296 pc=0x80009860 opcode=addi x2=0x8000985a
000000059 RUNTIME_ONLY neutral retire case=00296 pc=0x80009864 opcode=lw x3=0x8000985f
000000060 RUNTIME_ONLY neutral retire case=00296 pc=0x80009868 opcode=sw x4=0x80009854
000000061 RUNTIME_ONLY neutral retire case=00296 pc=0x8000986c opcode=beq x5=0x80009851
000000062 RUNTIME_ONLY neutral retire case=00296 pc=0x80009870 opcode=csrrw x6=0x8000984e
000000063 RUNTIME_ONLY neutral retire case=00296 pc=0x80009874 opcode=xor x7=0x8000984b
000000064 RUNTIME_ONLY neutral retire case=00296 pc=0x80009878 opcode=addi x8=0x80009838
000000065 RUNTIME_ONLY neutral retire case=00296 pc=0x8000987c opcode=lw x9=0x8000983d
000000066 RUNTIME_ONLY neutral retire case=00296 pc=0x80009880 opcode=sw x10=0x800098c2
000000067 RUNTIME_ONLY neutral retire case=00296 pc=0x80009884 opcode=beq x11=0x800098c7
000000068 RUNTIME_ONLY neutral retire case=00296 pc=0x80009888 opcode=csrrw x12=0x800098cc
000000069 RUNTIME_ONLY neutral retire case=00296 pc=0x8000988c opcode=xor x13=0x800098c9
000000070 RUNTIME_ONLY neutral retire case=00296 pc=0x80009890 opcode=addi x14=0x800098d6
000000071 RUNTIME_ONLY neutral retire case=00296 pc=0x80009894 opcode=lw x15=0x800098d3
000000072 RUNTIME_ONLY neutral retire case=00296 pc=0x80009898 opcode=sw x16=0x800098d0
000000073 RUNTIME_ONLY neutral retire case=00296 pc=0x8000989c opcode=beq x17=0x800098d5
000000074 RUNTIME_ONLY neutral retire case=00296 pc=0x800098a0 opcode=csrrw x18=0x800098ea
