UVM_FATAL /runtime_only_unique_aagg.sv(1) @ 1: runtime_only_unique_failure_aagg normalization resistant timing marker
RUNTIME_ONLY_CASE=865 SOURCE_A=benchmark_set_1:1
riscv_interrupt_csr_test.0 : [FAILED]
RUNTIME_ONLY_COMBINE SOURCE_B=benchmark_set_2:16
riscv_debug_ebreak_test.0 : [FAILED]
000000000 RUNTIME_ONLY neutral retire case=00865 pc=0x8001baa0 opcode=lw x1=0x8001baa0
000000001 RUNTIME_ONLY neutral retire case=00865 pc=0x8001baa4 opcode=sw x2=0x8001baa5
000000002 RUNTIME_ONLY neutral retire case=00865 pc=0x8001baa8 opcode=beq x3=0x8001baaa
000000003 RUNTIME_ONLY neutral retire case=00865 pc=0x8001baac opcode=csrrw x4=0x8001baaf
000000004 RUNTIME_ONLY neutral retire case=00865 pc=0x8001bab0 opcode=xor x5=0x8001bab4
000000005 RUNTIME_ONLY neutral retire case=00865 pc=0x8001bab4 opcode=addi x6=0x8001bab1
000000006 RUNTIME_ONLY neutral retire case=00865 pc=0x8001bab8 opcode=lw x7=0x8001babe
000000007 RUNTIME_ONLY neutral retire case=00865 pc=0x8001babc opcode=sw x8=0x8001babb
000000008 RUNTIME_ONLY neutral retire case=00865 pc=0x8001bac0 opcode=beq x9=0x8001bac8
000000009 RUNTIME_ONLY neutral retire case=00865 pc=0x8001bac4 opcode=csrrw x10=0x8001bacd
000000010 RUNTIME_ONLY neutral retire case=00865 pc=0x8001bac8 opcode=xor x11=0x8001bac2
000000011 RUNTIME_ONLY neutral retire case=00865 pc=0x8001bacc opcode=addi x12=0x8001bac7
000000012 RUNTIME_ONLY neutral retire case=00865 pc=0x8001bad0 opcode=lw x13=0x8001badc
000000013 RUNTIME_ONLY neutral retire case=00865 pc=0x8001bad4 opcode=sw x14=0x8001bad9
000000014 RUNTIME_ONLY neutral retire case=00865 pc=0x8001bad8 opcode=beq x15=0x8001bad6
000000015 RUNTIME_ONLY neutral retire case=00865 pc=0x8001badc opcode=csrrw x16=0x8001bad3
000000016 RUNTIME_ONLY neutral retire case=00865 pc=0x8001bae0 opcode=xor x17=0x8001baf0
