UVM_FATAL /runtime_only_unique_aafu.sv(1) @ 1: runtime_only_unique_failure_aafu normalization resistant timing marker
RUNTIME_ONLY_CASE=177 SOURCE_A=benchmark_set_2:10
Mismatch[1]:
ibex[74] : pc[8000019c] c.addi x29,6: t4:00000000
RUNTIME_ONLY_COMBINE SOURCE_B=benchmark_set_1:4
riscv_debug_basic_test.0 : [FAILED]
000000000 RUNTIME_ONLY neutral retire case=00177 pc=0x80005a90 opcode=beq x17=0x80005a90
000000001 RUNTIME_ONLY neutral retire case=00177 pc=0x80005a94 opcode=csrrw x18=0x80005a95
000000002 RUNTIME_ONLY neutral retire case=00177 pc=0x80005a98 opcode=xor x19=0x80005a9a
000000003 RUNTIME_ONLY neutral retire case=00177 pc=0x80005a9c opcode=addi x20=0x80005a9f
000000004 RUNTIME_ONLY neutral retire case=00177 pc=0x80005aa0 opcode=lw x21=0x80005aa4
000000005 RUNTIME_ONLY neutral retire case=00177 pc=0x80005aa4 opcode=sw x22=0x80005aa1
000000006 RUNTIME_ONLY neutral retire case=00177 pc=0x80005aa8 opcode=beq x23=0x80005aae
000000007 RUNTIME_ONLY neutral retire case=00177 pc=0x80005aac opcode=csrrw x24=0x80005aab
000000008 RUNTIME_ONLY neutral retire case=00177 pc=0x80005ab0 opcode=xor x25=0x80005ab8
000000009 RUNTIME_ONLY neutral retire case=00177 pc=0x80005ab4 opcode=addi x26=0x80005abd
000000010 RUNTIME_ONLY neutral retire case=00177 pc=0x80005ab8 opcode=lw x27=0x80005ab2
000000011 RUNTIME_ONLY neutral retire case=00177 pc=0x80005abc opcode=sw x28=0x80005ab7
000000012 RUNTIME_ONLY neutral retire case=00177 pc=0x80005ac0 opcode=beq x29=0x80005acc
000000013 RUNTIME_ONLY neutral retire case=00177 pc=0x80005ac4 opcode=csrrw x30=0x80005ac9
000000014 RUNTIME_ONLY neutral retire case=00177 pc=0x80005ac8 opcode=xor x31=0x80005ac6
000000015 RUNTIME_ONLY neutral retire case=00177 pc=0x80005acc opcode=addi x0=0x80005ac3
000000016 RUNTIME_ONLY neutral retire case=00177 pc=0x80005ad0 opcode=lw x1=0x80005ac0
000000017 RUNTIME_ONLY neutral retire case=00177 pc=0x80005ad4 opcode=sw x2=0x80005ac5
000000018 RUNTIME_ONLY neutral retire case=00177 pc=0x80005ad8 opcode=beq x3=0x80005aca
000000019 RUNTIME_ONLY neutral retire case=00177 pc=0x80005adc opcode=csrrw x4=0x80005acf
000000020 RUNTIME_ONLY neutral retire case=00177 pc=0x80005ae0 opcode=xor x5=0x80005af4
000000021 RUNTIME_ONLY neutral retire case=00177 pc=0x80005ae4 opcode=addi x6=0x80005af1
000000022 RUNTIME_ONLY neutral retire case=00177 pc=0x80005ae8 opcode=lw x7=0x80005afe
000000023 RUNTIME_ONLY neutral retire case=00177 pc=0x80005aec opcode=sw x8=0x80005afb
000000024 RUNTIME_ONLY neutral retire case=00177 pc=0x80005af0 opcode=beq x9=0x80005ae8
000000025 RUNTIME_ONLY neutral retire case=00177 pc=0x80005af4 opcode=csrrw x10=0x80005aed
000000026 RUNTIME_ONLY neutral retire case=00177 pc=0x80005af8 opcode=xor x11=0x80005ae2
000000027 RUNTIME_ONLY neutral retire case=00177 pc=0x80005afc opcode=addi x12=0x80005ae7
000000028 RUNTIME_ONLY neutral retire case=00177 pc=0x80005b00 opcode=lw x13=0x80005b1c
000000029 RUNTIME_ONLY neutral retire case=00177 pc=0x80005b04 opcode=sw x14=0x80005b19
000000030 RUNTIME_ONLY neutral retire case=00177 pc=0x80005b08 opcode=beq x15=0x80005b16
000000031 RUNTIME_ONLY neutral retire case=00177 pc=0x80005b0c opcode=csrrw x16=0x80005b13
000000032 RUNTIME_ONLY neutral retire case=00177 pc=0x80005b10 opcode=xor x17=0x80005b30
000000033 RUNTIME_ONLY neutral retire case=00177 pc=0x80005b14 opcode=addi x18=0x80005b35
000000034 RUNTIME_ONLY neutral retire case=00177 pc=0x80005b18 opcode=lw x19=0x80005b3a
000000035 RUNTIME_ONLY neutral retire case=00177 pc=0x80005b1c opcode=sw x20=0x80005b3f
000000036 RUNTIME_ONLY neutral retire case=00177 pc=0x80005b20 opcode=beq x21=0x80005b04
000000037 RUNTIME_ONLY neutral retire case=00177 pc=0x80005b24 opcode=csrrw x22=0x80005b01
000000038 RUNTIME_ONLY neutral retire case=00177 pc=0x80005b28 opcode=xor x23=0x80005b0e
000000039 RUNTIME_ONLY neutral retire case=00177 pc=0x80005b2c opcode=addi x24=0x80005b0b
000000040 RUNTIME_ONLY neutral retire case=00177 pc=0x80005b30 opcode=lw x25=0x80005b18
000000041 RUNTIME_ONLY neutral retire case=00177 pc=0x80005b34 opcode=sw x26=0x80005b1d
000000042 RUNTIME_ONLY neutral retire case=00177 pc=0x80005b38 opcode=beq x27=0x80005b12
000000043 RUNTIME_ONLY neutral retire case=00177 pc=0x80005b3c opcode=csrrw x28=0x80005b17
000000044 RUNTIME_ONLY neutral retire case=00177 pc=0x80005b40 opcode=xor x29=0x80005b6c
000000045 RUNTIME_ONLY neutral retire case=00177 pc=0x80005b44 opcode=addi x30=0x80005b69
000000046 RUNTIME_ONLY neutral retire case=00177 pc=0x80005b48 opcode=lw x31=0x80005b66
000000047 RUNTIME_ONLY neutral retire case=00177 pc=0x80005b4c opcode=sw x0=0x80005b63
000000048 RUNTIME_ONLY neutral retire case=00177 pc=0x80005b50 opcode=beq x1=0x80005b60
000000049 RUNTIME_ONLY neutral retire case=00177 pc=0x80005b54 opcode=csrrw x2=0x80005b65
000000050 RUNTIME_ONLY neutral retire case=00177 pc=0x80005b58 opcode=xor x3=0x80005b6a
000000051 RUNTIME_ONLY neutral retire case=00177 pc=0x80005b5c opcode=addi x4=0x80005b6f
000000052 RUNTIME_ONLY neutral retire case=00177 pc=0x80005b60 opcode=lw x5=0x80005b54
000000053 RUNTIME_ONLY neutral retire case=00177 pc=0x80005b64 opcode=sw x6=0x80005b51
000000054 RUNTIME_ONLY neutral retire case=00177 pc=0x80005b68 opcode=beq x7=0x80005b5e
000000055 RUNTIME_ONLY neutral retire case=00177 pc=0x80005b6c opcode=csrrw x8=0x80005b5b
000000056 RUNTIME_ONLY neutral retire case=00177 pc=0x80005b70 opcode=xor x9=0x80005b48
000000057 RUNTIME_ONLY neutral retire case=00177 pc=0x80005b74 opcode=addi x10=0x80005b4d
000000058 RUNTIME_ONLY neutral retire case=00177 pc=0x80005b78 opcode=lw x11=0x80005b42
000000059 RUNTIME_ONLY neutral retire case=00177 pc=0x80005b7c opcode=sw x12=0x80005b47
000000060 RUNTIME_ONLY neutral retire case=00177 pc=0x80005b80 opcode=beq x13=0x80005bbc
000000061 RUNTIME_ONLY neutral retire case=00177 pc=0x80005b84 opcode=csrrw x14=0x80005bb9
000000062 RUNTIME_ONLY neutral retire case=00177 pc=0x80005b88 opcode=xor x15=0x80005bb6
000000063 RUNTIME_ONLY neutral retire case=00177 pc=0x80005b8c opcode=addi x16=0x80005bb3
000000064 RUNTIME_ONLY neutral retire case=00177 pc=0x80005b90 opcode=lw x17=0x80005bd0
000000065 RUNTIME_ONLY neutral retire case=00177 pc=0x80005b94 opcode=sw x18=0x80005bd5
000000066 RUNTIME_ONLY neutral retire case=00177 pc=0x80005b98 opcode=beq x19=0x80005bda
000000067 RUNTIME_ONLY neutral retire case=00177 pc=0x80005b9c opcode=csrrw x20=0x80005bdf
000000068 RUNTIME_ONLY neutral retire case=00177 pc=0x80005ba0 opcode=xor x21=0x80005be4
000000069 RUNTIME_ONLY neutral retire case=00177 pc=0x80005ba4 opcode=addi x22=0x80005be1
000000070 RUNTIME_ONLY neutral retire case=00177 pc=0x80005ba8 opcode=lw x23=0x80005bee
000000071 RUNTIME_ONLY neutral retire case=00177 pc=0x80005bac opcode=sw x24=0x80005beb
000000072 RUNTIME_ONLY neutral retire case=00177 pc=0x80005bb0 opcode=beq x25=0x80005bf8
000000073 RUNTIME_ONLY neutral retire case=00177 pc=0x80005bb4 opcode=csrrw x26=0x80005bfd
000000074 RUNTIME_ONLY neutral retire case=00177 pc=0x80005bb8 opcode=xor x27=0x80005bf2
000000075 RUNTIME_ONLY neutral retire case=00177 pc=0x80005bbc opcode=addi x28=0x80005bf7
