Time	Cycle	PC	Insn	Decoded instruction	Register and memory contents
           2292	        13	80000080	40001937	lui	x18,0x40001	 x18=0x40001000
           2312	        14	80000084	10690913	addi	x18,x18,262	 x18:0x40001000 x18=0x40001106
           2772	        37	80000088	30191073	csrrw	x0,misa,x18	 x18:0x40001106  x0=0x00000000
           2832	        40	8000008c	00026f17	auipc	x30,0x26	 x30=0x8002608c
           2852	        41	80000090	c58f0f13	addi	x30,x30,-936	 x30:0x8002608c x30=0x80025ce4
           3092	        53	80000094	00002917	auipc	x18,0x2	 x18=0x80002094
           3112	        54	80000098	56c90913	addi	x18,x18,1388	 x18:0x80002094 x18=0x80002600
           3132	        55	8000009c	00196913	ori	x18,x18,1	 x18:0x80002600 x18=0x80002601
           3152	        56	800000a0	30591073	csrrw	x0,mtvec,x18	 x18:0x80002601  x0=0x00000000
           3212	        59	800000a4	74725073	csrrwi	x0,0x747,4	  x0=0x00000000
           3412	        69	800000a8	00003c97	auipc	x25,0x3	 x25=0x800030a8
           3432	        70	800000ac	304c8c93	addi	x25,x25,772	 x25:0x800030a8 x25=0x800033ac
           3632	        80	800000b0	4901	c.li	x18,0	 x18=0x00000000
           3652	        81	800000b2	9cca	c.add	x25,x18	 x25:0x800033ac x18:0x00000000 x25=0x800033ac
           3672	        82	800000b4	002cdc93	srli	x25,x25,0x2	 x25:0x800033ac x25=0x20000ceb
           3752	        86	800000b8	3b0c9073	csrrw	x0,pmpaddr0,x25	 x25:0x20000ceb  x0=0x00000000
           3812	        89	800000bc	00003c97	auipc	x25,0x3	 x25=0x800030bc
           3972	        97	800000c0	2f0c8c93	addi	x25,x25,752	 x25:0x800030bc x25=0x800033ac
           3992	        98	800000c4	11111937	lui	x18,0x11111	 x18=0x11111000
           4172	       107	800000c8	11190913	addi	x18,x18,273	 x18:0x11111000 x18=0x11111111
           4592	       128	800000cc	9cca	c.add	x25,x18	 x25:0x800033ac x18:0x11111111 x25=0x911144bd
           5012	       149	800000ce	002cdc93	srli	x25,x25,0x2	 x25:0x911144bd x25=0x2444512f
           5152	       156	800000d2	3b1c9073	csrrw	x0,pmpaddr1,x25	 x25:0x2444512f  x0=0x00000000
           5212	       159	800000d6	00003c97	auipc	x25,0x3	 x25=0x800030d6
           5332	       165	800000da	2d6c8c93	addi	x25,x25,726	 x25:0x800030d6 x25=0x800033ac
           5632	       180	800000de	22222937	lui	x18,0x22222	 x18=0x22222000
           5852	       191	800000e2	22290913	addi	x18,x18,546	 x18:0x22222000 x18=0x22222222
           5872	       192	800000e6	9cca	c.add	x25,x18	 x25:0x800033ac x18:0x22222222 x25=0xa22255ce
           5972	       197	800000e8	002cdc93	srli	x25,x25,0x2	 x25:0xa22255ce x25=0x28889573
           6012	       199	800000ec	3b2c9073	csrrw	x0,pmpaddr2,x25	 x25:0x28889573  x0=0x00000000
           6432	       220	800000f0	00003c97	auipc	x25,0x3	 x25=0x800030f0
           6612	       229	800000f4	2bcc8c93	addi	x25,x25,700	 x25:0x800030f0 x25=0x800033ac
           6632	       230	800000f8	33333937	lui	x18,0x33333	 x18=0x33333000
           6652	       231	800000fc	33390913	addi	x18,x18,819	 x18:0x33333000 x18=0x33333333
           6672	       232	80000100	9cca	c.add	x25,x18	 x25:0x800033ac x18:0x33333333 x25=0xb33366df
           6772	       237	80000102	002cdc93	srli	x25,x25,0x2	 x25:0xb33366df x25=0x2cccd9b7
           7172	       257	80000106	3b3c9073	csrrw	x0,pmpaddr3,x25	 x25:0x2cccd9b7  x0=0x00000000
           7432	       270	8000010a	0f0f1cb7	lui	x25,0xf0f1	 x25=0x0f0f1000
           7452	       271	8000010e	f0fc8c93	addi	x25,x25,-241	 x25:0x0f0f1000 x25=0x0f0f0f0f
           7852	       291	80000112	3a0c9073	csrrw	x0,pmpcfg0,x25	 x25:0x0f0f0f0f  x0=0x00000000
           7912	       294	80000116	00003c97	auipc	x25,0x3	 x25=0x80003116
           7992	       298	8000011a	296c8c93	addi	x25,x25,662	 x25:0x80003116 x25=0x800033ac
           8112	       304	8000011e	44444937	lui	x18,0x44444	 x18=0x44444000
           8132	       305	80000122	44490913	addi	x18,x18,1092	 x18:0x44444000 x18=0x44444444
           8152	       306	80000126	9cca	c.add	x25,x18	 x25:0x800033ac x18:0x44444444 x25=0xc44477f0
           8252	       311	80000128	002cdc93	srli	x25,x25,0x2	 x25:0xc44477f0 x25=0x31111dfc
           8532	       325	8000012c	3b4c9073	csrrw	x0,pmpaddr4,x25	 x25:0x31111dfc  x0=0x00000000
           8652	       331	80000130	00003c97	auipc	x25,0x3	 x25=0x80003130
           8672	       332	80000134	27cc8c93	addi	x25,x25,636	 x25:0x80003130 x25=0x800033ac
           8692	       333	80000138	55555937	lui	x18,0x55555	 x18=0x55555000
           9112	       354	8000013c	55590913	addi	x18,x18,1365	 x18:0x55555000 x18=0x55555555
           9132	       355	80000140	9cca	c.add	x25,x18	 x25:0x800033ac x18:0x55555555 x25=0xd5558901
           9312	       364	80000142	002cdc93	srli	x25,x25,0x2	 x25:0xd5558901 x25=0x35556240
           9332	       365	80000146	3b5c9073	csrrw	x0,pmpaddr5,x25	 x25:0x35556240  x0=0x00000000
           9392	       368	8000014a	00003c97	auipc	x25,0x3	 x25=0x8000314a
           9432	       370	8000014e	262c8c93	addi	x25,x25,610	 x25:0x8000314a x25=0x800033ac
           9492	       373	80000152	66666937	lui	x18,0x66666	 x18=0x66666000
           9512	       374	80000156	66690913	addi	x18,x18,1638	 x18:0x66666000 x18=0x66666666
           9532	       375	8000015a	9cca	c.add	x25,x18	 x25:0x800033ac x18:0x66666666 x25=0xe6669a12
           9932	       395	8000015c	002cdc93	srli	x25,x25,0x2	 x25:0xe6669a12 x25=0x3999a684
           9952	       396	80000160	3b6c9073	csrrw	x0,pmpaddr6,x25	 x25:0x3999a684  x0=0x00000000
          10132	       405	80000164	00003c97	auipc	x25,0x3	 x25=0x80003164
          10272	       412	80000168	248c8c93	addi	x25,x25,584	 x25:0x80003164 x25=0x800033ac
          10472	       422	8000016c	77777937	lui	x18,0x77777	 x18=0x77777000
          10492	       423	80000170	77790913	addi	x18,x18,1911	 x18:0x77777000 x18=0x77777777
          10912	       444	80000174	9cca	c.add	x25,x18	 x25:0x800033ac x18:0x77777777 x25=0xf777ab23
          11112	       454	80000176	002cdc93	srli	x25,x25,0x2	 x25:0xf777ab23 x25=0x3dddeac8
          11132	       455	8000017a	3b7c9073	csrrw	x0,pmpaddr7,x25	 x25:0x3dddeac8  x0=0x00000000
          11192	       458	8000017e	0f0f1cb7	lui	x25,0xf0f1	 x25=0x0f0f1000
          11372	       467	80000182	f0fc8c93	addi	x25,x25,-241	 x25:0x0f0f1000 x25=0x0f0f0f0f
          11452	       471	80000186	3a1c9073	csrrw	x0,pmpcfg1,x25	 x25:0x0f0f0f0f  x0=0x00000000
          11512	       474	8000018a	00003c97	auipc	x25,0x3	 x25=0x8000318a
          11892	       493	8000018e	222c8c93	addi	x25,x25,546	 x25:0x8000318a x25=0x800033ac
          12052	       501	80000192	88889937	lui	x18,0x88889	 x18=0x88889000
          12072	       502	80000196	88890913	addi	x18,x18,-1912	 x18:0x88889000 x18=0x88888888
          12092	       503	8000019a	9cca	c.add	x25,x18	 x25:0x800033ac x18:0x88888888 x25=0x0888bc34
          12492	       523	8000019c	002cdc93	srli	x25,x25,0x2	 x25:0x0888bc34 x25=0x02222f0d
          12512	       524	800001a0	3b8c9073	csrrw	x0,pmpaddr8,x25	 x25:0x02222f0d  x0=0x00000000
          12932	       545	800001a4	00003c97	auipc	x25,0x3	 x25=0x800031a4
          12952	       546	800001a8	208c8c93	addi	x25,x25,520	 x25:0x800031a4 x25=0x800033ac
          13372	       567	800001ac	9999a937	lui	x18,0x9999a	 x18=0x9999a000
          13552	       576	800001b0	99990913	addi	x18,x18,-1639	 x18:0x9999a000 x18=0x99999999
          13672	       582	800001b4	9cca	c.add	x25,x18	 x25:0x800033ac x18:0x99999999 x25=0x1999cd45
          13692	       583	800001b6	002cdc93	srli	x25,x25,0x2	 x25:0x1999cd45 x25=0x06667351
          14112	       604	800001ba	3b9c9073	csrrw	x0,pmpaddr9,x25	 x25:0x06667351  x0=0x00000000
          14532	       625	800001be	00003c97	auipc	x25,0x3	 x25=0x800031be
          14552	       626	800001c2	1eec8c93	addi	x25,x25,494	 x25:0x800031be x25=0x800033ac
          14572	       627	800001c6	aaaab937	lui	x18,0xaaaab	 x18=0xaaaab000
          14592	       628	800001ca	aaa90913	addi	x18,x18,-1366	 x18:0xaaaab000 x18=0xaaaaaaaa
          14612	       629	800001ce	9cca	c.add	x25,x18	 x25:0x800033ac x18:0xaaaaaaaa x25=0x2aaade56
          14632	       630	800001d0	002cdc93	srli	x25,x25,0x2	 x25:0x2aaade56 x25=0x0aaab795
          14652	       631	800001d4	3bac9073	csrrw	x0,pmpaddr10,x25	 x25:0x0aaab795  x0=0x00000000
          15112	       654	800001d8	00003c97	auipc	x25,0x3	 x25=0x800031d8
          15132	       655	800001dc	1d4c8c93	addi	x25,x25,468	 x25:0x800031d8 x25=0x800033ac
          15492	       673	800001e0	bbbbc937	lui	x18,0xbbbbc	 x18=0xbbbbc000
          15512	       674	800001e4	bbb90913	addi	x18,x18,-1093	 x18:0xbbbbc000 x18=0xbbbbbbbb
          15532	       675	800001e8	9cca	c.add	x25,x18	 x25:0x800033ac x18:0xbbbbbbbb x25=0x3bbbef67
          15552	       676	800001ea	002cdc93	srli	x25,x25,0x2	 x25:0x3bbbef67 x25=0x0eeefbd9
          15572	       677	800001ee	3bbc9073	csrrw	x0,pmpaddr11,x25	 x25:0x0eeefbd9  x0=0x00000000
          15632	       680	800001f2	0f0f1cb7	lui	x25,0xf0f1	 x25=0x0f0f1000
          15932	       695	800001f6	f0fc8c93	addi	x25,x25,-241	 x25:0x0f0f1000 x25=0x0f0f0f0f
          15952	       696	800001fa	3a2c9073	csrrw	x0,pmpcfg2,x25	 x25:0x0f0f0f0f  x0=0x00000000
          16372	       717	800001fe	00003c97	auipc	x25,0x3	 x25=0x800031fe
          16392	       718	80000202	1aec8c93	addi	x25,x25,430	 x25:0x800031fe x25=0x800033ac
          16572	       727	80000206	ccccd937	lui	x18,0xccccd	 x18=0xccccd000
          16652	       731	8000020a	ccc90913	addi	x18,x18,-820	 x18:0xccccd000 x18=0xcccccccc
          16672	       732	8000020e	9cca	c.add	x25,x18	 x25:0x800033ac x18:0xcccccccc x25=0x4ccd0078
          16812	       739	80000210	002cdc93	srli	x25,x25,0x2	 x25:0x4ccd0078 x25=0x1333401e
          16832	       740	80000214	3bcc9073	csrrw	x0,pmpaddr12,x25	 x25:0x1333401e  x0=0x00000000
          17252	       761	80000218	00003c97	auipc	x25,0x3	 x25=0x80003218
          17272	       762	8000021c	194c8c93	addi	x25,x25,404	 x25:0x80003218 x25=0x800033ac
          17392	       768	80000220	dddde937	lui	x18,0xdddde	 x18=0xdddde000
          17412	       769	80000224	ddd90913	addi	x18,x18,-547	 x18:0xdddde000 x18=0xdddddddd
          17452	       771	80000228	9cca	c.add	x25,x18	 x25:0x800033ac x18:0xdddddddd x25=0x5dde1189
          17472	       772	8000022a	002cdc93	srli	x25,x25,0x2	 x25:0x5dde1189 x25=0x17778462
          17532	       775	8000022e	3bdc9073	csrrw	x0,pmpaddr13,x25	 x25:0x17778462  x0=0x00000000
          17612	       779	80000232	00003c97	auipc	x25,0x3	 x25=0x80003232
          17632	       780	80000236	17ac8c93	addi	x25,x25,378	 x25:0x80003232 x25=0x800033ac
          18052	       801	8000023a	eeeef937	lui	x18,0xeeeef	 x18=0xeeeef000
          18452	       821	8000023e	eee90913	addi	x18,x18,-274	 x18:0xeeeef000 x18=0xeeeeeeee
          18472	       822	80000242	9cca	c.add	x25,x18	 x25:0x800033ac x18:0xeeeeeeee x25=0x6eef229a
          18492	       823	80000244	002cdc93	srli	x25,x25,0x2	 x25:0x6eef229a x25=0x1bbbc8a6
          18512	       824	80000248	3bec9073	csrrw	x0,pmpaddr14,x25	 x25:0x1bbbc8a6  x0=0x00000000
          18572	       827	8000024c	00003c97	auipc	x25,0x3	 x25=0x8000324c
          18592	       828	80000250	160c8c93	addi	x25,x25,352	 x25:0x8000324c x25=0x800033ac
          18672	       832	80000254	fff00913	addi	x18,x0,-1	  x0:0x00000000 x18=0xffffffff
          18692	       833	80000258	9cca	c.add	x25,x18	 x25:0x800033ac x18:0xffffffff x25=0x800033ab
          18712	       834	8000025a	002cdc93	srli	x25,x25,0x2	 x25:0x800033ab x25=0x20000cea
          18732	       835	8000025e	3bfc9073	csrrw	x0,pmpaddr15,x25	 x25:0x20000cea  x0=0x00000000
          18792	       838	80000262	0f0f1cb7	lui	x25,0xf0f1	 x25=0x0f0f1000
          18812	       839	80000266	f0fc8c93	addi	x25,x25,-241	 x25:0x0f0f1000 x25=0x0f0f0f0f
          18972	       847	8000026a	3a3c9073	csrrw	x0,pmpcfg3,x25	 x25:0x0f0f0f0f  x0=0x00000000
          19392	       868	8000026e	00000917	auipc	x18,0x0	 x18=0x8000026e
          19452	       871	80000272	05890913	addi	x18,x18,88	 x18:0x8000026e x18=0x800002c6
          19472	       872	80000276	34191073	csrrw	x0,mepc,x18	 x18:0x800002c6  x0=0x00000000
          19492	       873	8000027a	7c00d073	csrrwi	x0,0x7c0,1	  x0=0x00000000
          19552	       876	8000027e	6909	c.lui	x18,0x2	 x18=0x00002000
          19572	       877	80000280	80090913	addi	x18,x18,-2048	 x18:0x00002000 x18=0x00001800
          19592	       878	80000284	30091073	csrrw	x0,mstatus,x18	 x18:0x00001800  x0=0x00000000
          19652	       881	80000288	4901	c.li	x18,0	 x18=0x00000000
          19672	       882	8000028a	30491073	csrrw	x0,mie,x18	 x18:0x00000000  x0=0x00000000
          19732	       885	8000028e	90000a37	lui	x20,0x90000	 x20=0x90000000
          19752	       886	80000292	1a71	c.addi	x20,-4	 x20:0x90000000 x20=0x8ffffffc
          19932	       895	80000294	30000913	addi	x18,x0,768	  x0:0x00000000 x18=0x00000300
          19952	       896	80000298	0922	c.slli	x18,0x8	 x18:0x00000300 x18=0x00030000
          19972	       897	8000029a	090d	c.addi	x18,3	 x18:0x00030000 x18=0x00030003
          20432	       920	8000029c	012a2023	sw	x18,0(x20)	 x20:0x8ffffffc x18:0x00030003 PA:0x8ffffffc store:0x00030003
          20452	       921	800002a0	30002973	csrrs	x18,mstatus,x0	  x0:0x00000000 x18=0x00001800
          20512	       924	800002a4	012a2023	sw	x18,0(x20)	 x20:0x8ffffffc x18:0x00001800 PA:0x8ffffffc store:0x00001800
          20532	       925	800002a8	90000a37	lui	x20,0x90000	 x20=0x90000000
          20552	       926	800002ac	1a71	c.addi	x20,-4	 x20:0x90000000 x20=0x8ffffffc
          20572	       927	800002ae	30400913	addi	x18,x0,772	  x0:0x00000000 x18=0x00000304
          20592	       928	800002b2	0922	c.slli	x18,0x8	 x18:0x00000304 x18=0x00030400
          20612	       929	800002b4	090d	c.addi	x18,3	 x18:0x00030400 x18=0x00030403
          21032	       950	800002b6	012a2023	sw	x18,0(x20)	 x20:0x8ffffffc x18:0x00030403 PA:0x8ffffffc store:0x00030403
          21052	       951	800002ba	30402973	csrrs	x18,mie,x0	  x0:0x00000000 x18=0x00000000
          21192	       958	800002be	012a2023	sw	x18,0(x20)	 x20:0x8ffffffc x18:0x00000000 PA:0x8ffffffc store:0x00000000
          21252	       961	800002c2	30200073	mret	
          21772	       987	800002c6	00000013	addi	x0,x0,0	  x0:0x00000000  x0=0x00000000
          21792	       988	800002ca	72d3d0b7	lui	x1,0x72d3d	  x1=0x72d3d000
          21812	       989	800002ce	bfa08093	addi	x1,x1,-1030	  x1:0x72d3d000  x1=0x72d3cbfa
          21832	       990	800002d2	44c06137	lui	x2,0x44c06	  x2=0x44c06000
          22272	      1012	800002d6	e6310113	addi	x2,x2,-413	  x2:0x44c06000  x2=0x44c05e63
          22292	      1013	800002da	4181	c.li	x3,0	  x3=0x00000000
          22312	      1014	800002dc	80000237	lui	x4,0x80000	  x4=0x80000000
          22332	      1015	800002e0	800002b7	lui	x5,0x80000	  x5=0x80000000
          22732	      1035	800002e4	4301	c.li	x6,0	  x6=0x00000000
          22752	      1036	800002e6	fbb883b7	lui	x7,0xfbb88	  x7=0xfbb88000
          23172	      1057	800002ea	96638393	addi	x7,x7,-1690	  x7:0xfbb88000  x7=0xfbb87966
          23192	      1058	800002ee	44bd	c.li	x9,15	  x9=0x0000000f
          23492	      1073	800002f0	f137d537	lui	x10,0xf137d	 x10=0xf137d000
          23512	      1074	800002f4	a8550513	addi	x10,x10,-1403	 x10:0xf137d000 x10=0xf137ca85
          23932	      1095	800002f8	45b5	c.li	x11,13	 x11=0x0000000d
          23952	      1096	800002fa	81144637	lui	x12,0x81144	 x12=0x81144000
          23972	      1097	800002fe	95160613	addi	x12,x12,-1711	 x12:0x81144000 x12=0x81143951
          23992	      1098	80000302	fc5786b7	lui	x13,0xfc578	 x13=0xfc578000
          24012	      1099	80000306	08368693	addi	x13,x13,131	 x13:0xfc578000 x13=0xfc578083
          24032	      1100	8000030a	4701	c.li	x14,0	 x14=0x00000000
          24052	      1101	8000030c	f74927b7	lui	x15,0xf7492	 x15=0xf7492000
          24092	      1103	80000310	68878793	addi	x15,x15,1672	 x15:0xf7492000 x15=0xf7492688
          24212	      1109	80000314	4801	c.li	x16,0	 x16=0x00000000
          24292	      1113	80000316	f24228b7	lui	x17,0xf2422	 x17=0xf2422000
          24412	      1119	8000031a	c0588893	addi	x17,x17,-1019	 x17:0xf2422000 x17=0xf2421c05
          24432	      1120	8000031e	4901	c.li	x18,0	 x18=0x00000000
          24452	      1121	80000320	4981	c.li	x19,0	 x19=0x00000000
          24532	      1125	80000322	22119a37	lui	x20,0x22119	 x20=0x22119000
          24552	      1126	80000326	38fa0a13	addi	x20,x20,911	 x20:0x22119000 x20=0x2211938f
          24572	      1127	8000032a	4a81	c.li	x21,0	 x21=0x00000000
          24732	      1135	8000032c	80000b37	lui	x22,0x80000	 x22=0x80000000
          24752	      1136	80000330	80000bb7	lui	x23,0x80000	 x23=0x80000000
          25072	      1152	80000334	4c01	c.li	x24,0	 x24=0x00000000
          25492	      1173	80000336	80000cb7	lui	x25,0x80000	 x25=0x80000000
          25512	      1174	8000033a	4d01	c.li	x26,0	 x26=0x00000000
          25632	      1180	8000033c	4d81	c.li	x27,0	 x27=0x00000000
          25652	      1181	8000033e	4e2d	c.li	x28,11	 x28=0x0000000b
          25792	      1188	80000340	f7c32eb7	lui	x29,0xf7c32	 x29=0xf7c32000
          25812	      1189	80000344	94be8e93	addi	x29,x29,-1717	 x29:0xf7c32000 x29=0xf7c3194b
          25832	      1190	80000348	df753fb7	lui	x31,0xdf753	 x31=0xdf753000
          25992	      1198	8000034c	255f8f93	addi	x31,x31,597	 x31:0xdf753000 x31=0xdf753255
          26012	      1199	80000350	00022417	auipc	x8,0x22	  x8=0x80022350
          26032	      1200	80000354	b1440413	addi	x8,x8,-1260	  x8:0x80022350  x8=0x80021e64
          26232	      1210	80000358	90000a37	lui	x20,0x90000	 x20=0x90000000
          26252	      1211	8000035c	1a71	c.addi	x20,-4	 x20:0x90000000 x20=0x8ffffffc
          35572	      1677	8000035e	4901	c.li	x18,0	 x18=0x00000000
          35592	      1678	80000360	0922	c.slli	x18,0x8	 x18:0x00000000 x18=0x00000000
          35612	      1679	80000362	00090913	addi	x18,x18,0	 x18:0x00000000 x18=0x00000000
          35912	      1694	80000366	012a2023	sw	x18,0(x20)	 x20:0x8ffffffc x18:0x00000000 PA:0x8ffffffc store:0x00000000
          35932	      1695	8000036a	0420306f	jal	x0,800033ac	  x0=0x00000000
          36172	      1707	800033ac	6da1	c.lui	x27,0x8	 x27=0x00008000
          36832	      1740	800033ae	0ff0000f	fence	iorw,iorw	
          37192	      1758	800033b2	00002297	auipc	x5,0x2	  x5=0x800053b2
          37212	      1759	800033b6	b3a28293	addi	x5,x5,-1222	  x5:0x800053b2  x5=0x80004eec
          37332	      1765	800033ba	340e3d73	csrrc	x26,mscratch,x28	 x28:0x0000000b x26=0x00000000
          37672	      1782	800033be	26d28293	addi	x5,x5,621	  x5:0x80004eec  x5=0x80005159
          37692	      1783	800033c2	490d	c.li	x18,3	 x18=0x00000003
          37712	      1784	800033c4	87ea	c.mv	x15,x26	  x0:0x00000000 x26:0x00000000 x15=0x00000000
          37732	      1785	800033c6	27284b93	xori	x23,x16,626	 x16:0x00000000 x23=0x00000272
          38132	      1805	800033ca	01cce0b3	or	x1,x25,x28	 x25:0x80000000 x28:0x0000000b  x1=0x8000000b
          38292	      1813	800033ce	0085d663	bge	x11,x8,800033da	 x11:0x0000000d  x8:0x80021e64
          39132	      1855	800033da	d9428367	jalr	x6,-620(x5)	  x5:0x80005159  x6=0x800033de
          39912	      1894	80004eec	fd040413	addi	x8,x8,-48	  x8:0x80021e64  x8=0x80021e34
          40192	      1908	80004ef0	8f4d	c.or	x14,x11	 x14:0x00000000 x11:0x0000000d x14=0x0000000d
          40332	      1915	80004ef2	00642223	sw	x6,4(x8)	  x8:0x80021e34  x6:0x800033de PA:0x80021e38 store:0x800033de
          40412	      1919	80004ef6	02483133	mulhu	x2,x16,x4	 x16:0x00000000  x4:0x80000000  x2=0x00000000
          40432	      1920	80004efa	6d61	c.lui	x26,0x18	 x26=0x00018000
          40592	      1928	80004efc	3407d7f3	csrrwi	x15,mscratch,15	 x15=0x00000000
          40612	      1929	80004f00	00f94d63	blt	x18,x15,80004f1a	 x18:0x00000003 x15:0x00000000
          40632	      1930	80004f04	9b7d	c.andi	x14,-1	 x14:0x0000000d x14=0x0000000d
          40652	      1931	80004f06	0001	c.addi	x0,0	  x0:0x00000000  x0=0x00000000
          40672	      1932	80004f08	4afc7213	andi	x4,x24,1199	 x24:0x00000000  x4=0x00000000
          41072	      1952	80004f0c	86cd	c.srai	x13,0x13	 x13:0xfc578083 x13=0xffffff8a
          41392	      1968	80004f0e	34042ef3	csrrs	x29,mscratch,x8	  x8:0x80021e34 x29=0x0000000f
          41472	      1972	80004f12	0000100f	fence.i	
          42532	      2025	80004f16	030f7133	remu	x2,x30,x16	 x30:0x80025ce4 x16:0x00000000  x2=0x80025ce4
          42552	      2026	80004f1a	021a0463	beq	x20,x1,80004f42	 x20:0x8ffffffc  x1:0x8000000b
          42572	      2027	80004f1e	340027f3	csrrs	x15,mscratch,x0	  x0:0x00000000 x15=0x80021e3f
          42972	      2047	80004f22	014f1793	slli	x15,x30,0x14	 x30:0x80025ce4 x15=0xce400000
          43172	      2057	80004f26	eb0d6097	auipc	x1,0xeb0d6	  x1=0x6b0daf26
          43192	      2058	80004f2a	008aabb3	slt	x23,x21,x8	 x21:0x00000000  x8:0x80021e34 x23=0x00000000
          43212	      2059	80004f2e	41de5a93	srai	x21,x28,0x1d	 x28:0x0000000b x21=0x00000000
          43312	      2064	80004f32	3406a073	csrrs	x0,mscratch,x13	 x13:0xffffff8a  x0=0x00000000
          43332	      2065	80004f36	a0e3fd13	andi	x26,x7,-1522	  x7:0xfbb87966 x26=0xfbb87806
          44072	      2102	80004f3a	02a85e33	divu	x28,x16,x10	 x16:0x00000000 x10:0xf137ca85 x28=0x00000000
          44092	      2103	80004f3e	34007bf3	csrrci	x23,mscratch,0	 x23=0xffffffbf
          44112	      2104	80004f42	8d0d	c.sub	x10,x11	 x10:0xf137ca85 x11:0x0000000d x10=0xf137ca78
          44132	      2105	80004f44	01939bb3	sll	x23,x7,x25	  x7:0xfbb87966 x25:0x80000000 x23=0xfbb87966
          44172	      2107	80004f48	03c9f1b3	remu	x3,x19,x28	 x19:0x00000000 x28:0x00000000  x3=0x00000000
          44192	      2108	80004f4c	340262f3	csrrsi	x5,mscratch,4	  x5=0xffffffbf
          44212	      2109	80004f50	aad38a17	auipc	x20,0xaad38	 x20=0x2ad3cf50
          44232	      2110	80004f54	01f768b3	or	x17,x14,x31	 x14:0x0000000d x31:0xdf753255 x17=0xdf75325d
          44352	      2116	80004f58	00b39e13	slli	x28,x7,0xb	  x7:0xfbb87966 x28=0xc3cb3000
          44652	      2131	80004f5c	8ea1	c.xor	x13,x8	 x13:0xffffff8a  x8:0x80021e34 x13=0x7ffde1be
          44672	      2132	80004f5e	00f2cb33	xor	x22,x5,x15	  x5:0xffffffbf x15:0xce400000 x22=0x31bfffbf
          44692	      2133	80004f62	8716	c.mv	x14,x5	  x0:0x00000000  x5:0xffffffbf x14=0xffffffbf
          44712	      2134	80004f64	40df0e33	sub	x28,x30,x13	 x30:0x80025ce4 x13:0x7ffde1be x28=0x00047b26
          45112	      2154	80004f68	340551f3	csrrwi	x3,mscratch,10	  x3=0xffffffbf
          45312	      2164	80004f6c	00d72eb3	slt	x29,x14,x13	 x14:0xffffffbf x13:0x7ffde1be x29=0x00000001
          45412	      2169	80004f70	01d46263	bltu	x8,x29,80004f74	  x8:0x80021e34 x29:0x00000001
          45432	      2170	80004f74	c7cddab7	lui	x21,0xc7cdd	 x21=0xc7cdd000
          45592	      2178	80004f78	34007173	csrrci	x2,mscratch,0	  x2=0x0000000a
          46332	      2215	80004f7c	028e6b33	rem	x22,x28,x8	 x28:0x00047b26  x8:0x80021e34 x22=0x00047b26
          47072	      2252	80004f80	03ad5733	divu	x14,x26,x26	 x26:0xfbb87806 x26:0xfbb87806 x14=0x00000001
          47092	      2253	80004f84	717d	c.addi16sp	x2,-16	  x2:0x0000000a  x2=0xfffffffa
          47112	      2254	80004f86	0ff0000f	fence	iorw,iorw	
          47132	      2255	80004f8a	01718e33	add	x28,x3,x23	  x3:0xffffffbf x23:0xfbb87966 x28=0xfbb87925
          47152	      2256	80004f8e	c995	c.beqz	x11,80004fc2	 x11:0x0000000d
          47192	      2258	80004f90	0270b933	mulhu	x18,x1,x7	  x1:0x6b0daf26  x7:0xfbb87966 x18=0x69438f54
          47212	      2259	80004f94	02dae563	bltu	x21,x13,80004fbe	 x21:0xc7cdd000 x13:0x7ffde1be
          47232	      2260	80004f98	6e0d	c.lui	x28,0x3	 x28=0x00003000
          47252	      2261	80004f9a	0529d063	bge	x19,x18,80004fda	 x19:0x00000000 x18:0x69438f54
          47272	      2262	80004f9e	8535	c.srai	x10,0xd	 x10:0xf137ca78 x10=0xffff89be
          47292	      2263	80004fa0	005f5c33	srl	x24,x30,x5	 x30:0x80025ce4  x5:0xffffffbf x24=0x00000001
          47312	      2264	80004fa4	5e883513	sltiu	x10,x16,1512	 x16:0x00000000 x10=0x00000001
          47432	      2270	80004fa8	41a2d7b3	sra	x15,x5,x26	  x5:0xffffffbf x26:0xfbb87806 x15=0xfffffffe
          47872	      2292	80004fac	b7b86193	ori	x3,x16,-1157	 x16:0x00000000  x3=0xfffffb7b
          48272	      2312	80004fb0	01e109b3	add	x19,x2,x30	  x2:0xfffffffa x30:0x80025ce4 x19=0x80025cde
          48292	      2313	80004fb4	00940863	beq	x8,x9,80004fc4	  x8:0x80021e34  x9:0x0000000f
          48312	      2314	80004fb8	00d31c33	sll	x24,x6,x13	  x6:0x800033de x13:0x7ffde1be x24=0x80000000
          48332	      2315	80004fbc	815d	c.srli	x10,0x17	 x10:0x00000001 x10=0x00000000
          48512	      2324	80004fbe	3401dc73	csrrwi	x24,mscratch,3	 x24=0x0000000a
          48532	      2325	80004fc2	8d06	c.mv	x26,x1	  x0:0x00000000  x1:0x6b0daf26 x26=0x6b0daf26
          48872	      2342	80004fc4	8d85	c.sub	x11,x9	 x11:0x0000000d  x9:0x0000000f x11=0xfffffffe
          49292	      2363	80004fc6	eedf4a93	xori	x21,x30,-275	 x30:0x80025ce4 x21=0x7ffda209
          49312	      2364	80004fca	0001	c.addi	x0,0	  x0:0x00000000  x0=0x00000000
          49332	      2365	80004fcc	01ac5633	srl	x12,x24,x26	 x24:0x0000000a x26:0x6b0daf26 x12=0x00000000
          49372	      2367	80004fd0	d6ad08b7	lui	x17,0xd6ad0	 x17=0xd6ad0000
          49392	      2368	80004fd4	85a9	c.srai	x11,0xa	 x11:0xfffffffe x11=0xffffffff
          49412	      2369	80004fd6	340d7873	csrrci	x16,mscratch,26	 x16=0x00000003
          49472	      2372	80004fda	037d16b3	mulh	x13,x26,x23	 x26:0x6b0daf26 x23:0xfbb87966 x13=0xfe35e02e
          49492	      2373	80004fde	02714563	blt	x2,x7,80005008	  x2:0xfffffffa  x7:0xfbb87966
          49512	      2374	80004fe2	340021f3	csrrs	x3,mscratch,x0	  x0:0x00000000  x3=0x00000001
          49532	      2375	80004fe6	340598f3	csrrw	x17,mscratch,x11	 x11:0xffffffff x17=0x00000001
          49712	      2384	80004fea	00b15713	srli	x14,x2,0xb	  x2:0xfffffffa x14=0x001fffff
          49732	      2385	80004fee	aa494593	xori	x11,x18,-1372	 x18:0x69438f54 x11=0x96bc75f0
          49772	      2387	80004ff2	03d891b3	mulh	x3,x17,x29	 x17:0x00000001 x29:0x00000001  x3=0x00000000
          49792	      2388	80004ff6	83bd	c.srli	x15,0xf	 x15:0xfffffffe x15=0x0001ffff
          49932	      2395	80004ff8	3400ba73	csrrc	x20,mscratch,x1	  x1:0x6b0daf26 x20=0xffffffff
          50132	      2405	80004ffc	5a7d	c.li	x20,-1	 x20=0xffffffff
          50152	      2406	80004ffe	00e24ab3	xor	x21,x4,x14	  x4:0x00000000 x14:0x001fffff x21=0x001fffff
          50252	      2411	80005002	000a9e13	slli	x28,x21,0x0	 x21:0x001fffff x28=0x001fffff
          50272	      2412	80005006	9bfd	c.andi	x15,-1	 x15:0x0001ffff x15=0x0001ffff
          50292	      2413	80005008	029bd363	bge	x23,x9,8000502e	 x23:0xfbb87966  x9:0x0000000f
          50492	      2423	8000500c	8c7a	c.mv	x24,x30	  x0:0x00000000 x30:0x80025ce4 x24=0x80025ce4
          51252	      2461	8000500e	03eef3b3	remu	x7,x29,x30	 x29:0x00000001 x30:0x80025ce4  x7=0x00000001
          51272	      2462	80005012	05489163	bne	x17,x20,80005054	 x17:0x00000001 x20:0xffffffff
          51492	      2473	80005054	01a72ab3	slt	x21,x14,x26	 x14:0x001fffff x26:0x6b0daf26 x21=0x00000001
          51532	      2475	80005058	414d8ab3	sub	x21,x27,x20	 x27:0x00008000 x20:0xffffffff x21=0x00008001
          51552	      2476	8000505c	01d483b3	add	x7,x9,x29	  x9:0x0000000f x29:0x00000001  x7=0x00000010
          51612	      2479	80005060	0044a833	slt	x16,x9,x4	  x9:0x0000000f  x4:0x00000000 x16=0x00000000
          51732	      2485	80005064	00cb5d33	srl	x26,x22,x12	 x22:0x00047b26 x12:0x00000000 x26=0x00047b26
          51752	      2486	80005068	0191c263	blt	x3,x25,8000506c	  x3:0x00000000 x25:0x80000000
          51872	      2492	8000506c	8965	c.andi	x10,25	 x10:0x00000000 x10=0x00000000
          51892	      2493	8000506e	001e0833	add	x16,x28,x1	 x28:0x001fffff  x1:0x6b0daf26 x16=0x6b2daf25
          51912	      2494	80005072	139c	c.addi4spn	x15,x2,480	 x15=0x000001da
          51932	      2495	80005074	9bfd	c.andi	x15,-1	 x15:0x000001da x15=0x000001da
          52132	      2505	80005076	23fec593	xori	x11,x29,575	 x29:0x00000001 x11=0x0000023e
          52532	      2525	8000507a	0331a033	mulhsu	x0,x3,x19	  x3:0x00000000 x19:0x80025cde  x0=0x00000000
          52552	      2526	8000507e	8655	c.srai	x12,0x15	 x12:0x00000000 x12=0x00000000
          52712	      2534	80005080	c585	c.beqz	x11,800050a8	 x11:0x0000023e
          52832	      2540	80005082	4029de93	srai	x29,x19,0x2	 x19:0x80025cde x29=0xe0009737
          52852	      2541	80005086	3406e173	csrrsi	x2,mscratch,13	  x2=0x94f250d9
          53012	      2549	8000508a	01bd2033	slt	x0,x26,x27	 x26:0x00047b26 x27:0x00008000  x0=0x00000000
          53112	      2554	8000508e	0000100f	fence.i	
          53432	      2570	80005092	00cfde33	srl	x28,x31,x12	 x31:0xdf753255 x12:0x00000000 x28=0xdf753255
          53452	      2571	80005096	03f3c693	xori	x13,x7,63	  x7:0x00000010 x13=0x0000002f
          53472	      2572	8000509a	8de2	c.mv	x27,x24	  x0:0x00000000 x24:0x80025ce4 x27=0x80025ce4
          53632	      2580	8000509c	5bfcfa93	andi	x21,x25,1471	 x25:0x80000000 x21=0x00000000
          53652	      2581	800050a0	01801f63	bne	x0,x24,800050be	  x0:0x00000000 x24:0x80025ce4
          54772	      2637	800050be	046c7063	bgeu	x24,x6,800050fe	 x24:0x80025ce4  x6:0x800033de
          55472	      2672	800050fe	00c3e833	or	x16,x7,x12	  x7:0x00000010 x12:0x00000000 x16=0x00000010
          55492	      2673	80005102	34002573	csrrs	x10,mscratch,x0	  x0:0x00000000 x10=0x94f250dd
          55512	      2674	80005106	0001	c.addi	x0,0	  x0:0x00000000  x0=0x00000000
          55572	      2677	80005108	180c	c.addi4spn	x11,x2,48	 x11=0x94f25109
          55592	      2678	8000510a	03ba7463	bgeu	x20,x27,80005132	 x20:0xffffffff x27:0x80025ce4
          56132	      2705	80005132	00275bb3	srl	x23,x14,x2	 x14:0x001fffff  x2:0x94f250d9 x23=0x00000000
          56152	      2706	80005136	8e32	c.mv	x28,x12	  x0:0x00000000 x12:0x00000000 x28=0x00000000
          56172	      2707	80005138	c6f18c13	addi	x24,x3,-913	  x3:0x00000000 x24=0xfffffc6f
          56532	      2725	8000513c	89c5	c.andi	x11,17	 x11:0x94f25109 x11=0x00000001
          56552	      2726	8000513e	01e45ab3	srl	x21,x8,x30	  x8:0x80021e34 x30:0x80025ce4 x21=0x080021e3
          56572	      2727	80005142	8d21	c.xor	x10,x8	 x10:0x94f250dd  x8:0x80021e34 x10=0x14f04ee9
          56592	      2728	80005144	879ec913	xori	x18,x29,-1927	 x29:0xe0009737 x18=0x1fff6f4e
          56692	      2733	80005148	34043673	csrrc	x12,mscratch,x8	  x8:0x80021e34 x12=0x94f250dd
          56792	      2738	8000514c	0de00813	addi	x16,x0,222	  x0:0x00000000 x16=0x000000de
          56852	      2741	80005150	6139	c.addi16sp	x2,448	  x2:0x94f250d9  x2=0x94f25299
          56992	      2748	80005152	40bbd813	srai	x16,x23,0xb	 x23:0x00000000 x16=0x00000000
          57012	      2749	80005156	95b2	c.add	x11,x12	 x11:0x00000001 x12:0x94f250dd x11=0x94f250de
          57112	      2754	80005158	023fbb33	mulhu	x22,x31,x3	 x31:0xdf753255  x3:0x00000000 x22=0x00000000
          57472	      2772	8000515c	8fc1	c.or	x15,x8	 x15:0x000001da  x8:0x80021e34 x15=0x80021ffe
          57492	      2773	8000515e	01ac9133	sll	x2,x25,x26	 x25:0x80000000 x26:0x00047b26  x2=0x00000000
          57512	      2774	80005162	1da74b13	xori	x22,x14,474	 x14:0x001fffff x22=0x001ffe25
          57532	      2775	80005166	fa2bb713	sltiu	x14,x23,-94	 x23:0x00000000 x14=0x00000001
          57552	      2776	8000516a	8279	c.srli	x12,0x1e	 x12:0x94f250dd x12=0x00000002
          57572	      2777	8000516c	8ede	c.mv	x29,x23	  x0:0x00000000 x23:0x00000000 x29=0x00000000
          57692	      2783	8000516e	00786263	bltu	x16,x7,80005172	 x16:0x00000000  x7:0x00000010
          57972	      2797	80005172	0001	c.addi	x0,0	  x0:0x00000000  x0=0x00000000
          58132	      2805	80005174	01f4b333	sltu	x6,x9,x31	  x9:0x0000000f x31:0xdf753255  x6=0x00000001
          58452	      2821	80005178	340517f3	csrrw	x15,mscratch,x10	 x10:0x14f04ee9 x15=0x14f040c9
          58692	      2833	8000517c	015cb8b3	sltu	x17,x25,x21	 x25:0x80000000 x21:0x080021e3 x17=0x00000000
          58712	      2834	80005180	6a824d13	xori	x26,x4,1704	  x4:0x00000000 x26=0x000006a8
          58732	      2835	80005184	8645	c.srai	x12,0x11	 x12:0x00000002 x12=0x00000000
          58872	      2842	80005186	006e1913	slli	x18,x28,0x6	 x28:0x00000000 x18=0x00000000
          58892	      2843	8000518a	c209	c.beqz	x12,8000518c	 x12:0x00000000
          59212	      2859	8000518c	03abe563	bltu	x23,x26,800051b6	 x23:0x00000000 x26:0x000006a8
          60292	      2913	800051b6	41b608b3	sub	x17,x12,x27	 x12:0x00000000 x27:0x80025ce4 x17=0x7ffda31c
          60472	      2922	800051ba	ee13b513	sltiu	x10,x7,-287	  x7:0x00000010 x10=0x00000001
          60612	      2929	800051be	f351f5b7	lui	x11,0xf351f	 x11=0xf351f000
          60632	      2930	800051c2	86e9	c.srai	x13,0x1a	 x13:0x0000002f x13=0x00000000
          60872	      2942	800051c4	340430f3	csrrc	x1,mscratch,x8	  x8:0x80021e34  x1=0x14f04ee9
          60892	      2943	800051c8	8196	c.mv	x3,x5	  x0:0x00000000  x5:0xffffffbf  x3=0xffffffbf
          60932	      2945	800051ca	02683c33	mulhu	x24,x16,x6	 x16:0x00000000  x6:0x00000001 x24=0x00000000
          61672	      2982	800051ce	02ebe2b3	rem	x5,x23,x14	 x23:0x00000000 x14:0x00000001  x5=0x00000000
          61692	      2983	800051d2	01afd133	srl	x2,x31,x26	 x31:0xdf753255 x26:0x000006a8  x2=0x00df7532
          61712	      2984	800051d6	41b55893	srai	x17,x10,0x1b	 x10:0x00000001 x17=0x00000000
          61732	      2985	800051da	886a	c.mv	x16,x26	  x0:0x00000000 x26:0x000006a8 x16=0x000006a8
          61752	      2986	800051dc	34003d73	csrrc	x26,mscratch,x0	  x0:0x00000000 x26=0x14f040c9
          61772	      2987	800051e0	0126fd63	bgeu	x13,x18,800051fa	 x13:0x00000000 x18:0x00000000
          62212	      3009	800051fa	c4662e93	slti	x29,x12,-954	 x12:0x00000000 x29=0x00000000
          62392	      3018	800051fe	0000100f	fence.i	
          63052	      3051	80005202	0001	c.addi	x0,0	  x0:0x00000000  x0=0x00000000
          63072	      3052	80005204	403d56b3	sra	x13,x26,x3	 x26:0x14f040c9  x3:0xffffffbf x13=0x00000000
          63492	      3073	80005208	8db1	c.xor	x11,x12	 x11:0xf351f000 x12:0x00000000 x11=0xf351f000
          63532	      3075	8000520a	03247a33	remu	x20,x8,x18	  x8:0x80021e34 x18:0x00000000 x20=0x80021e34
          63552	      3076	8000520e	8f41	c.or	x14,x8	 x14:0x00000001  x8:0x80021e34 x14=0x80021e35
          63572	      3077	80005210	009a1213	slli	x4,x20,0x9	 x20:0x80021e34  x4=0x043c6800
          63812	      3089	80005214	12c08d93	addi	x27,x1,300	  x1:0x14f04ee9 x27=0x14f05015
          64232	      3110	80005218	252c7f93	andi	x31,x24,594	 x24:0x00000000 x31=0x00000000
          64252	      3111	8000521c	3d9ef293	andi	x5,x29,985	 x29:0x00000000  x5=0x00000000
          64272	      3112	80005220	4971	c.li	x18,28	 x18=0x0000001c
          64292	      3113	80005222	717d	c.addi16sp	x2,-16	  x2:0x00df7532  x2=0x00df7522
          64692	      3133	80005224	8efd	c.and	x13,x15	 x13:0x00000000 x15:0x14f040c9 x13=0x00000000
          64712	      3134	80005226	f19870b7	lui	x1,0xf1987	  x1=0xf1987000
          64732	      3135	8000522a	a4106193	ori	x3,x0,-1471	  x0:0x00000000  x3=0xfffffa41
          64752	      3136	8000522e	00977633	and	x12,x14,x9	 x14:0x80021e35  x9:0x0000000f x12=0x00000005
          65112	      3154	80005232	0310a233	mulhsu	x4,x1,x17	  x1:0xf1987000 x17:0x00000000  x4=0x00000000
          65152	      3156	80005236	0395a7b3	mulhsu	x15,x11,x25	 x11:0xf351f000 x25:0x80000000 x15=0xf9a8f800
          65172	      3157	8000523a	010c3db3	sltu	x27,x24,x16	 x24:0x00000000 x16:0x000006a8 x27=0x00000001
          65192	      3158	8000523e	41390633	sub	x12,x18,x19	 x18:0x0000001c x19:0x80025cde x12=0x7ffda33e
          65212	      3159	80005242	0001	c.addi	x0,0	  x0:0x00000000  x0=0x00000000
          65232	      3160	80005244	34006173	csrrsi	x2,mscratch,0	  x2=0x14f040c9
          65252	      3161	80005248	010faa33	slt	x20,x31,x16	 x31:0x00000000 x16:0x000006a8 x20=0x00000001
          65592	      3178	8000524c	8179	c.srli	x10,0x1e	 x10:0x00000001 x10=0x00000000
          65612	      3179	8000524e	34007773	csrrci	x14,mscratch,0	 x14=0x14f040c9
          65632	      3180	80005252	0157e263	bltu	x15,x21,80005256	 x15:0xf9a8f800 x21:0x080021e3
          65832	      3190	80005256	00fbdf93	srli	x31,x23,0xf	 x23:0x00000000 x31=0x00000000
          65912	      3194	8000525a	0048b4b3	sltu	x9,x17,x4	 x17:0x00000000  x4:0x00000000  x9=0x00000000
          66192	      3208	8000525e	0ff0000f	fence	iorw,iorw	
          66212	      3209	80005262	8c8d	c.sub	x9,x11	  x9:0x00000000 x11:0xf351f000  x9=0x0cae1000
          66232	      3210	80005264	035d8a33	mul	x20,x27,x21	 x27:0x00000001 x21:0x080021e3 x20=0x080021e3
          66252	      3211	80005268	8ca9	c.xor	x9,x10	  x9:0x0cae1000 x10:0x00000000  x9=0x0cae1000
          66452	      3221	8000526a	0311f4b3	remu	x9,x3,x17	  x3:0xfffffa41 x17:0x00000000  x9=0xfffffa41
          66652	      3231	8000526e	0ff0000f	fence	iorw,iorw	
          66672	      3232	80005272	06be	c.slli	x13,0xf	 x13:0x00000000 x13=0x00000000
          67072	      3252	80005274	0275	c.addi	x4,29	  x4:0x00000000  x4=0x0000001d
          67092	      3253	80005276	ef85	c.bnez	x15,800052ae	 x15:0xf9a8f800
          67532	      3275	800052ae	03d8dbb3	divu	x23,x17,x29	 x17:0x00000000 x29:0x00000000 x23=0xffffffff
          67552	      3276	800052b2	68fcc393	xori	x7,x25,1679	 x25:0x80000000  x7=0x8000068f
          67572	      3277	800052b6	0001	c.addi	x0,0	  x0:0x00000000  x0=0x00000000
          67592	      3278	800052b8	01ed02b3	add	x5,x26,x30	 x26:0x14f040c9 x30:0x80025ce4  x5=0x94f29dad
          67632	      3280	800052bc	030bb5b3	mulhu	x11,x23,x16	 x23:0xffffffff x16:0x000006a8 x11=0x000006a7
          67652	      3281	800052c0	41948033	sub	x0,x9,x25	  x9:0xfffffa41 x25:0x80000000  x0=0x00000000
          67832	      3290	800052c4	053a	c.slli	x10,0xe	 x10:0x00000000 x10=0x00000000
          67852	      3291	800052c6	00fbc7b3	xor	x15,x23,x15	 x23:0xffffffff x15:0xf9a8f800 x15=0x065707ff
          67872	      3292	800052ca	34079e73	csrrw	x28,mscratch,x15	 x15:0x065707ff x28=0x14f040c9
          67892	      3293	800052ce	40d48b33	sub	x22,x9,x13	  x9:0xfffffa41 x13:0x00000000 x22=0xfffffa41
          67912	      3294	800052d2	717d	c.addi16sp	x2,-16	  x2:0x14f040c9  x2=0x14f040b9
          68652	      3331	800052d4	02feceb3	div	x29,x29,x15	 x29:0x00000000 x15:0x065707ff x29=0x00000000
          68672	      3332	800052d8	00cf9333	sll	x6,x31,x12	 x31:0x00000000 x12:0x7ffda33e  x6=0x00000000
          68692	      3333	800052dc	d161b837	lui	x16,0xd161b	 x16=0xd161b000
          68712	      3334	800052e0	0001	c.addi	x0,0	  x0:0x00000000  x0=0x00000000
          68732	      3335	800052e2	340911f3	csrrw	x3,mscratch,x18	 x18:0x0000001c  x3=0x065707ff
          68752	      3336	800052e6	41d2d393	srai	x7,x5,0x1d	  x5:0x94f29dad  x7=0xfffffffc
          68772	      3337	800052ea	008fd033	srl	x0,x31,x8	 x31:0x00000000  x8:0x80021e34  x0=0x00000000
          68792	      3338	800052ee	0001	c.addi	x0,0	  x0:0x00000000  x0=0x00000000
          68812	      3339	800052f0	00738d33	add	x26,x7,x7	  x7:0xfffffffc  x7:0xfffffffc x26=0xfffffff8
          68992	      3348	800052f4	004a5593	srli	x11,x20,0x4	 x20:0x080021e3 x11=0x0080021e
          69032	      3350	800052f8	42dedf97	auipc	x31,0x42ded	 x31=0xc2df22f8
          69132	      3355	800052fc	0147d713	srli	x14,x15,0x14	 x15:0x065707ff x14=0x00000065
          69552	      3376	80005300	41ec03b3	sub	x7,x24,x30	 x24:0x00000000 x30:0x80025ce4  x7=0x7ffda31c
          69692	      3383	80005304	3407b073	csrrc	x0,mscratch,x15	 x15:0x065707ff  x0=0x00000000
          69712	      3384	80005308	009da733	slt	x14,x27,x9	 x27:0x00000001  x9:0xfffffa41 x14=0x00000000
          69732	      3385	8000530c	020fd363	bge	x31,x0,80005332	 x31:0xc2df22f8  x0:0x00000000
          69912	      3394	80005310	012d5863	bge	x26,x18,80005320	 x26:0xfffffff8 x18:0x0000001c
          69932	      3395	80005314	01f7d293	srli	x5,x15,0x1f	 x15:0x065707ff  x5=0x00000000
          69952	      3396	80005318	00a44d63	blt	x8,x10,80005332	  x8:0x80021e34 x10:0x00000000
          70752	      3436	80005332	01625463	bge	x4,x22,8000533a	  x4:0x0000001d x22:0xfffffa41
          71232	      3460	8000533a	8eb5	c.xor	x13,x13	 x13:0x00000000 x13:0x00000000 x13=0x00000000
          71432	      3470	8000533c	0ef4a193	slti	x3,x9,239	  x9:0xfffffa41  x3=0x00000001
          71632	      3480	80005340	01e9a2b3	slt	x5,x19,x30	 x19:0x80025cde x30:0x80025ce4  x5=0x00000001
          71772	      3487	80005344	41385593	srai	x11,x16,0x13	 x16:0xd161b000 x11=0xfffffa2c
          71932	      3495	80005348	02aca133	mulhsu	x2,x25,x10	 x25:0x80000000 x10:0x00000000  x2=0x00000000
          71952	      3496	8000534c	00a09963	bne	x1,x10,8000535e	  x1:0xf1987000 x10:0x00000000
          72992	      3548	8000535e	02e80ab3	mul	x21,x16,x14	 x16:0xd161b000 x14:0x00000000 x21=0x00000000
          73012	      3549	80005362	00f0cd63	blt	x1,x15,8000537c	  x1:0xf1987000 x15:0x065707ff
          73472	      3572	8000537c	80ad	c.srli	x9,0xb	  x9:0xfffffa41  x9=0x001fffff
          73912	      3594	8000537e	026cc0b3	div	x1,x25,x6	 x25:0x80000000  x6:0x00000000  x1=0xffffffff
          73952	      3596	80005382	029a3733	mulhu	x14,x20,x9	 x20:0x080021e3  x9:0x001fffff x14=0x00010004
          73972	      3597	80005386	34002af3	csrrs	x21,mscratch,x0	  x0:0x00000000 x21=0x00000000
          73992	      3598	8000538a	9a8d0593	addi	x11,x26,-1624	 x26:0xfffffff8 x11=0xfffff9a0
          74012	      3599	8000538e	41cb5db3	sra	x27,x22,x28	 x22:0xfffffa41 x28:0x14f040c9 x27=0xfffffffd
          74392	      3618	80005392	031889b3	mul	x19,x17,x17	 x17:0x00000000 x17:0x00000000 x19=0x00000000
          74432	      3620	80005396	036a2533	mulhsu	x10,x20,x22	 x20:0x080021e3 x22:0xfffffa41 x10=0x080021b5
          75172	      3657	8000539a	039d51b3	divu	x3,x26,x25	 x26:0xfffffff8 x25:0x80000000  x3=0x00000000
