UVM_FATAL /runtime_only_unique_aauo.sv(1) @ 1: runtime_only_unique_failure_aauo normalization resistant timing marker
RUNTIME_ONLY_CASE=561 SOURCE_A=benchmark_set_2:10
Mismatch[1]:
ibex[74] : pc[8000019c] c.addi x29,6: t4:00000000
RUNTIME_ONLY_COMBINE SOURCE_B=benchmark_set_1:7
riscv_csr_test.0 : [FAILED]
000000000 RUNTIME_ONLY neutral retire case=00561 pc=0x80011f10 opcode=beq x17=0x80011f10
000000001 RUNTIME_ONLY neutral retire case=00561 pc=0x80011f14 opcode=csrrw x18=0x80011f15
000000002 RUNTIME_ONLY neutral retire case=00561 pc=0x80011f18 opcode=xor x19=0x80011f1a
000000003 RUNTIME_ONLY neutral retire case=00561 pc=0x80011f1c opcode=addi x20=0x80011f1f
000000004 RUNTIME_ONLY neutral retire case=00561 pc=0x80011f20 opcode=lw x21=0x80011f24
000000005 RUNTIME_ONLY neutral retire case=00561 pc=0x80011f24 opcode=sw x22=0x80011f21
000000006 RUNTIME_ONLY neutral retire case=00561 pc=0x80011f28 opcode=beq x23=0x80011f2e
000000007 RUNTIME_ONLY neutral retire case=00561 pc=0x80011f2c opcode=csrrw x24=0x80011f2b
000000008 RUNTIME_ONLY neutral retire case=00561 pc=0x80011f30 opcode=xor x25=0x80011f38
000000009 RUNTIME_ONLY neutral retire case=00561 pc=0x80011f34 opcode=addi x26=0x80011f3d
000000010 RUNTIME_ONLY neutral retire case=00561 pc=0x80011f38 opcode=lw x27=0x80011f32
000000011 RUNTIME_ONLY neutral retire case=00561 pc=0x80011f3c opcode=sw x28=0x80011f37
000000012 RUNTIME_ONLY neutral retire case=00561 pc=0x80011f40 opcode=beq x29=0x80011f4c
000000013 RUNTIME_ONLY neutral retire case=00561 pc=0x80011f44 opcode=csrrw x30=0x80011f49
000000014 RUNTIME_ONLY neutral retire case=00561 pc=0x80011f48 opcode=xor x31=0x80011f46
000000015 RUNTIME_ONLY neutral retire case=00561 pc=0x80011f4c opcode=addi x0=0x80011f43
