UVM_FATAL /runtime_only_unique_aaaz.sv(1) @ 1: runtime_only_unique_failure_aaaz normalization resistant timing marker
RUNTIME_ONLY_CASE=26 SOURCE_A=benchmark_set_2:19
Mismatch[1]:
ibex[633] : pc[80000aa0] remu x26,x17,x10: s10:0000005d
RUNTIME_ONLY_COMBINE SOURCE_B=benchmark_set_1:3
riscv_multiple_interrupt_test.0 : [FAILED]
000000000 RUNTIME_ONLY neutral retire case=00026 pc=0x80000d4c opcode=sw x26=0x80000d4c
000000001 RUNTIME_ONLY neutral retire case=00026 pc=0x80000d50 opcode=beq x27=0x80000d51
000000002 RUNTIME_ONLY neutral retire case=00026 pc=0x80000d54 opcode=csrrw x28=0x80000d56
000000003 RUNTIME_ONLY neutral retire case=00026 pc=0x80000d58 opcode=xor x29=0x80000d5b
000000004 RUNTIME_ONLY neutral retire case=00026 pc=0x80000d5c opcode=addi x30=0x80000d58
000000005 RUNTIME_ONLY neutral retire case=00026 pc=0x80000d60 opcode=lw x31=0x80000d65
000000006 RUNTIME_ONLY neutral retire case=00026 pc=0x80000d64 opcode=sw x0=0x80000d62
000000007 RUNTIME_ONLY neutral retire case=00026 pc=0x80000d68 opcode=beq x1=0x80000d6f
000000008 RUNTIME_ONLY neutral retire case=00026 pc=0x80000d6c opcode=csrrw x2=0x80000d64
000000009 RUNTIME_ONLY neutral retire case=00026 pc=0x80000d70 opcode=xor x3=0x80000d79
000000010 RUNTIME_ONLY neutral retire case=00026 pc=0x80000d74 opcode=addi x4=0x80000d7e
000000011 RUNTIME_ONLY neutral retire case=00026 pc=0x80000d78 opcode=lw x5=0x80000d73
000000012 RUNTIME_ONLY neutral retire case=00026 pc=0x80000d7c opcode=sw x6=0x80000d70
000000013 RUNTIME_ONLY neutral retire case=00026 pc=0x80000d80 opcode=beq x7=0x80000d8d
000000014 RUNTIME_ONLY neutral retire case=00026 pc=0x80000d84 opcode=csrrw x8=0x80000d8a
000000015 RUNTIME_ONLY neutral retire case=00026 pc=0x80000d88 opcode=xor x9=0x80000d87
000000016 RUNTIME_ONLY neutral retire case=00026 pc=0x80000d8c opcode=addi x10=0x80000d9c
000000017 RUNTIME_ONLY neutral retire case=00026 pc=0x80000d90 opcode=lw x11=0x80000d81
000000018 RUNTIME_ONLY neutral retire case=00026 pc=0x80000d94 opcode=sw x12=0x80000d86
000000019 RUNTIME_ONLY neutral retire case=00026 pc=0x80000d98 opcode=beq x13=0x80000d8b
000000020 RUNTIME_ONLY neutral retire case=00026 pc=0x80000d9c opcode=csrrw x14=0x80000d88
000000021 RUNTIME_ONLY neutral retire case=00026 pc=0x80000da0 opcode=xor x15=0x80000db5
000000022 RUNTIME_ONLY neutral retire case=00026 pc=0x80000da4 opcode=addi x16=0x80000db2
000000023 RUNTIME_ONLY neutral retire case=00026 pc=0x80000da8 opcode=lw x17=0x80000dbf
000000024 RUNTIME_ONLY neutral retire case=00026 pc=0x80000dac opcode=sw x18=0x80000db4
000000025 RUNTIME_ONLY neutral retire case=00026 pc=0x80000db0 opcode=beq x19=0x80000da9
000000026 RUNTIME_ONLY neutral retire case=00026 pc=0x80000db4 opcode=csrrw x20=0x80000dae
000000027 RUNTIME_ONLY neutral retire case=00026 pc=0x80000db8 opcode=xor x21=0x80000da3
000000028 RUNTIME_ONLY neutral retire case=00026 pc=0x80000dbc opcode=addi x22=0x80000da0
000000029 RUNTIME_ONLY neutral retire case=00026 pc=0x80000dc0 opcode=lw x23=0x80000ddd
000000030 RUNTIME_ONLY neutral retire case=00026 pc=0x80000dc4 opcode=sw x24=0x80000dda
000000031 RUNTIME_ONLY neutral retire case=00026 pc=0x80000dc8 opcode=beq x25=0x80000dd7
000000032 RUNTIME_ONLY neutral retire case=00026 pc=0x80000dcc opcode=csrrw x26=0x80000dec
000000033 RUNTIME_ONLY neutral retire case=00026 pc=0x80000dd0 opcode=xor x27=0x80000df1
000000034 RUNTIME_ONLY neutral retire case=00026 pc=0x80000dd4 opcode=addi x28=0x80000df6
000000035 RUNTIME_ONLY neutral retire case=00026 pc=0x80000dd8 opcode=lw x29=0x80000dfb
000000036 RUNTIME_ONLY neutral retire case=00026 pc=0x80000ddc opcode=sw x30=0x80000df8
000000037 RUNTIME_ONLY neutral retire case=00026 pc=0x80000de0 opcode=beq x31=0x80000dc5
000000038 RUNTIME_ONLY neutral retire case=00026 pc=0x80000de4 opcode=csrrw x0=0x80000dc2
000000039 RUNTIME_ONLY neutral retire case=00026 pc=0x80000de8 opcode=xor x1=0x80000dcf
000000040 RUNTIME_ONLY neutral retire case=00026 pc=0x80000dec opcode=addi x2=0x80000dc4
000000041 RUNTIME_ONLY neutral retire case=00026 pc=0x80000df0 opcode=lw x3=0x80000dd9
000000042 RUNTIME_ONLY neutral retire case=00026 pc=0x80000df4 opcode=sw x4=0x80000dde
000000043 RUNTIME_ONLY neutral retire case=00026 pc=0x80000df8 opcode=beq x5=0x80000dd3
000000044 RUNTIME_ONLY neutral retire case=00026 pc=0x80000dfc opcode=csrrw x6=0x80000dd0
000000045 RUNTIME_ONLY neutral retire case=00026 pc=0x80000e00 opcode=xor x7=0x80000e2d
000000046 RUNTIME_ONLY neutral retire case=00026 pc=0x80000e04 opcode=addi x8=0x80000e2a
000000047 RUNTIME_ONLY neutral retire case=00026 pc=0x80000e08 opcode=lw x9=0x80000e27
000000048 RUNTIME_ONLY neutral retire case=00026 pc=0x80000e0c opcode=sw x10=0x80000e3c
000000049 RUNTIME_ONLY neutral retire case=00026 pc=0x80000e10 opcode=beq x11=0x80000e21
000000050 RUNTIME_ONLY neutral retire case=00026 pc=0x80000e14 opcode=csrrw x12=0x80000e26
000000051 RUNTIME_ONLY neutral retire case=00026 pc=0x80000e18 opcode=xor x13=0x80000e2b
000000052 RUNTIME_ONLY neutral retire case=00026 pc=0x80000e1c opcode=addi x14=0x80000e28
000000053 RUNTIME_ONLY neutral retire case=00026 pc=0x80000e20 opcode=lw x15=0x80000e15
000000054 RUNTIME_ONLY neutral retire case=00026 pc=0x80000e24 opcode=sw x16=0x80000e12
000000055 RUNTIME_ONLY neutral retire case=00026 pc=0x80000e28 opcode=beq x17=0x80000e1f
000000056 RUNTIME_ONLY neutral retire case=00026 pc=0x80000e2c opcode=csrrw x18=0x80000e14
000000057 RUNTIME_ONLY neutral retire case=00026 pc=0x80000e30 opcode=xor x19=0x80000e09
000000058 RUNTIME_ONLY neutral retire case=00026 pc=0x80000e34 opcode=addi x20=0x80000e0e
000000059 RUNTIME_ONLY neutral retire case=00026 pc=0x80000e38 opcode=lw x21=0x80000e03
000000060 RUNTIME_ONLY neutral retire case=00026 pc=0x80000e3c opcode=sw x22=0x80000e00
000000061 RUNTIME_ONLY neutral retire case=00026 pc=0x80000e40 opcode=beq x23=0x80000e7d
000000062 RUNTIME_ONLY neutral retire case=00026 pc=0x80000e44 opcode=csrrw x24=0x80000e7a
000000063 RUNTIME_ONLY neutral retire case=00026 pc=0x80000e48 opcode=xor x25=0x80000e77
000000064 RUNTIME_ONLY neutral retire case=00026 pc=0x80000e4c opcode=addi x26=0x80000e0c
000000065 RUNTIME_ONLY neutral retire case=00026 pc=0x80000e50 opcode=lw x27=0x80000e11
000000066 RUNTIME_ONLY neutral retire case=00026 pc=0x80000e54 opcode=sw x28=0x80000e16
000000067 RUNTIME_ONLY neutral retire case=00026 pc=0x80000e58 opcode=beq x29=0x80000e1b
000000068 RUNTIME_ONLY neutral retire case=00026 pc=0x80000e5c opcode=csrrw x30=0x80000e18
000000069 RUNTIME_ONLY neutral retire case=00026 pc=0x80000e60 opcode=xor x31=0x80000e25
000000070 RUNTIME_ONLY neutral retire case=00026 pc=0x80000e64 opcode=addi x0=0x80000e22
000000071 RUNTIME_ONLY neutral retire case=00026 pc=0x80000e68 opcode=lw x1=0x80000e2f
000000072 RUNTIME_ONLY neutral retire case=00026 pc=0x80000e6c opcode=sw x2=0x80000e24
000000073 RUNTIME_ONLY neutral retire case=00026 pc=0x80000e70 opcode=beq x3=0x80000e39
