UVM_FATAL /runtime_only_unique_aadc.sv(1) @ 1: runtime_only_unique_failure_aadc normalization resistant timing marker
RUNTIME_ONLY_CASE=107 SOURCE_A=benchmark_set_2:4
riscv_single_interrupt_test.0 : [FAILED]
RUNTIME_ONLY_COMBINE SOURCE_B=benchmark_set_2:22
spike[231] : pc[ffffffff80000464] c.lui t3, 0x9: t3:00009000
[FAILED]: 377 matched, 11187 mismatch
000000000 RUNTIME_ONLY neutral retire case=00107 pc=0x800036c0 opcode=xor x11=0x800036c0
000000001 RUNTIME_ONLY neutral retire case=00107 pc=0x800036c4 opcode=addi x12=0x800036c5
000000002 RUNTIME_ONLY neutral retire case=00107 pc=0x800036c8 opcode=lw x13=0x800036ca
000000003 RUNTIME_ONLY neutral retire case=00107 pc=0x800036cc opcode=sw x14=0x800036cf
000000004 RUNTIME_ONLY neutral retire case=00107 pc=0x800036d0 opcode=beq x15=0x800036d4
000000005 RUNTIME_ONLY neutral retire case=00107 pc=0x800036d4 opcode=csrrw x16=0x800036d1
000000006 RUNTIME_ONLY neutral retire case=00107 pc=0x800036d8 opcode=xor x17=0x800036de
000000007 RUNTIME_ONLY neutral retire case=00107 pc=0x800036dc opcode=addi x18=0x800036db
000000008 RUNTIME_ONLY neutral retire case=00107 pc=0x800036e0 opcode=lw x19=0x800036e8
000000009 RUNTIME_ONLY neutral retire case=00107 pc=0x800036e4 opcode=sw x20=0x800036ed
000000010 RUNTIME_ONLY neutral retire case=00107 pc=0x800036e8 opcode=beq x21=0x800036e2
000000011 RUNTIME_ONLY neutral retire case=00107 pc=0x800036ec opcode=csrrw x22=0x800036e7
000000012 RUNTIME_ONLY neutral retire case=00107 pc=0x800036f0 opcode=xor x23=0x800036fc
000000013 RUNTIME_ONLY neutral retire case=00107 pc=0x800036f4 opcode=addi x24=0x800036f9
000000014 RUNTIME_ONLY neutral retire case=00107 pc=0x800036f8 opcode=lw x25=0x800036f6
000000015 RUNTIME_ONLY neutral retire case=00107 pc=0x800036fc opcode=sw x26=0x800036f3
