UVM_FATAL /runtime_only_unique_aaef.sv(1) @ 1: runtime_only_unique_failure_aaef normalization resistant timing marker
RUNTIME_ONLY_CASE=136 SOURCE_A=benchmark_set_2:1
Mismatch[1]:
ibex[31157] : pc[8002c47c] ori x16,x3,903: a6:00000387
RUNTIME_ONLY_COMBINE SOURCE_B=benchmark_set_1:5
riscv_single_interrupt_test.0 : [FAILED]
000000000 RUNTIME_ONLY neutral retire case=00136 pc=0x80004598 opcode=csrrw x8=0x80004598
000000001 RUNTIME_ONLY neutral retire case=00136 pc=0x8000459c opcode=xor x9=0x8000459d
000000002 RUNTIME_ONLY neutral retire case=00136 pc=0x800045a0 opcode=addi x10=0x800045a2
000000003 RUNTIME_ONLY neutral retire case=00136 pc=0x800045a4 opcode=lw x11=0x800045a7
000000004 RUNTIME_ONLY neutral retire case=00136 pc=0x800045a8 opcode=sw x12=0x800045ac
000000005 RUNTIME_ONLY neutral retire case=00136 pc=0x800045ac opcode=beq x13=0x800045a9
000000006 RUNTIME_ONLY neutral retire case=00136 pc=0x800045b0 opcode=csrrw x14=0x800045b6
000000007 RUNTIME_ONLY neutral retire case=00136 pc=0x800045b4 opcode=xor x15=0x800045b3
000000008 RUNTIME_ONLY neutral retire case=00136 pc=0x800045b8 opcode=addi x16=0x800045b0
000000009 RUNTIME_ONLY neutral retire case=00136 pc=0x800045bc opcode=lw x17=0x800045b5
000000010 RUNTIME_ONLY neutral retire case=00136 pc=0x800045c0 opcode=sw x18=0x800045ca
000000011 RUNTIME_ONLY neutral retire case=00136 pc=0x800045c4 opcode=beq x19=0x800045cf
000000012 RUNTIME_ONLY neutral retire case=00136 pc=0x800045c8 opcode=csrrw x20=0x800045c4
000000013 RUNTIME_ONLY neutral retire case=00136 pc=0x800045cc opcode=xor x21=0x800045c1
000000014 RUNTIME_ONLY neutral retire case=00136 pc=0x800045d0 opcode=addi x22=0x800045de
000000015 RUNTIME_ONLY neutral retire case=00136 pc=0x800045d4 opcode=lw x23=0x800045db
000000016 RUNTIME_ONLY neutral retire case=00136 pc=0x800045d8 opcode=sw x24=0x800045c8
000000017 RUNTIME_ONLY neutral retire case=00136 pc=0x800045dc opcode=beq x25=0x800045cd
000000018 RUNTIME_ONLY neutral retire case=00136 pc=0x800045e0 opcode=csrrw x26=0x800045f2
000000019 RUNTIME_ONLY neutral retire case=00136 pc=0x800045e4 opcode=xor x27=0x800045f7
000000020 RUNTIME_ONLY neutral retire case=00136 pc=0x800045e8 opcode=addi x28=0x800045fc
000000021 RUNTIME_ONLY neutral retire case=00136 pc=0x800045ec opcode=lw x29=0x800045f9
000000022 RUNTIME_ONLY neutral retire case=00136 pc=0x800045f0 opcode=sw x30=0x800045e6
000000023 RUNTIME_ONLY neutral retire case=00136 pc=0x800045f4 opcode=beq x31=0x800045e3
000000024 RUNTIME_ONLY neutral retire case=00136 pc=0x800045f8 opcode=csrrw x0=0x800045e0
000000025 RUNTIME_ONLY neutral retire case=00136 pc=0x800045fc opcode=xor x1=0x800045e5
000000026 RUNTIME_ONLY neutral retire case=00136 pc=0x80004600 opcode=addi x2=0x8000461a
000000027 RUNTIME_ONLY neutral retire case=00136 pc=0x80004604 opcode=lw x3=0x8000461f
000000028 RUNTIME_ONLY neutral retire case=00136 pc=0x80004608 opcode=sw x4=0x80004614
000000029 RUNTIME_ONLY neutral retire case=00136 pc=0x8000460c opcode=beq x5=0x80004611
000000030 RUNTIME_ONLY neutral retire case=00136 pc=0x80004610 opcode=csrrw x6=0x8000460e
000000031 RUNTIME_ONLY neutral retire case=00136 pc=0x80004614 opcode=xor x7=0x8000460b
000000032 RUNTIME_ONLY neutral retire case=00136 pc=0x80004618 opcode=addi x8=0x80004638
000000033 RUNTIME_ONLY neutral retire case=00136 pc=0x8000461c opcode=lw x9=0x8000463d
000000034 RUNTIME_ONLY neutral retire case=00136 pc=0x80004620 opcode=sw x10=0x80004602
000000035 RUNTIME_ONLY neutral retire case=00136 pc=0x80004624 opcode=beq x11=0x80004607
000000036 RUNTIME_ONLY neutral retire case=00136 pc=0x80004628 opcode=csrrw x12=0x8000460c
000000037 RUNTIME_ONLY neutral retire case=00136 pc=0x8000462c opcode=xor x13=0x80004609
000000038 RUNTIME_ONLY neutral retire case=00136 pc=0x80004630 opcode=addi x14=0x80004616
000000039 RUNTIME_ONLY neutral retire case=00136 pc=0x80004634 opcode=lw x15=0x80004613
000000040 RUNTIME_ONLY neutral retire case=00136 pc=0x80004638 opcode=sw x16=0x80004610
000000041 RUNTIME_ONLY neutral retire case=00136 pc=0x8000463c opcode=beq x17=0x80004615
000000042 RUNTIME_ONLY neutral retire case=00136 pc=0x80004640 opcode=csrrw x18=0x8000466a
000000043 RUNTIME_ONLY neutral retire case=00136 pc=0x80004644 opcode=xor x19=0x8000466f
000000044 RUNTIME_ONLY neutral retire case=00136 pc=0x80004648 opcode=addi x20=0x80004664
000000045 RUNTIME_ONLY neutral retire case=00136 pc=0x8000464c opcode=lw x21=0x80004661
000000046 RUNTIME_ONLY neutral retire case=00136 pc=0x80004650 opcode=sw x22=0x8000467e
000000047 RUNTIME_ONLY neutral retire case=00136 pc=0x80004654 opcode=beq x23=0x8000467b
000000048 RUNTIME_ONLY neutral retire case=00136 pc=0x80004658 opcode=csrrw x24=0x80004668
000000049 RUNTIME_ONLY neutral retire case=00136 pc=0x8000465c opcode=xor x25=0x8000466d
000000050 RUNTIME_ONLY neutral retire case=00136 pc=0x80004660 opcode=addi x26=0x80004652
000000051 RUNTIME_ONLY neutral retire case=00136 pc=0x80004664 opcode=lw x27=0x80004657
000000052 RUNTIME_ONLY neutral retire case=00136 pc=0x80004668 opcode=sw x28=0x8000465c
000000053 RUNTIME_ONLY neutral retire case=00136 pc=0x8000466c opcode=beq x29=0x80004659
000000054 RUNTIME_ONLY neutral retire case=00136 pc=0x80004670 opcode=csrrw x30=0x80004646
000000055 RUNTIME_ONLY neutral retire case=00136 pc=0x80004674 opcode=xor x31=0x80004643
000000056 RUNTIME_ONLY neutral retire case=00136 pc=0x80004678 opcode=addi x0=0x80004640
000000057 RUNTIME_ONLY neutral retire case=00136 pc=0x8000467c opcode=lw x1=0x80004645
000000058 RUNTIME_ONLY neutral retire case=00136 pc=0x80004680 opcode=sw x2=0x800046ba
000000059 RUNTIME_ONLY neutral retire case=00136 pc=0x80004684 opcode=beq x3=0x800046bf
000000060 RUNTIME_ONLY neutral retire case=00136 pc=0x80004688 opcode=csrrw x4=0x800046b4
000000061 RUNTIME_ONLY neutral retire case=00136 pc=0x8000468c opcode=xor x5=0x800046b1
000000062 RUNTIME_ONLY neutral retire case=00136 pc=0x80004690 opcode=addi x6=0x800046ae
000000063 RUNTIME_ONLY neutral retire case=00136 pc=0x80004694 opcode=lw x7=0x800046ab
000000064 RUNTIME_ONLY neutral retire case=00136 pc=0x80004698 opcode=sw x8=0x800046d8
000000065 RUNTIME_ONLY neutral retire case=00136 pc=0x8000469c opcode=beq x9=0x800046dd
000000066 RUNTIME_ONLY neutral retire case=00136 pc=0x800046a0 opcode=csrrw x10=0x800046e2
000000067 RUNTIME_ONLY neutral retire case=00136 pc=0x800046a4 opcode=xor x11=0x800046e7
000000068 RUNTIME_ONLY neutral retire case=00136 pc=0x800046a8 opcode=addi x12=0x800046ec
000000069 RUNTIME_ONLY neutral retire case=00136 pc=0x800046ac opcode=lw x13=0x800046e9
000000070 RUNTIME_ONLY neutral retire case=00136 pc=0x800046b0 opcode=sw x14=0x800046f6
000000071 RUNTIME_ONLY neutral retire case=00136 pc=0x800046b4 opcode=beq x15=0x800046f3
000000072 RUNTIME_ONLY neutral retire case=00136 pc=0x800046b8 opcode=csrrw x16=0x800046f0
000000073 RUNTIME_ONLY neutral retire case=00136 pc=0x800046bc opcode=xor x17=0x800046f5
000000074 RUNTIME_ONLY neutral retire case=00136 pc=0x800046c0 opcode=addi x18=0x8000468a
