UVM_FATAL /runtime_only_unique_aakl.sv(1) @ 1: runtime_only_unique_failure_aakl normalization resistant timing marker
RUNTIME_ONLY_CASE=298 SOURCE_A=benchmark_set_2:3
Mismatch[1]:
ibex[653] : pc[80000ab2] remu x26,x17,x10: s10:0000005d
RUNTIME_ONLY_COMBINE SOURCE_B=benchmark_set_2:12
riscv_mem_error_test.0 : [FAILED]
000000000 RUNTIME_ONLY neutral retire case=00298 pc=0x8000987c opcode=csrrw x10=0x8000987c
000000001 RUNTIME_ONLY neutral retire case=00298 pc=0x80009880 opcode=xor x11=0x80009881
000000002 RUNTIME_ONLY neutral retire case=00298 pc=0x80009884 opcode=addi x12=0x80009886
000000003 RUNTIME_ONLY neutral retire case=00298 pc=0x80009888 opcode=lw x13=0x8000988b
000000004 RUNTIME_ONLY neutral retire case=00298 pc=0x8000988c opcode=sw x14=0x80009888
000000005 RUNTIME_ONLY neutral retire case=00298 pc=0x80009890 opcode=beq x15=0x80009895
000000006 RUNTIME_ONLY neutral retire case=00298 pc=0x80009894 opcode=csrrw x16=0x80009892
000000007 RUNTIME_ONLY neutral retire case=00298 pc=0x80009898 opcode=xor x17=0x8000989f
000000008 RUNTIME_ONLY neutral retire case=00298 pc=0x8000989c opcode=addi x18=0x80009894
000000009 RUNTIME_ONLY neutral retire case=00298 pc=0x800098a0 opcode=lw x19=0x800098a9
000000010 RUNTIME_ONLY neutral retire case=00298 pc=0x800098a4 opcode=sw x20=0x800098ae
000000011 RUNTIME_ONLY neutral retire case=00298 pc=0x800098a8 opcode=beq x21=0x800098a3
000000012 RUNTIME_ONLY neutral retire case=00298 pc=0x800098ac opcode=csrrw x22=0x800098a0
000000013 RUNTIME_ONLY neutral retire case=00298 pc=0x800098b0 opcode=xor x23=0x800098bd
000000014 RUNTIME_ONLY neutral retire case=00298 pc=0x800098b4 opcode=addi x24=0x800098ba
000000015 RUNTIME_ONLY neutral retire case=00298 pc=0x800098b8 opcode=lw x25=0x800098b7
000000016 RUNTIME_ONLY neutral retire case=00298 pc=0x800098bc opcode=sw x26=0x800098ac
000000017 RUNTIME_ONLY neutral retire case=00298 pc=0x800098c0 opcode=beq x27=0x800098d1
000000018 RUNTIME_ONLY neutral retire case=00298 pc=0x800098c4 opcode=csrrw x28=0x800098d6
000000019 RUNTIME_ONLY neutral retire case=00298 pc=0x800098c8 opcode=xor x29=0x800098db
000000020 RUNTIME_ONLY neutral retire case=00298 pc=0x800098cc opcode=addi x30=0x800098d8
000000021 RUNTIME_ONLY neutral retire case=00298 pc=0x800098d0 opcode=lw x31=0x800098c5
000000022 RUNTIME_ONLY neutral retire case=00298 pc=0x800098d4 opcode=sw x0=0x800098c2
000000023 RUNTIME_ONLY neutral retire case=00298 pc=0x800098d8 opcode=beq x1=0x800098cf
000000024 RUNTIME_ONLY neutral retire case=00298 pc=0x800098dc opcode=csrrw x2=0x800098c4
000000025 RUNTIME_ONLY neutral retire case=00298 pc=0x800098e0 opcode=xor x3=0x800098f9
000000026 RUNTIME_ONLY neutral retire case=00298 pc=0x800098e4 opcode=addi x4=0x800098fe
000000027 RUNTIME_ONLY neutral retire case=00298 pc=0x800098e8 opcode=lw x5=0x800098f3
000000028 RUNTIME_ONLY neutral retire case=00298 pc=0x800098ec opcode=sw x6=0x800098f0
000000029 RUNTIME_ONLY neutral retire case=00298 pc=0x800098f0 opcode=beq x7=0x800098ed
000000030 RUNTIME_ONLY neutral retire case=00298 pc=0x800098f4 opcode=csrrw x8=0x800098ea
000000031 RUNTIME_ONLY neutral retire case=00298 pc=0x800098f8 opcode=xor x9=0x800098e7
000000032 RUNTIME_ONLY neutral retire case=00298 pc=0x800098fc opcode=addi x10=0x800098dc
000000033 RUNTIME_ONLY neutral retire case=00298 pc=0x80009900 opcode=lw x11=0x80009921
000000034 RUNTIME_ONLY neutral retire case=00298 pc=0x80009904 opcode=sw x12=0x80009926
000000035 RUNTIME_ONLY neutral retire case=00298 pc=0x80009908 opcode=beq x13=0x8000992b
000000036 RUNTIME_ONLY neutral retire case=00298 pc=0x8000990c opcode=csrrw x14=0x80009928
000000037 RUNTIME_ONLY neutral retire case=00298 pc=0x80009910 opcode=xor x15=0x80009935
000000038 RUNTIME_ONLY neutral retire case=00298 pc=0x80009914 opcode=addi x16=0x80009932
000000039 RUNTIME_ONLY neutral retire case=00298 pc=0x80009918 opcode=lw x17=0x8000993f
000000040 RUNTIME_ONLY neutral retire case=00298 pc=0x8000991c opcode=sw x18=0x80009934
000000041 RUNTIME_ONLY neutral retire case=00298 pc=0x80009920 opcode=beq x19=0x80009909
000000042 RUNTIME_ONLY neutral retire case=00298 pc=0x80009924 opcode=csrrw x20=0x8000990e
000000043 RUNTIME_ONLY neutral retire case=00298 pc=0x80009928 opcode=xor x21=0x80009903
000000044 RUNTIME_ONLY neutral retire case=00298 pc=0x8000992c opcode=addi x22=0x80009900
000000045 RUNTIME_ONLY neutral retire case=00298 pc=0x80009930 opcode=lw x23=0x8000991d
000000046 RUNTIME_ONLY neutral retire case=00298 pc=0x80009934 opcode=sw x24=0x8000991a
000000047 RUNTIME_ONLY neutral retire case=00298 pc=0x80009938 opcode=beq x25=0x80009917
000000048 RUNTIME_ONLY neutral retire case=00298 pc=0x8000993c opcode=csrrw x26=0x8000990c
000000049 RUNTIME_ONLY neutral retire case=00298 pc=0x80009940 opcode=xor x27=0x80009971
000000050 RUNTIME_ONLY neutral retire case=00298 pc=0x80009944 opcode=addi x28=0x80009976
000000051 RUNTIME_ONLY neutral retire case=00298 pc=0x80009948 opcode=lw x29=0x8000997b
000000052 RUNTIME_ONLY neutral retire case=00298 pc=0x8000994c opcode=sw x30=0x80009978
000000053 RUNTIME_ONLY neutral retire case=00298 pc=0x80009950 opcode=beq x31=0x80009965
000000054 RUNTIME_ONLY neutral retire case=00298 pc=0x80009954 opcode=csrrw x0=0x80009962
000000055 RUNTIME_ONLY neutral retire case=00298 pc=0x80009958 opcode=xor x1=0x8000996f
000000056 RUNTIME_ONLY neutral retire case=00298 pc=0x8000995c opcode=addi x2=0x80009964
000000057 RUNTIME_ONLY neutral retire case=00298 pc=0x80009960 opcode=lw x3=0x80009959
000000058 RUNTIME_ONLY neutral retire case=00298 pc=0x80009964 opcode=sw x4=0x8000995e
000000059 RUNTIME_ONLY neutral retire case=00298 pc=0x80009968 opcode=beq x5=0x80009953
000000060 RUNTIME_ONLY neutral retire case=00298 pc=0x8000996c opcode=csrrw x6=0x80009950
000000061 RUNTIME_ONLY neutral retire case=00298 pc=0x80009970 opcode=xor x7=0x8000994d
000000062 RUNTIME_ONLY neutral retire case=00298 pc=0x80009974 opcode=addi x8=0x8000994a
000000063 RUNTIME_ONLY neutral retire case=00298 pc=0x80009978 opcode=lw x9=0x80009947
000000064 RUNTIME_ONLY neutral retire case=00298 pc=0x8000997c opcode=sw x10=0x8000993c
000000065 RUNTIME_ONLY neutral retire case=00298 pc=0x80009980 opcode=beq x11=0x800099c1
000000066 RUNTIME_ONLY neutral retire case=00298 pc=0x80009984 opcode=csrrw x12=0x800099c6
000000067 RUNTIME_ONLY neutral retire case=00298 pc=0x80009988 opcode=xor x13=0x800099cb
000000068 RUNTIME_ONLY neutral retire case=00298 pc=0x8000998c opcode=addi x14=0x800099c8
000000069 RUNTIME_ONLY neutral retire case=00298 pc=0x80009990 opcode=lw x15=0x800099d5
000000070 RUNTIME_ONLY neutral retire case=00298 pc=0x80009994 opcode=sw x16=0x800099d2
000000071 RUNTIME_ONLY neutral retire case=00298 pc=0x80009998 opcode=beq x17=0x800099df
000000072 RUNTIME_ONLY neutral retire case=00298 pc=0x8000999c opcode=csrrw x18=0x800099d4
000000073 RUNTIME_ONLY neutral retire case=00298 pc=0x800099a0 opcode=xor x19=0x800099e9
000000074 RUNTIME_ONLY neutral retire case=00298 pc=0x800099a4 opcode=addi x20=0x800099ee
000000075 RUNTIME_ONLY neutral retire case=00298 pc=0x800099a8 opcode=lw x21=0x800099e3
