Time	Cycle	PC	Insn	Decoded instruction	Register and memory contents
          18694	       833	80000080	40001237	lui	x4,0x40001	  x4=0x40001000
          18714	       834	80000084	10620213	addi	x4,x4,262	  x4:0x40001000  x4=0x40001106
          18934	       845	80000088	30121073	csrrw	x0,misa,x4	  x4:0x40001106  x0=0x00000000
          18994	       848	8000008c	00026e17	auipc	x28,0x26	 x28=0x8002608c
          19014	       849	80000090	c58e0e13	addi	x28,x28,-936	 x28:0x8002608c x28=0x80025ce4
          19034	       850	80000094	00002217	auipc	x4,0x2	  x4=0x80002094
          19054	       851	80000098	66c20213	addi	x4,x4,1644	  x4:0x80002094  x4=0x80002700
          19294	       863	8000009c	00126213	ori	x4,x4,1	  x4:0x80002700  x4=0x80002701
          19314	       864	800000a0	30521073	csrrw	x0,mtvec,x4	  x4:0x80002701  x0=0x00000000
          19374	       867	800000a4	74725073	csrrwi	x0,0x747,4	  x0=0x00000000
          19654	       881	800000a8	00003f97	auipc	x31,0x3	 x31=0x800030a8
          19674	       882	800000ac	444f8f93	addi	x31,x31,1092	 x31:0x800030a8 x31=0x800034ec
          19854	       891	800000b0	4201	c.li	x4,0	  x4=0x00000000
          19874	       892	800000b2	9f92	c.add	x31,x4	 x31:0x800034ec  x4:0x00000000 x31=0x800034ec
          20114	       904	800000b4	002fdf93	srli	x31,x31,0x2	 x31:0x800034ec x31=0x20000d3b
          20134	       905	800000b8	3b0f9073	csrrw	x0,pmpaddr0,x31	 x31:0x20000d3b  x0=0x00000000
          20194	       908	800000bc	00003f97	auipc	x31,0x3	 x31=0x800030bc
          20354	       916	800000c0	430f8f93	addi	x31,x31,1072	 x31:0x800030bc x31=0x800034ec
          20654	       931	800000c4	11111237	lui	x4,0x11111	  x4=0x11111000
          20674	       932	800000c8	11120213	addi	x4,x4,273	  x4:0x11111000  x4=0x11111111
          20694	       933	800000cc	9f92	c.add	x31,x4	 x31:0x800034ec  x4:0x11111111 x31=0x911145fd
          20714	       934	800000ce	002fdf93	srli	x31,x31,0x2	 x31:0x911145fd x31=0x2444517f
          21074	       952	800000d2	3b1f9073	csrrw	x0,pmpaddr1,x31	 x31:0x2444517f  x0=0x00000000
          21234	       960	800000d6	00003f97	auipc	x31,0x3	 x31=0x800030d6
          21654	       981	800000da	416f8f93	addi	x31,x31,1046	 x31:0x800030d6 x31=0x800034ec
          21914	       994	800000de	22222237	lui	x4,0x22222	  x4=0x22222000
          21934	       995	800000e2	22220213	addi	x4,x4,546	  x4:0x22222000  x4=0x22222222
          21954	       996	800000e6	9f92	c.add	x31,x4	 x31:0x800034ec  x4:0x22222222 x31=0xa222570e
          21994	       998	800000e8	002fdf93	srli	x31,x31,0x2	 x31:0xa222570e x31=0x288895c3
          22014	       999	800000ec	3b2f9073	csrrw	x0,pmpaddr2,x31	 x31:0x288895c3  x0=0x00000000
          22074	      1002	800000f0	00003f97	auipc	x31,0x3	 x31=0x800030f0
          22094	      1003	800000f4	3fcf8f93	addi	x31,x31,1020	 x31:0x800030f0 x31=0x800034ec
          22454	      1021	800000f8	33333237	lui	x4,0x33333	  x4=0x33333000
          22474	      1022	800000fc	33320213	addi	x4,x4,819	  x4:0x33333000  x4=0x33333333
          22494	      1023	80000100	9f92	c.add	x31,x4	 x31:0x800034ec  x4:0x33333333 x31=0xb333681f
          22554	      1026	80000102	002fdf93	srli	x31,x31,0x2	 x31:0xb333681f x31=0x2cccda07
          22974	      1047	80000106	3b3f9073	csrrw	x0,pmpaddr3,x31	 x31:0x2cccda07  x0=0x00000000
          23034	      1050	8000010a	0f0f1fb7	lui	x31,0xf0f1	 x31=0x0f0f1000
          23054	      1051	8000010e	f0ff8f93	addi	x31,x31,-241	 x31:0x0f0f1000 x31=0x0f0f0f0f
          23074	      1052	80000112	3a0f9073	csrrw	x0,pmpcfg0,x31	 x31:0x0f0f0f0f  x0=0x00000000
          23134	      1055	80000116	00003f97	auipc	x31,0x3	 x31=0x80003116
          23154	      1056	8000011a	3d6f8f93	addi	x31,x31,982	 x31:0x80003116 x31=0x800034ec
          23594	      1078	8000011e	44444237	lui	x4,0x44444	  x4=0x44444000
          23614	      1079	80000122	44420213	addi	x4,x4,1092	  x4:0x44444000  x4=0x44444444
          23634	      1080	80000126	9f92	c.add	x31,x4	 x31:0x800034ec  x4:0x44444444 x31=0xc4447930
          23654	      1081	80000128	002fdf93	srli	x31,x31,0x2	 x31:0xc4447930 x31=0x31111e4c
          23674	      1082	8000012c	3b4f9073	csrrw	x0,pmpaddr4,x31	 x31:0x31111e4c  x0=0x00000000
          23754	      1086	80000130	00003f97	auipc	x31,0x3	 x31=0x80003130
          23774	      1087	80000134	3bcf8f93	addi	x31,x31,956	 x31:0x80003130 x31=0x800034ec
          23794	      1088	80000138	55555237	lui	x4,0x55555	  x4=0x55555000
          23854	      1091	8000013c	55520213	addi	x4,x4,1365	  x4:0x55555000  x4=0x55555555
          23874	      1092	80000140	9f92	c.add	x31,x4	 x31:0x800034ec  x4:0x55555555 x31=0xd5558a41
          23914	      1094	80000142	002fdf93	srli	x31,x31,0x2	 x31:0xd5558a41 x31=0x35556290
          24334	      1115	80000146	3b5f9073	csrrw	x0,pmpaddr5,x31	 x31:0x35556290  x0=0x00000000
          24394	      1118	8000014a	00003f97	auipc	x31,0x3	 x31=0x8000314a
          24414	      1119	8000014e	3a2f8f93	addi	x31,x31,930	 x31:0x8000314a x31=0x800034ec
          24434	      1120	80000152	66666237	lui	x4,0x66666	  x4=0x66666000
          24454	      1121	80000156	66620213	addi	x4,x4,1638	  x4:0x66666000  x4=0x66666666
          24474	      1122	8000015a	9f92	c.add	x31,x4	 x31:0x800034ec  x4:0x66666666 x31=0xe6669b52
          24534	      1125	8000015c	002fdf93	srli	x31,x31,0x2	 x31:0xe6669b52 x31=0x3999a6d4
          24854	      1141	80000160	3b6f9073	csrrw	x0,pmpaddr6,x31	 x31:0x3999a6d4  x0=0x00000000
          24914	      1144	80000164	00003f97	auipc	x31,0x3	 x31=0x80003164
          24934	      1145	80000168	388f8f93	addi	x31,x31,904	 x31:0x80003164 x31=0x800034ec
          24954	      1146	8000016c	77777237	lui	x4,0x77777	  x4=0x77777000
          25174	      1157	80000170	77720213	addi	x4,x4,1911	  x4:0x77777000  x4=0x77777777
          25254	      1161	80000174	9f92	c.add	x31,x4	 x31:0x800034ec  x4:0x77777777 x31=0xf777ac63
          25534	      1175	80000176	002fdf93	srli	x31,x31,0x2	 x31:0xf777ac63 x31=0x3dddeb18
          25554	      1176	8000017a	3b7f9073	csrrw	x0,pmpaddr7,x31	 x31:0x3dddeb18  x0=0x00000000
          25614	      1179	8000017e	0f0f1fb7	lui	x31,0xf0f1	 x31=0x0f0f1000
          25994	      1198	80000182	f0ff8f93	addi	x31,x31,-241	 x31:0x0f0f1000 x31=0x0f0f0f0f
          26074	      1202	80000186	3a1f9073	csrrw	x0,pmpcfg1,x31	 x31:0x0f0f0f0f  x0=0x00000000
          26454	      1221	8000018a	00003f97	auipc	x31,0x3	 x31=0x8000318a
          26574	      1227	8000018e	362f8f93	addi	x31,x31,866	 x31:0x8000318a x31=0x800034ec
          26594	      1228	80000192	88889237	lui	x4,0x88889	  x4=0x88889000
          27014	      1249	80000196	88820213	addi	x4,x4,-1912	  x4:0x88889000  x4=0x88888888
          27034	      1250	8000019a	9f92	c.add	x31,x4	 x31:0x800034ec  x4:0x88888888 x31=0x0888bd74
          27054	      1251	8000019c	002fdf93	srli	x31,x31,0x2	 x31:0x0888bd74 x31=0x02222f5d
          27114	      1254	800001a0	3b8f9073	csrrw	x0,pmpaddr8,x31	 x31:0x02222f5d  x0=0x00000000
          27254	      1261	800001a4	00003f97	auipc	x31,0x3	 x31=0x800031a4
          27274	      1262	800001a8	348f8f93	addi	x31,x31,840	 x31:0x800031a4 x31=0x800034ec
          27294	      1263	800001ac	9999a237	lui	x4,0x9999a	  x4=0x9999a000
          27414	      1269	800001b0	99920213	addi	x4,x4,-1639	  x4:0x9999a000  x4=0x99999999
          27514	      1274	800001b4	9f92	c.add	x31,x4	 x31:0x800034ec  x4:0x99999999 x31=0x1999ce85
          27534	      1275	800001b6	002fdf93	srli	x31,x31,0x2	 x31:0x1999ce85 x31=0x066673a1
          27934	      1295	800001ba	3b9f9073	csrrw	x0,pmpaddr9,x31	 x31:0x066673a1  x0=0x00000000
          27994	      1298	800001be	00003f97	auipc	x31,0x3	 x31=0x800031be
          28014	      1299	800001c2	32ef8f93	addi	x31,x31,814	 x31:0x800031be x31=0x800034ec
          28034	      1300	800001c6	aaaab237	lui	x4,0xaaaab	  x4=0xaaaab000
          28054	      1301	800001ca	aaa20213	addi	x4,x4,-1366	  x4:0xaaaab000  x4=0xaaaaaaaa
          28074	      1302	800001ce	9f92	c.add	x31,x4	 x31:0x800034ec  x4:0xaaaaaaaa x31=0x2aaadf96
          28154	      1306	800001d0	002fdf93	srli	x31,x31,0x2	 x31:0x2aaadf96 x31=0x0aaab7e5
          28174	      1307	800001d4	3baf9073	csrrw	x0,pmpaddr10,x31	 x31:0x0aaab7e5  x0=0x00000000
          28234	      1310	800001d8	00003f97	auipc	x31,0x3	 x31=0x800031d8
          28614	      1329	800001dc	314f8f93	addi	x31,x31,788	 x31:0x800031d8 x31=0x800034ec
          28634	      1330	800001e0	bbbbc237	lui	x4,0xbbbbc	  x4=0xbbbbc000
          28834	      1340	800001e4	bbb20213	addi	x4,x4,-1093	  x4:0xbbbbc000  x4=0xbbbbbbbb
          28854	      1341	800001e8	9f92	c.add	x31,x4	 x31:0x800034ec  x4:0xbbbbbbbb x31=0x3bbbf0a7
          29274	      1362	800001ea	002fdf93	srli	x31,x31,0x2	 x31:0x3bbbf0a7 x31=0x0eeefc29
          29294	      1363	800001ee	3bbf9073	csrrw	x0,pmpaddr11,x31	 x31:0x0eeefc29  x0=0x00000000
          29354	      1366	800001f2	0f0f1fb7	lui	x31,0xf0f1	 x31=0x0f0f1000
          29374	      1367	800001f6	f0ff8f93	addi	x31,x31,-241	 x31:0x0f0f1000 x31=0x0f0f0f0f
          29554	      1376	800001fa	3a2f9073	csrrw	x0,pmpcfg2,x31	 x31:0x0f0f0f0f  x0=0x00000000
          29614	      1379	800001fe	00003f97	auipc	x31,0x3	 x31=0x800031fe
          29634	      1380	80000202	2eef8f93	addi	x31,x31,750	 x31:0x800031fe x31=0x800034ec
          29654	      1381	80000206	ccccd237	lui	x4,0xccccd	  x4=0xccccd000
          29694	      1383	8000020a	ccc20213	addi	x4,x4,-820	  x4:0xccccd000  x4=0xcccccccc
          29714	      1384	8000020e	9f92	c.add	x31,x4	 x31:0x800034ec  x4:0xcccccccc x31=0x4ccd01b8
          29734	      1385	80000210	002fdf93	srli	x31,x31,0x2	 x31:0x4ccd01b8 x31=0x1333406e
          29874	      1392	80000214	3bcf9073	csrrw	x0,pmpaddr12,x31	 x31:0x1333406e  x0=0x00000000
          29934	      1395	80000218	00003f97	auipc	x31,0x3	 x31=0x80003218
          30174	      1407	8000021c	2d4f8f93	addi	x31,x31,724	 x31:0x80003218 x31=0x800034ec
          30194	      1408	80000220	dddde237	lui	x4,0xdddde	  x4=0xdddde000
          30614	      1429	80000224	ddd20213	addi	x4,x4,-547	  x4:0xdddde000  x4=0xdddddddd
          30654	      1431	80000228	9f92	c.add	x31,x4	 x31:0x800034ec  x4:0xdddddddd x31=0x5dde12c9
          30814	      1439	8000022a	002fdf93	srli	x31,x31,0x2	 x31:0x5dde12c9 x31=0x177784b2
          30834	      1440	8000022e	3bdf9073	csrrw	x0,pmpaddr13,x31	 x31:0x177784b2  x0=0x00000000
          30894	      1443	80000232	00003f97	auipc	x31,0x3	 x31=0x80003232
          30914	      1444	80000236	2baf8f93	addi	x31,x31,698	 x31:0x80003232 x31=0x800034ec
          30934	      1445	8000023a	eeeef237	lui	x4,0xeeeef	  x4=0xeeeef000
          31074	      1452	8000023e	eee20213	addi	x4,x4,-274	  x4:0xeeeef000  x4=0xeeeeeeee
          31094	      1453	80000242	9f92	c.add	x31,x4	 x31:0x800034ec  x4:0xeeeeeeee x31=0x6eef23da
          31274	      1462	80000244	002fdf93	srli	x31,x31,0x2	 x31:0x6eef23da x31=0x1bbbc8f6
          31694	      1483	80000248	3bef9073	csrrw	x0,pmpaddr14,x31	 x31:0x1bbbc8f6  x0=0x00000000
          31894	      1493	8000024c	00003f97	auipc	x31,0x3	 x31=0x8000324c
          31994	      1498	80000250	2a0f8f93	addi	x31,x31,672	 x31:0x8000324c x31=0x800034ec
          32154	      1506	80000254	fff00213	addi	x4,x0,-1	  x0:0x00000000  x4=0xffffffff
          32174	      1507	80000258	9f92	c.add	x31,x4	 x31:0x800034ec  x4:0xffffffff x31=0x800034eb
          32374	      1517	8000025a	002fdf93	srli	x31,x31,0x2	 x31:0x800034eb x31=0x20000d3a
          32454	      1521	8000025e	3bff9073	csrrw	x0,pmpaddr15,x31	 x31:0x20000d3a  x0=0x00000000
          32514	      1524	80000262	0f0f1fb7	lui	x31,0xf0f1	 x31=0x0f0f1000
          32774	      1537	80000266	f0ff8f93	addi	x31,x31,-241	 x31:0x0f0f1000 x31=0x0f0f0f0f
          32794	      1538	8000026a	3a3f9073	csrrw	x0,pmpcfg3,x31	 x31:0x0f0f0f0f  x0=0x00000000
          33214	      1559	8000026e	00000217	auipc	x4,0x0	  x4=0x8000026e
          33234	      1560	80000272	05820213	addi	x4,x4,88	  x4:0x8000026e  x4=0x800002c6
          33254	      1561	80000276	34121073	csrrw	x0,mepc,x4	  x4:0x800002c6  x0=0x00000000
          33534	      1575	8000027a	7c00d073	csrrwi	x0,0x7c0,1	  x0=0x00000000
          33594	      1578	8000027e	6209	c.lui	x4,0x2	  x4=0x00002000
          33954	      1596	80000280	80020213	addi	x4,x4,-2048	  x4:0x00002000  x4=0x00001800
          33974	      1597	80000284	30021073	csrrw	x0,mstatus,x4	  x4:0x00001800  x0=0x00000000
          34034	      1600	80000288	4201	c.li	x4,0	  x4=0x00000000
          34054	      1601	8000028a	30421073	csrrw	x0,mie,x4	  x4:0x00000000  x0=0x00000000
          34114	      1604	8000028e	90000f37	lui	x30,0x90000	 x30=0x90000000
          34134	      1605	80000292	1f71	c.addi	x30,-4	 x30:0x90000000 x30=0x8ffffffc
          34494	      1623	80000294	30000213	addi	x4,x0,768	  x0:0x00000000  x4=0x00000300
          34614	      1629	80000298	0222	c.slli	x4,0x8	  x4:0x00000300  x4=0x00030000
          34634	      1630	8000029a	020d	c.addi	x4,3	  x4:0x00030000  x4=0x00030003
          34914	      1644	8000029c	004f2023	sw	x4,0(x30)	 x30:0x8ffffffc  x4:0x00030003 PA:0x8ffffffc store:0x00030003
          34934	      1645	800002a0	30002273	csrrs	x4,mstatus,x0	  x0:0x00000000  x4=0x00001800
          35174	      1657	800002a4	004f2023	sw	x4,0(x30)	 x30:0x8ffffffc  x4:0x00001800 PA:0x8ffffffc store:0x00001800
          35194	      1658	800002a8	90000f37	lui	x30,0x90000	 x30=0x90000000
          35214	      1659	800002ac	1f71	c.addi	x30,-4	 x30:0x90000000 x30=0x8ffffffc
          35234	      1660	800002ae	30400213	addi	x4,x0,772	  x0:0x00000000  x4=0x00000304
          35254	      1661	800002b2	0222	c.slli	x4,0x8	  x4:0x00000304  x4=0x00030400
          35274	      1662	800002b4	020d	c.addi	x4,3	  x4:0x00030400  x4=0x00030403
          36014	      1699	800002b6	004f2023	sw	x4,0(x30)	 x30:0x8ffffffc  x4:0x00030403 PA:0x8ffffffc store:0x00030403
          36034	      1700	800002ba	30402273	csrrs	x4,mie,x0	  x0:0x00000000  x4=0x00000000
          36514	      1724	800002be	004f2023	sw	x4,0(x30)	 x30:0x8ffffffc  x4:0x00000000 PA:0x8ffffffc store:0x00000000
          36534	      1725	800002c2	30200073	mret	
          36614	      1729	800002c6	2b88d037	lui	x0,0x2b88d	  x0=0x00000000
          36634	      1730	800002ca	0f900013	addi	x0,x0,249	  x0:0x00000000  x0=0x00000000
          37894	      1793	800002ce	800000b7	lui	x1,0x80000	  x1=0x80000000
          37974	      1797	800002d2	a19d7137	lui	x2,0xa19d7	  x2=0xa19d7000
          37994	      1798	800002d6	8e110113	addi	x2,x2,-1823	  x2:0xa19d7000  x2=0xa19d68e1
          38414	      1819	800002da	8ffe61b7	lui	x3,0x8ffe6	  x3=0x8ffe6000
          38514	      1824	800002de	4a118193	addi	x3,x3,1185	  x3:0x8ffe6000  x3=0x8ffe64a1
          38934	      1845	800002e2	4d743237	lui	x4,0x4d743	  x4=0x4d743000
          39074	      1852	800002e6	08020213	addi	x4,x4,128	  x4:0x4d743000  x4=0x4d743080
          39094	      1853	800002ea	42a5	c.li	x5,9	  x5=0x00000009
          39114	      1854	800002ec	f5418337	lui	x6,0xf5418	  x6=0xf5418000
          39134	      1855	800002f0	b9330313	addi	x6,x6,-1133	  x6:0xf5418000  x6=0xf5417b93
          39154	      1856	800002f4	f6ad03b7	lui	x7,0xf6ad0	  x7=0xf6ad0000
          39174	      1857	800002f8	2e838393	addi	x7,x7,744	  x7:0xf6ad0000  x7=0xf6ad02e8
          39194	      1858	800002fc	4401	c.li	x8,0	  x8=0x00000000
          39514	      1874	800002fe	f7fb94b7	lui	x9,0xf7fb9	  x9=0xf7fb9000
          39534	      1875	80000302	17948493	addi	x9,x9,377	  x9:0xf7fb9000  x9=0xf7fb9179
          39554	      1876	80000306	453d	c.li	x10,15	 x10=0x0000000f
          39574	      1877	80000308	800005b7	lui	x11,0x80000	 x11=0x80000000
          39694	      1883	8000030c	4601	c.li	x12,0	 x12=0x00000000
          39714	      1884	8000030e	800006b7	lui	x13,0x80000	 x13=0x80000000
          39734	      1885	80000312	4701	c.li	x14,0	 x14=0x00000000
          39754	      1886	80000314	f95b67b7	lui	x15,0xf95b6	 x15=0xf95b6000
          39874	      1892	80000318	5f178793	addi	x15,x15,1521	 x15:0xf95b6000 x15=0xf95b65f1
          39894	      1893	8000031c	4801	c.li	x16,0	 x16=0x00000000
          40314	      1914	8000031e	800008b7	lui	x17,0x80000	 x17=0x80000000
          40334	      1915	80000322	33389937	lui	x18,0x33389	 x18=0x33389000
          40514	      1924	80000326	71390913	addi	x18,x18,1811	 x18:0x33389000 x18=0x33389713
          40534	      1925	8000032a	800009b7	lui	x19,0x80000	 x19=0x80000000
          40614	      1929	8000032e	80000a37	lui	x20,0x80000	 x20=0x80000000
          41034	      1950	80000332	80000ab7	lui	x21,0x80000	 x21=0x80000000
          41054	      1951	80000336	a849cb37	lui	x22,0xa849c	 x22=0xa849c000
          41074	      1952	8000033a	9d8b0b13	addi	x22,x22,-1576	 x22:0xa849c000 x22=0xa849b9d8
          41094	      1953	8000033e	4b81	c.li	x23,0	 x23=0x00000000
          41114	      1954	80000340	80000c37	lui	x24,0x80000	 x24=0x80000000
          41134	      1955	80000344	f3b23cb7	lui	x25,0xf3b23	 x25=0xf3b23000
          41174	      1957	80000348	e85c8c93	addi	x25,x25,-379	 x25:0xf3b23000 x25=0xf3b22e85
          41734	      1985	8000034c	4d81	c.li	x27,0	 x27=0x00000000
          41754	      1986	8000034e	80000eb7	lui	x29,0x80000	 x29=0x80000000
          42174	      2007	80000352	80000f37	lui	x30,0x80000	 x30=0x80000000
          42194	      2008	80000356	4f81	c.li	x31,0	 x31=0x00000000
          42274	      2012	80000358	00022d17	auipc	x26,0x22	 x26=0x80022358
          42294	      2013	8000035c	b0cd0d13	addi	x26,x26,-1268	 x26:0x80022358 x26=0x80021e64
          42514	      2024	80000360	90000f37	lui	x30,0x90000	 x30=0x90000000
          42634	      2030	80000364	1f71	c.addi	x30,-4	 x30:0x90000000 x30=0x8ffffffc
          42654	      2031	80000366	4201	c.li	x4,0	  x4=0x00000000
          42674	      2032	80000368	0222	c.slli	x4,0x8	  x4:0x00000000  x4=0x00000000
          42694	      2033	8000036a	00020213	addi	x4,x4,0	  x4:0x00000000  x4=0x00000000
          42754	      2036	8000036e	004f2023	sw	x4,0(x30)	 x30:0x8ffffffc  x4:0x00000000 PA:0x8ffffffc store:0x00000000
          43134	      2055	80000372	17a0306f	jal	x0,800034ec	  x0=0x00000000
          44314	      2114	800034ec	6151	c.addi16sp	x2,272	  x2:0xa19d68e1  x2=0xa19d69f1
          44694	      2133	800034ee	340031f3	csrrc	x3,mscratch,x0	  x0:0x00000000  x3=0x00000000
          44714	      2134	800034f2	8285	c.srli	x13,0x1	 x13:0x80000000 x13=0x40000000
          44734	      2135	800034f4	717d	c.addi16sp	x2,-16	  x2:0xa19d69f1  x2=0xa19d69e1
          44754	      2136	800034f6	8ec5	c.or	x13,x9	 x13:0x40000000  x9:0xf7fb9179 x13=0xf7fb9179
          45494	      2173	800034f8	02bf6bb3	rem	x23,x30,x11	 x30:0x8ffffffc x11:0x80000000 x23=0x8ffffffc
          45514	      2174	800034fc	00008817	auipc	x16,0x8	 x16=0x8000b4fc
          45534	      2175	80003500	00680813	addi	x16,x16,6	 x16:0x8000b4fc x16=0x8000b502
          45554	      2176	80003504	6e99	c.lui	x29,0x6	 x29=0x00006000
          45574	      2177	80003506	26580813	addi	x16,x16,613	 x16:0x8000b502 x16=0x8000b767
          45594	      2178	8000350a	9522	c.add	x10,x8	 x10:0x0000000f  x8:0x00000000 x10=0x0000000f
          45614	      2179	8000350c	d9c80367	jalr	x6,-612(x16)	 x16:0x8000b767  x6=0x80003510
          46514	      2224	8000b502	1d61	c.addi	x26,-8	 x26:0x80021e64 x26=0x80021e5c
          46534	      2225	8000b504	84d9	c.srai	x9,0x16	  x9:0xf7fb9179  x9=0xffffffdf
          46594	      2228	8000b506	006d2223	sw	x6,4(x26)	 x26:0x80021e5c  x6:0x80003510 PA:0x80021e60 store:0x80003510
          46614	      2229	8000b50a	034509b3	mul	x19,x10,x20	 x10:0x0000000f x20:0x80000000 x19=0x80000000
          47354	      2266	8000b50e	0389ff33	remu	x30,x19,x24	 x19:0x80000000 x24:0x80000000 x30=0x00000000
          74074	      3602	8000b512	0297e433	rem	x8,x15,x9	 x15:0xf95b65f1  x9:0xffffffdf  x8=0xfffffffd
          74094	      3603	8000b516	a4a0ac13	slti	x24,x1,-1462	  x1:0x80000000 x24=0x00000001
          74114	      3604	8000b51a	5bfd	c.li	x23,-1	 x23=0xffffffff
          74134	      3605	8000b51c	f4e1f6b7	lui	x13,0xf4e1f	 x13=0xf4e1f000
          74154	      3606	8000b520	0236	c.slli	x4,0xd	  x4:0x00000000  x4=0x00000000
          74174	      3607	8000b522	c7ed4413	xori	x8,x26,-898	 x26:0x80021e5c  x8=0x7ffde222
          74194	      3608	8000b526	0001	c.addi	x0,0	  x0:0x00000000  x0=0x00000000
          74214	      3609	8000b528	8df5	c.and	x11,x13	 x11:0x80000000 x13:0xf4e1f000 x11=0x80000000
          74234	      3610	8000b52a	01c7f4b3	and	x9,x15,x28	 x15:0xf95b65f1 x28:0x80025ce4  x9=0x800244e0
          74994	      3648	8000b52e	03d0fcb3	remu	x25,x1,x29	  x1:0x80000000 x29:0x00006000 x25=0x00002000
          75014	      3649	8000b532	0001	c.addi	x0,0	  x0:0x00000000  x0=0x00000000
          75034	      3650	8000b534	03877063	bgeu	x14,x24,8000b554	 x14:0x00000000 x24:0x00000001
          75054	      3651	8000b538	00e89c63	bne	x17,x14,8000b550	 x17:0x80000000 x14:0x00000000
          75854	      3691	8000b550	02f369b3	rem	x19,x6,x15	  x6:0x80003510 x15:0xf95b65f1 x19=0xfe37a42d
          75874	      3692	8000b554	00432433	slt	x8,x6,x4	  x6:0x80003510  x4:0x00000000  x8=0x00000001
          75894	      3693	8000b558	8511	c.srai	x10,0x4	 x10:0x0000000f x10=0x00000000
          75914	      3694	8000b55a	9a7eda17	auipc	x20,0x9a7ed	 x20=0x1a7f855a
          76654	      3731	8000b55e	02515f33	divu	x30,x2,x5	  x2:0xa19d69e1  x5:0x00000009 x30=0x11f50bc3
          76674	      3732	8000b562	8ff5	c.and	x15,x13	 x15:0xf95b65f1 x13:0xf4e1f000 x15=0xf0416000
          76714	      3734	8000b564	024ea333	mulhsu	x6,x29,x4	 x29:0x00006000  x4:0x00000000  x6=0x00000000
          76734	      3735	8000b568	40b007b3	sub	x15,x0,x11	  x0:0x00000000 x11:0x80000000 x15=0x80000000
          76754	      3736	8000b56c	ed15	c.bnez	x10,8000b5a8	 x10:0x00000000
          77494	      3773	8000b56e	021f7a33	remu	x20,x30,x1	 x30:0x11f50bc3  x1:0x80000000 x20=0x11f50bc3
          77514	      3774	8000b572	8cde	c.mv	x25,x23	  x0:0x00000000 x23:0xffffffff x25=0xffffffff
          77534	      3775	8000b574	eb89	c.bnez	x15,8000b586	 x15:0x80000000
          77574	      3777	8000b586	6dc5	c.lui	x27,0x11	 x27=0x00011000
          77834	      3790	8000b588	01dfd193	srli	x3,x31,0x1d	 x31:0x00000000  x3=0x00000000
          77914	      3794	8000b58c	f2e7fa93	andi	x21,x15,-210	 x15:0x80000000 x21=0x80000000
          77934	      3795	8000b590	8dd9	c.or	x11,x14	 x11:0x80000000 x14:0x00000000 x11=0x80000000
          78114	      3804	8000b592	00c0f733	and	x14,x1,x12	  x1:0x80000000 x12:0x00000000 x14=0x00000000
          78134	      3805	8000b596	8c79	c.and	x8,x14	  x8:0x00000001 x14:0x00000000  x8=0x00000000
          78874	      3842	8000b598	0214ddb3	divu	x27,x9,x1	  x9:0x800244e0  x1:0x80000000 x27=0x00000001
          78894	      3843	8000b59c	51fd	c.li	x3,-1	  x3=0xffffffff
          78914	      3844	8000b59e	09054b13	xori	x22,x10,144	 x10:0x00000000 x22=0x00000090
          78934	      3845	8000b5a2	01a76b63	bltu	x14,x26,8000b5b8	 x14:0x00000000 x26:0x80021e5c
          79314	      3864	8000b5b8	fe308413	addi	x8,x1,-29	  x1:0x80000000  x8=0x7fffffe3
          79334	      3865	8000b5bc	80125a17	auipc	x20,0x80125	 x20=0x001305bc
          79354	      3866	8000b5c0	02788133	mul	x2,x17,x7	 x17:0x80000000  x7:0xf6ad02e8  x2=0x00000000
          79394	      3868	8000b5c4	21f21037	lui	x0,0x21f21	  x0=0x00000000
          79414	      3869	8000b5c8	41ea04b3	sub	x9,x20,x30	 x20:0x001305bc x30:0x11f50bc3  x9=0xee1df9f9
          79694	      3883	8000b5cc	ffff8e97	auipc	x29,0xffff8	 x29=0x800035cc
          79894	      3893	8000b5d0	0a8e8e93	addi	x29,x29,168	 x29:0x800035cc x29=0x80003674
          80034	      3900	8000b5d4	e43e8e93	addi	x29,x29,-445	 x29:0x80003674 x29=0x800034b7
          80054	      3901	8000b5d8	416f55b3	sra	x11,x30,x22	 x30:0x11f50bc3 x22:0x00000090 x11=0x000011f5
          80174	      3907	8000b5dc	01a6fcb3	and	x25,x13,x26	 x13:0xf4e1f000 x26:0x80021e5c x25=0x80001000
          80594	      3928	8000b5e0	8b12	c.mv	x22,x4	  x0:0x00000000  x4:0x00000000 x22=0x00000000
          80774	      3937	8000b5e2	340079f3	csrrci	x19,mscratch,0	 x19=0x00000000
          80794	      3938	8000b5e6	41560033	sub	x0,x12,x21	 x12:0x00000000 x21:0x80000000  x0=0x00000000
          80894	      3943	8000b5ea	02789a33	mulh	x20,x17,x7	 x17:0x80000000  x7:0xf6ad02e8 x20=0x04a97e8c
          80914	      3944	8000b5ee	1bee8367	jalr	x6,446(x29)	 x29:0x800034b7  x6=0x8000b5f2
          81174	      3957	80003674	8cf9	c.and	x9,x14	  x9:0xee1df9f9 x14:0x00000000  x9=0x00000000
          81214	      3959	80003676	01e3d563	bge	x7,x30,80003680	  x7:0xf6ad02e8 x30:0x11f50bc3
          81574	      3977	8000367a	405b5f33	sra	x30,x22,x5	 x22:0x00000000  x5:0x00000009 x30=0x00000000
          81594	      3978	8000367e	6965	c.lui	x18,0x19	 x18=0x00019000
          81994	      3998	80003680	1d21	c.addi	x26,-24	 x26:0x80021e5c x26=0x80021e44
          82074	      4002	80003682	340851f3	csrrwi	x3,mscratch,16	  x3=0x00000000
          82534	      4025	80003686	006d2223	sw	x6,4(x26)	 x26:0x80021e44  x6:0x8000b5f2 PA:0x80021e48 store:0x8000b5f2
          82554	      4026	8000368a	8299	c.srli	x13,0x6	 x13:0xf4e1f000 x13=0x03d387c0
          82574	      4027	8000368c	01799a63	bne	x19,x23,800036a0	 x19:0x00000000 x23:0xffffffff
          82914	      4044	800036a0	eb0d	c.bnez	x14,800036d2	 x14:0x00000000
          83054	      4051	800036a2	3409baf3	csrrc	x21,mscratch,x19	 x19:0x00000000 x21=0x00000010
          83114	      4054	800036a6	66c0b413	sltiu	x8,x1,1644	  x1:0x80000000  x8=0x00000000
          83534	      4075	800036aa	01faa033	slt	x0,x21,x31	 x21:0x00000010 x31:0x00000000  x0=0x00000000
          83694	      4083	800036ae	41a70ab3	sub	x21,x14,x26	 x14:0x00000000 x26:0x80021e44 x21=0x7ffde1bc
          84114	      4104	800036b2	f85fb713	sltiu	x14,x31,-123	 x31:0x00000000 x14=0x00000001
          84134	      4105	800036b6	83d1	c.srli	x15,0x14	 x15:0x80000000 x15=0x00000800
          84154	      4106	800036b8	6129	c.addi16sp	x2,192	  x2:0x00000000  x2=0x000000c0
          84194	      4108	800036ba	01df1eb3	sll	x29,x30,x29	 x30:0x00000000 x29:0x800034b7 x29=0x00000000
          84214	      4109	800036be	025d4a63	blt	x26,x5,800036f2	 x26:0x80021e44  x5:0x00000009
          84714	      4134	800036f2	00603c33	sltu	x24,x0,x6	  x0:0x00000000  x6:0x8000b5f2 x24=0x00000001
          84734	      4135	800036f6	169c	c.addi4spn	x15,x2,864	 x15=0x00000420
          84754	      4136	800036f8	87fd	c.srai	x15,0x1f	 x15:0x00000420 x15=0x00000000
          84774	      4137	800036fa	50fd	c.li	x1,-1	  x1=0xffffffff
          84794	      4138	800036fc	00b3c9b3	xor	x19,x7,x11	  x7:0xf6ad02e8 x11:0x000011f5 x19=0xf6ad131d
          84814	      4139	80003700	3403d3f3	csrrwi	x7,mscratch,7	  x7=0x00000010
          85194	      4158	80003704	8291	c.srli	x13,0x4	 x13:0x03d387c0 x13=0x003d387c
          85234	      4160	80003706	02df1533	mulh	x10,x30,x13	 x30:0x00000000 x13:0x003d387c x10=0x00000000
          85494	      4173	8000370a	52e8c693	xori	x13,x17,1326	 x17:0x80000000 x13=0x8000052e
          85514	      4174	8000370e	5f7d	c.li	x30,-1	 x30=0xffffffff
          85554	      4176	80003710	3400b2f3	csrrc	x5,mscratch,x1	  x1:0xffffffff  x5=0x00000007
          85574	      4177	80003714	009063b3	or	x7,x0,x9	  x0:0x00000000  x9:0x00000000  x7=0x00000000
          85594	      4178	80003718	8df5	c.and	x11,x13	 x11:0x000011f5 x13:0x8000052e x11=0x00000124
          85614	      4179	8000371a	717d	c.addi16sp	x2,-16	  x2:0x000000c0  x2=0x000000b0
          85634	      4180	8000371c	34079df3	csrrw	x27,mscratch,x15	 x15:0x00000000 x27=0x00000000
          85654	      4181	80003720	717d	c.addi16sp	x2,-16	  x2:0x000000b0  x2=0x000000a0
          85674	      4182	80003722	8e35	c.xor	x12,x13	 x12:0x00000000 x13:0x8000052e x12=0x8000052e
          85834	      4190	80003724	80b5	c.srli	x9,0xd	  x9:0x00000000  x9=0x00000000
          85954	      4196	80003726	8836c917	auipc	x18,0x8836c	 x18=0x0836f726
          85974	      4197	8000372a	8d21	c.xor	x10,x8	 x10:0x00000000  x8:0x00000000 x10=0x00000000
          86374	      4217	8000372c	41f259b3	sra	x19,x4,x31	  x4:0x00000000 x31:0x00000000 x19=0x00000000
          86414	      4219	80003730	02796933	rem	x18,x18,x7	 x18:0x0836f726  x7:0x00000000 x18=0x0836f726
          86434	      4220	80003734	4bd1	c.li	x23,20	 x23=0x00000014
          86454	      4221	80003736	07108513	addi	x10,x1,113	  x1:0xffffffff x10=0x00000070
          86474	      4222	8000373a	80cd	c.srli	x9,0x13	  x9:0x00000000  x9=0x00000000
          86574	      4227	8000373c	03f63f33	mulhu	x30,x12,x31	 x12:0x8000052e x31:0x00000000 x30=0x00000000
          86594	      4228	80003740	01325c13	srli	x24,x4,0x13	  x4:0x00000000 x24=0x00000000
          86614	      4229	80003744	0ff0000f	fence	iorw,iorw	
          86734	      4235	80003748	02248163	beq	x9,x2,8000376a	  x9:0x00000000  x2:0x000000a0
          87154	      4256	8000374c	6139	c.addi16sp	x2,448	  x2:0x000000a0  x2=0x00000260
          87174	      4257	8000374e	0001	c.addi	x0,0	  x0:0x00000000  x0=0x00000000
          87554	      4276	80003750	c819	c.beqz	x8,80003766	  x8:0x00000000
          89254	      4361	80003766	02e1f233	remu	x4,x3,x14	  x3:0x00000000 x14:0x00000001  x4=0x00000000
          89274	      4362	8000376a	0000100f	fence.i	
          89374	      4367	8000376e	41a28ab3	sub	x21,x5,x26	  x5:0x00000007 x26:0x80021e44 x21=0x7ffde1c3
          89394	      4368	80003772	036e	c.slli	x6,0x1b	  x6:0x8000b5f2  x6=0x90000000
          89494	      4373	80003774	3408e1f3	csrrsi	x3,mscratch,17	  x3=0x00000000
          89674	      4382	80003778	03319163	bne	x3,x19,8000379a	  x3:0x00000000 x19:0x00000000
          89694	      4383	8000377c	018809b3	add	x19,x16,x24	 x16:0x8000b767 x24:0x00000000 x19=0x8000b767
          89894	      4393	80003780	58d16793	ori	x15,x2,1421	  x2:0x00000260 x15=0x000007ed
          90314	      4414	80003784	e015	c.bnez	x8,800037a8	  x8:0x00000000
          90554	      4426	80003786	019dd433	srl	x8,x27,x25	 x27:0x00000000 x25:0x80001000  x8=0x00000000
          90574	      4427	8000378a	032c4413	xori	x8,x24,50	 x24:0x00000000  x8=0x00000032
          90634	      4430	8000378e	02a21bb3	mulh	x23,x4,x10	  x4:0x00000000 x10:0x00000070 x23=0x00000000
          90914	      4444	80003792	014058b3	srl	x17,x0,x20	  x0:0x00000000 x20:0x04a97e8c x17=0x00000000
          91094	      4453	80003796	4010d793	srai	x15,x1,0x1	  x1:0xffffffff x15=0xffffffff
          91234	      4460	8000379a	a3a5b113	sltiu	x2,x11,-1478	 x11:0x00000124  x2=0x00000001
          91354	      4466	8000379e	020bbdb3	mulhu	x27,x23,x0	 x23:0x00000000  x0:0x00000000 x27=0x00000000
          91374	      4467	800037a2	8ca9	c.xor	x9,x10	  x9:0x00000000 x10:0x00000070  x9=0x00000070
          91414	      4469	800037a4	02569c33	mulh	x24,x13,x5	 x13:0x8000052e  x5:0x00000007 x24=0xfffffffc
          91434	      4470	800037a8	6961	c.lui	x18,0x18	 x18=0x00018000
          91454	      4471	800037aa	81bd	c.srli	x11,0xf	 x11:0x00000124 x11=0x00000000
          91474	      4472	800037ac	0001	c.addi	x0,0	  x0:0x00000000  x0=0x00000000
          91494	      4473	800037ae	41945493	srai	x9,x8,0x19	  x8:0x00000032  x9=0x00000000
          91514	      4474	800037b2	41a6f213	andi	x4,x13,1050	 x13:0x8000052e  x4=0x0000040a
          91534	      4475	800037b6	0eea	c.slli	x29,0x1a	 x29:0x00000000 x29=0x00000000
          92394	      4518	800037b8	021465b3	rem	x11,x8,x1	  x8:0x00000032  x1:0xffffffff x11=0x00000000
          92414	      4519	800037bc	01a5c533	xor	x10,x11,x26	 x11:0x00000000 x26:0x80021e44 x10=0x80021e44
          92434	      4520	800037c0	0136f533	and	x10,x13,x19	 x13:0x8000052e x19:0x8000b767 x10=0x80000526
          92454	      4521	800037c4	8d0d	c.sub	x10,x11	 x10:0x80000526 x11:0x00000000 x10=0x80000526
          92474	      4522	800037c6	0363ee63	bltu	x7,x22,80003802	  x7:0x00000000 x22:0x00000000
          92494	      4523	800037ca	188c	c.addi4spn	x11,x2,112	 x11=0x00000071
          92514	      4524	800037cc	039d	c.addi	x7,7	  x7:0x00000000  x7=0x00000007
          92534	      4525	800037ce	00bf9f33	sll	x30,x31,x11	 x31:0x00000000 x11:0x00000071 x30=0x00000000
          92614	      4529	800037d2	57998f13	addi	x30,x19,1401	 x19:0x8000b767 x30=0x8000bce0
          93514	      4574	800037d6	02ddd933	divu	x18,x27,x13	 x27:0x00000000 x13:0x8000052e x18=0x00000000
          93534	      4575	800037da	014e8593	addi	x11,x29,20	 x29:0x00000000 x11=0x00000014
          93554	      4576	800037de	e8d0e093	ori	x1,x1,-371	  x1:0xffffffff  x1=0xffffffff
          93634	      4580	800037e2	03118e63	beq	x3,x17,8000381e	  x3:0x00000000 x17:0x00000000
          93754	      4586	8000381e	01f548b3	xor	x17,x10,x31	 x10:0x80000526 x31:0x00000000 x17=0x80000526
          93774	      4587	80003822	ce9d	c.beqz	x13,80003860	 x13:0x8000052e
          93834	      4590	80003824	340e1df3	csrrw	x27,mscratch,x28	 x28:0x80025ce4 x27=0x00000011
          94014	      4599	80003828	340593f3	csrrw	x7,mscratch,x11	 x11:0x00000014  x7=0x80025ce4
          94034	      4600	8000382c	64442c13	slti	x24,x8,1604	  x8:0x00000032 x24=0x00000001
          95174	      4657	80003830	039e73b3	remu	x7,x28,x25	 x28:0x80025ce4 x25:0x80001000  x7=0x00024ce4
          95194	      4658	80003834	01e53733	sltu	x14,x10,x30	 x10:0x80000526 x30:0x8000bce0 x14=0x00000001
          95214	      4659	80003838	017f9e63	bne	x31,x23,80003854	 x31:0x00000000 x23:0x00000000
          95234	      4660	8000383c	007c9033	sll	x0,x25,x7	 x25:0x80001000  x7:0x00024ce4  x0=0x00000000
          95254	      4661	80003840	8c3d	c.xor	x8,x15	  x8:0x00000032 x15:0xffffffff  x8=0xffffffcd
          95274	      4662	80003842	8039	c.srli	x8,0xe	  x8:0xffffffcd  x8=0x0003ffff
          95314	      4664	80003844	0301abb3	mulhsu	x23,x3,x16	  x3:0x00000000 x16:0x8000b767 x23=0x00000000
          96434	      4720	80003848	02de7eb3	remu	x29,x28,x13	 x28:0x80025ce4 x13:0x8000052e x29=0x000257b6
          96454	      4721	8000384c	86c1	c.srai	x13,0x10	 x13:0x8000052e x13=0xffff8000
          96474	      4722	8000384e	8fbd	c.xor	x15,x15	 x15:0xffffffff x15:0xffffffff x15=0x00000000
          96514	      4724	80003850	021931b3	mulhu	x3,x18,x1	 x18:0x00000000  x1:0xffffffff  x3=0x00000000
          97254	      4761	80003854	03da6833	rem	x16,x20,x29	 x20:0x04a97e8c x29:0x000257b6 x16=0x000119ae
          97274	      4762	80003858	0051bf33	sltu	x30,x3,x5	  x3:0x00000000  x5:0x00000007 x30=0x00000001
          97294	      4763	8000385c	012fb5b3	sltu	x11,x31,x18	 x31:0x00000000 x18:0x00000000 x11=0x00000000
          98034	      4800	80003860	034edcb3	divu	x25,x29,x20	 x29:0x000257b6 x20:0x04a97e8c x25=0x00000000
          98054	      4801	80003864	09e80993	addi	x19,x16,158	 x16:0x000119ae x19=0x00011a4c
          98074	      4802	80003868	0ece	c.slli	x29,0x13	 x29:0x000257b6 x29=0xbdb00000
          98094	      4803	8000386a	00beec63	bltu	x29,x11,80003882	 x29:0xbdb00000 x11:0x00000000
          98114	      4804	8000386e	00ad6563	bltu	x26,x10,80003878	 x26:0x80021e44 x10:0x80000526
          98134	      4805	80003872	0001	c.addi	x0,0	  x0:0x00000000  x0=0x00000000
          98154	      4806	80003874	93ecc4b7	lui	x9,0x93ecc	  x9=0x93ecc000
          98594	      4828	80003878	03fef933	remu	x18,x29,x31	 x29:0xbdb00000 x31:0x00000000 x18=0xbdb00000
          98614	      4829	8000387c	8345	c.srli	x14,0x11	 x14:0x00000001 x14=0x00000000
          98634	      4830	8000387e	34065b73	csrrwi	x22,mscratch,12	 x22=0x00000014
          98654	      4831	80003882	34003173	csrrc	x2,mscratch,x0	  x0:0x00000000  x2=0x0000000c
          98674	      4832	80003886	0001	c.addi	x0,0	  x0:0x00000000  x0=0x00000000
          98694	      4833	80003888	5cfd	c.li	x25,-1	 x25=0xffffffff
          98794	      4838	8000388a	0ff0000f	fence	iorw,iorw	
          98834	      4840	8000388e	02399433	mulh	x8,x19,x3	 x19:0x00011a4c  x3:0x00000000  x8=0x00000000
          98854	      4841	80003892	7ca50397	auipc	x7,0x7ca50	  x7=0xfca53892
          98874	      4842	80003896	9442	c.add	x8,x16	  x8:0x00000000 x16:0x000119ae  x8=0x000119ae
          99194	      4858	80003898	013e5413	srli	x8,x28,0x13	 x28:0x80025ce4  x8=0x00001000
          99214	      4859	8000389c	8ce1	c.and	x9,x8	  x9:0x93ecc000  x8:0x00001000  x9=0x00000000
          99634	      4880	8000389e	03ed0333	mul	x6,x26,x30	 x26:0x80021e44 x30:0x00000001  x6=0x80021e44
          99774	      4887	800038a2	41278933	sub	x18,x15,x18	 x15:0x00000000 x18:0xbdb00000 x18=0x42500000
          99794	      4888	800038a6	1c14	c.addi4spn	x13,x2,560	 x13=0x0000023c
          99974	      4897	800038a8	01d5e133	or	x2,x11,x29	 x11:0x00000000 x29:0xbdb00000  x2=0xbdb00000
         100094	      4903	800038ac	01b224b3	slt	x9,x4,x27	  x4:0x0000040a x27:0x00000011  x9=0x00000000
         100134	      4905	800038b0	00ac8a33	add	x20,x25,x10	 x25:0xffffffff x10:0x80000526 x20=0x80000525
         100274	      4912	800038b4	5628f593	andi	x11,x17,1378	 x17:0x80000526 x11=0x00000522
         100294	      4913	800038b8	fe5d0117	auipc	x2,0xfe5d0	  x2=0x7e5d38b8
         100494	      4923	800038bc	3400f173	csrrci	x2,mscratch,1	  x2=0x0000000c
         100774	      4937	800038c0	03896d63	bltu	x18,x24,800038fa	 x18:0x42500000 x24:0x00000001
         100794	      4938	800038c4	3409daf3	csrrwi	x21,mscratch,19	 x21=0x0000000c
         100814	      4939	800038c8	994a	c.add	x18,x18	 x18:0x42500000 x18:0x42500000 x18=0x84a00000
         100834	      4940	800038ca	91c94413	xori	x8,x18,-1764	 x18:0x84a00000  x8=0x7b5ff91c
         100954	      4946	800038ce	ccd7f193	andi	x3,x15,-819	 x15:0x00000000  x3=0x00000000
         101394	      4968	800038d2	0299d7b3	divu	x15,x19,x9	 x19:0x00011a4c  x9:0x00000000 x15=0xffffffff
         101774	      4987	800038d6	889b59b7	lui	x19,0x889b5	 x19=0x889b5000
         101794	      4988	800038da	8c41	c.or	x8,x8	  x8:0x7b5ff91c  x8:0x7b5ff91c  x8=0x7b5ff91c
         101814	      4989	800038dc	00b91833	sll	x16,x18,x11	 x18:0x84a00000 x11:0x00000522 x16=0x12800000
         101834	      4990	800038e0	6a3d	c.lui	x20,0xf	 x20=0x0000f000
         101854	      4991	800038e2	e405	c.bnez	x8,8000390a	  x8:0x7b5ff91c
         103474	      5072	8000390a	34015673	csrrwi	x12,mscratch,2	 x12=0x00000013
         103494	      5073	8000390e	11c3b113	sltiu	x2,x7,284	  x7:0xfca53892  x2=0x00000000
         103514	      5074	80003912	87f2	c.mv	x15,x28	  x0:0x00000000 x28:0x80025ce4 x15=0x80025ce4
         103854	      5091	80003914	340073f3	csrrci	x7,mscratch,0	  x7=0x00000002
         103874	      5092	80003918	38b0b817	auipc	x16,0x38b0b	 x16=0xb8b0e918
         104614	      5129	8000391c	034ce133	rem	x2,x25,x20	 x25:0xffffffff x20:0x0000f000  x2=0xffffffff
         104634	      5130	80003920	0ff0000f	fence	iorw,iorw	
         104654	      5131	80003924	984a0093	addi	x1,x20,-1660	 x20:0x0000f000  x1=0x0000e984
         104674	      5132	80003928	8d49	c.or	x10,x10	 x10:0x80000526 x10:0x80000526 x10=0x80000526
         104714	      5134	8000392a	029a12b3	mulh	x5,x20,x9	 x20:0x0000f000  x9:0x00000000  x5=0x00000000
         104894	      5143	8000392e	0ff0000f	fence	iorw,iorw	
         104914	      5144	80003932	88e9	c.andi	x9,26	  x9:0x00000000  x9=0x00000000
         104934	      5145	80003934	34085973	csrrwi	x18,mscratch,16	 x18=0x00000002
         104954	      5146	80003938	340a2373	csrrs	x6,mscratch,x20	 x20:0x0000f000  x6=0x00000010
         106074	      5202	8000393c	0220c933	div	x18,x1,x2	  x1:0x0000e984  x2:0xffffffff x18=0x00000000
         106094	      5203	80003940	87c9	c.srai	x15,0x12	 x15:0x80025ce4 x15=0xffffe000
