UVM_FATAL /runtime_only_unique_aatf.sv(1) @ 1: runtime_only_unique_failure_aatf normalization resistant timing marker
RUNTIME_ONLY_CASE=526 SOURCE_A=benchmark_set_2:7
Mismatch[1]:
ibex[167] : pc[80000378] mulhsu x10,x13,x11: a0:00802801
RUNTIME_ONLY_COMBINE SOURCE_B=benchmark_set_2:11
spike[186] : pc[ffffffff800002be] c.addi tp, -2: tp:fffffffe
[FAILED]: 228 matched, 7623 mismatch
000000000 RUNTIME_ONLY neutral retire case=00526 pc=0x80010d28 opcode=csrrw x14=0x80010d28
000000001 RUNTIME_ONLY neutral retire case=00526 pc=0x80010d2c opcode=xor x15=0x80010d2d
000000002 RUNTIME_ONLY neutral retire case=00526 pc=0x80010d30 opcode=addi x16=0x80010d32
000000003 RUNTIME_ONLY neutral retire case=00526 pc=0x80010d34 opcode=lw x17=0x80010d37
000000004 RUNTIME_ONLY neutral retire case=00526 pc=0x80010d38 opcode=sw x18=0x80010d3c
000000005 RUNTIME_ONLY neutral retire case=00526 pc=0x80010d3c opcode=beq x19=0x80010d39
000000006 RUNTIME_ONLY neutral retire case=00526 pc=0x80010d40 opcode=csrrw x20=0x80010d46
000000007 RUNTIME_ONLY neutral retire case=00526 pc=0x80010d44 opcode=xor x21=0x80010d43
000000008 RUNTIME_ONLY neutral retire case=00526 pc=0x80010d48 opcode=addi x22=0x80010d40
000000009 RUNTIME_ONLY neutral retire case=00526 pc=0x80010d4c opcode=lw x23=0x80010d45
000000010 RUNTIME_ONLY neutral retire case=00526 pc=0x80010d50 opcode=sw x24=0x80010d5a
000000011 RUNTIME_ONLY neutral retire case=00526 pc=0x80010d54 opcode=beq x25=0x80010d5f
000000012 RUNTIME_ONLY neutral retire case=00526 pc=0x80010d58 opcode=csrrw x26=0x80010d54
000000013 RUNTIME_ONLY neutral retire case=00526 pc=0x80010d5c opcode=xor x27=0x80010d51
000000014 RUNTIME_ONLY neutral retire case=00526 pc=0x80010d60 opcode=addi x28=0x80010d6e
000000015 RUNTIME_ONLY neutral retire case=00526 pc=0x80010d64 opcode=lw x29=0x80010d6b
000000016 RUNTIME_ONLY neutral retire case=00526 pc=0x80010d68 opcode=sw x30=0x80010d78
