Time	Cycle	PC	Insn	Decoded instruction	Register and memory contents
           2274	        12	80000080	40001b37	lui	x22,0x40001	 x22=0x40001000
           2354	        16	80000084	106b0b13	addi	x22,x22,262	 x22:0x40001000 x22=0x40001106
           2414	        19	80000088	301b1073	csrrw	x0,misa,x22	 x22:0x40001106  x0=0x00000000
           2574	        27	8000008c	00026897	auipc	x17,0x26	 x17=0x8002608c
           2734	        35	80000090	c5888893	addi	x17,x17,-936	 x17:0x8002608c x17=0x80025ce4
           2834	        40	80000094	00002b17	auipc	x22,0x2	 x22=0x80002094
           2854	        41	80000098	66cb0b13	addi	x22,x22,1644	 x22:0x80002094 x22=0x80002700
           2954	        46	8000009c	001b6b13	ori	x22,x22,1	 x22:0x80002700 x22=0x80002701
           3374	        67	800000a0	305b1073	csrrw	x0,mtvec,x22	 x22:0x80002701  x0=0x00000000
           3514	        74	800000a4	74725073	csrrwi	x0,0x747,4	  x0=0x00000000
           3574	        77	800000a8	00003597	auipc	x11,0x3	 x11=0x800030a8
           3674	        82	800000ac	41458593	addi	x11,x11,1044	 x11:0x800030a8 x11=0x800034bc
           3794	        88	800000b0	4b01	c.li	x22,0	 x22=0x00000000
           3814	        89	800000b2	95da	c.add	x11,x22	 x11:0x800034bc x22:0x00000000 x11=0x800034bc
           3834	        90	800000b4	8189	c.srli	x11,0x2	 x11:0x800034bc x11=0x20000d2f
           3854	        91	800000b6	3b059073	csrrw	x0,pmpaddr0,x11	 x11:0x20000d2f  x0=0x00000000
           3914	        94	800000ba	00003597	auipc	x11,0x3	 x11=0x800030ba
           3934	        95	800000be	40258593	addi	x11,x11,1026	 x11:0x800030ba x11=0x800034bc
           4074	       102	800000c2	11111b37	lui	x22,0x11111	 x22=0x11111000
           4094	       103	800000c6	111b0b13	addi	x22,x22,273	 x22:0x11111000 x22=0x11111111
           4114	       104	800000ca	95da	c.add	x11,x22	 x11:0x800034bc x22:0x11111111 x11=0x911145cd
           4314	       114	800000cc	8189	c.srli	x11,0x2	 x11:0x911145cd x11=0x24445173
           4734	       135	800000ce	3b159073	csrrw	x0,pmpaddr1,x11	 x11:0x24445173  x0=0x00000000
           4794	       138	800000d2	00003597	auipc	x11,0x3	 x11=0x800030d2
           5174	       157	800000d6	3ea58593	addi	x11,x11,1002	 x11:0x800030d2 x11=0x800034bc
           5194	       158	800000da	22222b37	lui	x22,0x22222	 x22=0x22222000
           5214	       159	800000de	222b0b13	addi	x22,x22,546	 x22:0x22222000 x22=0x22222222
           5234	       160	800000e2	95da	c.add	x11,x22	 x11:0x800034bc x22:0x22222222 x11=0xa22256de
           5254	       161	800000e4	8189	c.srli	x11,0x2	 x11:0xa22256de x11=0x288895b7
           5274	       162	800000e6	3b259073	csrrw	x0,pmpaddr2,x11	 x11:0x288895b7  x0=0x00000000
           5634	       180	800000ea	00003597	auipc	x11,0x3	 x11=0x800030ea
           5994	       198	800000ee	3d258593	addi	x11,x11,978	 x11:0x800030ea x11=0x800034bc
           6154	       206	800000f2	33333b37	lui	x22,0x33333	 x22=0x33333000
           6534	       225	800000f6	333b0b13	addi	x22,x22,819	 x22:0x33333000 x22=0x33333333
           6554	       226	800000fa	95da	c.add	x11,x22	 x11:0x800034bc x22:0x33333333 x11=0xb33367ef
           6574	       227	800000fc	8189	c.srli	x11,0x2	 x11:0xb33367ef x11=0x2cccd9fb
           6694	       233	800000fe	3b359073	csrrw	x0,pmpaddr3,x11	 x11:0x2cccd9fb  x0=0x00000000
           6754	       236	80000102	0f0f15b7	lui	x11,0xf0f1	 x11=0x0f0f1000
           7134	       255	80000106	f0f58593	addi	x11,x11,-241	 x11:0x0f0f1000 x11=0x0f0f0f0f
           7154	       256	8000010a	3a059073	csrrw	x0,pmpcfg0,x11	 x11:0x0f0f0f0f  x0=0x00000000
           7354	       266	8000010e	00003597	auipc	x11,0x3	 x11=0x8000310e
           7394	       268	80000112	3ae58593	addi	x11,x11,942	 x11:0x8000310e x11=0x800034bc
           7414	       269	80000116	44444b37	lui	x22,0x44444	 x22=0x44444000
           7694	       283	8000011a	444b0b13	addi	x22,x22,1092	 x22:0x44444000 x22=0x44444444
           7714	       284	8000011e	95da	c.add	x11,x22	 x11:0x800034bc x22:0x44444444 x11=0xc4447900
           7794	       288	80000120	8189	c.srli	x11,0x2	 x11:0xc4447900 x11=0x31111e40
           8214	       309	80000122	3b459073	csrrw	x0,pmpaddr4,x11	 x11:0x31111e40  x0=0x00000000
           8274	       312	80000126	00003597	auipc	x11,0x3	 x11=0x80003126
           8294	       313	8000012a	39658593	addi	x11,x11,918	 x11:0x80003126 x11=0x800034bc
           8674	       332	8000012e	55555b37	lui	x22,0x55555	 x22=0x55555000
           8854	       341	80000132	555b0b13	addi	x22,x22,1365	 x22:0x55555000 x22=0x55555555
           8874	       342	80000136	95da	c.add	x11,x22	 x11:0x800034bc x22:0x55555555 x11=0xd5558a11
           8894	       343	80000138	8189	c.srli	x11,0x2	 x11:0xd5558a11 x11=0x35556284
           8954	       346	8000013a	3b559073	csrrw	x0,pmpaddr5,x11	 x11:0x35556284  x0=0x00000000
           9034	       350	8000013e	00003597	auipc	x11,0x3	 x11=0x8000313e
           9054	       351	80000142	37e58593	addi	x11,x11,894	 x11:0x8000313e x11=0x800034bc
           9074	       352	80000146	66666b37	lui	x22,0x66666	 x22=0x66666000
           9194	       358	8000014a	666b0b13	addi	x22,x22,1638	 x22:0x66666000 x22=0x66666666
           9214	       359	8000014e	95da	c.add	x11,x22	 x11:0x800034bc x22:0x66666666 x11=0xe6669b22
           9234	       360	80000150	8189	c.srli	x11,0x2	 x11:0xe6669b22 x11=0x3999a6c8
           9254	       361	80000152	3b659073	csrrw	x0,pmpaddr6,x11	 x11:0x3999a6c8  x0=0x00000000
           9314	       364	80000156	00003597	auipc	x11,0x3	 x11=0x80003156
           9494	       373	8000015a	36658593	addi	x11,x11,870	 x11:0x80003156 x11=0x800034bc
           9514	       374	8000015e	77777b37	lui	x22,0x77777	 x22=0x77777000
           9534	       375	80000162	777b0b13	addi	x22,x22,1911	 x22:0x77777000 x22=0x77777777
           9554	       376	80000166	95da	c.add	x11,x22	 x11:0x800034bc x22:0x77777777 x11=0xf777ac33
           9674	       382	80000168	8189	c.srli	x11,0x2	 x11:0xf777ac33 x11=0x3dddeb0c
          10094	       403	8000016a	3b759073	csrrw	x0,pmpaddr7,x11	 x11:0x3dddeb0c  x0=0x00000000
          10154	       406	8000016e	0f0f15b7	lui	x11,0xf0f1	 x11=0x0f0f1000
          10174	       407	80000172	f0f58593	addi	x11,x11,-241	 x11:0x0f0f1000 x11=0x0f0f0f0f
          10554	       426	80000176	3a159073	csrrw	x0,pmpcfg1,x11	 x11:0x0f0f0f0f  x0=0x00000000
          10614	       429	8000017a	00003597	auipc	x11,0x3	 x11=0x8000317a
          10654	       431	8000017e	34258593	addi	x11,x11,834	 x11:0x8000317a x11=0x800034bc
          10674	       432	80000182	88889b37	lui	x22,0x88889	 x22=0x88889000
          11094	       453	80000186	888b0b13	addi	x22,x22,-1912	 x22:0x88889000 x22=0x88888888
          11114	       454	8000018a	95da	c.add	x11,x22	 x11:0x800034bc x22:0x88888888 x11=0x0888bd44
          11434	       470	8000018c	8189	c.srli	x11,0x2	 x11:0x0888bd44 x11=0x02222f51
          11454	       471	8000018e	3b859073	csrrw	x0,pmpaddr8,x11	 x11:0x02222f51  x0=0x00000000
          11514	       474	80000192	00003597	auipc	x11,0x3	 x11=0x80003192
          11534	       475	80000196	32a58593	addi	x11,x11,810	 x11:0x80003192 x11=0x800034bc
          11554	       476	8000019a	9999ab37	lui	x22,0x9999a	 x22=0x9999a000
          11574	       477	8000019e	999b0b13	addi	x22,x22,-1639	 x22:0x9999a000 x22=0x99999999
          11594	       478	800001a2	95da	c.add	x11,x22	 x11:0x800034bc x22:0x99999999 x11=0x1999ce55
          11754	       486	800001a4	8189	c.srli	x11,0x2	 x11:0x1999ce55 x11=0x06667395
          11774	       487	800001a6	3b959073	csrrw	x0,pmpaddr9,x11	 x11:0x06667395  x0=0x00000000
          12014	       499	800001aa	00003597	auipc	x11,0x3	 x11=0x800031aa
          12234	       510	800001ae	31258593	addi	x11,x11,786	 x11:0x800031aa x11=0x800034bc
          12254	       511	800001b2	aaaabb37	lui	x22,0xaaaab	 x22=0xaaaab000
          12354	       516	800001b6	aaab0b13	addi	x22,x22,-1366	 x22:0xaaaab000 x22=0xaaaaaaaa
          12374	       517	800001ba	95da	c.add	x11,x22	 x11:0x800034bc x22:0xaaaaaaaa x11=0x2aaadf66
          12414	       519	800001bc	8189	c.srli	x11,0x2	 x11:0x2aaadf66 x11=0x0aaab7d9
          12454	       521	800001be	3ba59073	csrrw	x0,pmpaddr10,x11	 x11:0x0aaab7d9  x0=0x00000000
          12514	       524	800001c2	00003597	auipc	x11,0x3	 x11=0x800031c2
          12534	       525	800001c6	2fa58593	addi	x11,x11,762	 x11:0x800031c2 x11=0x800034bc
          12954	       546	800001ca	bbbbcb37	lui	x22,0xbbbbc	 x22=0xbbbbc000
          12974	       547	800001ce	bbbb0b13	addi	x22,x22,-1093	 x22:0xbbbbc000 x22=0xbbbbbbbb
          12994	       548	800001d2	95da	c.add	x11,x22	 x11:0x800034bc x22:0xbbbbbbbb x11=0x3bbbf077
          13014	       549	800001d4	8189	c.srli	x11,0x2	 x11:0x3bbbf077 x11=0x0eeefc1d
          13194	       558	800001d6	3bb59073	csrrw	x0,pmpaddr11,x11	 x11:0x0eeefc1d  x0=0x00000000
          13254	       561	800001da	0f0f15b7	lui	x11,0xf0f1	 x11=0x0f0f1000
          13274	       562	800001de	f0f58593	addi	x11,x11,-241	 x11:0x0f0f1000 x11=0x0f0f0f0f
          13294	       563	800001e2	3a259073	csrrw	x0,pmpcfg2,x11	 x11:0x0f0f0f0f  x0=0x00000000
          13354	       566	800001e6	00003597	auipc	x11,0x3	 x11=0x800031e6
          13694	       583	800001ea	2d658593	addi	x11,x11,726	 x11:0x800031e6 x11=0x800034bc
          13714	       584	800001ee	ccccdb37	lui	x22,0xccccd	 x22=0xccccd000
          13734	       585	800001f2	cccb0b13	addi	x22,x22,-820	 x22:0xccccd000 x22=0xcccccccc
          13754	       586	800001f6	95da	c.add	x11,x22	 x11:0x800034bc x22:0xcccccccc x11=0x4ccd0188
          13774	       587	800001f8	8189	c.srli	x11,0x2	 x11:0x4ccd0188 x11=0x13334062
          14014	       599	800001fa	3bc59073	csrrw	x0,pmpaddr12,x11	 x11:0x13334062  x0=0x00000000
          14154	       606	800001fe	00003597	auipc	x11,0x3	 x11=0x800031fe
          14174	       607	80000202	2be58593	addi	x11,x11,702	 x11:0x800031fe x11=0x800034bc
          14234	       610	80000206	ddddeb37	lui	x22,0xdddde	 x22=0xdddde000
          14254	       611	8000020a	dddb0b13	addi	x22,x22,-547	 x22:0xdddde000 x22=0xdddddddd
          14274	       612	8000020e	95da	c.add	x11,x22	 x11:0x800034bc x22:0xdddddddd x11=0x5dde1299
          14294	       613	80000210	8189	c.srli	x11,0x2	 x11:0x5dde1299 x11=0x177784a6
          14314	       614	80000212	3bd59073	csrrw	x0,pmpaddr13,x11	 x11:0x177784a6  x0=0x00000000
          14374	       617	80000216	00003597	auipc	x11,0x3	 x11=0x80003216
          14474	       622	8000021a	2a658593	addi	x11,x11,678	 x11:0x80003216 x11=0x800034bc
          14494	       623	8000021e	eeeefb37	lui	x22,0xeeeef	 x22=0xeeeef000
          14754	       636	80000222	eeeb0b13	addi	x22,x22,-274	 x22:0xeeeef000 x22=0xeeeeeeee
          14774	       637	80000226	95da	c.add	x11,x22	 x11:0x800034bc x22:0xeeeeeeee x11=0x6eef23aa
          15134	       655	80000228	8189	c.srli	x11,0x2	 x11:0x6eef23aa x11=0x1bbbc8ea
          15414	       669	8000022a	3be59073	csrrw	x0,pmpaddr14,x11	 x11:0x1bbbc8ea  x0=0x00000000
          15474	       672	8000022e	00003597	auipc	x11,0x3	 x11=0x8000322e
          15494	       673	80000232	28e58593	addi	x11,x11,654	 x11:0x8000322e x11=0x800034bc
          15874	       692	80000236	fff00b13	addi	x22,x0,-1	  x0:0x00000000 x22=0xffffffff
          15894	       693	8000023a	95da	c.add	x11,x22	 x11:0x800034bc x22:0xffffffff x11=0x800034bb
          16054	       701	8000023c	8189	c.srli	x11,0x2	 x11:0x800034bb x11=0x20000d2e
          16074	       702	8000023e	3bf59073	csrrw	x0,pmpaddr15,x11	 x11:0x20000d2e  x0=0x00000000
          16134	       705	80000242	0f0f15b7	lui	x11,0xf0f1	 x11=0x0f0f1000
          16274	       712	80000246	f0f58593	addi	x11,x11,-241	 x11:0x0f0f1000 x11=0x0f0f0f0f
          16294	       713	8000024a	3a359073	csrrw	x0,pmpcfg3,x11	 x11:0x0f0f0f0f  x0=0x00000000
          16474	       722	8000024e	00000b17	auipc	x22,0x0	 x22=0x8000024e
          16514	       724	80000252	058b0b13	addi	x22,x22,88	 x22:0x8000024e x22=0x800002a6
          16694	       733	80000256	341b1073	csrrw	x0,mepc,x22	 x22:0x800002a6  x0=0x00000000
          16714	       734	8000025a	7c00d073	csrrwi	x0,0x7c0,1	  x0=0x00000000
          16774	       737	8000025e	6b09	c.lui	x22,0x2	 x22=0x00002000
          16854	       741	80000260	800b0b13	addi	x22,x22,-2048	 x22:0x00002000 x22=0x00001800
          16874	       742	80000264	300b1073	csrrw	x0,mstatus,x22	 x22:0x00001800  x0=0x00000000
          17034	       750	80000268	4b01	c.li	x22,0	 x22=0x00000000
          17054	       751	8000026a	304b1073	csrrw	x0,mie,x22	 x22:0x00000000  x0=0x00000000
          17114	       754	8000026e	90000737	lui	x14,0x90000	 x14=0x90000000
          17134	       755	80000272	1771	c.addi	x14,-4	 x14:0x90000000 x14=0x8ffffffc
          17154	       756	80000274	30000b13	addi	x22,x0,768	  x0:0x00000000 x22=0x00000300
          17514	       774	80000278	0b22	c.slli	x22,0x8	 x22:0x00000300 x22=0x00030000
          17534	       775	8000027a	0b0d	c.addi	x22,3	 x22:0x00030000 x22=0x00030003
          17594	       778	8000027c	01672023	sw	x22,0(x14)	 x14:0x8ffffffc x22:0x00030003 PA:0x8ffffffc store:0x00030003
          17614	       779	80000280	30002b73	csrrs	x22,mstatus,x0	  x0:0x00000000 x22=0x00001800
          17654	       781	80000284	01672023	sw	x22,0(x14)	 x14:0x8ffffffc x22:0x00001800 PA:0x8ffffffc store:0x00001800
          17774	       787	80000288	90000737	lui	x14,0x90000	 x14=0x90000000
          17794	       788	8000028c	1771	c.addi	x14,-4	 x14:0x90000000 x14=0x8ffffffc
          17814	       789	8000028e	30400b13	addi	x22,x0,772	  x0:0x00000000 x22=0x00000304
          17834	       790	80000292	0b22	c.slli	x22,0x8	 x22:0x00000304 x22=0x00030400
          17874	       792	80000294	0b0d	c.addi	x22,3	 x22:0x00030400 x22=0x00030403
          18354	       816	80000296	01672023	sw	x22,0(x14)	 x14:0x8ffffffc x22:0x00030403 PA:0x8ffffffc store:0x00030403
          18374	       817	8000029a	30402b73	csrrs	x22,mie,x0	  x0:0x00000000 x22=0x00000000
          18434	       820	8000029e	01672023	sw	x22,0(x14)	 x14:0x8ffffffc x22:0x00000000 PA:0x8ffffffc store:0x00000000
          18454	       821	800002a2	30200073	mret	
          19194	       858	800002a6	00000013	addi	x0,x0,0	  x0:0x00000000  x0=0x00000000
          19214	       859	800002aa	4081	c.li	x1,0	  x1=0x00000000
          19234	       860	800002ac	4131	c.li	x2,12	  x2=0x0000000c
          19254	       861	800002ae	41a5	c.li	x3,9	  x3=0x00000009
          19274	       862	800002b0	4229	c.li	x4,10	  x4=0x0000000a
          19434	       870	800002b2	2c5bb337	lui	x6,0x2c5bb	  x6=0x2c5bb000
          19554	       876	800002b6	9d330313	addi	x6,x6,-1581	  x6:0x2c5bb000  x6=0x2c5ba9d3
          19574	       877	800002ba	2c5a33b7	lui	x7,0x2c5a3	  x7=0x2c5a3000
          19594	       878	800002be	e9938393	addi	x7,x7,-359	  x7:0x2c5a3000  x7=0x2c5a2e99
          19774	       887	800002c2	80000437	lui	x8,0x80000	  x8=0x80000000
          20194	       908	800002c6	800004b7	lui	x9,0x80000	  x9=0x80000000
          20214	       909	800002ca	4501	c.li	x10,0	 x10=0x00000000
          20234	       910	800002cc	f0c785b7	lui	x11,0xf0c78	 x11=0xf0c78000
          20334	       915	800002d0	f2858593	addi	x11,x11,-216	 x11:0xf0c78000 x11=0xf0c77f28
          20454	       921	800002d4	f3f19637	lui	x12,0xf3f19	 x12=0xf3f19000
          20834	       940	800002d8	acb60613	addi	x12,x12,-1333	 x12:0xf3f19000 x12=0xf3f18acb
          20934	       945	800002dc	a73486b7	lui	x13,0xa7348	 x13=0xa7348000
          20954	       946	800002e0	5e868693	addi	x13,x13,1512	 x13:0xa7348000 x13=0xa73485e8
          20994	       948	800002e4	0a55e737	lui	x14,0xa55e	 x14=0x0a55e000
          21014	       949	800002e8	a3a70713	addi	x14,x14,-1478	 x14:0x0a55e000 x14=0x0a55da3a
          21114	       954	800002ec	f1fe87b7	lui	x15,0xf1fe8	 x15=0xf1fe8000
          21394	       968	800002f0	fad78793	addi	x15,x15,-83	 x15:0xf1fe8000 x15=0xf1fe7fad
          21414	       969	800002f4	4831	c.li	x16,12	 x16=0x0000000c
          21434	       970	800002f6	4901	c.li	x18,0	 x18=0x00000000
          21834	       990	800002f8	800009b7	lui	x19,0x80000	 x19=0x80000000
          22214	      1009	800002fc	38fbda37	lui	x20,0x38fbd	 x20=0x38fbd000
          22234	      1010	80000300	a33a0a13	addi	x20,x20,-1485	 x20:0x38fbd000 x20=0x38fbca33
          22394	      1018	80000304	4008eab7	lui	x21,0x4008e	 x21=0x4008e000
          22494	      1023	80000308	365a8a93	addi	x21,x21,869	 x21:0x4008e000 x21=0x4008e365
          22514	      1024	8000030c	4b2d	c.li	x22,11	 x22=0x0000000b
          22574	      1027	8000030e	80000bb7	lui	x23,0x80000	 x23=0x80000000
          22594	      1028	80000312	4c39	c.li	x24,14	 x24=0x0000000e
          22614	      1029	80000314	4c89	c.li	x25,2	 x25=0x00000002
          22634	      1030	80000316	4d19	c.li	x26,6	 x26=0x00000006
          22654	      1031	80000318	4dad	c.li	x27,11	 x27=0x0000000b
          22734	      1035	8000031a	76c56e37	lui	x28,0x76c56	 x28=0x76c56000
          22754	      1036	8000031e	88ee0e13	addi	x28,x28,-1906	 x28:0x76c56000 x28=0x76c5588e
          22774	      1037	80000322	4e81	c.li	x29,0	 x29=0x00000000
          23174	      1057	80000324	80000f37	lui	x30,0x80000	 x30=0x80000000
          23594	      1078	80000328	7fa1	c.lui	x31,0xfffe8	 x31=0xfffe8000
          23614	      1079	8000032a	97cf8f93	addi	x31,x31,-1668	 x31:0xfffe8000 x31=0xfffe797c
          24034	      1100	8000032e	00022297	auipc	x5,0x22	  x5=0x8002232e
          24094	      1103	80000332	b3628293	addi	x5,x5,-1226	  x5:0x8002232e  x5=0x80021e64
          24114	      1104	80000336	90000737	lui	x14,0x90000	 x14=0x90000000
          24134	      1105	8000033a	1771	c.addi	x14,-4	 x14:0x90000000 x14=0x8ffffffc
          24314	      1114	8000033c	4b01	c.li	x22,0	 x22=0x00000000
          24334	      1115	8000033e	0b22	c.slli	x22,0x8	 x22:0x00000000 x22=0x00000000
          24354	      1116	80000340	000b0b13	addi	x22,x22,0	 x22:0x00000000 x22=0x00000000
          24674	      1132	80000344	01672023	sw	x22,0(x14)	 x14:0x8ffffffc x22:0x00000000 PA:0x8ffffffc store:0x00000000
          24774	      1137	80000348	1740306f	jal	x0,800034bc	  x0=0x00000000
          25474	      1172	800034bc	050bd463	bge	x23,x16,80003504	 x23:0x80000000 x16:0x0000000c
          25634	      1180	800034c0	567d	c.li	x12,-1	 x12=0xffffffff
          25654	      1181	800034c2	34003673	csrrc	x12,mscratch,x0	  x0:0x00000000 x12=0x00000000
          25674	      1182	800034c6	3405a3f3	csrrs	x7,mscratch,x11	 x11:0xf0c77f28  x7=0x00000000
          25874	      1192	800034ca	0290dd63	bge	x1,x9,80003504	  x1:0x00000000  x9:0x80000000
          26954	      1246	80003504	1efd	c.addi	x29,-1	 x29:0x00000000 x29=0xffffffff
          27114	      1254	80003506	ffffd597	auipc	x11,0xffffd	 x11=0x80000506
          27134	      1255	8000350a	e4658593	addi	x11,x11,-442	 x11:0x80000506 x11=0x8000034c
          27434	      1270	8000350e	00058067	jalr	x0,0(x11)	 x11:0x8000034c  x0=0x00000000
          27474	      1272	8000034c	90000737	lui	x14,0x90000	 x14=0x90000000
          27674	      1282	80000350	1761	c.addi	x14,-8	 x14:0x90000000 x14=0x8ffffff8
          27694	      1283	80000352	4b01	c.li	x22,0	 x22=0x00000000
          27714	      1284	80000354	0b22	c.slli	x22,0x8	 x22:0x00000000 x22=0x00000000
          27734	      1285	80000356	0b05	c.addi	x22,1	 x22:0x00000000 x22=0x00000001
          28174	      1307	80000358	01672023	sw	x22,0(x14)	 x14:0x8ffffff8 x22:0x00000001 PA:0x8ffffff8 store:0x00000001
          28194	      1308	8000035c	00000073	ecall	
          28374	      1317	80002700	0800006f	jal	x0,80002780	  x0=0x00000000
          36034	      1700	80002780	18f1	c.addi	x17,-4	 x17:0x80025ce4 x17=0x80025ce0
          36094	      1703	80002782	0058a023	sw	x5,0(x17)	 x17:0x80025ce0  x5:0x80021e64 PA:0x80025ce0 store:0x80021e64
          36114	      1704	80002786	000882b3	add	x5,x17,x0	 x17:0x80025ce0  x0:0x00000000  x5=0x80025ce0
          36314	      1714	8000278a	f8028293	addi	x5,x5,-128	  x5:0x80025ce0  x5=0x80025c60
          36894	      1743	8000278e	0012a223	sw	x1,4(x5)	  x5:0x80025c60  x1:0x00000000 PA:0x80025c64 store:0x00000000
          37354	      1766	80002792	0022a423	sw	x2,8(x5)	  x5:0x80025c60  x2:0x0000000c PA:0x80025c68 store:0x0000000c
          37794	      1788	80002796	0032a623	sw	x3,12(x5)	  x5:0x80025c60  x3:0x00000009 PA:0x80025c6c store:0x00000009
          38174	      1807	8000279a	0042a823	sw	x4,16(x5)	  x5:0x80025c60  x4:0x0000000a PA:0x80025c70 store:0x0000000a
          38234	      1810	8000279e	0052aa23	sw	x5,20(x5)	  x5:0x80025c60  x5:0x80025c60 PA:0x80025c74 store:0x80025c60
          38354	      1816	800027a2	0062ac23	sw	x6,24(x5)	  x5:0x80025c60  x6:0x2c5ba9d3 PA:0x80025c78 store:0x2c5ba9d3
          38554	      1826	800027a6	0072ae23	sw	x7,28(x5)	  x5:0x80025c60  x7:0x00000000 PA:0x80025c7c store:0x00000000
          38634	      1830	800027aa	0282a023	sw	x8,32(x5)	  x5:0x80025c60  x8:0x80000000 PA:0x80025c80 store:0x80000000
          38714	      1834	800027ae	0292a223	sw	x9,36(x5)	  x5:0x80025c60  x9:0x80000000 PA:0x80025c84 store:0x80000000
          38774	      1837	800027b2	02a2a423	sw	x10,40(x5)	  x5:0x80025c60 x10:0x00000000 PA:0x80025c88 store:0x00000000
          38794	      1838	800027b6	02b2a623	sw	x11,44(x5)	  x5:0x80025c60 x11:0x8000034c PA:0x80025c8c store:0x8000034c
          38814	      1839	800027ba	02c2a823	sw	x12,48(x5)	  x5:0x80025c60 x12:0x00000000 PA:0x80025c90 store:0x00000000
          38854	      1841	800027be	02d2aa23	sw	x13,52(x5)	  x5:0x80025c60 x13:0xa73485e8 PA:0x80025c94 store:0xa73485e8
          38994	      1848	800027c2	02e2ac23	sw	x14,56(x5)	  x5:0x80025c60 x14:0x8ffffff8 PA:0x80025c98 store:0x8ffffff8
          39054	      1851	800027c6	02f2ae23	sw	x15,60(x5)	  x5:0x80025c60 x15:0xf1fe7fad PA:0x80025c9c store:0xf1fe7fad
          39194	      1858	800027ca	0502a023	sw	x16,64(x5)	  x5:0x80025c60 x16:0x0000000c PA:0x80025ca0 store:0x0000000c
          39274	      1862	800027ce	0512a223	sw	x17,68(x5)	  x5:0x80025c60 x17:0x80025ce0 PA:0x80025ca4 store:0x80025ce0
          39294	      1863	800027d2	0522a423	sw	x18,72(x5)	  x5:0x80025c60 x18:0x00000000 PA:0x80025ca8 store:0x00000000
          39474	      1872	800027d6	0532a623	sw	x19,76(x5)	  x5:0x80025c60 x19:0x80000000 PA:0x80025cac store:0x80000000
          39574	      1877	800027da	0542a823	sw	x20,80(x5)	  x5:0x80025c60 x20:0x38fbca33 PA:0x80025cb0 store:0x38fbca33
          39694	      1883	800027de	0552aa23	sw	x21,84(x5)	  x5:0x80025c60 x21:0x4008e365 PA:0x80025cb4 store:0x4008e365
          39754	      1886	800027e2	0562ac23	sw	x22,88(x5)	  x5:0x80025c60 x22:0x00000001 PA:0x80025cb8 store:0x00000001
          40074	      1902	800027e6	0572ae23	sw	x23,92(x5)	  x5:0x80025c60 x23:0x80000000 PA:0x80025cbc store:0x80000000
          40394	      1918	800027ea	0782a023	sw	x24,96(x5)	  x5:0x80025c60 x24:0x0000000e PA:0x80025cc0 store:0x0000000e
          40674	      1932	800027ee	0792a223	sw	x25,100(x5)	  x5:0x80025c60 x25:0x00000002 PA:0x80025cc4 store:0x00000002
          41134	      1955	800027f2	07a2a423	sw	x26,104(x5)	  x5:0x80025c60 x26:0x00000006 PA:0x80025cc8 store:0x00000006
          41194	      1958	800027f6	07b2a623	sw	x27,108(x5)	  x5:0x80025c60 x27:0x0000000b PA:0x80025ccc store:0x0000000b
          41214	      1959	800027fa	07c2a823	sw	x28,112(x5)	  x5:0x80025c60 x28:0x76c5588e PA:0x80025cd0 store:0x76c5588e
          41234	      1960	800027fe	07d2aa23	sw	x29,116(x5)	  x5:0x80025c60 x29:0xffffffff PA:0x80025cd4 store:0xffffffff
          41454	      1971	80002802	07e2ac23	sw	x30,120(x5)	  x5:0x80025c60 x30:0x80000000 PA:0x80025cd8 store:0x80000000
          41614	      1979	80002806	07f2ae23	sw	x31,124(x5)	  x5:0x80025c60 x31:0xfffe797c PA:0x80025cdc store:0xfffe797c
          41634	      1980	8000280a	000288b3	add	x17,x5,x0	  x5:0x80025c60  x0:0x00000000 x17=0x80025c60
          41654	      1981	8000280e	90000737	lui	x14,0x90000	 x14=0x90000000
          41674	      1982	80002812	1771	c.addi	x14,-4	 x14:0x90000000 x14=0x8ffffffc
          41694	      1983	80002814	4b21	c.li	x22,8	 x22=0x00000008
          41714	      1984	80002816	0b22	c.slli	x22,0x8	 x22:0x00000008 x22=0x00000800
          41734	      1985	80002818	000b0b13	addi	x22,x22,0	 x22:0x00000800 x22=0x00000800
          41954	      1996	8000281c	01672023	sw	x22,0(x14)	 x14:0x8ffffffc x22:0x00000800 PA:0x8ffffffc store:0x00000800
          41974	      1997	80002820	34102b73	csrrs	x22,mepc,x0	  x0:0x00000000 x22=0x8000035c
          41994	      1998	80002824	34202b73	csrrs	x22,mcause,x0	  x0:0x00000000 x22=0x0000000b
          42014	      1999	80002828	470d	c.li	x14,3	 x14=0x00000003
          42034	      2000	8000282a	00eb1463	bne	x22,x14,80002832	 x22:0x0000000b x14:0x00000003
          42514	      2024	80002832	4721	c.li	x14,8	 x14=0x00000008
          42934	      2045	80002834	04eb0d63	beq	x22,x14,8000288e	 x22:0x0000000b x14:0x00000008
          42994	      2048	80002838	4725	c.li	x14,9	 x14=0x00000009
          43014	      2049	8000283a	04eb0a63	beq	x22,x14,8000288e	 x22:0x0000000b x14:0x00000009
          43034	      2050	8000283e	472d	c.li	x14,11	 x14=0x0000000b
          43054	      2051	80002840	04eb0763	beq	x22,x14,8000288e	 x22:0x0000000b x14:0x0000000b
          44154	      2106	8000288e	90000737	lui	x14,0x90000	 x14=0x90000000
          44174	      2107	80002892	1771	c.addi	x14,-4	 x14:0x90000000 x14=0x8ffffffc
          44194	      2108	80002894	6b05	c.lui	x22,0x1	 x22=0x00001000
          44214	      2109	80002896	b00b0b13	addi	x22,x22,-1280	 x22:0x00001000 x22=0x00000b00
          44234	      2110	8000289a	0b22	c.slli	x22,0x8	 x22:0x00000b00 x22=0x000b0000
          44254	      2111	8000289c	0b0d	c.addi	x22,3	 x22:0x000b0000 x22=0x000b0003
          44494	      2123	8000289e	01672023	sw	x22,0(x14)	 x14:0x8ffffffc x22:0x000b0003 PA:0x8ffffffc store:0x000b0003
          44514	      2124	800028a2	b0002b73	csrrs	x22,mcycle,x0	  x0:0x00000000 x22=0x00000849
          44714	      2134	800028a6	01672023	sw	x22,0(x14)	 x14:0x8ffffffc x22:0x00000849 PA:0x8ffffffc store:0x00000849
          44734	      2135	800028aa	90000737	lui	x14,0x90000	 x14=0x90000000
          44754	      2136	800028ae	1771	c.addi	x14,-4	 x14:0x90000000 x14=0x8ffffffc
          44774	      2137	800028b0	6b05	c.lui	x22,0x1	 x22=0x00001000
          44794	      2138	800028b2	b80b0b13	addi	x22,x22,-1152	 x22:0x00001000 x22=0x00000b80
          44814	      2139	800028b6	0b22	c.slli	x22,0x8	 x22:0x00000b80 x22=0x000b8000
          44834	      2140	800028b8	0b0d	c.addi	x22,3	 x22:0x000b8000 x22=0x000b8003
          44994	      2148	800028ba	01672023	sw	x22,0(x14)	 x14:0x8ffffffc x22:0x000b8003 PA:0x8ffffffc store:0x000b8003
          45094	      2153	800028be	b8002b73	csrrs	x22,mcycleh,x0	  x0:0x00000000 x22=0x00000000
          45574	      2177	800028c2	01672023	sw	x22,0(x14)	 x14:0x8ffffffc x22:0x00000000 PA:0x8ffffffc store:0x00000000
          45594	      2178	800028c6	90000737	lui	x14,0x90000	 x14=0x90000000
          45614	      2179	800028ca	1771	c.addi	x14,-4	 x14:0x90000000 x14=0x8ffffffc
          45634	      2180	800028cc	6b05	c.lui	x22,0x1	 x22=0x00001000
          45654	      2181	800028ce	b03b0b13	addi	x22,x22,-1277	 x22:0x00001000 x22=0x00000b03
          45674	      2182	800028d2	0b22	c.slli	x22,0x8	 x22:0x00000b03 x22=0x000b0300
          45774	      2187	800028d4	0b0d	c.addi	x22,3	 x22:0x000b0300 x22=0x000b0303
          45834	      2190	800028d6	01672023	sw	x22,0(x14)	 x14:0x8ffffffc x22:0x000b0303 PA:0x8ffffffc store:0x000b0303
          45854	      2191	800028da	b0302b73	csrrs	x22,mhpmcounter3,x0	  x0:0x00000000 x22=0x0000009a
          45874	      2192	800028de	01672023	sw	x22,0(x14)	 x14:0x8ffffffc x22:0x0000009a PA:0x8ffffffc store:0x0000009a
          46234	      2210	800028e2	90000737	lui	x14,0x90000	 x14=0x90000000
          46254	      2211	800028e6	1771	c.addi	x14,-4	 x14:0x90000000 x14=0x8ffffffc
          46314	      2214	800028e8	6b05	c.lui	x22,0x1	 x22=0x00001000
          46594	      2228	800028ea	b83b0b13	addi	x22,x22,-1149	 x22:0x00001000 x22=0x00000b83
          46614	      2229	800028ee	0b22	c.slli	x22,0x8	 x22:0x00000b83 x22=0x000b8300
          46774	      2237	800028f0	0b0d	c.addi	x22,3	 x22:0x000b8300 x22=0x000b8303
          46934	      2245	800028f2	01672023	sw	x22,0(x14)	 x14:0x8ffffffc x22:0x000b8303 PA:0x8ffffffc store:0x000b8303
          46954	      2246	800028f6	b8302b73	csrrs	x22,mhpmcounter3h,x0	  x0:0x00000000 x22=0x00000000
          47334	      2265	800028fa	01672023	sw	x22,0(x14)	 x14:0x8ffffffc x22:0x00000000 PA:0x8ffffffc store:0x00000000
          47354	      2266	800028fe	90000737	lui	x14,0x90000	 x14=0x90000000
          47374	      2267	80002902	1771	c.addi	x14,-4	 x14:0x90000000 x14=0x8ffffffc
          47454	      2271	80002904	6b05	c.lui	x22,0x1	 x22=0x00001000
          47474	      2272	80002906	b04b0b13	addi	x22,x22,-1276	 x22:0x00001000 x22=0x00000b04
          47494	      2273	8000290a	0b22	c.slli	x22,0x8	 x22:0x00000b04 x22=0x000b0400
          47514	      2274	8000290c	0b0d	c.addi	x22,3	 x22:0x000b0400 x22=0x000b0403
          47594	      2278	8000290e	01672023	sw	x22,0(x14)	 x14:0x8ffffffc x22:0x000b0403 PA:0x8ffffffc store:0x000b0403
          47674	      2282	80002912	b0402b73	csrrs	x22,mhpmcounter4,x0	  x0:0x00000000 x22=0x000004fc
          48154	      2306	80002916	01672023	sw	x22,0(x14)	 x14:0x8ffffffc x22:0x000004fc PA:0x8ffffffc store:0x000004fc
          48174	      2307	8000291a	90000737	lui	x14,0x90000	 x14=0x90000000
          48194	      2308	8000291e	1771	c.addi	x14,-4	 x14:0x90000000 x14=0x8ffffffc
          48454	      2321	80002920	6b05	c.lui	x22,0x1	 x22=0x00001000
          48874	      2342	80002922	b84b0b13	addi	x22,x22,-1148	 x22:0x00001000 x22=0x00000b84
          48894	      2343	80002926	0b22	c.slli	x22,0x8	 x22:0x00000b84 x22=0x000b8400
          49034	      2350	80002928	0b0d	c.addi	x22,3	 x22:0x000b8400 x22=0x000b8403
          49094	      2353	8000292a	01672023	sw	x22,0(x14)	 x14:0x8ffffffc x22:0x000b8403 PA:0x8ffffffc store:0x000b8403
          49114	      2354	8000292e	b8402b73	csrrs	x22,mhpmcounter4h,x0	  x0:0x00000000 x22=0x00000000
          49134	      2355	80002932	01672023	sw	x22,0(x14)	 x14:0x8ffffffc x22:0x00000000 PA:0x8ffffffc store:0x00000000
          49214	      2359	80002936	90000737	lui	x14,0x90000	 x14=0x90000000
          49234	      2360	8000293a	1771	c.addi	x14,-4	 x14:0x90000000 x14=0x8ffffffc
          49294	      2363	8000293c	6b05	c.lui	x22,0x1	 x22=0x00001000
          49314	      2364	8000293e	b05b0b13	addi	x22,x22,-1275	 x22:0x00001000 x22=0x00000b05
          49334	      2365	80002942	0b22	c.slli	x22,0x8	 x22:0x00000b05 x22=0x000b0500
          49394	      2368	80002944	0b0d	c.addi	x22,3	 x22:0x000b0500 x22=0x000b0503
          49454	      2371	80002946	01672023	sw	x22,0(x14)	 x14:0x8ffffffc x22:0x000b0503 PA:0x8ffffffc store:0x000b0503
          49894	      2393	8000294a	b0502b73	csrrs	x22,mhpmcounter5,x0	  x0:0x00000000 x22=0x00000000
          49994	      2398	8000294e	01672023	sw	x22,0(x14)	 x14:0x8ffffffc x22:0x00000000 PA:0x8ffffffc store:0x00000000
          50014	      2399	80002952	90000737	lui	x14,0x90000	 x14=0x90000000
          50034	      2400	80002956	1771	c.addi	x14,-4	 x14:0x90000000 x14=0x8ffffffc
          50054	      2401	80002958	6b05	c.lui	x22,0x1	 x22=0x00001000
          50074	      2402	8000295a	b85b0b13	addi	x22,x22,-1147	 x22:0x00001000 x22=0x00000b85
          50094	      2403	8000295e	0b22	c.slli	x22,0x8	 x22:0x00000b85 x22=0x000b8500
          50254	      2411	80002960	0b0d	c.addi	x22,3	 x22:0x000b8500 x22=0x000b8503
          50314	      2414	80002962	01672023	sw	x22,0(x14)	 x14:0x8ffffffc x22:0x000b8503 PA:0x8ffffffc store:0x000b8503
          50594	      2428	80002966	b8502b73	csrrs	x22,mhpmcounter5h,x0	  x0:0x00000000 x22=0x00000000
          51014	      2449	8000296a	01672023	sw	x22,0(x14)	 x14:0x8ffffffc x22:0x00000000 PA:0x8ffffffc store:0x00000000
          51034	      2450	8000296e	90000737	lui	x14,0x90000	 x14=0x90000000
          51054	      2451	80002972	1771	c.addi	x14,-4	 x14:0x90000000 x14=0x8ffffffc
          51154	      2456	80002974	6b05	c.lui	x22,0x1	 x22=0x00001000
          51354	      2466	80002976	b06b0b13	addi	x22,x22,-1274	 x22:0x00001000 x22=0x00000b06
          51374	      2467	8000297a	0b22	c.slli	x22,0x8	 x22:0x00000b06 x22=0x000b0600
          51394	      2468	8000297c	0b0d	c.addi	x22,3	 x22:0x000b0600 x22=0x000b0603
          51454	      2471	8000297e	01672023	sw	x22,0(x14)	 x14:0x8ffffffc x22:0x000b0603 PA:0x8ffffffc store:0x000b0603
          51514	      2474	80002982	b0602b73	csrrs	x22,mhpmcounter6,x0	  x0:0x00000000 x22=0x00000038
          51574	      2477	80002986	01672023	sw	x22,0(x14)	 x14:0x8ffffffc x22:0x00000038 PA:0x8ffffffc store:0x00000038
          51594	      2478	8000298a	90000737	lui	x14,0x90000	 x14=0x90000000
          51614	      2479	8000298e	1771	c.addi	x14,-4	 x14:0x90000000 x14=0x8ffffffc
          51894	      2493	80002990	6b05	c.lui	x22,0x1	 x22=0x00001000
          51914	      2494	80002992	b86b0b13	addi	x22,x22,-1146	 x22:0x00001000 x22=0x00000b86
          51934	      2495	80002996	0b22	c.slli	x22,0x8	 x22:0x00000b86 x22=0x000b8600
          51974	      2497	80002998	0b0d	c.addi	x22,3	 x22:0x000b8600 x22=0x000b8603
          52134	      2505	8000299a	01672023	sw	x22,0(x14)	 x14:0x8ffffffc x22:0x000b8603 PA:0x8ffffffc store:0x000b8603
          52154	      2506	8000299e	b8602b73	csrrs	x22,mhpmcounter6h,x0	  x0:0x00000000 x22=0x00000000
          52314	      2514	800029a2	01672023	sw	x22,0(x14)	 x14:0x8ffffffc x22:0x00000000 PA:0x8ffffffc store:0x00000000
          52434	      2520	800029a6	90000737	lui	x14,0x90000	 x14=0x90000000
          52454	      2521	800029aa	1771	c.addi	x14,-4	 x14:0x90000000 x14=0x8ffffffc
          52474	      2522	800029ac	6b05	c.lui	x22,0x1	 x22=0x00001000
          52494	      2523	800029ae	b07b0b13	addi	x22,x22,-1273	 x22:0x00001000 x22=0x00000b07
          52514	      2524	800029b2	0b22	c.slli	x22,0x8	 x22:0x00000b07 x22=0x000b0700
          52534	      2525	800029b4	0b0d	c.addi	x22,3	 x22:0x000b0700 x22=0x000b0703
          52594	      2528	800029b6	01672023	sw	x22,0(x14)	 x14:0x8ffffffc x22:0x000b0703 PA:0x8ffffffc store:0x000b0703
          52614	      2529	800029ba	b0702b73	csrrs	x22,mhpmcounter7,x0	  x0:0x00000000 x22=0x00000003
          53014	      2549	800029be	01672023	sw	x22,0(x14)	 x14:0x8ffffffc x22:0x00000003 PA:0x8ffffffc store:0x00000003
          53174	      2557	800029c2	90000737	lui	x14,0x90000	 x14=0x90000000
          53194	      2558	800029c6	1771	c.addi	x14,-4	 x14:0x90000000 x14=0x8ffffffc
          53214	      2559	800029c8	6b05	c.lui	x22,0x1	 x22=0x00001000
          53254	      2561	800029ca	b87b0b13	addi	x22,x22,-1145	 x22:0x00001000 x22=0x00000b87
          53274	      2562	800029ce	0b22	c.slli	x22,0x8	 x22:0x00000b87 x22=0x000b8700
          53294	      2563	800029d0	0b0d	c.addi	x22,3	 x22:0x000b8700 x22=0x000b8703
          53734	      2585	800029d2	01672023	sw	x22,0(x14)	 x14:0x8ffffffc x22:0x000b8703 PA:0x8ffffffc store:0x000b8703
          53754	      2586	800029d6	b8702b73	csrrs	x22,mhpmcounter7h,x0	  x0:0x00000000 x22=0x00000000
          53814	      2589	800029da	01672023	sw	x22,0(x14)	 x14:0x8ffffffc x22:0x00000000 PA:0x8ffffffc store:0x00000000
          53834	      2590	800029de	90000737	lui	x14,0x90000	 x14=0x90000000
          53854	      2591	800029e2	1771	c.addi	x14,-4	 x14:0x90000000 x14=0x8ffffffc
          53874	      2592	800029e4	6b05	c.lui	x22,0x1	 x22=0x00001000
          53894	      2593	800029e6	b08b0b13	addi	x22,x22,-1272	 x22:0x00001000 x22=0x00000b08
          53914	      2594	800029ea	0b22	c.slli	x22,0x8	 x22:0x00000b08 x22=0x000b0800
          53934	      2595	800029ec	0b0d	c.addi	x22,3	 x22:0x000b0800 x22=0x000b0803
          54234	      2610	800029ee	01672023	sw	x22,0(x14)	 x14:0x8ffffffc x22:0x000b0803 PA:0x8ffffffc store:0x000b0803
          54254	      2611	800029f2	b0802b73	csrrs	x22,mhpmcounter8,x0	  x0:0x00000000 x22=0x00000006
          54294	      2613	800029f6	01672023	sw	x22,0(x14)	 x14:0x8ffffffc x22:0x00000006 PA:0x8ffffffc store:0x00000006
          54314	      2614	800029fa	90000737	lui	x14,0x90000	 x14=0x90000000
          54334	      2615	800029fe	1771	c.addi	x14,-4	 x14:0x90000000 x14=0x8ffffffc
          54354	      2616	80002a00	6b05	c.lui	x22,0x1	 x22=0x00001000
          54374	      2617	80002a02	b88b0b13	addi	x22,x22,-1144	 x22:0x00001000 x22=0x00000b88
          54394	      2618	80002a06	0b22	c.slli	x22,0x8	 x22:0x00000b88 x22=0x000b8800
          54574	      2627	80002a08	0b0d	c.addi	x22,3	 x22:0x000b8800 x22=0x000b8803
          55394	      2668	80002a0a	01672023	sw	x22,0(x14)	 x14:0x8ffffffc x22:0x000b8803 PA:0x8ffffffc store:0x000b8803
          55414	      2669	80002a0e	b8802b73	csrrs	x22,mhpmcounter8h,x0	  x0:0x00000000 x22=0x00000000
          55794	      2688	80002a12	01672023	sw	x22,0(x14)	 x14:0x8ffffffc x22:0x00000000 PA:0x8ffffffc store:0x00000000
          55814	      2689	80002a16	90000737	lui	x14,0x90000	 x14=0x90000000
          55834	      2690	80002a1a	1771	c.addi	x14,-4	 x14:0x90000000 x14=0x8ffffffc
          55854	      2691	80002a1c	6b05	c.lui	x22,0x1	 x22=0x00001000
          55874	      2692	80002a1e	b09b0b13	addi	x22,x22,-1271	 x22:0x00001000 x22=0x00000b09
          55894	      2693	80002a22	0b22	c.slli	x22,0x8	 x22:0x00000b09 x22=0x000b0900
          55914	      2694	80002a24	0b0d	c.addi	x22,3	 x22:0x000b0900 x22=0x000b0903
          56114	      2704	80002a26	01672023	sw	x22,0(x14)	 x14:0x8ffffffc x22:0x000b0903 PA:0x8ffffffc store:0x000b0903
          56134	      2705	80002a2a	b0902b73	csrrs	x22,mhpmcounter9,x0	  x0:0x00000000 x22=0x00000003
          56854	      2741	80002a2e	01672023	sw	x22,0(x14)	 x14:0x8ffffffc x22:0x00000003 PA:0x8ffffffc store:0x00000003
          56874	      2742	80002a32	90000737	lui	x14,0x90000	 x14=0x90000000
          56894	      2743	80002a36	1771	c.addi	x14,-4	 x14:0x90000000 x14=0x8ffffffc
          56914	      2744	80002a38	6b05	c.lui	x22,0x1	 x22=0x00001000
          57094	      2753	80002a3a	b89b0b13	addi	x22,x22,-1143	 x22:0x00001000 x22=0x00000b89
          57114	      2754	80002a3e	0b22	c.slli	x22,0x8	 x22:0x00000b89 x22=0x000b8900
          57134	      2755	80002a40	0b0d	c.addi	x22,3	 x22:0x000b8900 x22=0x000b8903
          57814	      2789	80002a42	01672023	sw	x22,0(x14)	 x14:0x8ffffffc x22:0x000b8903 PA:0x8ffffffc store:0x000b8903
          57834	      2790	80002a46	b8902b73	csrrs	x22,mhpmcounter9h,x0	  x0:0x00000000 x22=0x00000000
          58294	      2813	80002a4a	01672023	sw	x22,0(x14)	 x14:0x8ffffffc x22:0x00000000 PA:0x8ffffffc store:0x00000000
          58314	      2814	80002a4e	90000737	lui	x14,0x90000	 x14=0x90000000
          58334	      2815	80002a52	1771	c.addi	x14,-4	 x14:0x90000000 x14=0x8ffffffc
          58354	      2816	80002a54	6b05	c.lui	x22,0x1	 x22=0x00001000
          58374	      2817	80002a56	b0ab0b13	addi	x22,x22,-1270	 x22:0x00001000 x22=0x00000b0a
          58394	      2818	80002a5a	0b22	c.slli	x22,0x8	 x22:0x00000b0a x22=0x000b0a00
          58414	      2819	80002a5c	0b0d	c.addi	x22,3	 x22:0x000b0a00 x22=0x000b0a03
          58474	      2822	80002a5e	01672023	sw	x22,0(x14)	 x14:0x8ffffffc x22:0x000b0a03 PA:0x8ffffffc store:0x000b0a03
          58494	      2823	80002a62	b0a02b73	csrrs	x22,mhpmcounter10,x0	  x0:0x00000000 x22=0x0000008c
          58614	      2829	80002a66	01672023	sw	x22,0(x14)	 x14:0x8ffffffc x22:0x0000008c PA:0x8ffffffc store:0x0000008c
          58694	      2833	80002a6a	90000737	lui	x14,0x90000	 x14=0x90000000
          58714	      2834	80002a6e	1771	c.addi	x14,-4	 x14:0x90000000 x14=0x8ffffffc
          58734	      2835	80002a70	6b05	c.lui	x22,0x1	 x22=0x00001000
          58754	      2836	80002a72	b8ab0b13	addi	x22,x22,-1142	 x22:0x00001000 x22=0x00000b8a
          58774	      2837	80002a76	0b22	c.slli	x22,0x8	 x22:0x00000b8a x22=0x000b8a00
          58794	      2838	80002a78	0b0d	c.addi	x22,3	 x22:0x000b8a00 x22=0x000b8a03
          59094	      2853	80002a7a	01672023	sw	x22,0(x14)	 x14:0x8ffffffc x22:0x000b8a03 PA:0x8ffffffc store:0x000b8a03
          59194	      2858	80002a7e	b8a02b73	csrrs	x22,mhpmcounter10h,x0	  x0:0x00000000 x22=0x00000000
          59274	      2862	80002a82	01672023	sw	x22,0(x14)	 x14:0x8ffffffc x22:0x00000000 PA:0x8ffffffc store:0x00000000
          59294	      2863	80002a86	90000737	lui	x14,0x90000	 x14=0x90000000
          59314	      2864	80002a8a	1771	c.addi	x14,-4	 x14:0x90000000 x14=0x8ffffffc
          59374	      2867	80002a8c	6b05	c.lui	x22,0x1	 x22=0x00001000
          59394	      2868	80002a8e	b0bb0b13	addi	x22,x22,-1269	 x22:0x00001000 x22=0x00000b0b
          59414	      2869	80002a92	0b22	c.slli	x22,0x8	 x22:0x00000b0b x22=0x000b0b00
          59634	      2880	80002a94	0b0d	c.addi	x22,3	 x22:0x000b0b00 x22=0x000b0b03
          59694	      2883	80002a96	01672023	sw	x22,0(x14)	 x14:0x8ffffffc x22:0x000b0b03 PA:0x8ffffffc store:0x000b0b03
          59714	      2884	80002a9a	b0b02b73	csrrs	x22,mhpmcounter11,x0	  x0:0x00000000 x22=0x00000000
          60134	      2905	80002a9e	01672023	sw	x22,0(x14)	 x14:0x8ffffffc x22:0x00000000 PA:0x8ffffffc store:0x00000000
          60154	      2906	80002aa2	90000737	lui	x14,0x90000	 x14=0x90000000
          60174	      2907	80002aa6	1771	c.addi	x14,-4	 x14:0x90000000 x14=0x8ffffffc
          60194	      2908	80002aa8	6b05	c.lui	x22,0x1	 x22=0x00001000
          60234	      2910	80002aaa	b8bb0b13	addi	x22,x22,-1141	 x22:0x00001000 x22=0x00000b8b
          60254	      2911	80002aae	0b22	c.slli	x22,0x8	 x22:0x00000b8b x22=0x000b8b00
          60274	      2912	80002ab0	0b0d	c.addi	x22,3	 x22:0x000b8b00 x22=0x000b8b03
          60334	      2915	80002ab2	01672023	sw	x22,0(x14)	 x14:0x8ffffffc x22:0x000b8b03 PA:0x8ffffffc store:0x000b8b03
          60354	      2916	80002ab6	b8b02b73	csrrs	x22,mhpmcounter11h,x0	  x0:0x00000000 x22=0x00000000
          60554	      2926	80002aba	01672023	sw	x22,0(x14)	 x14:0x8ffffffc x22:0x00000000 PA:0x8ffffffc store:0x00000000
          60574	      2927	80002abe	90000737	lui	x14,0x90000	 x14=0x90000000
          60594	      2928	80002ac2	1771	c.addi	x14,-4	 x14:0x90000000 x14=0x8ffffffc
          60614	      2929	80002ac4	6b05	c.lui	x22,0x1	 x22=0x00001000
          60634	      2930	80002ac6	b0cb0b13	addi	x22,x22,-1268	 x22:0x00001000 x22=0x00000b0c
          60654	      2931	80002aca	0b22	c.slli	x22,0x8	 x22:0x00000b0c x22=0x000b0c00
          60674	      2932	80002acc	0b0d	c.addi	x22,3	 x22:0x000b0c00 x22=0x000b0c03
          60754	      2936	80002ace	01672023	sw	x22,0(x14)	 x14:0x8ffffffc x22:0x000b0c03 PA:0x8ffffffc store:0x000b0c03
          60774	      2937	80002ad2	b0c02b73	csrrs	x22,mhpmcounter12,x0	  x0:0x00000000 x22=0x00000000
          60994	      2948	80002ad6	01672023	sw	x22,0(x14)	 x14:0x8ffffffc x22:0x00000000 PA:0x8ffffffc store:0x00000000
          61014	      2949	80002ada	90000737	lui	x14,0x90000	 x14=0x90000000
          61034	      2950	80002ade	1771	c.addi	x14,-4	 x14:0x90000000 x14=0x8ffffffc
          61374	      2967	80002ae0	6b05	c.lui	x22,0x1	 x22=0x00001000
          61574	      2977	80002ae2	b8cb0b13	addi	x22,x22,-1140	 x22:0x00001000 x22=0x00000b8c
          61594	      2978	80002ae6	0b22	c.slli	x22,0x8	 x22:0x00000b8c x22=0x000b8c00
          61614	      2979	80002ae8	0b0d	c.addi	x22,3	 x22:0x000b8c00 x22=0x000b8c03
          61854	      2991	80002aea	01672023	sw	x22,0(x14)	 x14:0x8ffffffc x22:0x000b8c03 PA:0x8ffffffc store:0x000b8c03
          61874	      2992	80002aee	b8c02b73	csrrs	x22,mhpmcounter12h,x0	  x0:0x00000000 x22=0x00000000
          62154	      3006	80002af2	01672023	sw	x22,0(x14)	 x14:0x8ffffffc x22:0x00000000 PA:0x8ffffffc store:0x00000000
          62374	      3017	80002af6	ffffdb17	auipc	x22,0xffffd	 x22=0x7ffffaf6
          62794	      3038	80002afa	58ab0b13	addi	x22,x22,1418	 x22:0x7ffffaf6 x22=0x80000080
          62874	      3042	80002afe	000b2023	sw	x0,0(x22)	 x22:0x80000080  x0:0x00000000 PA:0x80000080 store:0x00000000
          63054	      3051	80002b02	001b2223	sw	x1,4(x22)	 x22:0x80000080  x1:0x00000000 PA:0x80000084 store:0x00000000
          63254	      3061	80002b06	002b2423	sw	x2,8(x22)	 x22:0x80000080  x2:0x0000000c PA:0x80000088 store:0x0000000c
          63354	      3066	80002b0a	003b2623	sw	x3,12(x22)	 x22:0x80000080  x3:0x00000009 PA:0x8000008c store:0x00000009
          63514	      3074	80002b0e	004b2823	sw	x4,16(x22)	 x22:0x80000080  x4:0x0000000a PA:0x80000090 store:0x0000000a
          63934	      3095	80002b12	005b2a23	sw	x5,20(x22)	 x22:0x80000080  x5:0x80025c60 PA:0x80000094 store:0x80025c60
          63994	      3098	80002b16	006b2c23	sw	x6,24(x22)	 x22:0x80000080  x6:0x2c5ba9d3 PA:0x80000098 store:0x2c5ba9d3
          64014	      3099	80002b1a	007b2e23	sw	x7,28(x22)	 x22:0x80000080  x7:0x00000000 PA:0x8000009c store:0x00000000
          64434	      3120	80002b1e	028b2023	sw	x8,32(x22)	 x22:0x80000080  x8:0x80000000 PA:0x800000a0 store:0x80000000
          64674	      3132	80002b22	029b2223	sw	x9,36(x22)	 x22:0x80000080  x9:0x80000000 PA:0x800000a4 store:0x80000000
          64834	      3140	80002b26	02ab2423	sw	x10,40(x22)	 x22:0x80000080 x10:0x00000000 PA:0x800000a8 store:0x00000000
          64894	      3143	80002b2a	02bb2623	sw	x11,44(x22)	 x22:0x80000080 x11:0x8000034c PA:0x800000ac store:0x8000034c
          64994	      3148	80002b2e	02cb2823	sw	x12,48(x22)	 x22:0x80000080 x12:0x00000000 PA:0x800000b0 store:0x00000000
          65394	      3168	80002b32	02db2a23	sw	x13,52(x22)	 x22:0x80000080 x13:0xa73485e8 PA:0x800000b4 store:0xa73485e8
          65454	      3171	80002b36	02eb2c23	sw	x14,56(x22)	 x22:0x80000080 x14:0x8ffffffc PA:0x800000b8 store:0x8ffffffc
          65554	      3176	80002b3a	02fb2e23	sw	x15,60(x22)	 x22:0x80000080 x15:0xf1fe7fad PA:0x800000bc store:0xf1fe7fad
          66014	      3199	80002b3e	050b2023	sw	x16,64(x22)	 x22:0x80000080 x16:0x0000000c PA:0x800000c0 store:0x0000000c
          66234	      3210	80002b42	051b2223	sw	x17,68(x22)	 x22:0x80000080 x17:0x80025c60 PA:0x800000c4 store:0x80025c60
          66294	      3213	80002b46	052b2423	sw	x18,72(x22)	 x22:0x80000080 x18:0x00000000 PA:0x800000c8 store:0x00000000
          66614	      3229	80002b4a	053b2623	sw	x19,76(x22)	 x22:0x80000080 x19:0x80000000 PA:0x800000cc store:0x80000000
          66674	      3232	80002b4e	054b2823	sw	x20,80(x22)	 x22:0x80000080 x20:0x38fbca33 PA:0x800000d0 store:0x38fbca33
          66694	      3233	80002b52	055b2a23	sw	x21,84(x22)	 x22:0x80000080 x21:0x4008e365 PA:0x800000d4 store:0x4008e365
          66714	      3234	80002b56	056b2c23	sw	x22,88(x22)	 x22:0x80000080 x22:0x80000080 PA:0x800000d8 store:0x80000080
          66734	      3235	80002b5a	057b2e23	sw	x23,92(x22)	 x22:0x80000080 x23:0x80000000 PA:0x800000dc store:0x80000000
          66914	      3244	80002b5e	078b2023	sw	x24,96(x22)	 x22:0x80000080 x24:0x0000000e PA:0x800000e0 store:0x0000000e
          67294	      3263	80002b62	079b2223	sw	x25,100(x22)	 x22:0x80000080 x25:0x00000002 PA:0x800000e4 store:0x00000002
          68074	      3302	80002b66	07ab2423	sw	x26,104(x22)	 x22:0x80000080 x26:0x00000006 PA:0x800000e8 store:0x00000006
          68534	      3325	80002b6a	07bb2623	sw	x27,108(x22)	 x22:0x80000080 x27:0x0000000b PA:0x800000ec store:0x0000000b
          68594	      3328	80002b6e	07cb2823	sw	x28,112(x22)	 x22:0x80000080 x28:0x76c5588e PA:0x800000f0 store:0x76c5588e
          68814	      3339	80002b72	07db2a23	sw	x29,116(x22)	 x22:0x80000080 x29:0xffffffff PA:0x800000f4 store:0xffffffff
          69234	      3360	80002b76	07eb2c23	sw	x30,120(x22)	 x22:0x80000080 x30:0x80000000 PA:0x800000f8 store:0x80000000
          69694	      3383	80002b7a	07fb2e23	sw	x31,124(x22)	 x22:0x80000080 x31:0xfffe797c PA:0x800000fc store:0xfffe797c
          69714	      3384	80002b7e	34102b73	csrrs	x22,mepc,x0	  x0:0x00000000 x22=0x8000035c
          69734	      3385	80002b82	0b11	c.addi	x22,4	 x22:0x8000035c x22=0x80000360
          69754	      3386	80002b84	341b1073	csrrw	x0,mepc,x22	 x22:0x80000360  x0=0x00000000
          69774	      3387	80002b88	30200073	mret	
          69834	      3390	80000360	90000737	lui	x14,0x90000	 x14=0x90000000
          69854	      3391	80000364	1761	c.addi	x14,-8	 x14:0x90000000 x14=0x8ffffff8
          69874	      3392	80000366	4b05	c.li	x22,1	 x22=0x00000001
          69894	      3393	80000368	0b22	c.slli	x22,0x8	 x22:0x00000001 x22=0x00000100
          69914	      3394	8000036a	0b05	c.addi	x22,1	 x22:0x00000100 x22=0x00000101
          70174	      3407	8000036c	01672023	sw	x22,0(x14)	 x14:0x8ffffff8 x22:0x00000101 PA:0x8ffffff8 store:0x00000101
          70194	      3408	80000370	00000073	ecall	
          70274	      3412	80002700	0800006f	jal	x0,80002780	  x0=0x00000000
          70334	      3415	80002780	18f1	c.addi	x17,-4	 x17:0x80025c60 x17=0x80025c5c
          70394	      3418	80002782	0058a023	sw	x5,0(x17)	 x17:0x80025c5c  x5:0x80025c60 PA:0x80025c5c store:0x80025c60
          70414	      3419	80002786	000882b3	add	x5,x17,x0	 x17:0x80025c5c  x0:0x00000000  x5=0x80025c5c
          70434	      3420	8000278a	f8028293	addi	x5,x5,-128	  x5:0x80025c5c  x5=0x80025bdc
          70534	      3425	8000278e	0012a223	sw	x1,4(x5)	  x5:0x80025bdc  x1:0x00000000 PA:0x80025be0 store:0x00000000
          70554	      3426	80002792	0022a423	sw	x2,8(x5)	  x5:0x80025bdc  x2:0x0000000c PA:0x80025be4 store:0x0000000c
          70954	      3446	80002796	0032a623	sw	x3,12(x5)	  x5:0x80025bdc  x3:0x00000009 PA:0x80025be8 store:0x00000009
          71074	      3452	8000279a	0042a823	sw	x4,16(x5)	  x5:0x80025bdc  x4:0x0000000a PA:0x80025bec store:0x0000000a
          71214	      3459	8000279e	0052aa23	sw	x5,20(x5)	  x5:0x80025bdc  x5:0x80025bdc PA:0x80025bf0 store:0x80025bdc
          71714	      3484	800027a2	0062ac23	sw	x6,24(x5)	  x5:0x80025bdc  x6:0x2c5ba9d3 PA:0x80025bf4 store:0x2c5ba9d3
          71894	      3493	800027a6	0072ae23	sw	x7,28(x5)	  x5:0x80025bdc  x7:0x00000000 PA:0x80025bf8 store:0x00000000
          71954	      3496	800027aa	0282a023	sw	x8,32(x5)	  x5:0x80025bdc  x8:0x80000000 PA:0x80025bfc store:0x80000000
          72174	      3507	800027ae	0292a223	sw	x9,36(x5)	  x5:0x80025bdc  x9:0x80000000 PA:0x80025c00 store:0x80000000
          72374	      3517	800027b2	02a2a423	sw	x10,40(x5)	  x5:0x80025bdc x10:0x00000000 PA:0x80025c04 store:0x00000000
          72494	      3523	800027b6	02b2a623	sw	x11,44(x5)	  x5:0x80025bdc x11:0x8000034c PA:0x80025c08 store:0x8000034c
          72554	      3526	800027ba	02c2a823	sw	x12,48(x5)	  x5:0x80025bdc x12:0x00000000 PA:0x80025c0c store:0x00000000
          72574	      3527	800027be	02d2aa23	sw	x13,52(x5)	  x5:0x80025bdc x13:0xa73485e8 PA:0x80025c10 store:0xa73485e8
          72594	      3528	800027c2	02e2ac23	sw	x14,56(x5)	  x5:0x80025bdc x14:0x8ffffff8 PA:0x80025c14 store:0x8ffffff8
          72614	      3529	800027c6	02f2ae23	sw	x15,60(x5)	  x5:0x80025bdc x15:0xf1fe7fad PA:0x80025c18 store:0xf1fe7fad
          72754	      3536	800027ca	0502a023	sw	x16,64(x5)	  x5:0x80025bdc x16:0x0000000c PA:0x80025c1c store:0x0000000c
          72814	      3539	800027ce	0512a223	sw	x17,68(x5)	  x5:0x80025bdc x17:0x80025c5c PA:0x80025c20 store:0x80025c5c
          73274	      3562	800027d2	0522a423	sw	x18,72(x5)	  x5:0x80025bdc x18:0x00000000 PA:0x80025c24 store:0x00000000
          73414	      3569	800027d6	0532a623	sw	x19,76(x5)	  x5:0x80025bdc x19:0x80000000 PA:0x80025c28 store:0x80000000
          73834	      3590	800027da	0542a823	sw	x20,80(x5)	  x5:0x80025bdc x20:0x38fbca33 PA:0x80025c2c store:0x38fbca33
          73934	      3595	800027de	0552aa23	sw	x21,84(x5)	  x5:0x80025bdc x21:0x4008e365 PA:0x80025c30 store:0x4008e365
          74034	      3600	800027e2	0562ac23	sw	x22,88(x5)	  x5:0x80025bdc x22:0x00000101 PA:0x80025c34 store:0x00000101
          74294	      3613	800027e6	0572ae23	sw	x23,92(x5)	  x5:0x80025bdc x23:0x80000000 PA:0x80025c38 store:0x80000000
          74434	      3620	800027ea	0782a023	sw	x24,96(x5)	  x5:0x80025bdc x24:0x0000000e PA:0x80025c3c store:0x0000000e
          74774	      3637	800027ee	0792a223	sw	x25,100(x5)	  x5:0x80025bdc x25:0x00000002 PA:0x80025c40 store:0x00000002
          74834	      3640	800027f2	07a2a423	sw	x26,104(x5)	  x5:0x80025bdc x26:0x00000006 PA:0x80025c44 store:0x00000006
          74894	      3643	800027f6	07b2a623	sw	x27,108(x5)	  x5:0x80025bdc x27:0x0000000b PA:0x80025c48 store:0x0000000b
          74914	      3644	800027fa	07c2a823	sw	x28,112(x5)	  x5:0x80025bdc x28:0x76c5588e PA:0x80025c4c store:0x76c5588e
          75534	      3675	800027fe	07d2aa23	sw	x29,116(x5)	  x5:0x80025bdc x29:0xffffffff PA:0x80025c50 store:0xffffffff
          75734	      3685	80002802	07e2ac23	sw	x30,120(x5)	  x5:0x80025bdc x30:0x80000000 PA:0x80025c54 store:0x80000000
          78494	      3823	80002806	07f2ae23	sw	x31,124(x5)	  x5:0x80025bdc x31:0xfffe797c PA:0x80025c58 store:0xfffe797c
          78514	      3824	8000280a	000288b3	add	x17,x5,x0	  x5:0x80025bdc  x0:0x00000000 x17=0x80025bdc
          78534	      3825	8000280e	90000737	lui	x14,0x90000	 x14=0x90000000
          78554	      3826	80002812	1771	c.addi	x14,-4	 x14:0x90000000 x14=0x8ffffffc
          78574	      3827	80002814	4b21	c.li	x22,8	 x22=0x00000008
          78594	      3828	80002816	0b22	c.slli	x22,0x8	 x22:0x00000008 x22=0x00000800
          78614	      3829	80002818	000b0b13	addi	x22,x22,0	 x22:0x00000800 x22=0x00000800
          78674	      3832	8000281c	01672023	sw	x22,0(x14)	 x14:0x8ffffffc x22:0x00000800 PA:0x8ffffffc store:0x00000800
          78694	      3833	80002820	34102b73	csrrs	x22,mepc,x0	  x0:0x00000000 x22=0x80000370
          78714	      3834	80002824	34202b73	csrrs	x22,mcause,x0	  x0:0x00000000 x22=0x0000000b
          78734	      3835	80002828	470d	c.li	x14,3	 x14=0x00000003
          78754	      3836	8000282a	00eb1463	bne	x22,x14,80002832	 x22:0x0000000b x14:0x00000003
          78794	      3838	80002832	4721	c.li	x14,8	 x14=0x00000008
          78814	      3839	80002834	04eb0d63	beq	x22,x14,8000288e	 x22:0x0000000b x14:0x00000008
          78834	      3840	80002838	4725	c.li	x14,9	 x14=0x00000009
          78854	      3841	8000283a	04eb0a63	beq	x22,x14,8000288e	 x22:0x0000000b x14:0x00000009
          78874	      3842	8000283e	472d	c.li	x14,11	 x14=0x0000000b
          78894	      3843	80002840	04eb0763	beq	x22,x14,8000288e	 x22:0x0000000b x14:0x0000000b
          78954	      3846	8000288e	90000737	lui	x14,0x90000	 x14=0x90000000
          78974	      3847	80002892	1771	c.addi	x14,-4	 x14:0x90000000 x14=0x8ffffffc
          78994	      3848	80002894	6b05	c.lui	x22,0x1	 x22=0x00001000
          79014	      3849	80002896	b00b0b13	addi	x22,x22,-1280	 x22:0x00001000 x22=0x00000b00
          79034	      3850	8000289a	0b22	c.slli	x22,0x8	 x22:0x00000b00 x22=0x000b0000
          79054	      3851	8000289c	0b0d	c.addi	x22,3	 x22:0x000b0000 x22=0x000b0003
          79114	      3854	8000289e	01672023	sw	x22,0(x14)	 x14:0x8ffffffc x22:0x000b0003 PA:0x8ffffffc store:0x000b0003
          79134	      3855	800028a2	b0002b73	csrrs	x22,mcycle,x0	  x0:0x00000000 x22=0x00000f0c
          79154	      3856	800028a6	01672023	sw	x22,0(x14)	 x14:0x8ffffffc x22:0x00000f0c PA:0x8ffffffc store:0x00000f0c
          79174	      3857	800028aa	90000737	lui	x14,0x90000	 x14=0x90000000
          79194	      3858	800028ae	1771	c.addi	x14,-4	 x14:0x90000000 x14=0x8ffffffc
          79214	      3859	800028b0	6b05	c.lui	x22,0x1	 x22=0x00001000
          79234	      3860	800028b2	b80b0b13	addi	x22,x22,-1152	 x22:0x00001000 x22=0x00000b80
          79254	      3861	800028b6	0b22	c.slli	x22,0x8	 x22:0x00000b80 x22=0x000b8000
          79274	      3862	800028b8	0b0d	c.addi	x22,3	 x22:0x000b8000 x22=0x000b8003
          79394	      3868	800028ba	01672023	sw	x22,0(x14)	 x14:0x8ffffffc x22:0x000b8003 PA:0x8ffffffc store:0x000b8003
          79414	      3869	800028be	b8002b73	csrrs	x22,mcycleh,x0	  x0:0x00000000 x22=0x00000000
          79434	      3870	800028c2	01672023	sw	x22,0(x14)	 x14:0x8ffffffc x22:0x00000000 PA:0x8ffffffc store:0x00000000
          79454	      3871	800028c6	90000737	lui	x14,0x90000	 x14=0x90000000
          79474	      3872	800028ca	1771	c.addi	x14,-4	 x14:0x90000000 x14=0x8ffffffc
          79494	      3873	800028cc	6b05	c.lui	x22,0x1	 x22=0x00001000
          79514	      3874	800028ce	b03b0b13	addi	x22,x22,-1277	 x22:0x00001000 x22=0x00000b03
          79534	      3875	800028d2	0b22	c.slli	x22,0x8	 x22:0x00000b03 x22=0x000b0300
          79554	      3876	800028d4	0b0d	c.addi	x22,3	 x22:0x000b0300 x22=0x000b0303
          79614	      3879	800028d6	01672023	sw	x22,0(x14)	 x14:0x8ffffffc x22:0x000b0303 PA:0x8ffffffc store:0x000b0303
          79634	      3880	800028da	b0302b73	csrrs	x22,mhpmcounter3,x0	  x0:0x00000000 x22=0x0000024c
          80054	      3901	800028de	01672023	sw	x22,0(x14)	 x14:0x8ffffffc x22:0x0000024c PA:0x8ffffffc store:0x0000024c
          80074	      3902	800028e2	90000737	lui	x14,0x90000	 x14=0x90000000
          80094	      3903	800028e6	1771	c.addi	x14,-4	 x14:0x90000000 x14=0x8ffffffc
          80114	      3904	800028e8	6b05	c.lui	x22,0x1	 x22=0x00001000
          80134	      3905	800028ea	b83b0b13	addi	x22,x22,-1149	 x22:0x00001000 x22=0x00000b83
          80154	      3906	800028ee	0b22	c.slli	x22,0x8	 x22:0x00000b83 x22=0x000b8300
          80174	      3907	800028f0	0b0d	c.addi	x22,3	 x22:0x000b8300 x22=0x000b8303
          80234	      3910	800028f2	01672023	sw	x22,0(x14)	 x14:0x8ffffffc x22:0x000b8303 PA:0x8ffffffc store:0x000b8303
          80254	      3911	800028f6	b8302b73	csrrs	x22,mhpmcounter3h,x0	  x0:0x00000000 x22=0x00000000
          80334	      3915	800028fa	01672023	sw	x22,0(x14)	 x14:0x8ffffffc x22:0x00000000 PA:0x8ffffffc store:0x00000000
          80354	      3916	800028fe	90000737	lui	x14,0x90000	 x14=0x90000000
          80374	      3917	80002902	1771	c.addi	x14,-4	 x14:0x90000000 x14=0x8ffffffc
          80394	      3918	80002904	6b05	c.lui	x22,0x1	 x22=0x00001000
          80414	      3919	80002906	b04b0b13	addi	x22,x22,-1276	 x22:0x00001000 x22=0x00000b04
          80434	      3920	8000290a	0b22	c.slli	x22,0x8	 x22:0x00000b04 x22=0x000b0400
          80454	      3921	8000290c	0b0d	c.addi	x22,3	 x22:0x000b0400 x22=0x000b0403
          80674	      3932	8000290e	01672023	sw	x22,0(x14)	 x14:0x8ffffffc x22:0x000b0403 PA:0x8ffffffc store:0x000b0403
          80694	      3933	80002912	b0402b73	csrrs	x22,mhpmcounter4,x0	  x0:0x00000000 x22=0x000006ee
          80774	      3937	80002916	01672023	sw	x22,0(x14)	 x14:0x8ffffffc x22:0x000006ee PA:0x8ffffffc store:0x000006ee
          80794	      3938	8000291a	90000737	lui	x14,0x90000	 x14=0x90000000
          80814	      3939	8000291e	1771	c.addi	x14,-4	 x14:0x90000000 x14=0x8ffffffc
          80834	      3940	80002920	6b05	c.lui	x22,0x1	 x22=0x00001000
          80854	      3941	80002922	b84b0b13	addi	x22,x22,-1148	 x22:0x00001000 x22=0x00000b84
          80874	      3942	80002926	0b22	c.slli	x22,0x8	 x22:0x00000b84 x22=0x000b8400
          80894	      3943	80002928	0b0d	c.addi	x22,3	 x22:0x000b8400 x22=0x000b8403
          81154	      3956	8000292a	01672023	sw	x22,0(x14)	 x14:0x8ffffffc x22:0x000b8403 PA:0x8ffffffc store:0x000b8403
          81174	      3957	8000292e	b8402b73	csrrs	x22,mhpmcounter4h,x0	  x0:0x00000000 x22=0x00000000
          81194	      3958	80002932	01672023	sw	x22,0(x14)	 x14:0x8ffffffc x22:0x00000000 PA:0x8ffffffc store:0x00000000
          81214	      3959	80002936	90000737	lui	x14,0x90000	 x14=0x90000000
          81234	      3960	8000293a	1771	c.addi	x14,-4	 x14:0x90000000 x14=0x8ffffffc
          81254	      3961	8000293c	6b05	c.lui	x22,0x1	 x22=0x00001000
          81274	      3962	8000293e	b05b0b13	addi	x22,x22,-1275	 x22:0x00001000 x22=0x00000b05
          81294	      3963	80002942	0b22	c.slli	x22,0x8	 x22:0x00000b05 x22=0x000b0500
          81314	      3964	80002944	0b0d	c.addi	x22,3	 x22:0x000b0500 x22=0x000b0503
          81774	      3987	80002946	01672023	sw	x22,0(x14)	 x14:0x8ffffffc x22:0x000b0503 PA:0x8ffffffc store:0x000b0503
          81794	      3988	8000294a	b0502b73	csrrs	x22,mhpmcounter5,x0	  x0:0x00000000 x22=0x00000000
          82194	      4008	8000294e	01672023	sw	x22,0(x14)	 x14:0x8ffffffc x22:0x00000000 PA:0x8ffffffc store:0x00000000
          82214	      4009	80002952	90000737	lui	x14,0x90000	 x14=0x90000000
          82234	      4010	80002956	1771	c.addi	x14,-4	 x14:0x90000000 x14=0x8ffffffc
          82254	      4011	80002958	6b05	c.lui	x22,0x1	 x22=0x00001000
          82274	      4012	8000295a	b85b0b13	addi	x22,x22,-1147	 x22:0x00001000 x22=0x00000b85
          82294	      4013	8000295e	0b22	c.slli	x22,0x8	 x22:0x00000b85 x22=0x000b8500
          82314	      4014	80002960	0b0d	c.addi	x22,3	 x22:0x000b8500 x22=0x000b8503
          82574	      4027	80002962	01672023	sw	x22,0(x14)	 x14:0x8ffffffc x22:0x000b8503 PA:0x8ffffffc store:0x000b8503
          82594	      4028	80002966	b8502b73	csrrs	x22,mhpmcounter5h,x0	  x0:0x00000000 x22=0x00000000
          82934	      4045	8000296a	01672023	sw	x22,0(x14)	 x14:0x8ffffffc x22:0x00000000 PA:0x8ffffffc store:0x00000000
          82954	      4046	8000296e	90000737	lui	x14,0x90000	 x14=0x90000000
          82974	      4047	80002972	1771	c.addi	x14,-4	 x14:0x90000000 x14=0x8ffffffc
          82994	      4048	80002974	6b05	c.lui	x22,0x1	 x22=0x00001000
          83014	      4049	80002976	b06b0b13	addi	x22,x22,-1274	 x22:0x00001000 x22=0x00000b06
          83034	      4050	8000297a	0b22	c.slli	x22,0x8	 x22:0x00000b06 x22=0x000b0600
          83054	      4051	8000297c	0b0d	c.addi	x22,3	 x22:0x000b0600 x22=0x000b0603
          83234	      4060	8000297e	01672023	sw	x22,0(x14)	 x14:0x8ffffffc x22:0x000b0603 PA:0x8ffffffc store:0x000b0603
          83254	      4061	80002982	b0602b73	csrrs	x22,mhpmcounter6,x0	  x0:0x00000000 x22=0x000000a6
          83514	      4074	80002986	01672023	sw	x22,0(x14)	 x14:0x8ffffffc x22:0x000000a6 PA:0x8ffffffc store:0x000000a6
          83534	      4075	8000298a	90000737	lui	x14,0x90000	 x14=0x90000000
          83554	      4076	8000298e	1771	c.addi	x14,-4	 x14:0x90000000 x14=0x8ffffffc
          83574	      4077	80002990	6b05	c.lui	x22,0x1	 x22=0x00001000
          83594	      4078	80002992	b86b0b13	addi	x22,x22,-1146	 x22:0x00001000 x22=0x00000b86
          83614	      4079	80002996	0b22	c.slli	x22,0x8	 x22:0x00000b86 x22=0x000b8600
          83634	      4080	80002998	0b0d	c.addi	x22,3	 x22:0x000b8600 x22=0x000b8603
          84074	      4102	8000299a	01672023	sw	x22,0(x14)	 x14:0x8ffffffc x22:0x000b8603 PA:0x8ffffffc store:0x000b8603
          84094	      4103	8000299e	b8602b73	csrrs	x22,mhpmcounter6h,x0	  x0:0x00000000 x22=0x00000000
          84154	      4106	800029a2	01672023	sw	x22,0(x14)	 x14:0x8ffffffc x22:0x00000000 PA:0x8ffffffc store:0x00000000
          84174	      4107	800029a6	90000737	lui	x14,0x90000	 x14=0x90000000
          84194	      4108	800029aa	1771	c.addi	x14,-4	 x14:0x90000000 x14=0x8ffffffc
          84214	      4109	800029ac	6b05	c.lui	x22,0x1	 x22=0x00001000
          84234	      4110	800029ae	b07b0b13	addi	x22,x22,-1273	 x22:0x00001000 x22=0x00000b07
          84254	      4111	800029b2	0b22	c.slli	x22,0x8	 x22:0x00000b07 x22=0x000b0700
          84274	      4112	800029b4	0b0d	c.addi	x22,3	 x22:0x000b0700 x22=0x000b0703
          84434	      4120	800029b6	01672023	sw	x22,0(x14)	 x14:0x8ffffffc x22:0x000b0703 PA:0x8ffffffc store:0x000b0703
          84454	      4121	800029ba	b0702b73	csrrs	x22,mhpmcounter7,x0	  x0:0x00000000 x22=0x00000004
          84474	      4122	800029be	01672023	sw	x22,0(x14)	 x14:0x8ffffffc x22:0x00000004 PA:0x8ffffffc store:0x00000004
          84494	      4123	800029c2	90000737	lui	x14,0x90000	 x14=0x90000000
          84514	      4124	800029c6	1771	c.addi	x14,-4	 x14:0x90000000 x14=0x8ffffffc
          84534	      4125	800029c8	6b05	c.lui	x22,0x1	 x22=0x00001000
          84554	      4126	800029ca	b87b0b13	addi	x22,x22,-1145	 x22:0x00001000 x22=0x00000b87
          84574	      4127	800029ce	0b22	c.slli	x22,0x8	 x22:0x00000b87 x22=0x000b8700
          84594	      4128	800029d0	0b0d	c.addi	x22,3	 x22:0x000b8700 x22=0x000b8703
          84654	      4131	800029d2	01672023	sw	x22,0(x14)	 x14:0x8ffffffc x22:0x000b8703 PA:0x8ffffffc store:0x000b8703
          84674	      4132	800029d6	b8702b73	csrrs	x22,mhpmcounter7h,x0	  x0:0x00000000 x22=0x00000000
          84854	      4141	800029da	01672023	sw	x22,0(x14)	 x14:0x8ffffffc x22:0x00000000 PA:0x8ffffffc store:0x00000000
          84874	      4142	800029de	90000737	lui	x14,0x90000	 x14=0x90000000
          84894	      4143	800029e2	1771	c.addi	x14,-4	 x14:0x90000000 x14=0x8ffffffc
          84914	      4144	800029e4	6b05	c.lui	x22,0x1	 x22=0x00001000
          84934	      4145	800029e6	b08b0b13	addi	x22,x22,-1272	 x22:0x00001000 x22=0x00000b08
          84954	      4146	800029ea	0b22	c.slli	x22,0x8	 x22:0x00000b08 x22=0x000b0800
          84974	      4147	800029ec	0b0d	c.addi	x22,3	 x22:0x000b0800 x22=0x000b0803
          85034	      4150	800029ee	01672023	sw	x22,0(x14)	 x14:0x8ffffffc x22:0x000b0803 PA:0x8ffffffc store:0x000b0803
          85054	      4151	800029f2	b0802b73	csrrs	x22,mhpmcounter8,x0	  x0:0x00000000 x22=0x0000000a
          85074	      4152	800029f6	01672023	sw	x22,0(x14)	 x14:0x8ffffffc x22:0x0000000a PA:0x8ffffffc store:0x0000000a
          85094	      4153	800029fa	90000737	lui	x14,0x90000	 x14=0x90000000
          85114	      4154	800029fe	1771	c.addi	x14,-4	 x14:0x90000000 x14=0x8ffffffc
          85134	      4155	80002a00	6b05	c.lui	x22,0x1	 x22=0x00001000
          85154	      4156	80002a02	b88b0b13	addi	x22,x22,-1144	 x22:0x00001000 x22=0x00000b88
          85174	      4157	80002a06	0b22	c.slli	x22,0x8	 x22:0x00000b88 x22=0x000b8800
          85194	      4158	80002a08	0b0d	c.addi	x22,3	 x22:0x000b8800 x22=0x000b8803
          85434	      4170	80002a0a	01672023	sw	x22,0(x14)	 x14:0x8ffffffc x22:0x000b8803 PA:0x8ffffffc store:0x000b8803
          85454	      4171	80002a0e	b8802b73	csrrs	x22,mhpmcounter8h,x0	  x0:0x00000000 x22=0x00000000
          85514	      4174	80002a12	01672023	sw	x22,0(x14)	 x14:0x8ffffffc x22:0x00000000 PA:0x8ffffffc store:0x00000000
          85534	      4175	80002a16	90000737	lui	x14,0x90000	 x14=0x90000000
          85554	      4176	80002a1a	1771	c.addi	x14,-4	 x14:0x90000000 x14=0x8ffffffc
          85574	      4177	80002a1c	6b05	c.lui	x22,0x1	 x22=0x00001000
          85594	      4178	80002a1e	b09b0b13	addi	x22,x22,-1271	 x22:0x00001000 x22=0x00000b09
          85614	      4179	80002a22	0b22	c.slli	x22,0x8	 x22:0x00000b09 x22=0x000b0900
          85634	      4180	80002a24	0b0d	c.addi	x22,3	 x22:0x000b0900 x22=0x000b0903
          85794	      4188	80002a26	01672023	sw	x22,0(x14)	 x14:0x8ffffffc x22:0x000b0903 PA:0x8ffffffc store:0x000b0903
          85814	      4189	80002a2a	b0902b73	csrrs	x22,mhpmcounter9,x0	  x0:0x00000000 x22=0x00000005
          85874	      4192	80002a2e	01672023	sw	x22,0(x14)	 x14:0x8ffffffc x22:0x00000005 PA:0x8ffffffc store:0x00000005
          85894	      4193	80002a32	90000737	lui	x14,0x90000	 x14=0x90000000
          85914	      4194	80002a36	1771	c.addi	x14,-4	 x14:0x90000000 x14=0x8ffffffc
          85934	      4195	80002a38	6b05	c.lui	x22,0x1	 x22=0x00001000
          85954	      4196	80002a3a	b89b0b13	addi	x22,x22,-1143	 x22:0x00001000 x22=0x00000b89
          85974	      4197	80002a3e	0b22	c.slli	x22,0x8	 x22:0x00000b89 x22=0x000b8900
          85994	      4198	80002a40	0b0d	c.addi	x22,3	 x22:0x000b8900 x22=0x000b8903
          86174	      4207	80002a42	01672023	sw	x22,0(x14)	 x14:0x8ffffffc x22:0x000b8903 PA:0x8ffffffc store:0x000b8903
          86194	      4208	80002a46	b8902b73	csrrs	x22,mhpmcounter9h,x0	  x0:0x00000000 x22=0x00000000
          86514	      4224	80002a4a	01672023	sw	x22,0(x14)	 x14:0x8ffffffc x22:0x00000000 PA:0x8ffffffc store:0x00000000
          86534	      4225	80002a4e	90000737	lui	x14,0x90000	 x14=0x90000000
          86554	      4226	80002a52	1771	c.addi	x14,-4	 x14:0x90000000 x14=0x8ffffffc
          86574	      4227	80002a54	6b05	c.lui	x22,0x1	 x22=0x00001000
          86594	      4228	80002a56	b0ab0b13	addi	x22,x22,-1270	 x22:0x00001000 x22=0x00000b0a
          86614	      4229	80002a5a	0b22	c.slli	x22,0x8	 x22:0x00000b0a x22=0x000b0a00
          86634	      4230	80002a5c	0b0d	c.addi	x22,3	 x22:0x000b0a00 x22=0x000b0a03
          86694	      4233	80002a5e	01672023	sw	x22,0(x14)	 x14:0x8ffffffc x22:0x000b0a03 PA:0x8ffffffc store:0x000b0a03
          86714	      4234	80002a62	b0a02b73	csrrs	x22,mhpmcounter10,x0	  x0:0x00000000 x22=0x000000f1
          86754	      4236	80002a66	01672023	sw	x22,0(x14)	 x14:0x8ffffffc x22:0x000000f1 PA:0x8ffffffc store:0x000000f1
          86774	      4237	80002a6a	90000737	lui	x14,0x90000	 x14=0x90000000
          86794	      4238	80002a6e	1771	c.addi	x14,-4	 x14:0x90000000 x14=0x8ffffffc
          86814	      4239	80002a70	6b05	c.lui	x22,0x1	 x22=0x00001000
          86834	      4240	80002a72	b8ab0b13	addi	x22,x22,-1142	 x22:0x00001000 x22=0x00000b8a
          86854	      4241	80002a76	0b22	c.slli	x22,0x8	 x22:0x00000b8a x22=0x000b8a00
          86874	      4242	80002a78	0b0d	c.addi	x22,3	 x22:0x000b8a00 x22=0x000b8a03
          86934	      4245	80002a7a	01672023	sw	x22,0(x14)	 x14:0x8ffffffc x22:0x000b8a03 PA:0x8ffffffc store:0x000b8a03
          86954	      4246	80002a7e	b8a02b73	csrrs	x22,mhpmcounter10h,x0	  x0:0x00000000 x22=0x00000000
          86994	      4248	80002a82	01672023	sw	x22,0(x14)	 x14:0x8ffffffc x22:0x00000000 PA:0x8ffffffc store:0x00000000
          87014	      4249	80002a86	90000737	lui	x14,0x90000	 x14=0x90000000
          87034	      4250	80002a8a	1771	c.addi	x14,-4	 x14:0x90000000 x14=0x8ffffffc
          87054	      4251	80002a8c	6b05	c.lui	x22,0x1	 x22=0x00001000
          87074	      4252	80002a8e	b0bb0b13	addi	x22,x22,-1269	 x22:0x00001000 x22=0x00000b0b
          87094	      4253	80002a92	0b22	c.slli	x22,0x8	 x22:0x00000b0b x22=0x000b0b00
          87114	      4254	80002a94	0b0d	c.addi	x22,3	 x22:0x000b0b00 x22=0x000b0b03
          87374	      4267	80002a96	01672023	sw	x22,0(x14)	 x14:0x8ffffffc x22:0x000b0b03 PA:0x8ffffffc store:0x000b0b03
          87394	      4268	80002a9a	b0b02b73	csrrs	x22,mhpmcounter11,x0	  x0:0x00000000 x22=0x00000000
          87634	      4280	80002a9e	01672023	sw	x22,0(x14)	 x14:0x8ffffffc x22:0x00000000 PA:0x8ffffffc store:0x00000000
          87654	      4281	80002aa2	90000737	lui	x14,0x90000	 x14=0x90000000
          87674	      4282	80002aa6	1771	c.addi	x14,-4	 x14:0x90000000 x14=0x8ffffffc
          87694	      4283	80002aa8	6b05	c.lui	x22,0x1	 x22=0x00001000
          87714	      4284	80002aaa	b8bb0b13	addi	x22,x22,-1141	 x22:0x00001000 x22=0x00000b8b
          87734	      4285	80002aae	0b22	c.slli	x22,0x8	 x22:0x00000b8b x22=0x000b8b00
          87754	      4286	80002ab0	0b0d	c.addi	x22,3	 x22:0x000b8b00 x22=0x000b8b03
          87954	      4296	80002ab2	01672023	sw	x22,0(x14)	 x14:0x8ffffffc x22:0x000b8b03 PA:0x8ffffffc store:0x000b8b03
          87974	      4297	80002ab6	b8b02b73	csrrs	x22,mhpmcounter11h,x0	  x0:0x00000000 x22=0x00000000
          88074	      4302	80002aba	01672023	sw	x22,0(x14)	 x14:0x8ffffffc x22:0x00000000 PA:0x8ffffffc store:0x00000000
          88094	      4303	80002abe	90000737	lui	x14,0x90000	 x14=0x90000000
          88114	      4304	80002ac2	1771	c.addi	x14,-4	 x14:0x90000000 x14=0x8ffffffc
          88134	      4305	80002ac4	6b05	c.lui	x22,0x1	 x22=0x00001000
          88154	      4306	80002ac6	b0cb0b13	addi	x22,x22,-1268	 x22:0x00001000 x22=0x00000b0c
          88174	      4307	80002aca	0b22	c.slli	x22,0x8	 x22:0x00000b0c x22=0x000b0c00
          88194	      4308	80002acc	0b0d	c.addi	x22,3	 x22:0x000b0c00 x22=0x000b0c03
          88394	      4318	80002ace	01672023	sw	x22,0(x14)	 x14:0x8ffffffc x22:0x000b0c03 PA:0x8ffffffc store:0x000b0c03
          88414	      4319	80002ad2	b0c02b73	csrrs	x22,mhpmcounter12,x0	  x0:0x00000000 x22=0x00000000
          88534	      4325	80002ad6	01672023	sw	x22,0(x14)	 x14:0x8ffffffc x22:0x00000000 PA:0x8ffffffc store:0x00000000
          88554	      4326	80002ada	90000737	lui	x14,0x90000	 x14=0x90000000
          88574	      4327	80002ade	1771	c.addi	x14,-4	 x14:0x90000000 x14=0x8ffffffc
          88594	      4328	80002ae0	6b05	c.lui	x22,0x1	 x22=0x00001000
          88614	      4329	80002ae2	b8cb0b13	addi	x22,x22,-1140	 x22:0x00001000 x22=0x00000b8c
          88634	      4330	80002ae6	0b22	c.slli	x22,0x8	 x22:0x00000b8c x22=0x000b8c00
          88654	      4331	80002ae8	0b0d	c.addi	x22,3	 x22:0x000b8c00 x22=0x000b8c03
          89314	      4364	80002aea	01672023	sw	x22,0(x14)	 x14:0x8ffffffc x22:0x000b8c03 PA:0x8ffffffc store:0x000b8c03
          89334	      4365	80002aee	b8c02b73	csrrs	x22,mhpmcounter12h,x0	  x0:0x00000000 x22=0x00000000
