Time	Cycle	PC	Insn	Decoded instruction	Register and memory contents
           2390	        17	80000080	40001137	lui	x2,0x40001	  x2=0x40001000
           2410	        18	80000084	10610113	addi	x2,x2,262	  x2:0x40001000  x2=0x40001106
           2510	        23	80000088	30111073	csrrw	x0,misa,x2	  x2:0x40001106  x0=0x00000000
           2590	        27	8000008c	00026b17	auipc	x22,0x26	 x22=0x8002608c
           2870	        41	80000090	c58b0b13	addi	x22,x22,-936	 x22:0x8002608c x22=0x80025ce4
           3070	        51	80000094	00002117	auipc	x2,0x2	  x2=0x80002094
           3090	        52	80000098	66c10113	addi	x2,x2,1644	  x2:0x80002094  x2=0x80002700
           3330	        64	8000009c	00116113	ori	x2,x2,1	  x2:0x80002700  x2=0x80002701
           3750	        85	800000a0	30511073	csrrw	x0,mtvec,x2	  x2:0x80002701  x0=0x00000000
           4090	       102	800000a4	74725073	csrrwi	x0,0x747,4	  x0=0x00000000
           4150	       105	800000a8	00003b97	auipc	x23,0x3	 x23=0x800030a8
           4250	       110	800000ac	42cb8b93	addi	x23,x23,1068	 x23:0x800030a8 x23=0x800034d4
           4270	       111	800000b0	4101	c.li	x2,0	  x2=0x00000000
           4290	       112	800000b2	9b8a	c.add	x23,x2	 x23:0x800034d4  x2:0x00000000 x23=0x800034d4
           4430	       119	800000b4	002bdb93	srli	x23,x23,0x2	 x23:0x800034d4 x23=0x20000d35
           4810	       138	800000b8	3b0b9073	csrrw	x0,pmpaddr0,x23	 x23:0x20000d35  x0=0x00000000
           5030	       149	800000bc	00003b97	auipc	x23,0x3	 x23=0x800030bc
           5050	       150	800000c0	418b8b93	addi	x23,x23,1048	 x23:0x800030bc x23=0x800034d4
           5190	       157	800000c4	11111137	lui	x2,0x11111	  x2=0x11111000
           5330	       164	800000c8	11110113	addi	x2,x2,273	  x2:0x11111000  x2=0x11111111
           5350	       165	800000cc	9b8a	c.add	x23,x2	 x23:0x800034d4  x2:0x11111111 x23=0x911145e5
           5770	       186	800000ce	002bdb93	srli	x23,x23,0x2	 x23:0x911145e5 x23=0x24445179
           5950	       195	800000d2	3b1b9073	csrrw	x0,pmpaddr1,x23	 x23:0x24445179  x0=0x00000000
           6010	       198	800000d6	00003b97	auipc	x23,0x3	 x23=0x800030d6
           6390	       217	800000da	3feb8b93	addi	x23,x23,1022	 x23:0x800030d6 x23=0x800034d4
           6410	       218	800000de	22222137	lui	x2,0x22222	  x2=0x22222000
           6570	       226	800000e2	22210113	addi	x2,x2,546	  x2:0x22222000  x2=0x22222222
           6590	       227	800000e6	9b8a	c.add	x23,x2	 x23:0x800034d4  x2:0x22222222 x23=0xa22256f6
           6730	       234	800000e8	002bdb93	srli	x23,x23,0x2	 x23:0xa22256f6 x23=0x288895bd
           6770	       236	800000ec	3b2b9073	csrrw	x0,pmpaddr2,x23	 x23:0x288895bd  x0=0x00000000
           6830	       239	800000f0	00003b97	auipc	x23,0x3	 x23=0x800030f0
           6850	       240	800000f4	3e4b8b93	addi	x23,x23,996	 x23:0x800030f0 x23=0x800034d4
           7230	       259	800000f8	33333137	lui	x2,0x33333	  x2=0x33333000
           7250	       260	800000fc	33310113	addi	x2,x2,819	  x2:0x33333000  x2=0x33333333
           7530	       274	80000100	9b8a	c.add	x23,x2	 x23:0x800034d4  x2:0x33333333 x23=0xb3336807
           7670	       281	80000102	002bdb93	srli	x23,x23,0x2	 x23:0xb3336807 x23=0x2cccda01
           7710	       283	80000106	3b3b9073	csrrw	x0,pmpaddr3,x23	 x23:0x2cccda01  x0=0x00000000
           7810	       288	8000010a	0f0f1bb7	lui	x23,0xf0f1	 x23=0x0f0f1000
           8010	       298	8000010e	f0fb8b93	addi	x23,x23,-241	 x23:0x0f0f1000 x23=0x0f0f0f0f
           8110	       303	80000112	3a0b9073	csrrw	x0,pmpcfg0,x23	 x23:0x0f0f0f0f  x0=0x00000000
           8170	       306	80000116	00003b97	auipc	x23,0x3	 x23=0x80003116
           8270	       311	8000011a	3beb8b93	addi	x23,x23,958	 x23:0x80003116 x23=0x800034d4
           8350	       315	8000011e	44444137	lui	x2,0x44444	  x2=0x44444000
           8370	       316	80000122	44410113	addi	x2,x2,1092	  x2:0x44444000  x2=0x44444444
           8390	       317	80000126	9b8a	c.add	x23,x2	 x23:0x800034d4  x2:0x44444444 x23=0xc4447918
           8410	       318	80000128	002bdb93	srli	x23,x23,0x2	 x23:0xc4447918 x23=0x31111e46
           8810	       338	8000012c	3b4b9073	csrrw	x0,pmpaddr4,x23	 x23:0x31111e46  x0=0x00000000
           8990	       347	80000130	00003b97	auipc	x23,0x3	 x23=0x80003130
           9370	       366	80000134	3a4b8b93	addi	x23,x23,932	 x23:0x80003130 x23=0x800034d4
           9390	       367	80000138	55555137	lui	x2,0x55555	  x2=0x55555000
           9410	       368	8000013c	55510113	addi	x2,x2,1365	  x2:0x55555000  x2=0x55555555
           9430	       369	80000140	9b8a	c.add	x23,x2	 x23:0x800034d4  x2:0x55555555 x23=0xd5558a29
           9450	       370	80000142	002bdb93	srli	x23,x23,0x2	 x23:0xd5558a29 x23=0x3555628a
           9470	       371	80000146	3b5b9073	csrrw	x0,pmpaddr5,x23	 x23:0x3555628a  x0=0x00000000
           9530	       374	8000014a	00003b97	auipc	x23,0x3	 x23=0x8000314a
           9630	       379	8000014e	38ab8b93	addi	x23,x23,906	 x23:0x8000314a x23=0x800034d4
           9910	       393	80000152	66666137	lui	x2,0x66666	  x2=0x66666000
           9930	       394	80000156	66610113	addi	x2,x2,1638	  x2:0x66666000  x2=0x66666666
           9950	       395	8000015a	9b8a	c.add	x23,x2	 x23:0x800034d4  x2:0x66666666 x23=0xe6669b3a
          10350	       415	8000015c	002bdb93	srli	x23,x23,0x2	 x23:0xe6669b3a x23=0x3999a6ce
          10710	       433	80000160	3b6b9073	csrrw	x0,pmpaddr6,x23	 x23:0x3999a6ce  x0=0x00000000
          10770	       436	80000164	00003b97	auipc	x23,0x3	 x23=0x80003164
          10990	       447	80000168	370b8b93	addi	x23,x23,880	 x23:0x80003164 x23=0x800034d4
          11110	       453	8000016c	77777137	lui	x2,0x77777	  x2=0x77777000
          11130	       454	80000170	77710113	addi	x2,x2,1911	  x2:0x77777000  x2=0x77777777
          11150	       455	80000174	9b8a	c.add	x23,x2	 x23:0x800034d4  x2:0x77777777 x23=0xf777ac4b
          11170	       456	80000176	002bdb93	srli	x23,x23,0x2	 x23:0xf777ac4b x23=0x3dddeb12
          11190	       457	8000017a	3b7b9073	csrrw	x0,pmpaddr7,x23	 x23:0x3dddeb12  x0=0x00000000
          11250	       460	8000017e	0f0f1bb7	lui	x23,0xf0f1	 x23=0x0f0f1000
          11430	       469	80000182	f0fb8b93	addi	x23,x23,-241	 x23:0x0f0f1000 x23=0x0f0f0f0f
          11450	       470	80000186	3a1b9073	csrrw	x0,pmpcfg1,x23	 x23:0x0f0f0f0f  x0=0x00000000
          11650	       480	8000018a	00003b97	auipc	x23,0x3	 x23=0x8000318a
          11670	       481	8000018e	34ab8b93	addi	x23,x23,842	 x23:0x8000318a x23=0x800034d4
          11690	       482	80000192	88889137	lui	x2,0x88889	  x2=0x88889000
          11710	       483	80000196	88810113	addi	x2,x2,-1912	  x2:0x88889000  x2=0x88888888
          11730	       484	8000019a	9b8a	c.add	x23,x2	 x23:0x800034d4  x2:0x88888888 x23=0x0888bd5c
          11750	       485	8000019c	002bdb93	srli	x23,x23,0x2	 x23:0x0888bd5c x23=0x02222f57
          11770	       486	800001a0	3b8b9073	csrrw	x0,pmpaddr8,x23	 x23:0x02222f57  x0=0x00000000
          11890	       492	800001a4	00003b97	auipc	x23,0x3	 x23=0x800031a4
          11970	       496	800001a8	330b8b93	addi	x23,x23,816	 x23:0x800031a4 x23=0x800034d4
          11990	       497	800001ac	9999a137	lui	x2,0x9999a	  x2=0x9999a000
          12210	       508	800001b0	99910113	addi	x2,x2,-1639	  x2:0x9999a000  x2=0x99999999
          12230	       509	800001b4	9b8a	c.add	x23,x2	 x23:0x800034d4  x2:0x99999999 x23=0x1999ce6d
          12250	       510	800001b6	002bdb93	srli	x23,x23,0x2	 x23:0x1999ce6d x23=0x0666739b
          12270	       511	800001ba	3b9b9073	csrrw	x0,pmpaddr9,x23	 x23:0x0666739b  x0=0x00000000
          12330	       514	800001be	00003b97	auipc	x23,0x3	 x23=0x800031be
          12530	       524	800001c2	316b8b93	addi	x23,x23,790	 x23:0x800031be x23=0x800034d4
          12630	       529	800001c6	aaaab137	lui	x2,0xaaaab	  x2=0xaaaab000
          12790	       537	800001ca	aaa10113	addi	x2,x2,-1366	  x2:0xaaaab000  x2=0xaaaaaaaa
          12810	       538	800001ce	9b8a	c.add	x23,x2	 x23:0x800034d4  x2:0xaaaaaaaa x23=0x2aaadf7e
          12870	       541	800001d0	002bdb93	srli	x23,x23,0x2	 x23:0x2aaadf7e x23=0x0aaab7df
          12890	       542	800001d4	3bab9073	csrrw	x0,pmpaddr10,x23	 x23:0x0aaab7df  x0=0x00000000
          12950	       545	800001d8	00003b97	auipc	x23,0x3	 x23=0x800031d8
          12970	       546	800001dc	2fcb8b93	addi	x23,x23,764	 x23:0x800031d8 x23=0x800034d4
          12990	       547	800001e0	bbbbc137	lui	x2,0xbbbbc	  x2=0xbbbbc000
          13010	       548	800001e4	bbb10113	addi	x2,x2,-1093	  x2:0xbbbbc000  x2=0xbbbbbbbb
          13030	       549	800001e8	9b8a	c.add	x23,x2	 x23:0x800034d4  x2:0xbbbbbbbb x23=0x3bbbf08f
          13310	       563	800001ea	002bdb93	srli	x23,x23,0x2	 x23:0x3bbbf08f x23=0x0eeefc23
          13330	       564	800001ee	3bbb9073	csrrw	x0,pmpaddr11,x23	 x23:0x0eeefc23  x0=0x00000000
          13650	       580	800001f2	0f0f1bb7	lui	x23,0xf0f1	 x23=0x0f0f1000
          13750	       585	800001f6	f0fb8b93	addi	x23,x23,-241	 x23:0x0f0f1000 x23=0x0f0f0f0f
          14010	       598	800001fa	3a2b9073	csrrw	x0,pmpcfg2,x23	 x23:0x0f0f0f0f  x0=0x00000000
          14070	       601	800001fe	00003b97	auipc	x23,0x3	 x23=0x800031fe
          14210	       608	80000202	2d6b8b93	addi	x23,x23,726	 x23:0x800031fe x23=0x800034d4
          14230	       609	80000206	ccccd137	lui	x2,0xccccd	  x2=0xccccd000
          14650	       630	8000020a	ccc10113	addi	x2,x2,-820	  x2:0xccccd000  x2=0xcccccccc
          14670	       631	8000020e	9b8a	c.add	x23,x2	 x23:0x800034d4  x2:0xcccccccc x23=0x4ccd01a0
          15070	       651	80000210	002bdb93	srli	x23,x23,0x2	 x23:0x4ccd01a0 x23=0x13334068
          15090	       652	80000214	3bcb9073	csrrw	x0,pmpaddr12,x23	 x23:0x13334068  x0=0x00000000
          15410	       668	80000218	00003b97	auipc	x23,0x3	 x23=0x80003218
          15710	       683	8000021c	2bcb8b93	addi	x23,x23,700	 x23:0x80003218 x23=0x800034d4
          15730	       684	80000220	dddde137	lui	x2,0xdddde	  x2=0xdddde000
          16130	       704	80000224	ddd10113	addi	x2,x2,-547	  x2:0xdddde000  x2=0xdddddddd
          16150	       705	80000228	9b8a	c.add	x23,x2	 x23:0x800034d4  x2:0xdddddddd x23=0x5dde12b1
          16450	       720	8000022a	002bdb93	srli	x23,x23,0x2	 x23:0x5dde12b1 x23=0x177784ac
          16650	       730	8000022e	3bdb9073	csrrw	x0,pmpaddr13,x23	 x23:0x177784ac  x0=0x00000000
          17070	       751	80000232	00003b97	auipc	x23,0x3	 x23=0x80003232
          17490	       772	80000236	2a2b8b93	addi	x23,x23,674	 x23:0x80003232 x23=0x800034d4
          17510	       773	8000023a	eeeef137	lui	x2,0xeeeef	  x2=0xeeeef000
          17530	       774	8000023e	eee10113	addi	x2,x2,-274	  x2:0xeeeef000  x2=0xeeeeeeee
          17550	       775	80000242	9b8a	c.add	x23,x2	 x23:0x800034d4  x2:0xeeeeeeee x23=0x6eef23c2
          17590	       777	80000244	002bdb93	srli	x23,x23,0x2	 x23:0x6eef23c2 x23=0x1bbbc8f0
          17610	       778	80000248	3beb9073	csrrw	x0,pmpaddr14,x23	 x23:0x1bbbc8f0  x0=0x00000000
          17670	       781	8000024c	00003b97	auipc	x23,0x3	 x23=0x8000324c
          17690	       782	80000250	288b8b93	addi	x23,x23,648	 x23:0x8000324c x23=0x800034d4
          17710	       783	80000254	fff00113	addi	x2,x0,-1	  x0:0x00000000  x2=0xffffffff
          17730	       784	80000258	9b8a	c.add	x23,x2	 x23:0x800034d4  x2:0xffffffff x23=0x800034d3
          17750	       785	8000025a	002bdb93	srli	x23,x23,0x2	 x23:0x800034d3 x23=0x20000d34
          17870	       791	8000025e	3bfb9073	csrrw	x0,pmpaddr15,x23	 x23:0x20000d34  x0=0x00000000
          17930	       794	80000262	0f0f1bb7	lui	x23,0xf0f1	 x23=0x0f0f1000
          17950	       795	80000266	f0fb8b93	addi	x23,x23,-241	 x23:0x0f0f1000 x23=0x0f0f0f0f
          18230	       809	8000026a	3a3b9073	csrrw	x0,pmpcfg3,x23	 x23:0x0f0f0f0f  x0=0x00000000
          18650	       830	8000026e	00000117	auipc	x2,0x0	  x2=0x8000026e
          18750	       835	80000272	05a10113	addi	x2,x2,90	  x2:0x8000026e  x2=0x800002c8
          18910	       843	80000276	34111073	csrrw	x0,mepc,x2	  x2:0x800002c8  x0=0x00000000
          18930	       844	8000027a	7c00d073	csrrwi	x0,0x7c0,1	  x0=0x00000000
          18990	       847	8000027e	00002137	lui	x2,0x2	  x2=0x00002000
          19010	       848	80000282	80010113	addi	x2,x2,-2048	  x2:0x00002000  x2=0x00001800
          19230	       859	80000286	30011073	csrrw	x0,mstatus,x2	  x2:0x00001800  x0=0x00000000
          19290	       862	8000028a	4101	c.li	x2,0	  x2=0x00000000
          19310	       863	8000028c	30411073	csrrw	x0,mie,x2	  x2:0x00000000  x0=0x00000000
          19370	       866	80000290	90000cb7	lui	x25,0x90000	 x25=0x90000000
          19390	       867	80000294	1cf1	c.addi	x25,-4	 x25:0x90000000 x25=0x8ffffffc
          19430	       869	80000296	30000113	addi	x2,x0,768	  x0:0x00000000  x2=0x00000300
          19450	       870	8000029a	0122	c.slli	x2,0x8	  x2:0x00000300  x2=0x00030000
          19470	       871	8000029c	010d	c.addi	x2,3	  x2:0x00030000  x2=0x00030003
          19530	       874	8000029e	002ca023	sw	x2,0(x25)	 x25:0x8ffffffc  x2:0x00030003 PA:0x8ffffffc store:0x00030003
          19890	       892	800002a2	30002173	csrrs	x2,mstatus,x0	  x0:0x00000000  x2=0x00001800
          20410	       918	800002a6	002ca023	sw	x2,0(x25)	 x25:0x8ffffffc  x2:0x00001800 PA:0x8ffffffc store:0x00001800
          20710	       933	800002aa	90000cb7	lui	x25,0x90000	 x25=0x90000000
          20730	       934	800002ae	1cf1	c.addi	x25,-4	 x25:0x90000000 x25=0x8ffffffc
          20790	       937	800002b0	30400113	addi	x2,x0,772	  x0:0x00000000  x2=0x00000304
          20930	       944	800002b4	0122	c.slli	x2,0x8	  x2:0x00000304  x2=0x00030400
          20950	       945	800002b6	010d	c.addi	x2,3	  x2:0x00030400  x2=0x00030403
          21070	       951	800002b8	002ca023	sw	x2,0(x25)	 x25:0x8ffffffc  x2:0x00030403 PA:0x8ffffffc store:0x00030403
          21090	       952	800002bc	30402173	csrrs	x2,mie,x0	  x0:0x00000000  x2=0x00000000
          21410	       968	800002c0	002ca023	sw	x2,0(x25)	 x25:0x8ffffffc  x2:0x00000000 PA:0x8ffffffc store:0x00000000
          21430	       969	800002c4	30200073	mret	
          21890	       992	800002c8	80000037	lui	x0,0x80000	  x0=0x00000000
          21910	       993	800002cc	0001	c.addi	x0,0	  x0:0x00000000  x0=0x00000000
          21950	       995	800002ce	fe20f0b7	lui	x1,0xfe20f	  x1=0xfe20f000
          22190	      1007	800002d2	f3608093	addi	x1,x1,-202	  x1:0xfe20f000  x1=0xfe20ef36
          22210	      1008	800002d6	4121	c.li	x2,8	  x2=0x00000008
          22230	      1009	800002d8	769561b7	lui	x3,0x76956	  x3=0x76956000
          22450	      1020	800002dc	6db18193	addi	x3,x3,1755	  x3:0x76956000  x3=0x769566db
          22870	      1041	800002e0	4201	c.li	x4,0	  x4=0x00000000
          22890	      1042	800002e2	ff3d82b7	lui	x5,0xff3d8	  x5=0xff3d8000
          22950	      1045	800002e6	12c28293	addi	x5,x5,300	  x5:0xff3d8000  x5=0xff3d812c
          22970	      1046	800002ea	4311	c.li	x6,4	  x6=0x00000004
          22990	      1047	800002ec	f351c3b7	lui	x7,0xf351c	  x7=0xf351c000
          23010	      1048	800002f0	9c438393	addi	x7,x7,-1596	  x7:0xf351c000  x7=0xf351b9c4
          23110	      1053	800002f4	4401	c.li	x8,0	  x8=0x00000000
          23130	      1054	800002f6	800004b7	lui	x9,0x80000	  x9=0x80000000
          23150	      1055	800002fa	80000537	lui	x10,0x80000	 x10=0x80000000
          23170	      1056	800002fe	800005b7	lui	x11,0x80000	 x11=0x80000000
          23230	      1059	80000302	80000637	lui	x12,0x80000	 x12=0x80000000
          23250	      1060	80000306	4681	c.li	x13,0	 x13=0x00000000
          23270	      1061	80000308	4705	c.li	x14,1	 x14=0x00000001
          23290	      1062	8000030a	47b5	c.li	x15,13	 x15=0x0000000d
          23310	      1063	8000030c	80000837	lui	x16,0x80000	 x16=0x80000000
          23330	      1064	80000310	45add8b7	lui	x17,0x45add	 x17=0x45add000
          23590	      1077	80000314	e6188893	addi	x17,x17,-415	 x17:0x45add000 x17=0x45adce61
          23710	      1083	80000318	4901	c.li	x18,0	 x18=0x00000000
          23730	      1084	8000031a	4991	c.li	x19,4	 x19=0x00000004
          24010	      1098	8000031c	4a39	c.li	x20,14	 x20=0x0000000e
          24070	      1101	8000031e	91bdbab7	lui	x21,0x91bdb	 x21=0x91bdb000
          24190	      1107	80000322	798a8a93	addi	x21,x21,1944	 x21:0x91bdb000 x21=0x91bdb798
          24210	      1108	80000326	fc0b4bb7	lui	x23,0xfc0b4	 x23=0xfc0b4000
          24230	      1109	8000032a	e51b8b93	addi	x23,x23,-431	 x23:0xfc0b4000 x23=0xfc0b3e51
          24650	      1130	8000032e	fab1dc37	lui	x24,0xfab1d	 x24=0xfab1d000
          24670	      1131	80000332	560c0c13	addi	x24,x24,1376	 x24:0xfab1d000 x24=0xfab1d560
          24690	      1132	80000336	56da9cb7	lui	x25,0x56da9	 x25=0x56da9000
          24710	      1133	8000033a	7acc8c93	addi	x25,x25,1964	 x25:0x56da9000 x25=0x56da97ac
          24730	      1134	8000033e	4d81	c.li	x27,0	 x27=0x00000000
          24750	      1135	80000340	4e01	c.li	x28,0	 x28=0x00000000
          24770	      1136	80000342	4ea9	c.li	x29,10	 x29=0x0000000a
          24790	      1137	80000344	4f21	c.li	x30,8	 x30=0x00000008
          24810	      1138	80000346	4f81	c.li	x31,0	 x31=0x00000000
          24830	      1139	80000348	00022d17	auipc	x26,0x22	 x26=0x80022348
          24850	      1140	8000034c	b1cd0d13	addi	x26,x26,-1252	 x26:0x80022348 x26=0x80021e64
          24870	      1141	80000350	90000cb7	lui	x25,0x90000	 x25=0x90000000
          24890	      1142	80000354	1cf1	c.addi	x25,-4	 x25:0x90000000 x25=0x8ffffffc
          24910	      1143	80000356	4101	c.li	x2,0	  x2=0x00000000
          25090	      1152	80000358	0122	c.slli	x2,0x8	  x2:0x00000000  x2=0x00000000
          25450	      1170	8000035a	00010113	addi	x2,x2,0	  x2:0x00000000  x2=0x00000000
          25510	      1173	8000035e	002ca023	sw	x2,0(x25)	 x25:0x8ffffffc  x2:0x00000000 PA:0x8ffffffc store:0x00000000
          25890	      1192	80000362	1720306f	jal	x0,800034d4	  x0=0x00000000
          26230	      1209	800034d4	0ff0000f	fence	iorw,iorw	
          26430	      1219	800034d8	34003273	csrrc	x4,mscratch,x0	  x0:0x00000000  x4=0x00000000
          26450	      1220	800034dc	01917733	and	x14,x2,x25	  x2:0x00000000 x25:0x8ffffffc x14=0x00000000
          26470	      1221	800034e0	02b98533	mul	x10,x19,x11	 x19:0x00000004 x11:0x80000000 x10=0x00000000
          26490	      1222	800034e4	088a	c.slli	x17,0x2	 x17:0x45adce61 x17=0x16b73984
          26510	      1223	800034e6	4c524f13	xori	x30,x4,1221	  x4:0x00000000 x30=0x000004c5
          26550	      1225	800034ea	340439f3	csrrc	x19,mscratch,x8	  x8:0x00000000 x19=0x00000000
          26570	      1226	800034ee	98b6	c.add	x17,x13	 x17:0x16b73984 x13:0x00000000 x17=0x16b73984
          26610	      1228	800034f0	018e6833	or	x16,x28,x24	 x28:0x00000000 x24:0xfab1d560 x16=0xfab1d560
          27350	      1265	800034f4	025cdeb3	divu	x29,x25,x5	 x25:0x8ffffffc  x5:0xff3d812c x29=0x00000000
          27370	      1266	800034f8	8ec5	c.or	x13,x9	 x13:0x00000000  x9:0x80000000 x13=0x80000000
          27390	      1267	800034fa	03af1963	bne	x30,x26,8000352c	 x30:0x000004c5 x26:0x80021e64
          27630	      1279	8000352c	0088b733	sltu	x14,x17,x8	 x17:0x16b73984  x8:0x00000000 x14=0x00000000
          28030	      1299	80003530	1d870593	addi	x11,x14,472	 x14:0x00000000 x11=0x000001d8
          28050	      1300	80003534	0188ef33	or	x30,x17,x24	 x17:0x16b73984 x24:0xfab1d560 x30=0xfeb7fde4
          28090	      1302	80003538	02093933	mulhu	x18,x18,x0	 x18:0x00000000  x0:0x00000000 x18=0x00000000
          28110	      1303	8000353c	40d7df13	srai	x30,x15,0xd	 x15:0x0000000d x30=0x00000000
          28130	      1304	80003540	01545f33	srl	x30,x8,x21	  x8:0x00000000 x21:0x91bdb798 x30=0x00000000
          28530	      1324	80003544	011a6eb3	or	x29,x20,x17	 x20:0x0000000e x17:0x16b73984 x29=0x16b7398e
          28550	      1325	80003548	01af2db3	slt	x27,x30,x26	 x30:0x00000000 x26:0x80021e64 x27=0x00000000
          28710	      1333	8000354c	340a3cf3	csrrc	x25,mscratch,x20	 x20:0x0000000e x25=0x00000000
          28730	      1334	80003550	cb95	c.beqz	x15,80003584	 x15:0x0000000d
          28750	      1335	80003552	717d	c.addi16sp	x2,-16	  x2:0x00000000  x2=0xfffffff0
          28890	      1342	80003554	aa2f4f37	lui	x30,0xaa2f4	 x30=0xaa2f4000
          29210	      1358	80003558	8fcd	c.or	x15,x11	 x15:0x0000000d x11:0x000001d8 x15=0x000001dd
          29310	      1363	8000355a	803a4eb7	lui	x29,0x803a4	 x29=0x803a4000
          29330	      1364	8000355e	c709	c.beqz	x14,80003568	 x14:0x00000000
          35650	      1680	80003568	f3898293	addi	x5,x19,-200	 x19:0x00000000  x5=0xffffff38
          35670	      1681	8000356c	015abfb3	sltu	x31,x21,x21	 x21:0x91bdb798 x21:0x91bdb798 x31=0x00000000
          35690	      1682	80003570	080e	c.slli	x16,0x3	 x16:0xfab1d560 x16=0xd58eab00
          35710	      1683	80003572	000d4d63	blt	x26,x0,8000358c	 x26:0x80021e64  x0:0x00000000
          36290	      1712	8000358c	03fd1533	mulh	x10,x26,x31	 x26:0x80021e64 x31:0x00000000 x10=0x00000000
          36710	      1733	80003590	017492b3	sll	x5,x9,x23	  x9:0x80000000 x23:0xfc0b3e51  x5=0x00000000
          36810	      1738	80003594	0240c333	div	x6,x1,x4	  x1:0xfe20ef36  x4:0x00000000  x6=0xffffffff
          36870	      1741	80003598	340d30f3	csrrc	x1,mscratch,x26	 x26:0x80021e64  x1=0x00000000
          36910	      1743	8000359c	033e62b3	rem	x5,x28,x19	 x28:0x00000000 x19:0x00000000  x5=0x00000000
          37050	      1750	800035a0	43a5	c.li	x7,9	  x7=0x00000009
          37070	      1751	800035a2	8c41	c.or	x8,x8	  x8:0x00000000  x8:0x00000000  x8=0x00000000
          37110	      1753	800035a4	02025e33	divu	x28,x4,x0	  x4:0x00000000  x0:0x00000000 x28=0xffffffff
          37130	      1754	800035a8	82f6	c.mv	x5,x29	  x0:0x00000000 x29:0x803a4000  x5=0x803a4000
          37150	      1755	800035aa	8651	c.srai	x12,0x14	 x12:0x80000000 x12=0xfffff800
          37170	      1756	800035ac	00c860b3	or	x1,x16,x12	 x16:0xd58eab00 x12:0xfffff800  x1=0xfffffb00
          37190	      1757	800035b0	c609	c.beqz	x12,800035ba	 x12:0xfffff800
          37370	      1766	800035b2	004f6733	or	x14,x30,x4	 x30:0xaa2f4000  x4:0x00000000 x14=0xaa2f4000
          37470	      1771	800035b6	34007673	csrrci	x12,mscratch,0	 x12=0x00000000
          37490	      1772	800035ba	02668533	mul	x10,x13,x6	 x13:0x80000000  x6:0xffffffff x10=0x80000000
          37710	      1783	800035be	3407d6f3	csrrwi	x13,mscratch,15	 x13=0x00000000
          37730	      1784	800035c2	cb367017	auipc	x0,0xcb367	  x0=0x00000000
          37750	      1785	800035c6	4135d833	sra	x16,x11,x19	 x11:0x000001d8 x19:0x00000000 x16=0x000001d8
          38890	      1842	800035ca	02b1fe33	remu	x28,x3,x11	  x3:0x769566db x11:0x000001d8 x28=0x0000001b
          38930	      1844	800035ce	03c2ba33	mulhu	x20,x5,x28	  x5:0x803a4000 x28:0x0000001b x20=0x0000000d
          38950	      1845	800035d2	037f86b3	mul	x13,x31,x23	 x31:0x00000000 x23:0xfc0b3e51 x13=0x00000000
          39690	      1882	800035d6	0235d933	divu	x18,x11,x3	 x11:0x000001d8  x3:0x769566db x18=0x00000000
          39710	      1883	800035da	340018f3	csrrw	x17,mscratch,x0	  x0:0x00000000 x17=0x0000000f
          39730	      1884	800035de	6efa9f97	auipc	x31,0x6efa9	 x31=0xeefac5de
          39750	      1885	800035e2	00dd7263	bgeu	x26,x13,800035e6	 x26:0x80021e64 x13:0x00000000
          39790	      1887	800035e6	8cfd	c.and	x9,x15	  x9:0x80000000 x15:0x000001dd  x9=0x00000000
          39810	      1888	800035e8	0001	c.addi	x0,0	  x0:0x00000000  x0=0x00000000
          39830	      1889	800035ea	00537f33	and	x30,x6,x5	  x6:0xffffffff  x5:0x803a4000 x30=0x803a4000
          40310	      1913	800035ee	028ae763	bltu	x21,x8,8000361c	 x21:0x91bdb798  x8:0x00000000
          40330	      1914	800035f2	340f2373	csrrs	x6,mscratch,x30	 x30:0x803a4000  x6=0x00000000
          40350	      1915	800035f6	84944517	auipc	x10,0x84944	 x10=0x049475f6
          40370	      1916	800035fa	0001	c.addi	x0,0	  x0:0x00000000  x0=0x00000000
          40390	      1917	800035fc	12fd	c.addi	x5,-1	  x5:0x803a4000  x5=0x803a3fff
          40430	      1919	800035fe	0214beb3	mulhu	x29,x9,x1	  x9:0x00000000  x1:0xfffffb00 x29=0x00000000
          40450	      1920	80003602	0337d163	bge	x15,x19,80003624	 x15:0x000001dd x19:0x00000000
          41030	      1949	80003624	412ed833	sra	x16,x29,x18	 x29:0x00000000 x18:0x00000000 x16=0x00000000
          41310	      1963	80003628	047d6a17	auipc	x20,0x47d6	 x20=0x847d9628
          41390	      1967	8000362c	0164d2b3	srl	x5,x9,x22	  x9:0x00000000 x22:0x80025ce4  x5=0x00000000
          41410	      1968	80003630	340037f3	csrrc	x15,mscratch,x0	  x0:0x00000000 x15=0x803a4000
          41710	      1983	80003634	340027f3	csrrs	x15,mscratch,x0	  x0:0x00000000 x15=0x803a4000
          42130	      2004	80003638	0001	c.addi	x0,0	  x0:0x00000000  x0=0x00000000
          42150	      2005	8000363a	6a0d	c.lui	x20,0x3	 x20=0x00003000
          42170	      2006	8000363c	8f61	c.and	x14,x8	 x14:0xaa2f4000  x8:0x00000000 x14=0x00000000
          42190	      2007	8000363e	8e69	c.and	x12,x10	 x12:0x00000000 x10:0x049475f6 x12=0x00000000
          42210	      2008	80003640	400cdc13	srai	x24,x25,0x0	 x25:0x00000000 x24=0x00000000
          42230	      2009	80003644	0123d563	bge	x7,x18,8000364e	  x7:0x00000009 x18:0x00000000
          43070	      2051	8000364e	5e14f593	andi	x11,x9,1505	  x9:0x00000000 x11=0x00000000
          44170	      2106	80003652	03e5f3b3	remu	x7,x11,x30	 x11:0x00000000 x30:0x803a4000  x7=0x00000000
          44190	      2107	80003656	340857f3	csrrwi	x15,mscratch,16	 x15=0x803a4000
          44210	      2108	8000365a	03f109b3	mul	x19,x2,x31	  x2:0xfffffff0 x31:0xeefac5de x19=0x1053a220
          44250	      2110	8000365e	0297e733	rem	x14,x15,x9	 x15:0x803a4000  x9:0x00000000 x14=0x803a4000
          44290	      2112	80003662	024af8b3	remu	x17,x21,x4	 x21:0x91bdb798  x4:0x00000000 x17=0x91bdb798
          44310	      2113	80003666	010d3cb3	sltu	x25,x26,x16	 x26:0x80021e64 x16:0x00000000 x25=0x00000000
          44330	      2114	8000366a	013bb533	sltu	x10,x23,x19	 x23:0xfc0b3e51 x19:0x1053a220 x10=0x00000000
          44530	      2124	8000366e	00689563	bne	x17,x6,80003678	 x17:0x91bdb798  x6:0x00000000
          45610	      2178	80003678	340217f3	csrrw	x15,mscratch,x4	  x4:0x00000000 x15=0x00000010
          45670	      2181	8000367c	34099473	csrrw	x8,mscratch,x19	 x19:0x1053a220  x8=0x00000000
          45690	      2182	80003680	860d	c.srai	x12,0x3	 x12:0x00000000 x12=0x00000000
          46430	      2219	80003682	03c3fe33	remu	x28,x7,x28	  x7:0x00000000 x28:0x0000001b x28=0x00000000
          46450	      2220	80003686	41b8dd93	srai	x27,x17,0x1b	 x17:0x91bdb798 x27=0xfffffff2
          46470	      2221	8000368a	cd95	c.beqz	x11,800036c6	 x11:0x00000000
          46950	      2245	800036c6	0001	c.addi	x0,0	  x0:0x00000000  x0=0x00000000
          46990	      2247	800036c8	007fbdb3	sltu	x27,x31,x7	 x31:0xeefac5de  x7:0x00000000 x27=0x00000000
          47010	      2248	800036cc	0001	c.addi	x0,0	  x0:0x00000000  x0=0x00000000
          47030	      2249	800036ce	41315c13	srai	x24,x2,0x13	  x2:0xfffffff0 x24=0xffffffff
          47050	      2250	800036d2	00806733	or	x14,x0,x8	  x0:0x00000000  x8:0x00000000 x14=0x00000000
          48210	      2308	800036d6	03557fb3	remu	x31,x10,x21	 x10:0x00000000 x21:0x91bdb798 x31=0x00000000
          48230	      2309	800036da	8c99	c.sub	x9,x14	  x9:0x00000000 x14:0x00000000  x9=0x00000000
          48250	      2310	800036dc	0000100f	fence.i	
          48690	      2332	800036e0	007998b3	sll	x17,x19,x7	 x19:0x1053a220  x7:0x00000000 x17=0x1053a220
          49030	      2349	800036e4	8317e313	ori	x6,x15,-1999	 x15:0x00000010  x6=0xfffff831
          49150	      2355	800036e8	812e	c.mv	x2,x11	  x0:0x00000000 x11:0x00000000  x2=0x00000000
          49170	      2356	800036ea	8851	c.andi	x8,20	  x8:0x00000000  x8=0x00000000
          49190	      2357	800036ec	002a1a93	slli	x21,x20,0x2	 x20:0x00003000 x21=0x0000c000
          49590	      2377	800036f0	01229a93	slli	x21,x5,0x12	  x5:0x00000000 x21=0x00000000
          49610	      2378	800036f4	5cbca4b7	lui	x9,0x5cbca	  x9=0x5cbca000
          49630	      2379	800036f8	5ab14c37	lui	x24,0x5ab14	 x24=0x5ab14000
          50010	      2398	800036fc	8855	c.andi	x8,21	  x8:0x00000000  x8=0x00000000
          50030	      2399	800036fe	0264d363	bge	x9,x6,80003724	  x9:0x5cbca000  x6:0xfffff831
          50170	      2406	80003724	f56ee913	ori	x18,x29,-170	 x29:0x00000000 x18=0xffffff56
          50310	      2413	80003728	01a5f7b3	and	x15,x11,x26	 x11:0x00000000 x26:0x80021e64 x15=0x00000000
          50330	      2414	8000372c	34003f73	csrrc	x30,mscratch,x0	  x0:0x00000000 x30=0x1053a220
          50550	      2425	80003730	340674f3	csrrci	x9,mscratch,12	  x9=0x1053a220
          50570	      2426	80003734	d4b84c13	xori	x24,x16,-693	 x16:0x00000000 x24=0xfffffd4b
          50750	      2435	80003738	014461b3	or	x3,x8,x20	  x8:0x00000000 x20:0x00003000  x3=0x00003000
          51170	      2456	8000373c	44b5	c.li	x9,13	  x9=0x0000000d
          51190	      2457	8000373e	8e05	c.sub	x12,x9	 x12:0x00000000  x9:0x0000000d x12=0x0000000d
          51210	      2458	80003740	05d24163	blt	x4,x29,80003782	  x4:0x00000000 x29:0x00000000
