Time	Cycle	PC	Insn	Decoded instruction	Register and memory contents
          25214	      1159	80000080	40001e37	lui	x28,0x40001	 x28=0x40001000
          25394	      1168	80000084	106e0e13	addi	x28,x28,262	 x28:0x40001000 x28=0x40001106
          25414	      1169	80000088	301e1073	csrrw	x0,misa,x28	 x28:0x40001106  x0=0x00000000
          25474	      1172	8000008c	00026a17	auipc	x20,0x26	 x20=0x8002608c
          25534	      1175	80000090	c58a0a13	addi	x20,x20,-936	 x20:0x8002608c x20=0x80025ce4
          25854	      1191	80000094	00002e17	auipc	x28,0x2	 x28=0x80002094
          26074	      1202	80000098	66ce0e13	addi	x28,x28,1644	 x28:0x80002094 x28=0x80002700
          26334	      1215	8000009c	001e6e13	ori	x28,x28,1	 x28:0x80002700 x28=0x80002701
          26534	      1225	800000a0	305e1073	csrrw	x0,mtvec,x28	 x28:0x80002701  x0=0x00000000
          26954	      1246	800000a4	74725073	csrrwi	x0,0x747,4	  x0=0x00000000
          27374	      1267	800000a8	00003417	auipc	x8,0x3	  x8=0x800030a8
          27414	      1269	800000ac	41440413	addi	x8,x8,1044	  x8:0x800030a8  x8=0x800034bc
          27834	      1290	800000b0	4e01	c.li	x28,0	 x28=0x00000000
          27854	      1291	800000b2	9472	c.add	x8,x28	  x8:0x800034bc x28:0x00000000  x8=0x800034bc
          28034	      1300	800000b4	8009	c.srli	x8,0x2	  x8:0x800034bc  x8=0x20000d2f
          28054	      1301	800000b6	3b041073	csrrw	x0,pmpaddr0,x8	  x8:0x20000d2f  x0=0x00000000
          28234	      1310	800000ba	00003417	auipc	x8,0x3	  x8=0x800030ba
          28254	      1311	800000be	40240413	addi	x8,x8,1026	  x8:0x800030ba  x8=0x800034bc
          28274	      1312	800000c2	11111e37	lui	x28,0x11111	 x28=0x11111000
          28294	      1313	800000c6	111e0e13	addi	x28,x28,273	 x28:0x11111000 x28=0x11111111
          28314	      1314	800000ca	9472	c.add	x8,x28	  x8:0x800034bc x28:0x11111111  x8=0x911145cd
          28574	      1327	800000cc	8009	c.srli	x8,0x2	  x8:0x911145cd  x8=0x24445173
          28934	      1345	800000ce	3b141073	csrrw	x0,pmpaddr1,x8	  x8:0x24445173  x0=0x00000000
          28994	      1348	800000d2	00003417	auipc	x8,0x3	  x8=0x800030d2
          29014	      1349	800000d6	3ea40413	addi	x8,x8,1002	  x8:0x800030d2  x8=0x800034bc
          29034	      1350	800000da	22222e37	lui	x28,0x22222	 x28=0x22222000
          29054	      1351	800000de	222e0e13	addi	x28,x28,546	 x28:0x22222000 x28=0x22222222
          29074	      1352	800000e2	9472	c.add	x8,x28	  x8:0x800034bc x28:0x22222222  x8=0xa22256de
          29414	      1369	800000e4	8009	c.srli	x8,0x2	  x8:0xa22256de  x8=0x288895b7
          29434	      1370	800000e6	3b241073	csrrw	x0,pmpaddr2,x8	  x8:0x288895b7  x0=0x00000000
          29854	      1391	800000ea	00003417	auipc	x8,0x3	  x8=0x800030ea
          29874	      1392	800000ee	3d240413	addi	x8,x8,978	  x8:0x800030ea  x8=0x800034bc
          29914	      1394	800000f2	33333e37	lui	x28,0x33333	 x28=0x33333000
          29934	      1395	800000f6	333e0e13	addi	x28,x28,819	 x28:0x33333000 x28=0x33333333
          29954	      1396	800000fa	9472	c.add	x8,x28	  x8:0x800034bc x28:0x33333333  x8=0xb33367ef
          30334	      1415	800000fc	8009	c.srli	x8,0x2	  x8:0xb33367ef  x8=0x2cccd9fb
          30354	      1416	800000fe	3b341073	csrrw	x0,pmpaddr3,x8	  x8:0x2cccd9fb  x0=0x00000000
          30774	      1437	80000102	0f0f1437	lui	x8,0xf0f1	  x8=0x0f0f1000
          31114	      1454	80000106	f0f40413	addi	x8,x8,-241	  x8:0x0f0f1000  x8=0x0f0f0f0f
          31234	      1460	8000010a	3a041073	csrrw	x0,pmpcfg0,x8	  x8:0x0f0f0f0f  x0=0x00000000
          31294	      1463	8000010e	00003417	auipc	x8,0x3	  x8=0x8000310e
          31314	      1464	80000112	3ae40413	addi	x8,x8,942	  x8:0x8000310e  x8=0x800034bc
          31414	      1469	80000116	44444e37	lui	x28,0x44444	 x28=0x44444000
          31434	      1470	8000011a	444e0e13	addi	x28,x28,1092	 x28:0x44444000 x28=0x44444444
          31454	      1471	8000011e	9472	c.add	x8,x28	  x8:0x800034bc x28:0x44444444  x8=0xc4447900
          31474	      1472	80000120	8009	c.srli	x8,0x2	  x8:0xc4447900  x8=0x31111e40
          31554	      1476	80000122	3b441073	csrrw	x0,pmpaddr4,x8	  x8:0x31111e40  x0=0x00000000
          31654	      1481	80000126	00003417	auipc	x8,0x3	  x8=0x80003126
          31674	      1482	8000012a	39640413	addi	x8,x8,918	  x8:0x80003126  x8=0x800034bc
          31734	      1485	8000012e	55555e37	lui	x28,0x55555	 x28=0x55555000
          32014	      1499	80000132	555e0e13	addi	x28,x28,1365	 x28:0x55555000 x28=0x55555555
          32034	      1500	80000136	9472	c.add	x8,x28	  x8:0x800034bc x28:0x55555555  x8=0xd5558a11
          32434	      1520	80000138	8009	c.srli	x8,0x2	  x8:0xd5558a11  x8=0x35556284
          32454	      1521	8000013a	3b541073	csrrw	x0,pmpaddr5,x8	  x8:0x35556284  x0=0x00000000
          32514	      1524	8000013e	00003417	auipc	x8,0x3	  x8=0x8000313e
          32534	      1525	80000142	37e40413	addi	x8,x8,894	  x8:0x8000313e  x8=0x800034bc
          32554	      1526	80000146	66666e37	lui	x28,0x66666	 x28=0x66666000
          32574	      1527	8000014a	666e0e13	addi	x28,x28,1638	 x28:0x66666000 x28=0x66666666
          32594	      1528	8000014e	9472	c.add	x8,x28	  x8:0x800034bc x28:0x66666666  x8=0xe6669b22
          32734	      1535	80000150	8009	c.srli	x8,0x2	  x8:0xe6669b22  x8=0x3999a6c8
          32774	      1537	80000152	3b641073	csrrw	x0,pmpaddr6,x8	  x8:0x3999a6c8  x0=0x00000000
          32994	      1548	80000156	00003417	auipc	x8,0x3	  x8=0x80003156
          33034	      1550	8000015a	36640413	addi	x8,x8,870	  x8:0x80003156  x8=0x800034bc
          33454	      1571	8000015e	77777e37	lui	x28,0x77777	 x28=0x77777000
          33474	      1572	80000162	777e0e13	addi	x28,x28,1911	 x28:0x77777000 x28=0x77777777
          33494	      1573	80000166	9472	c.add	x8,x28	  x8:0x800034bc x28:0x77777777  x8=0xf777ac33
          33614	      1579	80000168	8009	c.srli	x8,0x2	  x8:0xf777ac33  x8=0x3dddeb0c
          33634	      1580	8000016a	3b741073	csrrw	x0,pmpaddr7,x8	  x8:0x3dddeb0c  x0=0x00000000
          34034	      1600	8000016e	0f0f1437	lui	x8,0xf0f1	  x8=0x0f0f1000
          34074	      1602	80000172	f0f40413	addi	x8,x8,-241	  x8:0x0f0f1000  x8=0x0f0f0f0f
          34114	      1604	80000176	3a141073	csrrw	x0,pmpcfg1,x8	  x8:0x0f0f0f0f  x0=0x00000000
          34174	      1607	8000017a	00003417	auipc	x8,0x3	  x8=0x8000317a
          34194	      1608	8000017e	34240413	addi	x8,x8,834	  x8:0x8000317a  x8=0x800034bc
          34574	      1627	80000182	88889e37	lui	x28,0x88889	 x28=0x88889000
          34594	      1628	80000186	888e0e13	addi	x28,x28,-1912	 x28:0x88889000 x28=0x88888888
          34614	      1629	8000018a	9472	c.add	x8,x28	  x8:0x800034bc x28:0x88888888  x8=0x0888bd44
          34674	      1632	8000018c	8009	c.srli	x8,0x2	  x8:0x0888bd44  x8=0x02222f51
          34694	      1633	8000018e	3b841073	csrrw	x0,pmpaddr8,x8	  x8:0x02222f51  x0=0x00000000
          34754	      1636	80000192	00003417	auipc	x8,0x3	  x8=0x80003192
          35114	      1654	80000196	32a40413	addi	x8,x8,810	  x8:0x80003192  x8=0x800034bc
          35134	      1655	8000019a	9999ae37	lui	x28,0x9999a	 x28=0x9999a000
          35294	      1663	8000019e	999e0e13	addi	x28,x28,-1639	 x28:0x9999a000 x28=0x99999999
          35314	      1664	800001a2	9472	c.add	x8,x28	  x8:0x800034bc x28:0x99999999  x8=0x1999ce55
          35474	      1672	800001a4	8009	c.srli	x8,0x2	  x8:0x1999ce55  x8=0x06667395
          35614	      1679	800001a6	3b941073	csrrw	x0,pmpaddr9,x8	  x8:0x06667395  x0=0x00000000
          35674	      1682	800001aa	00003417	auipc	x8,0x3	  x8=0x800031aa
          35694	      1683	800001ae	31240413	addi	x8,x8,786	  x8:0x800031aa  x8=0x800034bc
          35714	      1684	800001b2	aaaabe37	lui	x28,0xaaaab	 x28=0xaaaab000
          35754	      1686	800001b6	aaae0e13	addi	x28,x28,-1366	 x28:0xaaaab000 x28=0xaaaaaaaa
          35774	      1687	800001ba	9472	c.add	x8,x28	  x8:0x800034bc x28:0xaaaaaaaa  x8=0x2aaadf66
          35914	      1694	800001bc	8009	c.srli	x8,0x2	  x8:0x2aaadf66  x8=0x0aaab7d9
          36354	      1716	800001be	3ba41073	csrrw	x0,pmpaddr10,x8	  x8:0x0aaab7d9  x0=0x00000000
          36434	      1720	800001c2	00003417	auipc	x8,0x3	  x8=0x800031c2
          36754	      1736	800001c6	2fa40413	addi	x8,x8,762	  x8:0x800031c2  x8=0x800034bc
          36774	      1737	800001ca	bbbbce37	lui	x28,0xbbbbc	 x28=0xbbbbc000
          36974	      1747	800001ce	bbbe0e13	addi	x28,x28,-1093	 x28:0xbbbbc000 x28=0xbbbbbbbb
          36994	      1748	800001d2	9472	c.add	x8,x28	  x8:0x800034bc x28:0xbbbbbbbb  x8=0x3bbbf077
          37394	      1768	800001d4	8009	c.srli	x8,0x2	  x8:0x3bbbf077  x8=0x0eeefc1d
          37474	      1772	800001d6	3bb41073	csrrw	x0,pmpaddr11,x8	  x8:0x0eeefc1d  x0=0x00000000
          37574	      1777	800001da	0f0f1437	lui	x8,0xf0f1	  x8=0x0f0f1000
          37594	      1778	800001de	f0f40413	addi	x8,x8,-241	  x8:0x0f0f1000  x8=0x0f0f0f0f
          37614	      1779	800001e2	3a241073	csrrw	x0,pmpcfg2,x8	  x8:0x0f0f0f0f  x0=0x00000000
          37994	      1798	800001e6	00003417	auipc	x8,0x3	  x8=0x800031e6
          38054	      1801	800001ea	2d640413	addi	x8,x8,726	  x8:0x800031e6  x8=0x800034bc
          38074	      1802	800001ee	ccccde37	lui	x28,0xccccd	 x28=0xccccd000
          38494	      1823	800001f2	ccce0e13	addi	x28,x28,-820	 x28:0xccccd000 x28=0xcccccccc
          38514	      1824	800001f6	9472	c.add	x8,x28	  x8:0x800034bc x28:0xcccccccc  x8=0x4ccd0188
          38534	      1825	800001f8	8009	c.srli	x8,0x2	  x8:0x4ccd0188  x8=0x13334062
          38574	      1827	800001fa	3bc41073	csrrw	x0,pmpaddr12,x8	  x8:0x13334062  x0=0x00000000
          38934	      1845	800001fe	00003417	auipc	x8,0x3	  x8=0x800031fe
          38954	      1846	80000202	2be40413	addi	x8,x8,702	  x8:0x800031fe  x8=0x800034bc
          39274	      1862	80000206	ddddee37	lui	x28,0xdddde	 x28=0xdddde000
          39294	      1863	8000020a	ddde0e13	addi	x28,x28,-547	 x28:0xdddde000 x28=0xdddddddd
          39314	      1864	8000020e	9472	c.add	x8,x28	  x8:0x800034bc x28:0xdddddddd  x8=0x5dde1299
          39474	      1872	80000210	8009	c.srli	x8,0x2	  x8:0x5dde1299  x8=0x177784a6
          39634	      1880	80000212	3bd41073	csrrw	x0,pmpaddr13,x8	  x8:0x177784a6  x0=0x00000000
          39794	      1888	80000216	00003417	auipc	x8,0x3	  x8=0x80003216
          39814	      1889	8000021a	2a640413	addi	x8,x8,678	  x8:0x80003216  x8=0x800034bc
          39994	      1898	8000021e	eeeefe37	lui	x28,0xeeeef	 x28=0xeeeef000
          40014	      1899	80000222	eeee0e13	addi	x28,x28,-274	 x28:0xeeeef000 x28=0xeeeeeeee
          40034	      1900	80000226	9472	c.add	x8,x28	  x8:0x800034bc x28:0xeeeeeeee  x8=0x6eef23aa
          40054	      1901	80000228	8009	c.srli	x8,0x2	  x8:0x6eef23aa  x8=0x1bbbc8ea
          40074	      1902	8000022a	3be41073	csrrw	x0,pmpaddr14,x8	  x8:0x1bbbc8ea  x0=0x00000000
          40534	      1925	8000022e	00003417	auipc	x8,0x3	  x8=0x8000322e
          40834	      1940	80000232	28e40413	addi	x8,x8,654	  x8:0x8000322e  x8=0x800034bc
          40894	      1943	80000236	fff00e13	addi	x28,x0,-1	  x0:0x00000000 x28=0xffffffff
          40914	      1944	8000023a	9472	c.add	x8,x28	  x8:0x800034bc x28:0xffffffff  x8=0x800034bb
          40934	      1945	8000023c	8009	c.srli	x8,0x2	  x8:0x800034bb  x8=0x20000d2e
          40954	      1946	8000023e	3bf41073	csrrw	x0,pmpaddr15,x8	  x8:0x20000d2e  x0=0x00000000
          41014	      1949	80000242	0f0f1437	lui	x8,0xf0f1	  x8=0x0f0f1000
          41374	      1967	80000246	f0f40413	addi	x8,x8,-241	  x8:0x0f0f1000  x8=0x0f0f0f0f
          41794	      1988	8000024a	3a341073	csrrw	x0,pmpcfg3,x8	  x8:0x0f0f0f0f  x0=0x00000000
          41894	      1993	8000024e	00000e17	auipc	x28,0x0	 x28=0x8000024e
          41954	      1996	80000252	058e0e13	addi	x28,x28,88	 x28:0x8000024e x28=0x800002a6
          42074	      2002	80000256	341e1073	csrrw	x0,mepc,x28	 x28:0x800002a6  x0=0x00000000
          42094	      2003	8000025a	7c00d073	csrrwi	x0,0x7c0,1	  x0=0x00000000
          42154	      2006	8000025e	6e09	c.lui	x28,0x2	 x28=0x00002000
          42174	      2007	80000260	800e0e13	addi	x28,x28,-2048	 x28:0x00002000 x28=0x00001800
          42194	      2008	80000264	300e1073	csrrw	x0,mstatus,x28	 x28:0x00001800  x0=0x00000000
          42454	      2021	80000268	4e01	c.li	x28,0	 x28=0x00000000
          42474	      2022	8000026a	304e1073	csrrw	x0,mie,x28	 x28:0x00000000  x0=0x00000000
          42534	      2025	8000026e	90000eb7	lui	x29,0x90000	 x29=0x90000000
          42554	      2026	80000272	1ef1	c.addi	x29,-4	 x29:0x90000000 x29=0x8ffffffc
          42854	      2041	80000274	30000e13	addi	x28,x0,768	  x0:0x00000000 x28=0x00000300
          42994	      2048	80000278	0e22	c.slli	x28,0x8	 x28:0x00000300 x28=0x00030000
          43014	      2049	8000027a	0e0d	c.addi	x28,3	 x28:0x00030000 x28=0x00030003
          43694	      2083	8000027c	01cea023	sw	x28,0(x29)	 x29:0x8ffffffc x28:0x00030003 PA:0x8ffffffc store:0x00030003
          43714	      2084	80000280	30002e73	csrrs	x28,mstatus,x0	  x0:0x00000000 x28=0x00001800
          44174	      2107	80000284	01cea023	sw	x28,0(x29)	 x29:0x8ffffffc x28:0x00001800 PA:0x8ffffffc store:0x00001800
          44194	      2108	80000288	90000eb7	lui	x29,0x90000	 x29=0x90000000
          44214	      2109	8000028c	1ef1	c.addi	x29,-4	 x29:0x90000000 x29=0x8ffffffc
          44234	      2110	8000028e	30400e13	addi	x28,x0,772	  x0:0x00000000 x28=0x00000304
          44254	      2111	80000292	0e22	c.slli	x28,0x8	 x28:0x00000304 x28=0x00030400
          44274	      2112	80000294	0e0d	c.addi	x28,3	 x28:0x00030400 x28=0x00030403
          44514	      2124	80000296	01cea023	sw	x28,0(x29)	 x29:0x8ffffffc x28:0x00030403 PA:0x8ffffffc store:0x00030403
          44534	      2125	8000029a	30402e73	csrrs	x28,mie,x0	  x0:0x00000000 x28=0x00000000
          44554	      2126	8000029e	01cea023	sw	x28,0(x29)	 x29:0x8ffffffc x28:0x00000000 PA:0x8ffffffc store:0x00000000
          44574	      2127	800002a2	30200073	mret	
          44654	      2131	800002a6	fb3c0037	lui	x0,0xfb3c0	  x0=0x00000000
          44674	      2132	800002aa	cd500013	addi	x0,x0,-811	  x0:0x00000000  x0=0x00000000
          45114	      2154	800002ae	5ce470b7	lui	x1,0x5ce47	  x1=0x5ce47000
          45194	      2158	800002b2	9ed08093	addi	x1,x1,-1555	  x1:0x5ce47000  x1=0x5ce469ed
          45214	      2159	800002b6	4101	c.li	x2,0	  x2=0x00000000
          45234	      2160	800002b8	22dbe1b7	lui	x3,0x22dbe	  x3=0x22dbe000
          45254	      2161	800002bc	36718193	addi	x3,x3,871	  x3:0x22dbe000  x3=0x22dbe367
          45274	      2162	800002c0	4201	c.li	x4,0	  x4=0x00000000
          45294	      2163	800002c2	4299	c.li	x5,6	  x5=0x00000006
          45314	      2164	800002c4	956bf337	lui	x6,0x956bf	  x6=0x956bf000
          45374	      2167	800002c8	dbd30313	addi	x6,x6,-579	  x6:0x956bf000  x6=0x956bedbd
          45794	      2188	800002cc	800003b7	lui	x7,0x80000	  x7=0x80000000
          45954	      2196	800002d0	4431	c.li	x8,12	  x8=0x0000000c
          45974	      2197	800002d2	4481	c.li	x9,0	  x9=0x00000000
          46234	      2210	800002d4	4509	c.li	x10,2	 x10=0x00000002
          46254	      2211	800002d6	4581	c.li	x11,0	 x11=0x00000000
          46274	      2212	800002d8	460d	c.li	x12,3	 x12=0x00000003
          46294	      2213	800002da	4681	c.li	x13,0	 x13=0x00000000
          46314	      2214	800002dc	4701	c.li	x14,0	 x14=0x00000000
          46334	      2215	800002de	f6d767b7	lui	x15,0xf6d76	 x15=0xf6d76000
          46374	      2217	800002e2	58d78793	addi	x15,x15,1421	 x15:0xf6d76000 x15=0xf6d7658d
          46474	      2222	800002e6	d1b3a837	lui	x16,0xd1b3a	 x16=0xd1b3a000
          46534	      2225	800002ea	2d680813	addi	x16,x16,726	 x16:0xd1b3a000 x16=0xd1b3a2d6
          46554	      2226	800002ee	fbfcc8b7	lui	x17,0xfbfcc	 x17=0xfbfcc000
          46974	      2247	800002f2	b3488893	addi	x17,x17,-1228	 x17:0xfbfcc000 x17=0xfbfcbb34
          46994	      2248	800002f6	b3288937	lui	x18,0xb3288	 x18=0xb3288000
          47174	      2257	800002fa	e2190913	addi	x18,x18,-479	 x18:0xb3288000 x18=0xb3287e21
          47194	      2258	800002fe	4991	c.li	x19,4	 x19=0x00000004
          47214	      2259	80000300	4aa5	c.li	x21,9	 x21=0x00000009
          47374	      2267	80000302	80000b37	lui	x22,0x80000	 x22=0x80000000
          47394	      2268	80000306	e9e94bb7	lui	x23,0xe9e94	 x23=0xe9e94000
          47554	      2276	8000030a	f30b8b93	addi	x23,x23,-208	 x23:0xe9e94000 x23=0xe9e93f30
          47574	      2277	8000030e	4c01	c.li	x24,0	 x24=0x00000000
          47714	      2284	80000310	f09d0cb7	lui	x25,0xf09d0	 x25=0xf09d0000
          48114	      2304	80000314	e6bc8c93	addi	x25,x25,-405	 x25:0xf09d0000 x25=0xf09cfe6b
          48134	      2305	80000318	4d01	c.li	x26,0	 x26=0x00000000
          48154	      2306	8000031a	792fedb7	lui	x27,0x792fe	 x27=0x792fe000
          48274	      2312	8000031e	d98d8d93	addi	x27,x27,-616	 x27:0x792fe000 x27=0x792fdd98
          48294	      2313	80000322	4e25	c.li	x28,9	 x28=0x00000009
          48374	      2317	80000324	80000eb7	lui	x29,0x80000	 x29=0x80000000
          48394	      2318	80000328	fb221f37	lui	x30,0xfb221	 x30=0xfb221000
          48414	      2319	8000032c	10cf0f13	addi	x30,x30,268	 x30:0xfb221000 x30=0xfb22110c
          48434	      2320	80000330	00022f97	auipc	x31,0x22	 x31=0x80022330
          48514	      2324	80000334	b34f8f93	addi	x31,x31,-1228	 x31:0x80022330 x31=0x80021e64
          48534	      2325	80000338	90000eb7	lui	x29,0x90000	 x29=0x90000000
          48754	      2336	8000033c	1ef1	c.addi	x29,-4	 x29:0x90000000 x29=0x8ffffffc
          48774	      2337	8000033e	4e01	c.li	x28,0	 x28=0x00000000
          48834	      2340	80000340	0e22	c.slli	x28,0x8	 x28:0x00000000 x28=0x00000000
          48994	      2348	80000342	000e0e13	addi	x28,x28,0	 x28:0x00000000 x28=0x00000000
          49274	      2362	80000346	01cea023	sw	x28,0(x29)	 x29:0x8ffffffc x28:0x00000000 PA:0x8ffffffc store:0x00000000
          49294	      2363	8000034a	1720306f	jal	x0,800034bc	  x0=0x00000000
          49494	      2373	800034bc	3be033f3	csrrc	x7,pmpaddr14,x0	  x0:0x00000000  x7=0x1bbbc8ea
          49534	      2375	800034c0	00002197	auipc	x3,0x2	  x3=0x800054c0
          49554	      2376	800034c4	f9618193	addi	x3,x3,-106	  x3:0x800054c0  x3=0x80005456
          49754	      2386	800034c8	84d5	c.srai	x9,0x15	  x9:0x00000000  x9=0x00000000
          49774	      2387	800034ca	e5918193	addi	x3,x3,-423	  x3:0x80005456  x3=0x800052af
          49794	      2388	800034ce	86e5	c.srai	x13,0x19	 x13:0x00000000 x13=0x00000000
          49814	      2389	800034d0	466e4393	xori	x7,x28,1126	 x28:0x00000000  x7=0x00000466
          49914	      2394	800034d4	8f91	c.sub	x15,x12	 x15:0xf6d7658d x12:0x00000003 x15=0xf6d7658a
          49934	      2395	800034d6	0001	c.addi	x0,0	  x0:0x00000000  x0=0x00000000
          49974	      2397	800034d8	01021763	bne	x4,x16,800034e6	  x4:0x00000000 x16:0xd1b3a2d6
          51114	      2454	800034e6	1a7181e7	jalr	x3,423(x3)	  x3:0x800052af  x3=0x800034ea
          51754	      2486	80005456	32907b73	csrrci	x22,mhpmevent9,0	 x22=0x00000040
          51774	      2487	8000545a	07384b17	auipc	x22,0x7384	 x22=0x8738945a
          51794	      2488	8000545e	01c5fb33	and	x22,x11,x28	 x11:0x00000000 x28:0x00000000 x22=0x00000000
          51814	      2489	80005462	1fe1	c.addi	x31,-8	 x31:0x80021e64 x31=0x80021e5c
          61034	      2950	80005464	0001	c.addi	x0,0	  x0:0x00000000  x0=0x00000000
          61054	      2951	80005466	014a	c.slli	x2,0x12	  x2:0x00000000  x2=0x00000000
          61514	      2974	80005468	003fa223	sw	x3,4(x31)	 x31:0x80021e5c  x3:0x800034ea PA:0x80021e60 store:0x800034ea
          61534	      2975	8000546c	00259d13	slli	x26,x11,0x2	 x11:0x00000000 x26=0x00000000
          61554	      2976	80005470	8dc5	c.or	x11,x9	 x11:0x00000000  x9:0x00000000 x11=0x00000000
          61574	      2977	80005472	0001	c.addi	x0,0	  x0:0x00000000  x0=0x00000000
          61614	      2979	80005474	0356b0b3	mulhu	x1,x13,x21	 x13:0x00000000 x21:0x00000009  x1=0x00000000
          61634	      2980	80005478	59fd	c.li	x19,-1	 x19=0xffffffff
          61654	      2981	8000547a	8261	c.srli	x12,0x18	 x12:0x00000003 x12=0x00000000
          61674	      2982	8000547c	b06e53f3	csrrwi	x7,mhpmcounter6,28	  x7=0x00000006
          61734	      2985	80005480	8531	c.srai	x10,0xc	 x10:0x00000002 x10=0x00000000
          61754	      2986	80005482	c501	c.beqz	x10,8000548a	 x10:0x00000000
          62634	      3030	8000548a	2782cc93	xori	x25,x5,632	  x5:0x00000006 x25=0x0000027e
          62754	      3036	8000548e	297d3b13	sltiu	x22,x26,663	 x26:0x00000000 x22=0x00000001
          62774	      3037	80005492	626d	c.lui	x4,0x1b	  x4=0x0001b000
          62914	      3044	80005494	517d	c.li	x2,-1	  x2=0xffffffff
          62934	      3045	80005496	8b8a	c.mv	x23,x2	  x0:0x00000000  x2:0xffffffff x23=0xffffffff
          63054	      3051	80005498	02855363	bge	x10,x8,800054be	 x10:0x00000000  x8:0x0000000c
          63794	      3088	8000549c	023059b3	divu	x19,x0,x3	  x0:0x00000000  x3:0x800034ea x19=0x00000000
          63814	      3089	800054a0	219ae593	ori	x11,x21,537	 x21:0x00000009 x11=0x00000219
          63834	      3090	800054a4	0001	c.addi	x0,0	  x0:0x00000000  x0=0x00000000
          63854	      3091	800054a6	8395	c.srli	x15,0x5	 x15:0xf6d7658a x15=0x07b6bb2c
          63874	      3092	800054a8	00887a63	bgeu	x16,x8,800054bc	 x16:0xd1b3a2d6  x8:0x0000000c
          64054	      3101	800054bc	1a14	c.addi4spn	x13,x2,304	 x13=0x0000012f
          64814	      3139	800054be	02b17eb3	remu	x29,x2,x11	  x2:0xffffffff x11:0x00000219 x29=0x000001e3
          64834	      3140	800054c2	03ac9063	bne	x25,x26,800054e2	 x25:0x0000027e x26:0x00000000
          64914	      3144	800054e2	616d	c.addi16sp	x2,240	  x2:0xffffffff  x2=0x000000ef
          64934	      3145	800054e4	a7c9a717	auipc	x14,0xa7c9a	 x14=0x27c9f4e4
          65974	      3197	800054e8	0312c5b3	div	x11,x5,x17	  x5:0x00000006 x17:0xfbfcbb34 x11=0x00000000
          65994	      3198	800054ec	4dd52237	lui	x4,0x4dd52	  x4=0x4dd52000
          66014	      3199	800054f0	f14d56f3	csrrwi	x0,mhartid,26	  x0=0x00000000
          66234	      3210	80002700	0800006f	jal	x0,80002780	  x0=0x00000000
          66554	      3226	80002780	1a71	c.addi	x20,-4	 x20:0x80025ce4 x20=0x80025ce0
          66634	      3230	80002782	01fa2023	sw	x31,0(x20)	 x20:0x80025ce0 x31:0x80021e5c PA:0x80025ce0 store:0x80021e5c
          66654	      3231	80002786	000a0fb3	add	x31,x20,x0	 x20:0x80025ce0  x0:0x00000000 x31=0x80025ce0
          67034	      3250	8000278a	f80f8f93	addi	x31,x31,-128	 x31:0x80025ce0 x31=0x80025c60
          67094	      3253	8000278e	001fa223	sw	x1,4(x31)	 x31:0x80025c60  x1:0x00000000 PA:0x80025c64 store:0x00000000
          67174	      3257	80002792	002fa423	sw	x2,8(x31)	 x31:0x80025c60  x2:0x000000ef PA:0x80025c68 store:0x000000ef
          67394	      3268	80002796	003fa623	sw	x3,12(x31)	 x31:0x80025c60  x3:0x800034ea PA:0x80025c6c store:0x800034ea
          67514	      3274	8000279a	004fa823	sw	x4,16(x31)	 x31:0x80025c60  x4:0x4dd52000 PA:0x80025c70 store:0x4dd52000
          67574	      3277	8000279e	005faa23	sw	x5,20(x31)	 x31:0x80025c60  x5:0x00000006 PA:0x80025c74 store:0x00000006
          67814	      3289	800027a2	006fac23	sw	x6,24(x31)	 x31:0x80025c60  x6:0x956bedbd PA:0x80025c78 store:0x956bedbd
          67894	      3293	800027a6	007fae23	sw	x7,28(x31)	 x31:0x80025c60  x7:0x00000006 PA:0x80025c7c store:0x00000006
          67914	      3294	800027aa	028fa023	sw	x8,32(x31)	 x31:0x80025c60  x8:0x0000000c PA:0x80025c80 store:0x0000000c
          67994	      3298	800027ae	029fa223	sw	x9,36(x31)	 x31:0x80025c60  x9:0x00000000 PA:0x80025c84 store:0x00000000
          68294	      3313	800027b2	02afa423	sw	x10,40(x31)	 x31:0x80025c60 x10:0x00000000 PA:0x80025c88 store:0x00000000
          68814	      3339	800027b6	02bfa623	sw	x11,44(x31)	 x31:0x80025c60 x11:0x00000000 PA:0x80025c8c store:0x00000000
          69294	      3363	800027ba	02cfa823	sw	x12,48(x31)	 x31:0x80025c60 x12:0x00000000 PA:0x80025c90 store:0x00000000
          69534	      3375	800027be	02dfaa23	sw	x13,52(x31)	 x31:0x80025c60 x13:0x0000012f PA:0x80025c94 store:0x0000012f
          69774	      3387	800027c2	02efac23	sw	x14,56(x31)	 x31:0x80025c60 x14:0x27c9f4e4 PA:0x80025c98 store:0x27c9f4e4
          69854	      3391	800027c6	02ffae23	sw	x15,60(x31)	 x31:0x80025c60 x15:0x07b6bb2c PA:0x80025c9c store:0x07b6bb2c
          69934	      3395	800027ca	050fa023	sw	x16,64(x31)	 x31:0x80025c60 x16:0xd1b3a2d6 PA:0x80025ca0 store:0xd1b3a2d6
          69954	      3396	800027ce	051fa223	sw	x17,68(x31)	 x31:0x80025c60 x17:0xfbfcbb34 PA:0x80025ca4 store:0xfbfcbb34
          69994	      3398	800027d2	052fa423	sw	x18,72(x31)	 x31:0x80025c60 x18:0xb3287e21 PA:0x80025ca8 store:0xb3287e21
          70014	      3399	800027d6	053fa623	sw	x19,76(x31)	 x31:0x80025c60 x19:0x00000000 PA:0x80025cac store:0x00000000
          70034	      3400	800027da	054fa823	sw	x20,80(x31)	 x31:0x80025c60 x20:0x80025ce0 PA:0x80025cb0 store:0x80025ce0
          70434	      3420	800027de	055faa23	sw	x21,84(x31)	 x31:0x80025c60 x21:0x00000009 PA:0x80025cb4 store:0x00000009
          70654	      3431	800027e2	056fac23	sw	x22,88(x31)	 x31:0x80025c60 x22:0x00000001 PA:0x80025cb8 store:0x00000001
          70834	      3440	800027e6	057fae23	sw	x23,92(x31)	 x31:0x80025c60 x23:0xffffffff PA:0x80025cbc store:0xffffffff
          70894	      3443	800027ea	078fa023	sw	x24,96(x31)	 x31:0x80025c60 x24:0x00000000 PA:0x80025cc0 store:0x00000000
          70954	      3446	800027ee	079fa223	sw	x25,100(x31)	 x31:0x80025c60 x25:0x0000027e PA:0x80025cc4 store:0x0000027e
          71014	      3449	800027f2	07afa423	sw	x26,104(x31)	 x31:0x80025c60 x26:0x00000000 PA:0x80025cc8 store:0x00000000
          71034	      3450	800027f6	07bfa623	sw	x27,108(x31)	 x31:0x80025c60 x27:0x792fdd98 PA:0x80025ccc store:0x792fdd98
          71054	      3451	800027fa	07cfa823	sw	x28,112(x31)	 x31:0x80025c60 x28:0x00000000 PA:0x80025cd0 store:0x00000000
          71474	      3472	800027fe	07dfaa23	sw	x29,116(x31)	 x31:0x80025c60 x29:0x000001e3 PA:0x80025cd4 store:0x000001e3
          71534	      3475	80002802	07efac23	sw	x30,120(x31)	 x31:0x80025c60 x30:0xfb22110c PA:0x80025cd8 store:0xfb22110c
          71554	      3476	80002806	07ffae23	sw	x31,124(x31)	 x31:0x80025c60 x31:0x80025c60 PA:0x80025cdc store:0x80025c60
          71674	      3482	8000280a	000f8a33	add	x20,x31,x0	 x31:0x80025c60  x0:0x00000000 x20=0x80025c60
          72094	      3503	8000280e	90000eb7	lui	x29,0x90000	 x29=0x90000000
          72114	      3504	80002812	1ef1	c.addi	x29,-4	 x29:0x90000000 x29=0x8ffffffc
          72134	      3505	80002814	4e21	c.li	x28,8	 x28=0x00000008
          72154	      3506	80002816	0e22	c.slli	x28,0x8	 x28:0x00000008 x28=0x00000800
          72554	      3526	80002818	000e0e13	addi	x28,x28,0	 x28:0x00000800 x28=0x00000800
          72894	      3543	8000281c	01cea023	sw	x28,0(x29)	 x29:0x8ffffffc x28:0x00000800 PA:0x8ffffffc store:0x00000800
          72914	      3544	80002820	34102e73	csrrs	x28,mepc,x0	  x0:0x00000000 x28=0x800054f0
          73074	      3552	80002824	34202e73	csrrs	x28,mcause,x0	  x0:0x00000000 x28=0x00000002
          73454	      3571	80002828	4e8d	c.li	x29,3	 x29=0x00000003
          73634	      3580	8000282a	01de1463	bne	x28,x29,80002832	 x28:0x00000002 x29:0x00000003
          74234	      3610	80002832	4ea1	c.li	x29,8	 x29=0x00000008
          74254	      3611	80002834	05de0d63	beq	x28,x29,8000288e	 x28:0x00000002 x29:0x00000008
          74414	      3619	80002838	4ea5	c.li	x29,9	 x29=0x00000009
          74434	      3620	8000283a	05de0a63	beq	x28,x29,8000288e	 x28:0x00000002 x29:0x00000009
          74454	      3621	8000283e	4ead	c.li	x29,11	 x29=0x0000000b
          74594	      3628	80002840	05de0763	beq	x28,x29,8000288e	 x28:0x00000002 x29:0x0000000b
          74614	      3629	80002844	4e85	c.li	x29,1	 x29=0x00000001
          74634	      3630	80002846	35de0363	beq	x28,x29,80002b8c	 x28:0x00000002 x29:0x00000001
          74654	      3631	8000284a	4e95	c.li	x29,5	 x29=0x00000005
          74894	      3643	8000284c	63de0a63	beq	x28,x29,80002e80	 x28:0x00000002 x29:0x00000005
          75274	      3662	80002850	4e9d	c.li	x29,7	 x29=0x00000007
          75294	      3663	80002852	15de0ce3	beq	x28,x29,800031aa	 x28:0x00000002 x29:0x00000007
          75314	      3664	80002856	4eb1	c.li	x29,12	 x29=0x0000000c
          75494	      3673	80002858	01de1463	bne	x28,x29,80002860	 x28:0x00000002 x29:0x0000000c
          76434	      3720	80002860	4eb5	c.li	x29,13	 x29=0x0000000d
          76774	      3737	80002862	01de1463	bne	x28,x29,8000286a	 x28:0x00000002 x29:0x0000000d
          76814	      3739	8000286a	4ebd	c.li	x29,15	 x29=0x0000000f
          76834	      3740	8000286c	01de1463	bne	x28,x29,80002874	 x28:0x00000002 x29:0x0000000f
          77334	      3765	80002874	4e89	c.li	x29,2	 x29=0x00000002
          77874	      3792	80002876	01de1463	bne	x28,x29,8000287e	 x28:0x00000002 x29:0x00000002
          78294	      3813	8000287a	37c0906f	jal	x0,8000bbf6	  x0=0x00000000
          79474	      3872	8000bbf6	90000eb7	lui	x29,0x90000	 x29=0x90000000
          79494	      3873	8000bbfa	1ef1	c.addi	x29,-4	 x29:0x90000000 x29=0x8ffffffc
          79514	      3874	8000bbfc	4e29	c.li	x28,10	 x28=0x0000000a
          79534	      3875	8000bbfe	0e22	c.slli	x28,0x8	 x28:0x0000000a x28=0x00000a00
          79554	      3876	8000bc00	000e0e13	addi	x28,x28,0	 x28:0x00000a00 x28=0x00000a00
          80014	      3899	8000bc04	01cea023	sw	x28,0(x29)	 x29:0x8ffffffc x28:0x00000a00 PA:0x8ffffffc store:0x00000a00
          80034	      3900	8000bc08	90000eb7	lui	x29,0x90000	 x29=0x90000000
          80054	      3901	8000bc0c	1ef1	c.addi	x29,-4	 x29:0x90000000 x29=0x8ffffffc
          80194	      3908	8000bc0e	34200e13	addi	x28,x0,834	  x0:0x00000000 x28=0x00000342
          80214	      3909	8000bc12	0e22	c.slli	x28,0x8	 x28:0x00000342 x28=0x00034200
          80614	      3929	8000bc14	0e0d	c.addi	x28,3	 x28:0x00034200 x28=0x00034203
          80934	      3945	8000bc16	01cea023	sw	x28,0(x29)	 x29:0x8ffffffc x28:0x00034203 PA:0x8ffffffc store:0x00034203
          80954	      3946	8000bc1a	34202e73	csrrs	x28,mcause,x0	  x0:0x00000000 x28=0x00000002
          81374	      3967	8000bc1e	01cea023	sw	x28,0(x29)	 x29:0x8ffffffc x28:0x00000002 PA:0x8ffffffc store:0x00000002
          81394	      3968	8000bc22	34102e73	csrrs	x28,mepc,x0	  x0:0x00000000 x28=0x800054f0
          81414	      3969	8000bc26	0e11	c.addi	x28,4	 x28:0x800054f0 x28=0x800054f4
          81434	      3970	8000bc28	341e1073	csrrw	x0,mepc,x28	 x28:0x800054f4  x0=0x00000000
          81454	      3971	8000bc2c	000a0fb3	add	x31,x20,x0	 x20:0x80025c60  x0:0x00000000 x31=0x80025c60
          81674	      3982	8000bc30	004fa083	lw	x1,4(x31)	 x31:0x80025c60  x1=0x00000000 PA:0x80025c64 load:0x00000000
          81834	      3990	8000bc34	008fa103	lw	x2,8(x31)	 x31:0x80025c60  x2=0x000000ef PA:0x80025c68 load:0x000000ef
          81934	      3995	8000bc38	00cfa183	lw	x3,12(x31)	 x31:0x80025c60  x3=0x800034ea PA:0x80025c6c load:0x800034ea
          82234	      4010	8000bc3c	010fa203	lw	x4,16(x31)	 x31:0x80025c60  x4=0x4dd52000 PA:0x80025c70 load:0x4dd52000
          82694	      4033	8000bc40	014fa283	lw	x5,20(x31)	 x31:0x80025c60  x5=0x00000006 PA:0x80025c74 load:0x00000006
          82874	      4042	8000bc44	018fa303	lw	x6,24(x31)	 x31:0x80025c60  x6=0x956bedbd PA:0x80025c78 load:0x956bedbd
          82994	      4048	8000bc48	01cfa383	lw	x7,28(x31)	 x31:0x80025c60  x7=0x00000006 PA:0x80025c7c load:0x00000006
          83094	      4053	8000bc4c	020fa403	lw	x8,32(x31)	 x31:0x80025c60  x8=0x0000000c PA:0x80025c80 load:0x0000000c
          83314	      4064	8000bc50	024fa483	lw	x9,36(x31)	 x31:0x80025c60  x9=0x00000000 PA:0x80025c84 load:0x00000000
          83454	      4071	8000bc54	028fa503	lw	x10,40(x31)	 x31:0x80025c60 x10=0x00000000 PA:0x80025c88 load:0x00000000
          83534	      4075	8000bc58	02cfa583	lw	x11,44(x31)	 x31:0x80025c60 x11=0x00000000 PA:0x80025c8c load:0x00000000
          83594	      4078	8000bc5c	030fa603	lw	x12,48(x31)	 x31:0x80025c60 x12=0x00000000 PA:0x80025c90 load:0x00000000
          84014	      4099	8000bc60	034fa683	lw	x13,52(x31)	 x31:0x80025c60 x13=0x0000012f PA:0x80025c94 load:0x0000012f
          84134	      4105	8000bc64	038fa703	lw	x14,56(x31)	 x31:0x80025c60 x14=0x27c9f4e4 PA:0x80025c98 load:0x27c9f4e4
          84294	      4113	8000bc68	03cfa783	lw	x15,60(x31)	 x31:0x80025c60 x15=0x07b6bb2c PA:0x80025c9c load:0x07b6bb2c
          84314	      4114	8000bc6c	040fa803	lw	x16,64(x31)	 x31:0x80025c60 x16=0xd1b3a2d6 PA:0x80025ca0 load:0xd1b3a2d6
          84654	      4131	8000bc70	044fa883	lw	x17,68(x31)	 x31:0x80025c60 x17=0xfbfcbb34 PA:0x80025ca4 load:0xfbfcbb34
          84874	      4142	8000bc74	048fa903	lw	x18,72(x31)	 x31:0x80025c60 x18=0xb3287e21 PA:0x80025ca8 load:0xb3287e21
          84934	      4145	8000bc78	04cfa983	lw	x19,76(x31)	 x31:0x80025c60 x19=0x00000000 PA:0x80025cac load:0x00000000
          84994	      4148	8000bc7c	050faa03	lw	x20,80(x31)	 x31:0x80025c60 x20=0x80025ce0 PA:0x80025cb0 load:0x80025ce0
          85154	      4156	8000bc80	054faa83	lw	x21,84(x31)	 x31:0x80025c60 x21=0x00000009 PA:0x80025cb4 load:0x00000009
          85214	      4159	8000bc84	058fab03	lw	x22,88(x31)	 x31:0x80025c60 x22=0x00000001 PA:0x80025cb8 load:0x00000001
          85234	      4160	8000bc88	05cfab83	lw	x23,92(x31)	 x31:0x80025c60 x23=0xffffffff PA:0x80025cbc load:0xffffffff
          85254	      4161	8000bc8c	060fac03	lw	x24,96(x31)	 x31:0x80025c60 x24=0x00000000 PA:0x80025cc0 load:0x00000000
          85674	      4182	8000bc90	064fac83	lw	x25,100(x31)	 x31:0x80025c60 x25=0x0000027e PA:0x80025cc4 load:0x0000027e
          85734	      4185	8000bc94	068fad03	lw	x26,104(x31)	 x31:0x80025c60 x26=0x00000000 PA:0x80025cc8 load:0x00000000
          86134	      4205	8000bc98	06cfad83	lw	x27,108(x31)	 x31:0x80025c60 x27=0x792fdd98 PA:0x80025ccc load:0x792fdd98
          86194	      4208	8000bc9c	070fae03	lw	x28,112(x31)	 x31:0x80025c60 x28=0x00000000 PA:0x80025cd0 load:0x00000000
          86614	      4229	8000bca0	074fae83	lw	x29,116(x31)	 x31:0x80025c60 x29=0x000001e3 PA:0x80025cd4 load:0x000001e3
          87074	      4252	8000bca4	078faf03	lw	x30,120(x31)	 x31:0x80025c60 x30=0xfb22110c PA:0x80025cd8 load:0xfb22110c
          87134	      4255	8000bca8	07cfaf83	lw	x31,124(x31)	 x31:0x80025c60 x31=0x80025c60 PA:0x80025cdc load:0x80025c60
          87174	      4257	8000bcac	080f8f93	addi	x31,x31,128	 x31:0x80025c60 x31=0x80025ce0
          87194	      4258	8000bcb0	000f8a33	add	x20,x31,x0	 x31:0x80025ce0  x0:0x00000000 x20=0x80025ce0
          87374	      4267	8000bcb4	000a2f83	lw	x31,0(x20)	 x20:0x80025ce0 x31=0x80021e5c PA:0x80025ce0 load:0x80021e5c
          87394	      4268	8000bcb8	0a11	c.addi	x20,4	 x20:0x80025ce0 x20=0x80025ce4
          87414	      4269	8000bcba	30200073	mret	
          87474	      4272	800054f4	65fd	c.lui	x11,0x1f	 x11=0x0001f000
          87494	      4273	800054f6	f98c7e17	auipc	x28,0xf98c7	 x28=0x798cc4f6
          87534	      4275	800054fa	021b98b3	mulh	x17,x23,x1	 x23:0xffffffff  x1:0x00000000 x17=0x00000000
          87554	      4276	800054fe	0ff0000f	fence	iorw,iorw	
          87574	      4277	80005502	98fd	c.andi	x9,-1	  x9:0x00000000  x9=0x00000000
          87594	      4278	80005504	b03f78f3	csrrci	x17,mhpmcounter3,30	 x17=0x0000018b
          88574	      4327	80005508	611d	c.addi16sp	x2,416	  x2:0x000000ef  x2=0x0000028f
          88814	      4339	8000550a	02f0f363	bgeu	x1,x15,80005530	  x1:0x00000000 x15:0x07b6bb2c
          88834	      4340	8000550e	012e5533	srl	x10,x28,x18	 x28:0x798cc4f6 x18:0xb3287e21 x10=0x3cc6627b
          89194	      4358	80005512	028fce63	blt	x31,x8,8000554e	 x31:0x80021e5c  x8:0x0000000c
          89514	      4374	8000554e	00e65a63	bge	x12,x14,80005562	 x12:0x00000000 x14:0x27c9f4e4
          89714	      4384	80005552	407a5c93	srai	x25,x20,0x7	 x20:0x80025ce4 x25=0xff0004b9
          89754	      4386	80005556	0334cdb3	div	x27,x9,x19	  x9:0x00000000 x19:0x00000000 x27=0xffffffff
          89774	      4387	8000555a	40575893	srai	x17,x14,0x5	 x14:0x27c9f4e4 x17=0x013e4fa7
          90894	      4443	8000555e	02296ab3	rem	x21,x18,x2	 x18:0xb3287e21  x2:0x0000028f x21=0xfffffdaa
          90934	      4445	80005562	02c0f6b3	remu	x13,x1,x12	  x1:0x00000000 x12:0x00000000 x13=0x00000000
          90954	      4446	80005566	4e709537	lui	x10,0x4e709	 x10=0x4e709000
          90974	      4447	8000556a	01541493	slli	x9,x8,0x15	  x8:0x0000000c  x9=0x01800000
          91194	      4458	8000556e	03009ab3	mulh	x21,x1,x16	  x1:0x00000000 x16:0xd1b3a2d6 x21=0x00000000
          91214	      4459	80005572	0001	c.addi	x0,0	  x0:0x00000000  x0=0x00000000
          91274	      4462	80005574	01027bb3	and	x23,x4,x16	  x4:0x4dd52000 x16:0xd1b3a2d6 x23=0x41912000
          91294	      4463	80005578	023fcf63	blt	x31,x3,800055b6	 x31:0x80021e5c  x3:0x800034ea
          91314	      4464	8000557c	02620863	beq	x4,x6,800055ac	  x4:0x4dd52000  x6:0x956bedbd
          91334	      4465	80005580	03fe	c.slli	x7,0x1f	  x7:0x00000006  x7=0x00000000
          91414	      4469	80005582	01f4b2b3	sltu	x5,x9,x31	  x9:0x01800000 x31:0x80021e5c  x5=0x00000000
          91434	      4470	80005586	034d5763	bge	x26,x20,800055b4	 x26:0x00000000 x20:0x80025ce4
