UVM_FATAL /runtime_only_unique_aafz.sv(1) @ 1: runtime_only_unique_failure_aafz normalization resistant timing marker
RUNTIME_ONLY_CASE=182 SOURCE_A=benchmark_set_2:15
Mismatch[1]:
ibex[425] : pc[80001b38] mulhsu x30,x6,x11: t5:00000000
RUNTIME_ONLY_COMBINE SOURCE_B=benchmark_set_1:7
riscv_csr_test.0 : [FAILED]
000000000 RUNTIME_ONLY neutral retire case=00182 pc=0x80005d20 opcode=sw x22=0x80005d20
000000001 RUNTIME_ONLY neutral retire case=00182 pc=0x80005d24 opcode=beq x23=0x80005d25
000000002 RUNTIME_ONLY neutral retire case=00182 pc=0x80005d28 opcode=csrrw x24=0x80005d2a
000000003 RUNTIME_ONLY neutral retire case=00182 pc=0x80005d2c opcode=xor x25=0x80005d2f
000000004 RUNTIME_ONLY neutral retire case=00182 pc=0x80005d30 opcode=addi x26=0x80005d34
000000005 RUNTIME_ONLY neutral retire case=00182 pc=0x80005d34 opcode=lw x27=0x80005d31
000000006 RUNTIME_ONLY neutral retire case=00182 pc=0x80005d38 opcode=sw x28=0x80005d3e
000000007 RUNTIME_ONLY neutral retire case=00182 pc=0x80005d3c opcode=beq x29=0x80005d3b
000000008 RUNTIME_ONLY neutral retire case=00182 pc=0x80005d40 opcode=csrrw x30=0x80005d48
000000009 RUNTIME_ONLY neutral retire case=00182 pc=0x80005d44 opcode=xor x31=0x80005d4d
000000010 RUNTIME_ONLY neutral retire case=00182 pc=0x80005d48 opcode=addi x0=0x80005d42
000000011 RUNTIME_ONLY neutral retire case=00182 pc=0x80005d4c opcode=lw x1=0x80005d47
000000012 RUNTIME_ONLY neutral retire case=00182 pc=0x80005d50 opcode=sw x2=0x80005d5c
000000013 RUNTIME_ONLY neutral retire case=00182 pc=0x80005d54 opcode=beq x3=0x80005d59
000000014 RUNTIME_ONLY neutral retire case=00182 pc=0x80005d58 opcode=csrrw x4=0x80005d56
000000015 RUNTIME_ONLY neutral retire case=00182 pc=0x80005d5c opcode=xor x5=0x80005d53
000000016 RUNTIME_ONLY neutral retire case=00182 pc=0x80005d60 opcode=addi x6=0x80005d70
000000017 RUNTIME_ONLY neutral retire case=00182 pc=0x80005d64 opcode=lw x7=0x80005d75
000000018 RUNTIME_ONLY neutral retire case=00182 pc=0x80005d68 opcode=sw x8=0x80005d7a
000000019 RUNTIME_ONLY neutral retire case=00182 pc=0x80005d6c opcode=beq x9=0x80005d7f
000000020 RUNTIME_ONLY neutral retire case=00182 pc=0x80005d70 opcode=csrrw x10=0x80005d64
000000021 RUNTIME_ONLY neutral retire case=00182 pc=0x80005d74 opcode=xor x11=0x80005d61
000000022 RUNTIME_ONLY neutral retire case=00182 pc=0x80005d78 opcode=addi x12=0x80005d6e
000000023 RUNTIME_ONLY neutral retire case=00182 pc=0x80005d7c opcode=lw x13=0x80005d6b
000000024 RUNTIME_ONLY neutral retire case=00182 pc=0x80005d80 opcode=sw x14=0x80005d98
000000025 RUNTIME_ONLY neutral retire case=00182 pc=0x80005d84 opcode=beq x15=0x80005d9d
000000026 RUNTIME_ONLY neutral retire case=00182 pc=0x80005d88 opcode=csrrw x16=0x80005d92
000000027 RUNTIME_ONLY neutral retire case=00182 pc=0x80005d8c opcode=xor x17=0x80005d97
000000028 RUNTIME_ONLY neutral retire case=00182 pc=0x80005d90 opcode=addi x18=0x80005d8c
000000029 RUNTIME_ONLY neutral retire case=00182 pc=0x80005d94 opcode=lw x19=0x80005d89
000000030 RUNTIME_ONLY neutral retire case=00182 pc=0x80005d98 opcode=sw x20=0x80005d86
000000031 RUNTIME_ONLY neutral retire case=00182 pc=0x80005d9c opcode=beq x21=0x80005d83
000000032 RUNTIME_ONLY neutral retire case=00182 pc=0x80005da0 opcode=csrrw x22=0x80005d80
000000033 RUNTIME_ONLY neutral retire case=00182 pc=0x80005da4 opcode=xor x23=0x80005d85
000000034 RUNTIME_ONLY neutral retire case=00182 pc=0x80005da8 opcode=addi x24=0x80005d8a
000000035 RUNTIME_ONLY neutral retire case=00182 pc=0x80005dac opcode=lw x25=0x80005d8f
000000036 RUNTIME_ONLY neutral retire case=00182 pc=0x80005db0 opcode=sw x26=0x80005d94
000000037 RUNTIME_ONLY neutral retire case=00182 pc=0x80005db4 opcode=beq x27=0x80005d91
000000038 RUNTIME_ONLY neutral retire case=00182 pc=0x80005db8 opcode=csrrw x28=0x80005d9e
000000039 RUNTIME_ONLY neutral retire case=00182 pc=0x80005dbc opcode=xor x29=0x80005d9b
000000040 RUNTIME_ONLY neutral retire case=00182 pc=0x80005dc0 opcode=addi x30=0x80005de8
000000041 RUNTIME_ONLY neutral retire case=00182 pc=0x80005dc4 opcode=lw x31=0x80005ded
000000042 RUNTIME_ONLY neutral retire case=00182 pc=0x80005dc8 opcode=sw x0=0x80005de2
000000043 RUNTIME_ONLY neutral retire case=00182 pc=0x80005dcc opcode=beq x1=0x80005de7
000000044 RUNTIME_ONLY neutral retire case=00182 pc=0x80005dd0 opcode=csrrw x2=0x80005dfc
000000045 RUNTIME_ONLY neutral retire case=00182 pc=0x80005dd4 opcode=xor x3=0x80005df9
000000046 RUNTIME_ONLY neutral retire case=00182 pc=0x80005dd8 opcode=addi x4=0x80005df6
000000047 RUNTIME_ONLY neutral retire case=00182 pc=0x80005ddc opcode=lw x5=0x80005df3
000000048 RUNTIME_ONLY neutral retire case=00182 pc=0x80005de0 opcode=sw x6=0x80005dd0
000000049 RUNTIME_ONLY neutral retire case=00182 pc=0x80005de4 opcode=beq x7=0x80005dd5
000000050 RUNTIME_ONLY neutral retire case=00182 pc=0x80005de8 opcode=csrrw x8=0x80005dda
000000051 RUNTIME_ONLY neutral retire case=00182 pc=0x80005dec opcode=xor x9=0x80005ddf
000000052 RUNTIME_ONLY neutral retire case=00182 pc=0x80005df0 opcode=addi x10=0x80005dc4
000000053 RUNTIME_ONLY neutral retire case=00182 pc=0x80005df4 opcode=lw x11=0x80005dc1
000000054 RUNTIME_ONLY neutral retire case=00182 pc=0x80005df8 opcode=sw x12=0x80005dce
000000055 RUNTIME_ONLY neutral retire case=00182 pc=0x80005dfc opcode=beq x13=0x80005dcb
000000056 RUNTIME_ONLY neutral retire case=00182 pc=0x80005e00 opcode=csrrw x14=0x80005e38
000000057 RUNTIME_ONLY neutral retire case=00182 pc=0x80005e04 opcode=xor x15=0x80005e3d
000000058 RUNTIME_ONLY neutral retire case=00182 pc=0x80005e08 opcode=addi x16=0x80005e32
000000059 RUNTIME_ONLY neutral retire case=00182 pc=0x80005e0c opcode=lw x17=0x80005e37
000000060 RUNTIME_ONLY neutral retire case=00182 pc=0x80005e10 opcode=sw x18=0x80005e2c
000000061 RUNTIME_ONLY neutral retire case=00182 pc=0x80005e14 opcode=beq x19=0x80005e29
000000062 RUNTIME_ONLY neutral retire case=00182 pc=0x80005e18 opcode=csrrw x20=0x80005e26
000000063 RUNTIME_ONLY neutral retire case=00182 pc=0x80005e1c opcode=xor x21=0x80005e23
000000064 RUNTIME_ONLY neutral retire case=00182 pc=0x80005e20 opcode=addi x22=0x80005e60
000000065 RUNTIME_ONLY neutral retire case=00182 pc=0x80005e24 opcode=lw x23=0x80005e65
000000066 RUNTIME_ONLY neutral retire case=00182 pc=0x80005e28 opcode=sw x24=0x80005e6a
000000067 RUNTIME_ONLY neutral retire case=00182 pc=0x80005e2c opcode=beq x25=0x80005e6f
000000068 RUNTIME_ONLY neutral retire case=00182 pc=0x80005e30 opcode=csrrw x26=0x80005e74
000000069 RUNTIME_ONLY neutral retire case=00182 pc=0x80005e34 opcode=xor x27=0x80005e71
000000070 RUNTIME_ONLY neutral retire case=00182 pc=0x80005e38 opcode=addi x28=0x80005e7e
000000071 RUNTIME_ONLY neutral retire case=00182 pc=0x80005e3c opcode=lw x29=0x80005e7b
000000072 RUNTIME_ONLY neutral retire case=00182 pc=0x80005e40 opcode=sw x30=0x80005e08
000000073 RUNTIME_ONLY neutral retire case=00182 pc=0x80005e44 opcode=beq x31=0x80005e0d
