UVM_FATAL /runtime_only_unique_aafe.sv(1) @ 1: runtime_only_unique_failure_aafe normalization resistant timing marker
RUNTIME_ONLY_CASE=161 SOURCE_A=benchmark_set_1:1
riscv_interrupt_csr_test.0 : [FAILED]
RUNTIME_ONLY_COMBINE SOURCE_B=benchmark_set_2:13
spike[151] : pc[ffffffff80010a1c] c.addi16sp sp, 400: sp:a019f190
[FAILED]: 453 matched, 16844 mismatch
000000000 RUNTIME_ONLY neutral retire case=00161 pc=0x80005260 opcode=xor x1=0x80005260
000000001 RUNTIME_ONLY neutral retire case=00161 pc=0x80005264 opcode=addi x2=0x80005265
000000002 RUNTIME_ONLY neutral retire case=00161 pc=0x80005268 opcode=lw x3=0x8000526a
000000003 RUNTIME_ONLY neutral retire case=00161 pc=0x8000526c opcode=sw x4=0x8000526f
000000004 RUNTIME_ONLY neutral retire case=00161 pc=0x80005270 opcode=beq x5=0x80005274
000000005 RUNTIME_ONLY neutral retire case=00161 pc=0x80005274 opcode=csrrw x6=0x80005271
000000006 RUNTIME_ONLY neutral retire case=00161 pc=0x80005278 opcode=xor x7=0x8000527e
000000007 RUNTIME_ONLY neutral retire case=00161 pc=0x8000527c opcode=addi x8=0x8000527b
000000008 RUNTIME_ONLY neutral retire case=00161 pc=0x80005280 opcode=lw x9=0x80005288
000000009 RUNTIME_ONLY neutral retire case=00161 pc=0x80005284 opcode=sw x10=0x8000528d
000000010 RUNTIME_ONLY neutral retire case=00161 pc=0x80005288 opcode=beq x11=0x80005282
000000011 RUNTIME_ONLY neutral retire case=00161 pc=0x8000528c opcode=csrrw x12=0x80005287
000000012 RUNTIME_ONLY neutral retire case=00161 pc=0x80005290 opcode=xor x13=0x8000529c
000000013 RUNTIME_ONLY neutral retire case=00161 pc=0x80005294 opcode=addi x14=0x80005299
000000014 RUNTIME_ONLY neutral retire case=00161 pc=0x80005298 opcode=lw x15=0x80005296
000000015 RUNTIME_ONLY neutral retire case=00161 pc=0x8000529c opcode=sw x16=0x80005293
000000016 RUNTIME_ONLY neutral retire case=00161 pc=0x800052a0 opcode=beq x17=0x800052b0
000000017 RUNTIME_ONLY neutral retire case=00161 pc=0x800052a4 opcode=csrrw x18=0x800052b5
000000018 RUNTIME_ONLY neutral retire case=00161 pc=0x800052a8 opcode=xor x19=0x800052ba
000000019 RUNTIME_ONLY neutral retire case=00161 pc=0x800052ac opcode=addi x20=0x800052bf
000000020 RUNTIME_ONLY neutral retire case=00161 pc=0x800052b0 opcode=lw x21=0x800052a4
000000021 RUNTIME_ONLY neutral retire case=00161 pc=0x800052b4 opcode=sw x22=0x800052a1
000000022 RUNTIME_ONLY neutral retire case=00161 pc=0x800052b8 opcode=beq x23=0x800052ae
000000023 RUNTIME_ONLY neutral retire case=00161 pc=0x800052bc opcode=csrrw x24=0x800052ab
000000024 RUNTIME_ONLY neutral retire case=00161 pc=0x800052c0 opcode=xor x25=0x800052d8
000000025 RUNTIME_ONLY neutral retire case=00161 pc=0x800052c4 opcode=addi x26=0x800052dd
000000026 RUNTIME_ONLY neutral retire case=00161 pc=0x800052c8 opcode=lw x27=0x800052d2
000000027 RUNTIME_ONLY neutral retire case=00161 pc=0x800052cc opcode=sw x28=0x800052d7
000000028 RUNTIME_ONLY neutral retire case=00161 pc=0x800052d0 opcode=beq x29=0x800052cc
000000029 RUNTIME_ONLY neutral retire case=00161 pc=0x800052d4 opcode=csrrw x30=0x800052c9
000000030 RUNTIME_ONLY neutral retire case=00161 pc=0x800052d8 opcode=xor x31=0x800052c6
000000031 RUNTIME_ONLY neutral retire case=00161 pc=0x800052dc opcode=addi x0=0x800052c3
000000032 RUNTIME_ONLY neutral retire case=00161 pc=0x800052e0 opcode=lw x1=0x800052c0
000000033 RUNTIME_ONLY neutral retire case=00161 pc=0x800052e4 opcode=sw x2=0x800052c5
000000034 RUNTIME_ONLY neutral retire case=00161 pc=0x800052e8 opcode=beq x3=0x800052ca
000000035 RUNTIME_ONLY neutral retire case=00161 pc=0x800052ec opcode=csrrw x4=0x800052cf
000000036 RUNTIME_ONLY neutral retire case=00161 pc=0x800052f0 opcode=xor x5=0x800052d4
000000037 RUNTIME_ONLY neutral retire case=00161 pc=0x800052f4 opcode=addi x6=0x800052d1
000000038 RUNTIME_ONLY neutral retire case=00161 pc=0x800052f8 opcode=lw x7=0x800052de
000000039 RUNTIME_ONLY neutral retire case=00161 pc=0x800052fc opcode=sw x8=0x800052db
000000040 RUNTIME_ONLY neutral retire case=00161 pc=0x80005300 opcode=beq x9=0x80005328
000000041 RUNTIME_ONLY neutral retire case=00161 pc=0x80005304 opcode=csrrw x10=0x8000532d
000000042 RUNTIME_ONLY neutral retire case=00161 pc=0x80005308 opcode=xor x11=0x80005322
000000043 RUNTIME_ONLY neutral retire case=00161 pc=0x8000530c opcode=addi x12=0x80005327
000000044 RUNTIME_ONLY neutral retire case=00161 pc=0x80005310 opcode=lw x13=0x8000533c
000000045 RUNTIME_ONLY neutral retire case=00161 pc=0x80005314 opcode=sw x14=0x80005339
000000046 RUNTIME_ONLY neutral retire case=00161 pc=0x80005318 opcode=beq x15=0x80005336
000000047 RUNTIME_ONLY neutral retire case=00161 pc=0x8000531c opcode=csrrw x16=0x80005333
000000048 RUNTIME_ONLY neutral retire case=00161 pc=0x80005320 opcode=xor x17=0x80005310
000000049 RUNTIME_ONLY neutral retire case=00161 pc=0x80005324 opcode=addi x18=0x80005315
000000050 RUNTIME_ONLY neutral retire case=00161 pc=0x80005328 opcode=lw x19=0x8000531a
000000051 RUNTIME_ONLY neutral retire case=00161 pc=0x8000532c opcode=sw x20=0x8000531f
000000052 RUNTIME_ONLY neutral retire case=00161 pc=0x80005330 opcode=beq x21=0x80005304
000000053 RUNTIME_ONLY neutral retire case=00161 pc=0x80005334 opcode=csrrw x22=0x80005301
000000054 RUNTIME_ONLY neutral retire case=00161 pc=0x80005338 opcode=xor x23=0x8000530e
000000055 RUNTIME_ONLY neutral retire case=00161 pc=0x8000533c opcode=addi x24=0x8000530b
000000056 RUNTIME_ONLY neutral retire case=00161 pc=0x80005340 opcode=lw x25=0x80005378
000000057 RUNTIME_ONLY neutral retire case=00161 pc=0x80005344 opcode=sw x26=0x8000537d
000000058 RUNTIME_ONLY neutral retire case=00161 pc=0x80005348 opcode=beq x27=0x80005372
000000059 RUNTIME_ONLY neutral retire case=00161 pc=0x8000534c opcode=csrrw x28=0x80005377
000000060 RUNTIME_ONLY neutral retire case=00161 pc=0x80005350 opcode=xor x29=0x8000536c
000000061 RUNTIME_ONLY neutral retire case=00161 pc=0x80005354 opcode=addi x30=0x80005369
000000062 RUNTIME_ONLY neutral retire case=00161 pc=0x80005358 opcode=lw x31=0x80005366
000000063 RUNTIME_ONLY neutral retire case=00161 pc=0x8000535c opcode=sw x0=0x80005363
000000064 RUNTIME_ONLY neutral retire case=00161 pc=0x80005360 opcode=beq x1=0x80005320
000000065 RUNTIME_ONLY neutral retire case=00161 pc=0x80005364 opcode=csrrw x2=0x80005325
000000066 RUNTIME_ONLY neutral retire case=00161 pc=0x80005368 opcode=xor x3=0x8000532a
000000067 RUNTIME_ONLY neutral retire case=00161 pc=0x8000536c opcode=addi x4=0x8000532f
000000068 RUNTIME_ONLY neutral retire case=00161 pc=0x80005370 opcode=lw x5=0x80005334
000000069 RUNTIME_ONLY neutral retire case=00161 pc=0x80005374 opcode=sw x6=0x80005331
000000070 RUNTIME_ONLY neutral retire case=00161 pc=0x80005378 opcode=beq x7=0x8000533e
000000071 RUNTIME_ONLY neutral retire case=00161 pc=0x8000537c opcode=csrrw x8=0x8000533b
000000072 RUNTIME_ONLY neutral retire case=00161 pc=0x80005380 opcode=xor x9=0x800053c8
000000073 RUNTIME_ONLY neutral retire case=00161 pc=0x80005384 opcode=addi x10=0x800053cd
000000074 RUNTIME_ONLY neutral retire case=00161 pc=0x80005388 opcode=lw x11=0x800053c2
