UVM_FATAL /runtime_only_unique_aabv.sv(1) @ 1: runtime_only_unique_failure_aabv normalization resistant timing marker
RUNTIME_ONLY_CASE=74 SOURCE_A=benchmark_set_2:3
Mismatch[1]:
ibex[653] : pc[80000ab2] remu x26,x17,x10: s10:0000005d
RUNTIME_ONLY_COMBINE SOURCE_B=benchmark_set_2:12
riscv_mem_error_test.0 : [FAILED]
000000000 RUNTIME_ONLY neutral retire case=00074 pc=0x800025dc opcode=sw x10=0x800025dc
000000001 RUNTIME_ONLY neutral retire case=00074 pc=0x800025e0 opcode=beq x11=0x800025e1
000000002 RUNTIME_ONLY neutral retire case=00074 pc=0x800025e4 opcode=csrrw x12=0x800025e6
000000003 RUNTIME_ONLY neutral retire case=00074 pc=0x800025e8 opcode=xor x13=0x800025eb
000000004 RUNTIME_ONLY neutral retire case=00074 pc=0x800025ec opcode=addi x14=0x800025e8
000000005 RUNTIME_ONLY neutral retire case=00074 pc=0x800025f0 opcode=lw x15=0x800025f5
000000006 RUNTIME_ONLY neutral retire case=00074 pc=0x800025f4 opcode=sw x16=0x800025f2
000000007 RUNTIME_ONLY neutral retire case=00074 pc=0x800025f8 opcode=beq x17=0x800025ff
000000008 RUNTIME_ONLY neutral retire case=00074 pc=0x800025fc opcode=csrrw x18=0x800025f4
000000009 RUNTIME_ONLY neutral retire case=00074 pc=0x80002600 opcode=xor x19=0x80002609
000000010 RUNTIME_ONLY neutral retire case=00074 pc=0x80002604 opcode=addi x20=0x8000260e
000000011 RUNTIME_ONLY neutral retire case=00074 pc=0x80002608 opcode=lw x21=0x80002603
000000012 RUNTIME_ONLY neutral retire case=00074 pc=0x8000260c opcode=sw x22=0x80002600
000000013 RUNTIME_ONLY neutral retire case=00074 pc=0x80002610 opcode=beq x23=0x8000261d
000000014 RUNTIME_ONLY neutral retire case=00074 pc=0x80002614 opcode=csrrw x24=0x8000261a
000000015 RUNTIME_ONLY neutral retire case=00074 pc=0x80002618 opcode=xor x25=0x80002617
000000016 RUNTIME_ONLY neutral retire case=00074 pc=0x8000261c opcode=addi x26=0x8000260c
000000017 RUNTIME_ONLY neutral retire case=00074 pc=0x80002620 opcode=lw x27=0x80002631
000000018 RUNTIME_ONLY neutral retire case=00074 pc=0x80002624 opcode=sw x28=0x80002636
000000019 RUNTIME_ONLY neutral retire case=00074 pc=0x80002628 opcode=beq x29=0x8000263b
000000020 RUNTIME_ONLY neutral retire case=00074 pc=0x8000262c opcode=csrrw x30=0x80002638
000000021 RUNTIME_ONLY neutral retire case=00074 pc=0x80002630 opcode=xor x31=0x80002625
000000022 RUNTIME_ONLY neutral retire case=00074 pc=0x80002634 opcode=addi x0=0x80002622
000000023 RUNTIME_ONLY neutral retire case=00074 pc=0x80002638 opcode=lw x1=0x8000262f
000000024 RUNTIME_ONLY neutral retire case=00074 pc=0x8000263c opcode=sw x2=0x80002624
000000025 RUNTIME_ONLY neutral retire case=00074 pc=0x80002640 opcode=beq x3=0x80002659
000000026 RUNTIME_ONLY neutral retire case=00074 pc=0x80002644 opcode=csrrw x4=0x8000265e
000000027 RUNTIME_ONLY neutral retire case=00074 pc=0x80002648 opcode=xor x5=0x80002653
000000028 RUNTIME_ONLY neutral retire case=00074 pc=0x8000264c opcode=addi x6=0x80002650
000000029 RUNTIME_ONLY neutral retire case=00074 pc=0x80002650 opcode=lw x7=0x8000264d
000000030 RUNTIME_ONLY neutral retire case=00074 pc=0x80002654 opcode=sw x8=0x8000264a
000000031 RUNTIME_ONLY neutral retire case=00074 pc=0x80002658 opcode=beq x9=0x80002647
000000032 RUNTIME_ONLY neutral retire case=00074 pc=0x8000265c opcode=csrrw x10=0x8000267c
000000033 RUNTIME_ONLY neutral retire case=00074 pc=0x80002660 opcode=xor x11=0x80002641
000000034 RUNTIME_ONLY neutral retire case=00074 pc=0x80002664 opcode=addi x12=0x80002646
000000035 RUNTIME_ONLY neutral retire case=00074 pc=0x80002668 opcode=lw x13=0x8000264b
000000036 RUNTIME_ONLY neutral retire case=00074 pc=0x8000266c opcode=sw x14=0x80002648
000000037 RUNTIME_ONLY neutral retire case=00074 pc=0x80002670 opcode=beq x15=0x80002655
000000038 RUNTIME_ONLY neutral retire case=00074 pc=0x80002674 opcode=csrrw x16=0x80002652
000000039 RUNTIME_ONLY neutral retire case=00074 pc=0x80002678 opcode=xor x17=0x8000265f
000000040 RUNTIME_ONLY neutral retire case=00074 pc=0x8000267c opcode=addi x18=0x80002654
000000041 RUNTIME_ONLY neutral retire case=00074 pc=0x80002680 opcode=lw x19=0x800026a9
000000042 RUNTIME_ONLY neutral retire case=00074 pc=0x80002684 opcode=sw x20=0x800026ae
000000043 RUNTIME_ONLY neutral retire case=00074 pc=0x80002688 opcode=beq x21=0x800026a3
000000044 RUNTIME_ONLY neutral retire case=00074 pc=0x8000268c opcode=csrrw x22=0x800026a0
000000045 RUNTIME_ONLY neutral retire case=00074 pc=0x80002690 opcode=xor x23=0x800026bd
000000046 RUNTIME_ONLY neutral retire case=00074 pc=0x80002694 opcode=addi x24=0x800026ba
000000047 RUNTIME_ONLY neutral retire case=00074 pc=0x80002698 opcode=lw x25=0x800026b7
000000048 RUNTIME_ONLY neutral retire case=00074 pc=0x8000269c opcode=sw x26=0x800026ac
000000049 RUNTIME_ONLY neutral retire case=00074 pc=0x800026a0 opcode=beq x27=0x80002691
000000050 RUNTIME_ONLY neutral retire case=00074 pc=0x800026a4 opcode=csrrw x28=0x80002696
000000051 RUNTIME_ONLY neutral retire case=00074 pc=0x800026a8 opcode=xor x29=0x8000269b
000000052 RUNTIME_ONLY neutral retire case=00074 pc=0x800026ac opcode=addi x30=0x80002698
000000053 RUNTIME_ONLY neutral retire case=00074 pc=0x800026b0 opcode=lw x31=0x80002685
000000054 RUNTIME_ONLY neutral retire case=00074 pc=0x800026b4 opcode=sw x0=0x80002682
000000055 RUNTIME_ONLY neutral retire case=00074 pc=0x800026b8 opcode=beq x1=0x8000268f
000000056 RUNTIME_ONLY neutral retire case=00074 pc=0x800026bc opcode=csrrw x2=0x80002684
000000057 RUNTIME_ONLY neutral retire case=00074 pc=0x800026c0 opcode=xor x3=0x800026f9
000000058 RUNTIME_ONLY neutral retire case=00074 pc=0x800026c4 opcode=addi x4=0x800026fe
000000059 RUNTIME_ONLY neutral retire case=00074 pc=0x800026c8 opcode=lw x5=0x800026f3
000000060 RUNTIME_ONLY neutral retire case=00074 pc=0x800026cc opcode=sw x6=0x800026f0
000000061 RUNTIME_ONLY neutral retire case=00074 pc=0x800026d0 opcode=beq x7=0x800026ed
000000062 RUNTIME_ONLY neutral retire case=00074 pc=0x800026d4 opcode=csrrw x8=0x800026ea
000000063 RUNTIME_ONLY neutral retire case=00074 pc=0x800026d8 opcode=xor x9=0x800026e7
000000064 RUNTIME_ONLY neutral retire case=00074 pc=0x800026dc opcode=addi x10=0x8000269c
000000065 RUNTIME_ONLY neutral retire case=00074 pc=0x800026e0 opcode=lw x11=0x800026a1
000000066 RUNTIME_ONLY neutral retire case=00074 pc=0x800026e4 opcode=sw x12=0x800026a6
000000067 RUNTIME_ONLY neutral retire case=00074 pc=0x800026e8 opcode=beq x13=0x800026ab
000000068 RUNTIME_ONLY neutral retire case=00074 pc=0x800026ec opcode=csrrw x14=0x800026a8
000000069 RUNTIME_ONLY neutral retire case=00074 pc=0x800026f0 opcode=xor x15=0x800026b5
000000070 RUNTIME_ONLY neutral retire case=00074 pc=0x800026f4 opcode=addi x16=0x800026b2
000000071 RUNTIME_ONLY neutral retire case=00074 pc=0x800026f8 opcode=lw x17=0x800026bf
000000072 RUNTIME_ONLY neutral retire case=00074 pc=0x800026fc opcode=sw x18=0x800026b4
000000073 RUNTIME_ONLY neutral retire case=00074 pc=0x80002700 opcode=beq x19=0x80002749
000000074 RUNTIME_ONLY neutral retire case=00074 pc=0x80002704 opcode=csrrw x20=0x8000274e
000000075 RUNTIME_ONLY neutral retire case=00074 pc=0x80002708 opcode=xor x21=0x80002743
