Time	Cycle	PC	Insn	Decoded instruction	Register and memory contents
           7869	       291	80000080	40001337	lui	x6,0x40001	  x6=0x40001000
           8069	       301	80000084	10630313	addi	x6,x6,262	  x6:0x40001000  x6=0x40001106
           8089	       302	80000088	30131073	csrrw	x0,misa,x6	  x6:0x40001106  x0=0x00000000
           8409	       318	8000008c	00026517	auipc	x10,0x26	 x10=0x8002608c
           8449	       320	80000090	c5850513	addi	x10,x10,-936	 x10:0x8002608c x10=0x80025ce4
           8469	       321	80000094	00002317	auipc	x6,0x2	  x6=0x80002094
           8589	       327	80000098	66c30313	addi	x6,x6,1644	  x6:0x80002094  x6=0x80002700
           8609	       328	8000009c	00136313	ori	x6,x6,1	  x6:0x80002700  x6=0x80002701
           8629	       329	800000a0	30531073	csrrw	x0,mtvec,x6	  x6:0x80002701  x0=0x00000000
           8689	       332	800000a4	74725073	csrrwi	x0,0x747,4	  x0=0x00000000
           8749	       335	800000a8	00003297	auipc	x5,0x3	  x5=0x800030a8
           8769	       336	800000ac	44428293	addi	x5,x5,1092	  x5:0x800030a8  x5=0x800034ec
           8789	       337	800000b0	4301	c.li	x6,0	  x6=0x00000000
           8809	       338	800000b2	929a	c.add	x5,x6	  x5:0x800034ec  x6:0x00000000  x5=0x800034ec
           8869	       341	800000b4	0022d293	srli	x5,x5,0x2	  x5:0x800034ec  x5=0x20000d3b
           9169	       356	800000b8	3b029073	csrrw	x0,pmpaddr0,x5	  x5:0x20000d3b  x0=0x00000000
           9329	       364	800000bc	00003297	auipc	x5,0x3	  x5=0x800030bc
           9369	       366	800000c0	43028293	addi	x5,x5,1072	  x5:0x800030bc  x5=0x800034ec
           9389	       367	800000c4	11111337	lui	x6,0x11111	  x6=0x11111000
           9809	       388	800000c8	11130313	addi	x6,x6,273	  x6:0x11111000  x6=0x11111111
           9829	       389	800000cc	929a	c.add	x5,x6	  x5:0x800034ec  x6:0x11111111  x5=0x911145fd
          10209	       408	800000ce	0022d293	srli	x5,x5,0x2	  x5:0x911145fd  x5=0x2444517f
          10229	       409	800000d2	3b129073	csrrw	x0,pmpaddr1,x5	  x5:0x2444517f  x0=0x00000000
          10289	       412	800000d6	00003297	auipc	x5,0x3	  x5=0x800030d6
          10309	       413	800000da	41628293	addi	x5,x5,1046	  x5:0x800030d6  x5=0x800034ec
          10409	       418	800000de	22222337	lui	x6,0x22222	  x6=0x22222000
          10429	       419	800000e2	22230313	addi	x6,x6,546	  x6:0x22222000  x6=0x22222222
          10449	       420	800000e6	929a	c.add	x5,x6	  x5:0x800034ec  x6:0x22222222  x5=0xa222570e
          10469	       421	800000e8	0022d293	srli	x5,x5,0x2	  x5:0xa222570e  x5=0x288895c3
          10489	       422	800000ec	3b229073	csrrw	x0,pmpaddr2,x5	  x5:0x288895c3  x0=0x00000000
          10549	       425	800000f0	00003297	auipc	x5,0x3	  x5=0x800030f0
          10569	       426	800000f4	3fc28293	addi	x5,x5,1020	  x5:0x800030f0  x5=0x800034ec
          10589	       427	800000f8	33333337	lui	x6,0x33333	  x6=0x33333000
          10769	       436	800000fc	33330313	addi	x6,x6,819	  x6:0x33333000  x6=0x33333333
          11189	       457	80000100	929a	c.add	x5,x6	  x5:0x800034ec  x6:0x33333333  x5=0xb333681f
          11369	       466	80000102	0022d293	srli	x5,x5,0x2	  x5:0xb333681f  x5=0x2cccda07
          11389	       467	80000106	3b329073	csrrw	x0,pmpaddr3,x5	  x5:0x2cccda07  x0=0x00000000
          11589	       477	8000010a	0f0f12b7	lui	x5,0xf0f1	  x5=0x0f0f1000
          11609	       478	8000010e	f0f28293	addi	x5,x5,-241	  x5:0x0f0f1000  x5=0x0f0f0f0f
          11649	       480	80000112	3a029073	csrrw	x0,pmpcfg0,x5	  x5:0x0f0f0f0f  x0=0x00000000
          11709	       483	80000116	00003297	auipc	x5,0x3	  x5=0x80003116
          12089	       502	8000011a	3d628293	addi	x5,x5,982	  x5:0x80003116  x5=0x800034ec
          12109	       503	8000011e	44444337	lui	x6,0x44444	  x6=0x44444000
          12249	       510	80000122	44430313	addi	x6,x6,1092	  x6:0x44444000  x6=0x44444444
          12269	       511	80000126	929a	c.add	x5,x6	  x5:0x800034ec  x6:0x44444444  x5=0xc4447930
          12289	       512	80000128	0022d293	srli	x5,x5,0x2	  x5:0xc4447930  x5=0x31111e4c
          12309	       513	8000012c	3b429073	csrrw	x0,pmpaddr4,x5	  x5:0x31111e4c  x0=0x00000000
          12369	       516	80000130	00003297	auipc	x5,0x3	  x5=0x80003130
          12489	       522	80000134	3bc28293	addi	x5,x5,956	  x5:0x80003130  x5=0x800034ec
          12609	       528	80000138	55555337	lui	x6,0x55555	  x6=0x55555000
          12729	       534	8000013c	55530313	addi	x6,x6,1365	  x6:0x55555000  x6=0x55555555
          13149	       555	80000140	929a	c.add	x5,x6	  x5:0x800034ec  x6:0x55555555  x5=0xd5558a41
          13169	       556	80000142	0022d293	srli	x5,x5,0x2	  x5:0xd5558a41  x5=0x35556290
          13369	       566	80000146	3b529073	csrrw	x0,pmpaddr5,x5	  x5:0x35556290  x0=0x00000000
          13489	       572	8000014a	00003297	auipc	x5,0x3	  x5=0x8000314a
          13869	       591	8000014e	3a228293	addi	x5,x5,930	  x5:0x8000314a  x5=0x800034ec
          13889	       592	80000152	66666337	lui	x6,0x66666	  x6=0x66666000
          13989	       597	80000156	66630313	addi	x6,x6,1638	  x6:0x66666000  x6=0x66666666
          14009	       598	8000015a	929a	c.add	x5,x6	  x5:0x800034ec  x6:0x66666666  x5=0xe6669b52
          14029	       599	8000015c	0022d293	srli	x5,x5,0x2	  x5:0xe6669b52  x5=0x3999a6d4
          14429	       619	80000160	3b629073	csrrw	x0,pmpaddr6,x5	  x5:0x3999a6d4  x0=0x00000000
          14489	       622	80000164	00003297	auipc	x5,0x3	  x5=0x80003164
          14509	       623	80000168	38828293	addi	x5,x5,904	  x5:0x80003164  x5=0x800034ec
          14529	       624	8000016c	77777337	lui	x6,0x77777	  x6=0x77777000
          14549	       625	80000170	77730313	addi	x6,x6,1911	  x6:0x77777000  x6=0x77777777
          14709	       633	80000174	929a	c.add	x5,x6	  x5:0x800034ec  x6:0x77777777  x5=0xf777ac63
          15129	       654	80000176	0022d293	srli	x5,x5,0x2	  x5:0xf777ac63  x5=0x3dddeb18
          15209	       658	8000017a	3b729073	csrrw	x0,pmpaddr7,x5	  x5:0x3dddeb18  x0=0x00000000
          15629	       679	8000017e	0f0f12b7	lui	x5,0xf0f1	  x5=0x0f0f1000
          15649	       680	80000182	f0f28293	addi	x5,x5,-241	  x5:0x0f0f1000  x5=0x0f0f0f0f
          15669	       681	80000186	3a129073	csrrw	x0,pmpcfg1,x5	  x5:0x0f0f0f0f  x0=0x00000000
          15869	       691	8000018a	00003297	auipc	x5,0x3	  x5=0x8000318a
          16249	       710	8000018e	36228293	addi	x5,x5,866	  x5:0x8000318a  x5=0x800034ec
          16269	       711	80000192	88889337	lui	x6,0x88889	  x6=0x88889000
          16469	       721	80000196	88830313	addi	x6,x6,-1912	  x6:0x88889000  x6=0x88888888
          16489	       722	8000019a	929a	c.add	x5,x6	  x5:0x800034ec  x6:0x88888888  x5=0x0888bd74
          16729	       734	8000019c	0022d293	srli	x5,x5,0x2	  x5:0x0888bd74  x5=0x02222f5d
          17149	       755	800001a0	3b829073	csrrw	x0,pmpaddr8,x5	  x5:0x02222f5d  x0=0x00000000
          17249	       760	800001a4	00003297	auipc	x5,0x3	  x5=0x800031a4
          17269	       761	800001a8	34828293	addi	x5,x5,840	  x5:0x800031a4  x5=0x800034ec
          17289	       762	800001ac	9999a337	lui	x6,0x9999a	  x6=0x9999a000
          17709	       783	800001b0	99930313	addi	x6,x6,-1639	  x6:0x9999a000  x6=0x99999999
          17729	       784	800001b4	929a	c.add	x5,x6	  x5:0x800034ec  x6:0x99999999  x5=0x1999ce85
          17749	       785	800001b6	0022d293	srli	x5,x5,0x2	  x5:0x1999ce85  x5=0x066673a1
          17769	       786	800001ba	3b929073	csrrw	x0,pmpaddr9,x5	  x5:0x066673a1  x0=0x00000000
          17909	       793	800001be	00003297	auipc	x5,0x3	  x5=0x800031be
          17969	       796	800001c2	32e28293	addi	x5,x5,814	  x5:0x800031be  x5=0x800034ec
          18029	       799	800001c6	aaaab337	lui	x6,0xaaaab	  x6=0xaaaab000
          18049	       800	800001ca	aaa30313	addi	x6,x6,-1366	  x6:0xaaaab000  x6=0xaaaaaaaa
          18069	       801	800001ce	929a	c.add	x5,x6	  x5:0x800034ec  x6:0xaaaaaaaa  x5=0x2aaadf96
          18469	       821	800001d0	0022d293	srli	x5,x5,0x2	  x5:0x2aaadf96  x5=0x0aaab7e5
          18549	       825	800001d4	3ba29073	csrrw	x0,pmpaddr10,x5	  x5:0x0aaab7e5  x0=0x00000000
          18609	       828	800001d8	00003297	auipc	x5,0x3	  x5=0x800031d8
          18629	       829	800001dc	31428293	addi	x5,x5,788	  x5:0x800031d8  x5=0x800034ec
          18649	       830	800001e0	bbbbc337	lui	x6,0xbbbbc	  x6=0xbbbbc000
          18669	       831	800001e4	bbb30313	addi	x6,x6,-1093	  x6:0xbbbbc000  x6=0xbbbbbbbb
          18749	       835	800001e8	929a	c.add	x5,x6	  x5:0x800034ec  x6:0xbbbbbbbb  x5=0x3bbbf0a7
          18869	       841	800001ea	0022d293	srli	x5,x5,0x2	  x5:0x3bbbf0a7  x5=0x0eeefc29
          18969	       846	800001ee	3bb29073	csrrw	x0,pmpaddr11,x5	  x5:0x0eeefc29  x0=0x00000000
          19029	       849	800001f2	0f0f12b7	lui	x5,0xf0f1	  x5=0x0f0f1000
          19049	       850	800001f6	f0f28293	addi	x5,x5,-241	  x5:0x0f0f1000  x5=0x0f0f0f0f
          19069	       851	800001fa	3a229073	csrrw	x0,pmpcfg2,x5	  x5:0x0f0f0f0f  x0=0x00000000
          19129	       854	800001fe	00003297	auipc	x5,0x3	  x5=0x800031fe
          19189	       857	80000202	2ee28293	addi	x5,x5,750	  x5:0x800031fe  x5=0x800034ec
          19729	       884	80000206	ccccd337	lui	x6,0xccccd	  x6=0xccccd000
          19749	       885	8000020a	ccc30313	addi	x6,x6,-820	  x6:0xccccd000  x6=0xcccccccc
          19769	       886	8000020e	929a	c.add	x5,x6	  x5:0x800034ec  x6:0xcccccccc  x5=0x4ccd01b8
          19789	       887	80000210	0022d293	srli	x5,x5,0x2	  x5:0x4ccd01b8  x5=0x1333406e
          20109	       903	80000214	3bc29073	csrrw	x0,pmpaddr12,x5	  x5:0x1333406e  x0=0x00000000
          20169	       906	80000218	00003297	auipc	x5,0x3	  x5=0x80003218
          20189	       907	8000021c	2d428293	addi	x5,x5,724	  x5:0x80003218  x5=0x800034ec
          20369	       916	80000220	dddde337	lui	x6,0xdddde	  x6=0xdddde000
          20389	       917	80000224	ddd30313	addi	x6,x6,-547	  x6:0xdddde000  x6=0xdddddddd
          20809	       938	80000228	929a	c.add	x5,x6	  x5:0x800034ec  x6:0xdddddddd  x5=0x5dde12c9
          21229	       959	8000022a	0022d293	srli	x5,x5,0x2	  x5:0x5dde12c9  x5=0x177784b2
          21389	       967	8000022e	3bd29073	csrrw	x0,pmpaddr13,x5	  x5:0x177784b2  x0=0x00000000
          21449	       970	80000232	00003297	auipc	x5,0x3	  x5=0x80003232
          21469	       971	80000236	2ba28293	addi	x5,x5,698	  x5:0x80003232  x5=0x800034ec
          21489	       972	8000023a	eeeef337	lui	x6,0xeeeef	  x6=0xeeeef000
          21589	       977	8000023e	eee30313	addi	x6,x6,-274	  x6:0xeeeef000  x6=0xeeeeeeee
          21609	       978	80000242	929a	c.add	x5,x6	  x5:0x800034ec  x6:0xeeeeeeee  x5=0x6eef23da
          21629	       979	80000244	0022d293	srli	x5,x5,0x2	  x5:0x6eef23da  x5=0x1bbbc8f6
          21649	       980	80000248	3be29073	csrrw	x0,pmpaddr14,x5	  x5:0x1bbbc8f6  x0=0x00000000
          22049	      1000	8000024c	00003297	auipc	x5,0x3	  x5=0x8000324c
          22169	      1006	80000250	2a028293	addi	x5,x5,672	  x5:0x8000324c  x5=0x800034ec
          22309	      1013	80000254	fff00313	addi	x6,x0,-1	  x0:0x00000000  x6=0xffffffff
          22349	      1015	80000258	929a	c.add	x5,x6	  x5:0x800034ec  x6:0xffffffff  x5=0x800034eb
          22369	      1016	8000025a	0022d293	srli	x5,x5,0x2	  x5:0x800034eb  x5=0x20000d3a
          22389	      1017	8000025e	3bf29073	csrrw	x0,pmpaddr15,x5	  x5:0x20000d3a  x0=0x00000000
          22449	      1020	80000262	0f0f12b7	lui	x5,0xf0f1	  x5=0x0f0f1000
          22469	      1021	80000266	f0f28293	addi	x5,x5,-241	  x5:0x0f0f1000  x5=0x0f0f0f0f
          22489	      1022	8000026a	3a329073	csrrw	x0,pmpcfg3,x5	  x5:0x0f0f0f0f  x0=0x00000000
          22869	      1041	8000026e	00000317	auipc	x6,0x0	  x6=0x8000026e
          22889	      1042	80000272	05830313	addi	x6,x6,88	  x6:0x8000026e  x6=0x800002c6
          23109	      1053	80000276	34131073	csrrw	x0,mepc,x6	  x6:0x800002c6  x0=0x00000000
          23229	      1059	8000027a	7c00d073	csrrwi	x0,0x7c0,1	  x0=0x00000000
          23289	      1062	8000027e	6309	c.lui	x6,0x2	  x6=0x00002000
          23309	      1063	80000280	80030313	addi	x6,x6,-2048	  x6:0x00002000  x6=0x00001800
          23669	      1081	80000284	30031073	csrrw	x0,mstatus,x6	  x6:0x00001800  x0=0x00000000
          23729	      1084	80000288	4301	c.li	x6,0	  x6=0x00000000
          23749	      1085	8000028a	30431073	csrrw	x0,mie,x6	  x6:0x00000000  x0=0x00000000
          24129	      1104	8000028e	900004b7	lui	x9,0x90000	  x9=0x90000000
          24149	      1105	80000292	14f1	c.addi	x9,-4	  x9:0x90000000  x9=0x8ffffffc
          24389	      1117	80000294	30000313	addi	x6,x0,768	  x0:0x00000000  x6=0x00000300
          24469	      1121	80000298	0322	c.slli	x6,0x8	  x6:0x00000300  x6=0x00030000
          24489	      1122	8000029a	030d	c.addi	x6,3	  x6:0x00030000  x6=0x00030003
          24929	      1144	8000029c	0064a023	sw	x6,0(x9)	  x9:0x8ffffffc  x6:0x00030003 PA:0x8ffffffc store:0x00030003
          24949	      1145	800002a0	30002373	csrrs	x6,mstatus,x0	  x0:0x00000000  x6=0x00001800
          24969	      1146	800002a4	0064a023	sw	x6,0(x9)	  x9:0x8ffffffc  x6:0x00001800 PA:0x8ffffffc store:0x00001800
          24989	      1147	800002a8	900004b7	lui	x9,0x90000	  x9=0x90000000
          25369	      1166	800002ac	14f1	c.addi	x9,-4	  x9:0x90000000  x9=0x8ffffffc
          25749	      1185	800002ae	30400313	addi	x6,x0,772	  x0:0x00000000  x6=0x00000304
          25769	      1186	800002b2	0322	c.slli	x6,0x8	  x6:0x00000304  x6=0x00030400
          25969	      1196	800002b4	030d	c.addi	x6,3	  x6:0x00030400  x6=0x00030403
          26369	      1216	800002b6	0064a023	sw	x6,0(x9)	  x9:0x8ffffffc  x6:0x00030403 PA:0x8ffffffc store:0x00030403
          26389	      1217	800002ba	30402373	csrrs	x6,mie,x0	  x0:0x00000000  x6=0x00000000
          26469	      1221	800002be	0064a023	sw	x6,0(x9)	  x9:0x8ffffffc  x6:0x00000000 PA:0x8ffffffc store:0x00000000
          26489	      1222	800002c2	30200073	mret	
          27649	      1280	800002c6	00000013	addi	x0,x0,0	  x0:0x00000000  x0=0x00000000
          27669	      1281	800002ca	4081	c.li	x1,0	  x1=0x00000000
          27689	      1282	800002cc	80000137	lui	x2,0x80000	  x2=0x80000000
          27749	      1285	800002d0	41ad	c.li	x3,11	  x3=0x0000000b
          27769	      1286	800002d2	ffd022b7	lui	x5,0xffd02	  x5=0xffd02000
          27949	      1295	800002d6	37a28293	addi	x5,x5,890	  x5:0xffd02000  x5=0xffd0237a
          27969	      1296	800002da	4301	c.li	x6,0	  x6=0x00000000
          28089	      1302	800002dc	43a5	c.li	x7,9	  x7=0x00000009
          28489	      1322	800002de	80000437	lui	x8,0x80000	  x8=0x80000000
          28909	      1343	800002e2	800004b7	lui	x9,0x80000	  x9=0x80000000
          28929	      1344	800002e6	45a9	c.li	x11,10	 x11=0x0000000a
          28949	      1345	800002e8	4621	c.li	x12,8	 x12=0x00000008
          29069	      1351	800002ea	38e796b7	lui	x13,0x38e79	 x13=0x38e79000
          29089	      1352	800002ee	f7868693	addi	x13,x13,-136	 x13:0x38e79000 x13=0x38e78f78
          29109	      1353	800002f2	472d	c.li	x14,11	 x14=0x0000000b
          29129	      1354	800002f4	800007b7	lui	x15,0x80000	 x15=0x80000000
          29149	      1355	800002f8	483d	c.li	x16,15	 x16=0x0000000f
          29169	      1356	800002fa	4889	c.li	x17,2	 x17=0x00000002
          29189	      1357	800002fc	353a5937	lui	x18,0x353a5	 x18=0x353a5000
          29709	      1383	80000300	06c90913	addi	x18,x18,108	 x18:0x353a5000 x18=0x353a506c
          29729	      1384	80000304	800009b7	lui	x19,0x80000	 x19=0x80000000
          29749	      1385	80000308	4a01	c.li	x20,0	 x20=0x00000000
          29769	      1386	8000030a	f99b9ab7	lui	x21,0xf99b9	 x21=0xf99b9000
          29889	      1392	8000030e	4c2a8a93	addi	x21,x21,1218	 x21:0xf99b9000 x21=0xf99b94c2
          30309	      1413	80000312	9b47ab37	lui	x22,0x9b47a	 x22=0x9b47a000
          30329	      1414	80000316	476b0b13	addi	x22,x22,1142	 x22:0x9b47a000 x22=0x9b47a476
          30349	      1415	8000031a	ba5cbbb7	lui	x23,0xba5cb	 x23=0xba5cb000
          30429	      1419	8000031e	53ab8b93	addi	x23,x23,1338	 x23:0xba5cb000 x23=0xba5cb53a
          30449	      1420	80000322	4c01	c.li	x24,0	 x24=0x00000000
          30469	      1421	80000324	b8cd4cb7	lui	x25,0xb8cd4	 x25=0xb8cd4000
          30549	      1425	80000328	e18c8c93	addi	x25,x25,-488	 x25:0xb8cd4000 x25=0xb8cd3e18
          30749	      1435	8000032c	fcec9d37	lui	x26,0xfcec9	 x26=0xfcec9000
          30969	      1446	80000330	1a6d0d13	addi	x26,x26,422	 x26:0xfcec9000 x26=0xfcec91a6
          30989	      1447	80000334	80000db7	lui	x27,0x80000	 x27=0x80000000
          31009	      1448	80000338	4e01	c.li	x28,0	 x28=0x00000000
          31049	      1450	8000033a	fe391eb7	lui	x29,0xfe391	 x29=0xfe391000
          31069	      1451	8000033e	a54e8e93	addi	x29,x29,-1452	 x29:0xfe391000 x29=0xfe390a54
          31089	      1452	80000342	4f0d	c.li	x30,3	 x30=0x00000003
          31369	      1466	80000344	80000fb7	lui	x31,0x80000	 x31=0x80000000
          31589	      1477	80000348	00022217	auipc	x4,0x22	  x4=0x80022348
          31769	      1486	8000034c	b1c20213	addi	x4,x4,-1252	  x4:0x80022348  x4=0x80021e64
          32189	      1507	80000350	900004b7	lui	x9,0x90000	  x9=0x90000000
          32489	      1522	80000354	14f1	c.addi	x9,-4	  x9:0x90000000  x9=0x8ffffffc
          32509	      1523	80000356	4301	c.li	x6,0	  x6=0x00000000
          32909	      1543	80000358	0322	c.slli	x6,0x8	  x6:0x00000000  x6=0x00000000
          32929	      1544	8000035a	00030313	addi	x6,x6,0	  x6:0x00000000  x6=0x00000000
          33429	      1569	8000035e	0064a023	sw	x6,0(x9)	  x9:0x8ffffffc  x6:0x00000000 PA:0x8ffffffc store:0x00000000
          41029	      1949	80000362	18a0306f	jal	x0,800034ec	  x0=0x00000000
          41109	      1953	800034ec	c88d	c.beqz	x9,8000351e	  x9:0x8ffffffc
          41149	      1955	800034ee	00be9863	bne	x29,x11,800034fe	 x29:0xfe390a54 x11:0x0000000a
          41469	      1971	800034fe	83e5	c.srli	x15,0x19	 x15:0x80000000 x15=0x00000040
          41769	      1986	80003500	0ff0000f	fence	iorw,iorw	
          41809	      1988	80003504	03ef9633	mulh	x12,x31,x30	 x31:0x80000000 x30:0x00000003 x12=0xfffffffe
          41829	      1989	80003508	8bd1	c.andi	x15,20	 x15:0x00000040 x15=0x00000000
          41849	      1990	8000350a	00625e13	srli	x28,x4,0x6	  x4:0x80021e64 x28=0x02000879
          42289	      2012	8000350e	0ff0000f	fence	iorw,iorw	
          42349	      2015	80003512	f02d2897	auipc	x17,0xf02d2	 x17=0x702d5512
          42489	      2022	80003516	08c1c893	xori	x17,x3,140	  x3:0x0000000b x17=0x00000087
          42529	      2024	8000351a	004f8db3	add	x27,x31,x4	 x31:0x80000000  x4:0x80021e64 x27=0x00021e64
          42549	      2025	8000351e	9956	c.add	x18,x21	 x18:0x353a506c x21:0xf99b94c2 x18=0x2ed5e52e
          42569	      2026	80003520	67c5	c.lui	x15,0x11	 x15=0x00011000
          42929	      2044	80003522	00b4a633	slt	x12,x9,x11	  x9:0x8ffffffc x11:0x0000000a x12=0x00000001
          42949	      2045	80003526	01ceaab3	slt	x21,x29,x28	 x29:0xfe390a54 x28:0x02000879 x21=0x00000001
          44089	      2102	8000352a	03e167b3	rem	x15,x2,x30	  x2:0x80000000 x30:0x00000003 x15=0xfffffffe
          44109	      2103	8000352e	09fe	c.slli	x19,0x1f	 x19:0x80000000 x19=0x00000000
          44129	      2104	80003530	008144b3	xor	x9,x2,x8	  x2:0x80000000  x8:0x80000000  x9=0x00000000
          44149	      2105	80003534	340bff73	csrrci	x30,mscratch,23	 x30=0x00000000
          44169	      2106	80003538	c605	c.beqz	x12,80003560	 x12:0x00000001
          44189	      2107	8000353a	0ff0000f	fence	iorw,iorw	
          44209	      2108	8000353e	ee1d	c.bnez	x12,8000357c	 x12:0x00000001
          44709	      2133	8000357c	c39d	c.beqz	x15,800035a2	 x15:0xfffffffe
          44729	      2134	8000357e	07f5	c.addi	x15,29	 x15:0xfffffffe x15=0x0000001b
          44909	      2143	80003580	81e9	c.srli	x11,0x1a	 x11:0x0000000a x11=0x00000000
          44929	      2144	80003582	65d60313	addi	x6,x12,1629	 x12:0x00000001  x6=0x0000065e
          45349	      2165	80003586	00ed81b3	add	x3,x27,x14	 x27:0x00021e64 x14:0x0000000b  x3=0x00021e6f
          45369	      2166	8000358a	015783b3	add	x7,x15,x21	 x15:0x0000001b x21:0x00000001  x7=0x0000001c
          45389	      2167	8000358e	9b97ca13	xori	x20,x15,-1607	 x15:0x0000001b x20=0xfffff9a2
          46329	      2214	80003592	028bfdb3	remu	x27,x23,x8	 x23:0xba5cb53a  x8:0x80000000 x27=0x3a5cb53a
          47069	      2251	80003596	0240d033	divu	x0,x1,x4	  x1:0x00000000  x4:0x80021e64  x0=0x00000000
          47089	      2252	8000359a	948a	c.add	x9,x2	  x9:0x00000000  x2:0x80000000  x9=0x80000000
          47109	      2253	8000359c	401e55b3	sra	x11,x28,x1	 x28:0x02000879  x1:0x00000000 x11=0x02000879
          47129	      2254	800035a0	6f05	c.lui	x30,0x1	 x30=0x00001000
          47149	      2255	800035a2	9f9e	c.add	x31,x7	 x31:0x80000000  x7:0x0000001c x31=0x8000001c
          47169	      2256	800035a4	717d	c.addi16sp	x2,-16	  x2:0x80000000  x2=0x7ffffff0
          47189	      2257	800035a6	1efd	c.addi	x29,-1	 x29:0xfe390a54 x29=0xfe390a53
          47209	      2258	800035a8	01ac48b3	xor	x17,x24,x26	 x24:0x00000000 x26:0xfcec91a6 x17=0xfcec91a6
          47949	      2295	800035ac	02bb7033	remu	x0,x22,x11	 x22:0x9b47a476 x11:0x02000879  x0=0x00000000
          47969	      2296	800035b0	41815f93	srai	x31,x2,0x18	  x2:0x7ffffff0 x31=0x0000007f
          47989	      2297	800035b4	0166d9b3	srl	x19,x13,x22	 x13:0x38e78f78 x22:0x9b47a476 x19=0x000000e3
          48009	      2298	800035b8	06cc4463	blt	x24,x12,80003620	 x24:0x00000000 x12:0x00000001
          48269	      2311	80003620	c815	c.beqz	x8,80003654	  x8:0x80000000
          48569	      2326	80003622	01965a13	srli	x20,x12,0x19	 x12:0x00000001 x20=0x00000000
          48989	      2347	80003626	00308d33	add	x26,x1,x3	  x1:0x00000000  x3:0x00021e6f x26=0x00021e6f
          49009	      2348	8000362a	84b5	c.srai	x9,0xd	  x9:0x80000000  x9=0xfffc0000
          49069	      2351	8000362c	950bf613	andi	x12,x23,-1712	 x23:0xba5cb53a x12=0xba5cb110
          49089	      2352	80003630	87e7d337	lui	x6,0x87e7d	  x6=0x87e7d000
          49109	      2353	80003634	00b95333	srl	x6,x18,x11	 x18:0x2ed5e52e x11:0x02000879  x6=0x00000017
          49129	      2354	80003638	031d9063	bne	x27,x17,80003658	 x27:0x3a5cb53a x17:0xfcec91a6
          50149	      2405	80003658	02398eb3	mul	x29,x19,x3	 x19:0x000000e3  x3:0x00021e6f x29=0x01e0fc6d
          50249	      2410	8000365c	8e29	c.xor	x12,x10	 x12:0xba5cb110 x10:0x80025ce4 x12=0x3a5eedf4
          50269	      2411	8000365e	676d	c.lui	x14,0x1b	 x14=0x0001b000
          50309	      2413	80003660	02e7beb3	mulhu	x29,x15,x14	 x15:0x0000001b x14:0x0001b000 x29=0x00000000
          50329	      2414	80003664	44652313	slti	x6,x10,1094	 x10:0x80025ce4  x6=0x00000001
          50449	      2420	80003668	05d7d263	bge	x15,x29,800036ac	 x15:0x0000001b x29:0x00000000
          51529	      2474	800036ac	081a	c.slli	x16,0x6	 x16:0x0000000f x16=0x000003c0
          52749	      2535	800036ae	02f6ffb3	remu	x31,x13,x15	 x13:0x38e78f78 x15:0x0000001b x31=0x00000019
          52769	      2536	800036b2	3405f173	csrrci	x2,mscratch,11	  x2=0x00000000
          52789	      2537	800036b6	1d0c	c.addi4spn	x11,x2,688	 x11=0x000002b0
          52809	      2538	800036b8	340d5e73	csrrwi	x28,mscratch,26	 x28=0x00000000
          52829	      2539	800036bc	41add493	srai	x9,x27,0x1a	 x27:0x3a5cb53a  x9=0x0000000e
          52849	      2540	800036c0	0d79	c.addi	x26,30	 x26:0x00021e6f x26=0x00021e8d
          52869	      2541	800036c2	03c5c063	blt	x11,x28,800036e2	 x11:0x000002b0 x28:0x00000000
          52889	      2542	800036c6	00269113	slli	x2,x13,0x2	 x13:0x38e78f78  x2=0xe39e3de0
          52909	      2543	800036ca	8009	c.srli	x8,0x2	  x8:0x80000000  x8=0x20000000
          53069	      2551	800036cc	8f99	c.sub	x15,x14	 x15:0x0000001b x14:0x0001b000 x15=0xfffe501b
          53089	      2552	800036ce	40ac8b33	sub	x22,x25,x10	 x25:0xb8cd3e18 x10:0x80025ce4 x22=0x38cae134
          53229	      2559	800036d2	02a91033	mulh	x0,x18,x10	 x18:0x2ed5e52e x10:0x80025ce4  x0=0x00000000
          53249	      2560	800036d6	038e1563	bne	x28,x24,80003700	 x28:0x00000000 x24:0x00000000
          53329	      2564	800036da	340a7ff3	csrrci	x31,mscratch,20	 x31=0x0000001a
          53349	      2565	800036de	0057a9b3	slt	x19,x15,x5	 x15:0xfffe501b  x5:0xffd0237a x19=0x00000000
          53369	      2566	800036e2	0e76	c.slli	x28,0x1d	 x28:0x00000000 x28=0x00000000
          53389	      2567	800036e4	05747363	bgeu	x8,x23,8000372a	  x8:0x20000000 x23:0xba5cb53a
          53409	      2568	800036e8	01fd7e63	bgeu	x26,x31,80003704	 x26:0x00021e8d x31:0x0000001a
          54349	      2615	80003704	020c7063	bgeu	x24,x0,80003724	 x24:0x00000000  x0:0x00000000
          54949	      2645	80003724	34003cf3	csrrc	x25,mscratch,x0	  x0:0x00000000 x25=0x0000000a
          55149	      2655	80003728	094d	c.addi	x18,19	 x18:0x2ed5e52e x18=0x2ed5e541
          55169	      2656	8000372a	8f9a	c.mv	x31,x6	  x0:0x00000000  x6:0x00000001 x31=0x00000001
          55189	      2657	8000372c	8f89	c.sub	x15,x10	 x15:0xfffe501b x10:0x80025ce4 x15=0x7ffbf337
          55349	      2665	8000372e	340eaf73	csrrs	x30,mscratch,x29	 x29:0x00000000 x30=0x0000000a
          55769	      2686	80003732	01741933	sll	x18,x8,x23	  x8:0x20000000 x23:0xba5cb53a x18=0x00000000
          55809	      2688	80003736	00cd0a63	beq	x26,x12,8000374a	 x26:0x00021e8d x12:0x3a5eedf4
          55829	      2689	8000373a	8cbd	c.xor	x9,x15	  x9:0x0000000e x15:0x7ffbf337  x9=0x7ffbf339
          55849	      2690	8000373c	ea344f93	xori	x31,x8,-349	  x8:0x20000000 x31=0xdffffea3
          55869	      2691	80003740	3f713693	sltiu	x13,x2,1015	  x2:0xe39e3de0 x13=0x00000000
          57009	      2748	80003744	03bb7a33	remu	x20,x22,x27	 x22:0x38cae134 x27:0x3a5cb53a x20=0x38cae134
          57029	      2749	80003748	8e6d	c.and	x12,x11	 x12:0x3a5eedf4 x11:0x000002b0 x12=0x000000b0
          57049	      2750	8000374a	00b9b033	sltu	x0,x19,x11	 x19:0x00000000 x11:0x000002b0  x0=0x00000000
          57069	      2751	8000374e	c59a8193	addi	x3,x21,-935	 x21:0x00000001  x3=0xfffffc5a
          57089	      2752	80003752	5ffd	c.li	x31,-1	 x31=0xffffffff
          57129	      2754	80003754	026fa633	mulhsu	x12,x31,x6	 x31:0xffffffff  x6:0x00000001 x12=0xffffffff
          57149	      2755	80003758	1e567837	lui	x16,0x1e567	 x16=0x1e567000
          57169	      2756	8000375c	01249593	slli	x11,x9,0x12	  x9:0x7ffbf339 x11=0xcce40000
          57349	      2765	80003760	0001	c.addi	x0,0	  x0:0x00000000  x0=0x00000000
          57369	      2766	80003762	f503cc93	xori	x25,x7,-176	  x7:0x0000001c x25=0xffffff4c
          57389	      2767	80003766	5a4ee593	ori	x11,x29,1444	 x29:0x00000000 x11=0x000005a4
          57409	      2768	8000376a	e885	c.bnez	x9,8000379a	  x9:0x7ffbf339
          57589	      2777	8000379a	8de5	c.and	x11,x9	 x11:0x000005a4  x9:0x7ffbf339 x11=0x00000120
          57729	      2784	8000379c	03f63333	mulhu	x6,x12,x31	 x12:0xffffffff x31:0xffffffff  x6=0xfffffffe
          57809	      2788	800037a0	83ed	c.srli	x15,0x1b	 x15:0x7ffbf337 x15=0x0000000f
          58229	      2809	800037a2	d830e613	ori	x12,x1,-637	  x1:0x00000000 x12=0xfffffd83
          58249	      2810	800037a6	40a65f93	srai	x31,x12,0xa	 x12:0xfffffd83 x31=0xffffffff
          58669	      2831	800037aa	01dedf63	bge	x29,x29,800037c8	 x29:0x00000000 x29:0x00000000
          58929	      2844	800037c8	81ea	c.mv	x3,x26	  x0:0x00000000 x26:0x00021e8d  x3=0x00021e8d
          59349	      2865	800037ca	34006d73	csrrsi	x26,mscratch,0	 x26=0x0000000a
          59489	      2872	800037ce	41145193	srai	x3,x8,0x11	  x8:0x20000000  x3=0x00001000
          59509	      2873	800037d2	34036af3	csrrsi	x21,mscratch,6	 x21=0x0000000a
          59529	      2874	800037d6	3c0b4d13	xori	x26,x22,960	 x22:0x38cae134 x26=0x38cae2f4
          59569	      2876	800037da	41ab8833	sub	x16,x23,x26	 x23:0xba5cb53a x26:0x38cae2f4 x16=0x8191d246
          59809	      2888	800037de	61270093	addi	x1,x14,1554	 x14:0x0001b000  x1=0x0001b612
          59829	      2889	800037e2	8e19	c.sub	x12,x14	 x12:0xfffffd83 x14:0x0001b000 x12=0xfffe4d83
          59849	      2890	800037e4	009ddf63	bge	x27,x9,80003802	 x27:0x3a5cb53a  x9:0x7ffbf339
          59869	      2891	800037e8	029c4f63	blt	x24,x9,80003826	 x24:0x00000000  x9:0x7ffbf339
          61129	      2954	80003826	d300af13	slti	x30,x1,-720	  x1:0x0001b612 x30=0x00000000
          61149	      2955	8000382a	41a3dab3	sra	x21,x7,x26	  x7:0x0000001c x26:0x38cae2f4 x21=0x00000000
          61169	      2956	8000382e	02500333	mul	x6,x0,x5	  x0:0x00000000  x5:0xffd0237a  x6=0x00000000
          61589	      2977	80003832	41185a33	sra	x20,x16,x17	 x16:0x8191d246 x17:0xfcec91a6 x20=0xfe064749
          62029	      2999	80003836	02333bb3	mulhu	x23,x6,x3	  x6:0x00000000  x3:0x00001000 x23=0x00000000
          62049	      3000	8000383a	0001	c.addi	x0,0	  x0:0x00000000  x0=0x00000000
          62429	      3019	8000383c	00951033	sll	x0,x10,x9	 x10:0x80025ce4  x9:0x7ffbf339  x0=0x00000000
          62849	      3040	80003840	340915f3	csrrw	x11,mscratch,x18	 x18:0x00000000 x11=0x0000000e
          62889	      3042	80003844	0100feb3	and	x29,x1,x16	  x1:0x0001b612 x16:0x8191d246 x29=0x00019202
          63009	      3048	80003848	01da0c33	add	x24,x20,x29	 x20:0xfe064749 x29:0x00019202 x24=0xfe07d94b
          63029	      3049	8000384c	6181f093	andi	x1,x3,1560	  x3:0x00001000  x1=0x00000000
          63349	      3065	80003850	8df5	c.and	x11,x13	 x11:0x0000000e x13:0x00000000 x11=0x00000000
          63389	      3067	80003852	02029263	bne	x5,x0,80003876	  x5:0xffd0237a  x0:0x00000000
          63869	      3091	80003876	022c1db3	mulh	x27,x24,x2	 x24:0xfe07d94b  x2:0xe39e3de0 x27=0x0037e4c0
          63889	      3092	8000387a	99c2	c.add	x19,x16	 x19:0x00000000 x16:0x8191d246 x19=0x8191d246
          63949	      3095	8000387c	8c39	c.xor	x8,x14	  x8:0x20000000 x14:0x0001b000  x8=0x2001b000
          64789	      3137	8000387e	0221e8b3	rem	x17,x3,x2	  x3:0x00001000  x2:0xe39e3de0 x17=0x00001000
          64809	      3138	80003882	00f1cf63	blt	x3,x15,800038a0	  x3:0x00001000 x15:0x0000000f
          64829	      3139	80003886	587d	c.li	x16,-1	 x16=0xffffffff
          64869	      3141	80003888	026ecab3	div	x21,x29,x6	 x29:0x00019202  x6:0x00000000 x21=0xffffffff
          64889	      3142	8000388c	8779	c.srai	x14,0x1e	 x14:0x0001b000 x14=0x00000000
          64909	      3143	8000388e	34079f73	csrrw	x30,mscratch,x15	 x15:0x0000000f x30=0x00000000
          65169	      3156	80003892	34003373	csrrc	x6,mscratch,x0	  x0:0x00000000  x6=0x0000000f
          65189	      3157	80003896	013dc833	xor	x16,x27,x19	 x27:0x0037e4c0 x19:0x8191d246 x16=0x81a63686
          65929	      3194	8000389a	0279e1b3	rem	x3,x19,x7	 x19:0x8191d246  x7:0x0000001c  x3=0xffffffe6
          65949	      3195	8000389e	89f5	c.andi	x11,29	 x11:0x00000000 x11=0x00000000
          65989	      3197	800038a0	03ec4333	div	x6,x24,x30	 x24:0xfe07d94b x30:0x00000000  x6=0xffffffff
          66009	      3198	800038a4	717d	c.addi16sp	x2,-16	  x2:0xe39e3de0  x2=0xe39e3dd0
          66029	      3199	800038a6	0afa	c.slli	x21,0x1e	 x21:0xffffffff x21=0xc0000000
          66049	      3200	800038a8	3405aa73	csrrs	x20,mscratch,x11	 x11:0x00000000 x20=0x0000000f
          66069	      3201	800038ac	8f25	c.xor	x14,x9	 x14:0x00000000  x9:0x7ffbf339 x14=0x7ffbf339
          66089	      3202	800038ae	93ca	c.add	x7,x18	  x7:0x0000001c x18:0x00000000  x7=0x0000001c
          66109	      3203	800038b0	fa2e7c93	andi	x25,x28,-94	 x28:0x00000000 x25=0x00000000
          66129	      3204	800038b4	0001	c.addi	x0,0	  x0:0x00000000  x0=0x00000000
          66169	      3206	800038b6	0204f563	bgeu	x9,x0,800038e0	  x9:0x7ffbf339  x0:0x00000000
          66829	      3239	800038e0	340fe973	csrrsi	x18,mscratch,31	 x18=0x0000000f
          66909	      3243	800038e4	e9516613	ori	x12,x2,-363	  x2:0xe39e3dd0 x12=0xffffffd5
          66929	      3244	800038e8	8fd1	c.or	x15,x12	 x15:0x0000000f x12:0xffffffd5 x15=0xffffffdf
          66949	      3245	800038ea	00622bb3	slt	x23,x4,x6	  x4:0x80021e64  x6:0xffffffff x23=0x00000001
          66969	      3246	800038ee	717d	c.addi16sp	x2,-16	  x2:0xe39e3dd0  x2=0xe39e3dc0
          67049	      3250	800038f0	717d	c.addi16sp	x2,-16	  x2:0xe39e3dc0  x2=0xe39e3db0
          67209	      3258	800038f2	c459f313	andi	x6,x19,-955	 x19:0x8191d246  x6=0x8191d044
          67229	      3259	800038f6	3403e3f3	csrrsi	x7,mscratch,7	  x7=0x0000001f
          67389	      3267	800038fa	02071db3	mulh	x27,x14,x0	 x14:0x7ffbf339  x0:0x00000000 x27=0x00000000
          67489	      3272	800038fe	ced86b37	lui	x22,0xced86	 x22=0xced86000
          67909	      3293	80003902	00729913	slli	x18,x5,0x7	  x5:0xffd0237a x18=0xe811bd00
          68189	      3307	80003906	03553a33	mulhu	x20,x10,x21	 x10:0x80025ce4 x21:0xc0000000 x20=0x6001c5ab
          77249	      3760	8000390a	bd283693	sltiu	x13,x16,-1070	 x16:0x81a63686 x13=0x00000001
          77269	      3761	8000390e	0001	c.addi	x0,0	  x0:0x00000000  x0=0x00000000
          77289	      3762	80003910	006edc93	srli	x25,x29,0x6	 x29:0x00019202 x25=0x00000648
          77309	      3763	80003914	03b8f863	bgeu	x17,x27,80003944	 x17:0x00001000 x27:0x00000000
          77909	      3793	80003944	97c2	c.add	x15,x16	 x15:0xffffffdf x16:0x81a63686 x15=0x81a63665
          77969	      3796	80003946	02d9b333	mulhu	x6,x19,x13	 x19:0x8191d246 x13:0x00000001  x6=0x00000000
          78209	      3808	8000394a	53386d93	ori	x27,x16,1331	 x16:0x81a63686 x27=0x81a637b7
          78349	      3815	8000394e	01aa7963	bgeu	x20,x26,80003960	 x20:0x6001c5ab x26:0x38cae2f4
          78749	      3835	80003960	010f68b3	or	x17,x30,x16	 x30:0x00000000 x16:0x81a63686 x17=0x81a63686
          78769	      3836	80003964	ffffd297	auipc	x5,0xffffd	  x5=0x80000964
          78809	      3838	80003968	a0228293	addi	x5,x5,-1534	  x5:0x80000964  x5=0x80000366
          78829	      3839	8000396c	00028067	jalr	x0,0(x5)	  x5:0x80000366  x0=0x00000000
          78929	      3844	80000366	900004b7	lui	x9,0x90000	  x9=0x90000000
          78949	      3845	8000036a	14e1	c.addi	x9,-8	  x9:0x90000000  x9=0x8ffffff8
          78969	      3846	8000036c	4301	c.li	x6,0	  x6=0x00000000
          78989	      3847	8000036e	0322	c.slli	x6,0x8	  x6:0x00000000  x6=0x00000000
          79009	      3848	80000370	0305	c.addi	x6,1	  x6:0x00000000  x6=0x00000001
          79069	      3851	80000372	0064a023	sw	x6,0(x9)	  x9:0x8ffffff8  x6:0x00000001 PA:0x8ffffff8 store:0x00000001
         116689	      5732	80000376	00000073	ecall	
         116789	      5737	80002700	0800006f	jal	x0,80002780	  x0=0x00000000
         117469	      5771	80002780	1571	c.addi	x10,-4	 x10:0x80025ce4 x10=0x80025ce0
         117929	      5794	80002782	00452023	sw	x4,0(x10)	 x10:0x80025ce0  x4:0x80021e64 PA:0x80025ce0 store:0x80021e64
         118309	      5813	80002786	00050233	add	x4,x10,x0	 x10:0x80025ce0  x0:0x00000000  x4=0x80025ce0
         118409	      5818	8000278a	f8020213	addi	x4,x4,-128	  x4:0x80025ce0  x4=0x80025c60
         118469	      5821	8000278e	00122223	sw	x1,4(x4)	  x4:0x80025c60  x1:0x00000000 PA:0x80025c64 store:0x00000000
         118669	      5831	80002792	00222423	sw	x2,8(x4)	  x4:0x80025c60  x2:0xe39e3db0 PA:0x80025c68 store:0xe39e3db0
         118689	      5832	80002796	00322623	sw	x3,12(x4)	  x4:0x80025c60  x3:0xffffffe6 PA:0x80025c6c store:0xffffffe6
         118729	      5834	8000279a	00422823	sw	x4,16(x4)	  x4:0x80025c60  x4:0x80025c60 PA:0x80025c70 store:0x80025c60
         118749	      5835	8000279e	00522a23	sw	x5,20(x4)	  x4:0x80025c60  x5:0x80000366 PA:0x80025c74 store:0x80000366
         118909	      5843	800027a2	00622c23	sw	x6,24(x4)	  x4:0x80025c60  x6:0x00000001 PA:0x80025c78 store:0x00000001
         119089	      5852	800027a6	00722e23	sw	x7,28(x4)	  x4:0x80025c60  x7:0x0000001f PA:0x80025c7c store:0x0000001f
         119449	      5870	800027aa	02822023	sw	x8,32(x4)	  x4:0x80025c60  x8:0x2001b000 PA:0x80025c80 store:0x2001b000
         119629	      5879	800027ae	02922223	sw	x9,36(x4)	  x4:0x80025c60  x9:0x8ffffff8 PA:0x80025c84 store:0x8ffffff8
         119689	      5882	800027b2	02a22423	sw	x10,40(x4)	  x4:0x80025c60 x10:0x80025ce0 PA:0x80025c88 store:0x80025ce0
         119709	      5883	800027b6	02b22623	sw	x11,44(x4)	  x4:0x80025c60 x11:0x00000000 PA:0x80025c8c store:0x00000000
         119929	      5894	800027ba	02c22823	sw	x12,48(x4)	  x4:0x80025c60 x12:0xffffffd5 PA:0x80025c90 store:0xffffffd5
         120329	      5914	800027be	02d22a23	sw	x13,52(x4)	  x4:0x80025c60 x13:0x00000001 PA:0x80025c94 store:0x00000001
         120469	      5921	800027c2	02e22c23	sw	x14,56(x4)	  x4:0x80025c60 x14:0x7ffbf339 PA:0x80025c98 store:0x7ffbf339
         120669	      5931	800027c6	02f22e23	sw	x15,60(x4)	  x4:0x80025c60 x15:0x81a63665 PA:0x80025c9c store:0x81a63665
         120769	      5936	800027ca	05022023	sw	x16,64(x4)	  x4:0x80025c60 x16:0x81a63686 PA:0x80025ca0 store:0x81a63686
         120789	      5937	800027ce	05122223	sw	x17,68(x4)	  x4:0x80025c60 x17:0x81a63686 PA:0x80025ca4 store:0x81a63686
         121409	      5968	800027d2	05222423	sw	x18,72(x4)	  x4:0x80025c60 x18:0xe811bd00 PA:0x80025ca8 store:0xe811bd00
         121529	      5974	800027d6	05322623	sw	x19,76(x4)	  x4:0x80025c60 x19:0x8191d246 PA:0x80025cac store:0x8191d246
         121689	      5982	800027da	05422823	sw	x20,80(x4)	  x4:0x80025c60 x20:0x6001c5ab PA:0x80025cb0 store:0x6001c5ab
         121729	      5984	800027de	05522a23	sw	x21,84(x4)	  x4:0x80025c60 x21:0xc0000000 PA:0x80025cb4 store:0xc0000000
         121749	      5985	800027e2	05622c23	sw	x22,88(x4)	  x4:0x80025c60 x22:0xced86000 PA:0x80025cb8 store:0xced86000
         121909	      5993	800027e6	05722e23	sw	x23,92(x4)	  x4:0x80025c60 x23:0x00000001 PA:0x80025cbc store:0x00000001
         122149	      6005	800027ea	07822023	sw	x24,96(x4)	  x4:0x80025c60 x24:0xfe07d94b PA:0x80025cc0 store:0xfe07d94b
         122189	      6007	800027ee	07922223	sw	x25,100(x4)	  x4:0x80025c60 x25:0x00000648 PA:0x80025cc4 store:0x00000648
         122409	      6018	800027f2	07a22423	sw	x26,104(x4)	  x4:0x80025c60 x26:0x38cae2f4 PA:0x80025cc8 store:0x38cae2f4
         122749	      6035	800027f6	07b22623	sw	x27,108(x4)	  x4:0x80025c60 x27:0x81a637b7 PA:0x80025ccc store:0x81a637b7
         123009	      6048	800027fa	07c22823	sw	x28,112(x4)	  x4:0x80025c60 x28:0x00000000 PA:0x80025cd0 store:0x00000000
         123029	      6049	800027fe	07d22a23	sw	x29,116(x4)	  x4:0x80025c60 x29:0x00019202 PA:0x80025cd4 store:0x00019202
         123169	      6056	80002802	07e22c23	sw	x30,120(x4)	  x4:0x80025c60 x30:0x00000000 PA:0x80025cd8 store:0x00000000
         123189	      6057	80002806	07f22e23	sw	x31,124(x4)	  x4:0x80025c60 x31:0xffffffff PA:0x80025cdc store:0xffffffff
         123209	      6058	8000280a	00020533	add	x10,x4,x0	  x4:0x80025c60  x0:0x00000000 x10=0x80025c60
         123229	      6059	8000280e	900004b7	lui	x9,0x90000	  x9=0x90000000
         123249	      6060	80002812	14f1	c.addi	x9,-4	  x9:0x90000000  x9=0x8ffffffc
         123269	      6061	80002814	4321	c.li	x6,8	  x6=0x00000008
         123289	      6062	80002816	0322	c.slli	x6,0x8	  x6:0x00000008  x6=0x00000800
         123309	      6063	80002818	00030313	addi	x6,x6,0	  x6:0x00000800  x6=0x00000800
         123429	      6069	8000281c	0064a023	sw	x6,0(x9)	  x9:0x8ffffffc  x6:0x00000800 PA:0x8ffffffc store:0x00000800
         123809	      6088	80002820	34102373	csrrs	x6,mepc,x0	  x0:0x00000000  x6=0x80000376
         123909	      6093	80002824	34202373	csrrs	x6,mcause,x0	  x0:0x00000000  x6=0x0000000b
         124189	      6107	80002828	448d	c.li	x9,3	  x9=0x00000003
         124209	      6108	8000282a	00931463	bne	x6,x9,80002832	  x6:0x0000000b  x9:0x00000003
         124989	      6147	80002832	44a1	c.li	x9,8	  x9=0x00000008
         125229	      6159	80002834	04930d63	beq	x6,x9,8000288e	  x6:0x0000000b  x9:0x00000008
         125409	      6168	80002838	44a5	c.li	x9,9	  x9=0x00000009
         125429	      6169	8000283a	04930a63	beq	x6,x9,8000288e	  x6:0x0000000b  x9:0x00000009
         125449	      6170	8000283e	44ad	c.li	x9,11	  x9=0x0000000b
         125469	      6171	80002840	04930763	beq	x6,x9,8000288e	  x6:0x0000000b  x9:0x0000000b
         125949	      6195	8000288e	900004b7	lui	x9,0x90000	  x9=0x90000000
         125969	      6196	80002892	14f1	c.addi	x9,-4	  x9:0x90000000  x9=0x8ffffffc
         125989	      6197	80002894	6305	c.lui	x6,0x1	  x6=0x00001000
         126229	      6209	80002896	b0030313	addi	x6,x6,-1280	  x6:0x00001000  x6=0x00000b00
         126249	      6210	8000289a	0322	c.slli	x6,0x8	  x6:0x00000b00  x6=0x000b0000
         126269	      6211	8000289c	030d	c.addi	x6,3	  x6:0x000b0000  x6=0x000b0003
         126429	      6219	8000289e	0064a023	sw	x6,0(x9)	  x9:0x8ffffffc  x6:0x000b0003 PA:0x8ffffffc store:0x000b0003
         126449	      6220	800028a2	b0002373	csrrs	x6,mcycle,x0	  x0:0x00000000  x6=0x00001849
         126709	      6233	800028a6	0064a023	sw	x6,0(x9)	  x9:0x8ffffffc  x6:0x00001849 PA:0x8ffffffc store:0x00001849
         126729	      6234	800028aa	900004b7	lui	x9,0x90000	  x9=0x90000000
         126749	      6235	800028ae	14f1	c.addi	x9,-4	  x9:0x90000000  x9=0x8ffffffc
         126769	      6236	800028b0	6305	c.lui	x6,0x1	  x6=0x00001000
         126789	      6237	800028b2	b8030313	addi	x6,x6,-1152	  x6:0x00001000  x6=0x00000b80
         126809	      6238	800028b6	0322	c.slli	x6,0x8	  x6:0x00000b80  x6=0x000b8000
         126829	      6239	800028b8	030d	c.addi	x6,3	  x6:0x000b8000  x6=0x000b8003
         127129	      6254	800028ba	0064a023	sw	x6,0(x9)	  x9:0x8ffffffc  x6:0x000b8003 PA:0x8ffffffc store:0x000b8003
         127149	      6255	800028be	b8002373	csrrs	x6,mcycleh,x0	  x0:0x00000000  x6=0x00000000
         127209	      6258	800028c2	0064a023	sw	x6,0(x9)	  x9:0x8ffffffc  x6:0x00000000 PA:0x8ffffffc store:0x00000000
         127229	      6259	800028c6	900004b7	lui	x9,0x90000	  x9=0x90000000
         127249	      6260	800028ca	14f1	c.addi	x9,-4	  x9:0x90000000  x9=0x8ffffffc
         127269	      6261	800028cc	6305	c.lui	x6,0x1	  x6=0x00001000
         127469	      6271	800028ce	b0330313	addi	x6,x6,-1277	  x6:0x00001000  x6=0x00000b03
         127489	      6272	800028d2	0322	c.slli	x6,0x8	  x6:0x00000b03  x6=0x000b0300
         127529	      6274	800028d4	030d	c.addi	x6,3	  x6:0x000b0300  x6=0x000b0303
         127589	      6277	800028d6	0064a023	sw	x6,0(x9)	  x9:0x8ffffffc  x6:0x000b0303 PA:0x8ffffffc store:0x000b0303
         127729	      6284	800028da	b0302373	csrrs	x6,mhpmcounter3,x0	  x0:0x00000000  x6=0x00000064
         127969	      6296	800028de	0064a023	sw	x6,0(x9)	  x9:0x8ffffffc  x6:0x00000064 PA:0x8ffffffc store:0x00000064
         127989	      6297	800028e2	900004b7	lui	x9,0x90000	  x9=0x90000000
         128009	      6298	800028e6	14f1	c.addi	x9,-4	  x9:0x90000000  x9=0x8ffffffc
         128029	      6299	800028e8	6305	c.lui	x6,0x1	  x6=0x00001000
         128049	      6300	800028ea	b8330313	addi	x6,x6,-1149	  x6:0x00001000  x6=0x00000b83
         128069	      6301	800028ee	0322	c.slli	x6,0x8	  x6:0x00000b83  x6=0x000b8300
         128089	      6302	800028f0	030d	c.addi	x6,3	  x6:0x000b8300  x6=0x000b8303
         128309	      6313	800028f2	0064a023	sw	x6,0(x9)	  x9:0x8ffffffc  x6:0x000b8303 PA:0x8ffffffc store:0x000b8303
         128349	      6315	800028f6	b8302373	csrrs	x6,mhpmcounter3h,x0	  x0:0x00000000  x6=0x00000000
         128449	      6320	800028fa	0064a023	sw	x6,0(x9)	  x9:0x8ffffffc  x6:0x00000000 PA:0x8ffffffc store:0x00000000
         128589	      6327	800028fe	900004b7	lui	x9,0x90000	  x9=0x90000000
         128609	      6328	80002902	14f1	c.addi	x9,-4	  x9:0x90000000  x9=0x8ffffffc
         128789	      6337	80002904	6305	c.lui	x6,0x1	  x6=0x00001000
         128849	      6340	80002906	b0430313	addi	x6,x6,-1276	  x6:0x00001000  x6=0x00000b04
         128869	      6341	8000290a	0322	c.slli	x6,0x8	  x6:0x00000b04  x6=0x000b0400
         129029	      6349	8000290c	030d	c.addi	x6,3	  x6:0x000b0400  x6=0x000b0403
         129309	      6363	8000290e	0064a023	sw	x6,0(x9)	  x9:0x8ffffffc  x6:0x000b0403 PA:0x8ffffffc store:0x000b0403
         129329	      6364	80002912	b0402373	csrrs	x6,mhpmcounter4,x0	  x0:0x00000000  x6=0x00000918
         129509	      6373	80002916	0064a023	sw	x6,0(x9)	  x9:0x8ffffffc  x6:0x00000918 PA:0x8ffffffc store:0x00000918
         129649	      6380	8000291a	900004b7	lui	x9,0x90000	  x9=0x90000000
         129669	      6381	8000291e	14f1	c.addi	x9,-4	  x9:0x90000000  x9=0x8ffffffc
         130009	      6398	80002920	6305	c.lui	x6,0x1	  x6=0x00001000
         130029	      6399	80002922	b8430313	addi	x6,x6,-1148	  x6:0x00001000  x6=0x00000b84
         130049	      6400	80002926	0322	c.slli	x6,0x8	  x6:0x00000b84  x6=0x000b8400
         130069	      6401	80002928	030d	c.addi	x6,3	  x6:0x000b8400  x6=0x000b8403
         130529	      6424	8000292a	0064a023	sw	x6,0(x9)	  x9:0x8ffffffc  x6:0x000b8403 PA:0x8ffffffc store:0x000b8403
         130549	      6425	8000292e	b8402373	csrrs	x6,mhpmcounter4h,x0	  x0:0x00000000  x6=0x00000000
         130609	      6428	80002932	0064a023	sw	x6,0(x9)	  x9:0x8ffffffc  x6:0x00000000 PA:0x8ffffffc store:0x00000000
         130629	      6429	80002936	900004b7	lui	x9,0x90000	  x9=0x90000000
         130649	      6430	8000293a	14f1	c.addi	x9,-4	  x9:0x90000000  x9=0x8ffffffc
         130669	      6431	8000293c	6305	c.lui	x6,0x1	  x6=0x00001000
         130689	      6432	8000293e	b0530313	addi	x6,x6,-1275	  x6:0x00001000  x6=0x00000b05
         130709	      6433	80002942	0322	c.slli	x6,0x8	  x6:0x00000b05  x6=0x000b0500
         130729	      6434	80002944	030d	c.addi	x6,3	  x6:0x000b0500  x6=0x000b0503
         130789	      6437	80002946	0064a023	sw	x6,0(x9)	  x9:0x8ffffffc  x6:0x000b0503 PA:0x8ffffffc store:0x000b0503
         131109	      6453	8000294a	b0502373	csrrs	x6,mhpmcounter5,x0	  x0:0x00000000  x6=0x00000000
         131309	      6463	8000294e	0064a023	sw	x6,0(x9)	  x9:0x8ffffffc  x6:0x00000000 PA:0x8ffffffc store:0x00000000
         131329	      6464	80002952	900004b7	lui	x9,0x90000	  x9=0x90000000
         131349	      6465	80002956	14f1	c.addi	x9,-4	  x9:0x90000000  x9=0x8ffffffc
         131369	      6466	80002958	6305	c.lui	x6,0x1	  x6=0x00001000
         131389	      6467	8000295a	b8530313	addi	x6,x6,-1147	  x6:0x00001000  x6=0x00000b85
         131409	      6468	8000295e	0322	c.slli	x6,0x8	  x6:0x00000b85  x6=0x000b8500
         131729	      6484	80002960	030d	c.addi	x6,3	  x6:0x000b8500  x6=0x000b8503
         131909	      6493	80002962	0064a023	sw	x6,0(x9)	  x9:0x8ffffffc  x6:0x000b8503 PA:0x8ffffffc store:0x000b8503
         131929	      6494	80002966	b8502373	csrrs	x6,mhpmcounter5h,x0	  x0:0x00000000  x6=0x00000000
         131989	      6497	8000296a	0064a023	sw	x6,0(x9)	  x9:0x8ffffffc  x6:0x00000000 PA:0x8ffffffc store:0x00000000
         132009	      6498	8000296e	900004b7	lui	x9,0x90000	  x9=0x90000000
         132029	      6499	80002972	14f1	c.addi	x9,-4	  x9:0x90000000  x9=0x8ffffffc
         132049	      6500	80002974	6305	c.lui	x6,0x1	  x6=0x00001000
         132069	      6501	80002976	b0630313	addi	x6,x6,-1274	  x6:0x00001000  x6=0x00000b06
         132089	      6502	8000297a	0322	c.slli	x6,0x8	  x6:0x00000b06  x6=0x000b0600
         132269	      6511	8000297c	030d	c.addi	x6,3	  x6:0x000b0600  x6=0x000b0603
         132809	      6538	8000297e	0064a023	sw	x6,0(x9)	  x9:0x8ffffffc  x6:0x000b0603 PA:0x8ffffffc store:0x000b0603
         132829	      6539	80002982	b0602373	csrrs	x6,mhpmcounter6,x0	  x0:0x00000000  x6=0x00000038
         132889	      6542	80002986	0064a023	sw	x6,0(x9)	  x9:0x8ffffffc  x6:0x00000038 PA:0x8ffffffc store:0x00000038
         132909	      6543	8000298a	900004b7	lui	x9,0x90000	  x9=0x90000000
         132929	      6544	8000298e	14f1	c.addi	x9,-4	  x9:0x90000000  x9=0x8ffffffc
         132949	      6545	80002990	6305	c.lui	x6,0x1	  x6=0x00001000
         132969	      6546	80002992	b8630313	addi	x6,x6,-1146	  x6:0x00001000  x6=0x00000b86
         132989	      6547	80002996	0322	c.slli	x6,0x8	  x6:0x00000b86  x6=0x000b8600
         133009	      6548	80002998	030d	c.addi	x6,3	  x6:0x000b8600  x6=0x000b8603
         133269	      6561	8000299a	0064a023	sw	x6,0(x9)	  x9:0x8ffffffc  x6:0x000b8603 PA:0x8ffffffc store:0x000b8603
         133429	      6569	8000299e	b8602373	csrrs	x6,mhpmcounter6h,x0	  x0:0x00000000  x6=0x00000000
         133689	      6582	800029a2	0064a023	sw	x6,0(x9)	  x9:0x8ffffffc  x6:0x00000000 PA:0x8ffffffc store:0x00000000
         133709	      6583	800029a6	900004b7	lui	x9,0x90000	  x9=0x90000000
         133729	      6584	800029aa	14f1	c.addi	x9,-4	  x9:0x90000000  x9=0x8ffffffc
         133749	      6585	800029ac	6305	c.lui	x6,0x1	  x6=0x00001000
         133769	      6586	800029ae	b0730313	addi	x6,x6,-1273	  x6:0x00001000  x6=0x00000b07
         133789	      6587	800029b2	0322	c.slli	x6,0x8	  x6:0x00000b07  x6=0x000b0700
         133989	      6597	800029b4	030d	c.addi	x6,3	  x6:0x000b0700  x6=0x000b0703
         134049	      6600	800029b6	0064a023	sw	x6,0(x9)	  x9:0x8ffffffc  x6:0x000b0703 PA:0x8ffffffc store:0x000b0703
         134109	      6603	800029ba	b0702373	csrrs	x6,mhpmcounter7,x0	  x0:0x00000000  x6=0x00000003
         134429	      6619	800029be	0064a023	sw	x6,0(x9)	  x9:0x8ffffffc  x6:0x00000003 PA:0x8ffffffc store:0x00000003
         134449	      6620	800029c2	900004b7	lui	x9,0x90000	  x9=0x90000000
         134469	      6621	800029c6	14f1	c.addi	x9,-4	  x9:0x90000000  x9=0x8ffffffc
         134489	      6622	800029c8	6305	c.lui	x6,0x1	  x6=0x00001000
         134589	      6627	800029ca	b8730313	addi	x6,x6,-1145	  x6:0x00001000  x6=0x00000b87
         134609	      6628	800029ce	0322	c.slli	x6,0x8	  x6:0x00000b87  x6=0x000b8700
         134629	      6629	800029d0	030d	c.addi	x6,3	  x6:0x000b8700  x6=0x000b8703
         135009	      6648	800029d2	0064a023	sw	x6,0(x9)	  x9:0x8ffffffc  x6:0x000b8703 PA:0x8ffffffc store:0x000b8703
         135029	      6649	800029d6	b8702373	csrrs	x6,mhpmcounter7h,x0	  x0:0x00000000  x6=0x00000000
         135109	      6653	800029da	0064a023	sw	x6,0(x9)	  x9:0x8ffffffc  x6:0x00000000 PA:0x8ffffffc store:0x00000000
         135229	      6659	800029de	900004b7	lui	x9,0x90000	  x9=0x90000000
         135249	      6660	800029e2	14f1	c.addi	x9,-4	  x9:0x90000000  x9=0x8ffffffc
         135269	      6661	800029e4	6305	c.lui	x6,0x1	  x6=0x00001000
         135289	      6662	800029e6	b0830313	addi	x6,x6,-1272	  x6:0x00001000  x6=0x00000b08
         135309	      6663	800029ea	0322	c.slli	x6,0x8	  x6:0x00000b08  x6=0x000b0800
         135329	      6664	800029ec	030d	c.addi	x6,3	  x6:0x000b0800  x6=0x000b0803
         135409	      6668	800029ee	0064a023	sw	x6,0(x9)	  x9:0x8ffffffc  x6:0x000b0803 PA:0x8ffffffc store:0x000b0803
         135509	      6673	800029f2	b0802373	csrrs	x6,mhpmcounter8,x0	  x0:0x00000000  x6=0x0000001c
         135889	      6692	800029f6	0064a023	sw	x6,0(x9)	  x9:0x8ffffffc  x6:0x0000001c PA:0x8ffffffc store:0x0000001c
         136169	      6706	800029fa	900004b7	lui	x9,0x90000	  x9=0x90000000
         136189	      6707	800029fe	14f1	c.addi	x9,-4	  x9:0x90000000  x9=0x8ffffffc
         136209	      6708	80002a00	6305	c.lui	x6,0x1	  x6=0x00001000
         136229	      6709	80002a02	b8830313	addi	x6,x6,-1144	  x6:0x00001000  x6=0x00000b88
         136249	      6710	80002a06	0322	c.slli	x6,0x8	  x6:0x00000b88  x6=0x000b8800
         136289	      6712	80002a08	030d	c.addi	x6,3	  x6:0x000b8800  x6=0x000b8803
         136909	      6743	80002a0a	0064a023	sw	x6,0(x9)	  x9:0x8ffffffc  x6:0x000b8803 PA:0x8ffffffc store:0x000b8803
         136929	      6744	80002a0e	b8802373	csrrs	x6,mhpmcounter8h,x0	  x0:0x00000000  x6=0x00000000
         136989	      6747	80002a12	0064a023	sw	x6,0(x9)	  x9:0x8ffffffc  x6:0x00000000 PA:0x8ffffffc store:0x00000000
         137009	      6748	80002a16	900004b7	lui	x9,0x90000	  x9=0x90000000
         137029	      6749	80002a1a	14f1	c.addi	x9,-4	  x9:0x90000000  x9=0x8ffffffc
         137249	      6760	80002a1c	6305	c.lui	x6,0x1	  x6=0x00001000
         137269	      6761	80002a1e	b0930313	addi	x6,x6,-1271	  x6:0x00001000  x6=0x00000b09
         137289	      6762	80002a22	0322	c.slli	x6,0x8	  x6:0x00000b09  x6=0x000b0900
         137449	      6770	80002a24	030d	c.addi	x6,3	  x6:0x000b0900  x6=0x000b0903
         137509	      6773	80002a26	0064a023	sw	x6,0(x9)	  x9:0x8ffffffc  x6:0x000b0903 PA:0x8ffffffc store:0x000b0903
         137529	      6774	80002a2a	b0902373	csrrs	x6,mhpmcounter9,x0	  x0:0x00000000  x6=0x00000010
         138329	      6814	80002a2e	0064a023	sw	x6,0(x9)	  x9:0x8ffffffc  x6:0x00000010 PA:0x8ffffffc store:0x00000010
         138349	      6815	80002a32	900004b7	lui	x9,0x90000	  x9=0x90000000
         138369	      6816	80002a36	14f1	c.addi	x9,-4	  x9:0x90000000  x9=0x8ffffffc
         138389	      6817	80002a38	6305	c.lui	x6,0x1	  x6=0x00001000
         138409	      6818	80002a3a	b8930313	addi	x6,x6,-1143	  x6:0x00001000  x6=0x00000b89
         138429	      6819	80002a3e	0322	c.slli	x6,0x8	  x6:0x00000b89  x6=0x000b8900
         138449	      6820	80002a40	030d	c.addi	x6,3	  x6:0x000b8900  x6=0x000b8903
         138849	      6840	80002a42	0064a023	sw	x6,0(x9)	  x9:0x8ffffffc  x6:0x000b8903 PA:0x8ffffffc store:0x000b8903
         138869	      6841	80002a46	b8902373	csrrs	x6,mhpmcounter9h,x0	  x0:0x00000000  x6=0x00000000
         139129	      6854	80002a4a	0064a023	sw	x6,0(x9)	  x9:0x8ffffffc  x6:0x00000000 PA:0x8ffffffc store:0x00000000
         139149	      6855	80002a4e	900004b7	lui	x9,0x90000	  x9=0x90000000
         139169	      6856	80002a52	14f1	c.addi	x9,-4	  x9:0x90000000  x9=0x8ffffffc
         139189	      6857	80002a54	6305	c.lui	x6,0x1	  x6=0x00001000
         139209	      6858	80002a56	b0a30313	addi	x6,x6,-1270	  x6:0x00001000  x6=0x00000b0a
         139229	      6859	80002a5a	0322	c.slli	x6,0x8	  x6:0x00000b0a  x6=0x000b0a00
         139269	      6861	80002a5c	030d	c.addi	x6,3	  x6:0x000b0a00  x6=0x000b0a03
         139809	      6888	80002a5e	0064a023	sw	x6,0(x9)	  x9:0x8ffffffc  x6:0x000b0a03 PA:0x8ffffffc store:0x000b0a03
         139829	      6889	80002a62	b0a02373	csrrs	x6,mhpmcounter10,x0	  x0:0x00000000  x6=0x000000b0
         139929	      6894	80002a66	0064a023	sw	x6,0(x9)	  x9:0x8ffffffc  x6:0x000000b0 PA:0x8ffffffc store:0x000000b0
         139949	      6895	80002a6a	900004b7	lui	x9,0x90000	  x9=0x90000000
         139969	      6896	80002a6e	14f1	c.addi	x9,-4	  x9:0x90000000  x9=0x8ffffffc
         139989	      6897	80002a70	6305	c.lui	x6,0x1	  x6=0x00001000
         140129	      6904	80002a72	b8a30313	addi	x6,x6,-1142	  x6:0x00001000  x6=0x00000b8a
         140149	      6905	80002a76	0322	c.slli	x6,0x8	  x6:0x00000b8a  x6=0x000b8a00
         140169	      6906	80002a78	030d	c.addi	x6,3	  x6:0x000b8a00  x6=0x000b8a03
         140229	      6909	80002a7a	0064a023	sw	x6,0(x9)	  x9:0x8ffffffc  x6:0x000b8a03 PA:0x8ffffffc store:0x000b8a03
         140249	      6910	80002a7e	b8a02373	csrrs	x6,mhpmcounter10h,x0	  x0:0x00000000  x6=0x00000000
