UVM_FATAL /runtime_only_unique_aahz.sv(1) @ 1: runtime_only_unique_failure_aahz normalization resistant timing marker
RUNTIME_ONLY_CASE=234 SOURCE_A=benchmark_set_2:3
Mismatch[1]:
ibex[653] : pc[80000ab2] remu x26,x17,x10: s10:0000005d
RUNTIME_ONLY_COMBINE SOURCE_B=benchmark_set_2:12
riscv_mem_error_test.0 : [FAILED]
000000000 RUNTIME_ONLY neutral retire case=00234 pc=0x800077bc opcode=addi x10=0x800077bc
000000001 RUNTIME_ONLY neutral retire case=00234 pc=0x800077c0 opcode=lw x11=0x800077c1
000000002 RUNTIME_ONLY neutral retire case=00234 pc=0x800077c4 opcode=sw x12=0x800077c6
000000003 RUNTIME_ONLY neutral retire case=00234 pc=0x800077c8 opcode=beq x13=0x800077cb
000000004 RUNTIME_ONLY neutral retire case=00234 pc=0x800077cc opcode=csrrw x14=0x800077c8
000000005 RUNTIME_ONLY neutral retire case=00234 pc=0x800077d0 opcode=xor x15=0x800077d5
000000006 RUNTIME_ONLY neutral retire case=00234 pc=0x800077d4 opcode=addi x16=0x800077d2
000000007 RUNTIME_ONLY neutral retire case=00234 pc=0x800077d8 opcode=lw x17=0x800077df
000000008 RUNTIME_ONLY neutral retire case=00234 pc=0x800077dc opcode=sw x18=0x800077d4
000000009 RUNTIME_ONLY neutral retire case=00234 pc=0x800077e0 opcode=beq x19=0x800077e9
000000010 RUNTIME_ONLY neutral retire case=00234 pc=0x800077e4 opcode=csrrw x20=0x800077ee
000000011 RUNTIME_ONLY neutral retire case=00234 pc=0x800077e8 opcode=xor x21=0x800077e3
000000012 RUNTIME_ONLY neutral retire case=00234 pc=0x800077ec opcode=addi x22=0x800077e0
000000013 RUNTIME_ONLY neutral retire case=00234 pc=0x800077f0 opcode=lw x23=0x800077fd
000000014 RUNTIME_ONLY neutral retire case=00234 pc=0x800077f4 opcode=sw x24=0x800077fa
000000015 RUNTIME_ONLY neutral retire case=00234 pc=0x800077f8 opcode=beq x25=0x800077f7
000000016 RUNTIME_ONLY neutral retire case=00234 pc=0x800077fc opcode=csrrw x26=0x800077ec
000000017 RUNTIME_ONLY neutral retire case=00234 pc=0x80007800 opcode=xor x27=0x80007811
000000018 RUNTIME_ONLY neutral retire case=00234 pc=0x80007804 opcode=addi x28=0x80007816
000000019 RUNTIME_ONLY neutral retire case=00234 pc=0x80007808 opcode=lw x29=0x8000781b
000000020 RUNTIME_ONLY neutral retire case=00234 pc=0x8000780c opcode=sw x30=0x80007818
000000021 RUNTIME_ONLY neutral retire case=00234 pc=0x80007810 opcode=beq x31=0x80007805
000000022 RUNTIME_ONLY neutral retire case=00234 pc=0x80007814 opcode=csrrw x0=0x80007802
000000023 RUNTIME_ONLY neutral retire case=00234 pc=0x80007818 opcode=xor x1=0x8000780f
000000024 RUNTIME_ONLY neutral retire case=00234 pc=0x8000781c opcode=addi x2=0x80007804
000000025 RUNTIME_ONLY neutral retire case=00234 pc=0x80007820 opcode=lw x3=0x80007839
000000026 RUNTIME_ONLY neutral retire case=00234 pc=0x80007824 opcode=sw x4=0x8000783e
000000027 RUNTIME_ONLY neutral retire case=00234 pc=0x80007828 opcode=beq x5=0x80007833
000000028 RUNTIME_ONLY neutral retire case=00234 pc=0x8000782c opcode=csrrw x6=0x80007830
000000029 RUNTIME_ONLY neutral retire case=00234 pc=0x80007830 opcode=xor x7=0x8000782d
000000030 RUNTIME_ONLY neutral retire case=00234 pc=0x80007834 opcode=addi x8=0x8000782a
000000031 RUNTIME_ONLY neutral retire case=00234 pc=0x80007838 opcode=lw x9=0x80007827
000000032 RUNTIME_ONLY neutral retire case=00234 pc=0x8000783c opcode=sw x10=0x8000781c
000000033 RUNTIME_ONLY neutral retire case=00234 pc=0x80007840 opcode=beq x11=0x80007861
000000034 RUNTIME_ONLY neutral retire case=00234 pc=0x80007844 opcode=csrrw x12=0x80007866
000000035 RUNTIME_ONLY neutral retire case=00234 pc=0x80007848 opcode=xor x13=0x8000786b
000000036 RUNTIME_ONLY neutral retire case=00234 pc=0x8000784c opcode=addi x14=0x80007868
000000037 RUNTIME_ONLY neutral retire case=00234 pc=0x80007850 opcode=lw x15=0x80007875
000000038 RUNTIME_ONLY neutral retire case=00234 pc=0x80007854 opcode=sw x16=0x80007872
000000039 RUNTIME_ONLY neutral retire case=00234 pc=0x80007858 opcode=beq x17=0x8000787f
000000040 RUNTIME_ONLY neutral retire case=00234 pc=0x8000785c opcode=csrrw x18=0x80007874
000000041 RUNTIME_ONLY neutral retire case=00234 pc=0x80007860 opcode=xor x19=0x80007849
000000042 RUNTIME_ONLY neutral retire case=00234 pc=0x80007864 opcode=addi x20=0x8000784e
000000043 RUNTIME_ONLY neutral retire case=00234 pc=0x80007868 opcode=lw x21=0x80007843
000000044 RUNTIME_ONLY neutral retire case=00234 pc=0x8000786c opcode=sw x22=0x80007840
000000045 RUNTIME_ONLY neutral retire case=00234 pc=0x80007870 opcode=beq x23=0x8000785d
000000046 RUNTIME_ONLY neutral retire case=00234 pc=0x80007874 opcode=csrrw x24=0x8000785a
000000047 RUNTIME_ONLY neutral retire case=00234 pc=0x80007878 opcode=xor x25=0x80007857
000000048 RUNTIME_ONLY neutral retire case=00234 pc=0x8000787c opcode=addi x26=0x8000784c
000000049 RUNTIME_ONLY neutral retire case=00234 pc=0x80007880 opcode=lw x27=0x800078b1
000000050 RUNTIME_ONLY neutral retire case=00234 pc=0x80007884 opcode=sw x28=0x800078b6
000000051 RUNTIME_ONLY neutral retire case=00234 pc=0x80007888 opcode=beq x29=0x800078bb
000000052 RUNTIME_ONLY neutral retire case=00234 pc=0x8000788c opcode=csrrw x30=0x800078b8
000000053 RUNTIME_ONLY neutral retire case=00234 pc=0x80007890 opcode=xor x31=0x800078a5
000000054 RUNTIME_ONLY neutral retire case=00234 pc=0x80007894 opcode=addi x0=0x800078a2
000000055 RUNTIME_ONLY neutral retire case=00234 pc=0x80007898 opcode=lw x1=0x800078af
000000056 RUNTIME_ONLY neutral retire case=00234 pc=0x8000789c opcode=sw x2=0x800078a4
000000057 RUNTIME_ONLY neutral retire case=00234 pc=0x800078a0 opcode=beq x3=0x80007899
000000058 RUNTIME_ONLY neutral retire case=00234 pc=0x800078a4 opcode=csrrw x4=0x8000789e
000000059 RUNTIME_ONLY neutral retire case=00234 pc=0x800078a8 opcode=xor x5=0x80007893
000000060 RUNTIME_ONLY neutral retire case=00234 pc=0x800078ac opcode=addi x6=0x80007890
000000061 RUNTIME_ONLY neutral retire case=00234 pc=0x800078b0 opcode=lw x7=0x8000788d
000000062 RUNTIME_ONLY neutral retire case=00234 pc=0x800078b4 opcode=sw x8=0x8000788a
000000063 RUNTIME_ONLY neutral retire case=00234 pc=0x800078b8 opcode=beq x9=0x80007887
000000064 RUNTIME_ONLY neutral retire case=00234 pc=0x800078bc opcode=csrrw x10=0x800078fc
000000065 RUNTIME_ONLY neutral retire case=00234 pc=0x800078c0 opcode=xor x11=0x80007881
000000066 RUNTIME_ONLY neutral retire case=00234 pc=0x800078c4 opcode=addi x12=0x80007886
000000067 RUNTIME_ONLY neutral retire case=00234 pc=0x800078c8 opcode=lw x13=0x8000788b
000000068 RUNTIME_ONLY neutral retire case=00234 pc=0x800078cc opcode=sw x14=0x80007888
000000069 RUNTIME_ONLY neutral retire case=00234 pc=0x800078d0 opcode=beq x15=0x80007895
000000070 RUNTIME_ONLY neutral retire case=00234 pc=0x800078d4 opcode=csrrw x16=0x80007892
000000071 RUNTIME_ONLY neutral retire case=00234 pc=0x800078d8 opcode=xor x17=0x8000789f
000000072 RUNTIME_ONLY neutral retire case=00234 pc=0x800078dc opcode=addi x18=0x80007894
000000073 RUNTIME_ONLY neutral retire case=00234 pc=0x800078e0 opcode=lw x19=0x800078a9
000000074 RUNTIME_ONLY neutral retire case=00234 pc=0x800078e4 opcode=sw x20=0x800078ae
000000075 RUNTIME_ONLY neutral retire case=00234 pc=0x800078e8 opcode=beq x21=0x800078a3
