UVM_FATAL /runtime_only_unique_aaje.sv(1) @ 1: runtime_only_unique_failure_aaje normalization resistant timing marker
RUNTIME_ONLY_CASE=265 SOURCE_A=benchmark_set_2:2
riscv_csr_test.0 : [FAILED]
RUNTIME_ONLY_COMBINE SOURCE_B=benchmark_set_2:5
spike[937] : pc[ffffffff80000ca2] c.mv s0, sp: s0:00000338
[FAILED]: 883 matched, 64810 mismatch
000000000 RUNTIME_ONLY neutral retire case=00265 pc=0x80008798 opcode=lw x9=0x80008798
000000001 RUNTIME_ONLY neutral retire case=00265 pc=0x8000879c opcode=sw x10=0x8000879d
000000002 RUNTIME_ONLY neutral retire case=00265 pc=0x800087a0 opcode=beq x11=0x800087a2
000000003 RUNTIME_ONLY neutral retire case=00265 pc=0x800087a4 opcode=csrrw x12=0x800087a7
000000004 RUNTIME_ONLY neutral retire case=00265 pc=0x800087a8 opcode=xor x13=0x800087ac
000000005 RUNTIME_ONLY neutral retire case=00265 pc=0x800087ac opcode=addi x14=0x800087a9
000000006 RUNTIME_ONLY neutral retire case=00265 pc=0x800087b0 opcode=lw x15=0x800087b6
000000007 RUNTIME_ONLY neutral retire case=00265 pc=0x800087b4 opcode=sw x16=0x800087b3
000000008 RUNTIME_ONLY neutral retire case=00265 pc=0x800087b8 opcode=beq x17=0x800087b0
000000009 RUNTIME_ONLY neutral retire case=00265 pc=0x800087bc opcode=csrrw x18=0x800087b5
000000010 RUNTIME_ONLY neutral retire case=00265 pc=0x800087c0 opcode=xor x19=0x800087ca
000000011 RUNTIME_ONLY neutral retire case=00265 pc=0x800087c4 opcode=addi x20=0x800087cf
000000012 RUNTIME_ONLY neutral retire case=00265 pc=0x800087c8 opcode=lw x21=0x800087c4
000000013 RUNTIME_ONLY neutral retire case=00265 pc=0x800087cc opcode=sw x22=0x800087c1
000000014 RUNTIME_ONLY neutral retire case=00265 pc=0x800087d0 opcode=beq x23=0x800087de
000000015 RUNTIME_ONLY neutral retire case=00265 pc=0x800087d4 opcode=csrrw x24=0x800087db
000000016 RUNTIME_ONLY neutral retire case=00265 pc=0x800087d8 opcode=xor x25=0x800087c8
000000017 RUNTIME_ONLY neutral retire case=00265 pc=0x800087dc opcode=addi x26=0x800087cd
000000018 RUNTIME_ONLY neutral retire case=00265 pc=0x800087e0 opcode=lw x27=0x800087f2
000000019 RUNTIME_ONLY neutral retire case=00265 pc=0x800087e4 opcode=sw x28=0x800087f7
000000020 RUNTIME_ONLY neutral retire case=00265 pc=0x800087e8 opcode=beq x29=0x800087fc
000000021 RUNTIME_ONLY neutral retire case=00265 pc=0x800087ec opcode=csrrw x30=0x800087f9
000000022 RUNTIME_ONLY neutral retire case=00265 pc=0x800087f0 opcode=xor x31=0x800087e6
000000023 RUNTIME_ONLY neutral retire case=00265 pc=0x800087f4 opcode=addi x0=0x800087e3
000000024 RUNTIME_ONLY neutral retire case=00265 pc=0x800087f8 opcode=lw x1=0x800087e0
000000025 RUNTIME_ONLY neutral retire case=00265 pc=0x800087fc opcode=sw x2=0x800087e5
000000026 RUNTIME_ONLY neutral retire case=00265 pc=0x80008800 opcode=beq x3=0x8000881a
000000027 RUNTIME_ONLY neutral retire case=00265 pc=0x80008804 opcode=csrrw x4=0x8000881f
000000028 RUNTIME_ONLY neutral retire case=00265 pc=0x80008808 opcode=xor x5=0x80008814
000000029 RUNTIME_ONLY neutral retire case=00265 pc=0x8000880c opcode=addi x6=0x80008811
000000030 RUNTIME_ONLY neutral retire case=00265 pc=0x80008810 opcode=lw x7=0x8000880e
000000031 RUNTIME_ONLY neutral retire case=00265 pc=0x80008814 opcode=sw x8=0x8000880b
000000032 RUNTIME_ONLY neutral retire case=00265 pc=0x80008818 opcode=beq x9=0x80008838
000000033 RUNTIME_ONLY neutral retire case=00265 pc=0x8000881c opcode=csrrw x10=0x8000883d
000000034 RUNTIME_ONLY neutral retire case=00265 pc=0x80008820 opcode=xor x11=0x80008802
000000035 RUNTIME_ONLY neutral retire case=00265 pc=0x80008824 opcode=addi x12=0x80008807
000000036 RUNTIME_ONLY neutral retire case=00265 pc=0x80008828 opcode=lw x13=0x8000880c
000000037 RUNTIME_ONLY neutral retire case=00265 pc=0x8000882c opcode=sw x14=0x80008809
000000038 RUNTIME_ONLY neutral retire case=00265 pc=0x80008830 opcode=beq x15=0x80008816
000000039 RUNTIME_ONLY neutral retire case=00265 pc=0x80008834 opcode=csrrw x16=0x80008813
000000040 RUNTIME_ONLY neutral retire case=00265 pc=0x80008838 opcode=xor x17=0x80008810
000000041 RUNTIME_ONLY neutral retire case=00265 pc=0x8000883c opcode=addi x18=0x80008815
000000042 RUNTIME_ONLY neutral retire case=00265 pc=0x80008840 opcode=lw x19=0x8000886a
000000043 RUNTIME_ONLY neutral retire case=00265 pc=0x80008844 opcode=sw x20=0x8000886f
000000044 RUNTIME_ONLY neutral retire case=00265 pc=0x80008848 opcode=beq x21=0x80008864
000000045 RUNTIME_ONLY neutral retire case=00265 pc=0x8000884c opcode=csrrw x22=0x80008861
000000046 RUNTIME_ONLY neutral retire case=00265 pc=0x80008850 opcode=xor x23=0x8000887e
000000047 RUNTIME_ONLY neutral retire case=00265 pc=0x80008854 opcode=addi x24=0x8000887b
000000048 RUNTIME_ONLY neutral retire case=00265 pc=0x80008858 opcode=lw x25=0x80008868
000000049 RUNTIME_ONLY neutral retire case=00265 pc=0x8000885c opcode=sw x26=0x8000886d
000000050 RUNTIME_ONLY neutral retire case=00265 pc=0x80008860 opcode=beq x27=0x80008852
000000051 RUNTIME_ONLY neutral retire case=00265 pc=0x80008864 opcode=csrrw x28=0x80008857
000000052 RUNTIME_ONLY neutral retire case=00265 pc=0x80008868 opcode=xor x29=0x8000885c
000000053 RUNTIME_ONLY neutral retire case=00265 pc=0x8000886c opcode=addi x30=0x80008859
000000054 RUNTIME_ONLY neutral retire case=00265 pc=0x80008870 opcode=lw x31=0x80008846
000000055 RUNTIME_ONLY neutral retire case=00265 pc=0x80008874 opcode=sw x0=0x80008843
000000056 RUNTIME_ONLY neutral retire case=00265 pc=0x80008878 opcode=beq x1=0x80008840
000000057 RUNTIME_ONLY neutral retire case=00265 pc=0x8000887c opcode=csrrw x2=0x80008845
000000058 RUNTIME_ONLY neutral retire case=00265 pc=0x80008880 opcode=xor x3=0x800088ba
000000059 RUNTIME_ONLY neutral retire case=00265 pc=0x80008884 opcode=addi x4=0x800088bf
000000060 RUNTIME_ONLY neutral retire case=00265 pc=0x80008888 opcode=lw x5=0x800088b4
000000061 RUNTIME_ONLY neutral retire case=00265 pc=0x8000888c opcode=sw x6=0x800088b1
000000062 RUNTIME_ONLY neutral retire case=00265 pc=0x80008890 opcode=beq x7=0x800088ae
000000063 RUNTIME_ONLY neutral retire case=00265 pc=0x80008894 opcode=csrrw x8=0x800088ab
000000064 RUNTIME_ONLY neutral retire case=00265 pc=0x80008898 opcode=xor x9=0x800088d8
000000065 RUNTIME_ONLY neutral retire case=00265 pc=0x8000889c opcode=addi x10=0x800088dd
000000066 RUNTIME_ONLY neutral retire case=00265 pc=0x800088a0 opcode=lw x11=0x800088e2
000000067 RUNTIME_ONLY neutral retire case=00265 pc=0x800088a4 opcode=sw x12=0x800088e7
000000068 RUNTIME_ONLY neutral retire case=00265 pc=0x800088a8 opcode=beq x13=0x800088ec
000000069 RUNTIME_ONLY neutral retire case=00265 pc=0x800088ac opcode=csrrw x14=0x800088e9
000000070 RUNTIME_ONLY neutral retire case=00265 pc=0x800088b0 opcode=xor x15=0x800088f6
000000071 RUNTIME_ONLY neutral retire case=00265 pc=0x800088b4 opcode=addi x16=0x800088f3
000000072 RUNTIME_ONLY neutral retire case=00265 pc=0x800088b8 opcode=lw x17=0x800088f0
