Time	Cycle	PC	Insn	Decoded instruction	Register and memory contents
           2234	        10	80000080	40001fb7	lui	x31,0x40001	 x31=0x40001000
           2654	        31	80000084	106f8f93	addi	x31,x31,262	 x31:0x40001000 x31=0x40001106
           2794	        38	80000088	301f9073	csrrw	x0,misa,x31	 x31:0x40001106  x0=0x00000000
           2854	        41	8000008c	00026617	auipc	x12,0x26	 x12=0x8002608c
           2894	        43	80000090	c5860613	addi	x12,x12,-936	 x12:0x8002608c x12=0x80025ce4
           2914	        44	80000094	00002f97	auipc	x31,0x2	 x31=0x80002094
           3334	        65	80000098	66cf8f93	addi	x31,x31,1644	 x31:0x80002094 x31=0x80002700
           3714	        84	8000009c	001fef93	ori	x31,x31,1	 x31:0x80002700 x31=0x80002701
           3754	        86	800000a0	305f9073	csrrw	x0,mtvec,x31	 x31:0x80002701  x0=0x00000000
           3914	        94	800000a4	74725073	csrrwi	x0,0x747,4	  x0=0x00000000
           3974	        97	800000a8	00003797	auipc	x15,0x3	 x15=0x800030a8
           3994	        98	800000ac	41078793	addi	x15,x15,1040	 x15:0x800030a8 x15=0x800034b8
           4014	        99	800000b0	4f81	c.li	x31,0	 x31=0x00000000
           4034	       100	800000b2	97fe	c.add	x15,x31	 x15:0x800034b8 x31:0x00000000 x15=0x800034b8
           4154	       106	800000b4	8389	c.srli	x15,0x2	 x15:0x800034b8 x15=0x20000d2e
           4574	       127	800000b6	3b079073	csrrw	x0,pmpaddr0,x15	 x15:0x20000d2e  x0=0x00000000
           4634	       130	800000ba	00003797	auipc	x15,0x3	 x15=0x800030ba
           4654	       131	800000be	3fe78793	addi	x15,x15,1022	 x15:0x800030ba x15=0x800034b8
           4674	       132	800000c2	11111fb7	lui	x31,0x11111	 x31=0x11111000
           4694	       133	800000c6	111f8f93	addi	x31,x31,273	 x31:0x11111000 x31=0x11111111
           4714	       134	800000ca	97fe	c.add	x15,x31	 x15:0x800034b8 x31:0x11111111 x15=0x911145c9
           4734	       135	800000cc	8389	c.srli	x15,0x2	 x15:0x911145c9 x15=0x24445172
           4894	       143	800000ce	3b179073	csrrw	x0,pmpaddr1,x15	 x15:0x24445172  x0=0x00000000
           4954	       146	800000d2	00003797	auipc	x15,0x3	 x15=0x800030d2
           4974	       147	800000d6	3e678793	addi	x15,x15,998	 x15:0x800030d2 x15=0x800034b8
           5194	       158	800000da	22222fb7	lui	x31,0x22222	 x31=0x22222000
           5214	       159	800000de	222f8f93	addi	x31,x31,546	 x31:0x22222000 x31=0x22222222
           5234	       160	800000e2	97fe	c.add	x15,x31	 x15:0x800034b8 x31:0x22222222 x15=0xa22256da
           5594	       178	800000e4	8389	c.srli	x15,0x2	 x15:0xa22256da x15=0x288895b6
           5614	       179	800000e6	3b279073	csrrw	x0,pmpaddr2,x15	 x15:0x288895b6  x0=0x00000000
           5694	       183	800000ea	00003797	auipc	x15,0x3	 x15=0x800030ea
           5834	       190	800000ee	3ce78793	addi	x15,x15,974	 x15:0x800030ea x15=0x800034b8
           5854	       191	800000f2	33333fb7	lui	x31,0x33333	 x31=0x33333000
           6274	       212	800000f6	333f8f93	addi	x31,x31,819	 x31:0x33333000 x31=0x33333333
           6294	       213	800000fa	97fe	c.add	x15,x31	 x15:0x800034b8 x31:0x33333333 x15=0xb33367eb
           6434	       220	800000fc	8389	c.srli	x15,0x2	 x15:0xb33367eb x15=0x2cccd9fa
           6614	       229	800000fe	3b379073	csrrw	x0,pmpaddr3,x15	 x15:0x2cccd9fa  x0=0x00000000
           6674	       232	80000102	0f0f17b7	lui	x15,0xf0f1	 x15=0x0f0f1000
           6694	       233	80000106	f0f78793	addi	x15,x15,-241	 x15:0x0f0f1000 x15=0x0f0f0f0f
           6994	       248	8000010a	3a079073	csrrw	x0,pmpcfg0,x15	 x15:0x0f0f0f0f  x0=0x00000000
           7414	       269	8000010e	00003797	auipc	x15,0x3	 x15=0x8000310e
           7474	       272	80000112	3aa78793	addi	x15,x15,938	 x15:0x8000310e x15=0x800034b8
           7894	       293	80000116	44444fb7	lui	x31,0x44444	 x31=0x44444000
           8314	       314	8000011a	444f8f93	addi	x31,x31,1092	 x31:0x44444000 x31=0x44444444
           8334	       315	8000011e	97fe	c.add	x15,x31	 x15:0x800034b8 x31:0x44444444 x15=0xc44478fc
           8574	       327	80000120	8389	c.srli	x15,0x2	 x15:0xc44478fc x15=0x31111e3f
           8594	       328	80000122	3b479073	csrrw	x0,pmpaddr4,x15	 x15:0x31111e3f  x0=0x00000000
           8654	       331	80000126	00003797	auipc	x15,0x3	 x15=0x80003126
           9034	       350	8000012a	39278793	addi	x15,x15,914	 x15:0x80003126 x15=0x800034b8
           9054	       351	8000012e	55555fb7	lui	x31,0x55555	 x31=0x55555000
           9074	       352	80000132	555f8f93	addi	x31,x31,1365	 x31:0x55555000 x31=0x55555555
           9094	       353	80000136	97fe	c.add	x15,x31	 x15:0x800034b8 x31:0x55555555 x15=0xd5558a0d
           9494	       373	80000138	8389	c.srli	x15,0x2	 x15:0xd5558a0d x15=0x35556283
           9514	       374	8000013a	3b579073	csrrw	x0,pmpaddr5,x15	 x15:0x35556283  x0=0x00000000
           9574	       377	8000013e	00003797	auipc	x15,0x3	 x15=0x8000313e
           9594	       378	80000142	37a78793	addi	x15,x15,890	 x15:0x8000313e x15=0x800034b8
           9614	       379	80000146	66666fb7	lui	x31,0x66666	 x31=0x66666000
           9634	       380	8000014a	666f8f93	addi	x31,x31,1638	 x31:0x66666000 x31=0x66666666
           9654	       381	8000014e	97fe	c.add	x15,x31	 x15:0x800034b8 x31:0x66666666 x15=0xe6669b1e
           9674	       382	80000150	8389	c.srli	x15,0x2	 x15:0xe6669b1e x15=0x3999a6c7
           9694	       383	80000152	3b679073	csrrw	x0,pmpaddr6,x15	 x15:0x3999a6c7  x0=0x00000000
           9774	       387	80000156	00003797	auipc	x15,0x3	 x15=0x80003156
           9834	       390	8000015a	36278793	addi	x15,x15,866	 x15:0x80003156 x15=0x800034b8
           9854	       391	8000015e	77777fb7	lui	x31,0x77777	 x31=0x77777000
          10274	       412	80000162	777f8f93	addi	x31,x31,1911	 x31:0x77777000 x31=0x77777777
          10294	       413	80000166	97fe	c.add	x15,x31	 x15:0x800034b8 x31:0x77777777 x15=0xf777ac2f
          10454	       421	80000168	8389	c.srli	x15,0x2	 x15:0xf777ac2f x15=0x3dddeb0b
          10474	       422	8000016a	3b779073	csrrw	x0,pmpaddr7,x15	 x15:0x3dddeb0b  x0=0x00000000
          10534	       425	8000016e	0f0f17b7	lui	x15,0xf0f1	 x15=0x0f0f1000
          10554	       426	80000172	f0f78793	addi	x15,x15,-241	 x15:0x0f0f1000 x15=0x0f0f0f0f
          10594	       428	80000176	3a179073	csrrw	x0,pmpcfg1,x15	 x15:0x0f0f0f0f  x0=0x00000000
          11014	       449	8000017a	00003797	auipc	x15,0x3	 x15=0x8000317a
          11034	       450	8000017e	33e78793	addi	x15,x15,830	 x15:0x8000317a x15=0x800034b8
          11094	       453	80000182	88889fb7	lui	x31,0x88889	 x31=0x88889000
          11114	       454	80000186	888f8f93	addi	x31,x31,-1912	 x31:0x88889000 x31=0x88888888
          11134	       455	8000018a	97fe	c.add	x15,x31	 x15:0x800034b8 x31:0x88888888 x15=0x0888bd40
          11534	       475	8000018c	8389	c.srli	x15,0x2	 x15:0x0888bd40 x15=0x02222f50
          11554	       476	8000018e	3b879073	csrrw	x0,pmpaddr8,x15	 x15:0x02222f50  x0=0x00000000
          11894	       493	80000192	00003797	auipc	x15,0x3	 x15=0x80003192
          12314	       514	80000196	32678793	addi	x15,x15,806	 x15:0x80003192 x15=0x800034b8
          12334	       515	8000019a	9999afb7	lui	x31,0x9999a	 x31=0x9999a000
          12634	       530	8000019e	999f8f93	addi	x31,x31,-1639	 x31:0x9999a000 x31=0x99999999
          12654	       531	800001a2	97fe	c.add	x15,x31	 x15:0x800034b8 x31:0x99999999 x15=0x1999ce51
          12674	       532	800001a4	8389	c.srli	x15,0x2	 x15:0x1999ce51 x15=0x06667394
          12694	       533	800001a6	3b979073	csrrw	x0,pmpaddr9,x15	 x15:0x06667394  x0=0x00000000
          12754	       536	800001aa	00003797	auipc	x15,0x3	 x15=0x800031aa
          13114	       554	800001ae	30e78793	addi	x15,x15,782	 x15:0x800031aa x15=0x800034b8
          13134	       555	800001b2	aaaabfb7	lui	x31,0xaaaab	 x31=0xaaaab000
          13554	       576	800001b6	aaaf8f93	addi	x31,x31,-1366	 x31:0xaaaab000 x31=0xaaaaaaaa
          13574	       577	800001ba	97fe	c.add	x15,x31	 x15:0x800034b8 x31:0xaaaaaaaa x15=0x2aaadf62
          13634	       580	800001bc	8389	c.srli	x15,0x2	 x15:0x2aaadf62 x15=0x0aaab7d8
          13654	       581	800001be	3ba79073	csrrw	x0,pmpaddr10,x15	 x15:0x0aaab7d8  x0=0x00000000
          14014	       599	800001c2	00003797	auipc	x15,0x3	 x15=0x800031c2
          14034	       600	800001c6	2f678793	addi	x15,x15,758	 x15:0x800031c2 x15=0x800034b8
          14054	       601	800001ca	bbbbcfb7	lui	x31,0xbbbbc	 x31=0xbbbbc000
          14254	       611	800001ce	bbbf8f93	addi	x31,x31,-1093	 x31:0xbbbbc000 x31=0xbbbbbbbb
          14274	       612	800001d2	97fe	c.add	x15,x31	 x15:0x800034b8 x31:0xbbbbbbbb x15=0x3bbbf073
          14374	       617	800001d4	8389	c.srli	x15,0x2	 x15:0x3bbbf073 x15=0x0eeefc1c
          14394	       618	800001d6	3bb79073	csrrw	x0,pmpaddr11,x15	 x15:0x0eeefc1c  x0=0x00000000
          14534	       625	800001da	0f0f17b7	lui	x15,0xf0f1	 x15=0x0f0f1000
          14654	       631	800001de	f0f78793	addi	x15,x15,-241	 x15:0x0f0f1000 x15=0x0f0f0f0f
          14674	       632	800001e2	3a279073	csrrw	x0,pmpcfg2,x15	 x15:0x0f0f0f0f  x0=0x00000000
          14734	       635	800001e6	00003797	auipc	x15,0x3	 x15=0x800031e6
          15134	       655	800001ea	2d278793	addi	x15,x15,722	 x15:0x800031e6 x15=0x800034b8
          15154	       656	800001ee	ccccdfb7	lui	x31,0xccccd	 x31=0xccccd000
          15174	       657	800001f2	cccf8f93	addi	x31,x31,-820	 x31:0xccccd000 x31=0xcccccccc
          15194	       658	800001f6	97fe	c.add	x15,x31	 x15:0x800034b8 x31:0xcccccccc x15=0x4ccd0184
          15214	       659	800001f8	8389	c.srli	x15,0x2	 x15:0x4ccd0184 x15=0x13334061
          15234	       660	800001fa	3bc79073	csrrw	x0,pmpaddr12,x15	 x15:0x13334061  x0=0x00000000
          15294	       663	800001fe	00003797	auipc	x15,0x3	 x15=0x800031fe
          15654	       681	80000202	2ba78793	addi	x15,x15,698	 x15:0x800031fe x15=0x800034b8
          15674	       682	80000206	ddddefb7	lui	x31,0xdddde	 x31=0xdddde000
          15994	       698	8000020a	dddf8f93	addi	x31,x31,-547	 x31:0xdddde000 x31=0xdddddddd
          16014	       699	8000020e	97fe	c.add	x15,x31	 x15:0x800034b8 x31:0xdddddddd x15=0x5dde1295
          16094	       703	80000210	8389	c.srli	x15,0x2	 x15:0x5dde1295 x15=0x177784a5
          16514	       724	80000212	3bd79073	csrrw	x0,pmpaddr13,x15	 x15:0x177784a5  x0=0x00000000
          16574	       727	80000216	00003797	auipc	x15,0x3	 x15=0x80003216
          16594	       728	8000021a	2a278793	addi	x15,x15,674	 x15:0x80003216 x15=0x800034b8
          16614	       729	8000021e	eeeeffb7	lui	x31,0xeeeef	 x31=0xeeeef000
          16774	       737	80000222	eeef8f93	addi	x31,x31,-274	 x31:0xeeeef000 x31=0xeeeeeeee
          16794	       738	80000226	97fe	c.add	x15,x31	 x15:0x800034b8 x31:0xeeeeeeee x15=0x6eef23a6
          16814	       739	80000228	8389	c.srli	x15,0x2	 x15:0x6eef23a6 x15=0x1bbbc8e9
          16894	       743	8000022a	3be79073	csrrw	x0,pmpaddr14,x15	 x15:0x1bbbc8e9  x0=0x00000000
          16954	       746	8000022e	00003797	auipc	x15,0x3	 x15=0x8000322e
          17234	       760	80000232	28a78793	addi	x15,x15,650	 x15:0x8000322e x15=0x800034b8
          17254	       761	80000236	fff00f93	addi	x31,x0,-1	  x0:0x00000000 x31=0xffffffff
          17274	       762	8000023a	97fe	c.add	x15,x31	 x15:0x800034b8 x31:0xffffffff x15=0x800034b7
          17294	       763	8000023c	8389	c.srli	x15,0x2	 x15:0x800034b7 x15=0x20000d2d
          17314	       764	8000023e	3bf79073	csrrw	x0,pmpaddr15,x15	 x15:0x20000d2d  x0=0x00000000
          17554	       776	80000242	0f0f17b7	lui	x15,0xf0f1	 x15=0x0f0f1000
          17574	       777	80000246	f0f78793	addi	x15,x15,-241	 x15:0x0f0f1000 x15=0x0f0f0f0f
          17774	       787	8000024a	3a379073	csrrw	x0,pmpcfg3,x15	 x15:0x0f0f0f0f  x0=0x00000000
          17894	       793	8000024e	00000f97	auipc	x31,0x0	 x31=0x8000024e
          17914	       794	80000252	058f8f93	addi	x31,x31,88	 x31:0x8000024e x31=0x800002a6
          17934	       795	80000256	341f9073	csrrw	x0,mepc,x31	 x31:0x800002a6  x0=0x00000000
          17954	       796	8000025a	7c00d073	csrrwi	x0,0x7c0,1	  x0=0x00000000
          18014	       799	8000025e	6f89	c.lui	x31,0x2	 x31=0x00002000
          18054	       801	80000260	800f8f93	addi	x31,x31,-2048	 x31:0x00002000 x31=0x00001800
          18194	       808	80000264	300f9073	csrrw	x0,mstatus,x31	 x31:0x00001800  x0=0x00000000
          18254	       811	80000268	4f81	c.li	x31,0	 x31=0x00000000
          18634	       830	8000026a	304f9073	csrrw	x0,mie,x31	 x31:0x00000000  x0=0x00000000
          18774	       837	8000026e	90000cb7	lui	x25,0x90000	 x25=0x90000000
          18794	       838	80000272	1cf1	c.addi	x25,-4	 x25:0x90000000 x25=0x8ffffffc
          18814	       839	80000274	30000f93	addi	x31,x0,768	  x0:0x00000000 x31=0x00000300
          18834	       840	80000278	0fa2	c.slli	x31,0x8	 x31:0x00000300 x31=0x00030000
          18854	       841	8000027a	0f8d	c.addi	x31,3	 x31:0x00030000 x31=0x00030003
          18914	       844	8000027c	01fca023	sw	x31,0(x25)	 x25:0x8ffffffc x31:0x00030003 PA:0x8ffffffc store:0x00030003
          18934	       845	80000280	30002ff3	csrrs	x31,mstatus,x0	  x0:0x00000000 x31=0x00001800
          19474	       872	80000284	01fca023	sw	x31,0(x25)	 x25:0x8ffffffc x31:0x00001800 PA:0x8ffffffc store:0x00001800
          19554	       876	80000288	90000cb7	lui	x25,0x90000	 x25=0x90000000
          19974	       897	8000028c	1cf1	c.addi	x25,-4	 x25:0x90000000 x25=0x8ffffffc
          19994	       898	8000028e	30400f93	addi	x31,x0,772	  x0:0x00000000 x31=0x00000304
          20014	       899	80000292	0fa2	c.slli	x31,0x8	 x31:0x00000304 x31=0x00030400
          20034	       900	80000294	0f8d	c.addi	x31,3	 x31:0x00030400 x31=0x00030403
          20094	       903	80000296	01fca023	sw	x31,0(x25)	 x25:0x8ffffffc x31:0x00030403 PA:0x8ffffffc store:0x00030403
          20394	       918	8000029a	30402ff3	csrrs	x31,mie,x0	  x0:0x00000000 x31=0x00000000
          20714	       934	8000029e	01fca023	sw	x31,0(x25)	 x25:0x8ffffffc x31:0x00000000 PA:0x8ffffffc store:0x00000000
          20734	       935	800002a2	30200073	mret	
          21154	       956	800002a6	00100013	addi	x0,x0,1	  x0:0x00000000  x0=0x00000000
          21174	       957	800002aa	4089	c.li	x1,2	  x1=0x00000002
          21194	       958	800002ac	fb2a9137	lui	x2,0xfb2a9	  x2=0xfb2a9000
          21214	       959	800002b0	5b510113	addi	x2,x2,1461	  x2:0xfb2a9000  x2=0xfb2a95b5
          21234	       960	800002b4	4181	c.li	x3,0	  x3=0x00000000
          21794	       988	800002b6	d6efc237	lui	x4,0xd6efc	  x4=0xd6efc000
          21814	       989	800002ba	52c20213	addi	x4,x4,1324	  x4:0xd6efc000  x4=0xd6efc52c
          21914	       994	800002be	4e1092b7	lui	x5,0x4e109	  x5=0x4e109000
          21934	       995	800002c2	ef728293	addi	x5,x5,-265	  x5:0x4e109000  x5=0x4e108ef7
          22114	      1004	800002c6	a7887337	lui	x6,0xa7887	  x6=0xa7887000
          22394	      1018	800002ca	54730313	addi	x6,x6,1351	  x6:0xa7887000  x6=0xa7887547
          22414	      1019	800002ce	4381	c.li	x7,0	  x7=0x00000000
          22514	      1024	800002d0	5a463437	lui	x8,0x5a463	  x8=0x5a463000
          22534	      1025	800002d4	18140413	addi	x8,x8,385	  x8:0x5a463000  x8=0x5a463181
          22954	      1046	800002d8	ffe8f4b7	lui	x9,0xffe8f	  x9=0xffe8f000
          23174	      1057	800002dc	df648493	addi	x9,x9,-522	  x9:0xffe8f000  x9=0xffe8edf6
          23194	      1058	800002e0	4501	c.li	x10,0	 x10=0x00000000
          23394	      1068	800002e2	124745b7	lui	x11,0x12474	 x11=0x12474000
          23774	      1087	800002e6	dcc58593	addi	x11,x11,-564	 x11:0x12474000 x11=0x12473dcc
          23794	      1088	800002ea	4681	c.li	x13,0	 x13=0x00000000
          24194	      1108	800002ec	faf6f737	lui	x14,0xfaf6f	 x14=0xfaf6f000
          24274	      1112	800002f0	76070713	addi	x14,x14,1888	 x14:0xfaf6f000 x14=0xfaf6f760
          24294	      1113	800002f4	800007b7	lui	x15,0x80000	 x15=0x80000000
          24574	      1127	800002f8	388af837	lui	x16,0x388af	 x16=0x388af000
          24994	      1148	800002fc	c9580813	addi	x16,x16,-875	 x16:0x388af000 x16=0x388aec95
          25014	      1149	80000300	491d	c.li	x18,7	 x18=0x00000007
          25434	      1170	80000302	800009b7	lui	x19,0x80000	 x19=0x80000000
          25454	      1171	80000306	4a01	c.li	x20,0	 x20=0x00000000
          25474	      1172	80000308	80000ab7	lui	x21,0x80000	 x21=0x80000000
          25494	      1173	8000030c	4b2d	c.li	x22,11	 x22=0x0000000b
          25514	      1174	8000030e	80000bb7	lui	x23,0x80000	 x23=0x80000000
          25534	      1175	80000312	4c01	c.li	x24,0	 x24=0x00000000
          25634	      1180	80000314	68741cb7	lui	x25,0x68741	 x25=0x68741000
          26054	      1201	80000318	6c9c8c93	addi	x25,x25,1737	 x25:0x68741000 x25=0x687416c9
          26074	      1202	8000031c	ff8fed37	lui	x26,0xff8fe	 x26=0xff8fe000
          26094	      1203	80000320	33fd0d13	addi	x26,x26,831	 x26:0xff8fe000 x26=0xff8fe33f
          26114	      1204	80000324	8f29fdb7	lui	x27,0x8f29f	 x27=0x8f29f000
          26474	      1222	80000328	707d8d93	addi	x27,x27,1799	 x27:0x8f29f000 x27=0x8f29f707
          26614	      1229	8000032c	4e01	c.li	x28,0	 x28=0x00000000
          26634	      1230	8000032e	4e81	c.li	x29,0	 x29=0x00000000
          26954	      1246	80000330	b2c29f37	lui	x30,0xb2c29	 x30=0xb2c29000
          27014	      1249	80000334	629f0f13	addi	x30,x30,1577	 x30:0xb2c29000 x30=0xb2c29629
          27154	      1256	80000338	d5cbcfb7	lui	x31,0xd5cbc	 x31=0xd5cbc000
          27574	      1277	8000033c	5b3f8f93	addi	x31,x31,1459	 x31:0xd5cbc000 x31=0xd5cbc5b3
          27594	      1278	80000340	00022897	auipc	x17,0x22	 x17=0x80022340
          27894	      1293	80000344	b2488893	addi	x17,x17,-1244	 x17:0x80022340 x17=0x80021e64
          28214	      1309	80000348	90000cb7	lui	x25,0x90000	 x25=0x90000000
          47634	      2280	8000034c	1cf1	c.addi	x25,-4	 x25:0x90000000 x25=0x8ffffffc
          47654	      2281	8000034e	4f81	c.li	x31,0	 x31=0x00000000
          47674	      2282	80000350	0fa2	c.slli	x31,0x8	 x31:0x00000000 x31=0x00000000
          47694	      2283	80000352	000f8f93	addi	x31,x31,0	 x31:0x00000000 x31=0x00000000
          47754	      2286	80000356	01fca023	sw	x31,0(x25)	 x25:0x8ffffffc x31:0x00000000 PA:0x8ffffffc store:0x00000000
          47774	      2287	8000035a	15e0306f	jal	x0,800034b8	  x0=0x00000000
          48094	      2303	800034b8	0ff0000f	fence	iorw,iorw	
          48154	      2306	800034bc	52615d97	auipc	x27,0x52615	 x27=0xd26184bc
          48574	      2327	800034c0	6129	c.addi16sp	x2,192	  x2:0xfb2a95b5  x2=0xfb2a9675
          48594	      2328	800034c2	1c7d	c.addi	x24,-1	 x24:0x00000000 x24=0xffffffff
          48614	      2329	800034c4	4093da93	srai	x21,x7,0x9	  x7:0x00000000 x21=0x00000000
          48634	      2330	800034c8	8e9d	c.sub	x13,x15	 x13:0x00000000 x15:0x80000000 x13=0x80000000
          48774	      2337	800034ca	bf8ae913	ori	x18,x21,-1032	 x21:0x00000000 x18=0xfffffbf8
          48794	      2338	800034ce	41a086b3	sub	x13,x1,x26	  x1:0x00000002 x26:0xff8fe33f x13=0x00701cc3
          49654	      2381	800034d2	02e57133	remu	x2,x10,x14	 x10:0x00000000 x14:0xfaf6f760  x2=0x00000000
          49674	      2382	800034d6	020af263	bgeu	x21,x0,800034fa	 x21:0x00000000  x0:0x00000000
          50054	      2401	800034fa	0000100f	fence.i	
          50594	      2428	800034fe	1bfd	c.addi	x23,-1	 x23:0x80000000 x23=0x7fffffff
          51334	      2465	80003500	032262b3	rem	x5,x4,x18	  x4:0xd6efc52c x18:0xfffffbf8  x5=0xfffffea4
          51354	      2466	80003504	8ec1	c.or	x13,x8	 x13:0x00701cc3  x8:0x5a463181 x13=0x5a763dc3
          51374	      2467	80003506	00ef2233	slt	x4,x30,x14	 x30:0xb2c29629 x14:0xfaf6f760  x4=0x00000001
          51394	      2468	8000350a	41ea8f33	sub	x30,x21,x30	 x21:0x00000000 x30:0xb2c29629 x30=0x4d3d69d7
          52134	      2505	8000350e	02b8c233	div	x4,x17,x11	 x17:0x80021e64 x11:0x12473dcc  x4=0xfffffff9
          52154	      2506	80003512	00aa33b3	sltu	x7,x20,x10	 x20:0x00000000 x10:0x00000000  x7=0x00000000
          52174	      2507	80003516	40925f33	sra	x30,x4,x9	  x4:0xfffffff9  x9:0xffe8edf6 x30=0xffffffff
          52194	      2508	8000351a	01aac2b3	xor	x5,x21,x26	 x21:0x00000000 x26:0xff8fe33f  x5=0xff8fe33f
          52214	      2509	8000351e	09da	c.slli	x19,0x16	 x19:0x80000000 x19=0x00000000
          52234	      2510	80003520	0ff0000f	fence	iorw,iorw	
          52254	      2511	80003524	85580693	addi	x13,x16,-1963	 x16:0x388aec95 x13=0x388ae4ea
          52274	      2512	80003528	022f83b3	mul	x7,x31,x2	 x31:0x00000000  x2:0x00000000  x7=0x00000000
          52354	      2516	8000352c	0afd	c.addi	x21,31	 x21:0x00000000 x21=0x0000001f
          52514	      2524	8000352e	00a44c33	xor	x24,x8,x10	  x8:0x5a463181 x10:0x00000000 x24=0x5a463181
          52534	      2525	80003532	ec11	c.bnez	x8,8000354e	  x8:0x5a463181
          53474	      2572	8000354e	0016e363	bltu	x13,x1,80003554	 x13:0x388ae4ea  x1:0x00000002
          53494	      2573	80003552	0001	c.addi	x0,0	  x0:0x00000000  x0=0x00000000
          53514	      2574	80003554	717d	c.addi16sp	x2,-16	  x2:0x00000000  x2=0xfffffff0
          53534	      2575	80003556	3408d3f3	csrrwi	x7,mscratch,17	  x7=0x00000000
          53554	      2576	8000355a	018fbcb3	sltu	x25,x31,x24	 x31:0x00000000 x24:0x5a463181 x25=0x00000001
          53574	      2577	8000355e	869d	c.srai	x13,0x7	 x13:0x388ae4ea x13=0x007115c9
          53954	      2596	80003560	4096db33	sra	x22,x13,x9	 x13:0x007115c9  x9:0xffe8edf6 x22=0x00000001
          53994	      2598	80003564	02b631b3	mulhu	x3,x12,x11	 x12:0x80025ce4 x11:0x12473dcc  x3=0x0923ca16
          54014	      2599	80003568	0541	c.addi	x10,16	 x10:0x00000000 x10=0x00000010
          54034	      2600	8000356a	02dc0433	mul	x8,x24,x13	 x24:0x5a463181 x13:0x007115c9  x8=0x7d1d7349
          54054	      2601	8000356e	8531	c.srai	x10,0xc	 x10:0x00000010 x10=0x00000000
          54354	      2616	80003570	717d	c.addi16sp	x2,-16	  x2:0xfffffff0  x2=0xffffffe0
          54374	      2617	80003572	0001	c.addi	x0,0	  x0:0x00000000  x0=0x00000000
          54774	      2637	80003574	00c3d9b3	srl	x19,x7,x12	  x7:0x00000000 x12:0x80025ce4 x19=0x00000000
          54794	      2638	80003578	8d15	c.sub	x10,x13	 x10:0x00000000 x13:0x007115c9 x10=0xff8eea37
          54814	      2639	8000357a	34e0bc13	sltiu	x24,x1,846	  x1:0x00000002 x24=0x00000001
          54834	      2640	8000357e	51b87393	andi	x7,x16,1307	 x16:0x388aec95  x7=0x00000411
          54874	      2642	80003582	02ec3033	mulhu	x0,x24,x14	 x24:0x00000001 x14:0xfaf6f760  x0=0x00000000
          55074	      2652	80003586	0ff0000f	fence	iorw,iorw	
          55114	      2654	8000358a	03b72033	mulhsu	x0,x14,x27	 x14:0xfaf6f760 x27:0xd26184bc  x0=0x00000000
          55154	      2656	8000358e	02ca9e33	mulh	x28,x21,x12	 x21:0x0000001f x12:0x80025ce4 x28=0xfffffff0
          55174	      2657	80003592	88dd	c.andi	x9,23	  x9:0xffe8edf6  x9=0x00000016
          55234	      2660	80003594	340039f3	csrrc	x19,mscratch,x0	  x0:0x00000000 x19=0x00000011
          55254	      2661	80003598	03d9	c.addi	x7,22	  x7:0x00000411  x7=0x00000427
          55294	      2663	8000359a	00d465b3	or	x11,x8,x13	  x8:0x7d1d7349 x13:0x007115c9 x11=0x7d7d77c9
          55314	      2664	8000359e	0d59	c.addi	x26,22	 x26:0xff8fe33f x26=0xff8fe355
          55334	      2665	800035a0	01640a63	beq	x8,x22,800035b4	  x8:0x7d1d7349 x22:0x00000001
          55514	      2674	800035a4	01033c33	sltu	x24,x6,x16	  x6:0xa7887547 x16:0x388aec95 x24=0x00000000
          55534	      2675	800035a8	011c93b3	sll	x7,x25,x17	 x25:0x00000001 x17:0x80021e64  x7=0x00000010
          56274	      2712	800035ac	02cb40b3	div	x1,x22,x12	 x22:0x00000001 x12:0x80025ce4  x1=0x00000000
          57014	      2749	800035b0	031d76b3	remu	x13,x26,x17	 x26:0xff8fe355 x17:0x80021e64 x13=0x7f8dc4f1
          57754	      2786	800035b4	0261fab3	remu	x21,x3,x6	  x3:0x0923ca16  x6:0xa7887547 x21=0x0923ca16
          57774	      2787	800035b8	8e85	c.sub	x13,x9	 x13:0x7f8dc4f1  x9:0x00000016 x13=0x7f8dc4db
          57794	      2788	800035ba	8cb9	c.xor	x9,x14	  x9:0x00000016 x14:0xfaf6f760  x9=0xfaf6f776
          57814	      2789	800035bc	c715	c.beqz	x14,800035e8	 x14:0xfaf6f760
          57834	      2790	800035be	340034f3	csrrc	x9,mscratch,x0	  x0:0x00000000  x9=0x00000011
          58574	      2827	800035c2	0306e0b3	rem	x1,x13,x16	 x13:0x7f8dc4db x16:0x388aec95  x1=0x0e77ebb1
          58594	      2828	800035c6	03180063	beq	x16,x17,800035e6	 x16:0x388aec95 x17:0x80021e64
          58614	      2829	800035ca	340c29f3	csrrs	x19,mscratch,x24	 x24:0x00000000 x19=0x00000011
          59354	      2866	800035ce	03634733	div	x14,x6,x22	  x6:0xa7887547 x22:0x00000001 x14=0xa7887547
          59374	      2867	800035d2	029fe863	bltu	x31,x9,80003602	 x31:0x00000000  x9:0x00000011
          59474	      2872	80003602	0145ec33	or	x24,x11,x20	 x11:0x7d7d77c9 x20:0x00000000 x24=0x7d7d77c9
          59574	      2877	80003606	41f75293	srai	x5,x14,0x1f	 x14:0xa7887547  x5=0xffffffff
          59594	      2878	8000360a	8d0d	c.sub	x10,x11	 x10:0xff8eea37 x11:0x7d7d77c9 x10=0x8211726e
          59954	      2896	8000360c	34052573	csrrs	x10,mscratch,x10	 x10:0x8211726e x10=0x00000011
          59974	      2897	80003610	ec81	c.bnez	x9,80003628	  x9:0x00000011
          60254	      2911	80003628	0ff0000f	fence	iorw,iorw	
          60474	      2922	8000362c	34005b73	csrrwi	x22,mscratch,0	 x22=0x8211727f
          60494	      2923	80003630	0139ec33	or	x24,x19,x19	 x19:0x00000011 x19:0x00000011 x24=0x00000011
          60914	      2944	80003634	014b1a13	slli	x20,x22,0x14	 x22:0x8211727f x20=0x27f00000
          60954	      2946	80003638	41e903b3	sub	x7,x18,x30	 x18:0xfffffbf8 x30:0xffffffff  x7=0xfffffbf9
          60974	      2947	8000363c	01e729b3	slt	x19,x14,x30	 x14:0xa7887547 x30:0xffffffff x19=0x00000001
          61394	      2968	80003640	01885cb3	srl	x25,x16,x24	 x16:0x388aec95 x24:0x00000011 x25=0x00001c45
          61434	      2970	80003644	036b95b3	mulh	x11,x23,x22	 x23:0x7fffffff x22:0x8211727f x11=0xc108b93f
          61574	      2977	80003648	02f210b3	mulh	x1,x4,x15	  x4:0xfffffff9 x15:0x80000000  x1=0x00000003
          62314	      3014	8000364c	030bcab3	div	x21,x23,x16	 x23:0x7fffffff x16:0x388aec95 x21=0x00000002
          62334	      3015	80003650	c0a9	c.beqz	x9,80003692	  x9:0x00000011
          62354	      3016	80003652	8d41	c.or	x10,x8	 x10:0x00000011  x8:0x7d1d7349 x10=0x7d1d7359
          62374	      3017	80003654	0ae9	c.addi	x21,26	 x21:0x00000002 x21=0x0000001c
          62394	      3018	80003656	340799f3	csrrw	x19,mscratch,x15	 x15:0x80000000 x19=0x00000000
          62414	      3019	8000365a	0001	c.addi	x0,0	  x0:0x00000000  x0=0x00000000
          62434	      3020	8000365c	0139e963	bltu	x19,x19,8000366e	 x19:0x00000000 x19:0x00000000
          62454	      3021	80003660	0001	c.addi	x0,0	  x0:0x00000000  x0=0x00000000
          62474	      3022	80003662	41d48e33	sub	x28,x9,x29	  x9:0x00000011 x29:0x00000000 x28=0x00000011
          62494	      3023	80003666	8f29	c.xor	x14,x10	 x14:0xa7887547 x10:0x7d1d7359 x14=0xda95061e
          62514	      3024	80003668	8f31	c.xor	x14,x12	 x14:0xda95061e x12:0x80025ce4 x14=0x5a975afa
          62694	      3033	8000366a	03687663	bgeu	x16,x22,80003696	 x16:0x388aec95 x22:0x8211727f
          62834	      3040	8000366e	0ff0000f	fence	iorw,iorw	
          62894	      3043	80003672	00d10cb3	add	x25,x2,x13	  x2:0xffffffe0 x13:0x7f8dc4db x25=0x7f8dc4bb
          62914	      3044	80003676	01f54233	xor	x4,x10,x31	 x10:0x7d1d7359 x31:0x00000000  x4=0x7d1d7359
          62954	      3046	8000367a	015e8cb3	add	x25,x29,x21	 x29:0x00000000 x21:0x0000001c x25=0x0000001c
          62974	      3047	8000367e	0073e2b3	or	x5,x7,x7	  x7:0xfffffbf9  x7:0xfffffbf9  x5=0xfffffbf9
          63394	      3068	80003682	c317c217	auipc	x4,0xc317c	  x4=0x4317f682
          63454	      3071	80003686	028b0463	beq	x22,x8,800036ae	 x22:0x8211727f  x8:0x7d1d7349
          63774	      3087	8000368a	b7afae93	slti	x29,x31,-1158	 x31:0x00000000 x29=0x00000000
          63934	      3095	8000368e	34007e73	csrrci	x28,mscratch,0	 x28=0x80000000
          64054	      3101	80003692	41d5d113	srai	x2,x11,0x1d	 x11:0xc108b93f  x2=0xfffffffe
          64074	      3102	80003696	02d1	c.addi	x5,20	  x5:0xfffffbf9  x5=0xfffffc0d
          64474	      3122	80003698	2f6673b7	lui	x7,0x2f667	  x7=0x2f667000
          64634	      3130	8000369c	0179a5b3	slt	x11,x19,x23	 x19:0x00000000 x23:0x7fffffff x11=0x00000001
          64674	      3132	800036a0	02941933	mulh	x18,x8,x9	  x8:0x7d1d7349  x9:0x00000011 x18=0x00000008
          65074	      3152	800036a4	00f46b63	bltu	x8,x15,800036ba	  x8:0x7d1d7349 x15:0x80000000
          65834	      3190	800036ba	f267cf13	xori	x30,x15,-218	 x15:0x80000000 x30=0x7fffff26
          65854	      3191	800036be	00dd42b3	xor	x5,x26,x13	 x26:0xff8fe355 x13:0x7f8dc4db  x5=0x8002278e
          65934	      3195	800036c2	0da7bd93	sltiu	x27,x15,218	 x15:0x80000000 x27=0x00000000
          66674	      3232	800036c6	03854fb3	div	x31,x10,x24	 x10:0x7d1d7359 x24:0x00000011 x31=0x075c15d8
          66694	      3233	800036ca	010b0f63	beq	x22,x16,800036e8	 x22:0x8211727f x16:0x388aec95
          66714	      3234	800036ce	0d7d	c.addi	x26,31	 x26:0xff8fe355 x26=0xff8fe374
          66734	      3235	800036d0	187d	c.addi	x16,-1	 x16:0x388aec95 x16=0x388aec94
          66754	      3236	800036d2	0000100f	fence.i	
          67154	      3256	800036d6	034f09b3	mul	x19,x30,x20	 x30:0x7fffff26 x20:0x27f00000 x19=0xfda00000
          67354	      3266	800036da	036285b3	mul	x11,x5,x22	  x5:0x8002278e x22:0x8211727f x11=0x331cdb72
          67374	      3267	800036de	010fc733	xor	x14,x31,x16	 x31:0x075c15d8 x16:0x388aec94 x14=0x3fd6f94c
          67394	      3268	800036e2	0a98	c.addi4spn	x14,x2,336	 x14=0x0000014e
          67414	      3269	800036e4	030f9163	bne	x31,x16,80003706	 x31:0x075c15d8 x16:0x388aec94
          68114	      3304	80003706	00789263	bne	x17,x7,8000370a	 x17:0x80021e64  x7:0x2f667000
          68614	      3329	8000370a	c1dcee93	ori	x29,x25,-995	 x25:0x0000001c x29=0xfffffc1d
          68634	      3330	8000370e	2db1be13	sltiu	x28,x3,731	  x3:0x0923ca16 x28=0x00000000
          68654	      3331	80003712	6105	c.addi16sp	x2,32	  x2:0xfffffffe  x2=0x0000001e
          68674	      3332	80003714	00677db3	and	x27,x14,x6	 x14:0x0000014e  x6:0xa7887547 x27=0x00000146
          68794	      3338	80003718	4027d293	srai	x5,x15,0x2	 x15:0x80000000  x5=0xe0000000
          68814	      3339	8000371c	ca224e13	xori	x28,x4,-862	  x4:0x4317f682 x28=0xbce80a20
          68874	      3342	80003720	812e	c.mv	x2,x11	  x0:0x00000000 x11:0x331cdb72  x2=0x331cdb72
          68894	      3343	80003722	8ff2	c.mv	x31,x28	  x0:0x00000000 x28:0xbce80a20 x31=0xbce80a20
          69294	      3363	80003724	8f62	c.mv	x30,x24	  x0:0x00000000 x24:0x00000011 x30=0x00000011
          69314	      3364	80003726	e74d0037	lui	x0,0xe74d0	  x0=0x00000000
          69334	      3365	8000372a	c50d	c.beqz	x10,80003754	 x10:0x7d1d7359
          69354	      3366	8000372c	01802ab3	slt	x21,x0,x24	  x0:0x00000000 x24:0x00000011 x21=0x00000001
          69374	      3367	80003730	023d4a63	blt	x26,x3,80003764	 x26:0xff8fe374  x3:0x0923ca16
          69834	      3390	80003764	6e0d	c.lui	x28,0x3	 x28=0x00003000
          69854	      3391	80003766	038e1463	bne	x28,x24,8000378e	 x28:0x00003000 x24:0x00000011
          70734	      3435	8000378e	8cb5	c.xor	x9,x13	  x9:0x00000011 x13:0x7f8dc4db  x9=0x7f8dc4ca
          70934	      3445	80003790	8dfdca93	xori	x21,x27,-1825	 x27:0x00000146 x21=0xfffff999
          71094	      3453	80003794	c985	c.beqz	x11,800037c4	 x11:0x331cdb72
          71114	      3454	80003796	5cb20393	addi	x7,x4,1483	  x4:0x4317f682  x7=0x4317fc4d
          71974	      3497	8000379a	035e4833	div	x16,x28,x21	 x28:0x00003000 x21:0xfffff999 x16=0xfffffff9
          71994	      3498	8000379e	8f01	c.sub	x14,x8	 x14:0x0000014e  x8:0x7d1d7349 x14=0x82e28e05
          72014	      3499	800037a0	40908a33	sub	x20,x1,x9	  x1:0x00000003  x9:0x7f8dc4ca x20=0x80723b39
          72754	      3536	800037a4	03e5dfb3	divu	x31,x11,x30	 x11:0x331cdb72 x30:0x00000011 x31=0x0301b28e
          72774	      3537	800037a8	0001	c.addi	x0,0	  x0:0x00000000  x0=0x00000000
          72794	      3538	800037aa	c115	c.beqz	x10,800037ce	 x10:0x7d1d7359
          72814	      3539	800037ac	008a5533	srl	x10,x20,x8	 x20:0x80723b39  x8:0x7d1d7349 x10=0x0040391d
          72834	      3540	800037b0	005449b3	xor	x19,x8,x5	  x8:0x7d1d7349  x5:0xe0000000 x19=0x9d1d7349
          72854	      3541	800037b4	b12abd13	sltiu	x26,x21,-1262	 x21:0xfffff999 x26=0x00000001
          72914	      3544	800037b8	84e9	c.srai	x9,0x1a	  x9:0x7f8dc4ca  x9=0x0000001f
          73034	      3550	800037ba	6566b593	sltiu	x11,x13,1622	 x13:0x7f8dc4db x11=0x00000000
          73054	      3551	800037be	8591	c.srai	x11,0x4	 x11:0x00000000 x11=0x00000000
          73214	      3559	800037c0	00252033	slt	x0,x10,x2	 x10:0x0040391d  x2:0x331cdb72  x0=0x00000000
          73234	      3560	800037c4	86d1	c.srai	x13,0x14	 x13:0x7f8dc4db x13=0x000007f8
          73254	      3561	800037c6	00a71fb3	sll	x31,x14,x10	 x14:0x82e28e05 x10:0x0040391d x31=0xa0000000
          73354	      3566	800037ca	03a79db3	mulh	x27,x15,x26	 x15:0x80000000 x26:0x00000001 x27=0xffffffff
          73374	      3567	800037ce	09ed	c.addi	x19,27	 x19:0x9d1d7349 x19=0x9d1d7364
          73394	      3568	800037d0	127d	c.addi	x4,-1	  x4:0x4317f682  x4=0x4317f681
          73414	      3569	800037d2	9d46	c.add	x26,x17	 x26:0x00000001 x17:0x80021e64 x26=0x80021e65
          73434	      3570	800037d4	3401faf3	csrrci	x21,mscratch,3	 x21=0x80000000
          74174	      3607	800037d8	0384d9b3	divu	x19,x9,x24	  x9:0x0000001f x24:0x00000011 x19=0x00000001
          74194	      3608	800037dc	0001	c.addi	x0,0	  x0:0x00000000  x0=0x00000000
          74214	      3609	800037de	e6d2f593	andi	x11,x5,-403	  x5:0xe0000000 x11=0xe0000000
          74234	      3610	800037e2	717d	c.addi16sp	x2,-16	  x2:0x331cdb72  x2=0x331cdb62
          74254	      3611	800037e4	0175c263	blt	x11,x23,800037e8	 x11:0xe0000000 x23:0x7fffffff
          74494	      3623	800037e8	34032b73	csrrs	x22,mscratch,x6	  x6:0xa7887547 x22=0x80000000
          74914	      3644	800037ec	f1a33993	sltiu	x19,x6,-230	  x6:0xa7887547 x19=0x00000001
          75054	      3651	800037f0	066ae163	bltu	x21,x6,80003852	 x21:0x80000000  x6:0xa7887547
          76414	      3719	80003852	030070b3	remu	x1,x0,x16	  x0:0x00000000 x16:0xfffffff9  x1=0x00000000
          76434	      3720	80003856	c2a9	c.beqz	x13,80003898	 x13:0x000007f8
          76454	      3721	80003858	3fa76293	ori	x5,x14,1018	 x14:0x82e28e05  x5=0x82e28fff
          76474	      3722	8000385c	8cb1	c.xor	x9,x12	  x9:0x0000001f x12:0x80025ce4  x9=0x80025cfb
          76494	      3723	8000385e	02975763	bge	x14,x9,8000388c	 x14:0x82e28e05  x9:0x80025cfb
          76574	      3727	8000388c	57bc61b7	lui	x3,0x57bc6	  x3=0x57bc6000
          76674	      3732	80003890	9cce	c.add	x25,x19	 x25:0x0000001c x19:0x00000001 x25=0x0000001d
          76694	      3733	80003892	8ced	c.and	x9,x11	  x9:0x80025cfb x11:0xe0000000  x9=0x80000000
          76814	      3739	80003894	001fd913	srli	x18,x31,0x1	 x31:0xa0000000 x18=0x50000000
          76834	      3740	80003898	e811	c.bnez	x8,800038ac	  x8:0x7d1d7349
          77314	      3764	800038ac	012abc33	sltu	x24,x21,x18	 x21:0x80000000 x18:0x50000000 x24=0x00000000
          77674	      3782	800038b0	01b863b3	or	x7,x16,x27	 x16:0xfffffff9 x27:0xffffffff  x7=0xffffffff
          77694	      3783	800038b4	0a72	c.slli	x20,0x1c	 x20:0x80723b39 x20=0x90000000
          77734	      3785	800038b6	01009213	slli	x4,x1,0x10	  x1:0x00000000  x4=0x00000000
          78014	      3799	800038ba	aa282593	slti	x11,x16,-1374	 x16:0xfffffff9 x11=0x00000000
          78034	      3800	800038be	8299	c.srli	x13,0x6	 x13:0x000007f8 x13=0x0000001f
          78054	      3801	800038c0	8db56293	ori	x5,x10,-1829	 x10:0x0040391d  x5=0xfffff9df
          78074	      3802	800038c4	c1a1	c.beqz	x11,80003904	 x11:0x00000000
          78514	      3824	80003904	8411	c.srai	x8,0x4	  x8:0x7d1d7349  x8=0x07d1d734
         110554	      5426	80003906	0165ea33	or	x20,x11,x22	 x11:0x00000000 x22:0x80000000 x20=0x80000000
         110574	      5427	8000390a	6111	c.addi16sp	x2,256	  x2:0x331cdb62  x2=0x331cdc62
         110594	      5428	8000390c	03c9	c.addi	x7,18	  x7:0xffffffff  x7=0x00000011
         110614	      5429	8000390e	015bb933	sltu	x18,x23,x21	 x23:0x7fffffff x21:0x80000000 x18=0x00000001
         110634	      5430	80003912	8d21	c.xor	x10,x8	 x10:0x0040391d  x8:0x07d1d734 x10=0x0791ee29
         110654	      5431	80003914	01d4f133	and	x2,x9,x29	  x9:0x80000000 x29:0xfffffc1d  x2=0x80000000
         110674	      5432	80003918	40a10fb3	sub	x31,x2,x10	  x2:0x80000000 x10:0x0791ee29 x31=0x786e11d7
         110694	      5433	8000391c	01cebb33	sltu	x22,x29,x28	 x29:0xfffffc1d x28:0x00003000 x22=0x00000000
         110794	      5438	80003920	10fd	c.addi	x1,-1	  x1:0x00000000  x1=0xffffffff
         110814	      5439	80003922	02395063	bge	x18,x3,80003942	 x18:0x00000001  x3:0x57bc6000
         110834	      5440	80003926	00e41933	sll	x18,x8,x14	  x8:0x07d1d734 x14:0x82e28e05 x18=0xfa3ae680
         110854	      5441	8000392a	0001	c.addi	x0,0	  x0:0x00000000  x0=0x00000000
         110874	      5442	8000392c	340b5173	csrrwi	x2,mscratch,22	  x2=0xa7887547
         110894	      5443	80003930	3a96ed13	ori	x26,x13,937	 x13:0x0000001f x26=0x000003bf
         110914	      5444	80003934	0086e133	or	x2,x13,x8	 x13:0x0000001f  x8:0x07d1d734  x2=0x07d1d73f
         110934	      5445	80003938	01a59333	sll	x6,x11,x26	 x11:0x00000000 x26:0x000003bf  x6=0x00000000
         111134	      5455	8000393c	00902ab3	slt	x21,x0,x9	  x0:0x00000000  x9:0x80000000 x21=0x00000000
         111254	      5461	80003940	8c99	c.sub	x9,x14	  x9:0x80000000 x14:0x82e28e05  x9=0xfd1d71fb
         111674	      5482	80003942	6bcd6493	ori	x9,x26,1724	 x26:0x000003bf  x9=0x000007bf
         111694	      5483	80003946	3403bff3	csrrc	x31,mscratch,x7	  x7:0x00000011 x31=0x00000016
         111714	      5484	8000394a	ffffd797	auipc	x15,0xffffd	 x15=0x8000094a
         111834	      5490	8000394e	a1478793	addi	x15,x15,-1516	 x15:0x8000094a x15=0x8000035e
         111854	      5491	80003952	00078067	jalr	x0,0(x15)	 x15:0x8000035e  x0=0x00000000
         112854	      5541	8000035e	90000cb7	lui	x25,0x90000	 x25=0x90000000
         112874	      5542	80000362	1ce1	c.addi	x25,-8	 x25:0x90000000 x25=0x8ffffff8
         113014	      5549	80000364	4f81	c.li	x31,0	 x31=0x00000000
         113034	      5550	80000366	0fa2	c.slli	x31,0x8	 x31:0x00000000 x31=0x00000000
         113194	      5558	80000368	0f85	c.addi	x31,1	 x31:0x00000000 x31=0x00000001
         113834	      5590	8000036a	01fca023	sw	x31,0(x25)	 x25:0x8ffffff8 x31:0x00000001 PA:0x8ffffff8 store:0x00000001
         113854	      5591	8000036e	00000073	ecall	
         152714	      7534	80002700	0800006f	jal	x0,80002780	  x0=0x00000000
         152914	      7544	80002780	1671	c.addi	x12,-4	 x12:0x80025ce4 x12=0x80025ce0
         153714	      7584	80002782	01162023	sw	x17,0(x12)	 x12:0x80025ce0 x17:0x80021e64 PA:0x80025ce0 store:0x80021e64
         153734	      7585	80002786	000608b3	add	x17,x12,x0	 x12:0x80025ce0  x0:0x00000000 x17=0x80025ce0
         153754	      7586	8000278a	f8088893	addi	x17,x17,-128	 x17:0x80025ce0 x17=0x80025c60
         153974	      7597	8000278e	0018a223	sw	x1,4(x17)	 x17:0x80025c60  x1:0xffffffff PA:0x80025c64 store:0xffffffff
         154134	      7605	80002792	0028a423	sw	x2,8(x17)	 x17:0x80025c60  x2:0x07d1d73f PA:0x80025c68 store:0x07d1d73f
         154554	      7626	80002796	0038a623	sw	x3,12(x17)	 x17:0x80025c60  x3:0x57bc6000 PA:0x80025c6c store:0x57bc6000
         155014	      7649	8000279a	0048a823	sw	x4,16(x17)	 x17:0x80025c60  x4:0x00000000 PA:0x80025c70 store:0x00000000
         155074	      7652	8000279e	0058aa23	sw	x5,20(x17)	 x17:0x80025c60  x5:0xfffff9df PA:0x80025c74 store:0xfffff9df
         155614	      7679	800027a2	0068ac23	sw	x6,24(x17)	 x17:0x80025c60  x6:0x00000000 PA:0x80025c78 store:0x00000000
         155794	      7688	800027a6	0078ae23	sw	x7,28(x17)	 x17:0x80025c60  x7:0x00000011 PA:0x80025c7c store:0x00000011
         155874	      7692	800027aa	0288a023	sw	x8,32(x17)	 x17:0x80025c60  x8:0x07d1d734 PA:0x80025c80 store:0x07d1d734
         155894	      7693	800027ae	0298a223	sw	x9,36(x17)	 x17:0x80025c60  x9:0x000007bf PA:0x80025c84 store:0x000007bf
         156254	      7711	800027b2	02a8a423	sw	x10,40(x17)	 x17:0x80025c60 x10:0x0791ee29 PA:0x80025c88 store:0x0791ee29
         156314	      7714	800027b6	02b8a623	sw	x11,44(x17)	 x17:0x80025c60 x11:0x00000000 PA:0x80025c8c store:0x00000000
         156334	      7715	800027ba	02c8a823	sw	x12,48(x17)	 x17:0x80025c60 x12:0x80025ce0 PA:0x80025c90 store:0x80025ce0
         156394	      7718	800027be	02d8aa23	sw	x13,52(x17)	 x17:0x80025c60 x13:0x0000001f PA:0x80025c94 store:0x0000001f
         156994	      7748	800027c2	02e8ac23	sw	x14,56(x17)	 x17:0x80025c60 x14:0x82e28e05 PA:0x80025c98 store:0x82e28e05
         157054	      7751	800027c6	02f8ae23	sw	x15,60(x17)	 x17:0x80025c60 x15:0x8000035e PA:0x80025c9c store:0x8000035e
         157074	      7752	800027ca	0508a023	sw	x16,64(x17)	 x17:0x80025c60 x16:0xfffffff9 PA:0x80025ca0 store:0xfffffff9
         157094	      7753	800027ce	0518a223	sw	x17,68(x17)	 x17:0x80025c60 x17:0x80025c60 PA:0x80025ca4 store:0x80025c60
         157114	      7754	800027d2	0528a423	sw	x18,72(x17)	 x17:0x80025c60 x18:0xfa3ae680 PA:0x80025ca8 store:0xfa3ae680
         157334	      7765	800027d6	0538a623	sw	x19,76(x17)	 x17:0x80025c60 x19:0x00000001 PA:0x80025cac store:0x00000001
         157354	      7766	800027da	0548a823	sw	x20,80(x17)	 x17:0x80025c60 x20:0x80000000 PA:0x80025cb0 store:0x80000000
         157494	      7773	800027de	0558aa23	sw	x21,84(x17)	 x17:0x80025c60 x21:0x00000000 PA:0x80025cb4 store:0x00000000
         157574	      7777	800027e2	0568ac23	sw	x22,88(x17)	 x17:0x80025c60 x22:0x00000000 PA:0x80025cb8 store:0x00000000
         157774	      7787	800027e6	0578ae23	sw	x23,92(x17)	 x17:0x80025c60 x23:0x7fffffff PA:0x80025cbc store:0x7fffffff
         157794	      7788	800027ea	0788a023	sw	x24,96(x17)	 x17:0x80025c60 x24:0x00000000 PA:0x80025cc0 store:0x00000000
         157814	      7789	800027ee	0798a223	sw	x25,100(x17)	 x17:0x80025c60 x25:0x8ffffff8 PA:0x80025cc4 store:0x8ffffff8
         158194	      7808	800027f2	07a8a423	sw	x26,104(x17)	 x17:0x80025c60 x26:0x000003bf PA:0x80025cc8 store:0x000003bf
         158554	      7826	800027f6	07b8a623	sw	x27,108(x17)	 x17:0x80025c60 x27:0xffffffff PA:0x80025ccc store:0xffffffff
         158574	      7827	800027fa	07c8a823	sw	x28,112(x17)	 x17:0x80025c60 x28:0x00003000 PA:0x80025cd0 store:0x00003000
         158994	      7848	800027fe	07d8aa23	sw	x29,116(x17)	 x17:0x80025c60 x29:0xfffffc1d PA:0x80025cd4 store:0xfffffc1d
         159054	      7851	80002802	07e8ac23	sw	x30,120(x17)	 x17:0x80025c60 x30:0x00000011 PA:0x80025cd8 store:0x00000011
         159074	      7852	80002806	07f8ae23	sw	x31,124(x17)	 x17:0x80025c60 x31:0x00000001 PA:0x80025cdc store:0x00000001
         159094	      7853	8000280a	00088633	add	x12,x17,x0	 x17:0x80025c60  x0:0x00000000 x12=0x80025c60
         159114	      7854	8000280e	90000cb7	lui	x25,0x90000	 x25=0x90000000
         159134	      7855	80002812	1cf1	c.addi	x25,-4	 x25:0x90000000 x25=0x8ffffffc
         159154	      7856	80002814	4fa1	c.li	x31,8	 x31=0x00000008
         159174	      7857	80002816	0fa2	c.slli	x31,0x8	 x31:0x00000008 x31=0x00000800
         159194	      7858	80002818	000f8f93	addi	x31,x31,0	 x31:0x00000800 x31=0x00000800
         159254	      7861	8000281c	01fca023	sw	x31,0(x25)	 x25:0x8ffffffc x31:0x00000800 PA:0x8ffffffc store:0x00000800
         159274	      7862	80002820	34102ff3	csrrs	x31,mepc,x0	  x0:0x00000000 x31=0x8000036e
         159434	      7870	80002824	34202ff3	csrrs	x31,mcause,x0	  x0:0x00000000 x31=0x0000000b
         159454	      7871	80002828	4c8d	c.li	x25,3	 x25=0x00000003
         159474	      7872	8000282a	019f9463	bne	x31,x25,80002832	 x31:0x0000000b x25:0x00000003
         159814	      7889	80002832	4ca1	c.li	x25,8	 x25=0x00000008
         159834	      7890	80002834	059f8d63	beq	x31,x25,8000288e	 x31:0x0000000b x25:0x00000008
         159974	      7897	80002838	4ca5	c.li	x25,9	 x25=0x00000009
         159994	      7898	8000283a	059f8a63	beq	x31,x25,8000288e	 x31:0x0000000b x25:0x00000009
         160014	      7899	8000283e	4cad	c.li	x25,11	 x25=0x0000000b
         160034	      7900	80002840	059f8763	beq	x31,x25,8000288e	 x31:0x0000000b x25:0x0000000b
         161094	      7953	8000288e	90000cb7	lui	x25,0x90000	 x25=0x90000000
         161114	      7954	80002892	1cf1	c.addi	x25,-4	 x25:0x90000000 x25=0x8ffffffc
         161134	      7955	80002894	6f85	c.lui	x31,0x1	 x31=0x00001000
         161154	      7956	80002896	b00f8f93	addi	x31,x31,-1280	 x31:0x00001000 x31=0x00000b00
         161174	      7957	8000289a	0fa2	c.slli	x31,0x8	 x31:0x00000b00 x31=0x000b0000
         161194	      7958	8000289c	0f8d	c.addi	x31,3	 x31:0x000b0000 x31=0x000b0003
         161654	      7981	8000289e	01fca023	sw	x31,0(x25)	 x25:0x8ffffffc x31:0x000b0003 PA:0x8ffffffc store:0x000b0003
         161674	      7982	800028a2	b0002ff3	csrrs	x31,mcycle,x0	  x0:0x00000000 x31=0x00001f2b
         161794	      7988	800028a6	01fca023	sw	x31,0(x25)	 x25:0x8ffffffc x31:0x00001f2b PA:0x8ffffffc store:0x00001f2b
         161814	      7989	800028aa	90000cb7	lui	x25,0x90000	 x25=0x90000000
         161834	      7990	800028ae	1cf1	c.addi	x25,-4	 x25:0x90000000 x25=0x8ffffffc
         161854	      7991	800028b0	6f85	c.lui	x31,0x1	 x31=0x00001000
         161874	      7992	800028b2	b80f8f93	addi	x31,x31,-1152	 x31:0x00001000 x31=0x00000b80
         161894	      7993	800028b6	0fa2	c.slli	x31,0x8	 x31:0x00000b80 x31=0x000b8000
         161974	      7997	800028b8	0f8d	c.addi	x31,3	 x31:0x000b8000 x31=0x000b8003
         162034	      8000	800028ba	01fca023	sw	x31,0(x25)	 x25:0x8ffffffc x31:0x000b8003 PA:0x8ffffffc store:0x000b8003
         162214	      8009	800028be	b8002ff3	csrrs	x31,mcycleh,x0	  x0:0x00000000 x31=0x00000000
         162574	      8027	800028c2	01fca023	sw	x31,0(x25)	 x25:0x8ffffffc x31:0x00000000 PA:0x8ffffffc store:0x00000000
         162594	      8028	800028c6	90000cb7	lui	x25,0x90000	 x25=0x90000000
         162614	      8029	800028ca	1cf1	c.addi	x25,-4	 x25:0x90000000 x25=0x8ffffffc
         162634	      8030	800028cc	6f85	c.lui	x31,0x1	 x31=0x00001000
         162654	      8031	800028ce	b03f8f93	addi	x31,x31,-1277	 x31:0x00001000 x31=0x00000b03
         162674	      8032	800028d2	0fa2	c.slli	x31,0x8	 x31:0x00000b03 x31=0x000b0300
         162694	      8033	800028d4	0f8d	c.addi	x31,3	 x31:0x000b0300 x31=0x000b0303
         162854	      8041	800028d6	01fca023	sw	x31,0(x25)	 x25:0x8ffffffc x31:0x000b0303 PA:0x8ffffffc store:0x000b0303
         162874	      8042	800028da	b0302ff3	csrrs	x31,mhpmcounter3,x0	  x0:0x00000000 x31=0x000000b8
         162954	      8046	800028de	01fca023	sw	x31,0(x25)	 x25:0x8ffffffc x31:0x000000b8 PA:0x8ffffffc store:0x000000b8
         163154	      8056	800028e2	90000cb7	lui	x25,0x90000	 x25=0x90000000
         163174	      8057	800028e6	1cf1	c.addi	x25,-4	 x25:0x90000000 x25=0x8ffffffc
         163274	      8062	800028e8	6f85	c.lui	x31,0x1	 x31=0x00001000
         163434	      8070	800028ea	b83f8f93	addi	x31,x31,-1149	 x31:0x00001000 x31=0x00000b83
         163454	      8071	800028ee	0fa2	c.slli	x31,0x8	 x31:0x00000b83 x31=0x000b8300
         163574	      8077	800028f0	0f8d	c.addi	x31,3	 x31:0x000b8300 x31=0x000b8303
         164034	      8100	800028f2	01fca023	sw	x31,0(x25)	 x25:0x8ffffffc x31:0x000b8303 PA:0x8ffffffc store:0x000b8303
         164054	      8101	800028f6	b8302ff3	csrrs	x31,mhpmcounter3h,x0	  x0:0x00000000 x31=0x00000000
         164254	      8111	800028fa	01fca023	sw	x31,0(x25)	 x25:0x8ffffffc x31:0x00000000 PA:0x8ffffffc store:0x00000000
         164274	      8112	800028fe	90000cb7	lui	x25,0x90000	 x25=0x90000000
         164294	      8113	80002902	1cf1	c.addi	x25,-4	 x25:0x90000000 x25=0x8ffffffc
         164314	      8114	80002904	6f85	c.lui	x31,0x1	 x31=0x00001000
         164334	      8115	80002906	b04f8f93	addi	x31,x31,-1276	 x31:0x00001000 x31=0x00000b04
         164354	      8116	8000290a	0fa2	c.slli	x31,0x8	 x31:0x00000b04 x31=0x000b0400
         164374	      8117	8000290c	0f8d	c.addi	x31,3	 x31:0x000b0400 x31=0x000b0403
         164554	      8126	8000290e	01fca023	sw	x31,0(x25)	 x25:0x8ffffffc x31:0x000b0403 PA:0x8ffffffc store:0x000b0403
         164614	      8129	80002912	b0402ff3	csrrs	x31,mhpmcounter4,x0	  x0:0x00000000 x31=0x000008de
         164934	      8145	80002916	01fca023	sw	x31,0(x25)	 x25:0x8ffffffc x31:0x000008de PA:0x8ffffffc store:0x000008de
         164954	      8146	8000291a	90000cb7	lui	x25,0x90000	 x25=0x90000000
         164974	      8147	8000291e	1cf1	c.addi	x25,-4	 x25:0x90000000 x25=0x8ffffffc
         164994	      8148	80002920	6f85	c.lui	x31,0x1	 x31=0x00001000
         165014	      8149	80002922	b84f8f93	addi	x31,x31,-1148	 x31:0x00001000 x31=0x00000b84
         165034	      8150	80002926	0fa2	c.slli	x31,0x8	 x31:0x00000b84 x31=0x000b8400
         165214	      8159	80002928	0f8d	c.addi	x31,3	 x31:0x000b8400 x31=0x000b8403
         165274	      8162	8000292a	01fca023	sw	x31,0(x25)	 x25:0x8ffffffc x31:0x000b8403 PA:0x8ffffffc store:0x000b8403
         165354	      8166	8000292e	b8402ff3	csrrs	x31,mhpmcounter4h,x0	  x0:0x00000000 x31=0x00000000
         165454	      8171	80002932	01fca023	sw	x31,0(x25)	 x25:0x8ffffffc x31:0x00000000 PA:0x8ffffffc store:0x00000000
         165594	      8178	80002936	90000cb7	lui	x25,0x90000	 x25=0x90000000
         165614	      8179	8000293a	1cf1	c.addi	x25,-4	 x25:0x90000000 x25=0x8ffffffc
         165794	      8188	8000293c	6f85	c.lui	x31,0x1	 x31=0x00001000
         165914	      8194	8000293e	b05f8f93	addi	x31,x31,-1275	 x31:0x00001000 x31=0x00000b05
         165934	      8195	80002942	0fa2	c.slli	x31,0x8	 x31:0x00000b05 x31=0x000b0500
         165994	      8198	80002944	0f8d	c.addi	x31,3	 x31:0x000b0500 x31=0x000b0503
         166054	      8201	80002946	01fca023	sw	x31,0(x25)	 x25:0x8ffffffc x31:0x000b0503 PA:0x8ffffffc store:0x000b0503
         166074	      8202	8000294a	b0502ff3	csrrs	x31,mhpmcounter5,x0	  x0:0x00000000 x31=0x00000000
         166094	      8203	8000294e	01fca023	sw	x31,0(x25)	 x25:0x8ffffffc x31:0x00000000 PA:0x8ffffffc store:0x00000000
         166114	      8204	80002952	90000cb7	lui	x25,0x90000	 x25=0x90000000
         166134	      8205	80002956	1cf1	c.addi	x25,-4	 x25:0x90000000 x25=0x8ffffffc
         166194	      8208	80002958	6f85	c.lui	x31,0x1	 x31=0x00001000
         166214	      8209	8000295a	b85f8f93	addi	x31,x31,-1147	 x31:0x00001000 x31=0x00000b85
         166234	      8210	8000295e	0fa2	c.slli	x31,0x8	 x31:0x00000b85 x31=0x000b8500
         166254	      8211	80002960	0f8d	c.addi	x31,3	 x31:0x000b8500 x31=0x000b8503
         166354	      8216	80002962	01fca023	sw	x31,0(x25)	 x25:0x8ffffffc x31:0x000b8503 PA:0x8ffffffc store:0x000b8503
         166374	      8217	80002966	b8502ff3	csrrs	x31,mhpmcounter5h,x0	  x0:0x00000000 x31=0x00000000
         166434	      8220	8000296a	01fca023	sw	x31,0(x25)	 x25:0x8ffffffc x31:0x00000000 PA:0x8ffffffc store:0x00000000
         166454	      8221	8000296e	90000cb7	lui	x25,0x90000	 x25=0x90000000
         166474	      8222	80002972	1cf1	c.addi	x25,-4	 x25:0x90000000 x25=0x8ffffffc
         166734	      8235	80002974	6f85	c.lui	x31,0x1	 x31=0x00001000
         167074	      8252	80002976	b06f8f93	addi	x31,x31,-1274	 x31:0x00001000 x31=0x00000b06
         167094	      8253	8000297a	0fa2	c.slli	x31,0x8	 x31:0x00000b06 x31=0x000b0600
         167194	      8258	8000297c	0f8d	c.addi	x31,3	 x31:0x000b0600 x31=0x000b0603
         167254	      8261	8000297e	01fca023	sw	x31,0(x25)	 x25:0x8ffffffc x31:0x000b0603 PA:0x8ffffffc store:0x000b0603
         167634	      8280	80002982	b0602ff3	csrrs	x31,mhpmcounter6,x0	  x0:0x00000000 x31=0x00000038
         167934	      8295	80002986	01fca023	sw	x31,0(x25)	 x25:0x8ffffffc x31:0x00000038 PA:0x8ffffffc store:0x00000038
         167954	      8296	8000298a	90000cb7	lui	x25,0x90000	 x25=0x90000000
         167974	      8297	8000298e	1cf1	c.addi	x25,-4	 x25:0x90000000 x25=0x8ffffffc
         167994	      8298	80002990	6f85	c.lui	x31,0x1	 x31=0x00001000
         168254	      8311	80002992	b86f8f93	addi	x31,x31,-1146	 x31:0x00001000 x31=0x00000b86
         168274	      8312	80002996	0fa2	c.slli	x31,0x8	 x31:0x00000b86 x31=0x000b8600
         168294	      8313	80002998	0f8d	c.addi	x31,3	 x31:0x000b8600 x31=0x000b8603
         168734	      8335	8000299a	01fca023	sw	x31,0(x25)	 x25:0x8ffffffc x31:0x000b8603 PA:0x8ffffffc store:0x000b8603
         168754	      8336	8000299e	b8602ff3	csrrs	x31,mhpmcounter6h,x0	  x0:0x00000000 x31=0x00000000
         168974	      8347	800029a2	01fca023	sw	x31,0(x25)	 x25:0x8ffffffc x31:0x00000000 PA:0x8ffffffc store:0x00000000
         168994	      8348	800029a6	90000cb7	lui	x25,0x90000	 x25=0x90000000
         169014	      8349	800029aa	1cf1	c.addi	x25,-4	 x25:0x90000000 x25=0x8ffffffc
         169034	      8350	800029ac	6f85	c.lui	x31,0x1	 x31=0x00001000
         169054	      8351	800029ae	b07f8f93	addi	x31,x31,-1273	 x31:0x00001000 x31=0x00000b07
         169074	      8352	800029b2	0fa2	c.slli	x31,0x8	 x31:0x00000b07 x31=0x000b0700
         169094	      8353	800029b4	0f8d	c.addi	x31,3	 x31:0x000b0700 x31=0x000b0703
         169294	      8363	800029b6	01fca023	sw	x31,0(x25)	 x25:0x8ffffffc x31:0x000b0703 PA:0x8ffffffc store:0x000b0703
         169414	      8369	800029ba	b0702ff3	csrrs	x31,mhpmcounter7,x0	  x0:0x00000000 x31=0x00000005
         169474	      8372	800029be	01fca023	sw	x31,0(x25)	 x25:0x8ffffffc x31:0x00000005 PA:0x8ffffffc store:0x00000005
         169494	      8373	800029c2	90000cb7	lui	x25,0x90000	 x25=0x90000000
         169514	      8374	800029c6	1cf1	c.addi	x25,-4	 x25:0x90000000 x25=0x8ffffffc
         169534	      8375	800029c8	6f85	c.lui	x31,0x1	 x31=0x00001000
         169554	      8376	800029ca	b87f8f93	addi	x31,x31,-1145	 x31:0x00001000 x31=0x00000b87
         169574	      8377	800029ce	0fa2	c.slli	x31,0x8	 x31:0x00000b87 x31=0x000b8700
         169634	      8380	800029d0	0f8d	c.addi	x31,3	 x31:0x000b8700 x31=0x000b8703
         169994	      8398	800029d2	01fca023	sw	x31,0(x25)	 x25:0x8ffffffc x31:0x000b8703 PA:0x8ffffffc store:0x000b8703
         170014	      8399	800029d6	b8702ff3	csrrs	x31,mhpmcounter7h,x0	  x0:0x00000000 x31=0x00000000
         170334	      8415	800029da	01fca023	sw	x31,0(x25)	 x25:0x8ffffffc x31:0x00000000 PA:0x8ffffffc store:0x00000000
         170354	      8416	800029de	90000cb7	lui	x25,0x90000	 x25=0x90000000
         170374	      8417	800029e2	1cf1	c.addi	x25,-4	 x25:0x90000000 x25=0x8ffffffc
         170474	      8422	800029e4	6f85	c.lui	x31,0x1	 x31=0x00001000
         170494	      8423	800029e6	b08f8f93	addi	x31,x31,-1272	 x31:0x00001000 x31=0x00000b08
         170514	      8424	800029ea	0fa2	c.slli	x31,0x8	 x31:0x00000b08 x31=0x000b0800
         170534	      8425	800029ec	0f8d	c.addi	x31,3	 x31:0x000b0800 x31=0x000b0803
         170634	      8430	800029ee	01fca023	sw	x31,0(x25)	 x25:0x8ffffffc x31:0x000b0803 PA:0x8ffffffc store:0x000b0803
         170654	      8431	800029f2	b0802ff3	csrrs	x31,mhpmcounter8,x0	  x0:0x00000000 x31=0x00000020
         170974	      8447	800029f6	01fca023	sw	x31,0(x25)	 x25:0x8ffffffc x31:0x00000020 PA:0x8ffffffc store:0x00000020
         170994	      8448	800029fa	90000cb7	lui	x25,0x90000	 x25=0x90000000
         171014	      8449	800029fe	1cf1	c.addi	x25,-4	 x25:0x90000000 x25=0x8ffffffc
         171174	      8457	80002a00	6f85	c.lui	x31,0x1	 x31=0x00001000
         171274	      8462	80002a02	b88f8f93	addi	x31,x31,-1144	 x31:0x00001000 x31=0x00000b88
         171294	      8463	80002a06	0fa2	c.slli	x31,0x8	 x31:0x00000b88 x31=0x000b8800
         171314	      8464	80002a08	0f8d	c.addi	x31,3	 x31:0x000b8800 x31=0x000b8803
         171614	      8479	80002a0a	01fca023	sw	x31,0(x25)	 x25:0x8ffffffc x31:0x000b8803 PA:0x8ffffffc store:0x000b8803
         171634	      8480	80002a0e	b8802ff3	csrrs	x31,mhpmcounter8h,x0	  x0:0x00000000 x31=0x00000000
         171694	      8483	80002a12	01fca023	sw	x31,0(x25)	 x25:0x8ffffffc x31:0x00000000 PA:0x8ffffffc store:0x00000000
         171714	      8484	80002a16	90000cb7	lui	x25,0x90000	 x25=0x90000000
         171734	      8485	80002a1a	1cf1	c.addi	x25,-4	 x25:0x90000000 x25=0x8ffffffc
         171754	      8486	80002a1c	6f85	c.lui	x31,0x1	 x31=0x00001000
         171974	      8497	80002a1e	b09f8f93	addi	x31,x31,-1271	 x31:0x00001000 x31=0x00000b09
         171994	      8498	80002a22	0fa2	c.slli	x31,0x8	 x31:0x00000b09 x31=0x000b0900
         172014	      8499	80002a24	0f8d	c.addi	x31,3	 x31:0x000b0900 x31=0x000b0903
         172074	      8502	80002a26	01fca023	sw	x31,0(x25)	 x25:0x8ffffffc x31:0x000b0903 PA:0x8ffffffc store:0x000b0903
         172094	      8503	80002a2a	b0902ff3	csrrs	x31,mhpmcounter9,x0	  x0:0x00000000 x31=0x00000010
         172454	      8521	80002a2e	01fca023	sw	x31,0(x25)	 x25:0x8ffffffc x31:0x00000010 PA:0x8ffffffc store:0x00000010
         172474	      8522	80002a32	90000cb7	lui	x25,0x90000	 x25=0x90000000
         172494	      8523	80002a36	1cf1	c.addi	x25,-4	 x25:0x90000000 x25=0x8ffffffc
         172514	      8524	80002a38	6f85	c.lui	x31,0x1	 x31=0x00001000
         172534	      8525	80002a3a	b89f8f93	addi	x31,x31,-1143	 x31:0x00001000 x31=0x00000b89
         172554	      8526	80002a3e	0fa2	c.slli	x31,0x8	 x31:0x00000b89 x31=0x000b8900
         172574	      8527	80002a40	0f8d	c.addi	x31,3	 x31:0x000b8900 x31=0x000b8903
         172674	      8532	80002a42	01fca023	sw	x31,0(x25)	 x25:0x8ffffffc x31:0x000b8903 PA:0x8ffffffc store:0x000b8903
         172694	      8533	80002a46	b8902ff3	csrrs	x31,mhpmcounter9h,x0	  x0:0x00000000 x31=0x00000000
         173154	      8556	80002a4a	01fca023	sw	x31,0(x25)	 x25:0x8ffffffc x31:0x00000000 PA:0x8ffffffc store:0x00000000
         173254	      8561	80002a4e	90000cb7	lui	x25,0x90000	 x25=0x90000000
         173274	      8562	80002a52	1cf1	c.addi	x25,-4	 x25:0x90000000 x25=0x8ffffffc
         173294	      8563	80002a54	6f85	c.lui	x31,0x1	 x31=0x00001000
         173314	      8564	80002a56	b0af8f93	addi	x31,x31,-1270	 x31:0x00001000 x31=0x00000b0a
         173334	      8565	80002a5a	0fa2	c.slli	x31,0x8	 x31:0x00000b0a x31=0x000b0a00
         173714	      8584	80002a5c	0f8d	c.addi	x31,3	 x31:0x000b0a00 x31=0x000b0a03
         173774	      8587	80002a5e	01fca023	sw	x31,0(x25)	 x25:0x8ffffffc x31:0x000b0a03 PA:0x8ffffffc store:0x000b0a03
         174114	      8604	80002a62	b0a02ff3	csrrs	x31,mhpmcounter10,x0	  x0:0x00000000 x31=0x000000cc
         174174	      8607	80002a66	01fca023	sw	x31,0(x25)	 x25:0x8ffffffc x31:0x000000cc PA:0x8ffffffc store:0x000000cc
         174194	      8608	80002a6a	90000cb7	lui	x25,0x90000	 x25=0x90000000
         174214	      8609	80002a6e	1cf1	c.addi	x25,-4	 x25:0x90000000 x25=0x8ffffffc
         174234	      8610	80002a70	6f85	c.lui	x31,0x1	 x31=0x00001000
         174654	      8631	80002a72	b8af8f93	addi	x31,x31,-1142	 x31:0x00001000 x31=0x00000b8a
         174674	      8632	80002a76	0fa2	c.slli	x31,0x8	 x31:0x00000b8a x31=0x000b8a00
         174854	      8641	80002a78	0f8d	c.addi	x31,3	 x31:0x000b8a00 x31=0x000b8a03
