UVM_FATAL /runtime_only_unique_aayw.sv(1) @ 1: runtime_only_unique_failure_aayw normalization resistant timing marker
RUNTIME_ONLY_CASE=673 SOURCE_A=benchmark_set_1:1
riscv_interrupt_csr_test.0 : [FAILED]
RUNTIME_ONLY_COMBINE SOURCE_B=benchmark_set_2:16
riscv_debug_ebreak_test.0 : [FAILED]
000000000 RUNTIME_ONLY neutral retire case=00673 pc=0x80015860 opcode=lw x1=0x80015860
000000001 RUNTIME_ONLY neutral retire case=00673 pc=0x80015864 opcode=sw x2=0x80015865
000000002 RUNTIME_ONLY neutral retire case=00673 pc=0x80015868 opcode=beq x3=0x8001586a
000000003 RUNTIME_ONLY neutral retire case=00673 pc=0x8001586c opcode=csrrw x4=0x8001586f
000000004 RUNTIME_ONLY neutral retire case=00673 pc=0x80015870 opcode=xor x5=0x80015874
000000005 RUNTIME_ONLY neutral retire case=00673 pc=0x80015874 opcode=addi x6=0x80015871
000000006 RUNTIME_ONLY neutral retire case=00673 pc=0x80015878 opcode=lw x7=0x8001587e
000000007 RUNTIME_ONLY neutral retire case=00673 pc=0x8001587c opcode=sw x8=0x8001587b
000000008 RUNTIME_ONLY neutral retire case=00673 pc=0x80015880 opcode=beq x9=0x80015888
000000009 RUNTIME_ONLY neutral retire case=00673 pc=0x80015884 opcode=csrrw x10=0x8001588d
000000010 RUNTIME_ONLY neutral retire case=00673 pc=0x80015888 opcode=xor x11=0x80015882
000000011 RUNTIME_ONLY neutral retire case=00673 pc=0x8001588c opcode=addi x12=0x80015887
000000012 RUNTIME_ONLY neutral retire case=00673 pc=0x80015890 opcode=lw x13=0x8001589c
000000013 RUNTIME_ONLY neutral retire case=00673 pc=0x80015894 opcode=sw x14=0x80015899
000000014 RUNTIME_ONLY neutral retire case=00673 pc=0x80015898 opcode=beq x15=0x80015896
000000015 RUNTIME_ONLY neutral retire case=00673 pc=0x8001589c opcode=csrrw x16=0x80015893
000000016 RUNTIME_ONLY neutral retire case=00673 pc=0x800158a0 opcode=xor x17=0x800158b0
