UVM_FATAL /runtime_only_unique_aahx.sv(1) @ 1: runtime_only_unique_failure_aahx normalization resistant timing marker
RUNTIME_ONLY_CASE=908 SOURCE_A=benchmark_set_2:5
Mismatch[1]:
ibex[937] : pc[80000c7e] srai x21,x28,0x1: s5:ffffff32
RUNTIME_ONLY_COMBINE SOURCE_B=benchmark_set_1:4
riscv_debug_basic_test.0 : [FAILED]
000000000 RUNTIME_ONLY neutral retire case=00908 pc=0x8001d0a4 opcode=sw x12=0x8001d0a4
000000001 RUNTIME_ONLY neutral retire case=00908 pc=0x8001d0a8 opcode=beq x13=0x8001d0a9
000000002 RUNTIME_ONLY neutral retire case=00908 pc=0x8001d0ac opcode=csrrw x14=0x8001d0ae
000000003 RUNTIME_ONLY neutral retire case=00908 pc=0x8001d0b0 opcode=xor x15=0x8001d0b3
000000004 RUNTIME_ONLY neutral retire case=00908 pc=0x8001d0b4 opcode=addi x16=0x8001d0b0
000000005 RUNTIME_ONLY neutral retire case=00908 pc=0x8001d0b8 opcode=lw x17=0x8001d0bd
000000006 RUNTIME_ONLY neutral retire case=00908 pc=0x8001d0bc opcode=sw x18=0x8001d0ba
000000007 RUNTIME_ONLY neutral retire case=00908 pc=0x8001d0c0 opcode=beq x19=0x8001d0c7
000000008 RUNTIME_ONLY neutral retire case=00908 pc=0x8001d0c4 opcode=csrrw x20=0x8001d0cc
000000009 RUNTIME_ONLY neutral retire case=00908 pc=0x8001d0c8 opcode=xor x21=0x8001d0c1
000000010 RUNTIME_ONLY neutral retire case=00908 pc=0x8001d0cc opcode=addi x22=0x8001d0c6
000000011 RUNTIME_ONLY neutral retire case=00908 pc=0x8001d0d0 opcode=lw x23=0x8001d0db
000000012 RUNTIME_ONLY neutral retire case=00908 pc=0x8001d0d4 opcode=sw x24=0x8001d0d8
000000013 RUNTIME_ONLY neutral retire case=00908 pc=0x8001d0d8 opcode=beq x25=0x8001d0d5
000000014 RUNTIME_ONLY neutral retire case=00908 pc=0x8001d0dc opcode=csrrw x26=0x8001d0d2
000000015 RUNTIME_ONLY neutral retire case=00908 pc=0x8001d0e0 opcode=xor x27=0x8001d0ef
