UVM_FATAL /runtime_only_unique_aaig.sv(1) @ 1: runtime_only_unique_failure_aaig normalization resistant timing marker
RUNTIME_ONLY_CASE=917 SOURCE_A=benchmark_set_2:14
riscv_multiple_interrupt_test.0 : [FAILED]
RUNTIME_ONLY_COMBINE SOURCE_B=benchmark_set_1:3
riscv_multiple_interrupt_test.0 : [FAILED]
000000000 RUNTIME_ONLY neutral retire case=00917 pc=0x8001d53c opcode=xor x21=0x8001d53c
000000001 RUNTIME_ONLY neutral retire case=00917 pc=0x8001d540 opcode=addi x22=0x8001d541
000000002 RUNTIME_ONLY neutral retire case=00917 pc=0x8001d544 opcode=lw x23=0x8001d546
000000003 RUNTIME_ONLY neutral retire case=00917 pc=0x8001d548 opcode=sw x24=0x8001d54b
000000004 RUNTIME_ONLY neutral retire case=00917 pc=0x8001d54c opcode=beq x25=0x8001d548
000000005 RUNTIME_ONLY neutral retire case=00917 pc=0x8001d550 opcode=csrrw x26=0x8001d555
000000006 RUNTIME_ONLY neutral retire case=00917 pc=0x8001d554 opcode=xor x27=0x8001d552
000000007 RUNTIME_ONLY neutral retire case=00917 pc=0x8001d558 opcode=addi x28=0x8001d55f
000000008 RUNTIME_ONLY neutral retire case=00917 pc=0x8001d55c opcode=lw x29=0x8001d554
000000009 RUNTIME_ONLY neutral retire case=00917 pc=0x8001d560 opcode=sw x30=0x8001d569
000000010 RUNTIME_ONLY neutral retire case=00917 pc=0x8001d564 opcode=beq x31=0x8001d56e
000000011 RUNTIME_ONLY neutral retire case=00917 pc=0x8001d568 opcode=csrrw x0=0x8001d563
000000012 RUNTIME_ONLY neutral retire case=00917 pc=0x8001d56c opcode=xor x1=0x8001d560
000000013 RUNTIME_ONLY neutral retire case=00917 pc=0x8001d570 opcode=addi x2=0x8001d57d
000000014 RUNTIME_ONLY neutral retire case=00917 pc=0x8001d574 opcode=lw x3=0x8001d57a
