UVM_FATAL /runtime_only_unique_aaid.sv(1) @ 1: runtime_only_unique_failure_aaid normalization resistant timing marker
RUNTIME_ONLY_CASE=238 SOURCE_A=benchmark_set_2:7
Mismatch[1]:
ibex[167] : pc[80000378] mulhsu x10,x13,x11: a0:00802801
RUNTIME_ONLY_COMBINE SOURCE_B=benchmark_set_2:11
spike[186] : pc[ffffffff800002be] c.addi tp, -2: tp:fffffffe
[FAILED]: 228 matched, 7623 mismatch
000000000 RUNTIME_ONLY neutral retire case=00238 pc=0x800079c8 opcode=csrrw x14=0x800079c8
000000001 RUNTIME_ONLY neutral retire case=00238 pc=0x800079cc opcode=xor x15=0x800079cd
000000002 RUNTIME_ONLY neutral retire case=00238 pc=0x800079d0 opcode=addi x16=0x800079d2
000000003 RUNTIME_ONLY neutral retire case=00238 pc=0x800079d4 opcode=lw x17=0x800079d7
000000004 RUNTIME_ONLY neutral retire case=00238 pc=0x800079d8 opcode=sw x18=0x800079dc
000000005 RUNTIME_ONLY neutral retire case=00238 pc=0x800079dc opcode=beq x19=0x800079d9
000000006 RUNTIME_ONLY neutral retire case=00238 pc=0x800079e0 opcode=csrrw x20=0x800079e6
000000007 RUNTIME_ONLY neutral retire case=00238 pc=0x800079e4 opcode=xor x21=0x800079e3
000000008 RUNTIME_ONLY neutral retire case=00238 pc=0x800079e8 opcode=addi x22=0x800079e0
000000009 RUNTIME_ONLY neutral retire case=00238 pc=0x800079ec opcode=lw x23=0x800079e5
000000010 RUNTIME_ONLY neutral retire case=00238 pc=0x800079f0 opcode=sw x24=0x800079fa
000000011 RUNTIME_ONLY neutral retire case=00238 pc=0x800079f4 opcode=beq x25=0x800079ff
000000012 RUNTIME_ONLY neutral retire case=00238 pc=0x800079f8 opcode=csrrw x26=0x800079f4
000000013 RUNTIME_ONLY neutral retire case=00238 pc=0x800079fc opcode=xor x27=0x800079f1
000000014 RUNTIME_ONLY neutral retire case=00238 pc=0x80007a00 opcode=addi x28=0x80007a0e
000000015 RUNTIME_ONLY neutral retire case=00238 pc=0x80007a04 opcode=lw x29=0x80007a0b
000000016 RUNTIME_ONLY neutral retire case=00238 pc=0x80007a08 opcode=sw x30=0x80007a18
