UVM_FATAL /runtime_only_unique_aavq.sv(1) @ 1: runtime_only_unique_failure_aavq normalization resistant timing marker
RUNTIME_ONLY_CASE=589 SOURCE_A=benchmark_set_2:6
riscv_single_interrupt_test.0 : [FAILED]
RUNTIME_ONLY_COMBINE SOURCE_B=benchmark_set_2:4
riscv_single_interrupt_test.0 : [FAILED]
000000000 RUNTIME_ONLY neutral retire case=00589 pc=0x80012d64 opcode=lw x13=0x80012d64
000000001 RUNTIME_ONLY neutral retire case=00589 pc=0x80012d68 opcode=sw x14=0x80012d69
000000002 RUNTIME_ONLY neutral retire case=00589 pc=0x80012d6c opcode=beq x15=0x80012d6e
000000003 RUNTIME_ONLY neutral retire case=00589 pc=0x80012d70 opcode=csrrw x16=0x80012d73
000000004 RUNTIME_ONLY neutral retire case=00589 pc=0x80012d74 opcode=xor x17=0x80012d70
000000005 RUNTIME_ONLY neutral retire case=00589 pc=0x80012d78 opcode=addi x18=0x80012d7d
000000006 RUNTIME_ONLY neutral retire case=00589 pc=0x80012d7c opcode=lw x19=0x80012d7a
000000007 RUNTIME_ONLY neutral retire case=00589 pc=0x80012d80 opcode=sw x20=0x80012d87
000000008 RUNTIME_ONLY neutral retire case=00589 pc=0x80012d84 opcode=beq x21=0x80012d8c
000000009 RUNTIME_ONLY neutral retire case=00589 pc=0x80012d88 opcode=csrrw x22=0x80012d81
000000010 RUNTIME_ONLY neutral retire case=00589 pc=0x80012d8c opcode=xor x23=0x80012d86
000000011 RUNTIME_ONLY neutral retire case=00589 pc=0x80012d90 opcode=addi x24=0x80012d9b
000000012 RUNTIME_ONLY neutral retire case=00589 pc=0x80012d94 opcode=lw x25=0x80012d98
000000013 RUNTIME_ONLY neutral retire case=00589 pc=0x80012d98 opcode=sw x26=0x80012d95
000000014 RUNTIME_ONLY neutral retire case=00589 pc=0x80012d9c opcode=beq x27=0x80012d92
