UVM_FATAL /runtime_only_unique_aaaa.sv(1) @ 1: runtime_only_unique_failure_aaaa normalization resistant timing marker
RUNTIME_ONLY_CASE=1 SOURCE_A=benchmark_set_1:1
riscv_interrupt_csr_test.0 : [FAILED]
RUNTIME_ONLY_COMBINE SOURCE_B=benchmark_set_2:10
spike[74] : pc[ffffffff80011080] addi t0, t0, -124: t0:80021da0
[FAILED]: 64 matched, 3458 mismatch
000000000 RUNTIME_ONLY neutral retire case=00001 pc=0x80000080 opcode=lw x1=0x80000080
000000001 RUNTIME_ONLY neutral retire case=00001 pc=0x80000084 opcode=sw x2=0x80000085
000000002 RUNTIME_ONLY neutral retire case=00001 pc=0x80000088 opcode=beq x3=0x8000008a
000000003 RUNTIME_ONLY neutral retire case=00001 pc=0x8000008c opcode=csrrw x4=0x8000008f
000000004 RUNTIME_ONLY neutral retire case=00001 pc=0x80000090 opcode=xor x5=0x80000094
000000005 RUNTIME_ONLY neutral retire case=00001 pc=0x80000094 opcode=addi x6=0x80000091
000000006 RUNTIME_ONLY neutral retire case=00001 pc=0x80000098 opcode=lw x7=0x8000009e
000000007 RUNTIME_ONLY neutral retire case=00001 pc=0x8000009c opcode=sw x8=0x8000009b
000000008 RUNTIME_ONLY neutral retire case=00001 pc=0x800000a0 opcode=beq x9=0x800000a8
000000009 RUNTIME_ONLY neutral retire case=00001 pc=0x800000a4 opcode=csrrw x10=0x800000ad
000000010 RUNTIME_ONLY neutral retire case=00001 pc=0x800000a8 opcode=xor x11=0x800000a2
000000011 RUNTIME_ONLY neutral retire case=00001 pc=0x800000ac opcode=addi x12=0x800000a7
000000012 RUNTIME_ONLY neutral retire case=00001 pc=0x800000b0 opcode=lw x13=0x800000bc
000000013 RUNTIME_ONLY neutral retire case=00001 pc=0x800000b4 opcode=sw x14=0x800000b9
000000014 RUNTIME_ONLY neutral retire case=00001 pc=0x800000b8 opcode=beq x15=0x800000b6
000000015 RUNTIME_ONLY neutral retire case=00001 pc=0x800000bc opcode=csrrw x16=0x800000b3
000000016 RUNTIME_ONLY neutral retire case=00001 pc=0x800000c0 opcode=xor x17=0x800000d0
000000017 RUNTIME_ONLY neutral retire case=00001 pc=0x800000c4 opcode=addi x18=0x800000d5
000000018 RUNTIME_ONLY neutral retire case=00001 pc=0x800000c8 opcode=lw x19=0x800000da
000000019 RUNTIME_ONLY neutral retire case=00001 pc=0x800000cc opcode=sw x20=0x800000df
000000020 RUNTIME_ONLY neutral retire case=00001 pc=0x800000d0 opcode=beq x21=0x800000c4
000000021 RUNTIME_ONLY neutral retire case=00001 pc=0x800000d4 opcode=csrrw x22=0x800000c1
000000022 RUNTIME_ONLY neutral retire case=00001 pc=0x800000d8 opcode=xor x23=0x800000ce
000000023 RUNTIME_ONLY neutral retire case=00001 pc=0x800000dc opcode=addi x24=0x800000cb
000000024 RUNTIME_ONLY neutral retire case=00001 pc=0x800000e0 opcode=lw x25=0x800000f8
000000025 RUNTIME_ONLY neutral retire case=00001 pc=0x800000e4 opcode=sw x26=0x800000fd
000000026 RUNTIME_ONLY neutral retire case=00001 pc=0x800000e8 opcode=beq x27=0x800000f2
000000027 RUNTIME_ONLY neutral retire case=00001 pc=0x800000ec opcode=csrrw x28=0x800000f7
000000028 RUNTIME_ONLY neutral retire case=00001 pc=0x800000f0 opcode=xor x29=0x800000ec
000000029 RUNTIME_ONLY neutral retire case=00001 pc=0x800000f4 opcode=addi x30=0x800000e9
000000030 RUNTIME_ONLY neutral retire case=00001 pc=0x800000f8 opcode=lw x31=0x800000e6
000000031 RUNTIME_ONLY neutral retire case=00001 pc=0x800000fc opcode=sw x0=0x800000e3
000000032 RUNTIME_ONLY neutral retire case=00001 pc=0x80000100 opcode=beq x1=0x80000120
000000033 RUNTIME_ONLY neutral retire case=00001 pc=0x80000104 opcode=csrrw x2=0x80000125
000000034 RUNTIME_ONLY neutral retire case=00001 pc=0x80000108 opcode=xor x3=0x8000012a
000000035 RUNTIME_ONLY neutral retire case=00001 pc=0x8000010c opcode=addi x4=0x8000012f
000000036 RUNTIME_ONLY neutral retire case=00001 pc=0x80000110 opcode=lw x5=0x80000134
000000037 RUNTIME_ONLY neutral retire case=00001 pc=0x80000114 opcode=sw x6=0x80000131
000000038 RUNTIME_ONLY neutral retire case=00001 pc=0x80000118 opcode=beq x7=0x8000013e
000000039 RUNTIME_ONLY neutral retire case=00001 pc=0x8000011c opcode=csrrw x8=0x8000013b
000000040 RUNTIME_ONLY neutral retire case=00001 pc=0x80000120 opcode=xor x9=0x80000108
000000041 RUNTIME_ONLY neutral retire case=00001 pc=0x80000124 opcode=addi x10=0x8000010d
000000042 RUNTIME_ONLY neutral retire case=00001 pc=0x80000128 opcode=lw x11=0x80000102
000000043 RUNTIME_ONLY neutral retire case=00001 pc=0x8000012c opcode=sw x12=0x80000107
000000044 RUNTIME_ONLY neutral retire case=00001 pc=0x80000130 opcode=beq x13=0x8000011c
000000045 RUNTIME_ONLY neutral retire case=00001 pc=0x80000134 opcode=csrrw x14=0x80000119
000000046 RUNTIME_ONLY neutral retire case=00001 pc=0x80000138 opcode=xor x15=0x80000116
000000047 RUNTIME_ONLY neutral retire case=00001 pc=0x8000013c opcode=addi x16=0x80000113
000000048 RUNTIME_ONLY neutral retire case=00001 pc=0x80000140 opcode=lw x17=0x80000170
000000049 RUNTIME_ONLY neutral retire case=00001 pc=0x80000144 opcode=sw x18=0x80000175
000000050 RUNTIME_ONLY neutral retire case=00001 pc=0x80000148 opcode=beq x19=0x8000017a
000000051 RUNTIME_ONLY neutral retire case=00001 pc=0x8000014c opcode=csrrw x20=0x8000017f
000000052 RUNTIME_ONLY neutral retire case=00001 pc=0x80000150 opcode=xor x21=0x80000164
000000053 RUNTIME_ONLY neutral retire case=00001 pc=0x80000154 opcode=addi x22=0x80000161
000000054 RUNTIME_ONLY neutral retire case=00001 pc=0x80000158 opcode=lw x23=0x8000016e
000000055 RUNTIME_ONLY neutral retire case=00001 pc=0x8000015c opcode=sw x24=0x8000016b
000000056 RUNTIME_ONLY neutral retire case=00001 pc=0x80000160 opcode=beq x25=0x80000158
000000057 RUNTIME_ONLY neutral retire case=00001 pc=0x80000164 opcode=csrrw x26=0x8000015d
000000058 RUNTIME_ONLY neutral retire case=00001 pc=0x80000168 opcode=xor x27=0x80000152
000000059 RUNTIME_ONLY neutral retire case=00001 pc=0x8000016c opcode=addi x28=0x80000157
000000060 RUNTIME_ONLY neutral retire case=00001 pc=0x80000170 opcode=lw x29=0x8000014c
000000061 RUNTIME_ONLY neutral retire case=00001 pc=0x80000174 opcode=sw x30=0x80000149
000000062 RUNTIME_ONLY neutral retire case=00001 pc=0x80000178 opcode=beq x31=0x80000146
000000063 RUNTIME_ONLY neutral retire case=00001 pc=0x8000017c opcode=csrrw x0=0x80000143
000000064 RUNTIME_ONLY neutral retire case=00001 pc=0x80000180 opcode=xor x1=0x800001c0
000000065 RUNTIME_ONLY neutral retire case=00001 pc=0x80000184 opcode=addi x2=0x800001c5
000000066 RUNTIME_ONLY neutral retire case=00001 pc=0x80000188 opcode=lw x3=0x800001ca
000000067 RUNTIME_ONLY neutral retire case=00001 pc=0x8000018c opcode=sw x4=0x800001cf
000000068 RUNTIME_ONLY neutral retire case=00001 pc=0x80000190 opcode=beq x5=0x800001d4
000000069 RUNTIME_ONLY neutral retire case=00001 pc=0x80000194 opcode=csrrw x6=0x800001d1
000000070 RUNTIME_ONLY neutral retire case=00001 pc=0x80000198 opcode=xor x7=0x800001de
000000071 RUNTIME_ONLY neutral retire case=00001 pc=0x8000019c opcode=addi x8=0x800001db
000000072 RUNTIME_ONLY neutral retire case=00001 pc=0x800001a0 opcode=lw x9=0x800001e8
000000073 RUNTIME_ONLY neutral retire case=00001 pc=0x800001a4 opcode=sw x10=0x800001ed
000000074 RUNTIME_ONLY neutral retire case=00001 pc=0x800001a8 opcode=beq x11=0x800001e2
000000075 RUNTIME_ONLY neutral retire case=00001 pc=0x800001ac opcode=csrrw x12=0x800001e7
000000076 RUNTIME_ONLY neutral retire case=00001 pc=0x800001b0 opcode=xor x13=0x800001fc
000000077 RUNTIME_ONLY neutral retire case=00001 pc=0x800001b4 opcode=addi x14=0x800001f9
000000078 RUNTIME_ONLY neutral retire case=00001 pc=0x800001b8 opcode=lw x15=0x800001f6
000000079 RUNTIME_ONLY neutral retire case=00001 pc=0x800001bc opcode=sw x16=0x800001f3
000000080 RUNTIME_ONLY neutral retire case=00001 pc=0x800001c0 opcode=beq x17=0x80000190
000000081 RUNTIME_ONLY neutral retire case=00001 pc=0x800001c4 opcode=csrrw x18=0x80000195
000000082 RUNTIME_ONLY neutral retire case=00001 pc=0x800001c8 opcode=xor x19=0x8000019a
000000083 RUNTIME_ONLY neutral retire case=00001 pc=0x800001cc opcode=addi x20=0x8000019f
000000084 RUNTIME_ONLY neutral retire case=00001 pc=0x800001d0 opcode=lw x21=0x80000184
000000085 RUNTIME_ONLY neutral retire case=00001 pc=0x800001d4 opcode=sw x22=0x80000181
000000086 RUNTIME_ONLY neutral retire case=00001 pc=0x800001d8 opcode=beq x23=0x8000018e
000000087 RUNTIME_ONLY neutral retire case=00001 pc=0x800001dc opcode=csrrw x24=0x8000018b
000000088 RUNTIME_ONLY neutral retire case=00001 pc=0x800001e0 opcode=xor x25=0x800001b8
000000089 RUNTIME_ONLY neutral retire case=00001 pc=0x800001e4 opcode=addi x26=0x800001bd
000000090 RUNTIME_ONLY neutral retire case=00001 pc=0x800001e8 opcode=lw x27=0x800001b2
000000091 RUNTIME_ONLY neutral retire case=00001 pc=0x800001ec opcode=sw x28=0x800001b7
000000092 RUNTIME_ONLY neutral retire case=00001 pc=0x800001f0 opcode=beq x29=0x800001ac
000000093 RUNTIME_ONLY neutral retire case=00001 pc=0x800001f4 opcode=csrrw x30=0x800001a9
000000094 RUNTIME_ONLY neutral retire case=00001 pc=0x800001f8 opcode=xor x31=0x800001a6
000000095 RUNTIME_ONLY neutral retire case=00001 pc=0x800001fc opcode=addi x0=0x800001a3
000000096 RUNTIME_ONLY neutral retire case=00001 pc=0x80000200 opcode=lw x1=0x80000260
000000097 RUNTIME_ONLY neutral retire case=00001 pc=0x80000204 opcode=sw x2=0x80000265
000000098 RUNTIME_ONLY neutral retire case=00001 pc=0x80000208 opcode=beq x3=0x8000026a
000000099 RUNTIME_ONLY neutral retire case=00001 pc=0x8000020c opcode=csrrw x4=0x8000026f
000000100 RUNTIME_ONLY neutral retire case=00001 pc=0x80000210 opcode=xor x5=0x80000274
000000101 RUNTIME_ONLY neutral retire case=00001 pc=0x80000214 opcode=addi x6=0x80000271
000000102 RUNTIME_ONLY neutral retire case=00001 pc=0x80000218 opcode=lw x7=0x8000027e
000000103 RUNTIME_ONLY neutral retire case=00001 pc=0x8000021c opcode=sw x8=0x8000027b
000000104 RUNTIME_ONLY neutral retire case=00001 pc=0x80000220 opcode=beq x9=0x80000248
000000105 RUNTIME_ONLY neutral retire case=00001 pc=0x80000224 opcode=csrrw x10=0x8000024d
000000106 RUNTIME_ONLY neutral retire case=00001 pc=0x80000228 opcode=xor x11=0x80000242
000000107 RUNTIME_ONLY neutral retire case=00001 pc=0x8000022c opcode=addi x12=0x80000247
000000108 RUNTIME_ONLY neutral retire case=00001 pc=0x80000230 opcode=lw x13=0x8000025c
000000109 RUNTIME_ONLY neutral retire case=00001 pc=0x80000234 opcode=sw x14=0x80000259
000000110 RUNTIME_ONLY neutral retire case=00001 pc=0x80000238 opcode=beq x15=0x80000256
000000111 RUNTIME_ONLY neutral retire case=00001 pc=0x8000023c opcode=csrrw x16=0x80000253
000000112 RUNTIME_ONLY neutral retire case=00001 pc=0x80000240 opcode=xor x17=0x80000230
000000113 RUNTIME_ONLY neutral retire case=00001 pc=0x80000244 opcode=addi x18=0x80000235
000000114 RUNTIME_ONLY neutral retire case=00001 pc=0x80000248 opcode=lw x19=0x8000023a
000000115 RUNTIME_ONLY neutral retire case=00001 pc=0x8000024c opcode=sw x20=0x8000023f
000000116 RUNTIME_ONLY neutral retire case=00001 pc=0x80000250 opcode=beq x21=0x80000224
000000117 RUNTIME_ONLY neutral retire case=00001 pc=0x80000254 opcode=csrrw x22=0x80000221
000000118 RUNTIME_ONLY neutral retire case=00001 pc=0x80000258 opcode=xor x23=0x8000022e
000000119 RUNTIME_ONLY neutral retire case=00001 pc=0x8000025c opcode=addi x24=0x8000022b
000000120 RUNTIME_ONLY neutral retire case=00001 pc=0x80000260 opcode=lw x25=0x80000218
000000121 RUNTIME_ONLY neutral retire case=00001 pc=0x80000264 opcode=sw x26=0x8000021d
000000122 RUNTIME_ONLY neutral retire case=00001 pc=0x80000268 opcode=beq x27=0x80000212
000000123 RUNTIME_ONLY neutral retire case=00001 pc=0x8000026c opcode=csrrw x28=0x80000217
000000124 RUNTIME_ONLY neutral retire case=00001 pc=0x80000270 opcode=xor x29=0x8000020c
000000125 RUNTIME_ONLY neutral retire case=00001 pc=0x80000274 opcode=addi x30=0x80000209
000000126 RUNTIME_ONLY neutral retire case=00001 pc=0x80000278 opcode=lw x31=0x80000206
000000127 RUNTIME_ONLY neutral retire case=00001 pc=0x8000027c opcode=sw x0=0x80000203
000000128 RUNTIME_ONLY neutral retire case=00001 pc=0x80000280 opcode=beq x1=0x80000200
000000129 RUNTIME_ONLY neutral retire case=00001 pc=0x80000284 opcode=csrrw x2=0x80000205
000000130 RUNTIME_ONLY neutral retire case=00001 pc=0x80000288 opcode=xor x3=0x8000020a
000000131 RUNTIME_ONLY neutral retire case=00001 pc=0x8000028c opcode=addi x4=0x8000020f
000000132 RUNTIME_ONLY neutral retire case=00001 pc=0x80000290 opcode=lw x5=0x80000214
000000133 RUNTIME_ONLY neutral retire case=00001 pc=0x80000294 opcode=sw x6=0x80000211
000000134 RUNTIME_ONLY neutral retire case=00001 pc=0x80000298 opcode=beq x7=0x8000021e
000000135 RUNTIME_ONLY neutral retire case=00001 pc=0x8000029c opcode=csrrw x8=0x8000021b
000000136 RUNTIME_ONLY neutral retire case=00001 pc=0x800002a0 opcode=xor x9=0x80000228
000000137 RUNTIME_ONLY neutral retire case=00001 pc=0x800002a4 opcode=addi x10=0x8000022d
000000138 RUNTIME_ONLY neutral retire case=00001 pc=0x800002a8 opcode=lw x11=0x80000222
000000139 RUNTIME_ONLY neutral retire case=00001 pc=0x800002ac opcode=sw x12=0x80000227
000000140 RUNTIME_ONLY neutral retire case=00001 pc=0x800002b0 opcode=beq x13=0x8000023c
000000141 RUNTIME_ONLY neutral retire case=00001 pc=0x800002b4 opcode=csrrw x14=0x80000239
000000142 RUNTIME_ONLY neutral retire case=00001 pc=0x800002b8 opcode=xor x15=0x80000236
000000143 RUNTIME_ONLY neutral retire case=00001 pc=0x800002bc opcode=addi x16=0x80000233
000000144 RUNTIME_ONLY neutral retire case=00001 pc=0x800002c0 opcode=lw x17=0x80000250
000000145 RUNTIME_ONLY neutral retire case=00001 pc=0x800002c4 opcode=sw x18=0x80000255
000000146 RUNTIME_ONLY neutral retire case=00001 pc=0x800002c8 opcode=beq x19=0x8000025a
000000147 RUNTIME_ONLY neutral retire case=00001 pc=0x800002cc opcode=csrrw x20=0x8000025f
000000148 RUNTIME_ONLY neutral retire case=00001 pc=0x800002d0 opcode=xor x21=0x80000244
000000149 RUNTIME_ONLY neutral retire case=00001 pc=0x800002d4 opcode=addi x22=0x80000241
000000150 RUNTIME_ONLY neutral retire case=00001 pc=0x800002d8 opcode=lw x23=0x8000024e
000000151 RUNTIME_ONLY neutral retire case=00001 pc=0x800002dc opcode=sw x24=0x8000024b
000000152 RUNTIME_ONLY neutral retire case=00001 pc=0x800002e0 opcode=beq x25=0x80000278
000000153 RUNTIME_ONLY neutral retire case=00001 pc=0x800002e4 opcode=csrrw x26=0x8000027d
000000154 RUNTIME_ONLY neutral retire case=00001 pc=0x800002e8 opcode=xor x27=0x80000272
000000155 RUNTIME_ONLY neutral retire case=00001 pc=0x800002ec opcode=addi x28=0x80000277
000000156 RUNTIME_ONLY neutral retire case=00001 pc=0x800002f0 opcode=lw x29=0x8000026c
000000157 RUNTIME_ONLY neutral retire case=00001 pc=0x800002f4 opcode=sw x30=0x80000269
000000158 RUNTIME_ONLY neutral retire case=00001 pc=0x800002f8 opcode=beq x31=0x80000266
000000159 RUNTIME_ONLY neutral retire case=00001 pc=0x800002fc opcode=csrrw x0=0x80000263
000000160 RUNTIME_ONLY neutral retire case=00001 pc=0x80000300 opcode=xor x1=0x800003a0
000000161 RUNTIME_ONLY neutral retire case=00001 pc=0x80000304 opcode=addi x2=0x800003a5
000000162 RUNTIME_ONLY neutral retire case=00001 pc=0x80000308 opcode=lw x3=0x800003aa
000000163 RUNTIME_ONLY neutral retire case=00001 pc=0x8000030c opcode=sw x4=0x800003af
000000164 RUNTIME_ONLY neutral retire case=00001 pc=0x80000310 opcode=beq x5=0x800003b4
000000165 RUNTIME_ONLY neutral retire case=00001 pc=0x80000314 opcode=csrrw x6=0x800003b1
000000166 RUNTIME_ONLY neutral retire case=00001 pc=0x80000318 opcode=xor x7=0x800003be
000000167 RUNTIME_ONLY neutral retire case=00001 pc=0x8000031c opcode=addi x8=0x800003bb
000000168 RUNTIME_ONLY neutral retire case=00001 pc=0x80000320 opcode=lw x9=0x80000388
000000169 RUNTIME_ONLY neutral retire case=00001 pc=0x80000324 opcode=sw x10=0x8000038d
000000170 RUNTIME_ONLY neutral retire case=00001 pc=0x80000328 opcode=beq x11=0x80000382
000000171 RUNTIME_ONLY neutral retire case=00001 pc=0x8000032c opcode=csrrw x12=0x80000387
000000172 RUNTIME_ONLY neutral retire case=00001 pc=0x80000330 opcode=xor x13=0x8000039c
000000173 RUNTIME_ONLY neutral retire case=00001 pc=0x80000334 opcode=addi x14=0x80000399
000000174 RUNTIME_ONLY neutral retire case=00001 pc=0x80000338 opcode=lw x15=0x80000396
000000175 RUNTIME_ONLY neutral retire case=00001 pc=0x8000033c opcode=sw x16=0x80000393
000000176 RUNTIME_ONLY neutral retire case=00001 pc=0x80000340 opcode=beq x17=0x800003f0
000000177 RUNTIME_ONLY neutral retire case=00001 pc=0x80000344 opcode=csrrw x18=0x800003f5
000000178 RUNTIME_ONLY neutral retire case=00001 pc=0x80000348 opcode=xor x19=0x800003fa
000000179 RUNTIME_ONLY neutral retire case=00001 pc=0x8000034c opcode=addi x20=0x800003ff
000000180 RUNTIME_ONLY neutral retire case=00001 pc=0x80000350 opcode=lw x21=0x800003e4
000000181 RUNTIME_ONLY neutral retire case=00001 pc=0x80000354 opcode=sw x22=0x800003e1
000000182 RUNTIME_ONLY neutral retire case=00001 pc=0x80000358 opcode=beq x23=0x800003ee
000000183 RUNTIME_ONLY neutral retire case=00001 pc=0x8000035c opcode=csrrw x24=0x800003eb
000000184 RUNTIME_ONLY neutral retire case=00001 pc=0x80000360 opcode=xor x25=0x800003d8
000000185 RUNTIME_ONLY neutral retire case=00001 pc=0x80000364 opcode=addi x26=0x800003dd
000000186 RUNTIME_ONLY neutral retire case=00001 pc=0x80000368 opcode=lw x27=0x800003d2
000000187 RUNTIME_ONLY neutral retire case=00001 pc=0x8000036c opcode=sw x28=0x800003d7
000000188 RUNTIME_ONLY neutral retire case=00001 pc=0x80000370 opcode=beq x29=0x800003cc
000000189 RUNTIME_ONLY neutral retire case=00001 pc=0x80000374 opcode=csrrw x30=0x800003c9
000000190 RUNTIME_ONLY neutral retire case=00001 pc=0x80000378 opcode=xor x31=0x800003c6
000000191 RUNTIME_ONLY neutral retire case=00001 pc=0x8000037c opcode=addi x0=0x800003c3
000000192 RUNTIME_ONLY neutral retire case=00001 pc=0x80000380 opcode=lw x1=0x80000340
000000193 RUNTIME_ONLY neutral retire case=00001 pc=0x80000384 opcode=sw x2=0x80000345
000000194 RUNTIME_ONLY neutral retire case=00001 pc=0x80000388 opcode=beq x3=0x8000034a
000000195 RUNTIME_ONLY neutral retire case=00001 pc=0x8000038c opcode=csrrw x4=0x8000034f
000000196 RUNTIME_ONLY neutral retire case=00001 pc=0x80000390 opcode=xor x5=0x80000354
000000197 RUNTIME_ONLY neutral retire case=00001 pc=0x80000394 opcode=addi x6=0x80000351
000000198 RUNTIME_ONLY neutral retire case=00001 pc=0x80000398 opcode=lw x7=0x8000035e
000000199 RUNTIME_ONLY neutral retire case=00001 pc=0x8000039c opcode=sw x8=0x8000035b
000000200 RUNTIME_ONLY neutral retire case=00001 pc=0x800003a0 opcode=beq x9=0x80000368
000000201 RUNTIME_ONLY neutral retire case=00001 pc=0x800003a4 opcode=csrrw x10=0x8000036d
000000202 RUNTIME_ONLY neutral retire case=00001 pc=0x800003a8 opcode=xor x11=0x80000362
000000203 RUNTIME_ONLY neutral retire case=00001 pc=0x800003ac opcode=addi x12=0x80000367
000000204 RUNTIME_ONLY neutral retire case=00001 pc=0x800003b0 opcode=lw x13=0x8000037c
000000205 RUNTIME_ONLY neutral retire case=00001 pc=0x800003b4 opcode=sw x14=0x80000379
000000206 RUNTIME_ONLY neutral retire case=00001 pc=0x800003b8 opcode=beq x15=0x80000376
000000207 RUNTIME_ONLY neutral retire case=00001 pc=0x800003bc opcode=csrrw x16=0x80000373
000000208 RUNTIME_ONLY neutral retire case=00001 pc=0x800003c0 opcode=xor x17=0x80000310
000000209 RUNTIME_ONLY neutral retire case=00001 pc=0x800003c4 opcode=addi x18=0x80000315
000000210 RUNTIME_ONLY neutral retire case=00001 pc=0x800003c8 opcode=lw x19=0x8000031a
000000211 RUNTIME_ONLY neutral retire case=00001 pc=0x800003cc opcode=sw x20=0x8000031f
000000212 RUNTIME_ONLY neutral retire case=00001 pc=0x800003d0 opcode=beq x21=0x80000304
000000213 RUNTIME_ONLY neutral retire case=00001 pc=0x800003d4 opcode=csrrw x22=0x80000301
000000214 RUNTIME_ONLY neutral retire case=00001 pc=0x800003d8 opcode=xor x23=0x8000030e
000000215 RUNTIME_ONLY neutral retire case=00001 pc=0x800003dc opcode=addi x24=0x8000030b
000000216 RUNTIME_ONLY neutral retire case=00001 pc=0x800003e0 opcode=lw x25=0x80000338
000000217 RUNTIME_ONLY neutral retire case=00001 pc=0x800003e4 opcode=sw x26=0x8000033d
000000218 RUNTIME_ONLY neutral retire case=00001 pc=0x800003e8 opcode=beq x27=0x80000332
000000219 RUNTIME_ONLY neutral retire case=00001 pc=0x800003ec opcode=csrrw x28=0x80000337
000000220 RUNTIME_ONLY neutral retire case=00001 pc=0x800003f0 opcode=xor x29=0x8000032c
000000221 RUNTIME_ONLY neutral retire case=00001 pc=0x800003f4 opcode=addi x30=0x80000329
000000222 RUNTIME_ONLY neutral retire case=00001 pc=0x800003f8 opcode=lw x31=0x80000326
000000223 RUNTIME_ONLY neutral retire case=00001 pc=0x800003fc opcode=sw x0=0x80000323
000000224 RUNTIME_ONLY neutral retire case=00001 pc=0x80000400 opcode=beq x1=0x800004e0
000000225 RUNTIME_ONLY neutral retire case=00001 pc=0x80000404 opcode=csrrw x2=0x800004e5
000000226 RUNTIME_ONLY neutral retire case=00001 pc=0x80000408 opcode=xor x3=0x800004ea
000000227 RUNTIME_ONLY neutral retire case=00001 pc=0x8000040c opcode=addi x4=0x800004ef
000000228 RUNTIME_ONLY neutral retire case=00001 pc=0x80000410 opcode=lw x5=0x800004f4
000000229 RUNTIME_ONLY neutral retire case=00001 pc=0x80000414 opcode=sw x6=0x800004f1
000000230 RUNTIME_ONLY neutral retire case=00001 pc=0x80000418 opcode=beq x7=0x800004fe
000000231 RUNTIME_ONLY neutral retire case=00001 pc=0x8000041c opcode=csrrw x8=0x800004fb
000000232 RUNTIME_ONLY neutral retire case=00001 pc=0x80000420 opcode=xor x9=0x800004c8
000000233 RUNTIME_ONLY neutral retire case=00001 pc=0x80000424 opcode=addi x10=0x800004cd
000000234 RUNTIME_ONLY neutral retire case=00001 pc=0x80000428 opcode=lw x11=0x800004c2
000000235 RUNTIME_ONLY neutral retire case=00001 pc=0x8000042c opcode=sw x12=0x800004c7
000000236 RUNTIME_ONLY neutral retire case=00001 pc=0x80000430 opcode=beq x13=0x800004dc
000000237 RUNTIME_ONLY neutral retire case=00001 pc=0x80000434 opcode=csrrw x14=0x800004d9
000000238 RUNTIME_ONLY neutral retire case=00001 pc=0x80000438 opcode=xor x15=0x800004d6
000000239 RUNTIME_ONLY neutral retire case=00001 pc=0x8000043c opcode=addi x16=0x800004d3
000000240 RUNTIME_ONLY neutral retire case=00001 pc=0x80000440 opcode=lw x17=0x800004b0
000000241 RUNTIME_ONLY neutral retire case=00001 pc=0x80000444 opcode=sw x18=0x800004b5
