UVM_FATAL /runtime_only_unique_aawv.sv(1) @ 1: runtime_only_unique_failure_aawv normalization resistant timing marker
RUNTIME_ONLY_CASE=620 SOURCE_A=benchmark_set_2:5
Mismatch[1]:
ibex[937] : pc[80000c7e] srai x21,x28,0x1: s5:ffffff32
RUNTIME_ONLY_COMBINE SOURCE_B=benchmark_set_1:4
riscv_debug_basic_test.0 : [FAILED]
000000000 RUNTIME_ONLY neutral retire case=00620 pc=0x80013d44 opcode=sw x12=0x80013d44
000000001 RUNTIME_ONLY neutral retire case=00620 pc=0x80013d48 opcode=beq x13=0x80013d49
000000002 RUNTIME_ONLY neutral retire case=00620 pc=0x80013d4c opcode=csrrw x14=0x80013d4e
000000003 RUNTIME_ONLY neutral retire case=00620 pc=0x80013d50 opcode=xor x15=0x80013d53
000000004 RUNTIME_ONLY neutral retire case=00620 pc=0x80013d54 opcode=addi x16=0x80013d50
000000005 RUNTIME_ONLY neutral retire case=00620 pc=0x80013d58 opcode=lw x17=0x80013d5d
000000006 RUNTIME_ONLY neutral retire case=00620 pc=0x80013d5c opcode=sw x18=0x80013d5a
000000007 RUNTIME_ONLY neutral retire case=00620 pc=0x80013d60 opcode=beq x19=0x80013d67
000000008 RUNTIME_ONLY neutral retire case=00620 pc=0x80013d64 opcode=csrrw x20=0x80013d6c
000000009 RUNTIME_ONLY neutral retire case=00620 pc=0x80013d68 opcode=xor x21=0x80013d61
000000010 RUNTIME_ONLY neutral retire case=00620 pc=0x80013d6c opcode=addi x22=0x80013d66
000000011 RUNTIME_ONLY neutral retire case=00620 pc=0x80013d70 opcode=lw x23=0x80013d7b
000000012 RUNTIME_ONLY neutral retire case=00620 pc=0x80013d74 opcode=sw x24=0x80013d78
000000013 RUNTIME_ONLY neutral retire case=00620 pc=0x80013d78 opcode=beq x25=0x80013d75
000000014 RUNTIME_ONLY neutral retire case=00620 pc=0x80013d7c opcode=csrrw x26=0x80013d72
000000015 RUNTIME_ONLY neutral retire case=00620 pc=0x80013d80 opcode=xor x27=0x80013d8f
