UVM_FATAL /runtime_only_unique_aaai.sv(1) @ 1: runtime_only_unique_failure_aaai normalization resistant timing marker
RUNTIME_ONLY_CASE=9 SOURCE_A=benchmark_set_2:2
riscv_csr_test.0 : [FAILED]
RUNTIME_ONLY_COMBINE SOURCE_B=benchmark_set_1:6
spike[371] : pc[ffffffff80012080] addi t0, t0, -124: t0:80022da0
[FAILED]: 358 matched, 63165 mismatch
000000000 RUNTIME_ONLY neutral retire case=00009 pc=0x80000498 opcode=beq x9=0x80000498
000000001 RUNTIME_ONLY neutral retire case=00009 pc=0x8000049c opcode=csrrw x10=0x8000049d
000000002 RUNTIME_ONLY neutral retire case=00009 pc=0x800004a0 opcode=xor x11=0x800004a2
000000003 RUNTIME_ONLY neutral retire case=00009 pc=0x800004a4 opcode=addi x12=0x800004a7
000000004 RUNTIME_ONLY neutral retire case=00009 pc=0x800004a8 opcode=lw x13=0x800004ac
000000005 RUNTIME_ONLY neutral retire case=00009 pc=0x800004ac opcode=sw x14=0x800004a9
000000006 RUNTIME_ONLY neutral retire case=00009 pc=0x800004b0 opcode=beq x15=0x800004b6
000000007 RUNTIME_ONLY neutral retire case=00009 pc=0x800004b4 opcode=csrrw x16=0x800004b3
000000008 RUNTIME_ONLY neutral retire case=00009 pc=0x800004b8 opcode=xor x17=0x800004b0
000000009 RUNTIME_ONLY neutral retire case=00009 pc=0x800004bc opcode=addi x18=0x800004b5
000000010 RUNTIME_ONLY neutral retire case=00009 pc=0x800004c0 opcode=lw x19=0x800004ca
000000011 RUNTIME_ONLY neutral retire case=00009 pc=0x800004c4 opcode=sw x20=0x800004cf
000000012 RUNTIME_ONLY neutral retire case=00009 pc=0x800004c8 opcode=beq x21=0x800004c4
000000013 RUNTIME_ONLY neutral retire case=00009 pc=0x800004cc opcode=csrrw x22=0x800004c1
000000014 RUNTIME_ONLY neutral retire case=00009 pc=0x800004d0 opcode=xor x23=0x800004de
000000015 RUNTIME_ONLY neutral retire case=00009 pc=0x800004d4 opcode=addi x24=0x800004db
000000016 RUNTIME_ONLY neutral retire case=00009 pc=0x800004d8 opcode=lw x25=0x800004c8
000000017 RUNTIME_ONLY neutral retire case=00009 pc=0x800004dc opcode=sw x26=0x800004cd
000000018 RUNTIME_ONLY neutral retire case=00009 pc=0x800004e0 opcode=beq x27=0x800004f2
000000019 RUNTIME_ONLY neutral retire case=00009 pc=0x800004e4 opcode=csrrw x28=0x800004f7
000000020 RUNTIME_ONLY neutral retire case=00009 pc=0x800004e8 opcode=xor x29=0x800004fc
000000021 RUNTIME_ONLY neutral retire case=00009 pc=0x800004ec opcode=addi x30=0x800004f9
000000022 RUNTIME_ONLY neutral retire case=00009 pc=0x800004f0 opcode=lw x31=0x800004e6
000000023 RUNTIME_ONLY neutral retire case=00009 pc=0x800004f4 opcode=sw x0=0x800004e3
000000024 RUNTIME_ONLY neutral retire case=00009 pc=0x800004f8 opcode=beq x1=0x800004e0
000000025 RUNTIME_ONLY neutral retire case=00009 pc=0x800004fc opcode=csrrw x2=0x800004e5
000000026 RUNTIME_ONLY neutral retire case=00009 pc=0x80000500 opcode=xor x3=0x8000051a
000000027 RUNTIME_ONLY neutral retire case=00009 pc=0x80000504 opcode=addi x4=0x8000051f
000000028 RUNTIME_ONLY neutral retire case=00009 pc=0x80000508 opcode=lw x5=0x80000514
000000029 RUNTIME_ONLY neutral retire case=00009 pc=0x8000050c opcode=sw x6=0x80000511
000000030 RUNTIME_ONLY neutral retire case=00009 pc=0x80000510 opcode=beq x7=0x8000050e
000000031 RUNTIME_ONLY neutral retire case=00009 pc=0x80000514 opcode=csrrw x8=0x8000050b
000000032 RUNTIME_ONLY neutral retire case=00009 pc=0x80000518 opcode=xor x9=0x80000538
000000033 RUNTIME_ONLY neutral retire case=00009 pc=0x8000051c opcode=addi x10=0x8000053d
000000034 RUNTIME_ONLY neutral retire case=00009 pc=0x80000520 opcode=lw x11=0x80000502
000000035 RUNTIME_ONLY neutral retire case=00009 pc=0x80000524 opcode=sw x12=0x80000507
000000036 RUNTIME_ONLY neutral retire case=00009 pc=0x80000528 opcode=beq x13=0x8000050c
000000037 RUNTIME_ONLY neutral retire case=00009 pc=0x8000052c opcode=csrrw x14=0x80000509
000000038 RUNTIME_ONLY neutral retire case=00009 pc=0x80000530 opcode=xor x15=0x80000516
000000039 RUNTIME_ONLY neutral retire case=00009 pc=0x80000534 opcode=addi x16=0x80000513
000000040 RUNTIME_ONLY neutral retire case=00009 pc=0x80000538 opcode=lw x17=0x80000510
000000041 RUNTIME_ONLY neutral retire case=00009 pc=0x8000053c opcode=sw x18=0x80000515
000000042 RUNTIME_ONLY neutral retire case=00009 pc=0x80000540 opcode=beq x19=0x8000056a
000000043 RUNTIME_ONLY neutral retire case=00009 pc=0x80000544 opcode=csrrw x20=0x8000056f
000000044 RUNTIME_ONLY neutral retire case=00009 pc=0x80000548 opcode=xor x21=0x80000564
000000045 RUNTIME_ONLY neutral retire case=00009 pc=0x8000054c opcode=addi x22=0x80000561
000000046 RUNTIME_ONLY neutral retire case=00009 pc=0x80000550 opcode=lw x23=0x8000057e
000000047 RUNTIME_ONLY neutral retire case=00009 pc=0x80000554 opcode=sw x24=0x8000057b
000000048 RUNTIME_ONLY neutral retire case=00009 pc=0x80000558 opcode=beq x25=0x80000568
000000049 RUNTIME_ONLY neutral retire case=00009 pc=0x8000055c opcode=csrrw x26=0x8000056d
000000050 RUNTIME_ONLY neutral retire case=00009 pc=0x80000560 opcode=xor x27=0x80000552
000000051 RUNTIME_ONLY neutral retire case=00009 pc=0x80000564 opcode=addi x28=0x80000557
000000052 RUNTIME_ONLY neutral retire case=00009 pc=0x80000568 opcode=lw x29=0x8000055c
000000053 RUNTIME_ONLY neutral retire case=00009 pc=0x8000056c opcode=sw x30=0x80000559
000000054 RUNTIME_ONLY neutral retire case=00009 pc=0x80000570 opcode=beq x31=0x80000546
000000055 RUNTIME_ONLY neutral retire case=00009 pc=0x80000574 opcode=csrrw x0=0x80000543
000000056 RUNTIME_ONLY neutral retire case=00009 pc=0x80000578 opcode=xor x1=0x80000540
000000057 RUNTIME_ONLY neutral retire case=00009 pc=0x8000057c opcode=addi x2=0x80000545
000000058 RUNTIME_ONLY neutral retire case=00009 pc=0x80000580 opcode=lw x3=0x800005ba
000000059 RUNTIME_ONLY neutral retire case=00009 pc=0x80000584 opcode=sw x4=0x800005bf
000000060 RUNTIME_ONLY neutral retire case=00009 pc=0x80000588 opcode=beq x5=0x800005b4
000000061 RUNTIME_ONLY neutral retire case=00009 pc=0x8000058c opcode=csrrw x6=0x800005b1
000000062 RUNTIME_ONLY neutral retire case=00009 pc=0x80000590 opcode=xor x7=0x800005ae
000000063 RUNTIME_ONLY neutral retire case=00009 pc=0x80000594 opcode=addi x8=0x800005ab
000000064 RUNTIME_ONLY neutral retire case=00009 pc=0x80000598 opcode=lw x9=0x800005d8
000000065 RUNTIME_ONLY neutral retire case=00009 pc=0x8000059c opcode=sw x10=0x800005dd
000000066 RUNTIME_ONLY neutral retire case=00009 pc=0x800005a0 opcode=beq x11=0x800005e2
000000067 RUNTIME_ONLY neutral retire case=00009 pc=0x800005a4 opcode=csrrw x12=0x800005e7
000000068 RUNTIME_ONLY neutral retire case=00009 pc=0x800005a8 opcode=xor x13=0x800005ec
000000069 RUNTIME_ONLY neutral retire case=00009 pc=0x800005ac opcode=addi x14=0x800005e9
000000070 RUNTIME_ONLY neutral retire case=00009 pc=0x800005b0 opcode=lw x15=0x800005f6
000000071 RUNTIME_ONLY neutral retire case=00009 pc=0x800005b4 opcode=sw x16=0x800005f3
000000072 RUNTIME_ONLY neutral retire case=00009 pc=0x800005b8 opcode=beq x17=0x800005f0
000000073 RUNTIME_ONLY neutral retire case=00009 pc=0x800005bc opcode=csrrw x18=0x800005f5
000000074 RUNTIME_ONLY neutral retire case=00009 pc=0x800005c0 opcode=xor x19=0x8000058a
000000075 RUNTIME_ONLY neutral retire case=00009 pc=0x800005c4 opcode=addi x20=0x8000058f
000000076 RUNTIME_ONLY neutral retire case=00009 pc=0x800005c8 opcode=lw x21=0x80000584
000000077 RUNTIME_ONLY neutral retire case=00009 pc=0x800005cc opcode=sw x22=0x80000581
000000078 RUNTIME_ONLY neutral retire case=00009 pc=0x800005d0 opcode=beq x23=0x8000059e
000000079 RUNTIME_ONLY neutral retire case=00009 pc=0x800005d4 opcode=csrrw x24=0x8000059b
000000080 RUNTIME_ONLY neutral retire case=00009 pc=0x800005d8 opcode=xor x25=0x80000588
000000081 RUNTIME_ONLY neutral retire case=00009 pc=0x800005dc opcode=addi x26=0x8000058d
000000082 RUNTIME_ONLY neutral retire case=00009 pc=0x800005e0 opcode=lw x27=0x800005b2
000000083 RUNTIME_ONLY neutral retire case=00009 pc=0x800005e4 opcode=sw x28=0x800005b7
000000084 RUNTIME_ONLY neutral retire case=00009 pc=0x800005e8 opcode=beq x29=0x800005bc
000000085 RUNTIME_ONLY neutral retire case=00009 pc=0x800005ec opcode=csrrw x30=0x800005b9
000000086 RUNTIME_ONLY neutral retire case=00009 pc=0x800005f0 opcode=xor x31=0x800005a6
000000087 RUNTIME_ONLY neutral retire case=00009 pc=0x800005f4 opcode=addi x0=0x800005a3
000000088 RUNTIME_ONLY neutral retire case=00009 pc=0x800005f8 opcode=lw x1=0x800005a0
000000089 RUNTIME_ONLY neutral retire case=00009 pc=0x800005fc opcode=sw x2=0x800005a5
000000090 RUNTIME_ONLY neutral retire case=00009 pc=0x80000600 opcode=beq x3=0x8000065a
000000091 RUNTIME_ONLY neutral retire case=00009 pc=0x80000604 opcode=csrrw x4=0x8000065f
000000092 RUNTIME_ONLY neutral retire case=00009 pc=0x80000608 opcode=xor x5=0x80000654
000000093 RUNTIME_ONLY neutral retire case=00009 pc=0x8000060c opcode=addi x6=0x80000651
000000094 RUNTIME_ONLY neutral retire case=00009 pc=0x80000610 opcode=lw x7=0x8000064e
000000095 RUNTIME_ONLY neutral retire case=00009 pc=0x80000614 opcode=sw x8=0x8000064b
000000096 RUNTIME_ONLY neutral retire case=00009 pc=0x80000618 opcode=beq x9=0x80000678
000000097 RUNTIME_ONLY neutral retire case=00009 pc=0x8000061c opcode=csrrw x10=0x8000067d
000000098 RUNTIME_ONLY neutral retire case=00009 pc=0x80000620 opcode=xor x11=0x80000642
000000099 RUNTIME_ONLY neutral retire case=00009 pc=0x80000624 opcode=addi x12=0x80000647
000000100 RUNTIME_ONLY neutral retire case=00009 pc=0x80000628 opcode=lw x13=0x8000064c
000000101 RUNTIME_ONLY neutral retire case=00009 pc=0x8000062c opcode=sw x14=0x80000649
000000102 RUNTIME_ONLY neutral retire case=00009 pc=0x80000630 opcode=beq x15=0x80000656
000000103 RUNTIME_ONLY neutral retire case=00009 pc=0x80000634 opcode=csrrw x16=0x80000653
000000104 RUNTIME_ONLY neutral retire case=00009 pc=0x80000638 opcode=xor x17=0x80000650
000000105 RUNTIME_ONLY neutral retire case=00009 pc=0x8000063c opcode=addi x18=0x80000655
000000106 RUNTIME_ONLY neutral retire case=00009 pc=0x80000640 opcode=lw x19=0x8000062a
000000107 RUNTIME_ONLY neutral retire case=00009 pc=0x80000644 opcode=sw x20=0x8000062f
000000108 RUNTIME_ONLY neutral retire case=00009 pc=0x80000648 opcode=beq x21=0x80000624
000000109 RUNTIME_ONLY neutral retire case=00009 pc=0x8000064c opcode=csrrw x22=0x80000621
000000110 RUNTIME_ONLY neutral retire case=00009 pc=0x80000650 opcode=xor x23=0x8000063e
000000111 RUNTIME_ONLY neutral retire case=00009 pc=0x80000654 opcode=addi x24=0x8000063b
000000112 RUNTIME_ONLY neutral retire case=00009 pc=0x80000658 opcode=lw x25=0x80000628
000000113 RUNTIME_ONLY neutral retire case=00009 pc=0x8000065c opcode=sw x26=0x8000062d
000000114 RUNTIME_ONLY neutral retire case=00009 pc=0x80000660 opcode=beq x27=0x80000612
000000115 RUNTIME_ONLY neutral retire case=00009 pc=0x80000664 opcode=csrrw x28=0x80000617
000000116 RUNTIME_ONLY neutral retire case=00009 pc=0x80000668 opcode=xor x29=0x8000061c
000000117 RUNTIME_ONLY neutral retire case=00009 pc=0x8000066c opcode=addi x30=0x80000619
000000118 RUNTIME_ONLY neutral retire case=00009 pc=0x80000670 opcode=lw x31=0x80000606
000000119 RUNTIME_ONLY neutral retire case=00009 pc=0x80000674 opcode=sw x0=0x80000603
000000120 RUNTIME_ONLY neutral retire case=00009 pc=0x80000678 opcode=beq x1=0x80000600
000000121 RUNTIME_ONLY neutral retire case=00009 pc=0x8000067c opcode=csrrw x2=0x80000605
000000122 RUNTIME_ONLY neutral retire case=00009 pc=0x80000680 opcode=xor x3=0x800006fa
000000123 RUNTIME_ONLY neutral retire case=00009 pc=0x80000684 opcode=addi x4=0x800006ff
000000124 RUNTIME_ONLY neutral retire case=00009 pc=0x80000688 opcode=lw x5=0x800006f4
000000125 RUNTIME_ONLY neutral retire case=00009 pc=0x8000068c opcode=sw x6=0x800006f1
000000126 RUNTIME_ONLY neutral retire case=00009 pc=0x80000690 opcode=beq x7=0x800006ee
000000127 RUNTIME_ONLY neutral retire case=00009 pc=0x80000694 opcode=csrrw x8=0x800006eb
000000128 RUNTIME_ONLY neutral retire case=00009 pc=0x80000698 opcode=xor x9=0x80000618
000000129 RUNTIME_ONLY neutral retire case=00009 pc=0x8000069c opcode=addi x10=0x8000061d
000000130 RUNTIME_ONLY neutral retire case=00009 pc=0x800006a0 opcode=lw x11=0x80000622
000000131 RUNTIME_ONLY neutral retire case=00009 pc=0x800006a4 opcode=sw x12=0x80000627
000000132 RUNTIME_ONLY neutral retire case=00009 pc=0x800006a8 opcode=beq x13=0x8000062c
000000133 RUNTIME_ONLY neutral retire case=00009 pc=0x800006ac opcode=csrrw x14=0x80000629
000000134 RUNTIME_ONLY neutral retire case=00009 pc=0x800006b0 opcode=xor x15=0x80000636
000000135 RUNTIME_ONLY neutral retire case=00009 pc=0x800006b4 opcode=addi x16=0x80000633
000000136 RUNTIME_ONLY neutral retire case=00009 pc=0x800006b8 opcode=lw x17=0x80000630
000000137 RUNTIME_ONLY neutral retire case=00009 pc=0x800006bc opcode=sw x18=0x80000635
000000138 RUNTIME_ONLY neutral retire case=00009 pc=0x800006c0 opcode=beq x19=0x8000064a
000000139 RUNTIME_ONLY neutral retire case=00009 pc=0x800006c4 opcode=csrrw x20=0x8000064f
000000140 RUNTIME_ONLY neutral retire case=00009 pc=0x800006c8 opcode=xor x21=0x80000644
000000141 RUNTIME_ONLY neutral retire case=00009 pc=0x800006cc opcode=addi x22=0x80000641
000000142 RUNTIME_ONLY neutral retire case=00009 pc=0x800006d0 opcode=lw x23=0x8000065e
000000143 RUNTIME_ONLY neutral retire case=00009 pc=0x800006d4 opcode=sw x24=0x8000065b
000000144 RUNTIME_ONLY neutral retire case=00009 pc=0x800006d8 opcode=beq x25=0x80000648
000000145 RUNTIME_ONLY neutral retire case=00009 pc=0x800006dc opcode=csrrw x26=0x8000064d
000000146 RUNTIME_ONLY neutral retire case=00009 pc=0x800006e0 opcode=xor x27=0x80000672
000000147 RUNTIME_ONLY neutral retire case=00009 pc=0x800006e4 opcode=addi x28=0x80000677
000000148 RUNTIME_ONLY neutral retire case=00009 pc=0x800006e8 opcode=lw x29=0x8000067c
000000149 RUNTIME_ONLY neutral retire case=00009 pc=0x800006ec opcode=sw x30=0x80000679
000000150 RUNTIME_ONLY neutral retire case=00009 pc=0x800006f0 opcode=beq x31=0x80000666
000000151 RUNTIME_ONLY neutral retire case=00009 pc=0x800006f4 opcode=csrrw x0=0x80000663
000000152 RUNTIME_ONLY neutral retire case=00009 pc=0x800006f8 opcode=xor x1=0x80000660
000000153 RUNTIME_ONLY neutral retire case=00009 pc=0x800006fc opcode=addi x2=0x80000665
000000154 RUNTIME_ONLY neutral retire case=00009 pc=0x80000700 opcode=lw x3=0x8000079a
000000155 RUNTIME_ONLY neutral retire case=00009 pc=0x80000704 opcode=sw x4=0x8000079f
000000156 RUNTIME_ONLY neutral retire case=00009 pc=0x80000708 opcode=beq x5=0x80000794
000000157 RUNTIME_ONLY neutral retire case=00009 pc=0x8000070c opcode=csrrw x6=0x80000791
000000158 RUNTIME_ONLY neutral retire case=00009 pc=0x80000710 opcode=xor x7=0x8000078e
000000159 RUNTIME_ONLY neutral retire case=00009 pc=0x80000714 opcode=addi x8=0x8000078b
000000160 RUNTIME_ONLY neutral retire case=00009 pc=0x80000718 opcode=lw x9=0x800007b8
000000161 RUNTIME_ONLY neutral retire case=00009 pc=0x8000071c opcode=sw x10=0x800007bd
000000162 RUNTIME_ONLY neutral retire case=00009 pc=0x80000720 opcode=beq x11=0x80000782
000000163 RUNTIME_ONLY neutral retire case=00009 pc=0x80000724 opcode=csrrw x12=0x80000787
000000164 RUNTIME_ONLY neutral retire case=00009 pc=0x80000728 opcode=xor x13=0x8000078c
000000165 RUNTIME_ONLY neutral retire case=00009 pc=0x8000072c opcode=addi x14=0x80000789
000000166 RUNTIME_ONLY neutral retire case=00009 pc=0x80000730 opcode=lw x15=0x80000796
000000167 RUNTIME_ONLY neutral retire case=00009 pc=0x80000734 opcode=sw x16=0x80000793
000000168 RUNTIME_ONLY neutral retire case=00009 pc=0x80000738 opcode=beq x17=0x80000790
000000169 RUNTIME_ONLY neutral retire case=00009 pc=0x8000073c opcode=csrrw x18=0x80000795
000000170 RUNTIME_ONLY neutral retire case=00009 pc=0x80000740 opcode=xor x19=0x800007ea
000000171 RUNTIME_ONLY neutral retire case=00009 pc=0x80000744 opcode=addi x20=0x800007ef
000000172 RUNTIME_ONLY neutral retire case=00009 pc=0x80000748 opcode=lw x21=0x800007e4
000000173 RUNTIME_ONLY neutral retire case=00009 pc=0x8000074c opcode=sw x22=0x800007e1
000000174 RUNTIME_ONLY neutral retire case=00009 pc=0x80000750 opcode=beq x23=0x800007fe
000000175 RUNTIME_ONLY neutral retire case=00009 pc=0x80000754 opcode=csrrw x24=0x800007fb
000000176 RUNTIME_ONLY neutral retire case=00009 pc=0x80000758 opcode=xor x25=0x800007e8
000000177 RUNTIME_ONLY neutral retire case=00009 pc=0x8000075c opcode=addi x26=0x800007ed
000000178 RUNTIME_ONLY neutral retire case=00009 pc=0x80000760 opcode=lw x27=0x800007d2
000000179 RUNTIME_ONLY neutral retire case=00009 pc=0x80000764 opcode=sw x28=0x800007d7
000000180 RUNTIME_ONLY neutral retire case=00009 pc=0x80000768 opcode=beq x29=0x800007dc
000000181 RUNTIME_ONLY neutral retire case=00009 pc=0x8000076c opcode=csrrw x30=0x800007d9
000000182 RUNTIME_ONLY neutral retire case=00009 pc=0x80000770 opcode=xor x31=0x800007c6
000000183 RUNTIME_ONLY neutral retire case=00009 pc=0x80000774 opcode=addi x0=0x800007c3
000000184 RUNTIME_ONLY neutral retire case=00009 pc=0x80000778 opcode=lw x1=0x800007c0
000000185 RUNTIME_ONLY neutral retire case=00009 pc=0x8000077c opcode=sw x2=0x800007c5
000000186 RUNTIME_ONLY neutral retire case=00009 pc=0x80000780 opcode=beq x3=0x8000073a
000000187 RUNTIME_ONLY neutral retire case=00009 pc=0x80000784 opcode=csrrw x4=0x8000073f
000000188 RUNTIME_ONLY neutral retire case=00009 pc=0x80000788 opcode=xor x5=0x80000734
000000189 RUNTIME_ONLY neutral retire case=00009 pc=0x8000078c opcode=addi x6=0x80000731
000000190 RUNTIME_ONLY neutral retire case=00009 pc=0x80000790 opcode=lw x7=0x8000072e
000000191 RUNTIME_ONLY neutral retire case=00009 pc=0x80000794 opcode=sw x8=0x8000072b
000000192 RUNTIME_ONLY neutral retire case=00009 pc=0x80000798 opcode=beq x9=0x80000758
000000193 RUNTIME_ONLY neutral retire case=00009 pc=0x8000079c opcode=csrrw x10=0x8000075d
000000194 RUNTIME_ONLY neutral retire case=00009 pc=0x800007a0 opcode=xor x11=0x80000762
000000195 RUNTIME_ONLY neutral retire case=00009 pc=0x800007a4 opcode=addi x12=0x80000767
000000196 RUNTIME_ONLY neutral retire case=00009 pc=0x800007a8 opcode=lw x13=0x8000076c
000000197 RUNTIME_ONLY neutral retire case=00009 pc=0x800007ac opcode=sw x14=0x80000769
000000198 RUNTIME_ONLY neutral retire case=00009 pc=0x800007b0 opcode=beq x15=0x80000776
000000199 RUNTIME_ONLY neutral retire case=00009 pc=0x800007b4 opcode=csrrw x16=0x80000773
000000200 RUNTIME_ONLY neutral retire case=00009 pc=0x800007b8 opcode=xor x17=0x80000770
000000201 RUNTIME_ONLY neutral retire case=00009 pc=0x800007bc opcode=addi x18=0x80000775
000000202 RUNTIME_ONLY neutral retire case=00009 pc=0x800007c0 opcode=lw x19=0x8000070a
000000203 RUNTIME_ONLY neutral retire case=00009 pc=0x800007c4 opcode=sw x20=0x8000070f
000000204 RUNTIME_ONLY neutral retire case=00009 pc=0x800007c8 opcode=beq x21=0x80000704
000000205 RUNTIME_ONLY neutral retire case=00009 pc=0x800007cc opcode=csrrw x22=0x80000701
000000206 RUNTIME_ONLY neutral retire case=00009 pc=0x800007d0 opcode=xor x23=0x8000071e
000000207 RUNTIME_ONLY neutral retire case=00009 pc=0x800007d4 opcode=addi x24=0x8000071b
000000208 RUNTIME_ONLY neutral retire case=00009 pc=0x800007d8 opcode=lw x25=0x80000708
000000209 RUNTIME_ONLY neutral retire case=00009 pc=0x800007dc opcode=sw x26=0x8000070d
000000210 RUNTIME_ONLY neutral retire case=00009 pc=0x800007e0 opcode=beq x27=0x80000732
000000211 RUNTIME_ONLY neutral retire case=00009 pc=0x800007e4 opcode=csrrw x28=0x80000737
000000212 RUNTIME_ONLY neutral retire case=00009 pc=0x800007e8 opcode=xor x29=0x8000073c
000000213 RUNTIME_ONLY neutral retire case=00009 pc=0x800007ec opcode=addi x30=0x80000739
000000214 RUNTIME_ONLY neutral retire case=00009 pc=0x800007f0 opcode=lw x31=0x80000726
000000215 RUNTIME_ONLY neutral retire case=00009 pc=0x800007f4 opcode=sw x0=0x80000723
000000216 RUNTIME_ONLY neutral retire case=00009 pc=0x800007f8 opcode=beq x1=0x80000720
000000217 RUNTIME_ONLY neutral retire case=00009 pc=0x800007fc opcode=csrrw x2=0x80000725
000000218 RUNTIME_ONLY neutral retire case=00009 pc=0x80000800 opcode=xor x3=0x800008da
000000219 RUNTIME_ONLY neutral retire case=00009 pc=0x80000804 opcode=addi x4=0x800008df
000000220 RUNTIME_ONLY neutral retire case=00009 pc=0x80000808 opcode=lw x5=0x800008d4
000000221 RUNTIME_ONLY neutral retire case=00009 pc=0x8000080c opcode=sw x6=0x800008d1
000000222 RUNTIME_ONLY neutral retire case=00009 pc=0x80000810 opcode=beq x7=0x800008ce
000000223 RUNTIME_ONLY neutral retire case=00009 pc=0x80000814 opcode=csrrw x8=0x800008cb
000000224 RUNTIME_ONLY neutral retire case=00009 pc=0x80000818 opcode=xor x9=0x800008f8
000000225 RUNTIME_ONLY neutral retire case=00009 pc=0x8000081c opcode=addi x10=0x800008fd
000000226 RUNTIME_ONLY neutral retire case=00009 pc=0x80000820 opcode=lw x11=0x800008c2
000000227 RUNTIME_ONLY neutral retire case=00009 pc=0x80000824 opcode=sw x12=0x800008c7
000000228 RUNTIME_ONLY neutral retire case=00009 pc=0x80000828 opcode=beq x13=0x800008cc
000000229 RUNTIME_ONLY neutral retire case=00009 pc=0x8000082c opcode=csrrw x14=0x800008c9
000000230 RUNTIME_ONLY neutral retire case=00009 pc=0x80000830 opcode=xor x15=0x800008d6
000000231 RUNTIME_ONLY neutral retire case=00009 pc=0x80000834 opcode=addi x16=0x800008d3
000000232 RUNTIME_ONLY neutral retire case=00009 pc=0x80000838 opcode=lw x17=0x800008d0
000000233 RUNTIME_ONLY neutral retire case=00009 pc=0x8000083c opcode=sw x18=0x800008d5
000000234 RUNTIME_ONLY neutral retire case=00009 pc=0x80000840 opcode=beq x19=0x800008aa
000000235 RUNTIME_ONLY neutral retire case=00009 pc=0x80000844 opcode=csrrw x20=0x800008af
000000236 RUNTIME_ONLY neutral retire case=00009 pc=0x80000848 opcode=xor x21=0x800008a4
000000237 RUNTIME_ONLY neutral retire case=00009 pc=0x8000084c opcode=addi x22=0x800008a1
000000238 RUNTIME_ONLY neutral retire case=00009 pc=0x80000850 opcode=lw x23=0x800008be
000000239 RUNTIME_ONLY neutral retire case=00009 pc=0x80000854 opcode=sw x24=0x800008bb
000000240 RUNTIME_ONLY neutral retire case=00009 pc=0x80000858 opcode=beq x25=0x800008a8
000000241 RUNTIME_ONLY neutral retire case=00009 pc=0x8000085c opcode=csrrw x26=0x800008ad
000000242 RUNTIME_ONLY neutral retire case=00009 pc=0x80000860 opcode=xor x27=0x80000892
000000243 RUNTIME_ONLY neutral retire case=00009 pc=0x80000864 opcode=addi x28=0x80000897
000000244 RUNTIME_ONLY neutral retire case=00009 pc=0x80000868 opcode=lw x29=0x8000089c
000000245 RUNTIME_ONLY neutral retire case=00009 pc=0x8000086c opcode=sw x30=0x80000899
000000246 RUNTIME_ONLY neutral retire case=00009 pc=0x80000870 opcode=beq x31=0x80000886
000000247 RUNTIME_ONLY neutral retire case=00009 pc=0x80000874 opcode=csrrw x0=0x80000883
000000248 RUNTIME_ONLY neutral retire case=00009 pc=0x80000878 opcode=xor x1=0x80000880
000000249 RUNTIME_ONLY neutral retire case=00009 pc=0x8000087c opcode=addi x2=0x80000885
000000250 RUNTIME_ONLY neutral retire case=00009 pc=0x80000880 opcode=lw x3=0x8000087a
000000251 RUNTIME_ONLY neutral retire case=00009 pc=0x80000884 opcode=sw x4=0x8000087f
000000252 RUNTIME_ONLY neutral retire case=00009 pc=0x80000888 opcode=beq x5=0x80000874
000000253 RUNTIME_ONLY neutral retire case=00009 pc=0x8000088c opcode=csrrw x6=0x80000871
000000254 RUNTIME_ONLY neutral retire case=00009 pc=0x80000890 opcode=xor x7=0x8000086e
000000255 RUNTIME_ONLY neutral retire case=00009 pc=0x80000894 opcode=addi x8=0x8000086b
000000256 RUNTIME_ONLY neutral retire case=00009 pc=0x80000898 opcode=lw x9=0x80000998
000000257 RUNTIME_ONLY neutral retire case=00009 pc=0x8000089c opcode=sw x10=0x8000099d
000000258 RUNTIME_ONLY neutral retire case=00009 pc=0x800008a0 opcode=beq x11=0x800009a2
000000259 RUNTIME_ONLY neutral retire case=00009 pc=0x800008a4 opcode=csrrw x12=0x800009a7
000000260 RUNTIME_ONLY neutral retire case=00009 pc=0x800008a8 opcode=xor x13=0x800009ac
000000261 RUNTIME_ONLY neutral retire case=00009 pc=0x800008ac opcode=addi x14=0x800009a9
000000262 RUNTIME_ONLY neutral retire case=00009 pc=0x800008b0 opcode=lw x15=0x800009b6
000000263 RUNTIME_ONLY neutral retire case=00009 pc=0x800008b4 opcode=sw x16=0x800009b3
000000264 RUNTIME_ONLY neutral retire case=00009 pc=0x800008b8 opcode=beq x17=0x800009b0
000000265 RUNTIME_ONLY neutral retire case=00009 pc=0x800008bc opcode=csrrw x18=0x800009b5
000000266 RUNTIME_ONLY neutral retire case=00009 pc=0x800008c0 opcode=xor x19=0x800009ca
000000267 RUNTIME_ONLY neutral retire case=00009 pc=0x800008c4 opcode=addi x20=0x800009cf
000000268 RUNTIME_ONLY neutral retire case=00009 pc=0x800008c8 opcode=lw x21=0x800009c4
000000269 RUNTIME_ONLY neutral retire case=00009 pc=0x800008cc opcode=sw x22=0x800009c1
000000270 RUNTIME_ONLY neutral retire case=00009 pc=0x800008d0 opcode=beq x23=0x800009de
000000271 RUNTIME_ONLY neutral retire case=00009 pc=0x800008d4 opcode=csrrw x24=0x800009db
000000272 RUNTIME_ONLY neutral retire case=00009 pc=0x800008d8 opcode=xor x25=0x800009c8
000000273 RUNTIME_ONLY neutral retire case=00009 pc=0x800008dc opcode=addi x26=0x800009cd
000000274 RUNTIME_ONLY neutral retire case=00009 pc=0x800008e0 opcode=lw x27=0x800009f2
000000275 RUNTIME_ONLY neutral retire case=00009 pc=0x800008e4 opcode=sw x28=0x800009f7
000000276 RUNTIME_ONLY neutral retire case=00009 pc=0x800008e8 opcode=beq x29=0x800009fc
000000277 RUNTIME_ONLY neutral retire case=00009 pc=0x800008ec opcode=csrrw x30=0x800009f9
000000278 RUNTIME_ONLY neutral retire case=00009 pc=0x800008f0 opcode=xor x31=0x800009e6
000000279 RUNTIME_ONLY neutral retire case=00009 pc=0x800008f4 opcode=addi x0=0x800009e3
000000280 RUNTIME_ONLY neutral retire case=00009 pc=0x800008f8 opcode=lw x1=0x800009e0
000000281 RUNTIME_ONLY neutral retire case=00009 pc=0x800008fc opcode=sw x2=0x800009e5
000000282 RUNTIME_ONLY neutral retire case=00009 pc=0x80000900 opcode=beq x3=0x8000081a
000000283 RUNTIME_ONLY neutral retire case=00009 pc=0x80000904 opcode=csrrw x4=0x8000081f
000000284 RUNTIME_ONLY neutral retire case=00009 pc=0x80000908 opcode=xor x5=0x80000814
000000285 RUNTIME_ONLY neutral retire case=00009 pc=0x8000090c opcode=addi x6=0x80000811
000000286 RUNTIME_ONLY neutral retire case=00009 pc=0x80000910 opcode=lw x7=0x8000080e
000000287 RUNTIME_ONLY neutral retire case=00009 pc=0x80000914 opcode=sw x8=0x8000080b
000000288 RUNTIME_ONLY neutral retire case=00009 pc=0x80000918 opcode=beq x9=0x80000838
000000289 RUNTIME_ONLY neutral retire case=00009 pc=0x8000091c opcode=csrrw x10=0x8000083d
000000290 RUNTIME_ONLY neutral retire case=00009 pc=0x80000920 opcode=xor x11=0x80000802
000000291 RUNTIME_ONLY neutral retire case=00009 pc=0x80000924 opcode=addi x12=0x80000807
000000292 RUNTIME_ONLY neutral retire case=00009 pc=0x80000928 opcode=lw x13=0x8000080c
000000293 RUNTIME_ONLY neutral retire case=00009 pc=0x8000092c opcode=sw x14=0x80000809
000000294 RUNTIME_ONLY neutral retire case=00009 pc=0x80000930 opcode=beq x15=0x80000816
000000295 RUNTIME_ONLY neutral retire case=00009 pc=0x80000934 opcode=csrrw x16=0x80000813
000000296 RUNTIME_ONLY neutral retire case=00009 pc=0x80000938 opcode=xor x17=0x80000810
000000297 RUNTIME_ONLY neutral retire case=00009 pc=0x8000093c opcode=addi x18=0x80000815
000000298 RUNTIME_ONLY neutral retire case=00009 pc=0x80000940 opcode=lw x19=0x8000086a
000000299 RUNTIME_ONLY neutral retire case=00009 pc=0x80000944 opcode=sw x20=0x8000086f
000000300 RUNTIME_ONLY neutral retire case=00009 pc=0x80000948 opcode=beq x21=0x80000864
000000301 RUNTIME_ONLY neutral retire case=00009 pc=0x8000094c opcode=csrrw x22=0x80000861
000000302 RUNTIME_ONLY neutral retire case=00009 pc=0x80000950 opcode=xor x23=0x8000087e
000000303 RUNTIME_ONLY neutral retire case=00009 pc=0x80000954 opcode=addi x24=0x8000087b
000000304 RUNTIME_ONLY neutral retire case=00009 pc=0x80000958 opcode=lw x25=0x80000868
000000305 RUNTIME_ONLY neutral retire case=00009 pc=0x8000095c opcode=sw x26=0x8000086d
000000306 RUNTIME_ONLY neutral retire case=00009 pc=0x80000960 opcode=beq x27=0x80000852
000000307 RUNTIME_ONLY neutral retire case=00009 pc=0x80000964 opcode=csrrw x28=0x80000857
000000308 RUNTIME_ONLY neutral retire case=00009 pc=0x80000968 opcode=xor x29=0x8000085c
000000309 RUNTIME_ONLY neutral retire case=00009 pc=0x8000096c opcode=addi x30=0x80000859
000000310 RUNTIME_ONLY neutral retire case=00009 pc=0x80000970 opcode=lw x31=0x80000846
000000311 RUNTIME_ONLY neutral retire case=00009 pc=0x80000974 opcode=sw x0=0x80000843
000000312 RUNTIME_ONLY neutral retire case=00009 pc=0x80000978 opcode=beq x1=0x80000840
000000313 RUNTIME_ONLY neutral retire case=00009 pc=0x8000097c opcode=csrrw x2=0x80000845
000000314 RUNTIME_ONLY neutral retire case=00009 pc=0x80000980 opcode=xor x3=0x800008ba
000000315 RUNTIME_ONLY neutral retire case=00009 pc=0x80000984 opcode=addi x4=0x800008bf
000000316 RUNTIME_ONLY neutral retire case=00009 pc=0x80000988 opcode=lw x5=0x800008b4
000000317 RUNTIME_ONLY neutral retire case=00009 pc=0x8000098c opcode=sw x6=0x800008b1
000000318 RUNTIME_ONLY neutral retire case=00009 pc=0x80000990 opcode=beq x7=0x800008ae
000000319 RUNTIME_ONLY neutral retire case=00009 pc=0x80000994 opcode=csrrw x8=0x800008ab
000000320 RUNTIME_ONLY neutral retire case=00009 pc=0x80000998 opcode=xor x9=0x800008d8
000000321 RUNTIME_ONLY neutral retire case=00009 pc=0x8000099c opcode=addi x10=0x800008dd
000000322 RUNTIME_ONLY neutral retire case=00009 pc=0x800009a0 opcode=lw x11=0x800008e2
000000323 RUNTIME_ONLY neutral retire case=00009 pc=0x800009a4 opcode=sw x12=0x800008e7
000000324 RUNTIME_ONLY neutral retire case=00009 pc=0x800009a8 opcode=beq x13=0x800008ec
000000325 RUNTIME_ONLY neutral retire case=00009 pc=0x800009ac opcode=csrrw x14=0x800008e9
000000326 RUNTIME_ONLY neutral retire case=00009 pc=0x800009b0 opcode=xor x15=0x800008f6
000000327 RUNTIME_ONLY neutral retire case=00009 pc=0x800009b4 opcode=addi x16=0x800008f3
000000328 RUNTIME_ONLY neutral retire case=00009 pc=0x800009b8 opcode=lw x17=0x800008f0
000000329 RUNTIME_ONLY neutral retire case=00009 pc=0x800009bc opcode=sw x18=0x800008f5
000000330 RUNTIME_ONLY neutral retire case=00009 pc=0x800009c0 opcode=beq x19=0x8000088a
000000331 RUNTIME_ONLY neutral retire case=00009 pc=0x800009c4 opcode=csrrw x20=0x8000088f
000000332 RUNTIME_ONLY neutral retire case=00009 pc=0x800009c8 opcode=xor x21=0x80000884
000000333 RUNTIME_ONLY neutral retire case=00009 pc=0x800009cc opcode=addi x22=0x80000881
000000334 RUNTIME_ONLY neutral retire case=00009 pc=0x800009d0 opcode=lw x23=0x8000089e
000000335 RUNTIME_ONLY neutral retire case=00009 pc=0x800009d4 opcode=sw x24=0x8000089b
000000336 RUNTIME_ONLY neutral retire case=00009 pc=0x800009d8 opcode=beq x25=0x80000888
000000337 RUNTIME_ONLY neutral retire case=00009 pc=0x800009dc opcode=csrrw x26=0x8000088d
000000338 RUNTIME_ONLY neutral retire case=00009 pc=0x800009e0 opcode=xor x27=0x800008b2
000000339 RUNTIME_ONLY neutral retire case=00009 pc=0x800009e4 opcode=addi x28=0x800008b7
000000340 RUNTIME_ONLY neutral retire case=00009 pc=0x800009e8 opcode=lw x29=0x800008bc
000000341 RUNTIME_ONLY neutral retire case=00009 pc=0x800009ec opcode=sw x30=0x800008b9
000000342 RUNTIME_ONLY neutral retire case=00009 pc=0x800009f0 opcode=beq x31=0x800008a6
000000343 RUNTIME_ONLY neutral retire case=00009 pc=0x800009f4 opcode=csrrw x0=0x800008a3
000000344 RUNTIME_ONLY neutral retire case=00009 pc=0x800009f8 opcode=xor x1=0x800008a0
000000345 RUNTIME_ONLY neutral retire case=00009 pc=0x800009fc opcode=addi x2=0x800008a5
000000346 RUNTIME_ONLY neutral retire case=00009 pc=0x80000a00 opcode=lw x3=0x80000b5a
000000347 RUNTIME_ONLY neutral retire case=00009 pc=0x80000a04 opcode=sw x4=0x80000b5f
000000348 RUNTIME_ONLY neutral retire case=00009 pc=0x80000a08 opcode=beq x5=0x80000b54
000000349 RUNTIME_ONLY neutral retire case=00009 pc=0x80000a0c opcode=csrrw x6=0x80000b51
000000350 RUNTIME_ONLY neutral retire case=00009 pc=0x80000a10 opcode=xor x7=0x80000b4e
000000351 RUNTIME_ONLY neutral retire case=00009 pc=0x80000a14 opcode=addi x8=0x80000b4b
000000352 RUNTIME_ONLY neutral retire case=00009 pc=0x80000a18 opcode=lw x9=0x80000b78
000000353 RUNTIME_ONLY neutral retire case=00009 pc=0x80000a1c opcode=sw x10=0x80000b7d
000000354 RUNTIME_ONLY neutral retire case=00009 pc=0x80000a20 opcode=beq x11=0x80000b42
000000355 RUNTIME_ONLY neutral retire case=00009 pc=0x80000a24 opcode=csrrw x12=0x80000b47
000000356 RUNTIME_ONLY neutral retire case=00009 pc=0x80000a28 opcode=xor x13=0x80000b4c
000000357 RUNTIME_ONLY neutral retire case=00009 pc=0x80000a2c opcode=addi x14=0x80000b49
000000358 RUNTIME_ONLY neutral retire case=00009 pc=0x80000a30 opcode=lw x15=0x80000b56
000000359 RUNTIME_ONLY neutral retire case=00009 pc=0x80000a34 opcode=sw x16=0x80000b53
000000360 RUNTIME_ONLY neutral retire case=00009 pc=0x80000a38 opcode=beq x17=0x80000b50
000000361 RUNTIME_ONLY neutral retire case=00009 pc=0x80000a3c opcode=csrrw x18=0x80000b55
000000362 RUNTIME_ONLY neutral retire case=00009 pc=0x80000a40 opcode=xor x19=0x80000b2a
000000363 RUNTIME_ONLY neutral retire case=00009 pc=0x80000a44 opcode=addi x20=0x80000b2f
000000364 RUNTIME_ONLY neutral retire case=00009 pc=0x80000a48 opcode=lw x21=0x80000b24
000000365 RUNTIME_ONLY neutral retire case=00009 pc=0x80000a4c opcode=sw x22=0x80000b21
000000366 RUNTIME_ONLY neutral retire case=00009 pc=0x80000a50 opcode=beq x23=0x80000b3e
000000367 RUNTIME_ONLY neutral retire case=00009 pc=0x80000a54 opcode=csrrw x24=0x80000b3b
000000368 RUNTIME_ONLY neutral retire case=00009 pc=0x80000a58 opcode=xor x25=0x80000b28
000000369 RUNTIME_ONLY neutral retire case=00009 pc=0x80000a5c opcode=addi x26=0x80000b2d
000000370 RUNTIME_ONLY neutral retire case=00009 pc=0x80000a60 opcode=lw x27=0x80000b12
000000371 RUNTIME_ONLY neutral retire case=00009 pc=0x80000a64 opcode=sw x28=0x80000b17
000000372 RUNTIME_ONLY neutral retire case=00009 pc=0x80000a68 opcode=beq x29=0x80000b1c
000000373 RUNTIME_ONLY neutral retire case=00009 pc=0x80000a6c opcode=csrrw x30=0x80000b19
000000374 RUNTIME_ONLY neutral retire case=00009 pc=0x80000a70 opcode=xor x31=0x80000b06
000000375 RUNTIME_ONLY neutral retire case=00009 pc=0x80000a74 opcode=addi x0=0x80000b03
000000376 RUNTIME_ONLY neutral retire case=00009 pc=0x80000a78 opcode=lw x1=0x80000b00
000000377 RUNTIME_ONLY neutral retire case=00009 pc=0x80000a7c opcode=sw x2=0x80000b05
000000378 RUNTIME_ONLY neutral retire case=00009 pc=0x80000a80 opcode=beq x3=0x80000bfa
000000379 RUNTIME_ONLY neutral retire case=00009 pc=0x80000a84 opcode=csrrw x4=0x80000bff
000000380 RUNTIME_ONLY neutral retire case=00009 pc=0x80000a88 opcode=xor x5=0x80000bf4
000000381 RUNTIME_ONLY neutral retire case=00009 pc=0x80000a8c opcode=addi x6=0x80000bf1
000000382 RUNTIME_ONLY neutral retire case=00009 pc=0x80000a90 opcode=lw x7=0x80000bee
000000383 RUNTIME_ONLY neutral retire case=00009 pc=0x80000a94 opcode=sw x8=0x80000beb
000000384 RUNTIME_ONLY neutral retire case=00009 pc=0x80000a98 opcode=beq x9=0x80000b18
000000385 RUNTIME_ONLY neutral retire case=00009 pc=0x80000a9c opcode=csrrw x10=0x80000b1d
000000386 RUNTIME_ONLY neutral retire case=00009 pc=0x80000aa0 opcode=xor x11=0x80000b22
000000387 RUNTIME_ONLY neutral retire case=00009 pc=0x80000aa4 opcode=addi x12=0x80000b27
000000388 RUNTIME_ONLY neutral retire case=00009 pc=0x80000aa8 opcode=lw x13=0x80000b2c
000000389 RUNTIME_ONLY neutral retire case=00009 pc=0x80000aac opcode=sw x14=0x80000b29
000000390 RUNTIME_ONLY neutral retire case=00009 pc=0x80000ab0 opcode=beq x15=0x80000b36
000000391 RUNTIME_ONLY neutral retire case=00009 pc=0x80000ab4 opcode=csrrw x16=0x80000b33
000000392 RUNTIME_ONLY neutral retire case=00009 pc=0x80000ab8 opcode=xor x17=0x80000b30
000000393 RUNTIME_ONLY neutral retire case=00009 pc=0x80000abc opcode=addi x18=0x80000b35
000000394 RUNTIME_ONLY neutral retire case=00009 pc=0x80000ac0 opcode=lw x19=0x80000b4a
000000395 RUNTIME_ONLY neutral retire case=00009 pc=0x80000ac4 opcode=sw x20=0x80000b4f
000000396 RUNTIME_ONLY neutral retire case=00009 pc=0x80000ac8 opcode=beq x21=0x80000b44
000000397 RUNTIME_ONLY neutral retire case=00009 pc=0x80000acc opcode=csrrw x22=0x80000b41
000000398 RUNTIME_ONLY neutral retire case=00009 pc=0x80000ad0 opcode=xor x23=0x80000b5e
000000399 RUNTIME_ONLY neutral retire case=00009 pc=0x80000ad4 opcode=addi x24=0x80000b5b
000000400 RUNTIME_ONLY neutral retire case=00009 pc=0x80000ad8 opcode=lw x25=0x80000b48
000000401 RUNTIME_ONLY neutral retire case=00009 pc=0x80000adc opcode=sw x26=0x80000b4d
000000402 RUNTIME_ONLY neutral retire case=00009 pc=0x80000ae0 opcode=beq x27=0x80000b72
000000403 RUNTIME_ONLY neutral retire case=00009 pc=0x80000ae4 opcode=csrrw x28=0x80000b77
000000404 RUNTIME_ONLY neutral retire case=00009 pc=0x80000ae8 opcode=xor x29=0x80000b7c
000000405 RUNTIME_ONLY neutral retire case=00009 pc=0x80000aec opcode=addi x30=0x80000b79
000000406 RUNTIME_ONLY neutral retire case=00009 pc=0x80000af0 opcode=lw x31=0x80000b66
000000407 RUNTIME_ONLY neutral retire case=00009 pc=0x80000af4 opcode=sw x0=0x80000b63
000000408 RUNTIME_ONLY neutral retire case=00009 pc=0x80000af8 opcode=beq x1=0x80000b60
000000409 RUNTIME_ONLY neutral retire case=00009 pc=0x80000afc opcode=csrrw x2=0x80000b65
000000410 RUNTIME_ONLY neutral retire case=00009 pc=0x80000b00 opcode=xor x3=0x80000a9a
000000411 RUNTIME_ONLY neutral retire case=00009 pc=0x80000b04 opcode=addi x4=0x80000a9f
000000412 RUNTIME_ONLY neutral retire case=00009 pc=0x80000b08 opcode=lw x5=0x80000a94
000000413 RUNTIME_ONLY neutral retire case=00009 pc=0x80000b0c opcode=sw x6=0x80000a91
000000414 RUNTIME_ONLY neutral retire case=00009 pc=0x80000b10 opcode=beq x7=0x80000a8e
000000415 RUNTIME_ONLY neutral retire case=00009 pc=0x80000b14 opcode=csrrw x8=0x80000a8b
000000416 RUNTIME_ONLY neutral retire case=00009 pc=0x80000b18 opcode=xor x9=0x80000ab8
000000417 RUNTIME_ONLY neutral retire case=00009 pc=0x80000b1c opcode=addi x10=0x80000abd
000000418 RUNTIME_ONLY neutral retire case=00009 pc=0x80000b20 opcode=lw x11=0x80000a82
000000419 RUNTIME_ONLY neutral retire case=00009 pc=0x80000b24 opcode=sw x12=0x80000a87
000000420 RUNTIME_ONLY neutral retire case=00009 pc=0x80000b28 opcode=beq x13=0x80000a8c
000000421 RUNTIME_ONLY neutral retire case=00009 pc=0x80000b2c opcode=csrrw x14=0x80000a89
000000422 RUNTIME_ONLY neutral retire case=00009 pc=0x80000b30 opcode=xor x15=0x80000a96
000000423 RUNTIME_ONLY neutral retire case=00009 pc=0x80000b34 opcode=addi x16=0x80000a93
000000424 RUNTIME_ONLY neutral retire case=00009 pc=0x80000b38 opcode=lw x17=0x80000a90
000000425 RUNTIME_ONLY neutral retire case=00009 pc=0x80000b3c opcode=sw x18=0x80000a95
000000426 RUNTIME_ONLY neutral retire case=00009 pc=0x80000b40 opcode=beq x19=0x80000aea
000000427 RUNTIME_ONLY neutral retire case=00009 pc=0x80000b44 opcode=csrrw x20=0x80000aef
000000428 RUNTIME_ONLY neutral retire case=00009 pc=0x80000b48 opcode=xor x21=0x80000ae4
000000429 RUNTIME_ONLY neutral retire case=00009 pc=0x80000b4c opcode=addi x22=0x80000ae1
000000430 RUNTIME_ONLY neutral retire case=00009 pc=0x80000b50 opcode=lw x23=0x80000afe
000000431 RUNTIME_ONLY neutral retire case=00009 pc=0x80000b54 opcode=sw x24=0x80000afb
000000432 RUNTIME_ONLY neutral retire case=00009 pc=0x80000b58 opcode=beq x25=0x80000ae8
000000433 RUNTIME_ONLY neutral retire case=00009 pc=0x80000b5c opcode=csrrw x26=0x80000aed
000000434 RUNTIME_ONLY neutral retire case=00009 pc=0x80000b60 opcode=xor x27=0x80000ad2
000000435 RUNTIME_ONLY neutral retire case=00009 pc=0x80000b64 opcode=addi x28=0x80000ad7
000000436 RUNTIME_ONLY neutral retire case=00009 pc=0x80000b68 opcode=lw x29=0x80000adc
000000437 RUNTIME_ONLY neutral retire case=00009 pc=0x80000b6c opcode=sw x30=0x80000ad9
000000438 RUNTIME_ONLY neutral retire case=00009 pc=0x80000b70 opcode=beq x31=0x80000ac6
000000439 RUNTIME_ONLY neutral retire case=00009 pc=0x80000b74 opcode=csrrw x0=0x80000ac3
000000440 RUNTIME_ONLY neutral retire case=00009 pc=0x80000b78 opcode=xor x1=0x80000ac0
000000441 RUNTIME_ONLY neutral retire case=00009 pc=0x80000b7c opcode=addi x2=0x80000ac5
000000442 RUNTIME_ONLY neutral retire case=00009 pc=0x80000b80 opcode=lw x3=0x80000a3a
000000443 RUNTIME_ONLY neutral retire case=00009 pc=0x80000b84 opcode=sw x4=0x80000a3f
000000444 RUNTIME_ONLY neutral retire case=00009 pc=0x80000b88 opcode=beq x5=0x80000a34
000000445 RUNTIME_ONLY neutral retire case=00009 pc=0x80000b8c opcode=csrrw x6=0x80000a31
000000446 RUNTIME_ONLY neutral retire case=00009 pc=0x80000b90 opcode=xor x7=0x80000a2e
000000447 RUNTIME_ONLY neutral retire case=00009 pc=0x80000b94 opcode=addi x8=0x80000a2b
000000448 RUNTIME_ONLY neutral retire case=00009 pc=0x80000b98 opcode=lw x9=0x80000a58
000000449 RUNTIME_ONLY neutral retire case=00009 pc=0x80000b9c opcode=sw x10=0x80000a5d
000000450 RUNTIME_ONLY neutral retire case=00009 pc=0x80000ba0 opcode=beq x11=0x80000a62
000000451 RUNTIME_ONLY neutral retire case=00009 pc=0x80000ba4 opcode=csrrw x12=0x80000a67
000000452 RUNTIME_ONLY neutral retire case=00009 pc=0x80000ba8 opcode=xor x13=0x80000a6c
000000453 RUNTIME_ONLY neutral retire case=00009 pc=0x80000bac opcode=addi x14=0x80000a69
000000454 RUNTIME_ONLY neutral retire case=00009 pc=0x80000bb0 opcode=lw x15=0x80000a76
000000455 RUNTIME_ONLY neutral retire case=00009 pc=0x80000bb4 opcode=sw x16=0x80000a73
000000456 RUNTIME_ONLY neutral retire case=00009 pc=0x80000bb8 opcode=beq x17=0x80000a70
000000457 RUNTIME_ONLY neutral retire case=00009 pc=0x80000bbc opcode=csrrw x18=0x80000a75
000000458 RUNTIME_ONLY neutral retire case=00009 pc=0x80000bc0 opcode=xor x19=0x80000a0a
000000459 RUNTIME_ONLY neutral retire case=00009 pc=0x80000bc4 opcode=addi x20=0x80000a0f
000000460 RUNTIME_ONLY neutral retire case=00009 pc=0x80000bc8 opcode=lw x21=0x80000a04
000000461 RUNTIME_ONLY neutral retire case=00009 pc=0x80000bcc opcode=sw x22=0x80000a01
000000462 RUNTIME_ONLY neutral retire case=00009 pc=0x80000bd0 opcode=beq x23=0x80000a1e
000000463 RUNTIME_ONLY neutral retire case=00009 pc=0x80000bd4 opcode=csrrw x24=0x80000a1b
000000464 RUNTIME_ONLY neutral retire case=00009 pc=0x80000bd8 opcode=xor x25=0x80000a08
000000465 RUNTIME_ONLY neutral retire case=00009 pc=0x80000bdc opcode=addi x26=0x80000a0d
000000466 RUNTIME_ONLY neutral retire case=00009 pc=0x80000be0 opcode=lw x27=0x80000a32
000000467 RUNTIME_ONLY neutral retire case=00009 pc=0x80000be4 opcode=sw x28=0x80000a37
000000468 RUNTIME_ONLY neutral retire case=00009 pc=0x80000be8 opcode=beq x29=0x80000a3c
000000469 RUNTIME_ONLY neutral retire case=00009 pc=0x80000bec opcode=csrrw x30=0x80000a39
000000470 RUNTIME_ONLY neutral retire case=00009 pc=0x80000bf0 opcode=xor x31=0x80000a26
000000471 RUNTIME_ONLY neutral retire case=00009 pc=0x80000bf4 opcode=addi x0=0x80000a23
000000472 RUNTIME_ONLY neutral retire case=00009 pc=0x80000bf8 opcode=lw x1=0x80000a20
000000473 RUNTIME_ONLY neutral retire case=00009 pc=0x80000bfc opcode=sw x2=0x80000a25
000000474 RUNTIME_ONLY neutral retire case=00009 pc=0x80000c00 opcode=beq x3=0x80000dda
000000475 RUNTIME_ONLY neutral retire case=00009 pc=0x80000c04 opcode=csrrw x4=0x80000ddf
000000476 RUNTIME_ONLY neutral retire case=00009 pc=0x80000c08 opcode=xor x5=0x80000dd4
000000477 RUNTIME_ONLY neutral retire case=00009 pc=0x80000c0c opcode=addi x6=0x80000dd1
000000478 RUNTIME_ONLY neutral retire case=00009 pc=0x80000c10 opcode=lw x7=0x80000dce
000000479 RUNTIME_ONLY neutral retire case=00009 pc=0x80000c14 opcode=sw x8=0x80000dcb
000000480 RUNTIME_ONLY neutral retire case=00009 pc=0x80000c18 opcode=beq x9=0x80000df8
000000481 RUNTIME_ONLY neutral retire case=00009 pc=0x80000c1c opcode=csrrw x10=0x80000dfd
000000482 RUNTIME_ONLY neutral retire case=00009 pc=0x80000c20 opcode=xor x11=0x80000dc2
000000483 RUNTIME_ONLY neutral retire case=00009 pc=0x80000c24 opcode=addi x12=0x80000dc7
000000484 RUNTIME_ONLY neutral retire case=00009 pc=0x80000c28 opcode=lw x13=0x80000dcc
000000485 RUNTIME_ONLY neutral retire case=00009 pc=0x80000c2c opcode=sw x14=0x80000dc9
000000486 RUNTIME_ONLY neutral retire case=00009 pc=0x80000c30 opcode=beq x15=0x80000dd6
000000487 RUNTIME_ONLY neutral retire case=00009 pc=0x80000c34 opcode=csrrw x16=0x80000dd3
000000488 RUNTIME_ONLY neutral retire case=00009 pc=0x80000c38 opcode=xor x17=0x80000dd0
000000489 RUNTIME_ONLY neutral retire case=00009 pc=0x80000c3c opcode=addi x18=0x80000dd5
000000490 RUNTIME_ONLY neutral retire case=00009 pc=0x80000c40 opcode=lw x19=0x80000daa
000000491 RUNTIME_ONLY neutral retire case=00009 pc=0x80000c44 opcode=sw x20=0x80000daf
000000492 RUNTIME_ONLY neutral retire case=00009 pc=0x80000c48 opcode=beq x21=0x80000da4
000000493 RUNTIME_ONLY neutral retire case=00009 pc=0x80000c4c opcode=csrrw x22=0x80000da1
000000494 RUNTIME_ONLY neutral retire case=00009 pc=0x80000c50 opcode=xor x23=0x80000dbe
000000495 RUNTIME_ONLY neutral retire case=00009 pc=0x80000c54 opcode=addi x24=0x80000dbb
000000496 RUNTIME_ONLY neutral retire case=00009 pc=0x80000c58 opcode=lw x25=0x80000da8
000000497 RUNTIME_ONLY neutral retire case=00009 pc=0x80000c5c opcode=sw x26=0x80000dad
000000498 RUNTIME_ONLY neutral retire case=00009 pc=0x80000c60 opcode=beq x27=0x80000d92
000000499 RUNTIME_ONLY neutral retire case=00009 pc=0x80000c64 opcode=csrrw x28=0x80000d97
000000500 RUNTIME_ONLY neutral retire case=00009 pc=0x80000c68 opcode=xor x29=0x80000d9c
000000501 RUNTIME_ONLY neutral retire case=00009 pc=0x80000c6c opcode=addi x30=0x80000d99
000000502 RUNTIME_ONLY neutral retire case=00009 pc=0x80000c70 opcode=lw x31=0x80000d86
000000503 RUNTIME_ONLY neutral retire case=00009 pc=0x80000c74 opcode=sw x0=0x80000d83
000000504 RUNTIME_ONLY neutral retire case=00009 pc=0x80000c78 opcode=beq x1=0x80000d80
000000505 RUNTIME_ONLY neutral retire case=00009 pc=0x80000c7c opcode=csrrw x2=0x80000d85
000000506 RUNTIME_ONLY neutral retire case=00009 pc=0x80000c80 opcode=xor x3=0x80000d7a
000000507 RUNTIME_ONLY neutral retire case=00009 pc=0x80000c84 opcode=addi x4=0x80000d7f
000000508 RUNTIME_ONLY neutral retire case=00009 pc=0x80000c88 opcode=lw x5=0x80000d74
000000509 RUNTIME_ONLY neutral retire case=00009 pc=0x80000c8c opcode=sw x6=0x80000d71
000000510 RUNTIME_ONLY neutral retire case=00009 pc=0x80000c90 opcode=beq x7=0x80000d6e
000000511 RUNTIME_ONLY neutral retire case=00009 pc=0x80000c94 opcode=csrrw x8=0x80000d6b
000000512 RUNTIME_ONLY neutral retire case=00009 pc=0x80000c98 opcode=xor x9=0x80000e98
000000513 RUNTIME_ONLY neutral retire case=00009 pc=0x80000c9c opcode=addi x10=0x80000e9d
000000514 RUNTIME_ONLY neutral retire case=00009 pc=0x80000ca0 opcode=lw x11=0x80000ea2
000000515 RUNTIME_ONLY neutral retire case=00009 pc=0x80000ca4 opcode=sw x12=0x80000ea7
000000516 RUNTIME_ONLY neutral retire case=00009 pc=0x80000ca8 opcode=beq x13=0x80000eac
000000517 RUNTIME_ONLY neutral retire case=00009 pc=0x80000cac opcode=csrrw x14=0x80000ea9
000000518 RUNTIME_ONLY neutral retire case=00009 pc=0x80000cb0 opcode=xor x15=0x80000eb6
000000519 RUNTIME_ONLY neutral retire case=00009 pc=0x80000cb4 opcode=addi x16=0x80000eb3
000000520 RUNTIME_ONLY neutral retire case=00009 pc=0x80000cb8 opcode=lw x17=0x80000eb0
000000521 RUNTIME_ONLY neutral retire case=00009 pc=0x80000cbc opcode=sw x18=0x80000eb5
000000522 RUNTIME_ONLY neutral retire case=00009 pc=0x80000cc0 opcode=beq x19=0x80000eca
000000523 RUNTIME_ONLY neutral retire case=00009 pc=0x80000cc4 opcode=csrrw x20=0x80000ecf
000000524 RUNTIME_ONLY neutral retire case=00009 pc=0x80000cc8 opcode=xor x21=0x80000ec4
000000525 RUNTIME_ONLY neutral retire case=00009 pc=0x80000ccc opcode=addi x22=0x80000ec1
000000526 RUNTIME_ONLY neutral retire case=00009 pc=0x80000cd0 opcode=lw x23=0x80000ede
000000527 RUNTIME_ONLY neutral retire case=00009 pc=0x80000cd4 opcode=sw x24=0x80000edb
000000528 RUNTIME_ONLY neutral retire case=00009 pc=0x80000cd8 opcode=beq x25=0x80000ec8
000000529 RUNTIME_ONLY neutral retire case=00009 pc=0x80000cdc opcode=csrrw x26=0x80000ecd
000000530 RUNTIME_ONLY neutral retire case=00009 pc=0x80000ce0 opcode=xor x27=0x80000ef2
000000531 RUNTIME_ONLY neutral retire case=00009 pc=0x80000ce4 opcode=addi x28=0x80000ef7
000000532 RUNTIME_ONLY neutral retire case=00009 pc=0x80000ce8 opcode=lw x29=0x80000efc
000000533 RUNTIME_ONLY neutral retire case=00009 pc=0x80000cec opcode=sw x30=0x80000ef9
000000534 RUNTIME_ONLY neutral retire case=00009 pc=0x80000cf0 opcode=beq x31=0x80000ee6
000000535 RUNTIME_ONLY neutral retire case=00009 pc=0x80000cf4 opcode=csrrw x0=0x80000ee3
000000536 RUNTIME_ONLY neutral retire case=00009 pc=0x80000cf8 opcode=xor x1=0x80000ee0
000000537 RUNTIME_ONLY neutral retire case=00009 pc=0x80000cfc opcode=addi x2=0x80000ee5
000000538 RUNTIME_ONLY neutral retire case=00009 pc=0x80000d00 opcode=lw x3=0x80000f1a
000000539 RUNTIME_ONLY neutral retire case=00009 pc=0x80000d04 opcode=sw x4=0x80000f1f
000000540 RUNTIME_ONLY neutral retire case=00009 pc=0x80000d08 opcode=beq x5=0x80000f14
000000541 RUNTIME_ONLY neutral retire case=00009 pc=0x80000d0c opcode=csrrw x6=0x80000f11
000000542 RUNTIME_ONLY neutral retire case=00009 pc=0x80000d10 opcode=xor x7=0x80000f0e
000000543 RUNTIME_ONLY neutral retire case=00009 pc=0x80000d14 opcode=addi x8=0x80000f0b
000000544 RUNTIME_ONLY neutral retire case=00009 pc=0x80000d18 opcode=lw x9=0x80000f38
000000545 RUNTIME_ONLY neutral retire case=00009 pc=0x80000d1c opcode=sw x10=0x80000f3d
000000546 RUNTIME_ONLY neutral retire case=00009 pc=0x80000d20 opcode=beq x11=0x80000f02
000000547 RUNTIME_ONLY neutral retire case=00009 pc=0x80000d24 opcode=csrrw x12=0x80000f07
000000548 RUNTIME_ONLY neutral retire case=00009 pc=0x80000d28 opcode=xor x13=0x80000f0c
000000549 RUNTIME_ONLY neutral retire case=00009 pc=0x80000d2c opcode=addi x14=0x80000f09
000000550 RUNTIME_ONLY neutral retire case=00009 pc=0x80000d30 opcode=lw x15=0x80000f16
000000551 RUNTIME_ONLY neutral retire case=00009 pc=0x80000d34 opcode=sw x16=0x80000f13
000000552 RUNTIME_ONLY neutral retire case=00009 pc=0x80000d38 opcode=beq x17=0x80000f10
000000553 RUNTIME_ONLY neutral retire case=00009 pc=0x80000d3c opcode=csrrw x18=0x80000f15
000000554 RUNTIME_ONLY neutral retire case=00009 pc=0x80000d40 opcode=xor x19=0x80000f6a
000000555 RUNTIME_ONLY neutral retire case=00009 pc=0x80000d44 opcode=addi x20=0x80000f6f
000000556 RUNTIME_ONLY neutral retire case=00009 pc=0x80000d48 opcode=lw x21=0x80000f64
000000557 RUNTIME_ONLY neutral retire case=00009 pc=0x80000d4c opcode=sw x22=0x80000f61
000000558 RUNTIME_ONLY neutral retire case=00009 pc=0x80000d50 opcode=beq x23=0x80000f7e
000000559 RUNTIME_ONLY neutral retire case=00009 pc=0x80000d54 opcode=csrrw x24=0x80000f7b
000000560 RUNTIME_ONLY neutral retire case=00009 pc=0x80000d58 opcode=xor x25=0x80000f68
000000561 RUNTIME_ONLY neutral retire case=00009 pc=0x80000d5c opcode=addi x26=0x80000f6d
000000562 RUNTIME_ONLY neutral retire case=00009 pc=0x80000d60 opcode=lw x27=0x80000f52
000000563 RUNTIME_ONLY neutral retire case=00009 pc=0x80000d64 opcode=sw x28=0x80000f57
000000564 RUNTIME_ONLY neutral retire case=00009 pc=0x80000d68 opcode=beq x29=0x80000f5c
000000565 RUNTIME_ONLY neutral retire case=00009 pc=0x80000d6c opcode=csrrw x30=0x80000f59
000000566 RUNTIME_ONLY neutral retire case=00009 pc=0x80000d70 opcode=xor x31=0x80000f46
000000567 RUNTIME_ONLY neutral retire case=00009 pc=0x80000d74 opcode=addi x0=0x80000f43
000000568 RUNTIME_ONLY neutral retire case=00009 pc=0x80000d78 opcode=lw x1=0x80000f40
000000569 RUNTIME_ONLY neutral retire case=00009 pc=0x80000d7c opcode=sw x2=0x80000f45
000000570 RUNTIME_ONLY neutral retire case=00009 pc=0x80000d80 opcode=beq x3=0x80000fba
000000571 RUNTIME_ONLY neutral retire case=00009 pc=0x80000d84 opcode=csrrw x4=0x80000fbf
000000572 RUNTIME_ONLY neutral retire case=00009 pc=0x80000d88 opcode=xor x5=0x80000fb4
000000573 RUNTIME_ONLY neutral retire case=00009 pc=0x80000d8c opcode=addi x6=0x80000fb1
000000574 RUNTIME_ONLY neutral retire case=00009 pc=0x80000d90 opcode=lw x7=0x80000fae
000000575 RUNTIME_ONLY neutral retire case=00009 pc=0x80000d94 opcode=sw x8=0x80000fab
000000576 RUNTIME_ONLY neutral retire case=00009 pc=0x80000d98 opcode=beq x9=0x80000fd8
000000577 RUNTIME_ONLY neutral retire case=00009 pc=0x80000d9c opcode=csrrw x10=0x80000fdd
000000578 RUNTIME_ONLY neutral retire case=00009 pc=0x80000da0 opcode=xor x11=0x80000fe2
000000579 RUNTIME_ONLY neutral retire case=00009 pc=0x80000da4 opcode=addi x12=0x80000fe7
000000580 RUNTIME_ONLY neutral retire case=00009 pc=0x80000da8 opcode=lw x13=0x80000fec
000000581 RUNTIME_ONLY neutral retire case=00009 pc=0x80000dac opcode=sw x14=0x80000fe9
000000582 RUNTIME_ONLY neutral retire case=00009 pc=0x80000db0 opcode=beq x15=0x80000ff6
000000583 RUNTIME_ONLY neutral retire case=00009 pc=0x80000db4 opcode=csrrw x16=0x80000ff3
000000584 RUNTIME_ONLY neutral retire case=00009 pc=0x80000db8 opcode=xor x17=0x80000ff0
000000585 RUNTIME_ONLY neutral retire case=00009 pc=0x80000dbc opcode=addi x18=0x80000ff5
000000586 RUNTIME_ONLY neutral retire case=00009 pc=0x80000dc0 opcode=lw x19=0x80000f8a
000000587 RUNTIME_ONLY neutral retire case=00009 pc=0x80000dc4 opcode=sw x20=0x80000f8f
000000588 RUNTIME_ONLY neutral retire case=00009 pc=0x80000dc8 opcode=beq x21=0x80000f84
000000589 RUNTIME_ONLY neutral retire case=00009 pc=0x80000dcc opcode=csrrw x22=0x80000f81
000000590 RUNTIME_ONLY neutral retire case=00009 pc=0x80000dd0 opcode=xor x23=0x80000f9e
000000591 RUNTIME_ONLY neutral retire case=00009 pc=0x80000dd4 opcode=addi x24=0x80000f9b
000000592 RUNTIME_ONLY neutral retire case=00009 pc=0x80000dd8 opcode=lw x25=0x80000f88
000000593 RUNTIME_ONLY neutral retire case=00009 pc=0x80000ddc opcode=sw x26=0x80000f8d
000000594 RUNTIME_ONLY neutral retire case=00009 pc=0x80000de0 opcode=beq x27=0x80000fb2
000000595 RUNTIME_ONLY neutral retire case=00009 pc=0x80000de4 opcode=csrrw x28=0x80000fb7
000000596 RUNTIME_ONLY neutral retire case=00009 pc=0x80000de8 opcode=xor x29=0x80000fbc
000000597 RUNTIME_ONLY neutral retire case=00009 pc=0x80000dec opcode=addi x30=0x80000fb9
000000598 RUNTIME_ONLY neutral retire case=00009 pc=0x80000df0 opcode=lw x31=0x80000fa6
000000599 RUNTIME_ONLY neutral retire case=00009 pc=0x80000df4 opcode=sw x0=0x80000fa3
000000600 RUNTIME_ONLY neutral retire case=00009 pc=0x80000df8 opcode=beq x1=0x80000fa0
000000601 RUNTIME_ONLY neutral retire case=00009 pc=0x80000dfc opcode=csrrw x2=0x80000fa5
000000602 RUNTIME_ONLY neutral retire case=00009 pc=0x80000e00 opcode=xor x3=0x80000c5a
000000603 RUNTIME_ONLY neutral retire case=00009 pc=0x80000e04 opcode=addi x4=0x80000c5f
000000604 RUNTIME_ONLY neutral retire case=00009 pc=0x80000e08 opcode=lw x5=0x80000c54
000000605 RUNTIME_ONLY neutral retire case=00009 pc=0x80000e0c opcode=sw x6=0x80000c51
000000606 RUNTIME_ONLY neutral retire case=00009 pc=0x80000e10 opcode=beq x7=0x80000c4e
000000607 RUNTIME_ONLY neutral retire case=00009 pc=0x80000e14 opcode=csrrw x8=0x80000c4b
000000608 RUNTIME_ONLY neutral retire case=00009 pc=0x80000e18 opcode=xor x9=0x80000c78
000000609 RUNTIME_ONLY neutral retire case=00009 pc=0x80000e1c opcode=addi x10=0x80000c7d
000000610 RUNTIME_ONLY neutral retire case=00009 pc=0x80000e20 opcode=lw x11=0x80000c42
000000611 RUNTIME_ONLY neutral retire case=00009 pc=0x80000e24 opcode=sw x12=0x80000c47
000000612 RUNTIME_ONLY neutral retire case=00009 pc=0x80000e28 opcode=beq x13=0x80000c4c
000000613 RUNTIME_ONLY neutral retire case=00009 pc=0x80000e2c opcode=csrrw x14=0x80000c49
000000614 RUNTIME_ONLY neutral retire case=00009 pc=0x80000e30 opcode=xor x15=0x80000c56
000000615 RUNTIME_ONLY neutral retire case=00009 pc=0x80000e34 opcode=addi x16=0x80000c53
000000616 RUNTIME_ONLY neutral retire case=00009 pc=0x80000e38 opcode=lw x17=0x80000c50
000000617 RUNTIME_ONLY neutral retire case=00009 pc=0x80000e3c opcode=sw x18=0x80000c55
000000618 RUNTIME_ONLY neutral retire case=00009 pc=0x80000e40 opcode=beq x19=0x80000c2a
000000619 RUNTIME_ONLY neutral retire case=00009 pc=0x80000e44 opcode=csrrw x20=0x80000c2f
000000620 RUNTIME_ONLY neutral retire case=00009 pc=0x80000e48 opcode=xor x21=0x80000c24
000000621 RUNTIME_ONLY neutral retire case=00009 pc=0x80000e4c opcode=addi x22=0x80000c21
000000622 RUNTIME_ONLY neutral retire case=00009 pc=0x80000e50 opcode=lw x23=0x80000c3e
000000623 RUNTIME_ONLY neutral retire case=00009 pc=0x80000e54 opcode=sw x24=0x80000c3b
000000624 RUNTIME_ONLY neutral retire case=00009 pc=0x80000e58 opcode=beq x25=0x80000c28
000000625 RUNTIME_ONLY neutral retire case=00009 pc=0x80000e5c opcode=csrrw x26=0x80000c2d
000000626 RUNTIME_ONLY neutral retire case=00009 pc=0x80000e60 opcode=xor x27=0x80000c12
000000627 RUNTIME_ONLY neutral retire case=00009 pc=0x80000e64 opcode=addi x28=0x80000c17
000000628 RUNTIME_ONLY neutral retire case=00009 pc=0x80000e68 opcode=lw x29=0x80000c1c
000000629 RUNTIME_ONLY neutral retire case=00009 pc=0x80000e6c opcode=sw x30=0x80000c19
000000630 RUNTIME_ONLY neutral retire case=00009 pc=0x80000e70 opcode=beq x31=0x80000c06
000000631 RUNTIME_ONLY neutral retire case=00009 pc=0x80000e74 opcode=csrrw x0=0x80000c03
000000632 RUNTIME_ONLY neutral retire case=00009 pc=0x80000e78 opcode=xor x1=0x80000c00
000000633 RUNTIME_ONLY neutral retire case=00009 pc=0x80000e7c opcode=addi x2=0x80000c05
000000634 RUNTIME_ONLY neutral retire case=00009 pc=0x80000e80 opcode=lw x3=0x80000cfa
000000635 RUNTIME_ONLY neutral retire case=00009 pc=0x80000e84 opcode=sw x4=0x80000cff
000000636 RUNTIME_ONLY neutral retire case=00009 pc=0x80000e88 opcode=beq x5=0x80000cf4
000000637 RUNTIME_ONLY neutral retire case=00009 pc=0x80000e8c opcode=csrrw x6=0x80000cf1
000000638 RUNTIME_ONLY neutral retire case=00009 pc=0x80000e90 opcode=xor x7=0x80000cee
000000639 RUNTIME_ONLY neutral retire case=00009 pc=0x80000e94 opcode=addi x8=0x80000ceb
000000640 RUNTIME_ONLY neutral retire case=00009 pc=0x80000e98 opcode=lw x9=0x80000c18
000000641 RUNTIME_ONLY neutral retire case=00009 pc=0x80000e9c opcode=sw x10=0x80000c1d
000000642 RUNTIME_ONLY neutral retire case=00009 pc=0x80000ea0 opcode=beq x11=0x80000c22
000000643 RUNTIME_ONLY neutral retire case=00009 pc=0x80000ea4 opcode=csrrw x12=0x80000c27
000000644 RUNTIME_ONLY neutral retire case=00009 pc=0x80000ea8 opcode=xor x13=0x80000c2c
000000645 RUNTIME_ONLY neutral retire case=00009 pc=0x80000eac opcode=addi x14=0x80000c29
000000646 RUNTIME_ONLY neutral retire case=00009 pc=0x80000eb0 opcode=lw x15=0x80000c36
000000647 RUNTIME_ONLY neutral retire case=00009 pc=0x80000eb4 opcode=sw x16=0x80000c33
000000648 RUNTIME_ONLY neutral retire case=00009 pc=0x80000eb8 opcode=beq x17=0x80000c30
000000649 RUNTIME_ONLY neutral retire case=00009 pc=0x80000ebc opcode=csrrw x18=0x80000c35
000000650 RUNTIME_ONLY neutral retire case=00009 pc=0x80000ec0 opcode=xor x19=0x80000c4a
000000651 RUNTIME_ONLY neutral retire case=00009 pc=0x80000ec4 opcode=addi x20=0x80000c4f
000000652 RUNTIME_ONLY neutral retire case=00009 pc=0x80000ec8 opcode=lw x21=0x80000c44
000000653 RUNTIME_ONLY neutral retire case=00009 pc=0x80000ecc opcode=sw x22=0x80000c41
000000654 RUNTIME_ONLY neutral retire case=00009 pc=0x80000ed0 opcode=beq x23=0x80000c5e
000000655 RUNTIME_ONLY neutral retire case=00009 pc=0x80000ed4 opcode=csrrw x24=0x80000c5b
000000656 RUNTIME_ONLY neutral retire case=00009 pc=0x80000ed8 opcode=xor x25=0x80000c48
000000657 RUNTIME_ONLY neutral retire case=00009 pc=0x80000edc opcode=addi x26=0x80000c4d
000000658 RUNTIME_ONLY neutral retire case=00009 pc=0x80000ee0 opcode=lw x27=0x80000c72
000000659 RUNTIME_ONLY neutral retire case=00009 pc=0x80000ee4 opcode=sw x28=0x80000c77
000000660 RUNTIME_ONLY neutral retire case=00009 pc=0x80000ee8 opcode=beq x29=0x80000c7c
000000661 RUNTIME_ONLY neutral retire case=00009 pc=0x80000eec opcode=csrrw x30=0x80000c79
000000662 RUNTIME_ONLY neutral retire case=00009 pc=0x80000ef0 opcode=xor x31=0x80000c66
000000663 RUNTIME_ONLY neutral retire case=00009 pc=0x80000ef4 opcode=addi x0=0x80000c63
000000664 RUNTIME_ONLY neutral retire case=00009 pc=0x80000ef8 opcode=lw x1=0x80000c60
000000665 RUNTIME_ONLY neutral retire case=00009 pc=0x80000efc opcode=sw x2=0x80000c65
000000666 RUNTIME_ONLY neutral retire case=00009 pc=0x80000f00 opcode=beq x3=0x80000d9a
000000667 RUNTIME_ONLY neutral retire case=00009 pc=0x80000f04 opcode=csrrw x4=0x80000d9f
000000668 RUNTIME_ONLY neutral retire case=00009 pc=0x80000f08 opcode=xor x5=0x80000d94
000000669 RUNTIME_ONLY neutral retire case=00009 pc=0x80000f0c opcode=addi x6=0x80000d91
000000670 RUNTIME_ONLY neutral retire case=00009 pc=0x80000f10 opcode=lw x7=0x80000d8e
000000671 RUNTIME_ONLY neutral retire case=00009 pc=0x80000f14 opcode=sw x8=0x80000d8b
000000672 RUNTIME_ONLY neutral retire case=00009 pc=0x80000f18 opcode=beq x9=0x80000db8
000000673 RUNTIME_ONLY neutral retire case=00009 pc=0x80000f1c opcode=csrrw x10=0x80000dbd
000000674 RUNTIME_ONLY neutral retire case=00009 pc=0x80000f20 opcode=xor x11=0x80000d82
000000675 RUNTIME_ONLY neutral retire case=00009 pc=0x80000f24 opcode=addi x12=0x80000d87
000000676 RUNTIME_ONLY neutral retire case=00009 pc=0x80000f28 opcode=lw x13=0x80000d8c
000000677 RUNTIME_ONLY neutral retire case=00009 pc=0x80000f2c opcode=sw x14=0x80000d89
000000678 RUNTIME_ONLY neutral retire case=00009 pc=0x80000f30 opcode=beq x15=0x80000d96
000000679 RUNTIME_ONLY neutral retire case=00009 pc=0x80000f34 opcode=csrrw x16=0x80000d93
000000680 RUNTIME_ONLY neutral retire case=00009 pc=0x80000f38 opcode=xor x17=0x80000d90
000000681 RUNTIME_ONLY neutral retire case=00009 pc=0x80000f3c opcode=addi x18=0x80000d95
000000682 RUNTIME_ONLY neutral retire case=00009 pc=0x80000f40 opcode=lw x19=0x80000dea
000000683 RUNTIME_ONLY neutral retire case=00009 pc=0x80000f44 opcode=sw x20=0x80000def
000000684 RUNTIME_ONLY neutral retire case=00009 pc=0x80000f48 opcode=beq x21=0x80000de4
000000685 RUNTIME_ONLY neutral retire case=00009 pc=0x80000f4c opcode=csrrw x22=0x80000de1
000000686 RUNTIME_ONLY neutral retire case=00009 pc=0x80000f50 opcode=xor x23=0x80000dfe
000000687 RUNTIME_ONLY neutral retire case=00009 pc=0x80000f54 opcode=addi x24=0x80000dfb
000000688 RUNTIME_ONLY neutral retire case=00009 pc=0x80000f58 opcode=lw x25=0x80000de8
000000689 RUNTIME_ONLY neutral retire case=00009 pc=0x80000f5c opcode=sw x26=0x80000ded
000000690 RUNTIME_ONLY neutral retire case=00009 pc=0x80000f60 opcode=beq x27=0x80000dd2
000000691 RUNTIME_ONLY neutral retire case=00009 pc=0x80000f64 opcode=csrrw x28=0x80000dd7
000000692 RUNTIME_ONLY neutral retire case=00009 pc=0x80000f68 opcode=xor x29=0x80000ddc
000000693 RUNTIME_ONLY neutral retire case=00009 pc=0x80000f6c opcode=addi x30=0x80000dd9
000000694 RUNTIME_ONLY neutral retire case=00009 pc=0x80000f70 opcode=lw x31=0x80000dc6
000000695 RUNTIME_ONLY neutral retire case=00009 pc=0x80000f74 opcode=sw x0=0x80000dc3
000000696 RUNTIME_ONLY neutral retire case=00009 pc=0x80000f78 opcode=beq x1=0x80000dc0
000000697 RUNTIME_ONLY neutral retire case=00009 pc=0x80000f7c opcode=csrrw x2=0x80000dc5
000000698 RUNTIME_ONLY neutral retire case=00009 pc=0x80000f80 opcode=xor x3=0x80000d3a
000000699 RUNTIME_ONLY neutral retire case=00009 pc=0x80000f84 opcode=addi x4=0x80000d3f
000000700 RUNTIME_ONLY neutral retire case=00009 pc=0x80000f88 opcode=lw x5=0x80000d34
000000701 RUNTIME_ONLY neutral retire case=00009 pc=0x80000f8c opcode=sw x6=0x80000d31
000000702 RUNTIME_ONLY neutral retire case=00009 pc=0x80000f90 opcode=beq x7=0x80000d2e
000000703 RUNTIME_ONLY neutral retire case=00009 pc=0x80000f94 opcode=csrrw x8=0x80000d2b
000000704 RUNTIME_ONLY neutral retire case=00009 pc=0x80000f98 opcode=xor x9=0x80000d58
000000705 RUNTIME_ONLY neutral retire case=00009 pc=0x80000f9c opcode=addi x10=0x80000d5d
000000706 RUNTIME_ONLY neutral retire case=00009 pc=0x80000fa0 opcode=lw x11=0x80000d62
000000707 RUNTIME_ONLY neutral retire case=00009 pc=0x80000fa4 opcode=sw x12=0x80000d67
000000708 RUNTIME_ONLY neutral retire case=00009 pc=0x80000fa8 opcode=beq x13=0x80000d6c
000000709 RUNTIME_ONLY neutral retire case=00009 pc=0x80000fac opcode=csrrw x14=0x80000d69
000000710 RUNTIME_ONLY neutral retire case=00009 pc=0x80000fb0 opcode=xor x15=0x80000d76
000000711 RUNTIME_ONLY neutral retire case=00009 pc=0x80000fb4 opcode=addi x16=0x80000d73
000000712 RUNTIME_ONLY neutral retire case=00009 pc=0x80000fb8 opcode=lw x17=0x80000d70
000000713 RUNTIME_ONLY neutral retire case=00009 pc=0x80000fbc opcode=sw x18=0x80000d75
000000714 RUNTIME_ONLY neutral retire case=00009 pc=0x80000fc0 opcode=beq x19=0x80000d0a
000000715 RUNTIME_ONLY neutral retire case=00009 pc=0x80000fc4 opcode=csrrw x20=0x80000d0f
000000716 RUNTIME_ONLY neutral retire case=00009 pc=0x80000fc8 opcode=xor x21=0x80000d04
000000717 RUNTIME_ONLY neutral retire case=00009 pc=0x80000fcc opcode=addi x22=0x80000d01
000000718 RUNTIME_ONLY neutral retire case=00009 pc=0x80000fd0 opcode=lw x23=0x80000d1e
000000719 RUNTIME_ONLY neutral retire case=00009 pc=0x80000fd4 opcode=sw x24=0x80000d1b
000000720 RUNTIME_ONLY neutral retire case=00009 pc=0x80000fd8 opcode=beq x25=0x80000d08
000000721 RUNTIME_ONLY neutral retire case=00009 pc=0x80000fdc opcode=csrrw x26=0x80000d0d
000000722 RUNTIME_ONLY neutral retire case=00009 pc=0x80000fe0 opcode=xor x27=0x80000d32
000000723 RUNTIME_ONLY neutral retire case=00009 pc=0x80000fe4 opcode=addi x28=0x80000d37
000000724 RUNTIME_ONLY neutral retire case=00009 pc=0x80000fe8 opcode=lw x29=0x80000d3c
000000725 RUNTIME_ONLY neutral retire case=00009 pc=0x80000fec opcode=sw x30=0x80000d39
000000726 RUNTIME_ONLY neutral retire case=00009 pc=0x80000ff0 opcode=beq x31=0x80000d26
000000727 RUNTIME_ONLY neutral retire case=00009 pc=0x80000ff4 opcode=csrrw x0=0x80000d23
000000728 RUNTIME_ONLY neutral retire case=00009 pc=0x80000ff8 opcode=xor x1=0x80000d20
000000729 RUNTIME_ONLY neutral retire case=00009 pc=0x80000ffc opcode=addi x2=0x80000d25
000000730 RUNTIME_ONLY neutral retire case=00009 pc=0x80001000 opcode=lw x3=0x800012da
000000731 RUNTIME_ONLY neutral retire case=00009 pc=0x80001004 opcode=sw x4=0x800012df
000000732 RUNTIME_ONLY neutral retire case=00009 pc=0x80001008 opcode=beq x5=0x800012d4
000000733 RUNTIME_ONLY neutral retire case=00009 pc=0x8000100c opcode=csrrw x6=0x800012d1
000000734 RUNTIME_ONLY neutral retire case=00009 pc=0x80001010 opcode=xor x7=0x800012ce
000000735 RUNTIME_ONLY neutral retire case=00009 pc=0x80001014 opcode=addi x8=0x800012cb
000000736 RUNTIME_ONLY neutral retire case=00009 pc=0x80001018 opcode=lw x9=0x800012f8
000000737 RUNTIME_ONLY neutral retire case=00009 pc=0x8000101c opcode=sw x10=0x800012fd
000000738 RUNTIME_ONLY neutral retire case=00009 pc=0x80001020 opcode=beq x11=0x800012c2
000000739 RUNTIME_ONLY neutral retire case=00009 pc=0x80001024 opcode=csrrw x12=0x800012c7
000000740 RUNTIME_ONLY neutral retire case=00009 pc=0x80001028 opcode=xor x13=0x800012cc
000000741 RUNTIME_ONLY neutral retire case=00009 pc=0x8000102c opcode=addi x14=0x800012c9
000000742 RUNTIME_ONLY neutral retire case=00009 pc=0x80001030 opcode=lw x15=0x800012d6
000000743 RUNTIME_ONLY neutral retire case=00009 pc=0x80001034 opcode=sw x16=0x800012d3
000000744 RUNTIME_ONLY neutral retire case=00009 pc=0x80001038 opcode=beq x17=0x800012d0
000000745 RUNTIME_ONLY neutral retire case=00009 pc=0x8000103c opcode=csrrw x18=0x800012d5
000000746 RUNTIME_ONLY neutral retire case=00009 pc=0x80001040 opcode=xor x19=0x800012aa
000000747 RUNTIME_ONLY neutral retire case=00009 pc=0x80001044 opcode=addi x20=0x800012af
000000748 RUNTIME_ONLY neutral retire case=00009 pc=0x80001048 opcode=lw x21=0x800012a4
000000749 RUNTIME_ONLY neutral retire case=00009 pc=0x8000104c opcode=sw x22=0x800012a1
000000750 RUNTIME_ONLY neutral retire case=00009 pc=0x80001050 opcode=beq x23=0x800012be
000000751 RUNTIME_ONLY neutral retire case=00009 pc=0x80001054 opcode=csrrw x24=0x800012bb
000000752 RUNTIME_ONLY neutral retire case=00009 pc=0x80001058 opcode=xor x25=0x800012a8
000000753 RUNTIME_ONLY neutral retire case=00009 pc=0x8000105c opcode=addi x26=0x800012ad
000000754 RUNTIME_ONLY neutral retire case=00009 pc=0x80001060 opcode=lw x27=0x80001292
000000755 RUNTIME_ONLY neutral retire case=00009 pc=0x80001064 opcode=sw x28=0x80001297
000000756 RUNTIME_ONLY neutral retire case=00009 pc=0x80001068 opcode=beq x29=0x8000129c
000000757 RUNTIME_ONLY neutral retire case=00009 pc=0x8000106c opcode=csrrw x30=0x80001299
000000758 RUNTIME_ONLY neutral retire case=00009 pc=0x80001070 opcode=xor x31=0x80001286
000000759 RUNTIME_ONLY neutral retire case=00009 pc=0x80001074 opcode=addi x0=0x80001283
000000760 RUNTIME_ONLY neutral retire case=00009 pc=0x80001078 opcode=lw x1=0x80001280
000000761 RUNTIME_ONLY neutral retire case=00009 pc=0x8000107c opcode=sw x2=0x80001285
000000762 RUNTIME_ONLY neutral retire case=00009 pc=0x80001080 opcode=beq x3=0x8000127a
000000763 RUNTIME_ONLY neutral retire case=00009 pc=0x80001084 opcode=csrrw x4=0x8000127f
000000764 RUNTIME_ONLY neutral retire case=00009 pc=0x80001088 opcode=xor x5=0x80001274
000000765 RUNTIME_ONLY neutral retire case=00009 pc=0x8000108c opcode=addi x6=0x80001271
000000766 RUNTIME_ONLY neutral retire case=00009 pc=0x80001090 opcode=lw x7=0x8000126e
000000767 RUNTIME_ONLY neutral retire case=00009 pc=0x80001094 opcode=sw x8=0x8000126b
000000768 RUNTIME_ONLY neutral retire case=00009 pc=0x80001098 opcode=beq x9=0x80001398
000000769 RUNTIME_ONLY neutral retire case=00009 pc=0x8000109c opcode=csrrw x10=0x8000139d
000000770 RUNTIME_ONLY neutral retire case=00009 pc=0x800010a0 opcode=xor x11=0x800013a2
000000771 RUNTIME_ONLY neutral retire case=00009 pc=0x800010a4 opcode=addi x12=0x800013a7
000000772 RUNTIME_ONLY neutral retire case=00009 pc=0x800010a8 opcode=lw x13=0x800013ac
000000773 RUNTIME_ONLY neutral retire case=00009 pc=0x800010ac opcode=sw x14=0x800013a9
000000774 RUNTIME_ONLY neutral retire case=00009 pc=0x800010b0 opcode=beq x15=0x800013b6
000000775 RUNTIME_ONLY neutral retire case=00009 pc=0x800010b4 opcode=csrrw x16=0x800013b3
000000776 RUNTIME_ONLY neutral retire case=00009 pc=0x800010b8 opcode=xor x17=0x800013b0
000000777 RUNTIME_ONLY neutral retire case=00009 pc=0x800010bc opcode=addi x18=0x800013b5
000000778 RUNTIME_ONLY neutral retire case=00009 pc=0x800010c0 opcode=lw x19=0x800013ca
000000779 RUNTIME_ONLY neutral retire case=00009 pc=0x800010c4 opcode=sw x20=0x800013cf
000000780 RUNTIME_ONLY neutral retire case=00009 pc=0x800010c8 opcode=beq x21=0x800013c4
000000781 RUNTIME_ONLY neutral retire case=00009 pc=0x800010cc opcode=csrrw x22=0x800013c1
000000782 RUNTIME_ONLY neutral retire case=00009 pc=0x800010d0 opcode=xor x23=0x800013de
000000783 RUNTIME_ONLY neutral retire case=00009 pc=0x800010d4 opcode=addi x24=0x800013db
000000784 RUNTIME_ONLY neutral retire case=00009 pc=0x800010d8 opcode=lw x25=0x800013c8
000000785 RUNTIME_ONLY neutral retire case=00009 pc=0x800010dc opcode=sw x26=0x800013cd
000000786 RUNTIME_ONLY neutral retire case=00009 pc=0x800010e0 opcode=beq x27=0x800013f2
000000787 RUNTIME_ONLY neutral retire case=00009 pc=0x800010e4 opcode=csrrw x28=0x800013f7
000000788 RUNTIME_ONLY neutral retire case=00009 pc=0x800010e8 opcode=xor x29=0x800013fc
000000789 RUNTIME_ONLY neutral retire case=00009 pc=0x800010ec opcode=addi x30=0x800013f9
000000790 RUNTIME_ONLY neutral retire case=00009 pc=0x800010f0 opcode=lw x31=0x800013e6
000000791 RUNTIME_ONLY neutral retire case=00009 pc=0x800010f4 opcode=sw x0=0x800013e3
000000792 RUNTIME_ONLY neutral retire case=00009 pc=0x800010f8 opcode=beq x1=0x800013e0
000000793 RUNTIME_ONLY neutral retire case=00009 pc=0x800010fc opcode=csrrw x2=0x800013e5
000000794 RUNTIME_ONLY neutral retire case=00009 pc=0x80001100 opcode=xor x3=0x8000121a
000000795 RUNTIME_ONLY neutral retire case=00009 pc=0x80001104 opcode=addi x4=0x8000121f
000000796 RUNTIME_ONLY neutral retire case=00009 pc=0x80001108 opcode=lw x5=0x80001214
000000797 RUNTIME_ONLY neutral retire case=00009 pc=0x8000110c opcode=sw x6=0x80001211
000000798 RUNTIME_ONLY neutral retire case=00009 pc=0x80001110 opcode=beq x7=0x8000120e
000000799 RUNTIME_ONLY neutral retire case=00009 pc=0x80001114 opcode=csrrw x8=0x8000120b
000000800 RUNTIME_ONLY neutral retire case=00009 pc=0x80001118 opcode=xor x9=0x80001238
000000801 RUNTIME_ONLY neutral retire case=00009 pc=0x8000111c opcode=addi x10=0x8000123d
000000802 RUNTIME_ONLY neutral retire case=00009 pc=0x80001120 opcode=lw x11=0x80001202
000000803 RUNTIME_ONLY neutral retire case=00009 pc=0x80001124 opcode=sw x12=0x80001207
000000804 RUNTIME_ONLY neutral retire case=00009 pc=0x80001128 opcode=beq x13=0x8000120c
000000805 RUNTIME_ONLY neutral retire case=00009 pc=0x8000112c opcode=csrrw x14=0x80001209
000000806 RUNTIME_ONLY neutral retire case=00009 pc=0x80001130 opcode=xor x15=0x80001216
000000807 RUNTIME_ONLY neutral retire case=00009 pc=0x80001134 opcode=addi x16=0x80001213
000000808 RUNTIME_ONLY neutral retire case=00009 pc=0x80001138 opcode=lw x17=0x80001210
000000809 RUNTIME_ONLY neutral retire case=00009 pc=0x8000113c opcode=sw x18=0x80001215
000000810 RUNTIME_ONLY neutral retire case=00009 pc=0x80001140 opcode=beq x19=0x8000126a
000000811 RUNTIME_ONLY neutral retire case=00009 pc=0x80001144 opcode=csrrw x20=0x8000126f
000000812 RUNTIME_ONLY neutral retire case=00009 pc=0x80001148 opcode=xor x21=0x80001264
000000813 RUNTIME_ONLY neutral retire case=00009 pc=0x8000114c opcode=addi x22=0x80001261
000000814 RUNTIME_ONLY neutral retire case=00009 pc=0x80001150 opcode=lw x23=0x8000127e
000000815 RUNTIME_ONLY neutral retire case=00009 pc=0x80001154 opcode=sw x24=0x8000127b
000000816 RUNTIME_ONLY neutral retire case=00009 pc=0x80001158 opcode=beq x25=0x80001268
000000817 RUNTIME_ONLY neutral retire case=00009 pc=0x8000115c opcode=csrrw x26=0x8000126d
000000818 RUNTIME_ONLY neutral retire case=00009 pc=0x80001160 opcode=xor x27=0x80001252
000000819 RUNTIME_ONLY neutral retire case=00009 pc=0x80001164 opcode=addi x28=0x80001257
000000820 RUNTIME_ONLY neutral retire case=00009 pc=0x80001168 opcode=lw x29=0x8000125c
000000821 RUNTIME_ONLY neutral retire case=00009 pc=0x8000116c opcode=sw x30=0x80001259
000000822 RUNTIME_ONLY neutral retire case=00009 pc=0x80001170 opcode=beq x31=0x80001246
000000823 RUNTIME_ONLY neutral retire case=00009 pc=0x80001174 opcode=csrrw x0=0x80001243
