UVM_FATAL /runtime_only_unique_aaye.sv(1) @ 1: runtime_only_unique_failure_aaye normalization resistant timing marker
RUNTIME_ONLY_CASE=655 SOURCE_A=benchmark_set_2:8
riscv_debug_ebreakmu_test.0 : [FAILED]
RUNTIME_ONLY_COMBINE SOURCE_B=benchmark_set_2:18
riscv_interrupt_csr_test.0 : [FAILED]
000000000 RUNTIME_ONLY neutral retire case=00655 pc=0x80014f2c opcode=lw x15=0x80014f2c
000000001 RUNTIME_ONLY neutral retire case=00655 pc=0x80014f30 opcode=sw x16=0x80014f31
000000002 RUNTIME_ONLY neutral retire case=00655 pc=0x80014f34 opcode=beq x17=0x80014f36
000000003 RUNTIME_ONLY neutral retire case=00655 pc=0x80014f38 opcode=csrrw x18=0x80014f3b
000000004 RUNTIME_ONLY neutral retire case=00655 pc=0x80014f3c opcode=xor x19=0x80014f38
000000005 RUNTIME_ONLY neutral retire case=00655 pc=0x80014f40 opcode=addi x20=0x80014f45
000000006 RUNTIME_ONLY neutral retire case=00655 pc=0x80014f44 opcode=lw x21=0x80014f42
000000007 RUNTIME_ONLY neutral retire case=00655 pc=0x80014f48 opcode=sw x22=0x80014f4f
000000008 RUNTIME_ONLY neutral retire case=00655 pc=0x80014f4c opcode=beq x23=0x80014f44
000000009 RUNTIME_ONLY neutral retire case=00655 pc=0x80014f50 opcode=csrrw x24=0x80014f59
000000010 RUNTIME_ONLY neutral retire case=00655 pc=0x80014f54 opcode=xor x25=0x80014f5e
000000011 RUNTIME_ONLY neutral retire case=00655 pc=0x80014f58 opcode=addi x26=0x80014f53
000000012 RUNTIME_ONLY neutral retire case=00655 pc=0x80014f5c opcode=lw x27=0x80014f50
000000013 RUNTIME_ONLY neutral retire case=00655 pc=0x80014f60 opcode=sw x28=0x80014f6d
000000014 RUNTIME_ONLY neutral retire case=00655 pc=0x80014f64 opcode=beq x29=0x80014f6a
000000015 RUNTIME_ONLY neutral retire case=00655 pc=0x80014f68 opcode=csrrw x30=0x80014f67
