UVM_FATAL /runtime_only_unique_aahi.sv(1) @ 1: runtime_only_unique_failure_aahi normalization resistant timing marker
RUNTIME_ONLY_CASE=893 SOURCE_A=benchmark_set_2:22
Mismatch[1]:
ibex[231] : pc[80000474] c.or x14,x8: a4:00ef9e4f
RUNTIME_ONLY_COMBINE SOURCE_B=benchmark_set_2:20
riscv_multiple_interrupt_test.0 : [FAILED]
000000000 RUNTIME_ONLY neutral retire case=00893 pc=0x8001c8f4 opcode=xor x29=0x8001c8f4
000000001 RUNTIME_ONLY neutral retire case=00893 pc=0x8001c8f8 opcode=addi x30=0x8001c8f9
000000002 RUNTIME_ONLY neutral retire case=00893 pc=0x8001c8fc opcode=lw x31=0x8001c8fe
000000003 RUNTIME_ONLY neutral retire case=00893 pc=0x8001c900 opcode=sw x0=0x8001c903
000000004 RUNTIME_ONLY neutral retire case=00893 pc=0x8001c904 opcode=beq x1=0x8001c900
000000005 RUNTIME_ONLY neutral retire case=00893 pc=0x8001c908 opcode=csrrw x2=0x8001c90d
000000006 RUNTIME_ONLY neutral retire case=00893 pc=0x8001c90c opcode=xor x3=0x8001c90a
000000007 RUNTIME_ONLY neutral retire case=00893 pc=0x8001c910 opcode=addi x4=0x8001c917
000000008 RUNTIME_ONLY neutral retire case=00893 pc=0x8001c914 opcode=lw x5=0x8001c91c
000000009 RUNTIME_ONLY neutral retire case=00893 pc=0x8001c918 opcode=sw x6=0x8001c911
000000010 RUNTIME_ONLY neutral retire case=00893 pc=0x8001c91c opcode=beq x7=0x8001c916
000000011 RUNTIME_ONLY neutral retire case=00893 pc=0x8001c920 opcode=csrrw x8=0x8001c92b
000000012 RUNTIME_ONLY neutral retire case=00893 pc=0x8001c924 opcode=xor x9=0x8001c928
000000013 RUNTIME_ONLY neutral retire case=00893 pc=0x8001c928 opcode=addi x10=0x8001c925
000000014 RUNTIME_ONLY neutral retire case=00893 pc=0x8001c92c opcode=lw x11=0x8001c922
000000015 RUNTIME_ONLY neutral retire case=00893 pc=0x8001c930 opcode=sw x12=0x8001c93f
000000016 RUNTIME_ONLY neutral retire case=00893 pc=0x8001c934 opcode=beq x13=0x8001c924
