UVM_FATAL /runtime_only_unique_aave.sv(1) @ 1: runtime_only_unique_failure_aave normalization resistant timing marker
RUNTIME_ONLY_CASE=577 SOURCE_A=benchmark_set_1:1
riscv_interrupt_csr_test.0 : [FAILED]
RUNTIME_ONLY_COMBINE SOURCE_B=benchmark_set_2:16
riscv_debug_ebreak_test.0 : [FAILED]
000000000 RUNTIME_ONLY neutral retire case=00577 pc=0x80012740 opcode=lw x1=0x80012740
000000001 RUNTIME_ONLY neutral retire case=00577 pc=0x80012744 opcode=sw x2=0x80012745
000000002 RUNTIME_ONLY neutral retire case=00577 pc=0x80012748 opcode=beq x3=0x8001274a
000000003 RUNTIME_ONLY neutral retire case=00577 pc=0x8001274c opcode=csrrw x4=0x8001274f
000000004 RUNTIME_ONLY neutral retire case=00577 pc=0x80012750 opcode=xor x5=0x80012754
000000005 RUNTIME_ONLY neutral retire case=00577 pc=0x80012754 opcode=addi x6=0x80012751
000000006 RUNTIME_ONLY neutral retire case=00577 pc=0x80012758 opcode=lw x7=0x8001275e
000000007 RUNTIME_ONLY neutral retire case=00577 pc=0x8001275c opcode=sw x8=0x8001275b
000000008 RUNTIME_ONLY neutral retire case=00577 pc=0x80012760 opcode=beq x9=0x80012768
000000009 RUNTIME_ONLY neutral retire case=00577 pc=0x80012764 opcode=csrrw x10=0x8001276d
000000010 RUNTIME_ONLY neutral retire case=00577 pc=0x80012768 opcode=xor x11=0x80012762
000000011 RUNTIME_ONLY neutral retire case=00577 pc=0x8001276c opcode=addi x12=0x80012767
000000012 RUNTIME_ONLY neutral retire case=00577 pc=0x80012770 opcode=lw x13=0x8001277c
000000013 RUNTIME_ONLY neutral retire case=00577 pc=0x80012774 opcode=sw x14=0x80012779
000000014 RUNTIME_ONLY neutral retire case=00577 pc=0x80012778 opcode=beq x15=0x80012776
000000015 RUNTIME_ONLY neutral retire case=00577 pc=0x8001277c opcode=csrrw x16=0x80012773
000000016 RUNTIME_ONLY neutral retire case=00577 pc=0x80012780 opcode=xor x17=0x80012790
