UVM_FATAL /runtime_only_unique_aabc.sv(1) @ 1: runtime_only_unique_failure_aabc normalization resistant timing marker
RUNTIME_ONLY_CASE=55 SOURCE_A=benchmark_set_2:16
riscv_debug_ebreak_test.0 : [FAILED]
RUNTIME_ONLY_COMBINE SOURCE_B=benchmark_set_2:4
riscv_single_interrupt_test.0 : [FAILED]
000000000 RUNTIME_ONLY neutral retire case=00055 pc=0x80001c24 opcode=lw x23=0x80001c24
000000001 RUNTIME_ONLY neutral retire case=00055 pc=0x80001c28 opcode=sw x24=0x80001c29
000000002 RUNTIME_ONLY neutral retire case=00055 pc=0x80001c2c opcode=beq x25=0x80001c2e
000000003 RUNTIME_ONLY neutral retire case=00055 pc=0x80001c30 opcode=csrrw x26=0x80001c33
000000004 RUNTIME_ONLY neutral retire case=00055 pc=0x80001c34 opcode=xor x27=0x80001c30
000000005 RUNTIME_ONLY neutral retire case=00055 pc=0x80001c38 opcode=addi x28=0x80001c3d
000000006 RUNTIME_ONLY neutral retire case=00055 pc=0x80001c3c opcode=lw x29=0x80001c3a
000000007 RUNTIME_ONLY neutral retire case=00055 pc=0x80001c40 opcode=sw x30=0x80001c47
000000008 RUNTIME_ONLY neutral retire case=00055 pc=0x80001c44 opcode=beq x31=0x80001c4c
000000009 RUNTIME_ONLY neutral retire case=00055 pc=0x80001c48 opcode=csrrw x0=0x80001c41
000000010 RUNTIME_ONLY neutral retire case=00055 pc=0x80001c4c opcode=xor x1=0x80001c46
000000011 RUNTIME_ONLY neutral retire case=00055 pc=0x80001c50 opcode=addi x2=0x80001c5b
000000012 RUNTIME_ONLY neutral retire case=00055 pc=0x80001c54 opcode=lw x3=0x80001c58
000000013 RUNTIME_ONLY neutral retire case=00055 pc=0x80001c58 opcode=sw x4=0x80001c55
000000014 RUNTIME_ONLY neutral retire case=00055 pc=0x80001c5c opcode=beq x5=0x80001c52
000000015 RUNTIME_ONLY neutral retire case=00055 pc=0x80001c60 opcode=csrrw x6=0x80001c6f
000000016 RUNTIME_ONLY neutral retire case=00055 pc=0x80001c64 opcode=xor x7=0x80001c74
000000017 RUNTIME_ONLY neutral retire case=00055 pc=0x80001c68 opcode=addi x8=0x80001c79
000000018 RUNTIME_ONLY neutral retire case=00055 pc=0x80001c6c opcode=lw x9=0x80001c7e
000000019 RUNTIME_ONLY neutral retire case=00055 pc=0x80001c70 opcode=sw x10=0x80001c63
000000020 RUNTIME_ONLY neutral retire case=00055 pc=0x80001c74 opcode=beq x11=0x80001c60
000000021 RUNTIME_ONLY neutral retire case=00055 pc=0x80001c78 opcode=csrrw x12=0x80001c6d
000000022 RUNTIME_ONLY neutral retire case=00055 pc=0x80001c7c opcode=xor x13=0x80001c6a
000000023 RUNTIME_ONLY neutral retire case=00055 pc=0x80001c80 opcode=addi x14=0x80001c97
000000024 RUNTIME_ONLY neutral retire case=00055 pc=0x80001c84 opcode=lw x15=0x80001c9c
000000025 RUNTIME_ONLY neutral retire case=00055 pc=0x80001c88 opcode=sw x16=0x80001c91
000000026 RUNTIME_ONLY neutral retire case=00055 pc=0x80001c8c opcode=beq x17=0x80001c96
000000027 RUNTIME_ONLY neutral retire case=00055 pc=0x80001c90 opcode=csrrw x18=0x80001c8b
000000028 RUNTIME_ONLY neutral retire case=00055 pc=0x80001c94 opcode=xor x19=0x80001c88
000000029 RUNTIME_ONLY neutral retire case=00055 pc=0x80001c98 opcode=addi x20=0x80001c85
000000030 RUNTIME_ONLY neutral retire case=00055 pc=0x80001c9c opcode=lw x21=0x80001c82
000000031 RUNTIME_ONLY neutral retire case=00055 pc=0x80001ca0 opcode=sw x22=0x80001cbf
000000032 RUNTIME_ONLY neutral retire case=00055 pc=0x80001ca4 opcode=beq x23=0x80001c84
000000033 RUNTIME_ONLY neutral retire case=00055 pc=0x80001ca8 opcode=csrrw x24=0x80001c89
000000034 RUNTIME_ONLY neutral retire case=00055 pc=0x80001cac opcode=xor x25=0x80001c8e
000000035 RUNTIME_ONLY neutral retire case=00055 pc=0x80001cb0 opcode=addi x26=0x80001c93
000000036 RUNTIME_ONLY neutral retire case=00055 pc=0x80001cb4 opcode=lw x27=0x80001c90
000000037 RUNTIME_ONLY neutral retire case=00055 pc=0x80001cb8 opcode=sw x28=0x80001c9d
000000038 RUNTIME_ONLY neutral retire case=00055 pc=0x80001cbc opcode=beq x29=0x80001c9a
000000039 RUNTIME_ONLY neutral retire case=00055 pc=0x80001cc0 opcode=csrrw x30=0x80001ce7
000000040 RUNTIME_ONLY neutral retire case=00055 pc=0x80001cc4 opcode=xor x31=0x80001cec
000000041 RUNTIME_ONLY neutral retire case=00055 pc=0x80001cc8 opcode=addi x0=0x80001ce1
000000042 RUNTIME_ONLY neutral retire case=00055 pc=0x80001ccc opcode=lw x1=0x80001ce6
000000043 RUNTIME_ONLY neutral retire case=00055 pc=0x80001cd0 opcode=sw x2=0x80001cfb
000000044 RUNTIME_ONLY neutral retire case=00055 pc=0x80001cd4 opcode=beq x3=0x80001cf8
000000045 RUNTIME_ONLY neutral retire case=00055 pc=0x80001cd8 opcode=csrrw x4=0x80001cf5
000000046 RUNTIME_ONLY neutral retire case=00055 pc=0x80001cdc opcode=xor x5=0x80001cf2
000000047 RUNTIME_ONLY neutral retire case=00055 pc=0x80001ce0 opcode=addi x6=0x80001ccf
000000048 RUNTIME_ONLY neutral retire case=00055 pc=0x80001ce4 opcode=lw x7=0x80001cd4
000000049 RUNTIME_ONLY neutral retire case=00055 pc=0x80001ce8 opcode=sw x8=0x80001cd9
000000050 RUNTIME_ONLY neutral retire case=00055 pc=0x80001cec opcode=beq x9=0x80001cde
000000051 RUNTIME_ONLY neutral retire case=00055 pc=0x80001cf0 opcode=csrrw x10=0x80001cc3
000000052 RUNTIME_ONLY neutral retire case=00055 pc=0x80001cf4 opcode=xor x11=0x80001cc0
000000053 RUNTIME_ONLY neutral retire case=00055 pc=0x80001cf8 opcode=addi x12=0x80001ccd
000000054 RUNTIME_ONLY neutral retire case=00055 pc=0x80001cfc opcode=lw x13=0x80001cca
000000055 RUNTIME_ONLY neutral retire case=00055 pc=0x80001d00 opcode=sw x14=0x80001d37
000000056 RUNTIME_ONLY neutral retire case=00055 pc=0x80001d04 opcode=beq x15=0x80001d3c
000000057 RUNTIME_ONLY neutral retire case=00055 pc=0x80001d08 opcode=csrrw x16=0x80001d31
000000058 RUNTIME_ONLY neutral retire case=00055 pc=0x80001d0c opcode=xor x17=0x80001d36
000000059 RUNTIME_ONLY neutral retire case=00055 pc=0x80001d10 opcode=addi x18=0x80001d2b
000000060 RUNTIME_ONLY neutral retire case=00055 pc=0x80001d14 opcode=lw x19=0x80001d28
000000061 RUNTIME_ONLY neutral retire case=00055 pc=0x80001d18 opcode=sw x20=0x80001d25
000000062 RUNTIME_ONLY neutral retire case=00055 pc=0x80001d1c opcode=beq x21=0x80001d22
000000063 RUNTIME_ONLY neutral retire case=00055 pc=0x80001d20 opcode=csrrw x22=0x80001d1f
000000064 RUNTIME_ONLY neutral retire case=00055 pc=0x80001d24 opcode=xor x23=0x80001d64
000000065 RUNTIME_ONLY neutral retire case=00055 pc=0x80001d28 opcode=addi x24=0x80001d69
000000066 RUNTIME_ONLY neutral retire case=00055 pc=0x80001d2c opcode=lw x25=0x80001d6e
000000067 RUNTIME_ONLY neutral retire case=00055 pc=0x80001d30 opcode=sw x26=0x80001d73
000000068 RUNTIME_ONLY neutral retire case=00055 pc=0x80001d34 opcode=beq x27=0x80001d70
000000069 RUNTIME_ONLY neutral retire case=00055 pc=0x80001d38 opcode=csrrw x28=0x80001d7d
000000070 RUNTIME_ONLY neutral retire case=00055 pc=0x80001d3c opcode=xor x29=0x80001d7a
000000071 RUNTIME_ONLY neutral retire case=00055 pc=0x80001d40 opcode=addi x30=0x80001d07
000000072 RUNTIME_ONLY neutral retire case=00055 pc=0x80001d44 opcode=lw x31=0x80001d0c
000000073 RUNTIME_ONLY neutral retire case=00055 pc=0x80001d48 opcode=sw x0=0x80001d01
000000074 RUNTIME_ONLY neutral retire case=00055 pc=0x80001d4c opcode=beq x1=0x80001d06
000000075 RUNTIME_ONLY neutral retire case=00055 pc=0x80001d50 opcode=csrrw x2=0x80001d1b
000000076 RUNTIME_ONLY neutral retire case=00055 pc=0x80001d54 opcode=xor x3=0x80001d18
000000077 RUNTIME_ONLY neutral retire case=00055 pc=0x80001d58 opcode=addi x4=0x80001d15
000000078 RUNTIME_ONLY neutral retire case=00055 pc=0x80001d5c opcode=lw x5=0x80001d12
000000079 RUNTIME_ONLY neutral retire case=00055 pc=0x80001d60 opcode=sw x6=0x80001d2f
000000080 RUNTIME_ONLY neutral retire case=00055 pc=0x80001d64 opcode=beq x7=0x80001d34
000000081 RUNTIME_ONLY neutral retire case=00055 pc=0x80001d68 opcode=csrrw x8=0x80001d39
000000082 RUNTIME_ONLY neutral retire case=00055 pc=0x80001d6c opcode=xor x9=0x80001d3e
000000083 RUNTIME_ONLY neutral retire case=00055 pc=0x80001d70 opcode=addi x10=0x80001d23
000000084 RUNTIME_ONLY neutral retire case=00055 pc=0x80001d74 opcode=lw x11=0x80001d20
000000085 RUNTIME_ONLY neutral retire case=00055 pc=0x80001d78 opcode=sw x12=0x80001d2d
000000086 RUNTIME_ONLY neutral retire case=00055 pc=0x80001d7c opcode=beq x13=0x80001d2a
000000087 RUNTIME_ONLY neutral retire case=00055 pc=0x80001d80 opcode=csrrw x14=0x80001dd7
000000088 RUNTIME_ONLY neutral retire case=00055 pc=0x80001d84 opcode=xor x15=0x80001ddc
000000089 RUNTIME_ONLY neutral retire case=00055 pc=0x80001d88 opcode=addi x16=0x80001dd1
000000090 RUNTIME_ONLY neutral retire case=00055 pc=0x80001d8c opcode=lw x17=0x80001dd6
000000091 RUNTIME_ONLY neutral retire case=00055 pc=0x80001d90 opcode=sw x18=0x80001dcb
000000092 RUNTIME_ONLY neutral retire case=00055 pc=0x80001d94 opcode=beq x19=0x80001dc8
000000093 RUNTIME_ONLY neutral retire case=00055 pc=0x80001d98 opcode=csrrw x20=0x80001dc5
000000094 RUNTIME_ONLY neutral retire case=00055 pc=0x80001d9c opcode=xor x21=0x80001dc2
000000095 RUNTIME_ONLY neutral retire case=00055 pc=0x80001da0 opcode=addi x22=0x80001dff
000000096 RUNTIME_ONLY neutral retire case=00055 pc=0x80001da4 opcode=lw x23=0x80001dc4
000000097 RUNTIME_ONLY neutral retire case=00055 pc=0x80001da8 opcode=sw x24=0x80001dc9
000000098 RUNTIME_ONLY neutral retire case=00055 pc=0x80001dac opcode=beq x25=0x80001dce
000000099 RUNTIME_ONLY neutral retire case=00055 pc=0x80001db0 opcode=csrrw x26=0x80001dd3
000000100 RUNTIME_ONLY neutral retire case=00055 pc=0x80001db4 opcode=xor x27=0x80001dd0
000000101 RUNTIME_ONLY neutral retire case=00055 pc=0x80001db8 opcode=addi x28=0x80001ddd
000000102 RUNTIME_ONLY neutral retire case=00055 pc=0x80001dbc opcode=lw x29=0x80001dda
000000103 RUNTIME_ONLY neutral retire case=00055 pc=0x80001dc0 opcode=sw x30=0x80001da7
000000104 RUNTIME_ONLY neutral retire case=00055 pc=0x80001dc4 opcode=beq x31=0x80001dac
000000105 RUNTIME_ONLY neutral retire case=00055 pc=0x80001dc8 opcode=csrrw x0=0x80001da1
000000106 RUNTIME_ONLY neutral retire case=00055 pc=0x80001dcc opcode=xor x1=0x80001da6
000000107 RUNTIME_ONLY neutral retire case=00055 pc=0x80001dd0 opcode=addi x2=0x80001dbb
000000108 RUNTIME_ONLY neutral retire case=00055 pc=0x80001dd4 opcode=lw x3=0x80001db8
000000109 RUNTIME_ONLY neutral retire case=00055 pc=0x80001dd8 opcode=sw x4=0x80001db5
000000110 RUNTIME_ONLY neutral retire case=00055 pc=0x80001ddc opcode=beq x5=0x80001db2
000000111 RUNTIME_ONLY neutral retire case=00055 pc=0x80001de0 opcode=csrrw x6=0x80001d8f
000000112 RUNTIME_ONLY neutral retire case=00055 pc=0x80001de4 opcode=xor x7=0x80001d94
000000113 RUNTIME_ONLY neutral retire case=00055 pc=0x80001de8 opcode=addi x8=0x80001d99
000000114 RUNTIME_ONLY neutral retire case=00055 pc=0x80001dec opcode=lw x9=0x80001d9e
000000115 RUNTIME_ONLY neutral retire case=00055 pc=0x80001df0 opcode=sw x10=0x80001d83
000000116 RUNTIME_ONLY neutral retire case=00055 pc=0x80001df4 opcode=beq x11=0x80001d80
000000117 RUNTIME_ONLY neutral retire case=00055 pc=0x80001df8 opcode=csrrw x12=0x80001d8d
000000118 RUNTIME_ONLY neutral retire case=00055 pc=0x80001dfc opcode=xor x13=0x80001d8a
000000119 RUNTIME_ONLY neutral retire case=00055 pc=0x80001e00 opcode=addi x14=0x80001e77
000000120 RUNTIME_ONLY neutral retire case=00055 pc=0x80001e04 opcode=lw x15=0x80001e7c
000000121 RUNTIME_ONLY neutral retire case=00055 pc=0x80001e08 opcode=sw x16=0x80001e71
000000122 RUNTIME_ONLY neutral retire case=00055 pc=0x80001e0c opcode=beq x17=0x80001e76
000000123 RUNTIME_ONLY neutral retire case=00055 pc=0x80001e10 opcode=csrrw x18=0x80001e6b
000000124 RUNTIME_ONLY neutral retire case=00055 pc=0x80001e14 opcode=xor x19=0x80001e68
000000125 RUNTIME_ONLY neutral retire case=00055 pc=0x80001e18 opcode=addi x20=0x80001e65
000000126 RUNTIME_ONLY neutral retire case=00055 pc=0x80001e1c opcode=lw x21=0x80001e62
000000127 RUNTIME_ONLY neutral retire case=00055 pc=0x80001e20 opcode=sw x22=0x80001e5f
000000128 RUNTIME_ONLY neutral retire case=00055 pc=0x80001e24 opcode=beq x23=0x80001ea4
000000129 RUNTIME_ONLY neutral retire case=00055 pc=0x80001e28 opcode=csrrw x24=0x80001ea9
000000130 RUNTIME_ONLY neutral retire case=00055 pc=0x80001e2c opcode=xor x25=0x80001eae
000000131 RUNTIME_ONLY neutral retire case=00055 pc=0x80001e30 opcode=addi x26=0x80001eb3
000000132 RUNTIME_ONLY neutral retire case=00055 pc=0x80001e34 opcode=lw x27=0x80001eb0
000000133 RUNTIME_ONLY neutral retire case=00055 pc=0x80001e38 opcode=sw x28=0x80001ebd
000000134 RUNTIME_ONLY neutral retire case=00055 pc=0x80001e3c opcode=beq x29=0x80001eba
000000135 RUNTIME_ONLY neutral retire case=00055 pc=0x80001e40 opcode=csrrw x30=0x80001ec7
000000136 RUNTIME_ONLY neutral retire case=00055 pc=0x80001e44 opcode=xor x31=0x80001ecc
000000137 RUNTIME_ONLY neutral retire case=00055 pc=0x80001e48 opcode=addi x0=0x80001ec1
000000138 RUNTIME_ONLY neutral retire case=00055 pc=0x80001e4c opcode=lw x1=0x80001ec6
000000139 RUNTIME_ONLY neutral retire case=00055 pc=0x80001e50 opcode=sw x2=0x80001edb
000000140 RUNTIME_ONLY neutral retire case=00055 pc=0x80001e54 opcode=beq x3=0x80001ed8
000000141 RUNTIME_ONLY neutral retire case=00055 pc=0x80001e58 opcode=csrrw x4=0x80001ed5
000000142 RUNTIME_ONLY neutral retire case=00055 pc=0x80001e5c opcode=xor x5=0x80001ed2
000000143 RUNTIME_ONLY neutral retire case=00055 pc=0x80001e60 opcode=addi x6=0x80001eef
000000144 RUNTIME_ONLY neutral retire case=00055 pc=0x80001e64 opcode=lw x7=0x80001ef4
000000145 RUNTIME_ONLY neutral retire case=00055 pc=0x80001e68 opcode=sw x8=0x80001ef9
000000146 RUNTIME_ONLY neutral retire case=00055 pc=0x80001e6c opcode=beq x9=0x80001efe
000000147 RUNTIME_ONLY neutral retire case=00055 pc=0x80001e70 opcode=csrrw x10=0x80001ee3
000000148 RUNTIME_ONLY neutral retire case=00055 pc=0x80001e74 opcode=xor x11=0x80001ee0
000000149 RUNTIME_ONLY neutral retire case=00055 pc=0x80001e78 opcode=addi x12=0x80001eed
000000150 RUNTIME_ONLY neutral retire case=00055 pc=0x80001e7c opcode=lw x13=0x80001eea
000000151 RUNTIME_ONLY neutral retire case=00055 pc=0x80001e80 opcode=sw x14=0x80001e17
000000152 RUNTIME_ONLY neutral retire case=00055 pc=0x80001e84 opcode=beq x15=0x80001e1c
000000153 RUNTIME_ONLY neutral retire case=00055 pc=0x80001e88 opcode=csrrw x16=0x80001e11
000000154 RUNTIME_ONLY neutral retire case=00055 pc=0x80001e8c opcode=xor x17=0x80001e16
000000155 RUNTIME_ONLY neutral retire case=00055 pc=0x80001e90 opcode=addi x18=0x80001e0b
000000156 RUNTIME_ONLY neutral retire case=00055 pc=0x80001e94 opcode=lw x19=0x80001e08
000000157 RUNTIME_ONLY neutral retire case=00055 pc=0x80001e98 opcode=sw x20=0x80001e05
000000158 RUNTIME_ONLY neutral retire case=00055 pc=0x80001e9c opcode=beq x21=0x80001e02
000000159 RUNTIME_ONLY neutral retire case=00055 pc=0x80001ea0 opcode=csrrw x22=0x80001e3f
000000160 RUNTIME_ONLY neutral retire case=00055 pc=0x80001ea4 opcode=xor x23=0x80001e04
000000161 RUNTIME_ONLY neutral retire case=00055 pc=0x80001ea8 opcode=addi x24=0x80001e09
000000162 RUNTIME_ONLY neutral retire case=00055 pc=0x80001eac opcode=lw x25=0x80001e0e
000000163 RUNTIME_ONLY neutral retire case=00055 pc=0x80001eb0 opcode=sw x26=0x80001e13
000000164 RUNTIME_ONLY neutral retire case=00055 pc=0x80001eb4 opcode=beq x27=0x80001e10
000000165 RUNTIME_ONLY neutral retire case=00055 pc=0x80001eb8 opcode=csrrw x28=0x80001e1d
000000166 RUNTIME_ONLY neutral retire case=00055 pc=0x80001ebc opcode=xor x29=0x80001e1a
000000167 RUNTIME_ONLY neutral retire case=00055 pc=0x80001ec0 opcode=addi x30=0x80001e67
000000168 RUNTIME_ONLY neutral retire case=00055 pc=0x80001ec4 opcode=lw x31=0x80001e6c
000000169 RUNTIME_ONLY neutral retire case=00055 pc=0x80001ec8 opcode=sw x0=0x80001e61
000000170 RUNTIME_ONLY neutral retire case=00055 pc=0x80001ecc opcode=beq x1=0x80001e66
000000171 RUNTIME_ONLY neutral retire case=00055 pc=0x80001ed0 opcode=csrrw x2=0x80001e7b
000000172 RUNTIME_ONLY neutral retire case=00055 pc=0x80001ed4 opcode=xor x3=0x80001e78
000000173 RUNTIME_ONLY neutral retire case=00055 pc=0x80001ed8 opcode=addi x4=0x80001e75
000000174 RUNTIME_ONLY neutral retire case=00055 pc=0x80001edc opcode=lw x5=0x80001e72
000000175 RUNTIME_ONLY neutral retire case=00055 pc=0x80001ee0 opcode=sw x6=0x80001e4f
000000176 RUNTIME_ONLY neutral retire case=00055 pc=0x80001ee4 opcode=beq x7=0x80001e54
000000177 RUNTIME_ONLY neutral retire case=00055 pc=0x80001ee8 opcode=csrrw x8=0x80001e59
000000178 RUNTIME_ONLY neutral retire case=00055 pc=0x80001eec opcode=xor x9=0x80001e5e
000000179 RUNTIME_ONLY neutral retire case=00055 pc=0x80001ef0 opcode=addi x10=0x80001e43
000000180 RUNTIME_ONLY neutral retire case=00055 pc=0x80001ef4 opcode=lw x11=0x80001e40
000000181 RUNTIME_ONLY neutral retire case=00055 pc=0x80001ef8 opcode=sw x12=0x80001e4d
000000182 RUNTIME_ONLY neutral retire case=00055 pc=0x80001efc opcode=beq x13=0x80001e4a
000000183 RUNTIME_ONLY neutral retire case=00055 pc=0x80001f00 opcode=csrrw x14=0x80001fb7
000000184 RUNTIME_ONLY neutral retire case=00055 pc=0x80001f04 opcode=xor x15=0x80001fbc
000000185 RUNTIME_ONLY neutral retire case=00055 pc=0x80001f08 opcode=addi x16=0x80001fb1
000000186 RUNTIME_ONLY neutral retire case=00055 pc=0x80001f0c opcode=lw x17=0x80001fb6
000000187 RUNTIME_ONLY neutral retire case=00055 pc=0x80001f10 opcode=sw x18=0x80001fab
000000188 RUNTIME_ONLY neutral retire case=00055 pc=0x80001f14 opcode=beq x19=0x80001fa8
000000189 RUNTIME_ONLY neutral retire case=00055 pc=0x80001f18 opcode=csrrw x20=0x80001fa5
000000190 RUNTIME_ONLY neutral retire case=00055 pc=0x80001f1c opcode=xor x21=0x80001fa2
000000191 RUNTIME_ONLY neutral retire case=00055 pc=0x80001f20 opcode=addi x22=0x80001f9f
000000192 RUNTIME_ONLY neutral retire case=00055 pc=0x80001f24 opcode=lw x23=0x80001fe4
000000193 RUNTIME_ONLY neutral retire case=00055 pc=0x80001f28 opcode=sw x24=0x80001fe9
000000194 RUNTIME_ONLY neutral retire case=00055 pc=0x80001f2c opcode=beq x25=0x80001fee
000000195 RUNTIME_ONLY neutral retire case=00055 pc=0x80001f30 opcode=csrrw x26=0x80001ff3
000000196 RUNTIME_ONLY neutral retire case=00055 pc=0x80001f34 opcode=xor x27=0x80001ff0
000000197 RUNTIME_ONLY neutral retire case=00055 pc=0x80001f38 opcode=addi x28=0x80001ffd
000000198 RUNTIME_ONLY neutral retire case=00055 pc=0x80001f3c opcode=lw x29=0x80001ffa
000000199 RUNTIME_ONLY neutral retire case=00055 pc=0x80001f40 opcode=sw x30=0x80001f87
000000200 RUNTIME_ONLY neutral retire case=00055 pc=0x80001f44 opcode=beq x31=0x80001f8c
000000201 RUNTIME_ONLY neutral retire case=00055 pc=0x80001f48 opcode=csrrw x0=0x80001f81
000000202 RUNTIME_ONLY neutral retire case=00055 pc=0x80001f4c opcode=xor x1=0x80001f86
000000203 RUNTIME_ONLY neutral retire case=00055 pc=0x80001f50 opcode=addi x2=0x80001f9b
000000204 RUNTIME_ONLY neutral retire case=00055 pc=0x80001f54 opcode=lw x3=0x80001f98
000000205 RUNTIME_ONLY neutral retire case=00055 pc=0x80001f58 opcode=sw x4=0x80001f95
000000206 RUNTIME_ONLY neutral retire case=00055 pc=0x80001f5c opcode=beq x5=0x80001f92
000000207 RUNTIME_ONLY neutral retire case=00055 pc=0x80001f60 opcode=csrrw x6=0x80001faf
000000208 RUNTIME_ONLY neutral retire case=00055 pc=0x80001f64 opcode=xor x7=0x80001fb4
000000209 RUNTIME_ONLY neutral retire case=00055 pc=0x80001f68 opcode=addi x8=0x80001fb9
000000210 RUNTIME_ONLY neutral retire case=00055 pc=0x80001f6c opcode=lw x9=0x80001fbe
000000211 RUNTIME_ONLY neutral retire case=00055 pc=0x80001f70 opcode=sw x10=0x80001fa3
000000212 RUNTIME_ONLY neutral retire case=00055 pc=0x80001f74 opcode=beq x11=0x80001fa0
000000213 RUNTIME_ONLY neutral retire case=00055 pc=0x80001f78 opcode=csrrw x12=0x80001fad
000000214 RUNTIME_ONLY neutral retire case=00055 pc=0x80001f7c opcode=xor x13=0x80001faa
000000215 RUNTIME_ONLY neutral retire case=00055 pc=0x80001f80 opcode=addi x14=0x80001f57
000000216 RUNTIME_ONLY neutral retire case=00055 pc=0x80001f84 opcode=lw x15=0x80001f5c
000000217 RUNTIME_ONLY neutral retire case=00055 pc=0x80001f88 opcode=sw x16=0x80001f51
000000218 RUNTIME_ONLY neutral retire case=00055 pc=0x80001f8c opcode=beq x17=0x80001f56
000000219 RUNTIME_ONLY neutral retire case=00055 pc=0x80001f90 opcode=csrrw x18=0x80001f4b
000000220 RUNTIME_ONLY neutral retire case=00055 pc=0x80001f94 opcode=xor x19=0x80001f48
000000221 RUNTIME_ONLY neutral retire case=00055 pc=0x80001f98 opcode=addi x20=0x80001f45
000000222 RUNTIME_ONLY neutral retire case=00055 pc=0x80001f9c opcode=lw x21=0x80001f42
000000223 RUNTIME_ONLY neutral retire case=00055 pc=0x80001fa0 opcode=sw x22=0x80001f7f
000000224 RUNTIME_ONLY neutral retire case=00055 pc=0x80001fa4 opcode=beq x23=0x80001f44
000000225 RUNTIME_ONLY neutral retire case=00055 pc=0x80001fa8 opcode=csrrw x24=0x80001f49
000000226 RUNTIME_ONLY neutral retire case=00055 pc=0x80001fac opcode=xor x25=0x80001f4e
000000227 RUNTIME_ONLY neutral retire case=00055 pc=0x80001fb0 opcode=addi x26=0x80001f53
000000228 RUNTIME_ONLY neutral retire case=00055 pc=0x80001fb4 opcode=lw x27=0x80001f50
000000229 RUNTIME_ONLY neutral retire case=00055 pc=0x80001fb8 opcode=sw x28=0x80001f5d
000000230 RUNTIME_ONLY neutral retire case=00055 pc=0x80001fbc opcode=beq x29=0x80001f5a
000000231 RUNTIME_ONLY neutral retire case=00055 pc=0x80001fc0 opcode=csrrw x30=0x80001f27
000000232 RUNTIME_ONLY neutral retire case=00055 pc=0x80001fc4 opcode=xor x31=0x80001f2c
000000233 RUNTIME_ONLY neutral retire case=00055 pc=0x80001fc8 opcode=addi x0=0x80001f21
000000234 RUNTIME_ONLY neutral retire case=00055 pc=0x80001fcc opcode=lw x1=0x80001f26
000000235 RUNTIME_ONLY neutral retire case=00055 pc=0x80001fd0 opcode=sw x2=0x80001f3b
000000236 RUNTIME_ONLY neutral retire case=00055 pc=0x80001fd4 opcode=beq x3=0x80001f38
000000237 RUNTIME_ONLY neutral retire case=00055 pc=0x80001fd8 opcode=csrrw x4=0x80001f35
000000238 RUNTIME_ONLY neutral retire case=00055 pc=0x80001fdc opcode=xor x5=0x80001f32
000000239 RUNTIME_ONLY neutral retire case=00055 pc=0x80001fe0 opcode=addi x6=0x80001f0f
000000240 RUNTIME_ONLY neutral retire case=00055 pc=0x80001fe4 opcode=lw x7=0x80001f14
