UVM_FATAL /runtime_only_unique_aagl.sv(1) @ 1: runtime_only_unique_failure_aagl normalization resistant timing marker
RUNTIME_ONLY_CASE=194 SOURCE_A=benchmark_set_1:2
Mismatch[1]:
ibex[88] : pc[8000f8e0] addi x5,x5,-124: t0:80022da0
RUNTIME_ONLY_COMBINE SOURCE_B=benchmark_set_2:20
riscv_multiple_interrupt_test.0 : [FAILED]
000000000 RUNTIME_ONLY neutral retire case=00194 pc=0x80006344 opcode=sw x2=0x80006344
000000001 RUNTIME_ONLY neutral retire case=00194 pc=0x80006348 opcode=beq x3=0x80006349
000000002 RUNTIME_ONLY neutral retire case=00194 pc=0x8000634c opcode=csrrw x4=0x8000634e
000000003 RUNTIME_ONLY neutral retire case=00194 pc=0x80006350 opcode=xor x5=0x80006353
000000004 RUNTIME_ONLY neutral retire case=00194 pc=0x80006354 opcode=addi x6=0x80006350
000000005 RUNTIME_ONLY neutral retire case=00194 pc=0x80006358 opcode=lw x7=0x8000635d
000000006 RUNTIME_ONLY neutral retire case=00194 pc=0x8000635c opcode=sw x8=0x8000635a
000000007 RUNTIME_ONLY neutral retire case=00194 pc=0x80006360 opcode=beq x9=0x80006367
000000008 RUNTIME_ONLY neutral retire case=00194 pc=0x80006364 opcode=csrrw x10=0x8000636c
000000009 RUNTIME_ONLY neutral retire case=00194 pc=0x80006368 opcode=xor x11=0x80006361
000000010 RUNTIME_ONLY neutral retire case=00194 pc=0x8000636c opcode=addi x12=0x80006366
000000011 RUNTIME_ONLY neutral retire case=00194 pc=0x80006370 opcode=lw x13=0x8000637b
000000012 RUNTIME_ONLY neutral retire case=00194 pc=0x80006374 opcode=sw x14=0x80006378
000000013 RUNTIME_ONLY neutral retire case=00194 pc=0x80006378 opcode=beq x15=0x80006375
000000014 RUNTIME_ONLY neutral retire case=00194 pc=0x8000637c opcode=csrrw x16=0x80006372
000000015 RUNTIME_ONLY neutral retire case=00194 pc=0x80006380 opcode=xor x17=0x8000638f
000000016 RUNTIME_ONLY neutral retire case=00194 pc=0x80006384 opcode=addi x18=0x80006394
000000017 RUNTIME_ONLY neutral retire case=00194 pc=0x80006388 opcode=lw x19=0x80006399
000000018 RUNTIME_ONLY neutral retire case=00194 pc=0x8000638c opcode=sw x20=0x8000639e
000000019 RUNTIME_ONLY neutral retire case=00194 pc=0x80006390 opcode=beq x21=0x80006383
000000020 RUNTIME_ONLY neutral retire case=00194 pc=0x80006394 opcode=csrrw x22=0x80006380
000000021 RUNTIME_ONLY neutral retire case=00194 pc=0x80006398 opcode=xor x23=0x8000638d
000000022 RUNTIME_ONLY neutral retire case=00194 pc=0x8000639c opcode=addi x24=0x8000638a
000000023 RUNTIME_ONLY neutral retire case=00194 pc=0x800063a0 opcode=lw x25=0x800063b7
000000024 RUNTIME_ONLY neutral retire case=00194 pc=0x800063a4 opcode=sw x26=0x800063bc
000000025 RUNTIME_ONLY neutral retire case=00194 pc=0x800063a8 opcode=beq x27=0x800063b1
000000026 RUNTIME_ONLY neutral retire case=00194 pc=0x800063ac opcode=csrrw x28=0x800063b6
000000027 RUNTIME_ONLY neutral retire case=00194 pc=0x800063b0 opcode=xor x29=0x800063ab
000000028 RUNTIME_ONLY neutral retire case=00194 pc=0x800063b4 opcode=addi x30=0x800063a8
000000029 RUNTIME_ONLY neutral retire case=00194 pc=0x800063b8 opcode=lw x31=0x800063a5
000000030 RUNTIME_ONLY neutral retire case=00194 pc=0x800063bc opcode=sw x0=0x800063a2
000000031 RUNTIME_ONLY neutral retire case=00194 pc=0x800063c0 opcode=beq x1=0x800063df
000000032 RUNTIME_ONLY neutral retire case=00194 pc=0x800063c4 opcode=csrrw x2=0x800063e4
000000033 RUNTIME_ONLY neutral retire case=00194 pc=0x800063c8 opcode=xor x3=0x800063e9
000000034 RUNTIME_ONLY neutral retire case=00194 pc=0x800063cc opcode=addi x4=0x800063ee
000000035 RUNTIME_ONLY neutral retire case=00194 pc=0x800063d0 opcode=lw x5=0x800063f3
000000036 RUNTIME_ONLY neutral retire case=00194 pc=0x800063d4 opcode=sw x6=0x800063f0
000000037 RUNTIME_ONLY neutral retire case=00194 pc=0x800063d8 opcode=beq x7=0x800063fd
000000038 RUNTIME_ONLY neutral retire case=00194 pc=0x800063dc opcode=csrrw x8=0x800063fa
000000039 RUNTIME_ONLY neutral retire case=00194 pc=0x800063e0 opcode=xor x9=0x800063c7
000000040 RUNTIME_ONLY neutral retire case=00194 pc=0x800063e4 opcode=addi x10=0x800063cc
000000041 RUNTIME_ONLY neutral retire case=00194 pc=0x800063e8 opcode=lw x11=0x800063c1
000000042 RUNTIME_ONLY neutral retire case=00194 pc=0x800063ec opcode=sw x12=0x800063c6
000000043 RUNTIME_ONLY neutral retire case=00194 pc=0x800063f0 opcode=beq x13=0x800063db
000000044 RUNTIME_ONLY neutral retire case=00194 pc=0x800063f4 opcode=csrrw x14=0x800063d8
000000045 RUNTIME_ONLY neutral retire case=00194 pc=0x800063f8 opcode=xor x15=0x800063d5
000000046 RUNTIME_ONLY neutral retire case=00194 pc=0x800063fc opcode=addi x16=0x800063d2
000000047 RUNTIME_ONLY neutral retire case=00194 pc=0x80006400 opcode=lw x17=0x8000642f
000000048 RUNTIME_ONLY neutral retire case=00194 pc=0x80006404 opcode=sw x18=0x80006434
000000049 RUNTIME_ONLY neutral retire case=00194 pc=0x80006408 opcode=beq x19=0x80006439
000000050 RUNTIME_ONLY neutral retire case=00194 pc=0x8000640c opcode=csrrw x20=0x8000643e
000000051 RUNTIME_ONLY neutral retire case=00194 pc=0x80006410 opcode=xor x21=0x80006423
000000052 RUNTIME_ONLY neutral retire case=00194 pc=0x80006414 opcode=addi x22=0x80006420
000000053 RUNTIME_ONLY neutral retire case=00194 pc=0x80006418 opcode=lw x23=0x8000642d
000000054 RUNTIME_ONLY neutral retire case=00194 pc=0x8000641c opcode=sw x24=0x8000642a
000000055 RUNTIME_ONLY neutral retire case=00194 pc=0x80006420 opcode=beq x25=0x80006417
000000056 RUNTIME_ONLY neutral retire case=00194 pc=0x80006424 opcode=csrrw x26=0x8000641c
000000057 RUNTIME_ONLY neutral retire case=00194 pc=0x80006428 opcode=xor x27=0x80006411
000000058 RUNTIME_ONLY neutral retire case=00194 pc=0x8000642c opcode=addi x28=0x80006416
000000059 RUNTIME_ONLY neutral retire case=00194 pc=0x80006430 opcode=lw x29=0x8000640b
000000060 RUNTIME_ONLY neutral retire case=00194 pc=0x80006434 opcode=sw x30=0x80006408
000000061 RUNTIME_ONLY neutral retire case=00194 pc=0x80006438 opcode=beq x31=0x80006405
000000062 RUNTIME_ONLY neutral retire case=00194 pc=0x8000643c opcode=csrrw x0=0x80006402
000000063 RUNTIME_ONLY neutral retire case=00194 pc=0x80006440 opcode=xor x1=0x8000647f
000000064 RUNTIME_ONLY neutral retire case=00194 pc=0x80006444 opcode=addi x2=0x80006404
000000065 RUNTIME_ONLY neutral retire case=00194 pc=0x80006448 opcode=lw x3=0x80006409
000000066 RUNTIME_ONLY neutral retire case=00194 pc=0x8000644c opcode=sw x4=0x8000640e
000000067 RUNTIME_ONLY neutral retire case=00194 pc=0x80006450 opcode=beq x5=0x80006413
000000068 RUNTIME_ONLY neutral retire case=00194 pc=0x80006454 opcode=csrrw x6=0x80006410
000000069 RUNTIME_ONLY neutral retire case=00194 pc=0x80006458 opcode=xor x7=0x8000641d
000000070 RUNTIME_ONLY neutral retire case=00194 pc=0x8000645c opcode=addi x8=0x8000641a
000000071 RUNTIME_ONLY neutral retire case=00194 pc=0x80006460 opcode=lw x9=0x80006427
000000072 RUNTIME_ONLY neutral retire case=00194 pc=0x80006464 opcode=sw x10=0x8000642c
000000073 RUNTIME_ONLY neutral retire case=00194 pc=0x80006468 opcode=beq x11=0x80006421
000000074 RUNTIME_ONLY neutral retire case=00194 pc=0x8000646c opcode=csrrw x12=0x80006426
