UVM_FATAL /runtime_only_unique_aaji.sv(1) @ 1: runtime_only_unique_failure_aaji normalization resistant timing marker
RUNTIME_ONLY_CASE=269 SOURCE_A=benchmark_set_2:6
riscv_single_interrupt_test.0 : [FAILED]
RUNTIME_ONLY_COMBINE SOURCE_B=benchmark_set_2:4
riscv_single_interrupt_test.0 : [FAILED]
000000000 RUNTIME_ONLY neutral retire case=00269 pc=0x800089a4 opcode=xor x13=0x800089a4
000000001 RUNTIME_ONLY neutral retire case=00269 pc=0x800089a8 opcode=addi x14=0x800089a9
000000002 RUNTIME_ONLY neutral retire case=00269 pc=0x800089ac opcode=lw x15=0x800089ae
000000003 RUNTIME_ONLY neutral retire case=00269 pc=0x800089b0 opcode=sw x16=0x800089b3
000000004 RUNTIME_ONLY neutral retire case=00269 pc=0x800089b4 opcode=beq x17=0x800089b0
000000005 RUNTIME_ONLY neutral retire case=00269 pc=0x800089b8 opcode=csrrw x18=0x800089bd
000000006 RUNTIME_ONLY neutral retire case=00269 pc=0x800089bc opcode=xor x19=0x800089ba
000000007 RUNTIME_ONLY neutral retire case=00269 pc=0x800089c0 opcode=addi x20=0x800089c7
000000008 RUNTIME_ONLY neutral retire case=00269 pc=0x800089c4 opcode=lw x21=0x800089cc
000000009 RUNTIME_ONLY neutral retire case=00269 pc=0x800089c8 opcode=sw x22=0x800089c1
000000010 RUNTIME_ONLY neutral retire case=00269 pc=0x800089cc opcode=beq x23=0x800089c6
000000011 RUNTIME_ONLY neutral retire case=00269 pc=0x800089d0 opcode=csrrw x24=0x800089db
000000012 RUNTIME_ONLY neutral retire case=00269 pc=0x800089d4 opcode=xor x25=0x800089d8
000000013 RUNTIME_ONLY neutral retire case=00269 pc=0x800089d8 opcode=addi x26=0x800089d5
000000014 RUNTIME_ONLY neutral retire case=00269 pc=0x800089dc opcode=lw x27=0x800089d2
