UVM_FATAL /runtime_only_unique_aadd.sv(1) @ 1: runtime_only_unique_failure_aadd normalization resistant timing marker
RUNTIME_ONLY_CASE=108 SOURCE_A=benchmark_set_2:5
Mismatch[1]:
ibex[937] : pc[80000c7e] srai x21,x28,0x1: s5:ffffff32
RUNTIME_ONLY_COMBINE SOURCE_B=benchmark_set_1:4
riscv_debug_basic_test.0 : [FAILED]
000000000 RUNTIME_ONLY neutral retire case=00108 pc=0x80003744 opcode=addi x12=0x80003744
000000001 RUNTIME_ONLY neutral retire case=00108 pc=0x80003748 opcode=lw x13=0x80003749
000000002 RUNTIME_ONLY neutral retire case=00108 pc=0x8000374c opcode=sw x14=0x8000374e
000000003 RUNTIME_ONLY neutral retire case=00108 pc=0x80003750 opcode=beq x15=0x80003753
000000004 RUNTIME_ONLY neutral retire case=00108 pc=0x80003754 opcode=csrrw x16=0x80003750
000000005 RUNTIME_ONLY neutral retire case=00108 pc=0x80003758 opcode=xor x17=0x8000375d
000000006 RUNTIME_ONLY neutral retire case=00108 pc=0x8000375c opcode=addi x18=0x8000375a
000000007 RUNTIME_ONLY neutral retire case=00108 pc=0x80003760 opcode=lw x19=0x80003767
000000008 RUNTIME_ONLY neutral retire case=00108 pc=0x80003764 opcode=sw x20=0x8000376c
000000009 RUNTIME_ONLY neutral retire case=00108 pc=0x80003768 opcode=beq x21=0x80003761
000000010 RUNTIME_ONLY neutral retire case=00108 pc=0x8000376c opcode=csrrw x22=0x80003766
000000011 RUNTIME_ONLY neutral retire case=00108 pc=0x80003770 opcode=xor x23=0x8000377b
000000012 RUNTIME_ONLY neutral retire case=00108 pc=0x80003774 opcode=addi x24=0x80003778
000000013 RUNTIME_ONLY neutral retire case=00108 pc=0x80003778 opcode=lw x25=0x80003775
000000014 RUNTIME_ONLY neutral retire case=00108 pc=0x8000377c opcode=sw x26=0x80003772
000000015 RUNTIME_ONLY neutral retire case=00108 pc=0x80003780 opcode=beq x27=0x8000378f
