UVM_FATAL /runtime_only_unique_aabw.sv(1) @ 1: runtime_only_unique_failure_aabw normalization resistant timing marker
RUNTIME_ONLY_CASE=751 SOURCE_A=benchmark_set_2:8
riscv_debug_ebreakmu_test.0 : [FAILED]
RUNTIME_ONLY_COMBINE SOURCE_B=benchmark_set_2:18
riscv_interrupt_csr_test.0 : [FAILED]
000000000 RUNTIME_ONLY neutral retire case=00751 pc=0x8001804c opcode=lw x15=0x8001804c
000000001 RUNTIME_ONLY neutral retire case=00751 pc=0x80018050 opcode=sw x16=0x80018051
000000002 RUNTIME_ONLY neutral retire case=00751 pc=0x80018054 opcode=beq x17=0x80018056
000000003 RUNTIME_ONLY neutral retire case=00751 pc=0x80018058 opcode=csrrw x18=0x8001805b
000000004 RUNTIME_ONLY neutral retire case=00751 pc=0x8001805c opcode=xor x19=0x80018058
000000005 RUNTIME_ONLY neutral retire case=00751 pc=0x80018060 opcode=addi x20=0x80018065
000000006 RUNTIME_ONLY neutral retire case=00751 pc=0x80018064 opcode=lw x21=0x80018062
000000007 RUNTIME_ONLY neutral retire case=00751 pc=0x80018068 opcode=sw x22=0x8001806f
000000008 RUNTIME_ONLY neutral retire case=00751 pc=0x8001806c opcode=beq x23=0x80018064
000000009 RUNTIME_ONLY neutral retire case=00751 pc=0x80018070 opcode=csrrw x24=0x80018079
000000010 RUNTIME_ONLY neutral retire case=00751 pc=0x80018074 opcode=xor x25=0x8001807e
000000011 RUNTIME_ONLY neutral retire case=00751 pc=0x80018078 opcode=addi x26=0x80018073
000000012 RUNTIME_ONLY neutral retire case=00751 pc=0x8001807c opcode=lw x27=0x80018070
000000013 RUNTIME_ONLY neutral retire case=00751 pc=0x80018080 opcode=sw x28=0x8001808d
000000014 RUNTIME_ONLY neutral retire case=00751 pc=0x80018084 opcode=beq x29=0x8001808a
000000015 RUNTIME_ONLY neutral retire case=00751 pc=0x80018088 opcode=csrrw x30=0x80018087
