UVM_FATAL /runtime_only_unique_aajk.sv(1) @ 1: runtime_only_unique_failure_aajk normalization resistant timing marker
RUNTIME_ONLY_CASE=947 SOURCE_A=benchmark_set_2:12
riscv_mem_error_test.0 : [FAILED]
RUNTIME_ONLY_COMBINE SOURCE_B=benchmark_set_2:14
riscv_multiple_interrupt_test.0 : [FAILED]
000000000 RUNTIME_ONLY neutral retire case=00947 pc=0x8001e498 opcode=xor x19=0x8001e498
000000001 RUNTIME_ONLY neutral retire case=00947 pc=0x8001e49c opcode=addi x20=0x8001e49d
000000002 RUNTIME_ONLY neutral retire case=00947 pc=0x8001e4a0 opcode=lw x21=0x8001e4a2
000000003 RUNTIME_ONLY neutral retire case=00947 pc=0x8001e4a4 opcode=sw x22=0x8001e4a7
000000004 RUNTIME_ONLY neutral retire case=00947 pc=0x8001e4a8 opcode=beq x23=0x8001e4ac
000000005 RUNTIME_ONLY neutral retire case=00947 pc=0x8001e4ac opcode=csrrw x24=0x8001e4a9
000000006 RUNTIME_ONLY neutral retire case=00947 pc=0x8001e4b0 opcode=xor x25=0x8001e4b6
000000007 RUNTIME_ONLY neutral retire case=00947 pc=0x8001e4b4 opcode=addi x26=0x8001e4b3
000000008 RUNTIME_ONLY neutral retire case=00947 pc=0x8001e4b8 opcode=lw x27=0x8001e4b0
000000009 RUNTIME_ONLY neutral retire case=00947 pc=0x8001e4bc opcode=sw x28=0x8001e4b5
000000010 RUNTIME_ONLY neutral retire case=00947 pc=0x8001e4c0 opcode=beq x29=0x8001e4ca
000000011 RUNTIME_ONLY neutral retire case=00947 pc=0x8001e4c4 opcode=csrrw x30=0x8001e4cf
000000012 RUNTIME_ONLY neutral retire case=00947 pc=0x8001e4c8 opcode=xor x31=0x8001e4c4
000000013 RUNTIME_ONLY neutral retire case=00947 pc=0x8001e4cc opcode=addi x0=0x8001e4c1
000000014 RUNTIME_ONLY neutral retire case=00947 pc=0x8001e4d0 opcode=lw x1=0x8001e4de
000000015 RUNTIME_ONLY neutral retire case=00947 pc=0x8001e4d4 opcode=sw x2=0x8001e4db
