Time	Cycle	PC	Insn	Decoded instruction	Register and memory contents
           2599	        28	80000080	40001937	lui	x18,0x40001	 x18=0x40001000
           3019	        49	80000084	10690913	addi	x18,x18,262	 x18:0x40001000 x18=0x40001106
           3039	        50	80000088	30191073	csrrw	x0,misa,x18	 x18:0x40001106  x0=0x00000000
           3099	        53	8000008c	00026417	auipc	x8,0x26	  x8=0x8002608c
           3279	        62	80000090	c5840413	addi	x8,x8,-936	  x8:0x8002608c  x8=0x80025ce4
           3339	        65	80000094	00002917	auipc	x18,0x2	 x18=0x80002094
           3759	        86	80000098	46c90913	addi	x18,x18,1132	 x18:0x80002094 x18=0x80002500
           3779	        87	8000009c	00196913	ori	x18,x18,1	 x18:0x80002500 x18=0x80002501
           3799	        88	800000a0	30591073	csrrw	x0,mtvec,x18	 x18:0x80002501  x0=0x00000000
           3899	        93	800000a4	74725073	csrrwi	x0,0x747,4	  x0=0x00000000
           3959	        96	800000a8	00003b17	auipc	x22,0x3	 x22=0x800030a8
           3979	        97	800000ac	1fcb0b13	addi	x22,x22,508	 x22:0x800030a8 x22=0x800032a4
           3999	        98	800000b0	4901	c.li	x18,0	 x18=0x00000000
           4019	        99	800000b2	9b4a	c.add	x22,x18	 x22:0x800032a4 x18:0x00000000 x22=0x800032a4
           4379	       117	800000b4	002b5b13	srli	x22,x22,0x2	 x22:0x800032a4 x22=0x20000ca9
           4399	       118	800000b8	3b0b1073	csrrw	x0,pmpaddr0,x22	 x22:0x20000ca9  x0=0x00000000
           4459	       121	800000bc	00003b17	auipc	x22,0x3	 x22=0x800030bc
           4579	       127	800000c0	1e8b0b13	addi	x22,x22,488	 x22:0x800030bc x22=0x800032a4
           4599	       128	800000c4	11111937	lui	x18,0x11111	 x18=0x11111000
           4739	       135	800000c8	11190913	addi	x18,x18,273	 x18:0x11111000 x18=0x11111111
           4759	       136	800000cc	9b4a	c.add	x22,x18	 x22:0x800032a4 x18:0x11111111 x22=0x911143b5
           4779	       137	800000ce	002b5b13	srli	x22,x22,0x2	 x22:0x911143b5 x22=0x244450ed
           4799	       138	800000d2	3b1b1073	csrrw	x0,pmpaddr1,x22	 x22:0x244450ed  x0=0x00000000
           4999	       148	800000d6	00003b17	auipc	x22,0x3	 x22=0x800030d6
           5259	       161	800000da	1ceb0b13	addi	x22,x22,462	 x22:0x800030d6 x22=0x800032a4
           5359	       166	800000de	22222937	lui	x18,0x22222	 x18=0x22222000
           5779	       187	800000e2	22290913	addi	x18,x18,546	 x18:0x22222000 x18=0x22222222
           5799	       188	800000e6	9b4a	c.add	x22,x18	 x22:0x800032a4 x18:0x22222222 x22=0xa22254c6
           6119	       204	800000e8	002b5b13	srli	x22,x22,0x2	 x22:0xa22254c6 x22=0x28889531
           6219	       209	800000ec	3b2b1073	csrrw	x0,pmpaddr2,x22	 x22:0x28889531  x0=0x00000000
           6279	       212	800000f0	00003b17	auipc	x22,0x3	 x22=0x800030f0
           6419	       219	800000f4	1b4b0b13	addi	x22,x22,436	 x22:0x800030f0 x22=0x800032a4
           6439	       220	800000f8	33333937	lui	x18,0x33333	 x18=0x33333000
           6459	       221	800000fc	33390913	addi	x18,x18,819	 x18:0x33333000 x18=0x33333333
           6739	       235	80000100	9b4a	c.add	x22,x18	 x22:0x800032a4 x18:0x33333333 x22=0xb33365d7
           7159	       256	80000102	002b5b13	srli	x22,x22,0x2	 x22:0xb33365d7 x22=0x2cccd975
           7179	       257	80000106	3b3b1073	csrrw	x0,pmpaddr3,x22	 x22:0x2cccd975  x0=0x00000000
           7279	       262	8000010a	0f0f1b37	lui	x22,0xf0f1	 x22=0x0f0f1000
           7299	       263	8000010e	f0fb0b13	addi	x22,x22,-241	 x22:0x0f0f1000 x22=0x0f0f0f0f
           7719	       284	80000112	3a0b1073	csrrw	x0,pmpcfg0,x22	 x22:0x0f0f0f0f  x0=0x00000000
           7779	       287	80000116	00003b17	auipc	x22,0x3	 x22=0x80003116
           7899	       293	8000011a	18eb0b13	addi	x22,x22,398	 x22:0x80003116 x22=0x800032a4
           7939	       295	8000011e	44444937	lui	x18,0x44444	 x18=0x44444000
           8099	       303	80000122	44490913	addi	x18,x18,1092	 x18:0x44444000 x18=0x44444444
           8119	       304	80000126	9b4a	c.add	x22,x18	 x22:0x800032a4 x18:0x44444444 x22=0xc44476e8
           8139	       305	80000128	002b5b13	srli	x22,x22,0x2	 x22:0xc44476e8 x22=0x31111dba
           8159	       306	8000012c	3b4b1073	csrrw	x0,pmpaddr4,x22	 x22:0x31111dba  x0=0x00000000
           8219	       309	80000130	00003b17	auipc	x22,0x3	 x22=0x80003130
           8239	       310	80000134	174b0b13	addi	x22,x22,372	 x22:0x80003130 x22=0x800032a4
           8359	       316	80000138	55555937	lui	x18,0x55555	 x18=0x55555000
           8379	       317	8000013c	55590913	addi	x18,x18,1365	 x18:0x55555000 x18=0x55555555
           8399	       318	80000140	9b4a	c.add	x22,x18	 x22:0x800032a4 x18:0x55555555 x22=0xd55587f9
           8419	       319	80000142	002b5b13	srli	x22,x22,0x2	 x22:0xd55587f9 x22=0x355561fe
           8439	       320	80000146	3b5b1073	csrrw	x0,pmpaddr5,x22	 x22:0x355561fe  x0=0x00000000
           8499	       323	8000014a	00003b17	auipc	x22,0x3	 x22=0x8000314a
           8519	       324	8000014e	15ab0b13	addi	x22,x22,346	 x22:0x8000314a x22=0x800032a4
           8539	       325	80000152	66666937	lui	x18,0x66666	 x18=0x66666000
           8559	       326	80000156	66690913	addi	x18,x18,1638	 x18:0x66666000 x18=0x66666666
           8579	       327	8000015a	9b4a	c.add	x22,x18	 x22:0x800032a4 x18:0x66666666 x22=0xe666990a
           8599	       328	8000015c	002b5b13	srli	x22,x22,0x2	 x22:0xe666990a x22=0x3999a642
           8739	       335	80000160	3b6b1073	csrrw	x0,pmpaddr6,x22	 x22:0x3999a642  x0=0x00000000
           8799	       338	80000164	00003b17	auipc	x22,0x3	 x22=0x80003164
           9219	       359	80000168	140b0b13	addi	x22,x22,320	 x22:0x80003164 x22=0x800032a4
           9419	       369	8000016c	77777937	lui	x18,0x77777	 x18=0x77777000
           9439	       370	80000170	77790913	addi	x18,x18,1911	 x18:0x77777000 x18=0x77777777
           9459	       371	80000174	9b4a	c.add	x22,x18	 x22:0x800032a4 x18:0x77777777 x22=0xf777aa1b
           9579	       377	80000176	002b5b13	srli	x22,x22,0x2	 x22:0xf777aa1b x22=0x3dddea86
           9599	       378	8000017a	3b7b1073	csrrw	x0,pmpaddr7,x22	 x22:0x3dddea86  x0=0x00000000
           9839	       390	8000017e	0f0f1b37	lui	x22,0xf0f1	 x22=0x0f0f1000
          10259	       411	80000182	f0fb0b13	addi	x22,x22,-241	 x22:0x0f0f1000 x22=0x0f0f0f0f
          10379	       417	80000186	3a1b1073	csrrw	x0,pmpcfg1,x22	 x22:0x0f0f0f0f  x0=0x00000000
          10439	       420	8000018a	00003b17	auipc	x22,0x3	 x22=0x8000318a
          10459	       421	8000018e	11ab0b13	addi	x22,x22,282	 x22:0x8000318a x22=0x800032a4
          10479	       422	80000192	88889937	lui	x18,0x88889	 x18=0x88889000
          10639	       430	80000196	88890913	addi	x18,x18,-1912	 x18:0x88889000 x18=0x88888888
          10659	       431	8000019a	9b4a	c.add	x22,x18	 x22:0x800032a4 x18:0x88888888 x22=0x0888bb2c
          11079	       452	8000019c	002b5b13	srli	x22,x22,0x2	 x22:0x0888bb2c x22=0x02222ecb
          11239	       460	800001a0	3b8b1073	csrrw	x0,pmpaddr8,x22	 x22:0x02222ecb  x0=0x00000000
          11299	       463	800001a4	00003b17	auipc	x22,0x3	 x22=0x800031a4
          11459	       471	800001a8	100b0b13	addi	x22,x22,256	 x22:0x800031a4 x22=0x800032a4
          11479	       472	800001ac	9999a937	lui	x18,0x9999a	 x18=0x9999a000
          11679	       482	800001b0	99990913	addi	x18,x18,-1639	 x18:0x9999a000 x18=0x99999999
          11699	       483	800001b4	9b4a	c.add	x22,x18	 x22:0x800032a4 x18:0x99999999 x22=0x1999cc3d
          11739	       485	800001b6	002b5b13	srli	x22,x22,0x2	 x22:0x1999cc3d x22=0x0666730f
          12159	       506	800001ba	3b9b1073	csrrw	x0,pmpaddr9,x22	 x22:0x0666730f  x0=0x00000000
          12579	       527	800001be	00003b17	auipc	x22,0x3	 x22=0x800031be
          12999	       548	800001c2	0e6b0b13	addi	x22,x22,230	 x22:0x800031be x22=0x800032a4
          13139	       555	800001c6	aaaab937	lui	x18,0xaaaab	 x18=0xaaaab000
          13279	       562	800001ca	aaa90913	addi	x18,x18,-1366	 x18:0xaaaab000 x18=0xaaaaaaaa
          13299	       563	800001ce	9b4a	c.add	x22,x18	 x22:0x800032a4 x18:0xaaaaaaaa x22=0x2aaadd4e
          13399	       568	800001d0	002b5b13	srli	x22,x22,0x2	 x22:0x2aaadd4e x22=0x0aaab753
          13419	       569	800001d4	3bab1073	csrrw	x0,pmpaddr10,x22	 x22:0x0aaab753  x0=0x00000000
          13479	       572	800001d8	00003b17	auipc	x22,0x3	 x22=0x800031d8
          13499	       573	800001dc	0ccb0b13	addi	x22,x22,204	 x22:0x800031d8 x22=0x800032a4
          13519	       574	800001e0	bbbbc937	lui	x18,0xbbbbc	 x18=0xbbbbc000
          13559	       576	800001e4	bbb90913	addi	x18,x18,-1093	 x18:0xbbbbc000 x18=0xbbbbbbbb
          13579	       577	800001e8	9b4a	c.add	x22,x18	 x22:0x800032a4 x18:0xbbbbbbbb x22=0x3bbbee5f
          13599	       578	800001ea	002b5b13	srli	x22,x22,0x2	 x22:0x3bbbee5f x22=0x0eeefb97
          13739	       585	800001ee	3bbb1073	csrrw	x0,pmpaddr11,x22	 x22:0x0eeefb97  x0=0x00000000
          13799	       588	800001f2	0f0f1b37	lui	x22,0xf0f1	 x22=0x0f0f1000
          13819	       589	800001f6	f0fb0b13	addi	x22,x22,-241	 x22:0x0f0f1000 x22=0x0f0f0f0f
          13839	       590	800001fa	3a2b1073	csrrw	x0,pmpcfg2,x22	 x22:0x0f0f0f0f  x0=0x00000000
          14219	       609	800001fe	00003b17	auipc	x22,0x3	 x22=0x800031fe
          14399	       618	80000202	0a6b0b13	addi	x22,x22,166	 x22:0x800031fe x22=0x800032a4
          14419	       619	80000206	ccccd937	lui	x18,0xccccd	 x18=0xccccd000
          14439	       620	8000020a	ccc90913	addi	x18,x18,-820	 x18:0xccccd000 x18=0xcccccccc
          14459	       621	8000020e	9b4a	c.add	x22,x18	 x22:0x800032a4 x18:0xcccccccc x22=0x4cccff70
          14479	       622	80000210	002b5b13	srli	x22,x22,0x2	 x22:0x4cccff70 x22=0x13333fdc
          14499	       623	80000214	3bcb1073	csrrw	x0,pmpaddr12,x22	 x22:0x13333fdc  x0=0x00000000
          14559	       626	80000218	00003b17	auipc	x22,0x3	 x22=0x80003218
          14579	       627	8000021c	08cb0b13	addi	x22,x22,140	 x22:0x80003218 x22=0x800032a4
          14939	       645	80000220	dddde937	lui	x18,0xdddde	 x18=0xdddde000
          14959	       646	80000224	ddd90913	addi	x18,x18,-547	 x18:0xdddde000 x18=0xdddddddd
          14979	       647	80000228	9b4a	c.add	x22,x18	 x22:0x800032a4 x18:0xdddddddd x22=0x5dde1081
          14999	       648	8000022a	002b5b13	srli	x22,x22,0x2	 x22:0x5dde1081 x22=0x17778420
          15419	       669	8000022e	3bdb1073	csrrw	x0,pmpaddr13,x22	 x22:0x17778420  x0=0x00000000
          15479	       672	80000232	00003b17	auipc	x22,0x3	 x22=0x80003232
          15499	       673	80000236	072b0b13	addi	x22,x22,114	 x22:0x80003232 x22=0x800032a4
          15519	       674	8000023a	eeeef937	lui	x18,0xeeeef	 x18=0xeeeef000
          15699	       683	8000023e	eee90913	addi	x18,x18,-274	 x18:0xeeeef000 x18=0xeeeeeeee
          15719	       684	80000242	9b4a	c.add	x22,x18	 x22:0x800032a4 x18:0xeeeeeeee x22=0x6eef2192
          15739	       685	80000244	002b5b13	srli	x22,x22,0x2	 x22:0x6eef2192 x22=0x1bbbc864
          15819	       689	80000248	3beb1073	csrrw	x0,pmpaddr14,x22	 x22:0x1bbbc864  x0=0x00000000
          15879	       692	8000024c	00003b17	auipc	x22,0x3	 x22=0x8000324c
          16259	       711	80000250	058b0b13	addi	x22,x22,88	 x22:0x8000324c x22=0x800032a4
          16479	       722	80000254	fff00913	addi	x18,x0,-1	  x0:0x00000000 x18=0xffffffff
          16499	       723	80000258	9b4a	c.add	x22,x18	 x22:0x800032a4 x18:0xffffffff x22=0x800032a3
          16519	       724	8000025a	002b5b13	srli	x22,x22,0x2	 x22:0x800032a3 x22=0x20000ca8
          16539	       725	8000025e	3bfb1073	csrrw	x0,pmpaddr15,x22	 x22:0x20000ca8  x0=0x00000000
          16639	       730	80000262	0f0f1b37	lui	x22,0xf0f1	 x22=0x0f0f1000
          16659	       731	80000266	f0fb0b13	addi	x22,x22,-241	 x22:0x0f0f1000 x22=0x0f0f0f0f
          16679	       732	8000026a	3a3b1073	csrrw	x0,pmpcfg3,x22	 x22:0x0f0f0f0f  x0=0x00000000
          16739	       735	8000026e	00000917	auipc	x18,0x0	 x18=0x8000026e
          16859	       741	80000272	05890913	addi	x18,x18,88	 x18:0x8000026e x18=0x800002c6
          16879	       742	80000276	34191073	csrrw	x0,mepc,x18	 x18:0x800002c6  x0=0x00000000
          16899	       743	8000027a	7c00d073	csrrwi	x0,0x7c0,1	  x0=0x00000000
          16959	       746	8000027e	6909	c.lui	x18,0x2	 x18=0x00002000
          16979	       747	80000280	80090913	addi	x18,x18,-2048	 x18:0x00002000 x18=0x00001800
          16999	       748	80000284	30091073	csrrw	x0,mstatus,x18	 x18:0x00001800  x0=0x00000000
          17379	       767	80000288	4901	c.li	x18,0	 x18=0x00000000
          17799	       788	8000028a	30491073	csrrw	x0,mie,x18	 x18:0x00000000  x0=0x00000000
          17859	       791	8000028e	90000637	lui	x12,0x90000	 x12=0x90000000
          17879	       792	80000292	1671	c.addi	x12,-4	 x12:0x90000000 x12=0x8ffffffc
          18019	       799	80000294	30000913	addi	x18,x0,768	  x0:0x00000000 x18=0x00000300
          18439	       820	80000298	0922	c.slli	x18,0x8	 x18:0x00000300 x18=0x00030000
          18459	       821	8000029a	090d	c.addi	x18,3	 x18:0x00030000 x18=0x00030003
          18539	       825	8000029c	01262023	sw	x18,0(x12)	 x12:0x8ffffffc x18:0x00030003 PA:0x8ffffffc store:0x00030003
          18559	       826	800002a0	30002973	csrrs	x18,mstatus,x0	  x0:0x00000000 x18=0x00001800
          18619	       829	800002a4	01262023	sw	x18,0(x12)	 x12:0x8ffffffc x18:0x00001800 PA:0x8ffffffc store:0x00001800
          18639	       830	800002a8	90000637	lui	x12,0x90000	 x12=0x90000000
          18659	       831	800002ac	1671	c.addi	x12,-4	 x12:0x90000000 x12=0x8ffffffc
          18679	       832	800002ae	30400913	addi	x18,x0,772	  x0:0x00000000 x18=0x00000304
          18699	       833	800002b2	0922	c.slli	x18,0x8	 x18:0x00000304 x18=0x00030400
          18759	       836	800002b4	090d	c.addi	x18,3	 x18:0x00030400 x18=0x00030403
          19459	       871	800002b6	01262023	sw	x18,0(x12)	 x12:0x8ffffffc x18:0x00030403 PA:0x8ffffffc store:0x00030403
          19479	       872	800002ba	30402973	csrrs	x18,mie,x0	  x0:0x00000000 x18=0x00000000
          19539	       875	800002be	01262023	sw	x18,0(x12)	 x12:0x8ffffffc x18:0x00000000 PA:0x8ffffffc store:0x00000000
          19559	       876	800002c2	30200073	mret	
          20019	       899	800002c6	00000013	addi	x0,x0,0	  x0:0x00000000  x0=0x00000000
          20039	       900	800002ca	0816c0b7	lui	x1,0x816c	  x1=0x0816c000
          20079	       902	800002ce	55908093	addi	x1,x1,1369	  x1:0x0816c000  x1=0x0816c559
          20099	       903	800002d2	2d562137	lui	x2,0x2d562	  x2=0x2d562000
          20239	       910	800002d6	d1010113	addi	x2,x2,-752	  x2:0x2d562000  x2=0x2d561d10
          20299	       913	800002da	e83d51b7	lui	x3,0xe83d5	  x3=0xe83d5000
          20719	       934	800002de	4fa18193	addi	x3,x3,1274	  x3:0xe83d5000  x3=0xe83d54fa
          20879	       942	800002e2	146ce237	lui	x4,0x146ce	  x4=0x146ce000
          20899	       943	800002e6	e1b20213	addi	x4,x4,-485	  x4:0x146ce000  x4=0x146cde1b
          20919	       944	800002ea	f7ecb2b7	lui	x5,0xf7ecb	  x5=0xf7ecb000
          20939	       945	800002ee	1ee28293	addi	x5,x5,494	  x5:0xf7ecb000  x5=0xf7ecb1ee
          21079	       952	800002f2	c93c6337	lui	x6,0xc93c6	  x6=0xc93c6000
          21099	       953	800002f6	93530313	addi	x6,x6,-1739	  x6:0xc93c6000  x6=0xc93c5935
          21119	       954	800002fa	43b5	c.li	x7,13	  x7=0x0000000d
          21259	       961	800002fc	44ad	c.li	x9,11	  x9=0x0000000b
          21319	       964	800002fe	188ca5b7	lui	x11,0x188ca	 x11=0x188ca000
          21479	       972	80000302	41d58593	addi	x11,x11,1053	 x11:0x188ca000 x11=0x188ca41d
          21499	       973	80000306	80000637	lui	x12,0x80000	 x12=0x80000000
          21519	       974	8000030a	800006b7	lui	x13,0x80000	 x13=0x80000000
          21599	       978	8000030e	233b2737	lui	x14,0x233b2	 x14=0x233b2000
          21719	       984	80000312	8ec70713	addi	x14,x14,-1812	 x14:0x233b2000 x14=0x233b18ec
          22139	      1005	80000316	daaff7b7	lui	x15,0xdaaff	 x15=0xdaaff000
          22339	      1015	8000031a	11c78793	addi	x15,x15,284	 x15:0xdaaff000 x15=0xdaaff11c
          22359	      1016	8000031e	f0bc4837	lui	x16,0xf0bc4	 x16=0xf0bc4000
          22479	      1022	80000322	4f780813	addi	x16,x16,1271	 x16:0xf0bc4000 x16=0xf0bc44f7
          22639	      1030	80000326	800008b7	lui	x17,0x80000	 x17=0x80000000
          22659	      1031	8000032a	4921	c.li	x18,8	 x18=0x00000008
          22679	      1032	8000032c	49b9	c.li	x19,14	 x19=0x0000000e
          22699	      1033	8000032e	80000a37	lui	x20,0x80000	 x20=0x80000000
          22719	      1034	80000332	4a81	c.li	x21,0	 x21=0x00000000
          22839	      1040	80000334	80000b37	lui	x22,0x80000	 x22=0x80000000
          22859	      1041	80000338	1b8f7bb7	lui	x23,0x1b8f7	 x23=0x1b8f7000
          22879	      1042	8000033c	e0ab8b93	addi	x23,x23,-502	 x23:0x1b8f7000 x23=0x1b8f6e0a
          22999	      1048	80000340	80000c37	lui	x24,0x80000	 x24=0x80000000
          23019	      1049	80000344	f06a0cb7	lui	x25,0xf06a0	 x25=0xf06a0000
          23039	      1050	80000348	7a7c8c93	addi	x25,x25,1959	 x25:0xf06a0000 x25=0xf06a07a7
          23259	      1061	8000034c	80000d37	lui	x26,0x80000	 x26=0x80000000
          23279	      1062	80000350	4d8d	c.li	x27,3	 x27=0x00000003
          23699	      1083	80000352	80000e37	lui	x28,0x80000	 x28=0x80000000
          23719	      1084	80000356	4eb9	c.li	x29,14	 x29=0x0000000e
          23739	      1085	80000358	4f29	c.li	x30,10	 x30=0x0000000a
          23799	      1088	8000035a	d6960fb7	lui	x31,0xd6960	 x31=0xd6960000
          23819	      1089	8000035e	b3df8f93	addi	x31,x31,-1219	 x31:0xd6960000 x31=0xd695fb3d
          24079	      1102	80000362	00022517	auipc	x10,0x22	 x10=0x80022362
          24279	      1112	80000366	b0250513	addi	x10,x10,-1278	 x10:0x80022362 x10=0x80021e64
          24459	      1121	8000036a	90000637	lui	x12,0x90000	 x12=0x90000000
          24479	      1122	8000036e	1671	c.addi	x12,-4	 x12:0x90000000 x12=0x8ffffffc
          24499	      1123	80000370	4901	c.li	x18,0	 x18=0x00000000
          24519	      1124	80000372	0922	c.slli	x18,0x8	 x18:0x00000000 x18=0x00000000
          24899	      1143	80000374	00090913	addi	x18,x18,0	 x18:0x00000000 x18=0x00000000
          25359	      1166	80000378	01262023	sw	x18,0(x12)	 x12:0x8ffffffc x18:0x00000000 PA:0x8ffffffc store:0x00000000
          25379	      1167	8000037c	7290206f	jal	x0,800032a4	  x0=0x00000000
          25579	      1177	800032a4	1ffd	c.addi	x31,-1	 x31:0xd695fb3d x31=0xd695fb3c
          25619	      1179	800032a6	ebe34c93	xori	x25,x6,-322	  x6:0xc93c5935 x25=0x36c3a78b
          25699	      1183	800032aa	483b7f13	andi	x30,x22,1155	 x22:0x80000000 x30=0x00000000
          25719	      1184	800032ae	340abef3	csrrc	x29,mscratch,x21	 x21:0x00000000 x29=0x00000000
          25739	      1185	800032b2	e785	c.bnez	x15,800032da	 x15:0xdaaff11c
          26039	      1200	800032da	665e4c37	lui	x24,0x665e4	 x24=0x665e4000
          26059	      1201	800032de	40d5da33	sra	x20,x11,x13	 x11:0x188ca41d x13:0x80000000 x20=0x188ca41d
          26079	      1202	800032e2	ce01	c.beqz	x12,800032fa	 x12:0x8ffffffc
          26099	      1203	800032e4	00eb49b3	xor	x19,x22,x14	 x22:0x80000000 x14:0x233b18ec x19=0xa33b18ec
          26119	      1204	800032e8	340591f3	csrrw	x3,mscratch,x11	 x11:0x188ca41d  x3=0x00000000
          26219	      1209	800032ec	ec89	c.bnez	x9,80003306	  x9:0x0000000b
          26839	      1240	80003306	009278b3	and	x17,x4,x9	  x4:0x146cde1b  x9:0x0000000b x17=0x0000000b
          26859	      1241	8000330a	9bfd	c.andi	x15,-1	 x15:0xdaaff11c x15=0xdaaff11c
          27039	      1250	8000330c	8e1d	c.sub	x12,x15	 x12:0x8ffffffc x15:0xdaaff11c x12=0xb5500ee0
          27219	      1259	8000330e	01df8c33	add	x24,x31,x29	 x31:0xd695fb3c x29:0x00000000 x24=0xd695fb3c
          27239	      1260	80003312	014e8fb3	add	x31,x29,x20	 x29:0x00000000 x20:0x188ca41d x31=0x188ca41d
          27259	      1261	80003316	06f9	c.addi	x13,30	 x13:0x80000000 x13=0x8000001e
          27279	      1262	80003318	4101d0b3	sra	x1,x3,x16	  x3:0x00000000 x16:0xf0bc44f7  x1=0x00000000
          27299	      1263	8000331c	028b9963	bne	x23,x8,8000334e	 x23:0x1b8f6e0a  x8:0x80025ce4
          28099	      1303	8000334e	03448a33	mul	x20,x9,x20	  x9:0x0000000b x20:0x188ca41d x20=0x0e0b0d3f
          28119	      1304	80003352	0134c6b3	xor	x13,x9,x19	  x9:0x0000000b x19:0xa33b18ec x13=0xa33b18e7
          55079	      2652	80003356	0000100f	fence.i	
          55519	      2674	8000335a	bffe2613	slti	x12,x28,-1025	 x28:0x80000000 x12=0x00000001
          55939	      2695	8000335e	2467e293	ori	x5,x15,582	 x15:0xdaaff11c  x5=0xdaaff35e
          55959	      2696	80003362	0000100f	fence.i	
          56679	      2732	80003366	87ea	c.mv	x15,x26	  x0:0x00000000 x26:0x80000000 x15=0x80000000
          56819	      2739	80003368	41305f93	srai	x31,x0,0x13	  x0:0x00000000 x31=0x00000000
          57119	      2754	8000336c	012fe833	or	x16,x31,x18	 x31:0x00000000 x18:0x00000000 x16=0x00000000
          57139	      2755	80003370	992a	c.add	x18,x10	 x18:0x00000000 x10:0x80021e64 x18=0x80021e64
          57199	      2758	80003372	0180c833	xor	x16,x1,x24	  x1:0x00000000 x24:0xd695fb3c x16=0xd695fb3c
          57219	      2759	80003376	013264b3	or	x9,x4,x19	  x4:0x146cde1b x19:0xa33b18ec  x9=0xb77fdeff
          57239	      2760	8000337a	8e29	c.xor	x12,x10	 x12:0x00000001 x10:0x80021e64 x12=0x80021e65
          57259	      2761	8000337c	03710263	beq	x2,x23,800033a0	  x2:0x2d561d10 x23:0x1b8f6e0a
          57279	      2762	80003380	340297f3	csrrw	x15,mscratch,x5	  x5:0xdaaff35e x15=0x188ca41d
          57319	      2764	80003384	0ff0000f	fence	iorw,iorw	
          57619	      2779	80003388	011c7833	and	x16,x24,x17	 x24:0xd695fb3c x17:0x0000000b x16=0x00000008
          57679	      2782	8000338c	3403a1f3	csrrs	x3,mscratch,x7	  x7:0x0000000d  x3=0xdaaff35e
          57819	      2789	80003390	340239f3	csrrc	x19,mscratch,x4	  x4:0x146cde1b x19=0xdaaff35f
          57839	      2790	80003394	3402f1f3	csrrci	x3,mscratch,5	  x3=0xca832144
          58259	      2811	80003398	c00a0c13	addi	x24,x20,-1024	 x20:0x0e0b0d3f x24=0x0e0b093f
          58279	      2812	8000339c	41bc5bb3	sra	x23,x24,x27	 x24:0x0e0b093f x27:0x00000003 x23=0x01c16127
          58299	      2813	800033a0	8776	c.mv	x14,x29	  x0:0x00000000 x29:0x00000000 x14=0x00000000
          58439	      2820	800033a2	0039dbb3	srl	x23,x19,x3	 x19:0xdaaff35f  x3:0xca832144 x23=0x0daaff35
          58679	      2832	800033a6	0ff0000f	fence	iorw,iorw	
          58739	      2835	800033aa	404bd033	sra	x0,x23,x4	 x23:0x0daaff35  x4:0x146cde1b  x0=0x00000000
          58759	      2836	800033ae	0001	c.addi	x0,0	  x0:0x00000000  x0=0x00000000
          58779	      2837	800033b0	90a6	c.add	x1,x9	  x1:0x00000000  x9:0xb77fdeff  x1=0xb77fdeff
          58799	      2838	800033b2	8d81	c.sub	x11,x8	 x11:0x188ca41d  x8:0x80025ce4 x11=0x988a4739
          58819	      2839	800033b4	55fd	c.li	x11,-1	 x11=0xffffffff
          58839	      2840	800033b6	01c70e63	beq	x14,x28,800033d2	 x14:0x00000000 x28:0x80000000
          58859	      2841	800033ba	410d	c.li	x2,3	  x2=0x00000003
          59079	      2852	800033bc	0001	c.addi	x0,0	  x0:0x00000000  x0=0x00000000
          59099	      2853	800033be	04135963	bge	x6,x1,80003410	  x6:0xc93c5935  x1:0xb77fdeff
          59579	      2877	80003410	011bf263	bgeu	x23,x17,80003414	 x23:0x0daaff35 x17:0x0000000b
          59859	      2891	80003414	8c9d	c.sub	x9,x15	  x9:0xb77fdeff x15:0x188ca41d  x9=0x9ef33ae2
          60279	      2912	80003416	0245e563	bltu	x11,x4,80003440	 x11:0xffffffff  x4:0x146cde1b
          60699	      2933	8000341a	405508b3	sub	x17,x10,x5	 x10:0x80021e64  x5:0xdaaff35e x17=0xa5522b06
          60799	      2938	8000341e	0167f733	and	x14,x15,x22	 x15:0x188ca41d x22:0x80000000 x14=0x00000000
          60819	      2939	80003422	9cfe	c.add	x25,x31	 x25:0x36c3a78b x31:0x00000000 x25=0x36c3a78b
          60939	      2945	80003424	00ac9d33	sll	x26,x25,x10	 x25:0x36c3a78b x10:0x80021e64 x26=0x6c3a78b0
          61139	      2955	80003428	0001	c.addi	x0,0	  x0:0x00000000  x0=0x00000000
          61159	      2956	8000342a	8162	c.mv	x2,x24	  x0:0x00000000 x24:0x0e0b093f  x2=0x0e0b093f
          61239	      2960	8000342c	1584	c.addi4spn	x9,x2,736	  x9=0x0e0b0c1f
          61259	      2961	8000342e	01496eb3	or	x29,x18,x20	 x18:0x80021e64 x20:0x0e0b0d3f x29=0x8e0b1f7f
          61299	      2963	80003432	02973d33	mulhu	x26,x14,x9	 x14:0x00000000  x9:0x0e0b0c1f x26=0x00000000
          61699	      2983	80003436	340d9ff3	csrrw	x31,mscratch,x27	 x27:0x00000003 x31=0xca832140
          61719	      2984	8000343a	717d	c.addi16sp	x2,-16	  x2:0x0e0b093f  x2=0x0e0b092f
          62119	      3004	8000343c	577d	c.li	x14,-1	 x14=0xffffffff
          62139	      3005	8000343e	8e91	c.sub	x13,x12	 x13:0xa33b18e7 x12:0x80021e65 x13=0x2338fa82
          62159	      3006	80003440	2fb90f93	addi	x31,x18,763	 x18:0x80021e64 x31=0x8002215f
          62179	      3007	80003444	0001	c.addi	x0,0	  x0:0x00000000  x0=0x00000000
          62219	      3009	80003446	036e9633	mulh	x12,x29,x22	 x29:0x8e0b1f7f x22:0x80000000 x12=0x38fa7040
          62239	      3010	8000344a	41390fb3	sub	x31,x18,x19	 x18:0x80021e64 x19:0xdaaff35f x31=0xa5522b05
          62339	      3015	8000344e	33eba913	slti	x18,x23,830	 x23:0x0daaff35 x18=0x00000000
          62479	      3022	80003452	20c6a213	slti	x4,x13,524	 x13:0x2338fa82  x4=0x00000000
          62499	      3023	80003456	90296c97	auipc	x25,0x90296	 x25=0x10299456
          62519	      3024	8000345a	0001	c.addi	x0,0	  x0:0x00000000  x0=0x00000000
          62599	      3028	8000345c	008d4133	xor	x2,x26,x8	 x26:0x00000000  x8:0x80025ce4  x2=0x80025ce4
          63019	      3049	80003460	340034f3	csrrc	x9,mscratch,x0	  x0:0x00000000  x9=0x00000003
          63199	      3058	80003464	8f7d	c.and	x14,x15	 x14:0xffffffff x15:0x188ca41d x14=0x188ca41d
          63619	      3079	80003466	ae06e297	auipc	x5,0xae06e	  x5=0x2e071466
          63939	      3095	8000346a	0177b8b3	sltu	x17,x15,x23	 x15:0x188ca41d x23:0x0daaff35 x17=0x00000000
          63959	      3096	8000346e	0ff0000f	fence	iorw,iorw	
          63979	      3097	80003472	b2072093	slti	x1,x14,-1248	 x14:0x188ca41d  x1=0x00000000
          64119	      3104	80003476	b93e83b7	lui	x7,0xb93e8	  x7=0xb93e8000
          64139	      3105	8000347a	5cfd	c.li	x25,-1	 x25=0xffffffff
          64159	      3106	8000347c	0161f0b3	and	x1,x3,x22	  x3:0xca832144 x22:0x80000000  x1=0x80000000
          64179	      3107	80003480	008ef5b3	and	x11,x29,x8	 x29:0x8e0b1f7f  x8:0x80025ce4 x11=0x80021c64
          64239	      3110	80003484	0017cd33	xor	x26,x15,x1	 x15:0x188ca41d  x1:0x80000000 x26=0x988ca41d
          64399	      3118	80003488	039228b3	mulhsu	x17,x4,x25	  x4:0x00000000 x25:0xffffffff x17=0x00000000
          65139	      3155	8000348c	0342e933	rem	x18,x5,x20	  x5:0x2e071466 x20:0x0e0b0d3f x18=0x03e5eca9
          65159	      3156	80003490	0001	c.addi	x0,0	  x0:0x00000000  x0=0x00000000
          65179	      3157	80003492	66b9	c.lui	x13,0xe	 x13=0x0000e000
          65199	      3158	80003494	1dd5aeb7	lui	x29,0x1dd5a	 x29=0x1dd5a000
          65219	      3159	80003498	59fd	c.li	x19,-1	 x19=0xffffffff
          65239	      3160	8000349a	86e5	c.srai	x13,0x19	 x13:0x0000e000 x13=0x00000000
          65259	      3161	8000349c	bb0ff693	andi	x13,x31,-1104	 x31:0xa5522b05 x13=0xa5522b00
          65279	      3162	800034a0	03e2	c.slli	x7,0x18	  x7:0xb93e8000  x7=0x00000000
          65299	      3163	800034a2	001641b3	xor	x3,x12,x1	 x12:0x38fa7040  x1:0x80000000  x3=0xb8fa7040
          65319	      3164	800034a6	881bc093	xori	x1,x23,-1919	 x23:0x0daaff35  x1=0xf25507b4
          66099	      3203	800034aa	03dff5b3	remu	x11,x31,x29	 x31:0xa5522b05 x29:0x1dd5a000 x11=0x10260b05
          66119	      3204	800034ae	778df093	andi	x1,x27,1912	 x27:0x00000003  x1=0x00000000
          66139	      3205	800034b2	01979213	slli	x4,x15,0x19	 x15:0x188ca41d  x4=0x3a000000
          66159	      3206	800034b6	717d	c.addi16sp	x2,-16	  x2:0x80025ce4  x2=0x80025cd4
          66179	      3207	800034b8	340f14f3	csrrw	x9,mscratch,x30	 x30:0x00000000  x9=0x00000003
          66199	      3208	800034bc	6141	c.addi16sp	x2,16	  x2:0x80025cd4  x2=0x80025ce4
          66219	      3209	800034be	01e21663	bne	x4,x30,800034ca	  x4:0x3a000000 x30:0x00000000
          66439	      3220	800034ca	01458963	beq	x11,x20,800034dc	 x11:0x10260b05 x20:0x0e0b0d3f
          66459	      3221	800034ce	406252b3	sra	x5,x4,x6	  x4:0x3a000000  x6:0xc93c5935  x5=0x000001d0
          66879	      3242	800034d2	00598ab3	add	x21,x19,x5	 x19:0xffffffff  x5:0x000001d0 x21=0x000001cf
          67299	      3263	800034d6	007a0ab3	add	x21,x20,x7	 x20:0x0e0b0d3f  x7:0x00000000 x21=0x0e0b0d3f
          67319	      3264	800034da	8e7d	c.and	x12,x15	 x12:0x38fa7040 x15:0x188ca41d x12=0x18882000
          67719	      3284	800034dc	d9eca113	slti	x2,x25,-610	 x25:0xffffffff  x2=0x00000000
          67799	      3288	800034e0	408a8333	sub	x6,x21,x8	 x21:0x0e0b0d3f  x8:0x80025ce4  x6=0x8e08b05b
          67819	      3289	800034e4	018260b3	or	x1,x4,x24	  x4:0x3a000000 x24:0x0e0b093f  x1=0x3e0b093f
          67999	      3298	800034e8	0001	c.addi	x0,0	  x0:0x00000000  x0=0x00000000
          68019	      3299	800034ea	018db733	sltu	x14,x27,x24	 x27:0x00000003 x24:0x0e0b093f x14=0x00000001
          68039	      3300	800034ee	01629ab3	sll	x21,x5,x22	  x5:0x000001d0 x22:0x80000000 x21=0x000001d0
          68059	      3301	800034f2	01dd0763	beq	x26,x29,80003500	 x26:0x988ca41d x29:0x1dd5a000
          68079	      3302	800034f6	8fd9	c.or	x15,x14	 x15:0x188ca41d x14:0x00000001 x15=0x188ca41d
          68119	      3304	800034f8	01ac69b3	or	x19,x24,x26	 x24:0x0e0b093f x26:0x988ca41d x19=0x9e8fad3f
          68359	      3316	800034fc	340db973	csrrc	x18,mscratch,x27	 x27:0x00000003 x18=0x00000000
          68379	      3317	80003500	1810	c.addi4spn	x12,x2,48	 x12=0x00000030
          68799	      3338	80003502	340070f3	csrrci	x1,mscratch,0	  x1=0x00000000
          68819	      3339	80003506	c711	c.beqz	x14,80003512	 x14:0x00000001
          68839	      3340	80003508	002b6763	bltu	x22,x2,80003516	 x22:0x80000000  x2:0x00000000
          68879	      3342	8000350c	567d	c.li	x12,-1	 x12=0xffffffff
          68899	      3343	8000350e	01330463	beq	x6,x19,80003516	  x6:0x8e08b05b x19:0x9e8fad3f
          68919	      3344	80003512	0ff0000f	fence	iorw,iorw	
          68939	      3345	80003516	8ef1	c.and	x13,x12	 x13:0xa5522b00 x12:0xffffffff x13=0xa5522b00
          68959	      3346	80003518	0088d033	srl	x0,x17,x8	 x17:0x00000000  x8:0x80025ce4  x0=0x00000000
          69139	      3355	8000351c	ad43b793	sltiu	x15,x7,-1324	  x7:0x00000000 x15=0x00000001
          69339	      3365	80003520	008e1fb3	sll	x31,x28,x8	 x28:0x80000000  x8:0x80025ce4 x31=0x00000000
          69539	      3375	80003524	40575493	srai	x9,x14,0x5	 x14:0x00000001  x9=0x00000000
          69679	      3382	80003528	00b166b3	or	x13,x2,x11	  x2:0x00000000 x11:0x10260b05 x13=0x10260b05
          69699	      3383	8000352c	001ece63	blt	x29,x1,80003548	 x29:0x1dd5a000  x1:0x00000000
          70119	      3404	80003530	00281ab3	sll	x21,x16,x2	 x16:0x00000008  x2:0x00000000 x21=0x00000008
          70139	      3405	80003534	0044e7b3	or	x15,x9,x4	  x9:0x00000000  x4:0x3a000000 x15=0x3a000000
          70399	      3418	80003538	0000100f	fence.i	
          71059	      3451	8000353c	402b8eb3	sub	x29,x23,x2	 x23:0x0daaff35  x2:0x00000000 x29=0x0daaff35
          71079	      3452	80003540	00170b63	beq	x14,x1,80003556	 x14:0x00000001  x1:0x00000000
          71099	      3453	80003544	34006873	csrrsi	x16,mscratch,0	 x16=0x00000000
          71199	      3458	80003548	8e49	c.or	x12,x10	 x12:0xffffffff x10:0x80021e64 x12=0xffffffff
          71619	      3479	8000354a	39d00993	addi	x19,x0,925	  x0:0x00000000 x19=0x0000039d
          71799	      3488	8000354e	03197963	bgeu	x18,x17,80003580	 x18:0x00000000 x17:0x00000000
          72759	      3536	80003580	00ec3fb3	sltu	x31,x24,x14	 x24:0x0e0b093f x14:0x00000001 x31=0x00000000
          72939	      3545	80003584	159c	c.addi4spn	x15,x2,736	 x15=0x000002e0
          72959	      3546	80003586	8a12	c.mv	x20,x4	  x0:0x00000000  x4:0x3a000000 x20=0x3a000000
          72979	      3547	80003588	55be4293	xori	x5,x28,1371	 x28:0x80000000  x5=0x8000055b
          73719	      3584	8000358c	036c7333	remu	x6,x24,x22	 x24:0x0e0b093f x22:0x80000000  x6=0x0e0b093f
          73759	      3586	80003590	03ca2ab3	mulhsu	x21,x20,x28	 x20:0x3a000000 x28:0x80000000 x21=0x1d000000
          74499	      3623	80003594	033247b3	div	x15,x4,x19	  x4:0x3a000000 x19:0x0000039d x15=0x00100d48
          74519	      3624	80003598	037a	c.slli	x6,0x1e	  x6:0x0e0b093f  x6=0xc0000000
          74539	      3625	8000359a	01d71f33	sll	x30,x14,x29	 x14:0x00000001 x29:0x0daaff35 x30=0x00200000
          74559	      3626	8000359e	0ff0000f	fence	iorw,iorw	
          74579	      3627	800035a2	5dbde693	ori	x13,x27,1499	 x27:0x00000003 x13=0x000005db
          74599	      3628	800035a6	53e8ed13	ori	x26,x17,1342	 x17:0x00000000 x26=0x0000053e
          74619	      3629	800035aa	0068e263	bltu	x17,x6,800035ae	 x17:0x00000000  x6:0xc0000000
          75079	      3652	800035ae	5a5ffd13	andi	x26,x31,1445	 x31:0x00000000 x26=0x00000000
          75179	      3657	800035b2	40aa5c33	sra	x24,x20,x10	 x20:0x3a000000 x10:0x80021e64 x24=0x03a00000
          75199	      3658	800035b6	9b5f4013	xori	x0,x30,-1611	 x30:0x00200000  x0=0x00000000
          75239	      3660	800035ba	03cc4a63	blt	x24,x28,800035ee	 x24:0x03a00000 x28:0x80000000
          75659	      3681	800035be	340ed373	csrrwi	x6,mscratch,29	  x6=0x00000000
          75679	      3682	800035c2	ee81	c.bnez	x13,800035da	 x13:0x000005db
          76659	      3731	800035da	02951fb3	mulh	x31,x10,x9	 x10:0x80021e64  x9:0x00000000 x31=0x00000000
          76759	      3736	800035de	01e79133	sll	x2,x15,x30	 x15:0x00100d48 x30:0x00200000  x2=0x00100d48
          76779	      3737	800035e2	34003af3	csrrc	x21,mscratch,x0	  x0:0x00000000 x21=0x0000001d
          76799	      3738	800035e6	587d	c.li	x16,-1	 x16=0xffffffff
          76819	      3739	800035e8	400ed213	srai	x4,x29,0x0	 x29:0x0daaff35  x4=0x0daaff35
          76959	      3746	800035ec	0001	c.addi	x0,0	  x0:0x00000000  x0=0x00000000
          76999	      3748	800035ee	037d1333	mulh	x6,x26,x23	 x26:0x00000000 x23:0x0daaff35  x6=0x00000000
          77019	      3749	800035f2	03e3f063	bgeu	x7,x30,80003612	  x7:0x00000000 x30:0x00200000
          77039	      3750	800035f6	4d0d	c.li	x26,3	 x26=0x00000003
          77079	      3752	800035f8	02f21f63	bne	x4,x15,80003636	  x4:0x0daaff35 x15:0x00100d48
          77879	      3792	80003636	8e76	c.mv	x28,x29	  x0:0x00000000 x29:0x0daaff35 x28=0x0daaff35
          78279	      3812	80003638	03cc5563	bge	x24,x28,80003662	 x24:0x03a00000 x28:0x0daaff35
          78299	      3813	8000363c	00582933	slt	x18,x16,x5	 x16:0xffffffff  x5:0x8000055b x18=0x00000000
          78319	      3814	80003640	6265	c.lui	x4,0x19	  x4=0x00019000
          78519	      3824	80003642	340052f3	csrrwi	x5,mscratch,0	  x5=0x0000001d
          78539	      3825	80003646	00affbb3	and	x23,x31,x10	 x31:0x00000000 x10:0x80021e64 x23=0x00000000
          78559	      3826	8000364a	8a4a	c.mv	x20,x18	  x0:0x00000000 x18:0x00000000 x20=0x00000000
          78579	      3827	8000364c	3405d873	csrrwi	x16,mscratch,11	 x16=0x00000000
          78679	      3832	80003650	6d15	c.lui	x26,0x5	 x26=0x00005000
          78719	      3834	80003652	01dc3633	sltu	x12,x24,x29	 x24:0x03a00000 x29:0x0daaff35 x12=0x00000001
          78739	      3835	80003656	4cc09117	auipc	x2,0x4cc09	  x2=0xccc0c656
          79179	      3857	8000365a	028a1033	mulh	x0,x20,x8	 x20:0x00000000  x8:0x80025ce4  x0=0x00000000
          79319	      3864	8000365e	00518eb3	add	x29,x3,x5	  x3:0xb8fa7040  x5:0x0000001d x29=0xb8fa705d
          79339	      3865	80003662	61a5	c.lui	x3,0x9	  x3=0x00009000
          79379	      3867	80003664	03441633	mulh	x12,x8,x20	  x8:0x80025ce4 x20:0x00000000 x12=0x00000000
          79539	      3875	80003668	008c1813	slli	x16,x24,0x8	 x24:0x03a00000 x16=0xa0000000
          79719	      3884	8000366c	002f6cb3	or	x25,x30,x2	 x30:0x00200000  x2:0xccc0c656 x25=0xcce0c656
          79899	      3893	80003670	03b68e63	beq	x13,x27,800036ac	 x13:0x000005db x27:0x00000003
          79959	      3896	80003674	34006bf3	csrrsi	x23,mscratch,0	 x23=0x0000000b
          80099	      3903	80003678	87a46993	ori	x19,x8,-1926	  x8:0x80025ce4 x19=0xfffffcfe
          80879	      3942	8000367c	02354f33	div	x30,x10,x3	 x10:0x80021e64  x3:0x00009000 x30=0xffff1c76
          80899	      3943	80003680	40505733	sra	x14,x0,x5	  x0:0x00000000  x5:0x0000001d x14=0x00000000
          80919	      3944	80003684	00dba233	slt	x4,x23,x13	 x23:0x0000000b x13:0x000005db  x4=0x00000001
          81019	      3949	80003688	00152933	slt	x18,x10,x1	 x10:0x80021e64  x1:0x00000000 x18=0x00000001
          81039	      3950	8000368c	86de	c.mv	x13,x23	  x0:0x00000000 x23:0x0000000b x13=0x0000000b
          81059	      3951	8000368e	87f9	c.srai	x15,0x1e	 x15:0x00100d48 x15=0x00000000
          81099	      3953	80003690	d4cc7a93	andi	x21,x24,-692	 x24:0x03a00000 x21=0x03a00000
          81119	      3954	80003694	005b6633	or	x12,x22,x5	 x22:0x80000000  x5:0x0000001d x12=0x8000001d
          81139	      3955	80003698	40988233	sub	x4,x17,x9	 x17:0x00000000  x9:0x00000000  x4=0x00000000
          81159	      3956	8000369c	811b3893	sltiu	x17,x22,-2031	 x22:0x80000000 x17=0x00000001
          81479	      3972	800036a0	c8dee213	ori	x4,x29,-883	 x29:0xb8fa705d  x4=0xfffffcdd
          81499	      3973	800036a4	0178e9b3	or	x19,x17,x23	 x17:0x00000001 x23:0x0000000b x19=0x0000000b
          81519	      3974	800036a8	02730863	beq	x6,x7,800036d8	  x6:0x00000000  x7:0x00000000
          81599	      3978	800036d8	030d1063	bne	x26,x16,800036f8	 x26:0x00005000 x16:0xa0000000
          82499	      4023	800036f8	019183b3	add	x7,x3,x25	  x3:0x00009000 x25:0xcce0c656  x7=0xcce15656
          82639	      4030	800036fc	4121	c.li	x2,8	  x2=0x00000008
          82659	      4031	800036fe	8e99	c.sub	x13,x14	 x13:0x0000000b x14:0x00000000 x13=0x0000000b
          82779	      4037	80003700	01216263	bltu	x2,x18,80003704	  x2:0x00000008 x18:0x00000001
          82859	      4041	80003704	0001	c.addi	x0,0	  x0:0x00000000  x0=0x00000000
          82899	      4043	80003706	029a3233	mulhu	x4,x20,x9	 x20:0x00000000  x9:0x00000000  x4=0x00000000
          82919	      4044	8000370a	9bfd	c.andi	x15,-1	 x15:0x00000000 x15=0x00000000
          82939	      4045	8000370c	01b5d213	srli	x4,x11,0x1b	 x11:0x10260b05  x4=0x00000002
          82959	      4046	80003710	8e71	c.and	x12,x12	 x12:0x8000001d x12:0x8000001d x12=0x8000001d
          82979	      4047	80003712	00fbb133	sltu	x2,x23,x15	 x23:0x0000000b x15:0x00000000  x2=0x00000000
          82999	      4048	80003716	0001	c.addi	x0,0	  x0:0x00000000  x0=0x00000000
          83019	      4049	80003718	32003993	sltiu	x19,x0,800	  x0:0x00000000 x19=0x00000001
          83219	      4059	8000371c	8211	c.srli	x12,0x4	 x12:0x8000001d x12=0x08000001
          83239	      4060	8000371e	8231	c.srli	x12,0xc	 x12:0x08000001 x12=0x00008000
          83379	      4067	80003720	02e10333	mul	x6,x2,x14	  x2:0x00000000 x14:0x00000000  x6=0x00000000
          83599	      4078	80003724	03160133	mul	x2,x12,x17	 x12:0x00008000 x17:0x00000001  x2=0x00008000
          83619	      4079	80003728	03bf8233	mul	x4,x31,x27	 x31:0x00000000 x27:0x00000003  x4=0x00000000
          83639	      4080	8000372c	717d	c.addi16sp	x2,-16	  x2:0x00008000  x2=0x00007ff0
          83659	      4081	8000372e	015a8b63	beq	x21,x21,80003744	 x21:0x03a00000 x21:0x03a00000
          84719	      4134	80003744	61826fb7	lui	x31,0x61826	 x31=0x61826000
          84799	      4138	80003748	1d7d	c.addi	x26,-1	 x26:0x00005000 x26=0x00004fff
          84819	      4139	8000374a	01ef53b3	srl	x7,x30,x30	 x30:0xffff1c76 x30:0xffff1c76  x7=0x000003ff
          84839	      4140	8000374e	6149	c.addi16sp	x2,144	  x2:0x00007ff0  x2=0x00008080
          84959	      4146	80003750	0067da33	srl	x20,x15,x6	 x15:0x00000000  x6:0x00000000 x20=0x00000000
          85019	      4149	80003754	34055af3	csrrwi	x21,mscratch,10	 x21=0x0000000b
          85099	      4153	80003758	41e4d633	sra	x12,x9,x30	  x9:0x00000000 x30:0xffff1c76 x12=0x00000000
          85319	      4164	8000375c	005f84b3	add	x9,x31,x5	 x31:0x61826000  x5:0x0000001d  x9=0x6182601d
          86059	      4201	80003760	0331c9b3	div	x19,x3,x19	  x3:0x00009000 x19:0x00000001 x19=0x00009000
          86079	      4202	80003764	8f51	c.or	x14,x12	 x14:0x00000000 x12:0x00000000 x14=0x00000000
          86099	      4203	80003766	8bf2	c.mv	x23,x28	  x0:0x00000000 x28:0x0daaff35 x23=0x0daaff35
          86119	      4204	80003768	c701	c.beqz	x14,80003770	 x14:0x00000000
          86159	      4206	80003770	34002ff3	csrrs	x31,mscratch,x0	  x0:0x00000000 x31=0x0000000a
          86179	      4207	80003774	01909613	slli	x12,x1,0x19	  x1:0x00000000 x12=0x00000000
          86299	      4213	80003778	9c12	c.add	x24,x4	 x24:0x03a00000  x4:0x00000000 x24=0x03a00000
          86319	      4214	8000377a	cc89	c.beqz	x9,80003794	  x9:0x6182601d
          86639	      4230	8000377c	03edcc63	blt	x27,x30,800037b4	 x27:0x00000003 x30:0xffff1c76
          86999	      4248	80003780	01b7dfb3	srl	x31,x15,x27	 x15:0x00000000 x27:0x00000003 x31=0x00000000
          87019	      4249	80003784	0ff0000f	fence	iorw,iorw	
          87139	      4255	80003788	3404e8f3	csrrsi	x17,mscratch,9	 x17=0x0000000a
          87299	      4263	8000378c	405d0333	sub	x6,x26,x5	 x26:0x00004fff  x5:0x0000001d  x6=0x00004fe2
          87319	      4264	80003790	340039f3	csrrc	x19,mscratch,x0	  x0:0x00000000 x19=0x0000000b
          87339	      4265	80003794	1d7d	c.addi	x26,-1	 x26:0x00004fff x26=0x00004ffe
          88559	      4326	80003796	00eb70b3	and	x1,x22,x14	 x22:0x80000000 x14:0x00000000  x1=0x00000000
          88579	      4327	8000379a	5a3beeb7	lui	x29,0x5a3be	 x29=0x5a3be000
          88599	      4328	8000379e	03710233	mul	x4,x2,x23	  x2:0x00008080 x23:0x0daaff35  x4=0x551a1a80
          88619	      4329	800037a2	e1b5	c.bnez	x11,80003806	 x11:0x10260b05
          89179	      4357	80003806	9e5e2913	slti	x18,x28,-1563	 x28:0x0daaff35 x18=0x00000000
          89199	      4358	8000380a	34007df3	csrrci	x27,mscratch,0	 x27=0x0000000b
          89219	      4359	8000380e	81c5	c.srli	x11,0x11	 x11:0x10260b05 x11=0x00000813
          89239	      4360	80003810	dbd07793	andi	x15,x0,-579	  x0:0x00000000 x15=0x00000000
          89299	      4363	80003814	036b8633	mul	x12,x23,x22	 x23:0x0daaff35 x22:0x80000000 x12=0x80000000
          89319	      4364	80003818	340d27f3	csrrs	x15,mscratch,x26	 x26:0x00004ffe x15=0x0000000b
          89339	      4365	8000381c	0111e663	bltu	x3,x17,80003828	  x3:0x00009000 x17:0x0000000a
          89599	      4378	80003820	f792c013	xori	x0,x5,-135	  x5:0x0000001d  x0=0x00000000
          89859	      4391	80003824	340063f3	csrrsi	x7,mscratch,0	  x7=0x00004fff
          89899	      4393	80003828	03f84f33	div	x30,x16,x31	 x16:0xa0000000 x31:0x00000000 x30=0xffffffff
          89919	      4394	8000382c	40d3d693	srai	x13,x7,0xd	  x7:0x00004fff x13=0x00000002
          89939	      4395	80003830	8b81	c.andi	x15,0	 x15:0x0000000b x15=0x00000000
          89959	      4396	80003832	8fd5	c.or	x15,x13	 x15:0x00000000 x13:0x00000002 x15=0x00000002
          90019	      4399	80003834	0001	c.addi	x0,0	  x0:0x00000000  x0=0x00000000
          90039	      4400	80003836	62a1	c.lui	x5,0x8	  x5=0x00008000
          90059	      4401	80003838	025ad963	bge	x21,x5,8000386a	 x21:0x0000000b  x5:0x00008000
          90219	      4409	8000383c	0001	c.addi	x0,0	  x0:0x00000000  x0=0x00000000
          90539	      4425	8000383e	034c3833	mulhu	x16,x24,x20	 x24:0x03a00000 x20:0x00000000 x16=0x00000000
          90559	      4426	80003842	340022f3	csrrs	x5,mscratch,x0	  x0:0x00000000  x5=0x00004fff
          90959	      4446	80003846	33384113	xori	x2,x16,819	 x16:0x00000000  x2=0x00000333
          90979	      4447	8000384a	8369	c.srli	x14,0x1a	 x14:0x00000000 x14=0x00000000
          90999	      4448	8000384c	02d486b3	mul	x13,x9,x13	  x9:0x6182601d x13:0x00000002 x13=0xc304c03a
          91139	      4455	80003850	019a3d33	sltu	x26,x20,x25	 x20:0x00000000 x25:0xcce0c656 x26=0x00000001
          91559	      4476	80003854	013a1e33	sll	x28,x20,x19	 x20:0x00000000 x19:0x0000000b x28=0x00000000
          91839	      4490	80003858	00bc8e63	beq	x25,x11,80003874	 x25:0xcce0c656 x11:0x00000813
          91979	      4497	8000385c	0001	c.addi	x0,0	  x0:0x00000000  x0=0x00000000
          91999	      4498	8000385e	0f1c	c.addi4spn	x15,x2,912	 x15=0x000006c3
          92019	      4499	80003860	cde81237	lui	x4,0xcde81	  x4=0xcde81000
          92039	      4500	80003864	ea15	c.bnez	x12,80003898	 x12:0x80000000
          92739	      4535	80003898	001fefb3	or	x31,x31,x1	 x31:0x00000000  x1:0x00000000 x31=0x00000000
          93159	      4556	8000389c	013c08b3	add	x17,x24,x19	 x24:0x03a00000 x19:0x0000000b x17=0x03a0000b
          93179	      4557	800038a0	00268f33	add	x30,x13,x2	 x13:0xc304c03a  x2:0x00000333 x30=0xc304c36d
          93219	      4559	800038a4	0360bd33	mulhu	x26,x1,x22	  x1:0x00000000 x22:0x80000000 x26=0x00000000
          93239	      4560	800038a8	4125d933	sra	x18,x11,x18	 x11:0x00000813 x18:0x00000000 x18=0x00000813
          93299	      4563	800038ac	00445663	bge	x8,x4,800038b8	  x8:0x80025ce4  x4:0xcde81000
          93359	      4566	800038b0	0001	c.addi	x0,0	  x0:0x00000000  x0=0x00000000
          93379	      4567	800038b2	8f05	c.sub	x14,x9	 x14:0x00000000  x9:0x6182601d x14=0x9e7d9fe3
          93399	      4568	800038b4	01ff4eb3	xor	x29,x30,x31	 x30:0xc304c36d x31:0x00000000 x29=0xc304c36d
          93479	      4572	800038b8	00b57733	and	x14,x10,x11	 x10:0x80021e64 x11:0x00000813 x14=0x00000800
          93619	      4579	800038bc	01ee61b3	or	x3,x28,x30	 x28:0x00000000 x30:0xc304c36d  x3=0xc304c36d
          93639	      4580	800038c0	822a	c.mv	x4,x10	  x0:0x00000000 x10:0x80021e64  x4=0x80021e64
          93759	      4586	800038c2	01ce4ab3	xor	x21,x28,x28	 x28:0x00000000 x28:0x00000000 x21=0x00000000
          94139	      4605	800038c6	0000100f	fence.i	
          94339	      4615	800038ca	41f05593	srai	x11,x0,0x1f	  x0:0x00000000 x11=0x00000000
          94359	      4616	800038ce	cf0d	c.beqz	x14,80003908	 x14:0x00000800
          94379	      4617	800038d0	81b5	c.srli	x11,0xd	 x11:0x00000000 x11=0x00000000
          94459	      4621	800038d2	01bdd393	srli	x7,x27,0x1b	 x27:0x0000000b  x7=0x00000000
          94479	      4622	800038d6	8f31	c.xor	x14,x12	 x14:0x00000800 x12:0x80000000 x14=0x80000800
          94499	      4623	800038d8	01c523b3	slt	x7,x10,x28	 x10:0x80021e64 x28:0x00000000  x7=0x00000001
          94539	      4625	800038dc	01b913b3	sll	x7,x18,x27	 x18:0x00000813 x27:0x0000000b  x7=0x00409800
          94659	      4631	800038e0	017b1833	sll	x16,x22,x23	 x22:0x80000000 x23:0x0daaff35 x16=0x00000000
          94719	      4634	800038e4	049c	c.addi4spn	x15,x2,576	 x15=0x00000573
          95139	      4655	800038e6	00405863	bge	x0,x4,800038f6	  x0:0x00000000  x4:0x80021e64
          95879	      4692	800038f6	001fd833	srl	x16,x31,x1	 x31:0x00000000  x1:0x00000000 x16=0x00000000
          96219	      4709	800038fa	34003cf3	csrrc	x25,mscratch,x0	  x0:0x00000000 x25=0x00004fff
          96459	      4721	800038fe	00251a63	bne	x10,x2,80003912	 x10:0x80021e64  x2:0x00000333
          96959	      4746	80003912	340f1bf3	csrrw	x23,mscratch,x30	 x30:0xc304c36d x23=0x00004fff
          97119	      4754	80003916	02c45863	bge	x8,x12,80003946	  x8:0x80025ce4 x12:0x80000000
          97879	      4792	80003946	8dd9	c.or	x11,x14	 x11:0x00000000 x14:0x80000800 x11=0x80000800
          97919	      4794	80003948	415e82b3	sub	x5,x29,x21	 x29:0xc304c36d x21:0x00000000  x5=0xc304c36d
          97959	      4796	8000394c	00625663	bge	x4,x6,80003958	  x4:0x80021e64  x6:0x00004fe2
          97979	      4797	80003950	340726f3	csrrs	x13,mscratch,x14	 x14:0x80000800 x13=0xc304c36d
          97999	      4798	80003954	15fd	c.addi	x11,-1	 x11:0x80000800 x11=0x800007ff
          98019	      4799	80003956	5afd	c.li	x21,-1	 x21=0xffffffff
          98039	      4800	80003958	05abfc13	andi	x24,x23,90	 x23:0x00004fff x24=0x0000005a
          98059	      4801	8000395c	01c55263	bge	x10,x28,80003960	 x10:0x80021e64 x28:0x00000000
          98099	      4803	80003960	013ad263	bge	x21,x19,80003964	 x21:0xffffffff x19:0x0000000b
          98139	      4805	80003964	03b09ab3	mulh	x21,x1,x27	  x1:0x00000000 x27:0x0000000b x21=0x00000000
          98159	      4806	80003968	00329d63	bne	x5,x3,80003982	  x5:0xc304c36d  x3:0xc304c36d
          98179	      4807	8000396c	001363b3	or	x7,x6,x1	  x6:0x00004fe2  x1:0x00000000  x7=0x00004fe2
          98199	      4808	80003970	8225	c.srli	x12,0x9	 x12:0x80000000 x12=0x00400000
          98399	      4818	80003972	f807c837	lui	x16,0xf807c	 x16=0xf807c000
          98419	      4819	80003976	101c39b7	lui	x19,0x101c3	 x19=0x101c3000
          98839	      4840	8000397a	000f0f33	add	x30,x30,x0	 x30:0xc304c36d  x0:0x00000000 x30=0xc304c36d
          98859	      4841	8000397e	340e3873	csrrc	x16,mscratch,x28	 x28:0x00000000 x16=0xc304cb6d
          98879	      4842	80003982	0384	c.addi4spn	x9,x2,448	  x9=0x000004f3
          98979	      4847	80003984	9666	c.add	x12,x25	 x12:0x00400000 x25:0x00004fff x12=0x00404fff
          98999	      4848	80003986	34007ef3	csrrci	x29,mscratch,0	 x29=0xc304cb6d
          99019	      4849	8000398a	34007673	csrrci	x12,mscratch,0	 x12=0xc304cb6d
          99439	      4870	8000398e	36a74d13	xori	x26,x14,874	 x14:0x80000800 x26=0x80000b6a
          99459	      4871	80003992	0ff0000f	fence	iorw,iorw	
         100199	      4908	80003996	02c972b3	remu	x5,x18,x12	 x18:0x00000813 x12:0xc304cb6d  x5=0x00000813
         100219	      4909	8000399a	01da8333	add	x6,x21,x29	 x21:0x00000000 x29:0xc304cb6d  x6=0xc304cb6d
         100319	      4914	8000399e	014d8963	beq	x27,x20,800039b0	 x27:0x0000000b x20:0x00000000
         100339	      4915	800039a2	970e	c.add	x14,x3	 x14:0x80000800  x3:0xc304c36d x14=0x4304cb6d
         101459	      4971	800039a4	02a04d33	div	x26,x0,x10	  x0:0x00000000 x10:0x80021e64 x26=0x00000000
         101479	      4972	800039a8	011db3b3	sltu	x7,x27,x17	 x27:0x0000000b x17:0x03a0000b  x7=0x00000001
         101499	      4973	800039ac	3b99ff17	auipc	x30,0x3b99f	 x30=0xbb9a29ac
         101519	      4974	800039b0	0e89	c.addi	x29,2	 x29:0xc304cb6d x29=0xc304cb6f
         101559	      4976	800039b2	03526db3	rem	x27,x4,x21	  x4:0x80021e64 x21:0x00000000 x27=0x80021e64
         101599	      4978	800039b6	0214c6b3	div	x13,x9,x1	  x9:0x000004f3  x1:0x00000000 x13=0xffffffff
         101619	      4979	800039ba	340ea973	csrrs	x18,mscratch,x29	 x29:0xc304cb6f x18=0xc304cb6d
         101639	      4980	800039be	0001	c.addi	x0,0	  x0:0x00000000  x0=0x00000000
         101659	      4981	800039c0	033f9163	bne	x31,x19,800039e2	 x31:0x00000000 x19:0x101c3000
         103099	      5053	800039e2	8235	c.srli	x12,0xd	 x12:0xc304cb6d x12=0x00061826
         103119	      5054	800039e4	007d6bb3	or	x23,x26,x7	 x26:0x00000000  x7:0x00000001 x23=0x00000001
         103399	      5068	800039e8	8f0d	c.sub	x14,x11	 x14:0x4304cb6d x11:0x800007ff x14=0xc304c36e
         103719	      5084	800039ea	61350393	addi	x7,x10,1555	 x10:0x80021e64  x7=0x80022477
         103839	      5090	800039ee	3b3e6893	ori	x17,x28,947	 x28:0x00000000 x17=0x000003b3
         103859	      5091	800039f2	9bfd	c.andi	x15,-1	 x15:0x00000573 x15=0x00000573
         104019	      5099	800039f4	7376f813	andi	x16,x13,1847	 x13:0xffffffff x16=0x00000737
         104759	      5136	800039f8	031ce8b3	rem	x17,x25,x17	 x25:0x00004fff x17:0x000003b3 x17=0x00000250
         104779	      5137	800039fc	0a1a	c.slli	x20,0x6	 x20:0x00000000 x20=0x00000000
         104799	      5138	800039fe	416ed193	srai	x3,x29,0x16	 x29:0xc304cb6f  x3=0xffffff0c
         104819	      5139	80003a02	87f1	c.srai	x15,0x1c	 x15:0x00000573 x15=0x00000000
         104839	      5140	80003a04	340613f3	csrrw	x7,mscratch,x12	 x12:0x00061826  x7=0xc304cb6f
         104859	      5141	80003a08	8a473393	sltiu	x7,x14,-1884	 x14:0xc304c36e  x7=0x00000001
         104879	      5142	80003a0c	0ff0000f	fence	iorw,iorw	
         105059	      5151	80003a10	8f4d	c.or	x14,x11	 x14:0xc304c36e x11:0x800007ff x14=0xc304c7ff
         105079	      5152	80003a12	017b9133	sll	x2,x23,x23	 x23:0x00000001 x23:0x00000001  x2=0x00000002
         105499	      5173	80003a16	01afa2b3	slt	x5,x31,x26	 x31:0x00000000 x26:0x00000000  x5=0x00000000
         105519	      5174	80003a1a	340032f3	csrrc	x5,mscratch,x0	  x0:0x00000000  x5=0x00061826
         105559	      5176	80003a1e	00c9feb3	and	x29,x19,x12	 x19:0x101c3000 x12:0x00061826 x29=0x00041000
         105579	      5177	80003a22	84fd	c.srai	x9,0x1f	  x9:0x000004f3  x9=0x00000000
         105759	      5186	80003a24	340a11f3	csrrw	x3,mscratch,x20	 x20:0x00000000  x3=0x00061826
         105819	      5189	80003a28	023ba7b3	mulhsu	x15,x23,x3	 x23:0x00000001  x3:0x00061826 x15=0x00000000
         106099	      5203	80003a2c	000b6a33	or	x20,x22,x0	 x22:0x80000000  x0:0x00000000 x20=0x80000000
         106119	      5204	80003a30	0ff0000f	fence	iorw,iorw	
         106259	      5211	80003a34	08f6	c.slli	x17,0x1d	 x17:0x00000250 x17=0x00000000
         106279	      5212	80003a36	403c8a33	sub	x20,x25,x3	 x25:0x00004fff  x3:0x00061826 x20=0xfffa37d9
         106619	      5229	80003a3a	03f9d063	bge	x19,x31,80003a5a	 x19:0x101c3000 x31:0x00000000
         107479	      5272	80003a5a	023236b3	mulhu	x13,x4,x3	  x4:0x80021e64  x3:0x00061826 x13=0x00030c1f
         107499	      5273	80003a5e	34007cf3	csrrci	x25,mscratch,0	 x25=0x00000000
         107519	      5274	80003a62	5d7d	c.li	x26,-1	 x26=0xffffffff
         107539	      5275	80003a64	3401ed73	csrrsi	x26,mscratch,3	 x26=0x00000000
         108279	      5312	80003a68	03697f33	remu	x30,x18,x22	 x18:0xc304cb6d x22:0x80000000 x30=0x4304cb6d
         108299	      5313	80003a6c	0001	c.addi	x0,0	  x0:0x00000000  x0=0x00000000
         108319	      5314	80003a6e	00d80333	add	x6,x16,x13	 x16:0x00000737 x13:0x00030c1f  x6=0x00031356
         108339	      5315	80003a72	6169	c.addi16sp	x2,208	  x2:0x00000002  x2=0x000000d2
         108359	      5316	80003a74	00cdd233	srl	x4,x27,x12	 x27:0x80021e64 x12:0x00061826  x4=0x02000879
         108379	      5317	80003a78	00947833	and	x16,x8,x9	  x8:0x80025ce4  x9:0x00000000 x16=0x00000000
         108399	      5318	80003a7c	411d5c93	srai	x25,x26,0x11	 x26:0x00000000 x25=0x00000000
         108479	      5322	80003a80	816a	c.mv	x2,x26	  x0:0x00000000 x26:0x00000000  x2=0x00000000
         108499	      5323	80003a82	03ed01b3	mul	x3,x26,x30	 x26:0x00000000 x30:0x4304cb6d  x3=0x00000000
         108519	      5324	80003a86	0001	c.addi	x0,0	  x0:0x00000000  x0=0x00000000
         108539	      5325	80003a88	03c98e33	mul	x28,x19,x28	 x19:0x101c3000 x28:0x00000000 x28=0x00000000
         108559	      5326	80003a8c	00b58fb3	add	x31,x11,x11	 x11:0x800007ff x11:0x800007ff x31=0x00000ffe
         108599	      5328	80003a90	03561a33	mulh	x20,x12,x21	 x12:0x00061826 x21:0x00000000 x20=0x00000000
         108619	      5329	80003a94	2ee14893	xori	x17,x2,750	  x2:0x00000000 x17=0x000002ee
         109159	      5356	80003a98	030126b3	mulhsu	x13,x2,x16	  x2:0x00000000 x16:0x00000000 x13=0x00000000
         109239	      5360	80003a9c	34002af3	csrrs	x21,mscratch,x0	  x0:0x00000000 x21=0x00000003
         109259	      5361	80003aa0	6940c013	xori	x0,x1,1684	  x1:0x00000000  x0=0x00000000
         109279	      5362	80003aa4	17e00c93	addi	x25,x0,382	  x0:0x00000000 x25=0x0000017e
         109299	      5363	80003aa8	34003bf3	csrrc	x23,mscratch,x0	  x0:0x00000000 x23=0x00000003
         109319	      5364	80003aac	3400b0f3	csrrc	x1,mscratch,x1	  x1:0x00000000  x1=0x00000003
         109779	      5387	80003ab0	4715	c.li	x14,5	 x14=0x00000005
         109799	      5388	80003ab2	022c4963	blt	x24,x2,80003ae4	 x24:0x0000005a  x2:0x00000000
         109819	      5389	80003ab6	8ef1	c.and	x13,x12	 x13:0x00000000 x12:0x00061826 x13=0x00000000
         110159	      5406	80003ab8	6d1d	c.lui	x26,0x7	 x26=0x00007000
         110179	      5407	80003aba	91d6bd93	sltiu	x27,x13,-1763	 x13:0x00000000 x27=0x00000001
         110239	      5410	80003abe	03b002b3	mul	x5,x0,x27	  x0:0x00000000 x27:0x00000001  x5=0x00000000
         110259	      5411	80003ac2	411f01b3	sub	x3,x30,x17	 x30:0x4304cb6d x17:0x000002ee  x3=0x4304c87f
         110279	      5412	80003ac6	c205	c.beqz	x12,80003ae6	 x12:0x00061826
         110359	      5416	80003ac8	34003cf3	csrrc	x25,mscratch,x0	  x0:0x00000000 x25=0x00000003
         110519	      5424	80003acc	0ff0000f	fence	iorw,iorw	
         110539	      5425	80003ad0	0096e463	bltu	x13,x9,80003ad8	 x13:0x00000000  x9:0x00000000
         110779	      5437	80003ad4	34003073	csrrc	x0,mscratch,x0	  x0:0x00000000  x0=0x00000000
         110899	      5443	80003ad8	fa6bae13	slti	x28,x23,-90	 x23:0x00000003 x28=0x00000000
         110919	      5444	80003adc	0b04	c.addi4spn	x9,x2,400	  x9=0x00000190
         110939	      5445	80003ade	34077773	csrrci	x14,mscratch,14	 x14=0x00000003
         110959	      5446	80003ae2	eb85	c.bnez	x15,80003b12	 x15:0x00000000
         110979	      5447	80003ae4	8eb1	c.xor	x13,x12	 x13:0x00000000 x12:0x00061826 x13=0x00061826
         110999	      5448	80003ae6	0144c8b3	xor	x17,x9,x20	  x9:0x00000190 x20:0x00000000 x17=0x00000190
         111359	      5466	80003aea	00789863	bne	x17,x7,80003afa	 x17:0x00000190  x7:0x00000001
         112539	      5525	80003afa	340466f3	csrrsi	x13,mscratch,8	 x13=0x00000001
         112559	      5526	80003afe	8e61	c.and	x12,x8	 x12:0x00061826  x8:0x80025ce4 x12=0x00021824
         112679	      5532	80003b00	83aa	c.mv	x7,x10	  x0:0x00000000 x10:0x80021e64  x7=0x80021e64
         112699	      5533	80003b02	8a65	c.andi	x12,25	 x12:0x00021824 x12=0x00000000
         112739	      5535	80003b04	1a72e593	ori	x11,x5,423	  x5:0x00000000 x11=0x000001a7
         113479	      5572	80003b08	0240cab3	div	x21,x1,x4	  x1:0x00000003  x4:0x02000879 x21=0x00000000
         116979	      5747	80003b0c	00f81933	sll	x18,x16,x15	 x16:0x00000000 x15:0x00000000 x18=0x00000000
         116999	      5748	80003b10	83c1	c.srli	x15,0x10	 x15:0x00000000 x15=0x00000000
         117039	      5750	80003b12	02ffbf33	mulhu	x30,x31,x15	 x31:0x00000ffe x15:0x00000000 x30=0x00000000
         117059	      5751	80003b16	8c534293	xori	x5,x6,-1851	  x6:0x00031356  x5=0xfffceb93
         117799	      5788	80003b1a	021ff9b3	remu	x19,x31,x1	 x31:0x00000ffe  x1:0x00000003 x19=0x00000002
         117839	      5790	80003b1e	0264aeb3	mulhsu	x29,x9,x6	  x9:0x00000190  x6:0x00031356 x29=0x00000000
         117859	      5791	80003b22	80a6	c.mv	x1,x9	  x0:0x00000000  x9:0x00000190  x1=0x00000190
         118599	      5828	80003b24	03f4d6b3	divu	x13,x9,x31	  x9:0x00000190 x31:0x00000ffe x13=0x00000000
         118619	      5829	80003b28	2e3dee93	ori	x29,x27,739	 x27:0x00000001 x29=0x000002e3
         118639	      5830	80003b2c	034e5563	bge	x28,x20,80003b56	 x28:0x00000000 x20:0x00000000
         118799	      5838	80003b56	6371	c.lui	x6,0x1c	  x6=0x0001c000
         118859	      5841	80003b58	59199617	auipc	x12,0x59199	 x12=0xd919cb58
         119139	      5855	80003b5c	0157da93	srli	x21,x15,0x15	 x15:0x00000000 x21=0x00000000
         119199	      5858	80003b60	34006df3	csrrsi	x27,mscratch,0	 x27=0x00000009
         119219	      5859	80003b64	00467f63	bgeu	x12,x4,80003b82	 x12:0xd919cb58  x4:0x02000879
         119959	      5896	80003b82	689d	c.lui	x17,0x7	 x17=0x00007000
         119979	      5897	80003b84	41a78a33	sub	x20,x15,x26	 x15:0x00000000 x26:0x00007000 x20=0xffff9000
         120079	      5902	80003b88	34046273	csrrsi	x4,mscratch,8	  x4=0x00000009
         120139	      5905	80003b8c	021d3d33	mulhu	x26,x26,x1	 x26:0x00007000  x1:0x00000190 x26=0x00000000
         120159	      5906	80003b90	ea44bf93	sltiu	x31,x9,-348	  x9:0x00000190 x31=0x00000001
         120199	      5908	80003b94	0001	c.addi	x0,0	  x0:0x00000000  x0=0x00000000
         120219	      5909	80003b96	3898f293	andi	x5,x17,905	 x17:0x00007000  x5=0x00000000
         120319	      5914	80003b9a	004851b3	srl	x3,x16,x4	 x16:0x00000000  x4:0x00000009  x3=0x00000000
         120459	      5921	80003b9e	b5216617	auipc	x12,0xb5216	 x12=0x35219b9e
         120479	      5922	80003ba2	00403333	sltu	x6,x0,x4	  x0:0x00000000  x4:0x00000009  x6=0x00000001
         120499	      5923	80003ba6	5efd	c.li	x29,-1	 x29=0xffffffff
         120519	      5924	80003ba8	8e31	c.xor	x12,x12	 x12:0x35219b9e x12:0x35219b9e x12=0x00000000
         120539	      5925	80003baa	022ac763	blt	x21,x2,80003bd8	 x21:0x00000000  x2:0x00000000
         120559	      5926	80003bae	34006273	csrrsi	x4,mscratch,0	  x4=0x00000009
         120759	      5936	80003bb2	e32c7393	andi	x7,x24,-462	 x24:0x0000005a  x7=0x00000012
         120779	      5937	80003bb6	3403b273	csrrc	x4,mscratch,x7	  x7:0x00000012  x4=0x00000009
         120799	      5938	80003bba	34057973	csrrci	x18,mscratch,10	 x18=0x00000009
         121219	      5959	80003bbe	41cc0633	sub	x12,x24,x28	 x24:0x0000005a x28:0x00000000 x12=0x0000005a
         121239	      5960	80003bc2	8c8d	c.sub	x9,x11	  x9:0x00000190 x11:0x000001a7  x9=0xffffffe9
         121579	      5977	80003bc4	03ac9c33	mulh	x24,x25,x26	 x25:0x00000003 x26:0x00000000 x24=0x00000000
         121599	      5978	80003bc8	3401bc73	csrrc	x24,mscratch,x3	  x3:0x00000000 x24=0x00000001
         121619	      5979	80003bcc	ac662e13	slti	x28,x12,-1338	 x12:0x0000005a x28=0x00000000
         121739	      5985	80003bd0	019d1e63	bne	x26,x25,80003bec	 x26:0x00000000 x25:0x00000003
         122339	      6015	80003bec	8291	c.srli	x13,0x4	 x13:0x00000000 x13=0x00000000
         122459	      6021	80003bee	340f2ef3	csrrs	x29,mscratch,x30	 x30:0x00000000 x29=0x00000001
         122479	      6022	80003bf2	6151	c.addi16sp	x2,272	  x2:0x00000000  x2=0x00000110
         122879	      6042	80003bf4	340425f3	csrrs	x11,mscratch,x8	  x8:0x80025ce4 x11=0x00000001
         122899	      6043	80003bf8	0001	c.addi	x0,0	  x0:0x00000000  x0=0x00000000
         123039	      6050	80003bfa	414dd833	sra	x16,x27,x20	 x27:0x00000009 x20:0xffff9000 x16=0x00000009
         123359	      6066	80003bfe	01f7b4b3	sltu	x9,x15,x31	 x15:0x00000000 x31:0x00000001  x9=0x00000001
         123379	      6067	80003c02	0d21	c.addi	x26,8	 x26:0x00000000 x26=0x00000008
         123399	      6068	80003c04	34006e73	csrrsi	x28,mscratch,0	 x28=0x80025ce5
         123419	      6069	80003c08	17fd	c.addi	x15,-1	 x15:0x00000000 x15=0xffffffff
         123439	      6070	80003c0a	0000100f	fence.i	
         123839	      6090	80003c0e	6d29	c.lui	x26,0xa	 x26=0x0000a000
         123859	      6091	80003c10	5d6dafb7	lui	x31,0x5d6da	 x31=0x5d6da000
         123879	      6092	80003c14	0000100f	fence.i	
         124119	      6104	80003c18	00331e13	slli	x28,x6,0x3	  x6:0x00000001 x28=0x00000008
         124499	      6123	80003c1c	010ecc63	blt	x29,x16,80003c34	 x29:0x00000001 x16:0x00000009
         125359	      6166	80003c34	8f35	c.xor	x14,x13	 x14:0x00000003 x13:0x00000000 x14=0x00000003
         125779	      6187	80003c36	34051f73	csrrw	x30,mscratch,x10	 x10:0x80021e64 x30=0x80025ce5
         125859	      6191	80003c3a	000692b3	sll	x5,x13,x0	 x13:0x00000000  x0:0x00000000  x5=0x00000000
         126999	      6248	80003c3e	02be7f33	remu	x30,x28,x11	 x28:0x00000008 x11:0x00000001 x30=0x00000000
         127019	      6249	80003c42	deeb7ab7	lui	x21,0xdeeb7	 x21=0xdeeb7000
         127039	      6250	80003c46	97658a13	addi	x20,x11,-1674	 x11:0x00000001 x20=0xfffff977
         127059	      6251	80003c4a	340036f3	csrrc	x13,mscratch,x0	  x0:0x00000000 x13=0x80021e64
         127119	      6254	80003c4e	3402d6f3	csrrwi	x13,mscratch,5	 x13=0x80021e64
         127859	      6291	80003c52	02d74bb3	div	x23,x14,x13	 x14:0x00000003 x13:0x80021e64 x23=0x00000000
         127879	      6292	80003c56	408604b3	sub	x9,x12,x8	 x12:0x0000005a  x8:0x80025ce4  x9=0x7ffda376
         127899	      6293	80003c5a	419e8833	sub	x16,x29,x25	 x29:0x00000001 x25:0x00000003 x16=0xfffffffe
         127919	      6294	80003c5e	0001	c.addi	x0,0	  x0:0x00000000  x0=0x00000000
         127939	      6295	80003c60	02bee063	bltu	x29,x11,80003c80	 x29:0x00000001 x11:0x00000001
         127979	      6297	80003c64	03613eb3	mulhu	x29,x2,x22	  x2:0x00000110 x22:0x80000000 x29=0x00000088
         127999	      6298	80003c68	47dd	c.li	x15,23	 x15=0x00000017
         128019	      6299	80003c6a	03c408b3	mul	x17,x8,x28	  x8:0x80025ce4 x28:0x00000008 x17=0x0012e720
         128039	      6300	80003c6e	01607633	and	x12,x0,x22	  x0:0x00000000 x22:0x80000000 x12=0x00000000
         128059	      6301	80003c72	8fed	c.and	x15,x11	 x15:0x00000017 x11:0x00000001 x15=0x00000001
         128299	      6313	80003c74	40440633	sub	x12,x8,x4	  x8:0x80025ce4  x4:0x00000009 x12=0x80025cdb
         128719	      6334	80003c78	0085ce63	blt	x11,x8,80003c94	 x11:0x00000001  x8:0x80025ce4
         129459	      6371	80003c7c	024a6eb3	rem	x29,x20,x4	 x20:0xfffff977  x4:0x00000009 x29=0xfffffff8
         129479	      6372	80003c80	c2d11997	auipc	x19,0xc2d11	 x19=0x42d14c80
         129499	      6373	80003c84	005d9e33	sll	x28,x27,x5	 x27:0x00000009  x5:0x00000000 x28=0x00000009
         129539	      6375	80003c88	023ddab3	divu	x21,x27,x3	 x27:0x00000009  x3:0x00000000 x21=0xffffffff
         129559	      6376	80003c8c	002cf463	bgeu	x25,x2,80003c94	 x25:0x00000003  x2:0x00000110
         129579	      6377	80003c90	0001	c.addi	x0,0	  x0:0x00000000  x0=0x00000000
         129599	      6378	80003c92	9bfd	c.andi	x15,-1	 x15:0x00000001 x15=0x00000001
         129619	      6379	80003c94	8fb9	c.xor	x15,x14	 x15:0x00000001 x14:0x00000003 x15=0x00000002
         130359	      6416	80003c96	03ff6333	rem	x6,x30,x31	 x30:0x00000000 x31:0x5d6da000  x6=0x00000000
         130379	      6417	80003c9a	6e95	c.lui	x29,0x5	 x29=0x00005000
         130399	      6418	80003c9c	028b6e63	bltu	x22,x8,80003cd8	 x22:0x80000000  x8:0x80025ce4
         130879	      6442	80003cd8	3bcbec13	ori	x24,x23,956	 x23:0x00000000 x24=0x000003bc
         131299	      6463	80003cdc	4cdb8393	addi	x7,x23,1229	 x23:0x00000000  x7=0x000004cd
         131319	      6464	80003ce0	8c89	c.sub	x9,x10	  x9:0x7ffda376 x10:0x80021e64  x9=0xfffb8512
         131479	      6472	80003ce2	34006ef3	csrrsi	x29,mscratch,0	 x29=0x00000005
         131499	      6473	80003ce6	016b65b3	or	x11,x22,x22	 x22:0x80000000 x22:0x80000000 x11=0x80000000
         131519	      6474	80003cea	c0a1	c.beqz	x9,80003d2a	  x9:0xfffb8512
         131539	      6475	80003cec	00bd0863	beq	x26,x11,80003cfc	 x26:0x0000a000 x11:0x80000000
         131559	      6476	80003cf0	006bd3b3	srl	x7,x23,x6	 x23:0x00000000  x6:0x00000000  x7=0x00000000
         131579	      6477	80003cf4	f4b27d17	auipc	x26,0xf4b27	 x26=0x74b2acf4
         131719	      6484	80003cf8	00d8fb63	bgeu	x17,x13,80003d0e	 x17:0x0012e720 x13:0x80021e64
         131739	      6485	80003cfc	01ca0763	beq	x20,x28,80003d0a	 x20:0xfffff977 x28:0x00000009
         131759	      6486	80003d00	8a09	c.andi	x12,2	 x12:0x80025cdb x12=0x00000002
         131779	      6487	80003d02	06b86113	ori	x2,x16,107	 x16:0xfffffffe  x2=0xffffffff
         132199	      6508	80003d06	bab72213	slti	x4,x14,-1109	 x14:0x00000003  x4=0x00000000
         132619	      6529	80003d0a	036cc263	blt	x25,x22,80003d2e	 x25:0x00000003 x22:0x80000000
         133039	      6550	80003d0e	340d9af3	csrrw	x21,mscratch,x27	 x27:0x00000009 x21=0x00000005
         133059	      6551	80003d12	0ff0000f	fence	iorw,iorw	
         133079	      6552	80003d16	34006e73	csrrsi	x28,mscratch,0	 x28=0x00000009
         133099	      6553	80003d1a	f6f17a13	andi	x20,x2,-145	  x2:0xffffffff x20=0xffffff6f
         133239	      6560	80003d1e	02ae0ab3	mul	x21,x28,x10	 x28:0x00000009 x10:0x80021e64 x21=0x80131184
         133259	      6561	80003d22	00dc1893	slli	x17,x24,0xd	 x24:0x000003bc x17=0x00778000
         133559	      6576	80003d26	7ad4c593	xori	x11,x9,1965	  x9:0xfffb8512 x11=0xfffb82bf
         133679	      6582	80003d2a	0000100f	fence.i	
         134839	      6640	80003d2e	340952f3	csrrwi	x5,mscratch,18	  x5=0x00000009
         134859	      6641	80003d32	090c	c.addi4spn	x11,x2,144	 x11=0x0000008f
         134879	      6642	80003d34	002ba733	slt	x14,x23,x2	 x23:0x00000000  x2:0xffffffff x14=0x00000000
         135619	      6679	80003d38	03b8fa33	remu	x20,x17,x27	 x17:0x00778000 x27:0x00000009 x20=0x00000004
         135639	      6680	80003d3c	ffffcb17	auipc	x22,0xffffc	 x22=0x7ffffd3c
         135659	      6681	80003d40	644b0b13	addi	x22,x22,1604	 x22:0x7ffffd3c x22=0x80000380
         135819	      6689	80003d44	000b0067	jalr	x0,0(x22)	 x22:0x80000380  x0=0x00000000
         136239	      6710	80000380	90000637	lui	x12,0x90000	 x12=0x90000000
         136459	      6721	80000384	1661	c.addi	x12,-8	 x12:0x90000000 x12=0x8ffffff8
         136479	      6722	80000386	4901	c.li	x18,0	 x18=0x00000000
         136499	      6723	80000388	0922	c.slli	x18,0x8	 x18:0x00000000 x18=0x00000000
         136519	      6724	8000038a	0905	c.addi	x18,1	 x18:0x00000000 x18=0x00000001
         136999	      6748	8000038c	01262023	sw	x18,0(x12)	 x12:0x8ffffff8 x18:0x00000001 PA:0x8ffffff8 store:0x00000001
         137019	      6749	80000390	00000073	ecall	
         155079	      7652	80002500	0800006f	jal	x0,80002580	  x0=0x00000000
         155379	      7667	80002580	1471	c.addi	x8,-4	  x8:0x80025ce4  x8=0x80025ce0
         155559	      7676	80002582	c008	c.sw	x10,0(x8)	  x8:0x80025ce0 x10:0x80021e64 PA:0x80025ce0 store:0x80021e64
         155579	      7677	80002584	00040533	add	x10,x8,x0	  x8:0x80025ce0  x0:0x00000000 x10=0x80025ce0
         155599	      7678	80002588	f8050513	addi	x10,x10,-128	 x10:0x80025ce0 x10=0x80025c60
         155659	      7681	8000258c	00152223	sw	x1,4(x10)	 x10:0x80025c60  x1:0x00000190 PA:0x80025c64 store:0x00000190
         155719	      7684	80002590	00252423	sw	x2,8(x10)	 x10:0x80025c60  x2:0xffffffff PA:0x80025c68 store:0xffffffff
         155739	      7685	80002594	00352623	sw	x3,12(x10)	 x10:0x80025c60  x3:0x00000000 PA:0x80025c6c store:0x00000000
         156279	      7712	80002598	00452823	sw	x4,16(x10)	 x10:0x80025c60  x4:0x00000000 PA:0x80025c70 store:0x00000000
         156599	      7728	8000259c	00552a23	sw	x5,20(x10)	 x10:0x80025c60  x5:0x00000009 PA:0x80025c74 store:0x00000009
         157059	      7751	800025a0	00652c23	sw	x6,24(x10)	 x10:0x80025c60  x6:0x00000000 PA:0x80025c78 store:0x00000000
         157319	      7764	800025a4	00752e23	sw	x7,28(x10)	 x10:0x80025c60  x7:0x00000000 PA:0x80025c7c store:0x00000000
         157599	      7778	800025a8	d100	c.sw	x8,32(x10)	 x10:0x80025c60  x8:0x80025ce0 PA:0x80025c80 store:0x80025ce0
         158239	      7810	800025aa	d144	c.sw	x9,36(x10)	 x10:0x80025c60  x9:0xfffb8512 PA:0x80025c84 store:0xfffb8512
         158699	      7833	800025ac	d508	c.sw	x10,40(x10)	 x10:0x80025c60 x10:0x80025c60 PA:0x80025c88 store:0x80025c60
         159159	      7856	800025ae	d54c	c.sw	x11,44(x10)	 x10:0x80025c60 x11:0x0000008f PA:0x80025c8c store:0x0000008f
         159219	      7859	800025b0	d910	c.sw	x12,48(x10)	 x10:0x80025c60 x12:0x8ffffff8 PA:0x80025c90 store:0x8ffffff8
         159339	      7865	800025b2	d954	c.sw	x13,52(x10)	 x10:0x80025c60 x13:0x80021e64 PA:0x80025c94 store:0x80021e64
         159419	      7869	800025b4	dd18	c.sw	x14,56(x10)	 x10:0x80025c60 x14:0x00000000 PA:0x80025c98 store:0x00000000
         159499	      7873	800025b6	dd5c	c.sw	x15,60(x10)	 x10:0x80025c60 x15:0x00000002 PA:0x80025c9c store:0x00000002
         159559	      7876	800025b8	05052023	sw	x16,64(x10)	 x10:0x80025c60 x16:0xfffffffe PA:0x80025ca0 store:0xfffffffe
         159739	      7885	800025bc	05152223	sw	x17,68(x10)	 x10:0x80025c60 x17:0x00778000 PA:0x80025ca4 store:0x00778000
         160159	      7906	800025c0	05252423	sw	x18,72(x10)	 x10:0x80025c60 x18:0x00000001 PA:0x80025ca8 store:0x00000001
         160339	      7915	800025c4	05352623	sw	x19,76(x10)	 x10:0x80025c60 x19:0x42d14c80 PA:0x80025cac store:0x42d14c80
         160399	      7918	800025c8	05452823	sw	x20,80(x10)	 x10:0x80025c60 x20:0x00000004 PA:0x80025cb0 store:0x00000004
         160619	      7929	800025cc	05552a23	sw	x21,84(x10)	 x10:0x80025c60 x21:0x80131184 PA:0x80025cb4 store:0x80131184
         160839	      7940	800025d0	05652c23	sw	x22,88(x10)	 x10:0x80025c60 x22:0x80000380 PA:0x80025cb8 store:0x80000380
         160859	      7941	800025d4	05752e23	sw	x23,92(x10)	 x10:0x80025c60 x23:0x00000000 PA:0x80025cbc store:0x00000000
         161199	      7958	800025d8	07852023	sw	x24,96(x10)	 x10:0x80025c60 x24:0x000003bc PA:0x80025cc0 store:0x000003bc
         161339	      7965	800025dc	07952223	sw	x25,100(x10)	 x10:0x80025c60 x25:0x00000003 PA:0x80025cc4 store:0x00000003
         161639	      7980	800025e0	07a52423	sw	x26,104(x10)	 x10:0x80025c60 x26:0x74b2acf4 PA:0x80025cc8 store:0x74b2acf4
         161899	      7993	800025e4	07b52623	sw	x27,108(x10)	 x10:0x80025c60 x27:0x00000009 PA:0x80025ccc store:0x00000009
         161919	      7994	800025e8	07c52823	sw	x28,112(x10)	 x10:0x80025c60 x28:0x00000009 PA:0x80025cd0 store:0x00000009
         162079	      8002	800025ec	07d52a23	sw	x29,116(x10)	 x10:0x80025c60 x29:0x00000005 PA:0x80025cd4 store:0x00000005
         162239	      8010	800025f0	07e52c23	sw	x30,120(x10)	 x10:0x80025c60 x30:0x00000000 PA:0x80025cd8 store:0x00000000
         162459	      8021	800025f4	07f52e23	sw	x31,124(x10)	 x10:0x80025c60 x31:0x5d6da000 PA:0x80025cdc store:0x5d6da000
         162479	      8022	800025f8	00050433	add	x8,x10,x0	 x10:0x80025c60  x0:0x00000000  x8=0x80025c60
         162499	      8023	800025fc	90000637	lui	x12,0x90000	 x12=0x90000000
         162519	      8024	80002600	1671	c.addi	x12,-4	 x12:0x90000000 x12=0x8ffffffc
         162539	      8025	80002602	4921	c.li	x18,8	 x18=0x00000008
         162559	      8026	80002604	0922	c.slli	x18,0x8	 x18:0x00000008 x18=0x00000800
         162579	      8027	80002606	00090913	addi	x18,x18,0	 x18:0x00000800 x18=0x00000800
         163159	      8056	8000260a	01262023	sw	x18,0(x12)	 x12:0x8ffffffc x18:0x00000800 PA:0x8ffffffc store:0x00000800
         163179	      8057	8000260e	34102973	csrrs	x18,mepc,x0	  x0:0x00000000 x18=0x80000390
         163199	      8058	80002612	34202973	csrrs	x18,mcause,x0	  x0:0x00000000 x18=0x0000000b
         163219	      8059	80002616	460d	c.li	x12,3	 x12=0x00000003
         163239	      8060	80002618	00c91463	bne	x18,x12,80002620	 x18:0x0000000b x12:0x00000003
         163759	      8086	80002620	4621	c.li	x12,8	 x12=0x00000008
         163919	      8094	80002622	04c90d63	beq	x18,x12,8000267c	 x18:0x0000000b x12:0x00000008
         163939	      8095	80002626	4625	c.li	x12,9	 x12=0x00000009
         163959	      8096	80002628	04c90a63	beq	x18,x12,8000267c	 x18:0x0000000b x12:0x00000009
         164279	      8112	8000262c	462d	c.li	x12,11	 x12=0x0000000b
         164699	      8133	8000262e	04c90763	beq	x18,x12,8000267c	 x18:0x0000000b x12:0x0000000b
         165599	      8178	8000267c	90000637	lui	x12,0x90000	 x12=0x90000000
         165679	      8182	80002680	1671	c.addi	x12,-4	 x12:0x90000000 x12=0x8ffffffc
         165699	      8183	80002682	6905	c.lui	x18,0x1	 x18=0x00001000
         165719	      8184	80002684	b0090913	addi	x18,x18,-1280	 x18:0x00001000 x18=0x00000b00
         166119	      8204	80002688	0922	c.slli	x18,0x8	 x18:0x00000b00 x18=0x000b0000
         166139	      8205	8000268a	090d	c.addi	x18,3	 x18:0x000b0000 x18=0x000b0003
         166499	      8223	8000268c	01262023	sw	x18,0(x12)	 x12:0x8ffffffc x18:0x000b0003 PA:0x8ffffffc store:0x000b0003
         166519	      8224	80002690	b0002973	csrrs	x18,mcycle,x0	  x0:0x00000000 x18=0x0000201d
         166779	      8237	80002694	01262023	sw	x18,0(x12)	 x12:0x8ffffffc x18:0x0000201d PA:0x8ffffffc store:0x0000201d
         166799	      8238	80002698	90000637	lui	x12,0x90000	 x12=0x90000000
         166819	      8239	8000269c	1671	c.addi	x12,-4	 x12:0x90000000 x12=0x8ffffffc
         166839	      8240	8000269e	6905	c.lui	x18,0x1	 x18=0x00001000
         166859	      8241	800026a0	b8090913	addi	x18,x18,-1152	 x18:0x00001000 x18=0x00000b80
         167039	      8250	800026a4	0922	c.slli	x18,0x8	 x18:0x00000b80 x18=0x000b8000
         167059	      8251	800026a6	090d	c.addi	x18,3	 x18:0x000b8000 x18=0x000b8003
         167379	      8267	800026a8	01262023	sw	x18,0(x12)	 x12:0x8ffffffc x18:0x000b8003 PA:0x8ffffffc store:0x000b8003
         167399	      8268	800026ac	b8002973	csrrs	x18,mcycleh,x0	  x0:0x00000000 x18=0x00000000
         167659	      8281	800026b0	01262023	sw	x18,0(x12)	 x12:0x8ffffffc x18:0x00000000 PA:0x8ffffffc store:0x00000000
         167679	      8282	800026b4	90000637	lui	x12,0x90000	 x12=0x90000000
         167699	      8283	800026b8	1671	c.addi	x12,-4	 x12:0x90000000 x12=0x8ffffffc
         167719	      8284	800026ba	6905	c.lui	x18,0x1	 x18=0x00001000
         167739	      8285	800026bc	b0390913	addi	x18,x18,-1277	 x18:0x00001000 x18=0x00000b03
         167759	      8286	800026c0	0922	c.slli	x18,0x8	 x18:0x00000b03 x18=0x000b0300
         167779	      8287	800026c2	090d	c.addi	x18,3	 x18:0x000b0300 x18=0x000b0303
         168399	      8318	800026c4	01262023	sw	x18,0(x12)	 x12:0x8ffffffc x18:0x000b0303 PA:0x8ffffffc store:0x000b0303
         168419	      8319	800026c8	b0302973	csrrs	x18,mhpmcounter3,x0	  x0:0x00000000 x18=0x00000111
         169079	      8352	800026cc	01262023	sw	x18,0(x12)	 x12:0x8ffffffc x18:0x00000111 PA:0x8ffffffc store:0x00000111
         169099	      8353	800026d0	90000637	lui	x12,0x90000	 x12=0x90000000
         169119	      8354	800026d4	1671	c.addi	x12,-4	 x12:0x90000000 x12=0x8ffffffc
         169139	      8355	800026d6	6905	c.lui	x18,0x1	 x18=0x00001000
         169159	      8356	800026d8	b8390913	addi	x18,x18,-1149	 x18:0x00001000 x18=0x00000b83
         169179	      8357	800026dc	0922	c.slli	x18,0x8	 x18:0x00000b83 x18=0x000b8300
         169199	      8358	800026de	090d	c.addi	x18,3	 x18:0x000b8300 x18=0x000b8303
         169379	      8367	800026e0	01262023	sw	x18,0(x12)	 x12:0x8ffffffc x18:0x000b8303 PA:0x8ffffffc store:0x000b8303
         169399	      8368	800026e4	b8302973	csrrs	x18,mhpmcounter3h,x0	  x0:0x00000000 x18=0x00000000
         169459	      8371	800026e8	01262023	sw	x18,0(x12)	 x12:0x8ffffffc x18:0x00000000 PA:0x8ffffffc store:0x00000000
         169479	      8372	800026ec	90000637	lui	x12,0x90000	 x12=0x90000000
         169499	      8373	800026f0	1671	c.addi	x12,-4	 x12:0x90000000 x12=0x8ffffffc
         169519	      8374	800026f2	6905	c.lui	x18,0x1	 x18=0x00001000
         169599	      8378	800026f4	b0490913	addi	x18,x18,-1276	 x18:0x00001000 x18=0x00000b04
         170019	      8399	800026f8	0922	c.slli	x18,0x8	 x18:0x00000b04 x18=0x000b0400
         170039	      8400	800026fa	090d	c.addi	x18,3	 x18:0x000b0400 x18=0x000b0403
         170299	      8413	800026fc	01262023	sw	x18,0(x12)	 x12:0x8ffffffc x18:0x000b0403 PA:0x8ffffffc store:0x000b0403
         170499	      8423	80002700	b0402973	csrrs	x18,mhpmcounter4,x0	  x0:0x00000000 x18=0x00000f5c
         170559	      8426	80002704	01262023	sw	x18,0(x12)	 x12:0x8ffffffc x18:0x00000f5c PA:0x8ffffffc store:0x00000f5c
         170939	      8445	80002708	90000637	lui	x12,0x90000	 x12=0x90000000
         171359	      8466	8000270c	1671	c.addi	x12,-4	 x12:0x90000000 x12=0x8ffffffc
         171379	      8467	8000270e	6905	c.lui	x18,0x1	 x18=0x00001000
         171779	      8487	80002710	b8490913	addi	x18,x18,-1148	 x18:0x00001000 x18=0x00000b84
         171859	      8491	80002714	0922	c.slli	x18,0x8	 x18:0x00000b84 x18=0x000b8400
         171879	      8492	80002716	090d	c.addi	x18,3	 x18:0x000b8400 x18=0x000b8403
         171939	      8495	80002718	01262023	sw	x18,0(x12)	 x12:0x8ffffffc x18:0x000b8403 PA:0x8ffffffc store:0x000b8403
         172059	      8501	8000271c	b8402973	csrrs	x18,mhpmcounter4h,x0	  x0:0x00000000 x18=0x00000000
         172519	      8524	80002720	01262023	sw	x18,0(x12)	 x12:0x8ffffffc x18:0x00000000 PA:0x8ffffffc store:0x00000000
         172539	      8525	80002724	90000637	lui	x12,0x90000	 x12=0x90000000
         172939	      8545	80002728	1671	c.addi	x12,-4	 x12:0x90000000 x12=0x8ffffffc
         172959	      8546	8000272a	6905	c.lui	x18,0x1	 x18=0x00001000
         172979	      8547	8000272c	b0590913	addi	x18,x18,-1275	 x18:0x00001000 x18=0x00000b05
         173059	      8551	80002730	0922	c.slli	x18,0x8	 x18:0x00000b05 x18=0x000b0500
         173079	      8552	80002732	090d	c.addi	x18,3	 x18:0x000b0500 x18=0x000b0503
         173759	      8586	80002734	01262023	sw	x18,0(x12)	 x12:0x8ffffffc x18:0x000b0503 PA:0x8ffffffc store:0x000b0503
         173779	      8587	80002738	b0502973	csrrs	x18,mhpmcounter5,x0	  x0:0x00000000 x18=0x00000000
         174019	      8599	8000273c	01262023	sw	x18,0(x12)	 x12:0x8ffffffc x18:0x00000000 PA:0x8ffffffc store:0x00000000
         174039	      8600	80002740	90000637	lui	x12,0x90000	 x12=0x90000000
         174059	      8601	80002744	1671	c.addi	x12,-4	 x12:0x90000000 x12=0x8ffffffc
         174079	      8602	80002746	6905	c.lui	x18,0x1	 x18=0x00001000
         174099	      8603	80002748	b8590913	addi	x18,x18,-1147	 x18:0x00001000 x18=0x00000b85
         174119	      8604	8000274c	0922	c.slli	x18,0x8	 x18:0x00000b85 x18=0x000b8500
         174139	      8605	8000274e	090d	c.addi	x18,3	 x18:0x000b8500 x18=0x000b8503
         174199	      8608	80002750	01262023	sw	x18,0(x12)	 x12:0x8ffffffc x18:0x000b8503 PA:0x8ffffffc store:0x000b8503
         174379	      8617	80002754	b8502973	csrrs	x18,mhpmcounter5h,x0	  x0:0x00000000 x18=0x00000000
         174639	      8630	80002758	01262023	sw	x18,0(x12)	 x12:0x8ffffffc x18:0x00000000 PA:0x8ffffffc store:0x00000000
         174659	      8631	8000275c	90000637	lui	x12,0x90000	 x12=0x90000000
         174679	      8632	80002760	1671	c.addi	x12,-4	 x12:0x90000000 x12=0x8ffffffc
         174699	      8633	80002762	6905	c.lui	x18,0x1	 x18=0x00001000
         174719	      8634	80002764	b0690913	addi	x18,x18,-1274	 x18:0x00001000 x18=0x00000b06
         174739	      8635	80002768	0922	c.slli	x18,0x8	 x18:0x00000b06 x18=0x000b0600
         174759	      8636	8000276a	090d	c.addi	x18,3	 x18:0x000b0600 x18=0x000b0603
         175179	      8657	8000276c	01262023	sw	x18,0(x12)	 x12:0x8ffffffc x18:0x000b0603 PA:0x8ffffffc store:0x000b0603
         175199	      8658	80002770	b0602973	csrrs	x18,mhpmcounter6,x0	  x0:0x00000000 x18=0x00000038
         176179	      8707	80002774	01262023	sw	x18,0(x12)	 x12:0x8ffffffc x18:0x00000038 PA:0x8ffffffc store:0x00000038
         176199	      8708	80002778	90000637	lui	x12,0x90000	 x12=0x90000000
         176219	      8709	8000277c	1671	c.addi	x12,-4	 x12:0x90000000 x12=0x8ffffffc
         176239	      8710	8000277e	6905	c.lui	x18,0x1	 x18=0x00001000
         176459	      8721	80002780	b8690913	addi	x18,x18,-1146	 x18:0x00001000 x18=0x00000b86
         176479	      8722	80002784	0922	c.slli	x18,0x8	 x18:0x00000b86 x18=0x000b8600
         176499	      8723	80002786	090d	c.addi	x18,3	 x18:0x000b8600 x18=0x000b8603
         176919	      8744	80002788	01262023	sw	x18,0(x12)	 x12:0x8ffffffc x18:0x000b8603 PA:0x8ffffffc store:0x000b8603
         176979	      8747	8000278c	b8602973	csrrs	x18,mhpmcounter6h,x0	  x0:0x00000000 x18=0x00000000
         177219	      8759	80002790	01262023	sw	x18,0(x12)	 x12:0x8ffffffc x18:0x00000000 PA:0x8ffffffc store:0x00000000
         177419	      8769	80002794	90000637	lui	x12,0x90000	 x12=0x90000000
         177439	      8770	80002798	1671	c.addi	x12,-4	 x12:0x90000000 x12=0x8ffffffc
         177459	      8771	8000279a	6905	c.lui	x18,0x1	 x18=0x00001000
         177859	      8791	8000279c	b0790913	addi	x18,x18,-1273	 x18:0x00001000 x18=0x00000b07
         177879	      8792	800027a0	0922	c.slli	x18,0x8	 x18:0x00000b07 x18=0x000b0700
         177899	      8793	800027a2	090d	c.addi	x18,3	 x18:0x000b0700 x18=0x000b0703
         178479	      8822	800027a4	01262023	sw	x18,0(x12)	 x12:0x8ffffffc x18:0x000b0703 PA:0x8ffffffc store:0x000b0703
         178499	      8823	800027a8	b0702973	csrrs	x18,mhpmcounter7,x0	  x0:0x00000000 x18=0x0000000a
         178679	      8832	800027ac	01262023	sw	x18,0(x12)	 x12:0x8ffffffc x18:0x0000000a PA:0x8ffffffc store:0x0000000a
         178699	      8833	800027b0	90000637	lui	x12,0x90000	 x12=0x90000000
         178719	      8834	800027b4	1671	c.addi	x12,-4	 x12:0x90000000 x12=0x8ffffffc
         178739	      8835	800027b6	6905	c.lui	x18,0x1	 x18=0x00001000
         178899	      8843	800027b8	b8790913	addi	x18,x18,-1145	 x18:0x00001000 x18=0x00000b87
         178979	      8847	800027bc	0922	c.slli	x18,0x8	 x18:0x00000b87 x18=0x000b8700
         178999	      8848	800027be	090d	c.addi	x18,3	 x18:0x000b8700 x18=0x000b8703
         179659	      8881	800027c0	01262023	sw	x18,0(x12)	 x12:0x8ffffffc x18:0x000b8703 PA:0x8ffffffc store:0x000b8703
         179679	      8882	800027c4	b8702973	csrrs	x18,mhpmcounter7h,x0	  x0:0x00000000 x18=0x00000000
         179739	      8885	800027c8	01262023	sw	x18,0(x12)	 x12:0x8ffffffc x18:0x00000000 PA:0x8ffffffc store:0x00000000
         179759	      8886	800027cc	90000637	lui	x12,0x90000	 x12=0x90000000
         179779	      8887	800027d0	1671	c.addi	x12,-4	 x12:0x90000000 x12=0x8ffffffc
         179799	      8888	800027d2	6905	c.lui	x18,0x1	 x18=0x00001000
         179819	      8889	800027d4	b0890913	addi	x18,x18,-1272	 x18:0x00001000 x18=0x00000b08
         179839	      8890	800027d8	0922	c.slli	x18,0x8	 x18:0x00000b08 x18=0x000b0800
         179859	      8891	800027da	090d	c.addi	x18,3	 x18:0x000b0800 x18=0x000b0803
         179919	      8894	800027dc	01262023	sw	x18,0(x12)	 x12:0x8ffffffc x18:0x000b0803 PA:0x8ffffffc store:0x000b0803
         179939	      8895	800027e0	b0802973	csrrs	x18,mhpmcounter8,x0	  x0:0x00000000 x18=0x00000048
         179959	      8896	800027e4	01262023	sw	x18,0(x12)	 x12:0x8ffffffc x18:0x00000048 PA:0x8ffffffc store:0x00000048
         180119	      8904	800027e8	90000637	lui	x12,0x90000	 x12=0x90000000
         180259	      8911	800027ec	1671	c.addi	x12,-4	 x12:0x90000000 x12=0x8ffffffc
         180279	      8912	800027ee	6905	c.lui	x18,0x1	 x18=0x00001000
         180679	      8932	800027f0	b8890913	addi	x18,x18,-1144	 x18:0x00001000 x18=0x00000b88
         180839	      8940	800027f4	0922	c.slli	x18,0x8	 x18:0x00000b88 x18=0x000b8800
         180859	      8941	800027f6	090d	c.addi	x18,3	 x18:0x000b8800 x18=0x000b8803
         181099	      8953	800027f8	01262023	sw	x18,0(x12)	 x12:0x8ffffffc x18:0x000b8803 PA:0x8ffffffc store:0x000b8803
         181119	      8954	800027fc	b8802973	csrrs	x18,mhpmcounter8h,x0	  x0:0x00000000 x18=0x00000000
         181239	      8960	80002800	01262023	sw	x18,0(x12)	 x12:0x8ffffffc x18:0x00000000 PA:0x8ffffffc store:0x00000000
         181319	      8964	80002804	90000637	lui	x12,0x90000	 x12=0x90000000
         181739	      8985	80002808	1671	c.addi	x12,-4	 x12:0x90000000 x12=0x8ffffffc
         181759	      8986	8000280a	6905	c.lui	x18,0x1	 x18=0x00001000
         182159	      9006	8000280c	b0990913	addi	x18,x18,-1271	 x18:0x00001000 x18=0x00000b09
         182359	      9016	80002810	0922	c.slli	x18,0x8	 x18:0x00000b09 x18=0x000b0900
         182379	      9017	80002812	090d	c.addi	x18,3	 x18:0x000b0900 x18=0x000b0903
         182639	      9030	80002814	01262023	sw	x18,0(x12)	 x12:0x8ffffffc x18:0x000b0903 PA:0x8ffffffc store:0x000b0903
         182659	      9031	80002818	b0902973	csrrs	x18,mhpmcounter9,x0	  x0:0x00000000 x18=0x0000001d
         182859	      9041	8000281c	01262023	sw	x18,0(x12)	 x12:0x8ffffffc x18:0x0000001d PA:0x8ffffffc store:0x0000001d
         182879	      9042	80002820	90000637	lui	x12,0x90000	 x12=0x90000000
         182899	      9043	80002824	1671	c.addi	x12,-4	 x12:0x90000000 x12=0x8ffffffc
         182919	      9044	80002826	6905	c.lui	x18,0x1	 x18=0x00001000
         182939	      9045	80002828	b8990913	addi	x18,x18,-1143	 x18:0x00001000 x18=0x00000b89
         182959	      9046	8000282c	0922	c.slli	x18,0x8	 x18:0x00000b89 x18=0x000b8900
         182979	      9047	8000282e	090d	c.addi	x18,3	 x18:0x000b8900 x18=0x000b8903
         183279	      9062	80002830	01262023	sw	x18,0(x12)	 x12:0x8ffffffc x18:0x000b8903 PA:0x8ffffffc store:0x000b8903
         183299	      9063	80002834	b8902973	csrrs	x18,mhpmcounter9h,x0	  x0:0x00000000 x18=0x00000000
         183319	      9064	80002838	01262023	sw	x18,0(x12)	 x12:0x8ffffffc x18:0x00000000 PA:0x8ffffffc store:0x00000000
         183339	      9065	8000283c	90000637	lui	x12,0x90000	 x12=0x90000000
         183459	      9071	80002840	1671	c.addi	x12,-4	 x12:0x90000000 x12=0x8ffffffc
         183479	      9072	80002842	6905	c.lui	x18,0x1	 x18=0x00001000
         183499	      9073	80002844	b0a90913	addi	x18,x18,-1270	 x18:0x00001000 x18=0x00000b0a
         183519	      9074	80002848	0922	c.slli	x18,0x8	 x18:0x00000b0a x18=0x000b0a00
         183539	      9075	8000284a	090d	c.addi	x18,3	 x18:0x000b0a00 x18=0x000b0a03
         183659	      9081	8000284c	01262023	sw	x18,0(x12)	 x12:0x8ffffffc x18:0x000b0a03 PA:0x8ffffffc store:0x000b0a03
         183679	      9082	80002850	b0a02973	csrrs	x18,mhpmcounter10,x0	  x0:0x00000000 x18=0x00000114
         184019	      9099	80002854	01262023	sw	x18,0(x12)	 x12:0x8ffffffc x18:0x00000114 PA:0x8ffffffc store:0x00000114
         184219	      9109	80002858	90000637	lui	x12,0x90000	 x12=0x90000000
         184419	      9119	8000285c	1671	c.addi	x12,-4	 x12:0x90000000 x12=0x8ffffffc
         184439	      9120	8000285e	6905	c.lui	x18,0x1	 x18=0x00001000
         184459	      9121	80002860	b8a90913	addi	x18,x18,-1142	 x18:0x00001000 x18=0x00000b8a
         184499	      9123	80002864	0922	c.slli	x18,0x8	 x18:0x00000b8a x18=0x000b8a00
         184519	      9124	80002866	090d	c.addi	x18,3	 x18:0x000b8a00 x18=0x000b8a03
         184659	      9131	80002868	01262023	sw	x18,0(x12)	 x12:0x8ffffffc x18:0x000b8a03 PA:0x8ffffffc store:0x000b8a03
         184999	      9148	8000286c	b8a02973	csrrs	x18,mhpmcounter10h,x0	  x0:0x00000000 x18=0x00000000
         185099	      9153	80002870	01262023	sw	x18,0(x12)	 x12:0x8ffffffc x18:0x00000000 PA:0x8ffffffc store:0x00000000
         185119	      9154	80002874	90000637	lui	x12,0x90000	 x12=0x90000000
         185139	      9155	80002878	1671	c.addi	x12,-4	 x12:0x90000000 x12=0x8ffffffc
         185159	      9156	8000287a	6905	c.lui	x18,0x1	 x18=0x00001000
         185179	      9157	8000287c	b0b90913	addi	x18,x18,-1269	 x18:0x00001000 x18=0x00000b0b
         185459	      9171	80002880	0922	c.slli	x18,0x8	 x18:0x00000b0b x18=0x000b0b00
         185479	      9172	80002882	090d	c.addi	x18,3	 x18:0x000b0b00 x18=0x000b0b03
         185539	      9175	80002884	01262023	sw	x18,0(x12)	 x12:0x8ffffffc x18:0x000b0b03 PA:0x8ffffffc store:0x000b0b03
         185559	      9176	80002888	b0b02973	csrrs	x18,mhpmcounter11,x0	  x0:0x00000000 x18=0x00000015
         185579	      9177	8000288c	01262023	sw	x18,0(x12)	 x12:0x8ffffffc x18:0x00000015 PA:0x8ffffffc store:0x00000015
         185599	      9178	80002890	90000637	lui	x12,0x90000	 x12=0x90000000
         185819	      9189	80002894	1671	c.addi	x12,-4	 x12:0x90000000 x12=0x8ffffffc
         185839	      9190	80002896	6905	c.lui	x18,0x1	 x18=0x00001000
         186019	      9199	80002898	b8b90913	addi	x18,x18,-1141	 x18:0x00001000 x18=0x00000b8b
         186039	      9200	8000289c	0922	c.slli	x18,0x8	 x18:0x00000b8b x18=0x000b8b00
         186059	      9201	8000289e	090d	c.addi	x18,3	 x18:0x000b8b00 x18=0x000b8b03
         186319	      9214	800028a0	01262023	sw	x18,0(x12)	 x12:0x8ffffffc x18:0x000b8b03 PA:0x8ffffffc store:0x000b8b03
         186339	      9215	800028a4	b8b02973	csrrs	x18,mhpmcounter11h,x0	  x0:0x00000000 x18=0x00000000
         186379	      9217	800028a8	01262023	sw	x18,0(x12)	 x12:0x8ffffffc x18:0x00000000 PA:0x8ffffffc store:0x00000000
         186399	      9218	800028ac	90000637	lui	x12,0x90000	 x12=0x90000000
         186419	      9219	800028b0	1671	c.addi	x12,-4	 x12:0x90000000 x12=0x8ffffffc
         186439	      9220	800028b2	6905	c.lui	x18,0x1	 x18=0x00001000
         186459	      9221	800028b4	b0c90913	addi	x18,x18,-1268	 x18:0x00001000 x18=0x00000b0c
         186479	      9222	800028b8	0922	c.slli	x18,0x8	 x18:0x00000b0c x18=0x000b0c00
         186499	      9223	800028ba	090d	c.addi	x18,3	 x18:0x000b0c00 x18=0x000b0c03
         186679	      9232	800028bc	01262023	sw	x18,0(x12)	 x12:0x8ffffffc x18:0x000b0c03 PA:0x8ffffffc store:0x000b0c03
         186699	      9233	800028c0	b0c02973	csrrs	x18,mhpmcounter12,x0	  x0:0x00000000 x18=0x0000028c
         186719	      9234	800028c4	01262023	sw	x18,0(x12)	 x12:0x8ffffffc x18:0x0000028c PA:0x8ffffffc store:0x0000028c
         186859	      9241	800028c8	90000637	lui	x12,0x90000	 x12=0x90000000
         186879	      9242	800028cc	1671	c.addi	x12,-4	 x12:0x90000000 x12=0x8ffffffc
         186899	      9243	800028ce	6905	c.lui	x18,0x1	 x18=0x00001000
         186919	      9244	800028d0	b8c90913	addi	x18,x18,-1140	 x18:0x00001000 x18=0x00000b8c
         187219	      9259	800028d4	0922	c.slli	x18,0x8	 x18:0x00000b8c x18=0x000b8c00
         187239	      9260	800028d6	090d	c.addi	x18,3	 x18:0x000b8c00 x18=0x000b8c03
         187439	      9270	800028d8	01262023	sw	x18,0(x12)	 x12:0x8ffffffc x18:0x000b8c03 PA:0x8ffffffc store:0x000b8c03
         187459	      9271	800028dc	b8c02973	csrrs	x18,mhpmcounter12h,x0	  x0:0x00000000 x18=0x00000000
         187719	      9284	800028e0	01262023	sw	x18,0(x12)	 x12:0x8ffffffc x18:0x00000000 PA:0x8ffffffc store:0x00000000
         187739	      9285	800028e4	ffffd917	auipc	x18,0xffffd	 x18=0x7ffff8e4
         187759	      9286	800028e8	79c90913	addi	x18,x18,1948	 x18:0x7ffff8e4 x18=0x80000080
