UVM_FATAL /runtime_only_unique_aaaj.sv(1) @ 1: runtime_only_unique_failure_aaaj normalization resistant timing marker
RUNTIME_ONLY_CASE=36 SOURCE_A=benchmark_set_1:4
riscv_debug_basic_test.0 : [FAILED]
RUNTIME_ONLY_COMBINE SOURCE_B=benchmark_set_2:2
riscv_csr_test.0 : [FAILED]
000000000 RUNTIME_ONLY neutral retire case=00036 pc=0x8000126c opcode=addi x4=0x8000126c
000000001 RUNTIME_ONLY neutral retire case=00036 pc=0x80001270 opcode=lw x5=0x80001271
000000002 RUNTIME_ONLY neutral retire case=00036 pc=0x80001274 opcode=sw x6=0x80001276
000000003 RUNTIME_ONLY neutral retire case=00036 pc=0x80001278 opcode=beq x7=0x8000127b
000000004 RUNTIME_ONLY neutral retire case=00036 pc=0x8000127c opcode=csrrw x8=0x80001278
000000005 RUNTIME_ONLY neutral retire case=00036 pc=0x80001280 opcode=xor x9=0x80001285
000000006 RUNTIME_ONLY neutral retire case=00036 pc=0x80001284 opcode=addi x10=0x80001282
000000007 RUNTIME_ONLY neutral retire case=00036 pc=0x80001288 opcode=lw x11=0x8000128f
000000008 RUNTIME_ONLY neutral retire case=00036 pc=0x8000128c opcode=sw x12=0x80001284
000000009 RUNTIME_ONLY neutral retire case=00036 pc=0x80001290 opcode=beq x13=0x80001299
000000010 RUNTIME_ONLY neutral retire case=00036 pc=0x80001294 opcode=csrrw x14=0x8000129e
000000011 RUNTIME_ONLY neutral retire case=00036 pc=0x80001298 opcode=xor x15=0x80001293
000000012 RUNTIME_ONLY neutral retire case=00036 pc=0x8000129c opcode=addi x16=0x80001290
000000013 RUNTIME_ONLY neutral retire case=00036 pc=0x800012a0 opcode=lw x17=0x800012ad
000000014 RUNTIME_ONLY neutral retire case=00036 pc=0x800012a4 opcode=sw x18=0x800012aa
000000015 RUNTIME_ONLY neutral retire case=00036 pc=0x800012a8 opcode=beq x19=0x800012a7
000000016 RUNTIME_ONLY neutral retire case=00036 pc=0x800012ac opcode=csrrw x20=0x800012bc
000000017 RUNTIME_ONLY neutral retire case=00036 pc=0x800012b0 opcode=xor x21=0x800012a1
000000018 RUNTIME_ONLY neutral retire case=00036 pc=0x800012b4 opcode=addi x22=0x800012a6
000000019 RUNTIME_ONLY neutral retire case=00036 pc=0x800012b8 opcode=lw x23=0x800012ab
000000020 RUNTIME_ONLY neutral retire case=00036 pc=0x800012bc opcode=sw x24=0x800012a8
000000021 RUNTIME_ONLY neutral retire case=00036 pc=0x800012c0 opcode=beq x25=0x800012d5
000000022 RUNTIME_ONLY neutral retire case=00036 pc=0x800012c4 opcode=csrrw x26=0x800012d2
000000023 RUNTIME_ONLY neutral retire case=00036 pc=0x800012c8 opcode=xor x27=0x800012df
000000024 RUNTIME_ONLY neutral retire case=00036 pc=0x800012cc opcode=addi x28=0x800012d4
000000025 RUNTIME_ONLY neutral retire case=00036 pc=0x800012d0 opcode=lw x29=0x800012c9
000000026 RUNTIME_ONLY neutral retire case=00036 pc=0x800012d4 opcode=sw x30=0x800012ce
000000027 RUNTIME_ONLY neutral retire case=00036 pc=0x800012d8 opcode=beq x31=0x800012c3
000000028 RUNTIME_ONLY neutral retire case=00036 pc=0x800012dc opcode=csrrw x0=0x800012c0
000000029 RUNTIME_ONLY neutral retire case=00036 pc=0x800012e0 opcode=xor x1=0x800012fd
000000030 RUNTIME_ONLY neutral retire case=00036 pc=0x800012e4 opcode=addi x2=0x800012fa
000000031 RUNTIME_ONLY neutral retire case=00036 pc=0x800012e8 opcode=lw x3=0x800012f7
000000032 RUNTIME_ONLY neutral retire case=00036 pc=0x800012ec opcode=sw x4=0x800012cc
000000033 RUNTIME_ONLY neutral retire case=00036 pc=0x800012f0 opcode=beq x5=0x800012d1
000000034 RUNTIME_ONLY neutral retire case=00036 pc=0x800012f4 opcode=csrrw x6=0x800012d6
000000035 RUNTIME_ONLY neutral retire case=00036 pc=0x800012f8 opcode=xor x7=0x800012db
000000036 RUNTIME_ONLY neutral retire case=00036 pc=0x800012fc opcode=addi x8=0x800012d8
000000037 RUNTIME_ONLY neutral retire case=00036 pc=0x80001300 opcode=lw x9=0x80001325
000000038 RUNTIME_ONLY neutral retire case=00036 pc=0x80001304 opcode=sw x10=0x80001322
000000039 RUNTIME_ONLY neutral retire case=00036 pc=0x80001308 opcode=beq x11=0x8000132f
000000040 RUNTIME_ONLY neutral retire case=00036 pc=0x8000130c opcode=csrrw x12=0x80001324
000000041 RUNTIME_ONLY neutral retire case=00036 pc=0x80001310 opcode=xor x13=0x80001339
000000042 RUNTIME_ONLY neutral retire case=00036 pc=0x80001314 opcode=addi x14=0x8000133e
000000043 RUNTIME_ONLY neutral retire case=00036 pc=0x80001318 opcode=lw x15=0x80001333
000000044 RUNTIME_ONLY neutral retire case=00036 pc=0x8000131c opcode=sw x16=0x80001330
000000045 RUNTIME_ONLY neutral retire case=00036 pc=0x80001320 opcode=beq x17=0x8000130d
000000046 RUNTIME_ONLY neutral retire case=00036 pc=0x80001324 opcode=csrrw x18=0x8000130a
000000047 RUNTIME_ONLY neutral retire case=00036 pc=0x80001328 opcode=xor x19=0x80001307
000000048 RUNTIME_ONLY neutral retire case=00036 pc=0x8000132c opcode=addi x20=0x8000131c
000000049 RUNTIME_ONLY neutral retire case=00036 pc=0x80001330 opcode=lw x21=0x80001301
000000050 RUNTIME_ONLY neutral retire case=00036 pc=0x80001334 opcode=sw x22=0x80001306
000000051 RUNTIME_ONLY neutral retire case=00036 pc=0x80001338 opcode=beq x23=0x8000130b
000000052 RUNTIME_ONLY neutral retire case=00036 pc=0x8000133c opcode=csrrw x24=0x80001308
000000053 RUNTIME_ONLY neutral retire case=00036 pc=0x80001340 opcode=xor x25=0x80001375
000000054 RUNTIME_ONLY neutral retire case=00036 pc=0x80001344 opcode=addi x26=0x80001372
000000055 RUNTIME_ONLY neutral retire case=00036 pc=0x80001348 opcode=lw x27=0x8000137f
000000056 RUNTIME_ONLY neutral retire case=00036 pc=0x8000134c opcode=sw x28=0x80001374
000000057 RUNTIME_ONLY neutral retire case=00036 pc=0x80001350 opcode=beq x29=0x80001369
000000058 RUNTIME_ONLY neutral retire case=00036 pc=0x80001354 opcode=csrrw x30=0x8000136e
000000059 RUNTIME_ONLY neutral retire case=00036 pc=0x80001358 opcode=xor x31=0x80001363
000000060 RUNTIME_ONLY neutral retire case=00036 pc=0x8000135c opcode=addi x0=0x80001360
000000061 RUNTIME_ONLY neutral retire case=00036 pc=0x80001360 opcode=lw x1=0x8000135d
000000062 RUNTIME_ONLY neutral retire case=00036 pc=0x80001364 opcode=sw x2=0x8000135a
000000063 RUNTIME_ONLY neutral retire case=00036 pc=0x80001368 opcode=beq x3=0x80001357
000000064 RUNTIME_ONLY neutral retire case=00036 pc=0x8000136c opcode=csrrw x4=0x8000132c
000000065 RUNTIME_ONLY neutral retire case=00036 pc=0x80001370 opcode=xor x5=0x80001331
000000066 RUNTIME_ONLY neutral retire case=00036 pc=0x80001374 opcode=addi x6=0x80001336
000000067 RUNTIME_ONLY neutral retire case=00036 pc=0x80001378 opcode=lw x7=0x8000133b
000000068 RUNTIME_ONLY neutral retire case=00036 pc=0x8000137c opcode=sw x8=0x80001338
000000069 RUNTIME_ONLY neutral retire case=00036 pc=0x80001380 opcode=beq x9=0x800013c5
000000070 RUNTIME_ONLY neutral retire case=00036 pc=0x80001384 opcode=csrrw x10=0x800013c2
000000071 RUNTIME_ONLY neutral retire case=00036 pc=0x80001388 opcode=xor x11=0x800013cf
000000072 RUNTIME_ONLY neutral retire case=00036 pc=0x8000138c opcode=addi x12=0x800013c4
000000073 RUNTIME_ONLY neutral retire case=00036 pc=0x80001390 opcode=lw x13=0x800013d9
