UVM_FATAL /runtime_only_unique_aaok.sv(1) @ 1: runtime_only_unique_failure_aaok normalization resistant timing marker
RUNTIME_ONLY_CASE=401 SOURCE_A=benchmark_set_2:10
Mismatch[1]:
ibex[74] : pc[8000019c] c.addi x29,6: t4:00000000
RUNTIME_ONLY_COMBINE SOURCE_B=benchmark_set_1:7
riscv_csr_test.0 : [FAILED]
000000000 RUNTIME_ONLY neutral retire case=00401 pc=0x8000cd30 opcode=xor x17=0x8000cd30
000000001 RUNTIME_ONLY neutral retire case=00401 pc=0x8000cd34 opcode=addi x18=0x8000cd35
000000002 RUNTIME_ONLY neutral retire case=00401 pc=0x8000cd38 opcode=lw x19=0x8000cd3a
000000003 RUNTIME_ONLY neutral retire case=00401 pc=0x8000cd3c opcode=sw x20=0x8000cd3f
000000004 RUNTIME_ONLY neutral retire case=00401 pc=0x8000cd40 opcode=beq x21=0x8000cd44
000000005 RUNTIME_ONLY neutral retire case=00401 pc=0x8000cd44 opcode=csrrw x22=0x8000cd41
000000006 RUNTIME_ONLY neutral retire case=00401 pc=0x8000cd48 opcode=xor x23=0x8000cd4e
000000007 RUNTIME_ONLY neutral retire case=00401 pc=0x8000cd4c opcode=addi x24=0x8000cd4b
000000008 RUNTIME_ONLY neutral retire case=00401 pc=0x8000cd50 opcode=lw x25=0x8000cd58
000000009 RUNTIME_ONLY neutral retire case=00401 pc=0x8000cd54 opcode=sw x26=0x8000cd5d
000000010 RUNTIME_ONLY neutral retire case=00401 pc=0x8000cd58 opcode=beq x27=0x8000cd52
000000011 RUNTIME_ONLY neutral retire case=00401 pc=0x8000cd5c opcode=csrrw x28=0x8000cd57
000000012 RUNTIME_ONLY neutral retire case=00401 pc=0x8000cd60 opcode=xor x29=0x8000cd6c
000000013 RUNTIME_ONLY neutral retire case=00401 pc=0x8000cd64 opcode=addi x30=0x8000cd69
000000014 RUNTIME_ONLY neutral retire case=00401 pc=0x8000cd68 opcode=lw x31=0x8000cd66
000000015 RUNTIME_ONLY neutral retire case=00401 pc=0x8000cd6c opcode=sw x0=0x8000cd63
