UVM_FATAL /runtime_only_unique_aabn.sv(1) @ 1: runtime_only_unique_failure_aabn normalization resistant timing marker
RUNTIME_ONLY_CASE=66 SOURCE_A=benchmark_set_1:2
Mismatch[1]:
ibex[88] : pc[8000f8e0] addi x5,x5,-124: t0:80022da0
RUNTIME_ONLY_COMBINE SOURCE_B=benchmark_set_2:17
spike[79] : pc[ffffffff80000240] c.addi s9, 6: s9:00002006
[FAILED]: 77 matched, 4262 mismatch
000000000 RUNTIME_ONLY neutral retire case=00066 pc=0x800021c4 opcode=addi x2=0x800021c4
000000001 RUNTIME_ONLY neutral retire case=00066 pc=0x800021c8 opcode=lw x3=0x800021c9
000000002 RUNTIME_ONLY neutral retire case=00066 pc=0x800021cc opcode=sw x4=0x800021ce
000000003 RUNTIME_ONLY neutral retire case=00066 pc=0x800021d0 opcode=beq x5=0x800021d3
000000004 RUNTIME_ONLY neutral retire case=00066 pc=0x800021d4 opcode=csrrw x6=0x800021d0
000000005 RUNTIME_ONLY neutral retire case=00066 pc=0x800021d8 opcode=xor x7=0x800021dd
000000006 RUNTIME_ONLY neutral retire case=00066 pc=0x800021dc opcode=addi x8=0x800021da
000000007 RUNTIME_ONLY neutral retire case=00066 pc=0x800021e0 opcode=lw x9=0x800021e7
000000008 RUNTIME_ONLY neutral retire case=00066 pc=0x800021e4 opcode=sw x10=0x800021ec
000000009 RUNTIME_ONLY neutral retire case=00066 pc=0x800021e8 opcode=beq x11=0x800021e1
000000010 RUNTIME_ONLY neutral retire case=00066 pc=0x800021ec opcode=csrrw x12=0x800021e6
000000011 RUNTIME_ONLY neutral retire case=00066 pc=0x800021f0 opcode=xor x13=0x800021fb
000000012 RUNTIME_ONLY neutral retire case=00066 pc=0x800021f4 opcode=addi x14=0x800021f8
000000013 RUNTIME_ONLY neutral retire case=00066 pc=0x800021f8 opcode=lw x15=0x800021f5
000000014 RUNTIME_ONLY neutral retire case=00066 pc=0x800021fc opcode=sw x16=0x800021f2
000000015 RUNTIME_ONLY neutral retire case=00066 pc=0x80002200 opcode=beq x17=0x8000220f
000000016 RUNTIME_ONLY neutral retire case=00066 pc=0x80002204 opcode=csrrw x18=0x80002214
000000017 RUNTIME_ONLY neutral retire case=00066 pc=0x80002208 opcode=xor x19=0x80002219
000000018 RUNTIME_ONLY neutral retire case=00066 pc=0x8000220c opcode=addi x20=0x8000221e
000000019 RUNTIME_ONLY neutral retire case=00066 pc=0x80002210 opcode=lw x21=0x80002203
000000020 RUNTIME_ONLY neutral retire case=00066 pc=0x80002214 opcode=sw x22=0x80002200
000000021 RUNTIME_ONLY neutral retire case=00066 pc=0x80002218 opcode=beq x23=0x8000220d
000000022 RUNTIME_ONLY neutral retire case=00066 pc=0x8000221c opcode=csrrw x24=0x8000220a
000000023 RUNTIME_ONLY neutral retire case=00066 pc=0x80002220 opcode=xor x25=0x80002237
000000024 RUNTIME_ONLY neutral retire case=00066 pc=0x80002224 opcode=addi x26=0x8000223c
000000025 RUNTIME_ONLY neutral retire case=00066 pc=0x80002228 opcode=lw x27=0x80002231
000000026 RUNTIME_ONLY neutral retire case=00066 pc=0x8000222c opcode=sw x28=0x80002236
000000027 RUNTIME_ONLY neutral retire case=00066 pc=0x80002230 opcode=beq x29=0x8000222b
000000028 RUNTIME_ONLY neutral retire case=00066 pc=0x80002234 opcode=csrrw x30=0x80002228
000000029 RUNTIME_ONLY neutral retire case=00066 pc=0x80002238 opcode=xor x31=0x80002225
000000030 RUNTIME_ONLY neutral retire case=00066 pc=0x8000223c opcode=addi x0=0x80002222
000000031 RUNTIME_ONLY neutral retire case=00066 pc=0x80002240 opcode=lw x1=0x8000225f
000000032 RUNTIME_ONLY neutral retire case=00066 pc=0x80002244 opcode=sw x2=0x80002264
000000033 RUNTIME_ONLY neutral retire case=00066 pc=0x80002248 opcode=beq x3=0x80002269
000000034 RUNTIME_ONLY neutral retire case=00066 pc=0x8000224c opcode=csrrw x4=0x8000226e
000000035 RUNTIME_ONLY neutral retire case=00066 pc=0x80002250 opcode=xor x5=0x80002273
000000036 RUNTIME_ONLY neutral retire case=00066 pc=0x80002254 opcode=addi x6=0x80002270
000000037 RUNTIME_ONLY neutral retire case=00066 pc=0x80002258 opcode=lw x7=0x8000227d
000000038 RUNTIME_ONLY neutral retire case=00066 pc=0x8000225c opcode=sw x8=0x8000227a
000000039 RUNTIME_ONLY neutral retire case=00066 pc=0x80002260 opcode=beq x9=0x80002247
000000040 RUNTIME_ONLY neutral retire case=00066 pc=0x80002264 opcode=csrrw x10=0x8000224c
000000041 RUNTIME_ONLY neutral retire case=00066 pc=0x80002268 opcode=xor x11=0x80002241
000000042 RUNTIME_ONLY neutral retire case=00066 pc=0x8000226c opcode=addi x12=0x80002246
000000043 RUNTIME_ONLY neutral retire case=00066 pc=0x80002270 opcode=lw x13=0x8000225b
000000044 RUNTIME_ONLY neutral retire case=00066 pc=0x80002274 opcode=sw x14=0x80002258
000000045 RUNTIME_ONLY neutral retire case=00066 pc=0x80002278 opcode=beq x15=0x80002255
000000046 RUNTIME_ONLY neutral retire case=00066 pc=0x8000227c opcode=csrrw x16=0x80002252
000000047 RUNTIME_ONLY neutral retire case=00066 pc=0x80002280 opcode=xor x17=0x800022af
000000048 RUNTIME_ONLY neutral retire case=00066 pc=0x80002284 opcode=addi x18=0x800022b4
000000049 RUNTIME_ONLY neutral retire case=00066 pc=0x80002288 opcode=lw x19=0x800022b9
000000050 RUNTIME_ONLY neutral retire case=00066 pc=0x8000228c opcode=sw x20=0x800022be
000000051 RUNTIME_ONLY neutral retire case=00066 pc=0x80002290 opcode=beq x21=0x800022a3
000000052 RUNTIME_ONLY neutral retire case=00066 pc=0x80002294 opcode=csrrw x22=0x800022a0
000000053 RUNTIME_ONLY neutral retire case=00066 pc=0x80002298 opcode=xor x23=0x800022ad
000000054 RUNTIME_ONLY neutral retire case=00066 pc=0x8000229c opcode=addi x24=0x800022aa
000000055 RUNTIME_ONLY neutral retire case=00066 pc=0x800022a0 opcode=lw x25=0x80002297
000000056 RUNTIME_ONLY neutral retire case=00066 pc=0x800022a4 opcode=sw x26=0x8000229c
000000057 RUNTIME_ONLY neutral retire case=00066 pc=0x800022a8 opcode=beq x27=0x80002291
000000058 RUNTIME_ONLY neutral retire case=00066 pc=0x800022ac opcode=csrrw x28=0x80002296
000000059 RUNTIME_ONLY neutral retire case=00066 pc=0x800022b0 opcode=xor x29=0x8000228b
000000060 RUNTIME_ONLY neutral retire case=00066 pc=0x800022b4 opcode=addi x30=0x80002288
000000061 RUNTIME_ONLY neutral retire case=00066 pc=0x800022b8 opcode=lw x31=0x80002285
000000062 RUNTIME_ONLY neutral retire case=00066 pc=0x800022bc opcode=sw x0=0x80002282
000000063 RUNTIME_ONLY neutral retire case=00066 pc=0x800022c0 opcode=beq x1=0x800022ff
000000064 RUNTIME_ONLY neutral retire case=00066 pc=0x800022c4 opcode=csrrw x2=0x80002284
000000065 RUNTIME_ONLY neutral retire case=00066 pc=0x800022c8 opcode=xor x3=0x80002289
000000066 RUNTIME_ONLY neutral retire case=00066 pc=0x800022cc opcode=addi x4=0x8000228e
000000067 RUNTIME_ONLY neutral retire case=00066 pc=0x800022d0 opcode=lw x5=0x80002293
000000068 RUNTIME_ONLY neutral retire case=00066 pc=0x800022d4 opcode=sw x6=0x80002290
000000069 RUNTIME_ONLY neutral retire case=00066 pc=0x800022d8 opcode=beq x7=0x8000229d
000000070 RUNTIME_ONLY neutral retire case=00066 pc=0x800022dc opcode=csrrw x8=0x8000229a
000000071 RUNTIME_ONLY neutral retire case=00066 pc=0x800022e0 opcode=xor x9=0x800022a7
000000072 RUNTIME_ONLY neutral retire case=00066 pc=0x800022e4 opcode=addi x10=0x800022ac
000000073 RUNTIME_ONLY neutral retire case=00066 pc=0x800022e8 opcode=lw x11=0x800022a1
000000074 RUNTIME_ONLY neutral retire case=00066 pc=0x800022ec opcode=sw x12=0x800022a6
000000075 RUNTIME_ONLY neutral retire case=00066 pc=0x800022f0 opcode=beq x13=0x800022bb
000000076 RUNTIME_ONLY neutral retire case=00066 pc=0x800022f4 opcode=csrrw x14=0x800022b8
000000077 RUNTIME_ONLY neutral retire case=00066 pc=0x800022f8 opcode=xor x15=0x800022b5
000000078 RUNTIME_ONLY neutral retire case=00066 pc=0x800022fc opcode=addi x16=0x800022b2
000000079 RUNTIME_ONLY neutral retire case=00066 pc=0x80002300 opcode=lw x17=0x8000234f
000000080 RUNTIME_ONLY neutral retire case=00066 pc=0x80002304 opcode=sw x18=0x80002354
000000081 RUNTIME_ONLY neutral retire case=00066 pc=0x80002308 opcode=beq x19=0x80002359
000000082 RUNTIME_ONLY neutral retire case=00066 pc=0x8000230c opcode=csrrw x20=0x8000235e
000000083 RUNTIME_ONLY neutral retire case=00066 pc=0x80002310 opcode=xor x21=0x80002343
000000084 RUNTIME_ONLY neutral retire case=00066 pc=0x80002314 opcode=addi x22=0x80002340
000000085 RUNTIME_ONLY neutral retire case=00066 pc=0x80002318 opcode=lw x23=0x8000234d
000000086 RUNTIME_ONLY neutral retire case=00066 pc=0x8000231c opcode=sw x24=0x8000234a
000000087 RUNTIME_ONLY neutral retire case=00066 pc=0x80002320 opcode=beq x25=0x80002377
000000088 RUNTIME_ONLY neutral retire case=00066 pc=0x80002324 opcode=csrrw x26=0x8000237c
000000089 RUNTIME_ONLY neutral retire case=00066 pc=0x80002328 opcode=xor x27=0x80002371
000000090 RUNTIME_ONLY neutral retire case=00066 pc=0x8000232c opcode=addi x28=0x80002376
000000091 RUNTIME_ONLY neutral retire case=00066 pc=0x80002330 opcode=lw x29=0x8000236b
000000092 RUNTIME_ONLY neutral retire case=00066 pc=0x80002334 opcode=sw x30=0x80002368
000000093 RUNTIME_ONLY neutral retire case=00066 pc=0x80002338 opcode=beq x31=0x80002365
000000094 RUNTIME_ONLY neutral retire case=00066 pc=0x8000233c opcode=csrrw x0=0x80002362
000000095 RUNTIME_ONLY neutral retire case=00066 pc=0x80002340 opcode=xor x1=0x8000231f
000000096 RUNTIME_ONLY neutral retire case=00066 pc=0x80002344 opcode=addi x2=0x80002324
000000097 RUNTIME_ONLY neutral retire case=00066 pc=0x80002348 opcode=lw x3=0x80002329
000000098 RUNTIME_ONLY neutral retire case=00066 pc=0x8000234c opcode=sw x4=0x8000232e
000000099 RUNTIME_ONLY neutral retire case=00066 pc=0x80002350 opcode=beq x5=0x80002333
000000100 RUNTIME_ONLY neutral retire case=00066 pc=0x80002354 opcode=csrrw x6=0x80002330
000000101 RUNTIME_ONLY neutral retire case=00066 pc=0x80002358 opcode=xor x7=0x8000233d
000000102 RUNTIME_ONLY neutral retire case=00066 pc=0x8000235c opcode=addi x8=0x8000233a
000000103 RUNTIME_ONLY neutral retire case=00066 pc=0x80002360 opcode=lw x9=0x80002307
000000104 RUNTIME_ONLY neutral retire case=00066 pc=0x80002364 opcode=sw x10=0x8000230c
000000105 RUNTIME_ONLY neutral retire case=00066 pc=0x80002368 opcode=beq x11=0x80002301
000000106 RUNTIME_ONLY neutral retire case=00066 pc=0x8000236c opcode=csrrw x12=0x80002306
000000107 RUNTIME_ONLY neutral retire case=00066 pc=0x80002370 opcode=xor x13=0x8000231b
000000108 RUNTIME_ONLY neutral retire case=00066 pc=0x80002374 opcode=addi x14=0x80002318
000000109 RUNTIME_ONLY neutral retire case=00066 pc=0x80002378 opcode=lw x15=0x80002315
000000110 RUNTIME_ONLY neutral retire case=00066 pc=0x8000237c opcode=sw x16=0x80002312
000000111 RUNTIME_ONLY neutral retire case=00066 pc=0x80002380 opcode=beq x17=0x800023ef
000000112 RUNTIME_ONLY neutral retire case=00066 pc=0x80002384 opcode=csrrw x18=0x800023f4
000000113 RUNTIME_ONLY neutral retire case=00066 pc=0x80002388 opcode=xor x19=0x800023f9
000000114 RUNTIME_ONLY neutral retire case=00066 pc=0x8000238c opcode=addi x20=0x800023fe
000000115 RUNTIME_ONLY neutral retire case=00066 pc=0x80002390 opcode=lw x21=0x800023e3
000000116 RUNTIME_ONLY neutral retire case=00066 pc=0x80002394 opcode=sw x22=0x800023e0
000000117 RUNTIME_ONLY neutral retire case=00066 pc=0x80002398 opcode=beq x23=0x800023ed
000000118 RUNTIME_ONLY neutral retire case=00066 pc=0x8000239c opcode=csrrw x24=0x800023ea
000000119 RUNTIME_ONLY neutral retire case=00066 pc=0x800023a0 opcode=xor x25=0x800023d7
000000120 RUNTIME_ONLY neutral retire case=00066 pc=0x800023a4 opcode=addi x26=0x800023dc
000000121 RUNTIME_ONLY neutral retire case=00066 pc=0x800023a8 opcode=lw x27=0x800023d1
000000122 RUNTIME_ONLY neutral retire case=00066 pc=0x800023ac opcode=sw x28=0x800023d6
000000123 RUNTIME_ONLY neutral retire case=00066 pc=0x800023b0 opcode=beq x29=0x800023cb
000000124 RUNTIME_ONLY neutral retire case=00066 pc=0x800023b4 opcode=csrrw x30=0x800023c8
000000125 RUNTIME_ONLY neutral retire case=00066 pc=0x800023b8 opcode=xor x31=0x800023c5
000000126 RUNTIME_ONLY neutral retire case=00066 pc=0x800023bc opcode=addi x0=0x800023c2
000000127 RUNTIME_ONLY neutral retire case=00066 pc=0x800023c0 opcode=lw x1=0x800023bf
000000128 RUNTIME_ONLY neutral retire case=00066 pc=0x800023c4 opcode=sw x2=0x80002344
000000129 RUNTIME_ONLY neutral retire case=00066 pc=0x800023c8 opcode=beq x3=0x80002349
000000130 RUNTIME_ONLY neutral retire case=00066 pc=0x800023cc opcode=csrrw x4=0x8000234e
000000131 RUNTIME_ONLY neutral retire case=00066 pc=0x800023d0 opcode=xor x5=0x80002353
000000132 RUNTIME_ONLY neutral retire case=00066 pc=0x800023d4 opcode=addi x6=0x80002350
000000133 RUNTIME_ONLY neutral retire case=00066 pc=0x800023d8 opcode=lw x7=0x8000235d
000000134 RUNTIME_ONLY neutral retire case=00066 pc=0x800023dc opcode=sw x8=0x8000235a
000000135 RUNTIME_ONLY neutral retire case=00066 pc=0x800023e0 opcode=beq x9=0x80002367
000000136 RUNTIME_ONLY neutral retire case=00066 pc=0x800023e4 opcode=csrrw x10=0x8000236c
000000137 RUNTIME_ONLY neutral retire case=00066 pc=0x800023e8 opcode=xor x11=0x80002361
000000138 RUNTIME_ONLY neutral retire case=00066 pc=0x800023ec opcode=addi x12=0x80002366
000000139 RUNTIME_ONLY neutral retire case=00066 pc=0x800023f0 opcode=lw x13=0x8000237b
000000140 RUNTIME_ONLY neutral retire case=00066 pc=0x800023f4 opcode=sw x14=0x80002378
000000141 RUNTIME_ONLY neutral retire case=00066 pc=0x800023f8 opcode=beq x15=0x80002375
000000142 RUNTIME_ONLY neutral retire case=00066 pc=0x800023fc opcode=csrrw x16=0x80002372
000000143 RUNTIME_ONLY neutral retire case=00066 pc=0x80002400 opcode=xor x17=0x8000248f
000000144 RUNTIME_ONLY neutral retire case=00066 pc=0x80002404 opcode=addi x18=0x80002494
000000145 RUNTIME_ONLY neutral retire case=00066 pc=0x80002408 opcode=lw x19=0x80002499
000000146 RUNTIME_ONLY neutral retire case=00066 pc=0x8000240c opcode=sw x20=0x8000249e
000000147 RUNTIME_ONLY neutral retire case=00066 pc=0x80002410 opcode=beq x21=0x80002483
000000148 RUNTIME_ONLY neutral retire case=00066 pc=0x80002414 opcode=csrrw x22=0x80002480
000000149 RUNTIME_ONLY neutral retire case=00066 pc=0x80002418 opcode=xor x23=0x8000248d
000000150 RUNTIME_ONLY neutral retire case=00066 pc=0x8000241c opcode=addi x24=0x8000248a
000000151 RUNTIME_ONLY neutral retire case=00066 pc=0x80002420 opcode=lw x25=0x800024b7
000000152 RUNTIME_ONLY neutral retire case=00066 pc=0x80002424 opcode=sw x26=0x800024bc
000000153 RUNTIME_ONLY neutral retire case=00066 pc=0x80002428 opcode=beq x27=0x800024b1
000000154 RUNTIME_ONLY neutral retire case=00066 pc=0x8000242c opcode=csrrw x28=0x800024b6
000000155 RUNTIME_ONLY neutral retire case=00066 pc=0x80002430 opcode=xor x29=0x800024ab
000000156 RUNTIME_ONLY neutral retire case=00066 pc=0x80002434 opcode=addi x30=0x800024a8
000000157 RUNTIME_ONLY neutral retire case=00066 pc=0x80002438 opcode=lw x31=0x800024a5
000000158 RUNTIME_ONLY neutral retire case=00066 pc=0x8000243c opcode=sw x0=0x800024a2
000000159 RUNTIME_ONLY neutral retire case=00066 pc=0x80002440 opcode=beq x1=0x800024df
000000160 RUNTIME_ONLY neutral retire case=00066 pc=0x80002444 opcode=csrrw x2=0x800024e4
000000161 RUNTIME_ONLY neutral retire case=00066 pc=0x80002448 opcode=xor x3=0x800024e9
000000162 RUNTIME_ONLY neutral retire case=00066 pc=0x8000244c opcode=addi x4=0x800024ee
000000163 RUNTIME_ONLY neutral retire case=00066 pc=0x80002450 opcode=lw x5=0x800024f3
000000164 RUNTIME_ONLY neutral retire case=00066 pc=0x80002454 opcode=sw x6=0x800024f0
000000165 RUNTIME_ONLY neutral retire case=00066 pc=0x80002458 opcode=beq x7=0x800024fd
000000166 RUNTIME_ONLY neutral retire case=00066 pc=0x8000245c opcode=csrrw x8=0x800024fa
000000167 RUNTIME_ONLY neutral retire case=00066 pc=0x80002460 opcode=xor x9=0x800024c7
000000168 RUNTIME_ONLY neutral retire case=00066 pc=0x80002464 opcode=addi x10=0x800024cc
000000169 RUNTIME_ONLY neutral retire case=00066 pc=0x80002468 opcode=lw x11=0x800024c1
000000170 RUNTIME_ONLY neutral retire case=00066 pc=0x8000246c opcode=sw x12=0x800024c6
000000171 RUNTIME_ONLY neutral retire case=00066 pc=0x80002470 opcode=beq x13=0x800024db
000000172 RUNTIME_ONLY neutral retire case=00066 pc=0x80002474 opcode=csrrw x14=0x800024d8
000000173 RUNTIME_ONLY neutral retire case=00066 pc=0x80002478 opcode=xor x15=0x800024d5
000000174 RUNTIME_ONLY neutral retire case=00066 pc=0x8000247c opcode=addi x16=0x800024d2
000000175 RUNTIME_ONLY neutral retire case=00066 pc=0x80002480 opcode=lw x17=0x8000242f
000000176 RUNTIME_ONLY neutral retire case=00066 pc=0x80002484 opcode=sw x18=0x80002434
000000177 RUNTIME_ONLY neutral retire case=00066 pc=0x80002488 opcode=beq x19=0x80002439
000000178 RUNTIME_ONLY neutral retire case=00066 pc=0x8000248c opcode=csrrw x20=0x8000243e
000000179 RUNTIME_ONLY neutral retire case=00066 pc=0x80002490 opcode=xor x21=0x80002423
000000180 RUNTIME_ONLY neutral retire case=00066 pc=0x80002494 opcode=addi x22=0x80002420
000000181 RUNTIME_ONLY neutral retire case=00066 pc=0x80002498 opcode=lw x23=0x8000242d
000000182 RUNTIME_ONLY neutral retire case=00066 pc=0x8000249c opcode=sw x24=0x8000242a
000000183 RUNTIME_ONLY neutral retire case=00066 pc=0x800024a0 opcode=beq x25=0x80002417
000000184 RUNTIME_ONLY neutral retire case=00066 pc=0x800024a4 opcode=csrrw x26=0x8000241c
000000185 RUNTIME_ONLY neutral retire case=00066 pc=0x800024a8 opcode=xor x27=0x80002411
000000186 RUNTIME_ONLY neutral retire case=00066 pc=0x800024ac opcode=addi x28=0x80002416
000000187 RUNTIME_ONLY neutral retire case=00066 pc=0x800024b0 opcode=lw x29=0x8000240b
000000188 RUNTIME_ONLY neutral retire case=00066 pc=0x800024b4 opcode=sw x30=0x80002408
000000189 RUNTIME_ONLY neutral retire case=00066 pc=0x800024b8 opcode=beq x31=0x80002405
000000190 RUNTIME_ONLY neutral retire case=00066 pc=0x800024bc opcode=csrrw x0=0x80002402
000000191 RUNTIME_ONLY neutral retire case=00066 pc=0x800024c0 opcode=xor x1=0x8000247f
000000192 RUNTIME_ONLY neutral retire case=00066 pc=0x800024c4 opcode=addi x2=0x80002404
000000193 RUNTIME_ONLY neutral retire case=00066 pc=0x800024c8 opcode=lw x3=0x80002409
000000194 RUNTIME_ONLY neutral retire case=00066 pc=0x800024cc opcode=sw x4=0x8000240e
000000195 RUNTIME_ONLY neutral retire case=00066 pc=0x800024d0 opcode=beq x5=0x80002413
000000196 RUNTIME_ONLY neutral retire case=00066 pc=0x800024d4 opcode=csrrw x6=0x80002410
000000197 RUNTIME_ONLY neutral retire case=00066 pc=0x800024d8 opcode=xor x7=0x8000241d
000000198 RUNTIME_ONLY neutral retire case=00066 pc=0x800024dc opcode=addi x8=0x8000241a
000000199 RUNTIME_ONLY neutral retire case=00066 pc=0x800024e0 opcode=lw x9=0x80002427
000000200 RUNTIME_ONLY neutral retire case=00066 pc=0x800024e4 opcode=sw x10=0x8000242c
000000201 RUNTIME_ONLY neutral retire case=00066 pc=0x800024e8 opcode=beq x11=0x80002421
000000202 RUNTIME_ONLY neutral retire case=00066 pc=0x800024ec opcode=csrrw x12=0x80002426
000000203 RUNTIME_ONLY neutral retire case=00066 pc=0x800024f0 opcode=xor x13=0x8000243b
000000204 RUNTIME_ONLY neutral retire case=00066 pc=0x800024f4 opcode=addi x14=0x80002438
000000205 RUNTIME_ONLY neutral retire case=00066 pc=0x800024f8 opcode=lw x15=0x80002435
000000206 RUNTIME_ONLY neutral retire case=00066 pc=0x800024fc opcode=sw x16=0x80002432
000000207 RUNTIME_ONLY neutral retire case=00066 pc=0x80002500 opcode=beq x17=0x800025cf
000000208 RUNTIME_ONLY neutral retire case=00066 pc=0x80002504 opcode=csrrw x18=0x800025d4
000000209 RUNTIME_ONLY neutral retire case=00066 pc=0x80002508 opcode=xor x19=0x800025d9
000000210 RUNTIME_ONLY neutral retire case=00066 pc=0x8000250c opcode=addi x20=0x800025de
000000211 RUNTIME_ONLY neutral retire case=00066 pc=0x80002510 opcode=lw x21=0x800025c3
000000212 RUNTIME_ONLY neutral retire case=00066 pc=0x80002514 opcode=sw x22=0x800025c0
000000213 RUNTIME_ONLY neutral retire case=00066 pc=0x80002518 opcode=beq x23=0x800025cd
000000214 RUNTIME_ONLY neutral retire case=00066 pc=0x8000251c opcode=csrrw x24=0x800025ca
000000215 RUNTIME_ONLY neutral retire case=00066 pc=0x80002520 opcode=xor x25=0x800025f7
000000216 RUNTIME_ONLY neutral retire case=00066 pc=0x80002524 opcode=addi x26=0x800025fc
000000217 RUNTIME_ONLY neutral retire case=00066 pc=0x80002528 opcode=lw x27=0x800025f1
000000218 RUNTIME_ONLY neutral retire case=00066 pc=0x8000252c opcode=sw x28=0x800025f6
000000219 RUNTIME_ONLY neutral retire case=00066 pc=0x80002530 opcode=beq x29=0x800025eb
000000220 RUNTIME_ONLY neutral retire case=00066 pc=0x80002534 opcode=csrrw x30=0x800025e8
000000221 RUNTIME_ONLY neutral retire case=00066 pc=0x80002538 opcode=xor x31=0x800025e5
000000222 RUNTIME_ONLY neutral retire case=00066 pc=0x8000253c opcode=addi x0=0x800025e2
000000223 RUNTIME_ONLY neutral retire case=00066 pc=0x80002540 opcode=lw x1=0x8000259f
000000224 RUNTIME_ONLY neutral retire case=00066 pc=0x80002544 opcode=sw x2=0x800025a4
000000225 RUNTIME_ONLY neutral retire case=00066 pc=0x80002548 opcode=beq x3=0x800025a9
000000226 RUNTIME_ONLY neutral retire case=00066 pc=0x8000254c opcode=csrrw x4=0x800025ae
000000227 RUNTIME_ONLY neutral retire case=00066 pc=0x80002550 opcode=xor x5=0x800025b3
000000228 RUNTIME_ONLY neutral retire case=00066 pc=0x80002554 opcode=addi x6=0x800025b0
000000229 RUNTIME_ONLY neutral retire case=00066 pc=0x80002558 opcode=lw x7=0x800025bd
000000230 RUNTIME_ONLY neutral retire case=00066 pc=0x8000255c opcode=sw x8=0x800025ba
000000231 RUNTIME_ONLY neutral retire case=00066 pc=0x80002560 opcode=beq x9=0x80002587
000000232 RUNTIME_ONLY neutral retire case=00066 pc=0x80002564 opcode=csrrw x10=0x8000258c
000000233 RUNTIME_ONLY neutral retire case=00066 pc=0x80002568 opcode=xor x11=0x80002581
000000234 RUNTIME_ONLY neutral retire case=00066 pc=0x8000256c opcode=addi x12=0x80002586
000000235 RUNTIME_ONLY neutral retire case=00066 pc=0x80002570 opcode=lw x13=0x8000259b
000000236 RUNTIME_ONLY neutral retire case=00066 pc=0x80002574 opcode=sw x14=0x80002598
000000237 RUNTIME_ONLY neutral retire case=00066 pc=0x80002578 opcode=beq x15=0x80002595
000000238 RUNTIME_ONLY neutral retire case=00066 pc=0x8000257c opcode=csrrw x16=0x80002592
000000239 RUNTIME_ONLY neutral retire case=00066 pc=0x80002580 opcode=xor x17=0x8000256f
000000240 RUNTIME_ONLY neutral retire case=00066 pc=0x80002584 opcode=addi x18=0x80002574
000000241 RUNTIME_ONLY neutral retire case=00066 pc=0x80002588 opcode=lw x19=0x80002579
