UVM_FATAL /runtime_only_unique_aacm.sv(1) @ 1: runtime_only_unique_failure_aacm normalization resistant timing marker
RUNTIME_ONLY_CASE=91 SOURCE_A=benchmark_set_2:20
riscv_multiple_interrupt_test.0 : [FAILED]
RUNTIME_ONLY_COMBINE SOURCE_B=benchmark_set_1:7
riscv_csr_test.0 : [FAILED]
000000000 RUNTIME_ONLY neutral retire case=00091 pc=0x80002e90 opcode=lw x27=0x80002e90
000000001 RUNTIME_ONLY neutral retire case=00091 pc=0x80002e94 opcode=sw x28=0x80002e95
000000002 RUNTIME_ONLY neutral retire case=00091 pc=0x80002e98 opcode=beq x29=0x80002e9a
000000003 RUNTIME_ONLY neutral retire case=00091 pc=0x80002e9c opcode=csrrw x30=0x80002e9f
000000004 RUNTIME_ONLY neutral retire case=00091 pc=0x80002ea0 opcode=xor x31=0x80002ea4
000000005 RUNTIME_ONLY neutral retire case=00091 pc=0x80002ea4 opcode=addi x0=0x80002ea1
000000006 RUNTIME_ONLY neutral retire case=00091 pc=0x80002ea8 opcode=lw x1=0x80002eae
000000007 RUNTIME_ONLY neutral retire case=00091 pc=0x80002eac opcode=sw x2=0x80002eab
000000008 RUNTIME_ONLY neutral retire case=00091 pc=0x80002eb0 opcode=beq x3=0x80002eb8
000000009 RUNTIME_ONLY neutral retire case=00091 pc=0x80002eb4 opcode=csrrw x4=0x80002ebd
000000010 RUNTIME_ONLY neutral retire case=00091 pc=0x80002eb8 opcode=xor x5=0x80002eb2
000000011 RUNTIME_ONLY neutral retire case=00091 pc=0x80002ebc opcode=addi x6=0x80002eb7
000000012 RUNTIME_ONLY neutral retire case=00091 pc=0x80002ec0 opcode=lw x7=0x80002ecc
000000013 RUNTIME_ONLY neutral retire case=00091 pc=0x80002ec4 opcode=sw x8=0x80002ec9
000000014 RUNTIME_ONLY neutral retire case=00091 pc=0x80002ec8 opcode=beq x9=0x80002ec6
000000015 RUNTIME_ONLY neutral retire case=00091 pc=0x80002ecc opcode=csrrw x10=0x80002ec3
000000016 RUNTIME_ONLY neutral retire case=00091 pc=0x80002ed0 opcode=xor x11=0x80002ec0
000000017 RUNTIME_ONLY neutral retire case=00091 pc=0x80002ed4 opcode=addi x12=0x80002ec5
000000018 RUNTIME_ONLY neutral retire case=00091 pc=0x80002ed8 opcode=lw x13=0x80002eca
000000019 RUNTIME_ONLY neutral retire case=00091 pc=0x80002edc opcode=sw x14=0x80002ecf
000000020 RUNTIME_ONLY neutral retire case=00091 pc=0x80002ee0 opcode=beq x15=0x80002ef4
000000021 RUNTIME_ONLY neutral retire case=00091 pc=0x80002ee4 opcode=csrrw x16=0x80002ef1
000000022 RUNTIME_ONLY neutral retire case=00091 pc=0x80002ee8 opcode=xor x17=0x80002efe
000000023 RUNTIME_ONLY neutral retire case=00091 pc=0x80002eec opcode=addi x18=0x80002efb
000000024 RUNTIME_ONLY neutral retire case=00091 pc=0x80002ef0 opcode=lw x19=0x80002ee8
000000025 RUNTIME_ONLY neutral retire case=00091 pc=0x80002ef4 opcode=sw x20=0x80002eed
000000026 RUNTIME_ONLY neutral retire case=00091 pc=0x80002ef8 opcode=beq x21=0x80002ee2
000000027 RUNTIME_ONLY neutral retire case=00091 pc=0x80002efc opcode=csrrw x22=0x80002ee7
000000028 RUNTIME_ONLY neutral retire case=00091 pc=0x80002f00 opcode=xor x23=0x80002f1c
000000029 RUNTIME_ONLY neutral retire case=00091 pc=0x80002f04 opcode=addi x24=0x80002f19
000000030 RUNTIME_ONLY neutral retire case=00091 pc=0x80002f08 opcode=lw x25=0x80002f16
000000031 RUNTIME_ONLY neutral retire case=00091 pc=0x80002f0c opcode=sw x26=0x80002f13
000000032 RUNTIME_ONLY neutral retire case=00091 pc=0x80002f10 opcode=beq x27=0x80002f30
000000033 RUNTIME_ONLY neutral retire case=00091 pc=0x80002f14 opcode=csrrw x28=0x80002f35
000000034 RUNTIME_ONLY neutral retire case=00091 pc=0x80002f18 opcode=xor x29=0x80002f3a
000000035 RUNTIME_ONLY neutral retire case=00091 pc=0x80002f1c opcode=addi x30=0x80002f3f
000000036 RUNTIME_ONLY neutral retire case=00091 pc=0x80002f20 opcode=lw x31=0x80002f04
000000037 RUNTIME_ONLY neutral retire case=00091 pc=0x80002f24 opcode=sw x0=0x80002f01
000000038 RUNTIME_ONLY neutral retire case=00091 pc=0x80002f28 opcode=beq x1=0x80002f0e
000000039 RUNTIME_ONLY neutral retire case=00091 pc=0x80002f2c opcode=csrrw x2=0x80002f0b
000000040 RUNTIME_ONLY neutral retire case=00091 pc=0x80002f30 opcode=xor x3=0x80002f18
000000041 RUNTIME_ONLY neutral retire case=00091 pc=0x80002f34 opcode=addi x4=0x80002f1d
000000042 RUNTIME_ONLY neutral retire case=00091 pc=0x80002f38 opcode=lw x5=0x80002f12
000000043 RUNTIME_ONLY neutral retire case=00091 pc=0x80002f3c opcode=sw x6=0x80002f17
000000044 RUNTIME_ONLY neutral retire case=00091 pc=0x80002f40 opcode=beq x7=0x80002f6c
000000045 RUNTIME_ONLY neutral retire case=00091 pc=0x80002f44 opcode=csrrw x8=0x80002f69
000000046 RUNTIME_ONLY neutral retire case=00091 pc=0x80002f48 opcode=xor x9=0x80002f66
000000047 RUNTIME_ONLY neutral retire case=00091 pc=0x80002f4c opcode=addi x10=0x80002f63
000000048 RUNTIME_ONLY neutral retire case=00091 pc=0x80002f50 opcode=lw x11=0x80002f60
000000049 RUNTIME_ONLY neutral retire case=00091 pc=0x80002f54 opcode=sw x12=0x80002f65
000000050 RUNTIME_ONLY neutral retire case=00091 pc=0x80002f58 opcode=beq x13=0x80002f6a
000000051 RUNTIME_ONLY neutral retire case=00091 pc=0x80002f5c opcode=csrrw x14=0x80002f6f
000000052 RUNTIME_ONLY neutral retire case=00091 pc=0x80002f60 opcode=xor x15=0x80002f54
000000053 RUNTIME_ONLY neutral retire case=00091 pc=0x80002f64 opcode=addi x16=0x80002f51
000000054 RUNTIME_ONLY neutral retire case=00091 pc=0x80002f68 opcode=lw x17=0x80002f5e
000000055 RUNTIME_ONLY neutral retire case=00091 pc=0x80002f6c opcode=sw x18=0x80002f5b
000000056 RUNTIME_ONLY neutral retire case=00091 pc=0x80002f70 opcode=beq x19=0x80002f48
000000057 RUNTIME_ONLY neutral retire case=00091 pc=0x80002f74 opcode=csrrw x20=0x80002f4d
000000058 RUNTIME_ONLY neutral retire case=00091 pc=0x80002f78 opcode=xor x21=0x80002f42
000000059 RUNTIME_ONLY neutral retire case=00091 pc=0x80002f7c opcode=addi x22=0x80002f47
000000060 RUNTIME_ONLY neutral retire case=00091 pc=0x80002f80 opcode=lw x23=0x80002fbc
000000061 RUNTIME_ONLY neutral retire case=00091 pc=0x80002f84 opcode=sw x24=0x80002fb9
000000062 RUNTIME_ONLY neutral retire case=00091 pc=0x80002f88 opcode=beq x25=0x80002fb6
000000063 RUNTIME_ONLY neutral retire case=00091 pc=0x80002f8c opcode=csrrw x26=0x80002fb3
000000064 RUNTIME_ONLY neutral retire case=00091 pc=0x80002f90 opcode=xor x27=0x80002fd0
000000065 RUNTIME_ONLY neutral retire case=00091 pc=0x80002f94 opcode=addi x28=0x80002fd5
000000066 RUNTIME_ONLY neutral retire case=00091 pc=0x80002f98 opcode=lw x29=0x80002fda
000000067 RUNTIME_ONLY neutral retire case=00091 pc=0x80002f9c opcode=sw x30=0x80002fdf
000000068 RUNTIME_ONLY neutral retire case=00091 pc=0x80002fa0 opcode=beq x31=0x80002fe4
000000069 RUNTIME_ONLY neutral retire case=00091 pc=0x80002fa4 opcode=csrrw x0=0x80002fe1
000000070 RUNTIME_ONLY neutral retire case=00091 pc=0x80002fa8 opcode=xor x1=0x80002fee
000000071 RUNTIME_ONLY neutral retire case=00091 pc=0x80002fac opcode=addi x2=0x80002feb
000000072 RUNTIME_ONLY neutral retire case=00091 pc=0x80002fb0 opcode=lw x3=0x80002ff8
000000073 RUNTIME_ONLY neutral retire case=00091 pc=0x80002fb4 opcode=sw x4=0x80002ffd
000000074 RUNTIME_ONLY neutral retire case=00091 pc=0x80002fb8 opcode=beq x5=0x80002ff2
000000075 RUNTIME_ONLY neutral retire case=00091 pc=0x80002fbc opcode=csrrw x6=0x80002ff7
000000076 RUNTIME_ONLY neutral retire case=00091 pc=0x80002fc0 opcode=xor x7=0x80002f8c
000000077 RUNTIME_ONLY neutral retire case=00091 pc=0x80002fc4 opcode=addi x8=0x80002f89
000000078 RUNTIME_ONLY neutral retire case=00091 pc=0x80002fc8 opcode=lw x9=0x80002f86
000000079 RUNTIME_ONLY neutral retire case=00091 pc=0x80002fcc opcode=sw x10=0x80002f83
000000080 RUNTIME_ONLY neutral retire case=00091 pc=0x80002fd0 opcode=beq x11=0x80002f80
000000081 RUNTIME_ONLY neutral retire case=00091 pc=0x80002fd4 opcode=csrrw x12=0x80002f85
000000082 RUNTIME_ONLY neutral retire case=00091 pc=0x80002fd8 opcode=xor x13=0x80002f8a
000000083 RUNTIME_ONLY neutral retire case=00091 pc=0x80002fdc opcode=addi x14=0x80002f8f
000000084 RUNTIME_ONLY neutral retire case=00091 pc=0x80002fe0 opcode=lw x15=0x80002fb4
000000085 RUNTIME_ONLY neutral retire case=00091 pc=0x80002fe4 opcode=sw x16=0x80002fb1
000000086 RUNTIME_ONLY neutral retire case=00091 pc=0x80002fe8 opcode=beq x17=0x80002fbe
000000087 RUNTIME_ONLY neutral retire case=00091 pc=0x80002fec opcode=csrrw x18=0x80002fbb
000000088 RUNTIME_ONLY neutral retire case=00091 pc=0x80002ff0 opcode=xor x19=0x80002fa8
000000089 RUNTIME_ONLY neutral retire case=00091 pc=0x80002ff4 opcode=addi x20=0x80002fad
000000090 RUNTIME_ONLY neutral retire case=00091 pc=0x80002ff8 opcode=lw x21=0x80002fa2
000000091 RUNTIME_ONLY neutral retire case=00091 pc=0x80002ffc opcode=sw x22=0x80002fa7
000000092 RUNTIME_ONLY neutral retire case=00091 pc=0x80003000 opcode=beq x23=0x8000305c
000000093 RUNTIME_ONLY neutral retire case=00091 pc=0x80003004 opcode=csrrw x24=0x80003059
000000094 RUNTIME_ONLY neutral retire case=00091 pc=0x80003008 opcode=xor x25=0x80003056
000000095 RUNTIME_ONLY neutral retire case=00091 pc=0x8000300c opcode=addi x26=0x80003053
000000096 RUNTIME_ONLY neutral retire case=00091 pc=0x80003010 opcode=lw x27=0x80003070
000000097 RUNTIME_ONLY neutral retire case=00091 pc=0x80003014 opcode=sw x28=0x80003075
000000098 RUNTIME_ONLY neutral retire case=00091 pc=0x80003018 opcode=beq x29=0x8000307a
000000099 RUNTIME_ONLY neutral retire case=00091 pc=0x8000301c opcode=csrrw x30=0x8000307f
000000100 RUNTIME_ONLY neutral retire case=00091 pc=0x80003020 opcode=xor x31=0x80003044
000000101 RUNTIME_ONLY neutral retire case=00091 pc=0x80003024 opcode=addi x0=0x80003041
000000102 RUNTIME_ONLY neutral retire case=00091 pc=0x80003028 opcode=lw x1=0x8000304e
000000103 RUNTIME_ONLY neutral retire case=00091 pc=0x8000302c opcode=sw x2=0x8000304b
000000104 RUNTIME_ONLY neutral retire case=00091 pc=0x80003030 opcode=beq x3=0x80003058
000000105 RUNTIME_ONLY neutral retire case=00091 pc=0x80003034 opcode=csrrw x4=0x8000305d
000000106 RUNTIME_ONLY neutral retire case=00091 pc=0x80003038 opcode=xor x5=0x80003052
000000107 RUNTIME_ONLY neutral retire case=00091 pc=0x8000303c opcode=addi x6=0x80003057
000000108 RUNTIME_ONLY neutral retire case=00091 pc=0x80003040 opcode=lw x7=0x8000302c
000000109 RUNTIME_ONLY neutral retire case=00091 pc=0x80003044 opcode=sw x8=0x80003029
000000110 RUNTIME_ONLY neutral retire case=00091 pc=0x80003048 opcode=beq x9=0x80003026
000000111 RUNTIME_ONLY neutral retire case=00091 pc=0x8000304c opcode=csrrw x10=0x80003023
000000112 RUNTIME_ONLY neutral retire case=00091 pc=0x80003050 opcode=xor x11=0x80003020
000000113 RUNTIME_ONLY neutral retire case=00091 pc=0x80003054 opcode=addi x12=0x80003025
000000114 RUNTIME_ONLY neutral retire case=00091 pc=0x80003058 opcode=lw x13=0x8000302a
000000115 RUNTIME_ONLY neutral retire case=00091 pc=0x8000305c opcode=sw x14=0x8000302f
000000116 RUNTIME_ONLY neutral retire case=00091 pc=0x80003060 opcode=beq x15=0x80003014
000000117 RUNTIME_ONLY neutral retire case=00091 pc=0x80003064 opcode=csrrw x16=0x80003011
000000118 RUNTIME_ONLY neutral retire case=00091 pc=0x80003068 opcode=xor x17=0x8000301e
000000119 RUNTIME_ONLY neutral retire case=00091 pc=0x8000306c opcode=addi x18=0x8000301b
000000120 RUNTIME_ONLY neutral retire case=00091 pc=0x80003070 opcode=lw x19=0x80003008
000000121 RUNTIME_ONLY neutral retire case=00091 pc=0x80003074 opcode=sw x20=0x8000300d
000000122 RUNTIME_ONLY neutral retire case=00091 pc=0x80003078 opcode=beq x21=0x80003002
000000123 RUNTIME_ONLY neutral retire case=00091 pc=0x8000307c opcode=csrrw x22=0x80003007
000000124 RUNTIME_ONLY neutral retire case=00091 pc=0x80003080 opcode=xor x23=0x800030fc
000000125 RUNTIME_ONLY neutral retire case=00091 pc=0x80003084 opcode=addi x24=0x800030f9
000000126 RUNTIME_ONLY neutral retire case=00091 pc=0x80003088 opcode=lw x25=0x800030f6
000000127 RUNTIME_ONLY neutral retire case=00091 pc=0x8000308c opcode=sw x26=0x800030f3
000000128 RUNTIME_ONLY neutral retire case=00091 pc=0x80003090 opcode=beq x27=0x80003010
000000129 RUNTIME_ONLY neutral retire case=00091 pc=0x80003094 opcode=csrrw x28=0x80003015
000000130 RUNTIME_ONLY neutral retire case=00091 pc=0x80003098 opcode=xor x29=0x8000301a
000000131 RUNTIME_ONLY neutral retire case=00091 pc=0x8000309c opcode=addi x30=0x8000301f
000000132 RUNTIME_ONLY neutral retire case=00091 pc=0x800030a0 opcode=lw x31=0x80003024
000000133 RUNTIME_ONLY neutral retire case=00091 pc=0x800030a4 opcode=sw x0=0x80003021
000000134 RUNTIME_ONLY neutral retire case=00091 pc=0x800030a8 opcode=beq x1=0x8000302e
000000135 RUNTIME_ONLY neutral retire case=00091 pc=0x800030ac opcode=csrrw x2=0x8000302b
000000136 RUNTIME_ONLY neutral retire case=00091 pc=0x800030b0 opcode=xor x3=0x80003038
000000137 RUNTIME_ONLY neutral retire case=00091 pc=0x800030b4 opcode=addi x4=0x8000303d
000000138 RUNTIME_ONLY neutral retire case=00091 pc=0x800030b8 opcode=lw x5=0x80003032
000000139 RUNTIME_ONLY neutral retire case=00091 pc=0x800030bc opcode=sw x6=0x80003037
000000140 RUNTIME_ONLY neutral retire case=00091 pc=0x800030c0 opcode=beq x7=0x8000304c
000000141 RUNTIME_ONLY neutral retire case=00091 pc=0x800030c4 opcode=csrrw x8=0x80003049
000000142 RUNTIME_ONLY neutral retire case=00091 pc=0x800030c8 opcode=xor x9=0x80003046
000000143 RUNTIME_ONLY neutral retire case=00091 pc=0x800030cc opcode=addi x10=0x80003043
000000144 RUNTIME_ONLY neutral retire case=00091 pc=0x800030d0 opcode=lw x11=0x80003040
000000145 RUNTIME_ONLY neutral retire case=00091 pc=0x800030d4 opcode=sw x12=0x80003045
000000146 RUNTIME_ONLY neutral retire case=00091 pc=0x800030d8 opcode=beq x13=0x8000304a
000000147 RUNTIME_ONLY neutral retire case=00091 pc=0x800030dc opcode=csrrw x14=0x8000304f
000000148 RUNTIME_ONLY neutral retire case=00091 pc=0x800030e0 opcode=xor x15=0x80003074
000000149 RUNTIME_ONLY neutral retire case=00091 pc=0x800030e4 opcode=addi x16=0x80003071
000000150 RUNTIME_ONLY neutral retire case=00091 pc=0x800030e8 opcode=lw x17=0x8000307e
000000151 RUNTIME_ONLY neutral retire case=00091 pc=0x800030ec opcode=sw x18=0x8000307b
000000152 RUNTIME_ONLY neutral retire case=00091 pc=0x800030f0 opcode=beq x19=0x80003068
000000153 RUNTIME_ONLY neutral retire case=00091 pc=0x800030f4 opcode=csrrw x20=0x8000306d
000000154 RUNTIME_ONLY neutral retire case=00091 pc=0x800030f8 opcode=xor x21=0x80003062
000000155 RUNTIME_ONLY neutral retire case=00091 pc=0x800030fc opcode=addi x22=0x80003067
000000156 RUNTIME_ONLY neutral retire case=00091 pc=0x80003100 opcode=lw x23=0x8000319c
000000157 RUNTIME_ONLY neutral retire case=00091 pc=0x80003104 opcode=sw x24=0x80003199
000000158 RUNTIME_ONLY neutral retire case=00091 pc=0x80003108 opcode=beq x25=0x80003196
000000159 RUNTIME_ONLY neutral retire case=00091 pc=0x8000310c opcode=csrrw x26=0x80003193
000000160 RUNTIME_ONLY neutral retire case=00091 pc=0x80003110 opcode=xor x27=0x800031b0
000000161 RUNTIME_ONLY neutral retire case=00091 pc=0x80003114 opcode=addi x28=0x800031b5
000000162 RUNTIME_ONLY neutral retire case=00091 pc=0x80003118 opcode=lw x29=0x800031ba
000000163 RUNTIME_ONLY neutral retire case=00091 pc=0x8000311c opcode=sw x30=0x800031bf
000000164 RUNTIME_ONLY neutral retire case=00091 pc=0x80003120 opcode=beq x31=0x80003184
000000165 RUNTIME_ONLY neutral retire case=00091 pc=0x80003124 opcode=csrrw x0=0x80003181
000000166 RUNTIME_ONLY neutral retire case=00091 pc=0x80003128 opcode=xor x1=0x8000318e
000000167 RUNTIME_ONLY neutral retire case=00091 pc=0x8000312c opcode=addi x2=0x8000318b
000000168 RUNTIME_ONLY neutral retire case=00091 pc=0x80003130 opcode=lw x3=0x80003198
000000169 RUNTIME_ONLY neutral retire case=00091 pc=0x80003134 opcode=sw x4=0x8000319d
000000170 RUNTIME_ONLY neutral retire case=00091 pc=0x80003138 opcode=beq x5=0x80003192
000000171 RUNTIME_ONLY neutral retire case=00091 pc=0x8000313c opcode=csrrw x6=0x80003197
000000172 RUNTIME_ONLY neutral retire case=00091 pc=0x80003140 opcode=xor x7=0x800031ec
000000173 RUNTIME_ONLY neutral retire case=00091 pc=0x80003144 opcode=addi x8=0x800031e9
000000174 RUNTIME_ONLY neutral retire case=00091 pc=0x80003148 opcode=lw x9=0x800031e6
000000175 RUNTIME_ONLY neutral retire case=00091 pc=0x8000314c opcode=sw x10=0x800031e3
000000176 RUNTIME_ONLY neutral retire case=00091 pc=0x80003150 opcode=beq x11=0x800031e0
000000177 RUNTIME_ONLY neutral retire case=00091 pc=0x80003154 opcode=csrrw x12=0x800031e5
000000178 RUNTIME_ONLY neutral retire case=00091 pc=0x80003158 opcode=xor x13=0x800031ea
000000179 RUNTIME_ONLY neutral retire case=00091 pc=0x8000315c opcode=addi x14=0x800031ef
000000180 RUNTIME_ONLY neutral retire case=00091 pc=0x80003160 opcode=lw x15=0x800031d4
000000181 RUNTIME_ONLY neutral retire case=00091 pc=0x80003164 opcode=sw x16=0x800031d1
000000182 RUNTIME_ONLY neutral retire case=00091 pc=0x80003168 opcode=beq x17=0x800031de
000000183 RUNTIME_ONLY neutral retire case=00091 pc=0x8000316c opcode=csrrw x18=0x800031db
000000184 RUNTIME_ONLY neutral retire case=00091 pc=0x80003170 opcode=xor x19=0x800031c8
000000185 RUNTIME_ONLY neutral retire case=00091 pc=0x80003174 opcode=addi x20=0x800031cd
000000186 RUNTIME_ONLY neutral retire case=00091 pc=0x80003178 opcode=lw x21=0x800031c2
000000187 RUNTIME_ONLY neutral retire case=00091 pc=0x8000317c opcode=sw x22=0x800031c7
000000188 RUNTIME_ONLY neutral retire case=00091 pc=0x80003180 opcode=beq x23=0x8000313c
000000189 RUNTIME_ONLY neutral retire case=00091 pc=0x80003184 opcode=csrrw x24=0x80003139
000000190 RUNTIME_ONLY neutral retire case=00091 pc=0x80003188 opcode=xor x25=0x80003136
000000191 RUNTIME_ONLY neutral retire case=00091 pc=0x8000318c opcode=addi x26=0x80003133
000000192 RUNTIME_ONLY neutral retire case=00091 pc=0x80003190 opcode=lw x27=0x80003150
000000193 RUNTIME_ONLY neutral retire case=00091 pc=0x80003194 opcode=sw x28=0x80003155
000000194 RUNTIME_ONLY neutral retire case=00091 pc=0x80003198 opcode=beq x29=0x8000315a
000000195 RUNTIME_ONLY neutral retire case=00091 pc=0x8000319c opcode=csrrw x30=0x8000315f
000000196 RUNTIME_ONLY neutral retire case=00091 pc=0x800031a0 opcode=xor x31=0x80003164
000000197 RUNTIME_ONLY neutral retire case=00091 pc=0x800031a4 opcode=addi x0=0x80003161
000000198 RUNTIME_ONLY neutral retire case=00091 pc=0x800031a8 opcode=lw x1=0x8000316e
000000199 RUNTIME_ONLY neutral retire case=00091 pc=0x800031ac opcode=sw x2=0x8000316b
000000200 RUNTIME_ONLY neutral retire case=00091 pc=0x800031b0 opcode=beq x3=0x80003178
000000201 RUNTIME_ONLY neutral retire case=00091 pc=0x800031b4 opcode=csrrw x4=0x8000317d
000000202 RUNTIME_ONLY neutral retire case=00091 pc=0x800031b8 opcode=xor x5=0x80003172
000000203 RUNTIME_ONLY neutral retire case=00091 pc=0x800031bc opcode=addi x6=0x80003177
000000204 RUNTIME_ONLY neutral retire case=00091 pc=0x800031c0 opcode=lw x7=0x8000310c
000000205 RUNTIME_ONLY neutral retire case=00091 pc=0x800031c4 opcode=sw x8=0x80003109
000000206 RUNTIME_ONLY neutral retire case=00091 pc=0x800031c8 opcode=beq x9=0x80003106
000000207 RUNTIME_ONLY neutral retire case=00091 pc=0x800031cc opcode=csrrw x10=0x80003103
000000208 RUNTIME_ONLY neutral retire case=00091 pc=0x800031d0 opcode=xor x11=0x80003100
000000209 RUNTIME_ONLY neutral retire case=00091 pc=0x800031d4 opcode=addi x12=0x80003105
000000210 RUNTIME_ONLY neutral retire case=00091 pc=0x800031d8 opcode=lw x13=0x8000310a
000000211 RUNTIME_ONLY neutral retire case=00091 pc=0x800031dc opcode=sw x14=0x8000310f
000000212 RUNTIME_ONLY neutral retire case=00091 pc=0x800031e0 opcode=beq x15=0x80003134
000000213 RUNTIME_ONLY neutral retire case=00091 pc=0x800031e4 opcode=csrrw x16=0x80003131
000000214 RUNTIME_ONLY neutral retire case=00091 pc=0x800031e8 opcode=xor x17=0x8000313e
000000215 RUNTIME_ONLY neutral retire case=00091 pc=0x800031ec opcode=addi x18=0x8000313b
000000216 RUNTIME_ONLY neutral retire case=00091 pc=0x800031f0 opcode=lw x19=0x80003128
000000217 RUNTIME_ONLY neutral retire case=00091 pc=0x800031f4 opcode=sw x20=0x8000312d
000000218 RUNTIME_ONLY neutral retire case=00091 pc=0x800031f8 opcode=beq x21=0x80003122
000000219 RUNTIME_ONLY neutral retire case=00091 pc=0x800031fc opcode=csrrw x22=0x80003127
000000220 RUNTIME_ONLY neutral retire case=00091 pc=0x80003200 opcode=xor x23=0x800032dc
000000221 RUNTIME_ONLY neutral retire case=00091 pc=0x80003204 opcode=addi x24=0x800032d9
000000222 RUNTIME_ONLY neutral retire case=00091 pc=0x80003208 opcode=lw x25=0x800032d6
000000223 RUNTIME_ONLY neutral retire case=00091 pc=0x8000320c opcode=sw x26=0x800032d3
000000224 RUNTIME_ONLY neutral retire case=00091 pc=0x80003210 opcode=beq x27=0x800032f0
000000225 RUNTIME_ONLY neutral retire case=00091 pc=0x80003214 opcode=csrrw x28=0x800032f5
000000226 RUNTIME_ONLY neutral retire case=00091 pc=0x80003218 opcode=xor x29=0x800032fa
000000227 RUNTIME_ONLY neutral retire case=00091 pc=0x8000321c opcode=addi x30=0x800032ff
000000228 RUNTIME_ONLY neutral retire case=00091 pc=0x80003220 opcode=lw x31=0x800032c4
000000229 RUNTIME_ONLY neutral retire case=00091 pc=0x80003224 opcode=sw x0=0x800032c1
000000230 RUNTIME_ONLY neutral retire case=00091 pc=0x80003228 opcode=beq x1=0x800032ce
000000231 RUNTIME_ONLY neutral retire case=00091 pc=0x8000322c opcode=csrrw x2=0x800032cb
000000232 RUNTIME_ONLY neutral retire case=00091 pc=0x80003230 opcode=xor x3=0x800032d8
000000233 RUNTIME_ONLY neutral retire case=00091 pc=0x80003234 opcode=addi x4=0x800032dd
000000234 RUNTIME_ONLY neutral retire case=00091 pc=0x80003238 opcode=lw x5=0x800032d2
000000235 RUNTIME_ONLY neutral retire case=00091 pc=0x8000323c opcode=sw x6=0x800032d7
000000236 RUNTIME_ONLY neutral retire case=00091 pc=0x80003240 opcode=beq x7=0x800032ac
000000237 RUNTIME_ONLY neutral retire case=00091 pc=0x80003244 opcode=csrrw x8=0x800032a9
000000238 RUNTIME_ONLY neutral retire case=00091 pc=0x80003248 opcode=xor x9=0x800032a6
000000239 RUNTIME_ONLY neutral retire case=00091 pc=0x8000324c opcode=addi x10=0x800032a3
