UVM_FATAL /runtime_only_unique_aaam.sv(1) @ 1: runtime_only_unique_failure_aaam normalization resistant timing marker
RUNTIME_ONLY_CASE=13 SOURCE_A=benchmark_set_2:6
riscv_single_interrupt_test.0 : [FAILED]
RUNTIME_ONLY_COMBINE SOURCE_B=benchmark_set_1:5
riscv_single_interrupt_test.0 : [FAILED]
000000000 RUNTIME_ONLY neutral retire case=00013 pc=0x800006a4 opcode=lw x13=0x800006a4
000000001 RUNTIME_ONLY neutral retire case=00013 pc=0x800006a8 opcode=sw x14=0x800006a9
000000002 RUNTIME_ONLY neutral retire case=00013 pc=0x800006ac opcode=beq x15=0x800006ae
000000003 RUNTIME_ONLY neutral retire case=00013 pc=0x800006b0 opcode=csrrw x16=0x800006b3
000000004 RUNTIME_ONLY neutral retire case=00013 pc=0x800006b4 opcode=xor x17=0x800006b0
000000005 RUNTIME_ONLY neutral retire case=00013 pc=0x800006b8 opcode=addi x18=0x800006bd
000000006 RUNTIME_ONLY neutral retire case=00013 pc=0x800006bc opcode=lw x19=0x800006ba
000000007 RUNTIME_ONLY neutral retire case=00013 pc=0x800006c0 opcode=sw x20=0x800006c7
000000008 RUNTIME_ONLY neutral retire case=00013 pc=0x800006c4 opcode=beq x21=0x800006cc
000000009 RUNTIME_ONLY neutral retire case=00013 pc=0x800006c8 opcode=csrrw x22=0x800006c1
000000010 RUNTIME_ONLY neutral retire case=00013 pc=0x800006cc opcode=xor x23=0x800006c6
000000011 RUNTIME_ONLY neutral retire case=00013 pc=0x800006d0 opcode=addi x24=0x800006db
000000012 RUNTIME_ONLY neutral retire case=00013 pc=0x800006d4 opcode=lw x25=0x800006d8
000000013 RUNTIME_ONLY neutral retire case=00013 pc=0x800006d8 opcode=sw x26=0x800006d5
000000014 RUNTIME_ONLY neutral retire case=00013 pc=0x800006dc opcode=beq x27=0x800006d2
000000015 RUNTIME_ONLY neutral retire case=00013 pc=0x800006e0 opcode=csrrw x28=0x800006ef
000000016 RUNTIME_ONLY neutral retire case=00013 pc=0x800006e4 opcode=xor x29=0x800006f4
000000017 RUNTIME_ONLY neutral retire case=00013 pc=0x800006e8 opcode=addi x30=0x800006f9
000000018 RUNTIME_ONLY neutral retire case=00013 pc=0x800006ec opcode=lw x31=0x800006fe
000000019 RUNTIME_ONLY neutral retire case=00013 pc=0x800006f0 opcode=sw x0=0x800006e3
000000020 RUNTIME_ONLY neutral retire case=00013 pc=0x800006f4 opcode=beq x1=0x800006e0
000000021 RUNTIME_ONLY neutral retire case=00013 pc=0x800006f8 opcode=csrrw x2=0x800006ed
000000022 RUNTIME_ONLY neutral retire case=00013 pc=0x800006fc opcode=xor x3=0x800006ea
000000023 RUNTIME_ONLY neutral retire case=00013 pc=0x80000700 opcode=addi x4=0x80000717
000000024 RUNTIME_ONLY neutral retire case=00013 pc=0x80000704 opcode=lw x5=0x8000071c
000000025 RUNTIME_ONLY neutral retire case=00013 pc=0x80000708 opcode=sw x6=0x80000711
000000026 RUNTIME_ONLY neutral retire case=00013 pc=0x8000070c opcode=beq x7=0x80000716
000000027 RUNTIME_ONLY neutral retire case=00013 pc=0x80000710 opcode=csrrw x8=0x8000070b
000000028 RUNTIME_ONLY neutral retire case=00013 pc=0x80000714 opcode=xor x9=0x80000708
000000029 RUNTIME_ONLY neutral retire case=00013 pc=0x80000718 opcode=addi x10=0x80000705
000000030 RUNTIME_ONLY neutral retire case=00013 pc=0x8000071c opcode=lw x11=0x80000702
000000031 RUNTIME_ONLY neutral retire case=00013 pc=0x80000720 opcode=sw x12=0x8000073f
000000032 RUNTIME_ONLY neutral retire case=00013 pc=0x80000724 opcode=beq x13=0x80000704
000000033 RUNTIME_ONLY neutral retire case=00013 pc=0x80000728 opcode=csrrw x14=0x80000709
000000034 RUNTIME_ONLY neutral retire case=00013 pc=0x8000072c opcode=xor x15=0x8000070e
000000035 RUNTIME_ONLY neutral retire case=00013 pc=0x80000730 opcode=addi x16=0x80000713
000000036 RUNTIME_ONLY neutral retire case=00013 pc=0x80000734 opcode=lw x17=0x80000710
000000037 RUNTIME_ONLY neutral retire case=00013 pc=0x80000738 opcode=sw x18=0x8000071d
000000038 RUNTIME_ONLY neutral retire case=00013 pc=0x8000073c opcode=beq x19=0x8000071a
000000039 RUNTIME_ONLY neutral retire case=00013 pc=0x80000740 opcode=csrrw x20=0x80000767
000000040 RUNTIME_ONLY neutral retire case=00013 pc=0x80000744 opcode=xor x21=0x8000076c
000000041 RUNTIME_ONLY neutral retire case=00013 pc=0x80000748 opcode=addi x22=0x80000761
000000042 RUNTIME_ONLY neutral retire case=00013 pc=0x8000074c opcode=lw x23=0x80000766
000000043 RUNTIME_ONLY neutral retire case=00013 pc=0x80000750 opcode=sw x24=0x8000077b
000000044 RUNTIME_ONLY neutral retire case=00013 pc=0x80000754 opcode=beq x25=0x80000778
000000045 RUNTIME_ONLY neutral retire case=00013 pc=0x80000758 opcode=csrrw x26=0x80000775
000000046 RUNTIME_ONLY neutral retire case=00013 pc=0x8000075c opcode=xor x27=0x80000772
000000047 RUNTIME_ONLY neutral retire case=00013 pc=0x80000760 opcode=addi x28=0x8000074f
000000048 RUNTIME_ONLY neutral retire case=00013 pc=0x80000764 opcode=lw x29=0x80000754
000000049 RUNTIME_ONLY neutral retire case=00013 pc=0x80000768 opcode=sw x30=0x80000759
000000050 RUNTIME_ONLY neutral retire case=00013 pc=0x8000076c opcode=beq x31=0x8000075e
000000051 RUNTIME_ONLY neutral retire case=00013 pc=0x80000770 opcode=csrrw x0=0x80000743
000000052 RUNTIME_ONLY neutral retire case=00013 pc=0x80000774 opcode=xor x1=0x80000740
000000053 RUNTIME_ONLY neutral retire case=00013 pc=0x80000778 opcode=addi x2=0x8000074d
000000054 RUNTIME_ONLY neutral retire case=00013 pc=0x8000077c opcode=lw x3=0x8000074a
000000055 RUNTIME_ONLY neutral retire case=00013 pc=0x80000780 opcode=sw x4=0x800007b7
000000056 RUNTIME_ONLY neutral retire case=00013 pc=0x80000784 opcode=beq x5=0x800007bc
000000057 RUNTIME_ONLY neutral retire case=00013 pc=0x80000788 opcode=csrrw x6=0x800007b1
000000058 RUNTIME_ONLY neutral retire case=00013 pc=0x8000078c opcode=xor x7=0x800007b6
000000059 RUNTIME_ONLY neutral retire case=00013 pc=0x80000790 opcode=addi x8=0x800007ab
000000060 RUNTIME_ONLY neutral retire case=00013 pc=0x80000794 opcode=lw x9=0x800007a8
000000061 RUNTIME_ONLY neutral retire case=00013 pc=0x80000798 opcode=sw x10=0x800007a5
000000062 RUNTIME_ONLY neutral retire case=00013 pc=0x8000079c opcode=beq x11=0x800007a2
000000063 RUNTIME_ONLY neutral retire case=00013 pc=0x800007a0 opcode=csrrw x12=0x8000079f
000000064 RUNTIME_ONLY neutral retire case=00013 pc=0x800007a4 opcode=xor x13=0x800007e4
000000065 RUNTIME_ONLY neutral retire case=00013 pc=0x800007a8 opcode=addi x14=0x800007e9
000000066 RUNTIME_ONLY neutral retire case=00013 pc=0x800007ac opcode=lw x15=0x800007ee
000000067 RUNTIME_ONLY neutral retire case=00013 pc=0x800007b0 opcode=sw x16=0x800007f3
000000068 RUNTIME_ONLY neutral retire case=00013 pc=0x800007b4 opcode=beq x17=0x800007f0
000000069 RUNTIME_ONLY neutral retire case=00013 pc=0x800007b8 opcode=csrrw x18=0x800007fd
000000070 RUNTIME_ONLY neutral retire case=00013 pc=0x800007bc opcode=xor x19=0x800007fa
000000071 RUNTIME_ONLY neutral retire case=00013 pc=0x800007c0 opcode=addi x20=0x80000787
000000072 RUNTIME_ONLY neutral retire case=00013 pc=0x800007c4 opcode=lw x21=0x8000078c
000000073 RUNTIME_ONLY neutral retire case=00013 pc=0x800007c8 opcode=sw x22=0x80000781
000000074 RUNTIME_ONLY neutral retire case=00013 pc=0x800007cc opcode=beq x23=0x80000786
000000075 RUNTIME_ONLY neutral retire case=00013 pc=0x800007d0 opcode=csrrw x24=0x8000079b
000000076 RUNTIME_ONLY neutral retire case=00013 pc=0x800007d4 opcode=xor x25=0x80000798
000000077 RUNTIME_ONLY neutral retire case=00013 pc=0x800007d8 opcode=addi x26=0x80000795
000000078 RUNTIME_ONLY neutral retire case=00013 pc=0x800007dc opcode=lw x27=0x80000792
000000079 RUNTIME_ONLY neutral retire case=00013 pc=0x800007e0 opcode=sw x28=0x800007af
000000080 RUNTIME_ONLY neutral retire case=00013 pc=0x800007e4 opcode=beq x29=0x800007b4
000000081 RUNTIME_ONLY neutral retire case=00013 pc=0x800007e8 opcode=csrrw x30=0x800007b9
000000082 RUNTIME_ONLY neutral retire case=00013 pc=0x800007ec opcode=xor x31=0x800007be
000000083 RUNTIME_ONLY neutral retire case=00013 pc=0x800007f0 opcode=addi x0=0x800007a3
000000084 RUNTIME_ONLY neutral retire case=00013 pc=0x800007f4 opcode=lw x1=0x800007a0
000000085 RUNTIME_ONLY neutral retire case=00013 pc=0x800007f8 opcode=sw x2=0x800007ad
000000086 RUNTIME_ONLY neutral retire case=00013 pc=0x800007fc opcode=beq x3=0x800007aa
000000087 RUNTIME_ONLY neutral retire case=00013 pc=0x80000800 opcode=csrrw x4=0x80000857
000000088 RUNTIME_ONLY neutral retire case=00013 pc=0x80000804 opcode=xor x5=0x8000085c
000000089 RUNTIME_ONLY neutral retire case=00013 pc=0x80000808 opcode=addi x6=0x80000851
000000090 RUNTIME_ONLY neutral retire case=00013 pc=0x8000080c opcode=lw x7=0x80000856
000000091 RUNTIME_ONLY neutral retire case=00013 pc=0x80000810 opcode=sw x8=0x8000084b
000000092 RUNTIME_ONLY neutral retire case=00013 pc=0x80000814 opcode=beq x9=0x80000848
000000093 RUNTIME_ONLY neutral retire case=00013 pc=0x80000818 opcode=csrrw x10=0x80000845
000000094 RUNTIME_ONLY neutral retire case=00013 pc=0x8000081c opcode=xor x11=0x80000842
000000095 RUNTIME_ONLY neutral retire case=00013 pc=0x80000820 opcode=addi x12=0x8000087f
000000096 RUNTIME_ONLY neutral retire case=00013 pc=0x80000824 opcode=lw x13=0x80000844
000000097 RUNTIME_ONLY neutral retire case=00013 pc=0x80000828 opcode=sw x14=0x80000849
000000098 RUNTIME_ONLY neutral retire case=00013 pc=0x8000082c opcode=beq x15=0x8000084e
000000099 RUNTIME_ONLY neutral retire case=00013 pc=0x80000830 opcode=csrrw x16=0x80000853
000000100 RUNTIME_ONLY neutral retire case=00013 pc=0x80000834 opcode=xor x17=0x80000850
000000101 RUNTIME_ONLY neutral retire case=00013 pc=0x80000838 opcode=addi x18=0x8000085d
000000102 RUNTIME_ONLY neutral retire case=00013 pc=0x8000083c opcode=lw x19=0x8000085a
000000103 RUNTIME_ONLY neutral retire case=00013 pc=0x80000840 opcode=sw x20=0x80000827
000000104 RUNTIME_ONLY neutral retire case=00013 pc=0x80000844 opcode=beq x21=0x8000082c
000000105 RUNTIME_ONLY neutral retire case=00013 pc=0x80000848 opcode=csrrw x22=0x80000821
000000106 RUNTIME_ONLY neutral retire case=00013 pc=0x8000084c opcode=xor x23=0x80000826
000000107 RUNTIME_ONLY neutral retire case=00013 pc=0x80000850 opcode=addi x24=0x8000083b
000000108 RUNTIME_ONLY neutral retire case=00013 pc=0x80000854 opcode=lw x25=0x80000838
000000109 RUNTIME_ONLY neutral retire case=00013 pc=0x80000858 opcode=sw x26=0x80000835
000000110 RUNTIME_ONLY neutral retire case=00013 pc=0x8000085c opcode=beq x27=0x80000832
000000111 RUNTIME_ONLY neutral retire case=00013 pc=0x80000860 opcode=csrrw x28=0x8000080f
000000112 RUNTIME_ONLY neutral retire case=00013 pc=0x80000864 opcode=xor x29=0x80000814
000000113 RUNTIME_ONLY neutral retire case=00013 pc=0x80000868 opcode=addi x30=0x80000819
000000114 RUNTIME_ONLY neutral retire case=00013 pc=0x8000086c opcode=lw x31=0x8000081e
000000115 RUNTIME_ONLY neutral retire case=00013 pc=0x80000870 opcode=sw x0=0x80000803
000000116 RUNTIME_ONLY neutral retire case=00013 pc=0x80000874 opcode=beq x1=0x80000800
000000117 RUNTIME_ONLY neutral retire case=00013 pc=0x80000878 opcode=csrrw x2=0x8000080d
000000118 RUNTIME_ONLY neutral retire case=00013 pc=0x8000087c opcode=xor x3=0x8000080a
000000119 RUNTIME_ONLY neutral retire case=00013 pc=0x80000880 opcode=addi x4=0x800008f7
000000120 RUNTIME_ONLY neutral retire case=00013 pc=0x80000884 opcode=lw x5=0x800008fc
000000121 RUNTIME_ONLY neutral retire case=00013 pc=0x80000888 opcode=sw x6=0x800008f1
000000122 RUNTIME_ONLY neutral retire case=00013 pc=0x8000088c opcode=beq x7=0x800008f6
000000123 RUNTIME_ONLY neutral retire case=00013 pc=0x80000890 opcode=csrrw x8=0x800008eb
000000124 RUNTIME_ONLY neutral retire case=00013 pc=0x80000894 opcode=xor x9=0x800008e8
000000125 RUNTIME_ONLY neutral retire case=00013 pc=0x80000898 opcode=addi x10=0x800008e5
000000126 RUNTIME_ONLY neutral retire case=00013 pc=0x8000089c opcode=lw x11=0x800008e2
000000127 RUNTIME_ONLY neutral retire case=00013 pc=0x800008a0 opcode=sw x12=0x800008df
000000128 RUNTIME_ONLY neutral retire case=00013 pc=0x800008a4 opcode=beq x13=0x80000824
000000129 RUNTIME_ONLY neutral retire case=00013 pc=0x800008a8 opcode=csrrw x14=0x80000829
000000130 RUNTIME_ONLY neutral retire case=00013 pc=0x800008ac opcode=xor x15=0x8000082e
000000131 RUNTIME_ONLY neutral retire case=00013 pc=0x800008b0 opcode=addi x16=0x80000833
000000132 RUNTIME_ONLY neutral retire case=00013 pc=0x800008b4 opcode=lw x17=0x80000830
000000133 RUNTIME_ONLY neutral retire case=00013 pc=0x800008b8 opcode=sw x18=0x8000083d
000000134 RUNTIME_ONLY neutral retire case=00013 pc=0x800008bc opcode=beq x19=0x8000083a
000000135 RUNTIME_ONLY neutral retire case=00013 pc=0x800008c0 opcode=csrrw x20=0x80000847
000000136 RUNTIME_ONLY neutral retire case=00013 pc=0x800008c4 opcode=xor x21=0x8000084c
000000137 RUNTIME_ONLY neutral retire case=00013 pc=0x800008c8 opcode=addi x22=0x80000841
000000138 RUNTIME_ONLY neutral retire case=00013 pc=0x800008cc opcode=lw x23=0x80000846
000000139 RUNTIME_ONLY neutral retire case=00013 pc=0x800008d0 opcode=sw x24=0x8000085b
000000140 RUNTIME_ONLY neutral retire case=00013 pc=0x800008d4 opcode=beq x25=0x80000858
000000141 RUNTIME_ONLY neutral retire case=00013 pc=0x800008d8 opcode=csrrw x26=0x80000855
000000142 RUNTIME_ONLY neutral retire case=00013 pc=0x800008dc opcode=xor x27=0x80000852
000000143 RUNTIME_ONLY neutral retire case=00013 pc=0x800008e0 opcode=addi x28=0x8000086f
000000144 RUNTIME_ONLY neutral retire case=00013 pc=0x800008e4 opcode=lw x29=0x80000874
000000145 RUNTIME_ONLY neutral retire case=00013 pc=0x800008e8 opcode=sw x30=0x80000879
000000146 RUNTIME_ONLY neutral retire case=00013 pc=0x800008ec opcode=beq x31=0x8000087e
000000147 RUNTIME_ONLY neutral retire case=00013 pc=0x800008f0 opcode=csrrw x0=0x80000863
000000148 RUNTIME_ONLY neutral retire case=00013 pc=0x800008f4 opcode=xor x1=0x80000860
000000149 RUNTIME_ONLY neutral retire case=00013 pc=0x800008f8 opcode=addi x2=0x8000086d
000000150 RUNTIME_ONLY neutral retire case=00013 pc=0x800008fc opcode=lw x3=0x8000086a
000000151 RUNTIME_ONLY neutral retire case=00013 pc=0x80000900 opcode=sw x4=0x80000997
000000152 RUNTIME_ONLY neutral retire case=00013 pc=0x80000904 opcode=beq x5=0x8000099c
000000153 RUNTIME_ONLY neutral retire case=00013 pc=0x80000908 opcode=csrrw x6=0x80000991
000000154 RUNTIME_ONLY neutral retire case=00013 pc=0x8000090c opcode=xor x7=0x80000996
000000155 RUNTIME_ONLY neutral retire case=00013 pc=0x80000910 opcode=addi x8=0x8000098b
000000156 RUNTIME_ONLY neutral retire case=00013 pc=0x80000914 opcode=lw x9=0x80000988
000000157 RUNTIME_ONLY neutral retire case=00013 pc=0x80000918 opcode=sw x10=0x80000985
000000158 RUNTIME_ONLY neutral retire case=00013 pc=0x8000091c opcode=beq x11=0x80000982
000000159 RUNTIME_ONLY neutral retire case=00013 pc=0x80000920 opcode=csrrw x12=0x800009bf
000000160 RUNTIME_ONLY neutral retire case=00013 pc=0x80000924 opcode=xor x13=0x80000984
000000161 RUNTIME_ONLY neutral retire case=00013 pc=0x80000928 opcode=addi x14=0x80000989
000000162 RUNTIME_ONLY neutral retire case=00013 pc=0x8000092c opcode=lw x15=0x8000098e
000000163 RUNTIME_ONLY neutral retire case=00013 pc=0x80000930 opcode=sw x16=0x80000993
000000164 RUNTIME_ONLY neutral retire case=00013 pc=0x80000934 opcode=beq x17=0x80000990
000000165 RUNTIME_ONLY neutral retire case=00013 pc=0x80000938 opcode=csrrw x18=0x8000099d
000000166 RUNTIME_ONLY neutral retire case=00013 pc=0x8000093c opcode=xor x19=0x8000099a
000000167 RUNTIME_ONLY neutral retire case=00013 pc=0x80000940 opcode=addi x20=0x800009e7
000000168 RUNTIME_ONLY neutral retire case=00013 pc=0x80000944 opcode=lw x21=0x800009ec
000000169 RUNTIME_ONLY neutral retire case=00013 pc=0x80000948 opcode=sw x22=0x800009e1
000000170 RUNTIME_ONLY neutral retire case=00013 pc=0x8000094c opcode=beq x23=0x800009e6
000000171 RUNTIME_ONLY neutral retire case=00013 pc=0x80000950 opcode=csrrw x24=0x800009fb
000000172 RUNTIME_ONLY neutral retire case=00013 pc=0x80000954 opcode=xor x25=0x800009f8
000000173 RUNTIME_ONLY neutral retire case=00013 pc=0x80000958 opcode=addi x26=0x800009f5
000000174 RUNTIME_ONLY neutral retire case=00013 pc=0x8000095c opcode=lw x27=0x800009f2
000000175 RUNTIME_ONLY neutral retire case=00013 pc=0x80000960 opcode=sw x28=0x800009cf
000000176 RUNTIME_ONLY neutral retire case=00013 pc=0x80000964 opcode=beq x29=0x800009d4
000000177 RUNTIME_ONLY neutral retire case=00013 pc=0x80000968 opcode=csrrw x30=0x800009d9
000000178 RUNTIME_ONLY neutral retire case=00013 pc=0x8000096c opcode=xor x31=0x800009de
000000179 RUNTIME_ONLY neutral retire case=00013 pc=0x80000970 opcode=addi x0=0x800009c3
000000180 RUNTIME_ONLY neutral retire case=00013 pc=0x80000974 opcode=lw x1=0x800009c0
000000181 RUNTIME_ONLY neutral retire case=00013 pc=0x80000978 opcode=sw x2=0x800009cd
000000182 RUNTIME_ONLY neutral retire case=00013 pc=0x8000097c opcode=beq x3=0x800009ca
000000183 RUNTIME_ONLY neutral retire case=00013 pc=0x80000980 opcode=csrrw x4=0x80000937
000000184 RUNTIME_ONLY neutral retire case=00013 pc=0x80000984 opcode=xor x5=0x8000093c
000000185 RUNTIME_ONLY neutral retire case=00013 pc=0x80000988 opcode=addi x6=0x80000931
000000186 RUNTIME_ONLY neutral retire case=00013 pc=0x8000098c opcode=lw x7=0x80000936
000000187 RUNTIME_ONLY neutral retire case=00013 pc=0x80000990 opcode=sw x8=0x8000092b
000000188 RUNTIME_ONLY neutral retire case=00013 pc=0x80000994 opcode=beq x9=0x80000928
000000189 RUNTIME_ONLY neutral retire case=00013 pc=0x80000998 opcode=csrrw x10=0x80000925
000000190 RUNTIME_ONLY neutral retire case=00013 pc=0x8000099c opcode=xor x11=0x80000922
000000191 RUNTIME_ONLY neutral retire case=00013 pc=0x800009a0 opcode=addi x12=0x8000091f
000000192 RUNTIME_ONLY neutral retire case=00013 pc=0x800009a4 opcode=lw x13=0x80000964
000000193 RUNTIME_ONLY neutral retire case=00013 pc=0x800009a8 opcode=sw x14=0x80000969
000000194 RUNTIME_ONLY neutral retire case=00013 pc=0x800009ac opcode=beq x15=0x8000096e
000000195 RUNTIME_ONLY neutral retire case=00013 pc=0x800009b0 opcode=csrrw x16=0x80000973
000000196 RUNTIME_ONLY neutral retire case=00013 pc=0x800009b4 opcode=xor x17=0x80000970
000000197 RUNTIME_ONLY neutral retire case=00013 pc=0x800009b8 opcode=addi x18=0x8000097d
000000198 RUNTIME_ONLY neutral retire case=00013 pc=0x800009bc opcode=lw x19=0x8000097a
000000199 RUNTIME_ONLY neutral retire case=00013 pc=0x800009c0 opcode=sw x20=0x80000907
000000200 RUNTIME_ONLY neutral retire case=00013 pc=0x800009c4 opcode=beq x21=0x8000090c
000000201 RUNTIME_ONLY neutral retire case=00013 pc=0x800009c8 opcode=csrrw x22=0x80000901
000000202 RUNTIME_ONLY neutral retire case=00013 pc=0x800009cc opcode=xor x23=0x80000906
000000203 RUNTIME_ONLY neutral retire case=00013 pc=0x800009d0 opcode=addi x24=0x8000091b
000000204 RUNTIME_ONLY neutral retire case=00013 pc=0x800009d4 opcode=lw x25=0x80000918
000000205 RUNTIME_ONLY neutral retire case=00013 pc=0x800009d8 opcode=sw x26=0x80000915
000000206 RUNTIME_ONLY neutral retire case=00013 pc=0x800009dc opcode=beq x27=0x80000912
000000207 RUNTIME_ONLY neutral retire case=00013 pc=0x800009e0 opcode=csrrw x28=0x8000092f
000000208 RUNTIME_ONLY neutral retire case=00013 pc=0x800009e4 opcode=xor x29=0x80000934
000000209 RUNTIME_ONLY neutral retire case=00013 pc=0x800009e8 opcode=addi x30=0x80000939
000000210 RUNTIME_ONLY neutral retire case=00013 pc=0x800009ec opcode=lw x31=0x8000093e
000000211 RUNTIME_ONLY neutral retire case=00013 pc=0x800009f0 opcode=sw x0=0x80000923
000000212 RUNTIME_ONLY neutral retire case=00013 pc=0x800009f4 opcode=beq x1=0x80000920
000000213 RUNTIME_ONLY neutral retire case=00013 pc=0x800009f8 opcode=csrrw x2=0x8000092d
000000214 RUNTIME_ONLY neutral retire case=00013 pc=0x800009fc opcode=xor x3=0x8000092a
000000215 RUNTIME_ONLY neutral retire case=00013 pc=0x80000a00 opcode=addi x4=0x80000ad7
000000216 RUNTIME_ONLY neutral retire case=00013 pc=0x80000a04 opcode=lw x5=0x80000adc
000000217 RUNTIME_ONLY neutral retire case=00013 pc=0x80000a08 opcode=sw x6=0x80000ad1
000000218 RUNTIME_ONLY neutral retire case=00013 pc=0x80000a0c opcode=beq x7=0x80000ad6
000000219 RUNTIME_ONLY neutral retire case=00013 pc=0x80000a10 opcode=csrrw x8=0x80000acb
000000220 RUNTIME_ONLY neutral retire case=00013 pc=0x80000a14 opcode=xor x9=0x80000ac8
000000221 RUNTIME_ONLY neutral retire case=00013 pc=0x80000a18 opcode=addi x10=0x80000ac5
000000222 RUNTIME_ONLY neutral retire case=00013 pc=0x80000a1c opcode=lw x11=0x80000ac2
000000223 RUNTIME_ONLY neutral retire case=00013 pc=0x80000a20 opcode=sw x12=0x80000aff
000000224 RUNTIME_ONLY neutral retire case=00013 pc=0x80000a24 opcode=beq x13=0x80000ac4
000000225 RUNTIME_ONLY neutral retire case=00013 pc=0x80000a28 opcode=csrrw x14=0x80000ac9
000000226 RUNTIME_ONLY neutral retire case=00013 pc=0x80000a2c opcode=xor x15=0x80000ace
000000227 RUNTIME_ONLY neutral retire case=00013 pc=0x80000a30 opcode=addi x16=0x80000ad3
000000228 RUNTIME_ONLY neutral retire case=00013 pc=0x80000a34 opcode=lw x17=0x80000ad0
000000229 RUNTIME_ONLY neutral retire case=00013 pc=0x80000a38 opcode=sw x18=0x80000add
000000230 RUNTIME_ONLY neutral retire case=00013 pc=0x80000a3c opcode=beq x19=0x80000ada
000000231 RUNTIME_ONLY neutral retire case=00013 pc=0x80000a40 opcode=csrrw x20=0x80000aa7
000000232 RUNTIME_ONLY neutral retire case=00013 pc=0x80000a44 opcode=xor x21=0x80000aac
000000233 RUNTIME_ONLY neutral retire case=00013 pc=0x80000a48 opcode=addi x22=0x80000aa1
000000234 RUNTIME_ONLY neutral retire case=00013 pc=0x80000a4c opcode=lw x23=0x80000aa6
000000235 RUNTIME_ONLY neutral retire case=00013 pc=0x80000a50 opcode=sw x24=0x80000abb
000000236 RUNTIME_ONLY neutral retire case=00013 pc=0x80000a54 opcode=beq x25=0x80000ab8
000000237 RUNTIME_ONLY neutral retire case=00013 pc=0x80000a58 opcode=csrrw x26=0x80000ab5
000000238 RUNTIME_ONLY neutral retire case=00013 pc=0x80000a5c opcode=xor x27=0x80000ab2
000000239 RUNTIME_ONLY neutral retire case=00013 pc=0x80000a60 opcode=addi x28=0x80000a8f
000000240 RUNTIME_ONLY neutral retire case=00013 pc=0x80000a64 opcode=lw x29=0x80000a94
