0.00% PASS 0 PASSED, 1 FAILED
riscv_single_interrupt_test.5762: FAILED


################################################################################
# Details of failing tests
################################################################################

riscv_single_interrupt_test.5762
--------------------------------
binary:          test.bin
rtl_log:         rtl_sim.log
rtl_trace:       trace_core_00000000.log
iss_cosim_trace: spike_cosim_trace_core_00000000.log

[FAILED]: error seen in 'rtl_sim.log'
---------------*LOG-EXTRACT*----------------
    71: core_ibex_tb_top.dut.u_ibex_tracer.unmblk2.unmblk1: Writing execution trace to /workspace/ibex/dv/uvm/out/run/tests/riscv_single_interrupt_test.5762/trace_core_00000000.log
    72: UVM_INFO /workspace/ibex/dv/uvm/core_ibex/tests/core_ibex_seq_lib.sv(46) @ 39045: uvm_test_top.env.irq_agent.sequencer@@irq_single_seq_h [uvm_test_top.env.irq_agent.sequencer.irq_single_seq_h] Starting sequence...
    73: UVM_INFO /workspace/ibex/dv/uvm/core_ibex/tests/core_ibex_seq_lib.sv(58) @ 39055: uvm_test_top.env.irq_agent.sequencer@@irq_single_seq_h [uvm_test_top.env.irq_agent.sequencer.irq_single_seq_h] Exiting sequence
    74: UVM_INFO /workspace/ibex/dv/uvm/core_ibex/tests/core_ibex_test_lib.sv(853) @ 39085: uvm_test_top [uvm_test_top] irq: 0x800
    75: UVM_INFO /workspace/ibex/dv/uvm/core_ibex/tests/core_ibex_test_lib.sv(856) @ 39085: uvm_test_top [uvm_test_top] irq_id: 0xb
[E] 76: UVM_FATAL /workspace/ibex/dv/uvm/core_ibex/common/ibex_cosim_agent/ibex_cosim_scoreboard.sv(172) @ 40245: uvm_test_top.env.cosim_agent.scoreboard [uvm_test_top.env.cosim_agent.scoreboard] Cosim mismatch PC mismatch, DUT retired : 800040ee , but the ISS retired: 8000272c
    77: 
    78: 
    79: --- RISC-V UVM TEST FAILED ---
    80: 
--------------------------------------------



################################################################################
# Details of passing tests
################################################################################
No passing tests. Hmmmm...
