UVM_FATAL /runtime_only_unique_aaqj.sv(1) @ 1: runtime_only_unique_failure_aaqj normalization resistant timing marker
RUNTIME_ONLY_CASE=452 SOURCE_A=benchmark_set_1:4
riscv_debug_basic_test.0 : [FAILED]
RUNTIME_ONLY_COMBINE SOURCE_B=benchmark_set_2:5
spike[937] : pc[ffffffff80000ca2] c.mv s0, sp: s0:00000338
[FAILED]: 883 matched, 64810 mismatch
000000000 RUNTIME_ONLY neutral retire case=00452 pc=0x8000e74c opcode=sw x4=0x8000e74c
000000001 RUNTIME_ONLY neutral retire case=00452 pc=0x8000e750 opcode=beq x5=0x8000e751
000000002 RUNTIME_ONLY neutral retire case=00452 pc=0x8000e754 opcode=csrrw x6=0x8000e756
000000003 RUNTIME_ONLY neutral retire case=00452 pc=0x8000e758 opcode=xor x7=0x8000e75b
000000004 RUNTIME_ONLY neutral retire case=00452 pc=0x8000e75c opcode=addi x8=0x8000e758
000000005 RUNTIME_ONLY neutral retire case=00452 pc=0x8000e760 opcode=lw x9=0x8000e765
000000006 RUNTIME_ONLY neutral retire case=00452 pc=0x8000e764 opcode=sw x10=0x8000e762
000000007 RUNTIME_ONLY neutral retire case=00452 pc=0x8000e768 opcode=beq x11=0x8000e76f
000000008 RUNTIME_ONLY neutral retire case=00452 pc=0x8000e76c opcode=csrrw x12=0x8000e764
000000009 RUNTIME_ONLY neutral retire case=00452 pc=0x8000e770 opcode=xor x13=0x8000e779
000000010 RUNTIME_ONLY neutral retire case=00452 pc=0x8000e774 opcode=addi x14=0x8000e77e
000000011 RUNTIME_ONLY neutral retire case=00452 pc=0x8000e778 opcode=lw x15=0x8000e773
000000012 RUNTIME_ONLY neutral retire case=00452 pc=0x8000e77c opcode=sw x16=0x8000e770
000000013 RUNTIME_ONLY neutral retire case=00452 pc=0x8000e780 opcode=beq x17=0x8000e78d
000000014 RUNTIME_ONLY neutral retire case=00452 pc=0x8000e784 opcode=csrrw x18=0x8000e78a
000000015 RUNTIME_ONLY neutral retire case=00452 pc=0x8000e788 opcode=xor x19=0x8000e787
