UVM_FATAL /runtime_only_unique_aalu.sv(1) @ 1: runtime_only_unique_failure_aalu normalization resistant timing marker
RUNTIME_ONLY_CASE=333 SOURCE_A=benchmark_set_2:6
riscv_single_interrupt_test.0 : [FAILED]
RUNTIME_ONLY_COMBINE SOURCE_B=benchmark_set_2:4
riscv_single_interrupt_test.0 : [FAILED]
000000000 RUNTIME_ONLY neutral retire case=00333 pc=0x8000aa64 opcode=beq x13=0x8000aa64
000000001 RUNTIME_ONLY neutral retire case=00333 pc=0x8000aa68 opcode=csrrw x14=0x8000aa69
000000002 RUNTIME_ONLY neutral retire case=00333 pc=0x8000aa6c opcode=xor x15=0x8000aa6e
000000003 RUNTIME_ONLY neutral retire case=00333 pc=0x8000aa70 opcode=addi x16=0x8000aa73
000000004 RUNTIME_ONLY neutral retire case=00333 pc=0x8000aa74 opcode=lw x17=0x8000aa70
000000005 RUNTIME_ONLY neutral retire case=00333 pc=0x8000aa78 opcode=sw x18=0x8000aa7d
000000006 RUNTIME_ONLY neutral retire case=00333 pc=0x8000aa7c opcode=beq x19=0x8000aa7a
000000007 RUNTIME_ONLY neutral retire case=00333 pc=0x8000aa80 opcode=csrrw x20=0x8000aa87
000000008 RUNTIME_ONLY neutral retire case=00333 pc=0x8000aa84 opcode=xor x21=0x8000aa8c
000000009 RUNTIME_ONLY neutral retire case=00333 pc=0x8000aa88 opcode=addi x22=0x8000aa81
000000010 RUNTIME_ONLY neutral retire case=00333 pc=0x8000aa8c opcode=lw x23=0x8000aa86
000000011 RUNTIME_ONLY neutral retire case=00333 pc=0x8000aa90 opcode=sw x24=0x8000aa9b
000000012 RUNTIME_ONLY neutral retire case=00333 pc=0x8000aa94 opcode=beq x25=0x8000aa98
000000013 RUNTIME_ONLY neutral retire case=00333 pc=0x8000aa98 opcode=csrrw x26=0x8000aa95
000000014 RUNTIME_ONLY neutral retire case=00333 pc=0x8000aa9c opcode=xor x27=0x8000aa92
