xrun(64): 23.09-s003: (c) Copyright 1995-2023 Cadence Design Systems, Inc.
TOOL:	xrun(64)	23.09-s003: Started on May 08, 2026 at 08:34:36 EDT
xrun
	-64bit
	-R
	-xmlibdirpath /home/meow/iccad/dataset/raw_runs_first_batch/bug_008/riscv_rand_instr_test/seed_002045/build/tb
	-licqueue
	-svseed 2045
	-svrnc rand_struct
	-nokey
	-l /home/meow/iccad/dataset/raw_runs_first_batch/bug_008/riscv_rand_instr_test/seed_002045/run/tests/riscv_rand_instr_test.2045/rtl_sim.log
	+UVM_TESTNAME=core_ibex_base_test
	+UVM_VERBOSITY=UVM_LOW
	+bin=/home/meow/iccad/dataset/raw_runs_first_batch/bug_008/riscv_rand_instr_test/seed_002045/run/tests/riscv_rand_instr_test.2045/test.bin
	+ibex_tracer_file_base=/home/meow/iccad/dataset/raw_runs_first_batch/bug_008/riscv_rand_instr_test/seed_002045/run/tests/riscv_rand_instr_test.2045/trace_core
	+cosim_log_file=/home/meow/iccad/dataset/raw_runs_first_batch/bug_008/riscv_rand_instr_test/seed_002045/run/tests/riscv_rand_instr_test.2045/spike_cosim_trace_core_00000000.log
	+signature_addr=8ffffffc
	+test_timeout_s=1800

   User defined plus("+") options:
	+UVM_VERBOSITY=UVM_LOW
	+bin=/home/meow/iccad/dataset/raw_runs_first_batch/bug_008/riscv_rand_instr_test/seed_002045/run/tests/riscv_rand_instr_test.2045/test.bin
	+ibex_tracer_file_base=/home/meow/iccad/dataset/raw_runs_first_batch/bug_008/riscv_rand_instr_test/seed_002045/run/tests/riscv_rand_instr_test.2045/trace_core
	+cosim_log_file=/home/meow/iccad/dataset/raw_runs_first_batch/bug_008/riscv_rand_instr_test/seed_002045/run/tests/riscv_rand_instr_test.2045/spike_cosim_trace_core_00000000.log
	+signature_addr=8ffffffc
	+test_timeout_s=1800

Loading snapshot worklib.prim_secded_22_16_dec:sv .................... Done
SVSEED set from command line: 2045
xcelium> source /opt/cadence/XCELIUM2309/tools/xcelium/files/xmsimrc
xcelium> source /opt/cadence/XCELIUM2309/tools/methodology/UVM/CDNS-1.2/additions/sv/files/tcl/uvm_sim.tcl
xcelium> run
UVM_INFO /opt/cadence/XCELIUM2309/tools/methodology/UVM/CDNS-1.2/sv/src/base/uvm_root.svh(412) @ 0: reporter [UVM/RELNOTES] 
----------------------------------------------------------------
CDNS-UVM-1.2 (23.09-s003)
(C) 2007-2014 Mentor Graphics Corporation
(C) 2007-2014 Cadence Design Systems, Inc.
(C) 2006-2014 Synopsys, Inc.
(C) 2011-2013 Cypress Semiconductor Corp.
(C) 2013-2014 NVIDIA Corporation
----------------------------------------------------------------

  ***********       IMPORTANT RELEASE NOTES         ************

  You are using a version of the UVM library that has been compiled
  with `UVM_NO_DEPRECATED undefined.
  See http://www.eda.org/svdb/view.php?id=3313 for more details.

  You are using a version of the UVM library that has been compiled
  with `UVM_OBJECT_DO_NOT_NEED_CONSTRUCTOR undefined.
  See http://www.eda.org/svdb/view.php?id=3770 for more details.

      (Specify +UVM_NO_RELNOTES to turn off this notice)

UVM_INFO @ 0: reporter [RNTST] Running test core_ibex_base_test...
SDI/Verilog Transaction Recording Facility Version 23.09-s003
UVM_INFO /home/meow/iccad/repos/ibex_expand_test2/dv/uvm/core_ibex/tests/core_ibex_base_test.sv(265) @ 2015: uvm_test_top [uvm_test_top] Loading single test binary into memory now.
UVM_INFO /home/meow/iccad/repos/ibex_expand_test2/dv/uvm/core_ibex/tests/core_ibex_base_test.sv(370) @ 2015: uvm_test_top [uvm_test_top] Test wall-clock timeout is set to : 1800s
UVM_INFO /home/meow/iccad/repos/ibex_expand_test2/dv/uvm/core_ibex/common/ibex_mem_intf_agent/ibex_mem_intf_response_seq_lib.sv(44) @ 2015: uvm_test_top.env.instr_if_response_agent.sequencer@@instr_intf_seq [uvm_test_top.env.instr_if_response_agent.sequencer.instr_intf_seq] is_dmem_seq: 0x0
UVM_INFO /home/meow/iccad/repos/ibex_expand_test2/dv/uvm/core_ibex/common/ibex_mem_intf_agent/ibex_mem_intf_response_seq_lib.sv(44) @ 2015: uvm_test_top.env.data_if_response_agent.sequencer@@data_intf_seq [uvm_test_top.env.data_if_response_agent.sequencer.data_intf_seq] is_dmem_seq: 0x1
UVM_INFO /home/meow/iccad/repos/ibex_expand_test2/dv/uvm/core_ibex/tests/core_ibex_new_seq_lib.sv(65) @ 2015: reporter@@fetch_enable_seq_h [fetch_enable_seq_h] Running the "InfiniteRuns" schedule for stimulus generation
core_ibex_tb_top.dut.u_ibex_tracer.unmblk2.unmblk1: Writing execution trace to /home/meow/iccad/dataset/raw_runs_first_batch/bug_008/riscv_rand_instr_test/seed_002045/run/tests/riscv_rand_instr_test.2045/trace_core_00000000.log
               56145: Illegal instruction (hart 0) at PC 0x800064ce: 0xf15d1f73
               56165: Illegal instruction (hart 0) at PC 0x800064ce: 0xf15d1f73
               97265: Illegal instruction (hart 0) at PC 0x80006622: 0xf14e1b73
               97285: Illegal instruction (hart 0) at PC 0x80006622: 0xf14e1b73
              122225: Illegal instruction (hart 0) at PC 0x80006630: 0x7b006df3
              122245: Illegal instruction (hart 0) at PC 0x80006630: 0x7b006df3
              175325: Illegal instruction (hart 0) at PC 0x80006818: 0x7b107af3
              175345: Illegal instruction (hart 0) at PC 0x80006818: 0x7b107af3
              190185: Illegal instruction (hart 0) at PC 0x8000688a: 0xf15a1ff3
              190205: Illegal instruction (hart 0) at PC 0x8000688a: 0xf15a1ff3
              218005: Illegal instruction (hart 0) at PC 0x800068c8: 0x7b2027f3
              218025: Illegal instruction (hart 0) at PC 0x800068c8: 0x7b2027f3
              233785: Illegal instruction (hart 0) at PC 0x80006930: 0x7b0064f3
              233805: Illegal instruction (hart 0) at PC 0x80006930: 0x7b0064f3
              269585: Illegal instruction (hart 0) at PC 0x80006b3c: 0xf12750f3
              269605: Illegal instruction (hart 0) at PC 0x80006b3c: 0xf12750f3
              308485: Illegal instruction (hart 0) at PC 0x80006d98: 0xf13174f3
              308505: Illegal instruction (hart 0) at PC 0x80006d98: 0xf13174f3
              345425: Illegal instruction (hart 0) at PC 0x80006e50: 0xf14950f3
              345445: Illegal instruction (hart 0) at PC 0x80006e50: 0xf14950f3
              411445: Illegal instruction (hart 0) at PC 0x80007290: 0x7b306073
              411465: Illegal instruction (hart 0) at PC 0x80007290: 0x7b306073
              449665: Illegal instruction (hart 0) at PC 0x80007422: 0xf13314f3
              449685: Illegal instruction (hart 0) at PC 0x80007422: 0xf13314f3
              486985: Illegal instruction (hart 0) at PC 0x80007512: 0xf13093f3
              487005: Illegal instruction (hart 0) at PC 0x80007512: 0xf13093f3
              528325: Illegal instruction (hart 0) at PC 0x800075ec: 0xf15d16f3
              528345: Illegal instruction (hart 0) at PC 0x800075ec: 0xf15d16f3
              586625: Illegal instruction (hart 0) at PC 0x800076cc: 0xf1147c73
              586645: Illegal instruction (hart 0) at PC 0x800076cc: 0xf1147c73
              679105: Illegal instruction (hart 0) at PC 0x80007c0c: 0xf147a4f3
              679125: Illegal instruction (hart 0) at PC 0x80007c0c: 0xf147a4f3
              734085: Illegal instruction (hart 0) at PC 0x80007db2: 0xf15f7a73
              734105: Illegal instruction (hart 0) at PC 0x80007db2: 0xf15f7a73
              759025: Illegal instruction (hart 0) at PC 0x80007db6: 0xf12cd173
              759045: Illegal instruction (hart 0) at PC 0x80007db6: 0xf12cd173
              797485: Illegal instruction (hart 0) at PC 0x80007e52: 0x7b3071f3
              797505: Illegal instruction (hart 0) at PC 0x80007e52: 0x7b3071f3
              830165: Illegal instruction (hart 0) at PC 0x80007e72: 0xf15e53f3
              830185: Illegal instruction (hart 0) at PC 0x80007e72: 0xf15e53f3
              873925: Illegal instruction (hart 0) at PC 0x80007f70: 0x7b207373
              873945: Illegal instruction (hart 0) at PC 0x80007f70: 0x7b207373
              934545: Illegal instruction (hart 0) at PC 0x800081de: 0xf1149573
              934565: Illegal instruction (hart 0) at PC 0x800081de: 0xf1149573
              988225: Illegal instruction (hart 0) at PC 0x80008408: 0xf142b773
              988245: Illegal instruction (hart 0) at PC 0x80008408: 0xf142b773
             1091745: Illegal instruction (hart 0) at PC 0x800086cc: 0x7b2033f3
             1091765: Illegal instruction (hart 0) at PC 0x800086cc: 0x7b2033f3
             1129765: Illegal instruction (hart 0) at PC 0x800087a4: 0x7b206df3
             1129785: Illegal instruction (hart 0) at PC 0x800087a4: 0x7b206df3
             1178945: Illegal instruction (hart 0) at PC 0x8000890e: 0xf13757f3
             1178965: Illegal instruction (hart 0) at PC 0x8000890e: 0xf13757f3
             1223085: Illegal instruction (hart 0) at PC 0x80008a54: 0xf14353f3
             1223105: Illegal instruction (hart 0) at PC 0x80008a54: 0xf14353f3
             1257345: Illegal instruction (hart 0) at PC 0x80008b24: 0x7b006673
             1257365: Illegal instruction (hart 0) at PC 0x80008b24: 0x7b006673
             1417425: Illegal instruction (hart 0) at PC 0x800096e6: 0xf125d5f3
             1417445: Illegal instruction (hart 0) at PC 0x800096e6: 0xf125d5f3
             1463265: Illegal instruction (hart 0) at PC 0x80009806: 0xf133d8f3
             1463285: Illegal instruction (hart 0) at PC 0x80009806: 0xf133d8f3
             1518085: Illegal instruction (hart 0) at PC 0x80009b20: 0xf11cd2f3
             1518105: Illegal instruction (hart 0) at PC 0x80009b20: 0xf11cd2f3
             1602705: Illegal instruction (hart 0) at PC 0x80009ec6: 0xf1115673
             1602725: Illegal instruction (hart 0) at PC 0x80009ec6: 0xf1115673
             1645645: Illegal instruction (hart 0) at PC 0x80009f4a: 0x7b303f73
             1645665: Illegal instruction (hart 0) at PC 0x80009f4a: 0x7b303f73
             1701725: Illegal instruction (hart 0) at PC 0x8000a0b4: 0xf1165373
             1701745: Illegal instruction (hart 0) at PC 0x8000a0b4: 0xf1165373
             1750025: Illegal instruction (hart 0) at PC 0x800036f4: 0x7b0077f3
             1750045: Illegal instruction (hart 0) at PC 0x800036f4: 0x7b0077f3
             1812925: Illegal instruction (hart 0) at PC 0x80003a2c: 0xf12a3173
             1812945: Illegal instruction (hart 0) at PC 0x80003a2c: 0xf12a3173
             1902305: Illegal instruction (hart 0) at PC 0x8000b6a2: 0x7b302ef3
             1902325: Illegal instruction (hart 0) at PC 0x8000b6a2: 0x7b302ef3
             1956445: Illegal instruction (hart 0) at PC 0x8000b8d8: 0x7b0072f3
             1956465: Illegal instruction (hart 0) at PC 0x8000b8d8: 0x7b0072f3
             1999825: Illegal instruction (hart 0) at PC 0x8000b998: 0x7b0020f3
             1999845: Illegal instruction (hart 0) at PC 0x8000b998: 0x7b0020f3
             2084085: Illegal instruction (hart 0) at PC 0x80003f70: 0x7b3020f3
             2084105: Illegal instruction (hart 0) at PC 0x80003f70: 0x7b3020f3
             2128125: Illegal instruction (hart 0) at PC 0x8000408e: 0xf13293f3
             2128145: Illegal instruction (hart 0) at PC 0x8000408e: 0xf13293f3
             2196165: Illegal instruction (hart 0) at PC 0x800041da: 0xf14990f3
             2196185: Illegal instruction (hart 0) at PC 0x800041da: 0xf14990f3
             2230985: Illegal instruction (hart 0) at PC 0x800041f2: 0xf12d7b73
             2231005: Illegal instruction (hart 0) at PC 0x800041f2: 0xf12d7b73
             2332105: Illegal instruction (hart 0) at PC 0x800046ce: 0x7b2027f3
             2332125: Illegal instruction (hart 0) at PC 0x800046ce: 0x7b2027f3
             2393525: Illegal instruction (hart 0) at PC 0x800048a2: 0xf13534f3
             2393545: Illegal instruction (hart 0) at PC 0x800048a2: 0xf13534f3
             2465965: Illegal instruction (hart 0) at PC 0x8000b24a: 0xf1415e73
             2465985: Illegal instruction (hart 0) at PC 0x8000b24a: 0xf1415e73
             2515105: Illegal instruction (hart 0) at PC 0x8000b2d6: 0x7b3030f3
             2515125: Illegal instruction (hart 0) at PC 0x8000b2d6: 0x7b3030f3
             2596085: Illegal instruction (hart 0) at PC 0x80004fe2: 0x7b106ff3
             2596105: Illegal instruction (hart 0) at PC 0x80004fe2: 0x7b106ff3
             2632465: Illegal instruction (hart 0) at PC 0x8000509c: 0xf148d8f3
             2632485: Illegal instruction (hart 0) at PC 0x8000509c: 0xf148d8f3
             2753185: Illegal instruction (hart 0) at PC 0x800057be: 0x7b106873
             2753205: Illegal instruction (hart 0) at PC 0x800057be: 0x7b106873
             2797945: Illegal instruction (hart 0) at PC 0x800057e4: 0x7b2035f3
             2797965: Illegal instruction (hart 0) at PC 0x800057e4: 0x7b2035f3
             2829705: Illegal instruction (hart 0) at PC 0x800057f2: 0x7b007b73
             2829725: Illegal instruction (hart 0) at PC 0x800057f2: 0x7b007b73
             2913605: Illegal instruction (hart 0) at PC 0x800059f8: 0x7b1078f3
             2913625: Illegal instruction (hart 0) at PC 0x800059f8: 0x7b1078f3
             2968065: Illegal instruction (hart 0) at PC 0x80005c34: 0xf1211e73
             2968085: Illegal instruction (hart 0) at PC 0x80005c34: 0xf1211e73
             3084765: Illegal instruction (hart 0) at PC 0x80006068: 0xf1441f73
             3084785: Illegal instruction (hart 0) at PC 0x80006068: 0xf1441f73
             3186205: Illegal instruction (hart 0) at PC 0x80006318: 0xf13a51f3
             3186225: Illegal instruction (hart 0) at PC 0x80006318: 0xf13a51f3
             3236185: Illegal instruction (hart 0) at PC 0x8000644e: 0xf1452073
             3236205: Illegal instruction (hart 0) at PC 0x8000644e: 0xf1452073
UVM_INFO /home/meow/iccad/repos/ibex_expand_test2/dv/uvm/core_ibex/tests/core_ibex_base_test.sv(338) @ 3276415: uvm_test_top [uvm_test_top] Test done due to RISCV-DV handshake (payload=TEST_PASS)
UVM_INFO /opt/cadence/XCELIUM2309/tools/methodology/UVM/CDNS-1.2/sv/src/base/uvm_objection.svh(1271) @ 3336615: reporter [TEST_DONE] 'run' phase is ready to proceed to the 'extract' phase
UVM_INFO /opt/cadence/XCELIUM2309/tools/methodology/UVM/CDNS-1.2/sv/src/base/uvm_objection.svh(1271) @ 3337615: reporter [TEST_DONE] 'run' phase is ready to proceed to the 'extract' phase
UVM_INFO /home/meow/iccad/repos/ibex_expand_test2/dv/uvm/core_ibex/common/ibex_cosim_agent/ibex_cosim_scoreboard.sv(347) @ 3337615: uvm_test_top.env.cosim_agent.scoreboard [uvm_test_top.env.cosim_agent.scoreboard] Co-simulation matched      13294 instructions

--- RISC-V UVM TEST PASSED ---

UVM_INFO /opt/cadence/XCELIUM2309/tools/methodology/UVM/CDNS-1.2/sv/src/base/uvm_report_catcher.svh(705) @ 3337615: reporter [UVM/REPORT/CATCHER] 
--- UVM Report catcher Summary ---


Number of demoted UVM_FATAL reports  :    0
Number of demoted UVM_ERROR reports  :    0
Number of demoted UVM_WARNING reports:    0
Number of caught UVM_FATAL reports   :    0
Number of caught UVM_ERROR reports   :    0
Number of caught UVM_WARNING reports :    0

UVM_INFO /opt/cadence/XCELIUM2309/tools/methodology/UVM/CDNS-1.2/sv/src/base/uvm_report_server.svh(847) @ 3337615: reporter [UVM/REPORT/SERVER] 
--- UVM Report Summary ---

Quit count :     0 of     1
** Report counts by severity
UVM_INFO :   12
UVM_WARNING :    0
UVM_ERROR :    0
UVM_FATAL :    0
** Report counts by id
[RNTST]     1
[TEST_DONE]     2
[UVM/RELNOTES]     1
[UVM/REPORT/CATCHER]     1
[fetch_enable_seq_h]     1
[uvm_test_top]     3
[uvm_test_top.env.cosim_agent.scoreboard]     1
[uvm_test_top.env.data_if_response_agent.sequencer.data_intf_seq]     1
[uvm_test_top.env.instr_if_response_agent.sequencer.instr_intf_seq]     1

Simulation complete via $finish(1) at time 3337615 NS + 62
/opt/cadence/XCELIUM2309/tools/methodology/UVM/CDNS-1.2/sv/src/base/uvm_root.svh:543     $finish;
xcelium> exit
TOOL:	xrun(64)	23.09-s003: Exiting on May 08, 2026 at 08:35:26 EDT  (total: 00:00:50)
