UVM_FATAL /runtime_only_unique_aaxs.sv(1) @ 1: runtime_only_unique_failure_aaxs normalization resistant timing marker
RUNTIME_ONLY_CASE=643 SOURCE_A=benchmark_set_1:3
riscv_multiple_interrupt_test.0 : [FAILED]
RUNTIME_ONLY_COMBINE SOURCE_B=benchmark_set_1:5
riscv_single_interrupt_test.0 : [FAILED]
000000000 RUNTIME_ONLY neutral retire case=00643 pc=0x80014908 opcode=lw x3=0x80014908
000000001 RUNTIME_ONLY neutral retire case=00643 pc=0x8001490c opcode=sw x4=0x8001490d
000000002 RUNTIME_ONLY neutral retire case=00643 pc=0x80014910 opcode=beq x5=0x80014912
000000003 RUNTIME_ONLY neutral retire case=00643 pc=0x80014914 opcode=csrrw x6=0x80014917
000000004 RUNTIME_ONLY neutral retire case=00643 pc=0x80014918 opcode=xor x7=0x8001491c
000000005 RUNTIME_ONLY neutral retire case=00643 pc=0x8001491c opcode=addi x8=0x80014919
000000006 RUNTIME_ONLY neutral retire case=00643 pc=0x80014920 opcode=lw x9=0x80014926
000000007 RUNTIME_ONLY neutral retire case=00643 pc=0x80014924 opcode=sw x10=0x80014923
000000008 RUNTIME_ONLY neutral retire case=00643 pc=0x80014928 opcode=beq x11=0x80014920
000000009 RUNTIME_ONLY neutral retire case=00643 pc=0x8001492c opcode=csrrw x12=0x80014925
000000010 RUNTIME_ONLY neutral retire case=00643 pc=0x80014930 opcode=xor x13=0x8001493a
000000011 RUNTIME_ONLY neutral retire case=00643 pc=0x80014934 opcode=addi x14=0x8001493f
000000012 RUNTIME_ONLY neutral retire case=00643 pc=0x80014938 opcode=lw x15=0x80014934
000000013 RUNTIME_ONLY neutral retire case=00643 pc=0x8001493c opcode=sw x16=0x80014931
000000014 RUNTIME_ONLY neutral retire case=00643 pc=0x80014940 opcode=beq x17=0x8001494e
