UVM_FATAL /runtime_only_unique_aass.sv(1) @ 1: runtime_only_unique_failure_aass normalization resistant timing marker
RUNTIME_ONLY_CASE=513 SOURCE_A=benchmark_set_1:1
riscv_interrupt_csr_test.0 : [FAILED]
RUNTIME_ONLY_COMBINE SOURCE_B=benchmark_set_2:16
riscv_debug_ebreak_test.0 : [FAILED]
000000000 RUNTIME_ONLY neutral retire case=00513 pc=0x80010680 opcode=beq x1=0x80010680
000000001 RUNTIME_ONLY neutral retire case=00513 pc=0x80010684 opcode=csrrw x2=0x80010685
000000002 RUNTIME_ONLY neutral retire case=00513 pc=0x80010688 opcode=xor x3=0x8001068a
000000003 RUNTIME_ONLY neutral retire case=00513 pc=0x8001068c opcode=addi x4=0x8001068f
000000004 RUNTIME_ONLY neutral retire case=00513 pc=0x80010690 opcode=lw x5=0x80010694
000000005 RUNTIME_ONLY neutral retire case=00513 pc=0x80010694 opcode=sw x6=0x80010691
000000006 RUNTIME_ONLY neutral retire case=00513 pc=0x80010698 opcode=beq x7=0x8001069e
000000007 RUNTIME_ONLY neutral retire case=00513 pc=0x8001069c opcode=csrrw x8=0x8001069b
000000008 RUNTIME_ONLY neutral retire case=00513 pc=0x800106a0 opcode=xor x9=0x800106a8
000000009 RUNTIME_ONLY neutral retire case=00513 pc=0x800106a4 opcode=addi x10=0x800106ad
000000010 RUNTIME_ONLY neutral retire case=00513 pc=0x800106a8 opcode=lw x11=0x800106a2
000000011 RUNTIME_ONLY neutral retire case=00513 pc=0x800106ac opcode=sw x12=0x800106a7
000000012 RUNTIME_ONLY neutral retire case=00513 pc=0x800106b0 opcode=beq x13=0x800106bc
000000013 RUNTIME_ONLY neutral retire case=00513 pc=0x800106b4 opcode=csrrw x14=0x800106b9
000000014 RUNTIME_ONLY neutral retire case=00513 pc=0x800106b8 opcode=xor x15=0x800106b6
000000015 RUNTIME_ONLY neutral retire case=00513 pc=0x800106bc opcode=addi x16=0x800106b3
000000016 RUNTIME_ONLY neutral retire case=00513 pc=0x800106c0 opcode=lw x17=0x800106d0
