UVM_FATAL /runtime_only_unique_aafh.sv(1) @ 1: runtime_only_unique_failure_aafh normalization resistant timing marker
RUNTIME_ONLY_CASE=164 SOURCE_A=benchmark_set_1:4
riscv_debug_basic_test.0 : [FAILED]
RUNTIME_ONLY_COMBINE SOURCE_B=benchmark_set_2:2
riscv_csr_test.0 : [FAILED]
000000000 RUNTIME_ONLY neutral retire case=00164 pc=0x800053ec opcode=sw x4=0x800053ec
000000001 RUNTIME_ONLY neutral retire case=00164 pc=0x800053f0 opcode=beq x5=0x800053f1
000000002 RUNTIME_ONLY neutral retire case=00164 pc=0x800053f4 opcode=csrrw x6=0x800053f6
000000003 RUNTIME_ONLY neutral retire case=00164 pc=0x800053f8 opcode=xor x7=0x800053fb
000000004 RUNTIME_ONLY neutral retire case=00164 pc=0x800053fc opcode=addi x8=0x800053f8
000000005 RUNTIME_ONLY neutral retire case=00164 pc=0x80005400 opcode=lw x9=0x80005405
000000006 RUNTIME_ONLY neutral retire case=00164 pc=0x80005404 opcode=sw x10=0x80005402
000000007 RUNTIME_ONLY neutral retire case=00164 pc=0x80005408 opcode=beq x11=0x8000540f
000000008 RUNTIME_ONLY neutral retire case=00164 pc=0x8000540c opcode=csrrw x12=0x80005404
000000009 RUNTIME_ONLY neutral retire case=00164 pc=0x80005410 opcode=xor x13=0x80005419
000000010 RUNTIME_ONLY neutral retire case=00164 pc=0x80005414 opcode=addi x14=0x8000541e
000000011 RUNTIME_ONLY neutral retire case=00164 pc=0x80005418 opcode=lw x15=0x80005413
000000012 RUNTIME_ONLY neutral retire case=00164 pc=0x8000541c opcode=sw x16=0x80005410
000000013 RUNTIME_ONLY neutral retire case=00164 pc=0x80005420 opcode=beq x17=0x8000542d
000000014 RUNTIME_ONLY neutral retire case=00164 pc=0x80005424 opcode=csrrw x18=0x8000542a
000000015 RUNTIME_ONLY neutral retire case=00164 pc=0x80005428 opcode=xor x19=0x80005427
000000016 RUNTIME_ONLY neutral retire case=00164 pc=0x8000542c opcode=addi x20=0x8000543c
000000017 RUNTIME_ONLY neutral retire case=00164 pc=0x80005430 opcode=lw x21=0x80005421
000000018 RUNTIME_ONLY neutral retire case=00164 pc=0x80005434 opcode=sw x22=0x80005426
000000019 RUNTIME_ONLY neutral retire case=00164 pc=0x80005438 opcode=beq x23=0x8000542b
000000020 RUNTIME_ONLY neutral retire case=00164 pc=0x8000543c opcode=csrrw x24=0x80005428
000000021 RUNTIME_ONLY neutral retire case=00164 pc=0x80005440 opcode=xor x25=0x80005455
000000022 RUNTIME_ONLY neutral retire case=00164 pc=0x80005444 opcode=addi x26=0x80005452
000000023 RUNTIME_ONLY neutral retire case=00164 pc=0x80005448 opcode=lw x27=0x8000545f
000000024 RUNTIME_ONLY neutral retire case=00164 pc=0x8000544c opcode=sw x28=0x80005454
000000025 RUNTIME_ONLY neutral retire case=00164 pc=0x80005450 opcode=beq x29=0x80005449
000000026 RUNTIME_ONLY neutral retire case=00164 pc=0x80005454 opcode=csrrw x30=0x8000544e
000000027 RUNTIME_ONLY neutral retire case=00164 pc=0x80005458 opcode=xor x31=0x80005443
000000028 RUNTIME_ONLY neutral retire case=00164 pc=0x8000545c opcode=addi x0=0x80005440
000000029 RUNTIME_ONLY neutral retire case=00164 pc=0x80005460 opcode=lw x1=0x8000547d
000000030 RUNTIME_ONLY neutral retire case=00164 pc=0x80005464 opcode=sw x2=0x8000547a
000000031 RUNTIME_ONLY neutral retire case=00164 pc=0x80005468 opcode=beq x3=0x80005477
000000032 RUNTIME_ONLY neutral retire case=00164 pc=0x8000546c opcode=csrrw x4=0x8000544c
000000033 RUNTIME_ONLY neutral retire case=00164 pc=0x80005470 opcode=xor x5=0x80005451
000000034 RUNTIME_ONLY neutral retire case=00164 pc=0x80005474 opcode=addi x6=0x80005456
000000035 RUNTIME_ONLY neutral retire case=00164 pc=0x80005478 opcode=lw x7=0x8000545b
000000036 RUNTIME_ONLY neutral retire case=00164 pc=0x8000547c opcode=sw x8=0x80005458
000000037 RUNTIME_ONLY neutral retire case=00164 pc=0x80005480 opcode=beq x9=0x800054a5
000000038 RUNTIME_ONLY neutral retire case=00164 pc=0x80005484 opcode=csrrw x10=0x800054a2
000000039 RUNTIME_ONLY neutral retire case=00164 pc=0x80005488 opcode=xor x11=0x800054af
000000040 RUNTIME_ONLY neutral retire case=00164 pc=0x8000548c opcode=addi x12=0x800054a4
000000041 RUNTIME_ONLY neutral retire case=00164 pc=0x80005490 opcode=lw x13=0x800054b9
000000042 RUNTIME_ONLY neutral retire case=00164 pc=0x80005494 opcode=sw x14=0x800054be
000000043 RUNTIME_ONLY neutral retire case=00164 pc=0x80005498 opcode=beq x15=0x800054b3
000000044 RUNTIME_ONLY neutral retire case=00164 pc=0x8000549c opcode=csrrw x16=0x800054b0
000000045 RUNTIME_ONLY neutral retire case=00164 pc=0x800054a0 opcode=xor x17=0x8000548d
000000046 RUNTIME_ONLY neutral retire case=00164 pc=0x800054a4 opcode=addi x18=0x8000548a
000000047 RUNTIME_ONLY neutral retire case=00164 pc=0x800054a8 opcode=lw x19=0x80005487
000000048 RUNTIME_ONLY neutral retire case=00164 pc=0x800054ac opcode=sw x20=0x8000549c
000000049 RUNTIME_ONLY neutral retire case=00164 pc=0x800054b0 opcode=beq x21=0x80005481
000000050 RUNTIME_ONLY neutral retire case=00164 pc=0x800054b4 opcode=csrrw x22=0x80005486
000000051 RUNTIME_ONLY neutral retire case=00164 pc=0x800054b8 opcode=xor x23=0x8000548b
000000052 RUNTIME_ONLY neutral retire case=00164 pc=0x800054bc opcode=addi x24=0x80005488
000000053 RUNTIME_ONLY neutral retire case=00164 pc=0x800054c0 opcode=lw x25=0x800054f5
000000054 RUNTIME_ONLY neutral retire case=00164 pc=0x800054c4 opcode=sw x26=0x800054f2
000000055 RUNTIME_ONLY neutral retire case=00164 pc=0x800054c8 opcode=beq x27=0x800054ff
000000056 RUNTIME_ONLY neutral retire case=00164 pc=0x800054cc opcode=csrrw x28=0x800054f4
000000057 RUNTIME_ONLY neutral retire case=00164 pc=0x800054d0 opcode=xor x29=0x800054e9
000000058 RUNTIME_ONLY neutral retire case=00164 pc=0x800054d4 opcode=addi x30=0x800054ee
000000059 RUNTIME_ONLY neutral retire case=00164 pc=0x800054d8 opcode=lw x31=0x800054e3
000000060 RUNTIME_ONLY neutral retire case=00164 pc=0x800054dc opcode=sw x0=0x800054e0
000000061 RUNTIME_ONLY neutral retire case=00164 pc=0x800054e0 opcode=beq x1=0x800054dd
000000062 RUNTIME_ONLY neutral retire case=00164 pc=0x800054e4 opcode=csrrw x2=0x800054da
000000063 RUNTIME_ONLY neutral retire case=00164 pc=0x800054e8 opcode=xor x3=0x800054d7
000000064 RUNTIME_ONLY neutral retire case=00164 pc=0x800054ec opcode=addi x4=0x800054ac
000000065 RUNTIME_ONLY neutral retire case=00164 pc=0x800054f0 opcode=lw x5=0x800054b1
000000066 RUNTIME_ONLY neutral retire case=00164 pc=0x800054f4 opcode=sw x6=0x800054b6
000000067 RUNTIME_ONLY neutral retire case=00164 pc=0x800054f8 opcode=beq x7=0x800054bb
000000068 RUNTIME_ONLY neutral retire case=00164 pc=0x800054fc opcode=csrrw x8=0x800054b8
000000069 RUNTIME_ONLY neutral retire case=00164 pc=0x80005500 opcode=xor x9=0x80005545
000000070 RUNTIME_ONLY neutral retire case=00164 pc=0x80005504 opcode=addi x10=0x80005542
000000071 RUNTIME_ONLY neutral retire case=00164 pc=0x80005508 opcode=lw x11=0x8000554f
000000072 RUNTIME_ONLY neutral retire case=00164 pc=0x8000550c opcode=sw x12=0x80005544
000000073 RUNTIME_ONLY neutral retire case=00164 pc=0x80005510 opcode=beq x13=0x80005559
