UVM_FATAL /runtime_only_unique_aafs.sv(1) @ 1: runtime_only_unique_failure_aafs normalization resistant timing marker
RUNTIME_ONLY_CASE=175 SOURCE_A=benchmark_set_2:8
riscv_debug_ebreakmu_test.0 : [FAILED]
RUNTIME_ONLY_COMBINE SOURCE_B=benchmark_set_2:15
spike[425] : pc[ffffffff80001b52] add s11, s3, t0: s11:00049c58
[FAILED]: 360 matched, 35687 mismatch
000000000 RUNTIME_ONLY neutral retire case=00175 pc=0x8000598c opcode=lw x15=0x8000598c
000000001 RUNTIME_ONLY neutral retire case=00175 pc=0x80005990 opcode=sw x16=0x80005991
000000002 RUNTIME_ONLY neutral retire case=00175 pc=0x80005994 opcode=beq x17=0x80005996
000000003 RUNTIME_ONLY neutral retire case=00175 pc=0x80005998 opcode=csrrw x18=0x8000599b
000000004 RUNTIME_ONLY neutral retire case=00175 pc=0x8000599c opcode=xor x19=0x80005998
000000005 RUNTIME_ONLY neutral retire case=00175 pc=0x800059a0 opcode=addi x20=0x800059a5
000000006 RUNTIME_ONLY neutral retire case=00175 pc=0x800059a4 opcode=lw x21=0x800059a2
000000007 RUNTIME_ONLY neutral retire case=00175 pc=0x800059a8 opcode=sw x22=0x800059af
000000008 RUNTIME_ONLY neutral retire case=00175 pc=0x800059ac opcode=beq x23=0x800059a4
000000009 RUNTIME_ONLY neutral retire case=00175 pc=0x800059b0 opcode=csrrw x24=0x800059b9
000000010 RUNTIME_ONLY neutral retire case=00175 pc=0x800059b4 opcode=xor x25=0x800059be
000000011 RUNTIME_ONLY neutral retire case=00175 pc=0x800059b8 opcode=addi x26=0x800059b3
000000012 RUNTIME_ONLY neutral retire case=00175 pc=0x800059bc opcode=lw x27=0x800059b0
000000013 RUNTIME_ONLY neutral retire case=00175 pc=0x800059c0 opcode=sw x28=0x800059cd
000000014 RUNTIME_ONLY neutral retire case=00175 pc=0x800059c4 opcode=beq x29=0x800059ca
000000015 RUNTIME_ONLY neutral retire case=00175 pc=0x800059c8 opcode=csrrw x30=0x800059c7
000000016 RUNTIME_ONLY neutral retire case=00175 pc=0x800059cc opcode=xor x31=0x800059dc
000000017 RUNTIME_ONLY neutral retire case=00175 pc=0x800059d0 opcode=addi x0=0x800059c1
000000018 RUNTIME_ONLY neutral retire case=00175 pc=0x800059d4 opcode=lw x1=0x800059c6
000000019 RUNTIME_ONLY neutral retire case=00175 pc=0x800059d8 opcode=sw x2=0x800059cb
000000020 RUNTIME_ONLY neutral retire case=00175 pc=0x800059dc opcode=beq x3=0x800059c8
000000021 RUNTIME_ONLY neutral retire case=00175 pc=0x800059e0 opcode=csrrw x4=0x800059f5
000000022 RUNTIME_ONLY neutral retire case=00175 pc=0x800059e4 opcode=xor x5=0x800059f2
000000023 RUNTIME_ONLY neutral retire case=00175 pc=0x800059e8 opcode=addi x6=0x800059ff
000000024 RUNTIME_ONLY neutral retire case=00175 pc=0x800059ec opcode=lw x7=0x800059f4
000000025 RUNTIME_ONLY neutral retire case=00175 pc=0x800059f0 opcode=sw x8=0x800059e9
000000026 RUNTIME_ONLY neutral retire case=00175 pc=0x800059f4 opcode=beq x9=0x800059ee
000000027 RUNTIME_ONLY neutral retire case=00175 pc=0x800059f8 opcode=csrrw x10=0x800059e3
000000028 RUNTIME_ONLY neutral retire case=00175 pc=0x800059fc opcode=xor x11=0x800059e0
000000029 RUNTIME_ONLY neutral retire case=00175 pc=0x80005a00 opcode=addi x12=0x80005a1d
000000030 RUNTIME_ONLY neutral retire case=00175 pc=0x80005a04 opcode=lw x13=0x80005a1a
000000031 RUNTIME_ONLY neutral retire case=00175 pc=0x80005a08 opcode=sw x14=0x80005a17
000000032 RUNTIME_ONLY neutral retire case=00175 pc=0x80005a0c opcode=beq x15=0x80005a2c
000000033 RUNTIME_ONLY neutral retire case=00175 pc=0x80005a10 opcode=csrrw x16=0x80005a31
000000034 RUNTIME_ONLY neutral retire case=00175 pc=0x80005a14 opcode=xor x17=0x80005a36
000000035 RUNTIME_ONLY neutral retire case=00175 pc=0x80005a18 opcode=addi x18=0x80005a3b
000000036 RUNTIME_ONLY neutral retire case=00175 pc=0x80005a1c opcode=lw x19=0x80005a38
000000037 RUNTIME_ONLY neutral retire case=00175 pc=0x80005a20 opcode=sw x20=0x80005a05
000000038 RUNTIME_ONLY neutral retire case=00175 pc=0x80005a24 opcode=beq x21=0x80005a02
000000039 RUNTIME_ONLY neutral retire case=00175 pc=0x80005a28 opcode=csrrw x22=0x80005a0f
000000040 RUNTIME_ONLY neutral retire case=00175 pc=0x80005a2c opcode=xor x23=0x80005a04
000000041 RUNTIME_ONLY neutral retire case=00175 pc=0x80005a30 opcode=addi x24=0x80005a19
000000042 RUNTIME_ONLY neutral retire case=00175 pc=0x80005a34 opcode=lw x25=0x80005a1e
000000043 RUNTIME_ONLY neutral retire case=00175 pc=0x80005a38 opcode=sw x26=0x80005a13
000000044 RUNTIME_ONLY neutral retire case=00175 pc=0x80005a3c opcode=beq x27=0x80005a10
000000045 RUNTIME_ONLY neutral retire case=00175 pc=0x80005a40 opcode=csrrw x28=0x80005a6d
000000046 RUNTIME_ONLY neutral retire case=00175 pc=0x80005a44 opcode=xor x29=0x80005a6a
000000047 RUNTIME_ONLY neutral retire case=00175 pc=0x80005a48 opcode=addi x30=0x80005a67
000000048 RUNTIME_ONLY neutral retire case=00175 pc=0x80005a4c opcode=lw x31=0x80005a7c
000000049 RUNTIME_ONLY neutral retire case=00175 pc=0x80005a50 opcode=sw x0=0x80005a61
000000050 RUNTIME_ONLY neutral retire case=00175 pc=0x80005a54 opcode=beq x1=0x80005a66
000000051 RUNTIME_ONLY neutral retire case=00175 pc=0x80005a58 opcode=csrrw x2=0x80005a6b
000000052 RUNTIME_ONLY neutral retire case=00175 pc=0x80005a5c opcode=xor x3=0x80005a68
000000053 RUNTIME_ONLY neutral retire case=00175 pc=0x80005a60 opcode=addi x4=0x80005a55
000000054 RUNTIME_ONLY neutral retire case=00175 pc=0x80005a64 opcode=lw x5=0x80005a52
000000055 RUNTIME_ONLY neutral retire case=00175 pc=0x80005a68 opcode=sw x6=0x80005a5f
000000056 RUNTIME_ONLY neutral retire case=00175 pc=0x80005a6c opcode=beq x7=0x80005a54
000000057 RUNTIME_ONLY neutral retire case=00175 pc=0x80005a70 opcode=csrrw x8=0x80005a49
000000058 RUNTIME_ONLY neutral retire case=00175 pc=0x80005a74 opcode=xor x9=0x80005a4e
000000059 RUNTIME_ONLY neutral retire case=00175 pc=0x80005a78 opcode=addi x10=0x80005a43
000000060 RUNTIME_ONLY neutral retire case=00175 pc=0x80005a7c opcode=lw x11=0x80005a40
000000061 RUNTIME_ONLY neutral retire case=00175 pc=0x80005a80 opcode=sw x12=0x80005abd
000000062 RUNTIME_ONLY neutral retire case=00175 pc=0x80005a84 opcode=beq x13=0x80005aba
000000063 RUNTIME_ONLY neutral retire case=00175 pc=0x80005a88 opcode=csrrw x14=0x80005ab7
000000064 RUNTIME_ONLY neutral retire case=00175 pc=0x80005a8c opcode=xor x15=0x80005acc
000000065 RUNTIME_ONLY neutral retire case=00175 pc=0x80005a90 opcode=addi x16=0x80005ad1
000000066 RUNTIME_ONLY neutral retire case=00175 pc=0x80005a94 opcode=lw x17=0x80005ad6
000000067 RUNTIME_ONLY neutral retire case=00175 pc=0x80005a98 opcode=sw x18=0x80005adb
000000068 RUNTIME_ONLY neutral retire case=00175 pc=0x80005a9c opcode=beq x19=0x80005ad8
000000069 RUNTIME_ONLY neutral retire case=00175 pc=0x80005aa0 opcode=csrrw x20=0x80005ae5
000000070 RUNTIME_ONLY neutral retire case=00175 pc=0x80005aa4 opcode=xor x21=0x80005ae2
000000071 RUNTIME_ONLY neutral retire case=00175 pc=0x80005aa8 opcode=addi x22=0x80005aef
000000072 RUNTIME_ONLY neutral retire case=00175 pc=0x80005aac opcode=lw x23=0x80005ae4
000000073 RUNTIME_ONLY neutral retire case=00175 pc=0x80005ab0 opcode=sw x24=0x80005af9
000000074 RUNTIME_ONLY neutral retire case=00175 pc=0x80005ab4 opcode=beq x25=0x80005afe
000000075 RUNTIME_ONLY neutral retire case=00175 pc=0x80005ab8 opcode=csrrw x26=0x80005af3
