UVM_FATAL /runtime_only_unique_aahq.sv(1) @ 1: runtime_only_unique_failure_aahq normalization resistant timing marker
RUNTIME_ONLY_CASE=225 SOURCE_A=benchmark_set_1:1
riscv_interrupt_csr_test.0 : [FAILED]
RUNTIME_ONLY_COMBINE SOURCE_B=benchmark_set_2:13
spike[151] : pc[ffffffff80010a1c] c.addi16sp sp, 400: sp:a019f190
[FAILED]: 453 matched, 16844 mismatch
000000000 RUNTIME_ONLY neutral retire case=00225 pc=0x80007320 opcode=beq x1=0x80007320
000000001 RUNTIME_ONLY neutral retire case=00225 pc=0x80007324 opcode=csrrw x2=0x80007325
000000002 RUNTIME_ONLY neutral retire case=00225 pc=0x80007328 opcode=xor x3=0x8000732a
000000003 RUNTIME_ONLY neutral retire case=00225 pc=0x8000732c opcode=addi x4=0x8000732f
000000004 RUNTIME_ONLY neutral retire case=00225 pc=0x80007330 opcode=lw x5=0x80007334
000000005 RUNTIME_ONLY neutral retire case=00225 pc=0x80007334 opcode=sw x6=0x80007331
000000006 RUNTIME_ONLY neutral retire case=00225 pc=0x80007338 opcode=beq x7=0x8000733e
000000007 RUNTIME_ONLY neutral retire case=00225 pc=0x8000733c opcode=csrrw x8=0x8000733b
000000008 RUNTIME_ONLY neutral retire case=00225 pc=0x80007340 opcode=xor x9=0x80007348
000000009 RUNTIME_ONLY neutral retire case=00225 pc=0x80007344 opcode=addi x10=0x8000734d
000000010 RUNTIME_ONLY neutral retire case=00225 pc=0x80007348 opcode=lw x11=0x80007342
000000011 RUNTIME_ONLY neutral retire case=00225 pc=0x8000734c opcode=sw x12=0x80007347
000000012 RUNTIME_ONLY neutral retire case=00225 pc=0x80007350 opcode=beq x13=0x8000735c
000000013 RUNTIME_ONLY neutral retire case=00225 pc=0x80007354 opcode=csrrw x14=0x80007359
000000014 RUNTIME_ONLY neutral retire case=00225 pc=0x80007358 opcode=xor x15=0x80007356
000000015 RUNTIME_ONLY neutral retire case=00225 pc=0x8000735c opcode=addi x16=0x80007353
000000016 RUNTIME_ONLY neutral retire case=00225 pc=0x80007360 opcode=lw x17=0x80007370
000000017 RUNTIME_ONLY neutral retire case=00225 pc=0x80007364 opcode=sw x18=0x80007375
000000018 RUNTIME_ONLY neutral retire case=00225 pc=0x80007368 opcode=beq x19=0x8000737a
000000019 RUNTIME_ONLY neutral retire case=00225 pc=0x8000736c opcode=csrrw x20=0x8000737f
000000020 RUNTIME_ONLY neutral retire case=00225 pc=0x80007370 opcode=xor x21=0x80007364
000000021 RUNTIME_ONLY neutral retire case=00225 pc=0x80007374 opcode=addi x22=0x80007361
000000022 RUNTIME_ONLY neutral retire case=00225 pc=0x80007378 opcode=lw x23=0x8000736e
000000023 RUNTIME_ONLY neutral retire case=00225 pc=0x8000737c opcode=sw x24=0x8000736b
000000024 RUNTIME_ONLY neutral retire case=00225 pc=0x80007380 opcode=beq x25=0x80007398
000000025 RUNTIME_ONLY neutral retire case=00225 pc=0x80007384 opcode=csrrw x26=0x8000739d
000000026 RUNTIME_ONLY neutral retire case=00225 pc=0x80007388 opcode=xor x27=0x80007392
000000027 RUNTIME_ONLY neutral retire case=00225 pc=0x8000738c opcode=addi x28=0x80007397
000000028 RUNTIME_ONLY neutral retire case=00225 pc=0x80007390 opcode=lw x29=0x8000738c
000000029 RUNTIME_ONLY neutral retire case=00225 pc=0x80007394 opcode=sw x30=0x80007389
000000030 RUNTIME_ONLY neutral retire case=00225 pc=0x80007398 opcode=beq x31=0x80007386
000000031 RUNTIME_ONLY neutral retire case=00225 pc=0x8000739c opcode=csrrw x0=0x80007383
000000032 RUNTIME_ONLY neutral retire case=00225 pc=0x800073a0 opcode=xor x1=0x80007380
000000033 RUNTIME_ONLY neutral retire case=00225 pc=0x800073a4 opcode=addi x2=0x80007385
000000034 RUNTIME_ONLY neutral retire case=00225 pc=0x800073a8 opcode=lw x3=0x8000738a
000000035 RUNTIME_ONLY neutral retire case=00225 pc=0x800073ac opcode=sw x4=0x8000738f
000000036 RUNTIME_ONLY neutral retire case=00225 pc=0x800073b0 opcode=beq x5=0x80007394
000000037 RUNTIME_ONLY neutral retire case=00225 pc=0x800073b4 opcode=csrrw x6=0x80007391
000000038 RUNTIME_ONLY neutral retire case=00225 pc=0x800073b8 opcode=xor x7=0x8000739e
000000039 RUNTIME_ONLY neutral retire case=00225 pc=0x800073bc opcode=addi x8=0x8000739b
000000040 RUNTIME_ONLY neutral retire case=00225 pc=0x800073c0 opcode=lw x9=0x800073e8
000000041 RUNTIME_ONLY neutral retire case=00225 pc=0x800073c4 opcode=sw x10=0x800073ed
000000042 RUNTIME_ONLY neutral retire case=00225 pc=0x800073c8 opcode=beq x11=0x800073e2
000000043 RUNTIME_ONLY neutral retire case=00225 pc=0x800073cc opcode=csrrw x12=0x800073e7
000000044 RUNTIME_ONLY neutral retire case=00225 pc=0x800073d0 opcode=xor x13=0x800073fc
000000045 RUNTIME_ONLY neutral retire case=00225 pc=0x800073d4 opcode=addi x14=0x800073f9
000000046 RUNTIME_ONLY neutral retire case=00225 pc=0x800073d8 opcode=lw x15=0x800073f6
000000047 RUNTIME_ONLY neutral retire case=00225 pc=0x800073dc opcode=sw x16=0x800073f3
000000048 RUNTIME_ONLY neutral retire case=00225 pc=0x800073e0 opcode=beq x17=0x800073d0
000000049 RUNTIME_ONLY neutral retire case=00225 pc=0x800073e4 opcode=csrrw x18=0x800073d5
000000050 RUNTIME_ONLY neutral retire case=00225 pc=0x800073e8 opcode=xor x19=0x800073da
000000051 RUNTIME_ONLY neutral retire case=00225 pc=0x800073ec opcode=addi x20=0x800073df
000000052 RUNTIME_ONLY neutral retire case=00225 pc=0x800073f0 opcode=lw x21=0x800073c4
000000053 RUNTIME_ONLY neutral retire case=00225 pc=0x800073f4 opcode=sw x22=0x800073c1
000000054 RUNTIME_ONLY neutral retire case=00225 pc=0x800073f8 opcode=beq x23=0x800073ce
000000055 RUNTIME_ONLY neutral retire case=00225 pc=0x800073fc opcode=csrrw x24=0x800073cb
000000056 RUNTIME_ONLY neutral retire case=00225 pc=0x80007400 opcode=xor x25=0x80007438
000000057 RUNTIME_ONLY neutral retire case=00225 pc=0x80007404 opcode=addi x26=0x8000743d
000000058 RUNTIME_ONLY neutral retire case=00225 pc=0x80007408 opcode=lw x27=0x80007432
000000059 RUNTIME_ONLY neutral retire case=00225 pc=0x8000740c opcode=sw x28=0x80007437
000000060 RUNTIME_ONLY neutral retire case=00225 pc=0x80007410 opcode=beq x29=0x8000742c
000000061 RUNTIME_ONLY neutral retire case=00225 pc=0x80007414 opcode=csrrw x30=0x80007429
000000062 RUNTIME_ONLY neutral retire case=00225 pc=0x80007418 opcode=xor x31=0x80007426
000000063 RUNTIME_ONLY neutral retire case=00225 pc=0x8000741c opcode=addi x0=0x80007423
000000064 RUNTIME_ONLY neutral retire case=00225 pc=0x80007420 opcode=lw x1=0x80007460
000000065 RUNTIME_ONLY neutral retire case=00225 pc=0x80007424 opcode=sw x2=0x80007465
000000066 RUNTIME_ONLY neutral retire case=00225 pc=0x80007428 opcode=beq x3=0x8000746a
000000067 RUNTIME_ONLY neutral retire case=00225 pc=0x8000742c opcode=csrrw x4=0x8000746f
000000068 RUNTIME_ONLY neutral retire case=00225 pc=0x80007430 opcode=xor x5=0x80007474
000000069 RUNTIME_ONLY neutral retire case=00225 pc=0x80007434 opcode=addi x6=0x80007471
000000070 RUNTIME_ONLY neutral retire case=00225 pc=0x80007438 opcode=lw x7=0x8000747e
000000071 RUNTIME_ONLY neutral retire case=00225 pc=0x8000743c opcode=sw x8=0x8000747b
000000072 RUNTIME_ONLY neutral retire case=00225 pc=0x80007440 opcode=beq x9=0x80007408
000000073 RUNTIME_ONLY neutral retire case=00225 pc=0x80007444 opcode=csrrw x10=0x8000740d
000000074 RUNTIME_ONLY neutral retire case=00225 pc=0x80007448 opcode=xor x11=0x80007402
