UVM_FATAL /runtime_only_unique_aawg.sv(1) @ 1: runtime_only_unique_failure_aawg normalization resistant timing marker
RUNTIME_ONLY_CASE=605 SOURCE_A=benchmark_set_2:22
Mismatch[1]:
ibex[231] : pc[80000474] c.or x14,x8: a4:00ef9e4f
RUNTIME_ONLY_COMBINE SOURCE_B=benchmark_set_2:20
riscv_multiple_interrupt_test.0 : [FAILED]
000000000 RUNTIME_ONLY neutral retire case=00605 pc=0x80013594 opcode=xor x29=0x80013594
000000001 RUNTIME_ONLY neutral retire case=00605 pc=0x80013598 opcode=addi x30=0x80013599
000000002 RUNTIME_ONLY neutral retire case=00605 pc=0x8001359c opcode=lw x31=0x8001359e
000000003 RUNTIME_ONLY neutral retire case=00605 pc=0x800135a0 opcode=sw x0=0x800135a3
000000004 RUNTIME_ONLY neutral retire case=00605 pc=0x800135a4 opcode=beq x1=0x800135a0
000000005 RUNTIME_ONLY neutral retire case=00605 pc=0x800135a8 opcode=csrrw x2=0x800135ad
000000006 RUNTIME_ONLY neutral retire case=00605 pc=0x800135ac opcode=xor x3=0x800135aa
000000007 RUNTIME_ONLY neutral retire case=00605 pc=0x800135b0 opcode=addi x4=0x800135b7
000000008 RUNTIME_ONLY neutral retire case=00605 pc=0x800135b4 opcode=lw x5=0x800135bc
000000009 RUNTIME_ONLY neutral retire case=00605 pc=0x800135b8 opcode=sw x6=0x800135b1
000000010 RUNTIME_ONLY neutral retire case=00605 pc=0x800135bc opcode=beq x7=0x800135b6
000000011 RUNTIME_ONLY neutral retire case=00605 pc=0x800135c0 opcode=csrrw x8=0x800135cb
000000012 RUNTIME_ONLY neutral retire case=00605 pc=0x800135c4 opcode=xor x9=0x800135c8
000000013 RUNTIME_ONLY neutral retire case=00605 pc=0x800135c8 opcode=addi x10=0x800135c5
000000014 RUNTIME_ONLY neutral retire case=00605 pc=0x800135cc opcode=lw x11=0x800135c2
000000015 RUNTIME_ONLY neutral retire case=00605 pc=0x800135d0 opcode=sw x12=0x800135df
000000016 RUNTIME_ONLY neutral retire case=00605 pc=0x800135d4 opcode=beq x13=0x800135c4
