UVM_FATAL /runtime_only_unique_aagt.sv(1) @ 1: runtime_only_unique_failure_aagt normalization resistant timing marker
RUNTIME_ONLY_CASE=202 SOURCE_A=benchmark_set_2:3
Mismatch[1]:
ibex[653] : pc[80000ab2] remu x26,x17,x10: s10:0000005d
RUNTIME_ONLY_COMBINE SOURCE_B=benchmark_set_2:12
riscv_mem_error_test.0 : [FAILED]
000000000 RUNTIME_ONLY neutral retire case=00202 pc=0x8000675c opcode=csrrw x10=0x8000675c
000000001 RUNTIME_ONLY neutral retire case=00202 pc=0x80006760 opcode=xor x11=0x80006761
000000002 RUNTIME_ONLY neutral retire case=00202 pc=0x80006764 opcode=addi x12=0x80006766
000000003 RUNTIME_ONLY neutral retire case=00202 pc=0x80006768 opcode=lw x13=0x8000676b
000000004 RUNTIME_ONLY neutral retire case=00202 pc=0x8000676c opcode=sw x14=0x80006768
000000005 RUNTIME_ONLY neutral retire case=00202 pc=0x80006770 opcode=beq x15=0x80006775
000000006 RUNTIME_ONLY neutral retire case=00202 pc=0x80006774 opcode=csrrw x16=0x80006772
000000007 RUNTIME_ONLY neutral retire case=00202 pc=0x80006778 opcode=xor x17=0x8000677f
000000008 RUNTIME_ONLY neutral retire case=00202 pc=0x8000677c opcode=addi x18=0x80006774
000000009 RUNTIME_ONLY neutral retire case=00202 pc=0x80006780 opcode=lw x19=0x80006789
000000010 RUNTIME_ONLY neutral retire case=00202 pc=0x80006784 opcode=sw x20=0x8000678e
000000011 RUNTIME_ONLY neutral retire case=00202 pc=0x80006788 opcode=beq x21=0x80006783
000000012 RUNTIME_ONLY neutral retire case=00202 pc=0x8000678c opcode=csrrw x22=0x80006780
000000013 RUNTIME_ONLY neutral retire case=00202 pc=0x80006790 opcode=xor x23=0x8000679d
000000014 RUNTIME_ONLY neutral retire case=00202 pc=0x80006794 opcode=addi x24=0x8000679a
000000015 RUNTIME_ONLY neutral retire case=00202 pc=0x80006798 opcode=lw x25=0x80006797
000000016 RUNTIME_ONLY neutral retire case=00202 pc=0x8000679c opcode=sw x26=0x8000678c
000000017 RUNTIME_ONLY neutral retire case=00202 pc=0x800067a0 opcode=beq x27=0x800067b1
000000018 RUNTIME_ONLY neutral retire case=00202 pc=0x800067a4 opcode=csrrw x28=0x800067b6
000000019 RUNTIME_ONLY neutral retire case=00202 pc=0x800067a8 opcode=xor x29=0x800067bb
000000020 RUNTIME_ONLY neutral retire case=00202 pc=0x800067ac opcode=addi x30=0x800067b8
000000021 RUNTIME_ONLY neutral retire case=00202 pc=0x800067b0 opcode=lw x31=0x800067a5
000000022 RUNTIME_ONLY neutral retire case=00202 pc=0x800067b4 opcode=sw x0=0x800067a2
000000023 RUNTIME_ONLY neutral retire case=00202 pc=0x800067b8 opcode=beq x1=0x800067af
000000024 RUNTIME_ONLY neutral retire case=00202 pc=0x800067bc opcode=csrrw x2=0x800067a4
000000025 RUNTIME_ONLY neutral retire case=00202 pc=0x800067c0 opcode=xor x3=0x800067d9
000000026 RUNTIME_ONLY neutral retire case=00202 pc=0x800067c4 opcode=addi x4=0x800067de
000000027 RUNTIME_ONLY neutral retire case=00202 pc=0x800067c8 opcode=lw x5=0x800067d3
000000028 RUNTIME_ONLY neutral retire case=00202 pc=0x800067cc opcode=sw x6=0x800067d0
000000029 RUNTIME_ONLY neutral retire case=00202 pc=0x800067d0 opcode=beq x7=0x800067cd
000000030 RUNTIME_ONLY neutral retire case=00202 pc=0x800067d4 opcode=csrrw x8=0x800067ca
000000031 RUNTIME_ONLY neutral retire case=00202 pc=0x800067d8 opcode=xor x9=0x800067c7
000000032 RUNTIME_ONLY neutral retire case=00202 pc=0x800067dc opcode=addi x10=0x800067fc
000000033 RUNTIME_ONLY neutral retire case=00202 pc=0x800067e0 opcode=lw x11=0x800067c1
000000034 RUNTIME_ONLY neutral retire case=00202 pc=0x800067e4 opcode=sw x12=0x800067c6
000000035 RUNTIME_ONLY neutral retire case=00202 pc=0x800067e8 opcode=beq x13=0x800067cb
000000036 RUNTIME_ONLY neutral retire case=00202 pc=0x800067ec opcode=csrrw x14=0x800067c8
000000037 RUNTIME_ONLY neutral retire case=00202 pc=0x800067f0 opcode=xor x15=0x800067d5
000000038 RUNTIME_ONLY neutral retire case=00202 pc=0x800067f4 opcode=addi x16=0x800067d2
000000039 RUNTIME_ONLY neutral retire case=00202 pc=0x800067f8 opcode=lw x17=0x800067df
000000040 RUNTIME_ONLY neutral retire case=00202 pc=0x800067fc opcode=sw x18=0x800067d4
000000041 RUNTIME_ONLY neutral retire case=00202 pc=0x80006800 opcode=beq x19=0x80006829
000000042 RUNTIME_ONLY neutral retire case=00202 pc=0x80006804 opcode=csrrw x20=0x8000682e
000000043 RUNTIME_ONLY neutral retire case=00202 pc=0x80006808 opcode=xor x21=0x80006823
000000044 RUNTIME_ONLY neutral retire case=00202 pc=0x8000680c opcode=addi x22=0x80006820
000000045 RUNTIME_ONLY neutral retire case=00202 pc=0x80006810 opcode=lw x23=0x8000683d
000000046 RUNTIME_ONLY neutral retire case=00202 pc=0x80006814 opcode=sw x24=0x8000683a
000000047 RUNTIME_ONLY neutral retire case=00202 pc=0x80006818 opcode=beq x25=0x80006837
000000048 RUNTIME_ONLY neutral retire case=00202 pc=0x8000681c opcode=csrrw x26=0x8000682c
000000049 RUNTIME_ONLY neutral retire case=00202 pc=0x80006820 opcode=xor x27=0x80006811
000000050 RUNTIME_ONLY neutral retire case=00202 pc=0x80006824 opcode=addi x28=0x80006816
000000051 RUNTIME_ONLY neutral retire case=00202 pc=0x80006828 opcode=lw x29=0x8000681b
000000052 RUNTIME_ONLY neutral retire case=00202 pc=0x8000682c opcode=sw x30=0x80006818
000000053 RUNTIME_ONLY neutral retire case=00202 pc=0x80006830 opcode=beq x31=0x80006805
000000054 RUNTIME_ONLY neutral retire case=00202 pc=0x80006834 opcode=csrrw x0=0x80006802
000000055 RUNTIME_ONLY neutral retire case=00202 pc=0x80006838 opcode=xor x1=0x8000680f
000000056 RUNTIME_ONLY neutral retire case=00202 pc=0x8000683c opcode=addi x2=0x80006804
000000057 RUNTIME_ONLY neutral retire case=00202 pc=0x80006840 opcode=lw x3=0x80006879
000000058 RUNTIME_ONLY neutral retire case=00202 pc=0x80006844 opcode=sw x4=0x8000687e
000000059 RUNTIME_ONLY neutral retire case=00202 pc=0x80006848 opcode=beq x5=0x80006873
000000060 RUNTIME_ONLY neutral retire case=00202 pc=0x8000684c opcode=csrrw x6=0x80006870
000000061 RUNTIME_ONLY neutral retire case=00202 pc=0x80006850 opcode=xor x7=0x8000686d
000000062 RUNTIME_ONLY neutral retire case=00202 pc=0x80006854 opcode=addi x8=0x8000686a
000000063 RUNTIME_ONLY neutral retire case=00202 pc=0x80006858 opcode=lw x9=0x80006867
000000064 RUNTIME_ONLY neutral retire case=00202 pc=0x8000685c opcode=sw x10=0x8000681c
000000065 RUNTIME_ONLY neutral retire case=00202 pc=0x80006860 opcode=beq x11=0x80006821
000000066 RUNTIME_ONLY neutral retire case=00202 pc=0x80006864 opcode=csrrw x12=0x80006826
000000067 RUNTIME_ONLY neutral retire case=00202 pc=0x80006868 opcode=xor x13=0x8000682b
000000068 RUNTIME_ONLY neutral retire case=00202 pc=0x8000686c opcode=addi x14=0x80006828
000000069 RUNTIME_ONLY neutral retire case=00202 pc=0x80006870 opcode=lw x15=0x80006835
000000070 RUNTIME_ONLY neutral retire case=00202 pc=0x80006874 opcode=sw x16=0x80006832
000000071 RUNTIME_ONLY neutral retire case=00202 pc=0x80006878 opcode=beq x17=0x8000683f
000000072 RUNTIME_ONLY neutral retire case=00202 pc=0x8000687c opcode=csrrw x18=0x80006834
000000073 RUNTIME_ONLY neutral retire case=00202 pc=0x80006880 opcode=xor x19=0x800068c9
000000074 RUNTIME_ONLY neutral retire case=00202 pc=0x80006884 opcode=addi x20=0x800068ce
000000075 RUNTIME_ONLY neutral retire case=00202 pc=0x80006888 opcode=lw x21=0x800068c3
