UVM_FATAL /runtime_only_unique_aagq.sv(1) @ 1: runtime_only_unique_failure_aagq normalization resistant timing marker
RUNTIME_ONLY_CASE=875 SOURCE_A=benchmark_set_2:4
riscv_single_interrupt_test.0 : [FAILED]
RUNTIME_ONLY_COMBINE SOURCE_B=benchmark_set_2:22
spike[231] : pc[ffffffff80000464] c.lui t3, 0x9: t3:00009000
[FAILED]: 377 matched, 11187 mismatch
000000000 RUNTIME_ONLY neutral retire case=00875 pc=0x8001bfc0 opcode=xor x11=0x8001bfc0
000000001 RUNTIME_ONLY neutral retire case=00875 pc=0x8001bfc4 opcode=addi x12=0x8001bfc5
000000002 RUNTIME_ONLY neutral retire case=00875 pc=0x8001bfc8 opcode=lw x13=0x8001bfca
000000003 RUNTIME_ONLY neutral retire case=00875 pc=0x8001bfcc opcode=sw x14=0x8001bfcf
000000004 RUNTIME_ONLY neutral retire case=00875 pc=0x8001bfd0 opcode=beq x15=0x8001bfd4
000000005 RUNTIME_ONLY neutral retire case=00875 pc=0x8001bfd4 opcode=csrrw x16=0x8001bfd1
000000006 RUNTIME_ONLY neutral retire case=00875 pc=0x8001bfd8 opcode=xor x17=0x8001bfde
000000007 RUNTIME_ONLY neutral retire case=00875 pc=0x8001bfdc opcode=addi x18=0x8001bfdb
000000008 RUNTIME_ONLY neutral retire case=00875 pc=0x8001bfe0 opcode=lw x19=0x8001bfe8
000000009 RUNTIME_ONLY neutral retire case=00875 pc=0x8001bfe4 opcode=sw x20=0x8001bfed
000000010 RUNTIME_ONLY neutral retire case=00875 pc=0x8001bfe8 opcode=beq x21=0x8001bfe2
000000011 RUNTIME_ONLY neutral retire case=00875 pc=0x8001bfec opcode=csrrw x22=0x8001bfe7
000000012 RUNTIME_ONLY neutral retire case=00875 pc=0x8001bff0 opcode=xor x23=0x8001bffc
000000013 RUNTIME_ONLY neutral retire case=00875 pc=0x8001bff4 opcode=addi x24=0x8001bff9
000000014 RUNTIME_ONLY neutral retire case=00875 pc=0x8001bff8 opcode=lw x25=0x8001bff6
000000015 RUNTIME_ONLY neutral retire case=00875 pc=0x8001bffc opcode=sw x26=0x8001bff3
