UVM_FATAL /runtime_only_unique_aabb.sv(1) @ 1: runtime_only_unique_failure_aabb normalization resistant timing marker
RUNTIME_ONLY_CASE=54 SOURCE_A=benchmark_set_2:15
Mismatch[1]:
ibex[425] : pc[80001b38] mulhsu x30,x6,x11: t5:00000000
RUNTIME_ONLY_COMBINE SOURCE_B=benchmark_set_1:7
riscv_csr_test.0 : [FAILED]
000000000 RUNTIME_ONLY neutral retire case=00054 pc=0x80001ba0 opcode=addi x22=0x80001ba0
000000001 RUNTIME_ONLY neutral retire case=00054 pc=0x80001ba4 opcode=lw x23=0x80001ba5
000000002 RUNTIME_ONLY neutral retire case=00054 pc=0x80001ba8 opcode=sw x24=0x80001baa
000000003 RUNTIME_ONLY neutral retire case=00054 pc=0x80001bac opcode=beq x25=0x80001baf
000000004 RUNTIME_ONLY neutral retire case=00054 pc=0x80001bb0 opcode=csrrw x26=0x80001bb4
000000005 RUNTIME_ONLY neutral retire case=00054 pc=0x80001bb4 opcode=xor x27=0x80001bb1
000000006 RUNTIME_ONLY neutral retire case=00054 pc=0x80001bb8 opcode=addi x28=0x80001bbe
000000007 RUNTIME_ONLY neutral retire case=00054 pc=0x80001bbc opcode=lw x29=0x80001bbb
000000008 RUNTIME_ONLY neutral retire case=00054 pc=0x80001bc0 opcode=sw x30=0x80001bc8
000000009 RUNTIME_ONLY neutral retire case=00054 pc=0x80001bc4 opcode=beq x31=0x80001bcd
000000010 RUNTIME_ONLY neutral retire case=00054 pc=0x80001bc8 opcode=csrrw x0=0x80001bc2
000000011 RUNTIME_ONLY neutral retire case=00054 pc=0x80001bcc opcode=xor x1=0x80001bc7
000000012 RUNTIME_ONLY neutral retire case=00054 pc=0x80001bd0 opcode=addi x2=0x80001bdc
000000013 RUNTIME_ONLY neutral retire case=00054 pc=0x80001bd4 opcode=lw x3=0x80001bd9
000000014 RUNTIME_ONLY neutral retire case=00054 pc=0x80001bd8 opcode=sw x4=0x80001bd6
000000015 RUNTIME_ONLY neutral retire case=00054 pc=0x80001bdc opcode=beq x5=0x80001bd3
000000016 RUNTIME_ONLY neutral retire case=00054 pc=0x80001be0 opcode=csrrw x6=0x80001bf0
000000017 RUNTIME_ONLY neutral retire case=00054 pc=0x80001be4 opcode=xor x7=0x80001bf5
000000018 RUNTIME_ONLY neutral retire case=00054 pc=0x80001be8 opcode=addi x8=0x80001bfa
000000019 RUNTIME_ONLY neutral retire case=00054 pc=0x80001bec opcode=lw x9=0x80001bff
000000020 RUNTIME_ONLY neutral retire case=00054 pc=0x80001bf0 opcode=sw x10=0x80001be4
000000021 RUNTIME_ONLY neutral retire case=00054 pc=0x80001bf4 opcode=beq x11=0x80001be1
000000022 RUNTIME_ONLY neutral retire case=00054 pc=0x80001bf8 opcode=csrrw x12=0x80001bee
000000023 RUNTIME_ONLY neutral retire case=00054 pc=0x80001bfc opcode=xor x13=0x80001beb
000000024 RUNTIME_ONLY neutral retire case=00054 pc=0x80001c00 opcode=addi x14=0x80001c18
000000025 RUNTIME_ONLY neutral retire case=00054 pc=0x80001c04 opcode=lw x15=0x80001c1d
000000026 RUNTIME_ONLY neutral retire case=00054 pc=0x80001c08 opcode=sw x16=0x80001c12
000000027 RUNTIME_ONLY neutral retire case=00054 pc=0x80001c0c opcode=beq x17=0x80001c17
000000028 RUNTIME_ONLY neutral retire case=00054 pc=0x80001c10 opcode=csrrw x18=0x80001c0c
000000029 RUNTIME_ONLY neutral retire case=00054 pc=0x80001c14 opcode=xor x19=0x80001c09
000000030 RUNTIME_ONLY neutral retire case=00054 pc=0x80001c18 opcode=addi x20=0x80001c06
000000031 RUNTIME_ONLY neutral retire case=00054 pc=0x80001c1c opcode=lw x21=0x80001c03
000000032 RUNTIME_ONLY neutral retire case=00054 pc=0x80001c20 opcode=sw x22=0x80001c00
000000033 RUNTIME_ONLY neutral retire case=00054 pc=0x80001c24 opcode=beq x23=0x80001c05
000000034 RUNTIME_ONLY neutral retire case=00054 pc=0x80001c28 opcode=csrrw x24=0x80001c0a
000000035 RUNTIME_ONLY neutral retire case=00054 pc=0x80001c2c opcode=xor x25=0x80001c0f
000000036 RUNTIME_ONLY neutral retire case=00054 pc=0x80001c30 opcode=addi x26=0x80001c14
000000037 RUNTIME_ONLY neutral retire case=00054 pc=0x80001c34 opcode=lw x27=0x80001c11
000000038 RUNTIME_ONLY neutral retire case=00054 pc=0x80001c38 opcode=sw x28=0x80001c1e
000000039 RUNTIME_ONLY neutral retire case=00054 pc=0x80001c3c opcode=beq x29=0x80001c1b
000000040 RUNTIME_ONLY neutral retire case=00054 pc=0x80001c40 opcode=csrrw x30=0x80001c68
000000041 RUNTIME_ONLY neutral retire case=00054 pc=0x80001c44 opcode=xor x31=0x80001c6d
000000042 RUNTIME_ONLY neutral retire case=00054 pc=0x80001c48 opcode=addi x0=0x80001c62
000000043 RUNTIME_ONLY neutral retire case=00054 pc=0x80001c4c opcode=lw x1=0x80001c67
000000044 RUNTIME_ONLY neutral retire case=00054 pc=0x80001c50 opcode=sw x2=0x80001c7c
000000045 RUNTIME_ONLY neutral retire case=00054 pc=0x80001c54 opcode=beq x3=0x80001c79
000000046 RUNTIME_ONLY neutral retire case=00054 pc=0x80001c58 opcode=csrrw x4=0x80001c76
000000047 RUNTIME_ONLY neutral retire case=00054 pc=0x80001c5c opcode=xor x5=0x80001c73
000000048 RUNTIME_ONLY neutral retire case=00054 pc=0x80001c60 opcode=addi x6=0x80001c50
000000049 RUNTIME_ONLY neutral retire case=00054 pc=0x80001c64 opcode=lw x7=0x80001c55
000000050 RUNTIME_ONLY neutral retire case=00054 pc=0x80001c68 opcode=sw x8=0x80001c5a
000000051 RUNTIME_ONLY neutral retire case=00054 pc=0x80001c6c opcode=beq x9=0x80001c5f
000000052 RUNTIME_ONLY neutral retire case=00054 pc=0x80001c70 opcode=csrrw x10=0x80001c44
000000053 RUNTIME_ONLY neutral retire case=00054 pc=0x80001c74 opcode=xor x11=0x80001c41
000000054 RUNTIME_ONLY neutral retire case=00054 pc=0x80001c78 opcode=addi x12=0x80001c4e
000000055 RUNTIME_ONLY neutral retire case=00054 pc=0x80001c7c opcode=lw x13=0x80001c4b
000000056 RUNTIME_ONLY neutral retire case=00054 pc=0x80001c80 opcode=sw x14=0x80001cb8
000000057 RUNTIME_ONLY neutral retire case=00054 pc=0x80001c84 opcode=beq x15=0x80001cbd
000000058 RUNTIME_ONLY neutral retire case=00054 pc=0x80001c88 opcode=csrrw x16=0x80001cb2
000000059 RUNTIME_ONLY neutral retire case=00054 pc=0x80001c8c opcode=xor x17=0x80001cb7
000000060 RUNTIME_ONLY neutral retire case=00054 pc=0x80001c90 opcode=addi x18=0x80001cac
000000061 RUNTIME_ONLY neutral retire case=00054 pc=0x80001c94 opcode=lw x19=0x80001ca9
000000062 RUNTIME_ONLY neutral retire case=00054 pc=0x80001c98 opcode=sw x20=0x80001ca6
000000063 RUNTIME_ONLY neutral retire case=00054 pc=0x80001c9c opcode=beq x21=0x80001ca3
000000064 RUNTIME_ONLY neutral retire case=00054 pc=0x80001ca0 opcode=csrrw x22=0x80001ce0
000000065 RUNTIME_ONLY neutral retire case=00054 pc=0x80001ca4 opcode=xor x23=0x80001ce5
000000066 RUNTIME_ONLY neutral retire case=00054 pc=0x80001ca8 opcode=addi x24=0x80001cea
000000067 RUNTIME_ONLY neutral retire case=00054 pc=0x80001cac opcode=lw x25=0x80001cef
000000068 RUNTIME_ONLY neutral retire case=00054 pc=0x80001cb0 opcode=sw x26=0x80001cf4
000000069 RUNTIME_ONLY neutral retire case=00054 pc=0x80001cb4 opcode=beq x27=0x80001cf1
000000070 RUNTIME_ONLY neutral retire case=00054 pc=0x80001cb8 opcode=csrrw x28=0x80001cfe
000000071 RUNTIME_ONLY neutral retire case=00054 pc=0x80001cbc opcode=xor x29=0x80001cfb
000000072 RUNTIME_ONLY neutral retire case=00054 pc=0x80001cc0 opcode=addi x30=0x80001c88
000000073 RUNTIME_ONLY neutral retire case=00054 pc=0x80001cc4 opcode=lw x31=0x80001c8d
