UVM_FATAL /runtime_only_unique_aanc.sv(1) @ 1: runtime_only_unique_failure_aanc normalization resistant timing marker
RUNTIME_ONLY_CASE=367 SOURCE_A=benchmark_set_2:8
riscv_debug_ebreakmu_test.0 : [FAILED]
RUNTIME_ONLY_COMBINE SOURCE_B=benchmark_set_2:18
riscv_interrupt_csr_test.0 : [FAILED]
000000000 RUNTIME_ONLY neutral retire case=00367 pc=0x8000bbcc opcode=lw x15=0x8000bbcc
000000001 RUNTIME_ONLY neutral retire case=00367 pc=0x8000bbd0 opcode=sw x16=0x8000bbd1
000000002 RUNTIME_ONLY neutral retire case=00367 pc=0x8000bbd4 opcode=beq x17=0x8000bbd6
000000003 RUNTIME_ONLY neutral retire case=00367 pc=0x8000bbd8 opcode=csrrw x18=0x8000bbdb
000000004 RUNTIME_ONLY neutral retire case=00367 pc=0x8000bbdc opcode=xor x19=0x8000bbd8
000000005 RUNTIME_ONLY neutral retire case=00367 pc=0x8000bbe0 opcode=addi x20=0x8000bbe5
000000006 RUNTIME_ONLY neutral retire case=00367 pc=0x8000bbe4 opcode=lw x21=0x8000bbe2
000000007 RUNTIME_ONLY neutral retire case=00367 pc=0x8000bbe8 opcode=sw x22=0x8000bbef
000000008 RUNTIME_ONLY neutral retire case=00367 pc=0x8000bbec opcode=beq x23=0x8000bbe4
000000009 RUNTIME_ONLY neutral retire case=00367 pc=0x8000bbf0 opcode=csrrw x24=0x8000bbf9
000000010 RUNTIME_ONLY neutral retire case=00367 pc=0x8000bbf4 opcode=xor x25=0x8000bbfe
000000011 RUNTIME_ONLY neutral retire case=00367 pc=0x8000bbf8 opcode=addi x26=0x8000bbf3
000000012 RUNTIME_ONLY neutral retire case=00367 pc=0x8000bbfc opcode=lw x27=0x8000bbf0
000000013 RUNTIME_ONLY neutral retire case=00367 pc=0x8000bc00 opcode=sw x28=0x8000bc0d
000000014 RUNTIME_ONLY neutral retire case=00367 pc=0x8000bc04 opcode=beq x29=0x8000bc0a
000000015 RUNTIME_ONLY neutral retire case=00367 pc=0x8000bc08 opcode=csrrw x30=0x8000bc07
