Time	Cycle	PC	Insn	Decoded instruction	Register and memory contents
           2489	        22	80000080	400019b7	lui	x19,0x40001	 x19=0x40001000
           2909	        43	80000084	10698993	addi	x19,x19,262	 x19:0x40001000 x19=0x40001106
           2929	        44	80000088	30199073	csrrw	x0,misa,x19	 x19:0x40001106  x0=0x00000000
           2989	        47	8000008c	00026f97	auipc	x31,0x26	 x31=0x8002608c
           3009	        48	80000090	c58f8f93	addi	x31,x31,-936	 x31:0x8002608c x31=0x80025ce4
           3029	        49	80000094	00002997	auipc	x19,0x2	 x19=0x80002094
           3209	        58	80000098	66c98993	addi	x19,x19,1644	 x19:0x80002094 x19=0x80002700
           3609	        78	8000009c	0019e993	ori	x19,x19,1	 x19:0x80002700 x19=0x80002701
           3629	        79	800000a0	30599073	csrrw	x0,mtvec,x19	 x19:0x80002701  x0=0x00000000
           3769	        86	800000a4	74725073	csrrwi	x0,0x747,4	  x0=0x00000000
           3829	        89	800000a8	00003a97	auipc	x21,0x3	 x21=0x800030a8
           3849	        90	800000ac	440a8a93	addi	x21,x21,1088	 x21:0x800030a8 x21=0x800034e8
           3909	        93	800000b0	4981	c.li	x19,0	 x19=0x00000000
           3929	        94	800000b2	9ace	c.add	x21,x19	 x21:0x800034e8 x19:0x00000000 x21=0x800034e8
           4329	       114	800000b4	002ada93	srli	x21,x21,0x2	 x21:0x800034e8 x21=0x20000d3a
           4349	       115	800000b8	3b0a9073	csrrw	x0,pmpaddr0,x21	 x21:0x20000d3a  x0=0x00000000
           4469	       121	800000bc	00003a97	auipc	x21,0x3	 x21=0x800030bc
           4649	       130	800000c0	42ca8a93	addi	x21,x21,1068	 x21:0x800030bc x21=0x800034e8
           4929	       144	800000c4	111119b7	lui	x19,0x11111	 x19=0x11111000
           5009	       148	800000c8	11198993	addi	x19,x19,273	 x19:0x11111000 x19=0x11111111
           5029	       149	800000cc	9ace	c.add	x21,x19	 x21:0x800034e8 x19:0x11111111 x21=0x911145f9
           5189	       157	800000ce	002ada93	srli	x21,x21,0x2	 x21:0x911145f9 x21=0x2444517e
           5209	       158	800000d2	3b1a9073	csrrw	x0,pmpaddr1,x21	 x21:0x2444517e  x0=0x00000000
           5629	       179	800000d6	00003a97	auipc	x21,0x3	 x21=0x800030d6
           5649	       180	800000da	412a8a93	addi	x21,x21,1042	 x21:0x800030d6 x21=0x800034e8
           6069	       201	800000de	222229b7	lui	x19,0x22222	 x19=0x22222000
           6209	       208	800000e2	22298993	addi	x19,x19,546	 x19:0x22222000 x19=0x22222222
           6229	       209	800000e6	9ace	c.add	x21,x19	 x21:0x800034e8 x19:0x22222222 x21=0xa222570a
           6629	       229	800000e8	002ada93	srli	x21,x21,0x2	 x21:0xa222570a x21=0x288895c2
           7049	       250	800000ec	3b2a9073	csrrw	x0,pmpaddr2,x21	 x21:0x288895c2  x0=0x00000000
           7469	       271	800000f0	00003a97	auipc	x21,0x3	 x21=0x800030f0
           7489	       272	800000f4	3f8a8a93	addi	x21,x21,1016	 x21:0x800030f0 x21=0x800034e8
           7549	       275	800000f8	333339b7	lui	x19,0x33333	 x19=0x33333000
           7569	       276	800000fc	33398993	addi	x19,x19,819	 x19:0x33333000 x19=0x33333333
           7589	       277	80000100	9ace	c.add	x21,x19	 x21:0x800034e8 x19:0x33333333 x21=0xb333681b
           7609	       278	80000102	002ada93	srli	x21,x21,0x2	 x21:0xb333681b x21=0x2cccda06
           7629	       279	80000106	3b3a9073	csrrw	x0,pmpaddr3,x21	 x21:0x2cccda06  x0=0x00000000
           8049	       300	8000010a	0f0f1ab7	lui	x21,0xf0f1	 x21=0x0f0f1000
           8289	       312	8000010e	f0fa8a93	addi	x21,x21,-241	 x21:0x0f0f1000 x21=0x0f0f0f0f
           8309	       313	80000112	3a0a9073	csrrw	x0,pmpcfg0,x21	 x21:0x0f0f0f0f  x0=0x00000000
           8369	       316	80000116	00003a97	auipc	x21,0x3	 x21=0x80003116
           8449	       320	8000011a	3d2a8a93	addi	x21,x21,978	 x21:0x80003116 x21=0x800034e8
           8509	       323	8000011e	444449b7	lui	x19,0x44444	 x19=0x44444000
           8529	       324	80000122	44498993	addi	x19,x19,1092	 x19:0x44444000 x19=0x44444444
           8549	       325	80000126	9ace	c.add	x21,x19	 x21:0x800034e8 x19:0x44444444 x21=0xc444792c
           8569	       326	80000128	002ada93	srli	x21,x21,0x2	 x21:0xc444792c x21=0x31111e4b
           8969	       346	8000012c	3b4a9073	csrrw	x0,pmpaddr4,x21	 x21:0x31111e4b  x0=0x00000000
           9049	       350	80000130	00003a97	auipc	x21,0x3	 x21=0x80003130
           9229	       359	80000134	3b8a8a93	addi	x21,x21,952	 x21:0x80003130 x21=0x800034e8
           9249	       360	80000138	555559b7	lui	x19,0x55555	 x19=0x55555000
           9449	       370	8000013c	55598993	addi	x19,x19,1365	 x19:0x55555000 x19=0x55555555
           9469	       371	80000140	9ace	c.add	x21,x19	 x21:0x800034e8 x19:0x55555555 x21=0xd5558a3d
           9489	       372	80000142	002ada93	srli	x21,x21,0x2	 x21:0xd5558a3d x21=0x3555628f
           9529	       374	80000146	3b5a9073	csrrw	x0,pmpaddr5,x21	 x21:0x3555628f  x0=0x00000000
           9589	       377	8000014a	00003a97	auipc	x21,0x3	 x21=0x8000314a
           9609	       378	8000014e	39ea8a93	addi	x21,x21,926	 x21:0x8000314a x21=0x800034e8
           9629	       379	80000152	666669b7	lui	x19,0x66666	 x19=0x66666000
           9649	       380	80000156	66698993	addi	x19,x19,1638	 x19:0x66666000 x19=0x66666666
           9669	       381	8000015a	9ace	c.add	x21,x19	 x21:0x800034e8 x19:0x66666666 x21=0xe6669b4e
           9789	       387	8000015c	002ada93	srli	x21,x21,0x2	 x21:0xe6669b4e x21=0x3999a6d3
           9969	       396	80000160	3b6a9073	csrrw	x0,pmpaddr6,x21	 x21:0x3999a6d3  x0=0x00000000
          10109	       403	80000164	00003a97	auipc	x21,0x3	 x21=0x80003164
          10129	       404	80000168	384a8a93	addi	x21,x21,900	 x21:0x80003164 x21=0x800034e8
          10249	       410	8000016c	777779b7	lui	x19,0x77777	 x19=0x77777000
          10669	       431	80000170	77798993	addi	x19,x19,1911	 x19:0x77777000 x19=0x77777777
          10729	       434	80000174	9ace	c.add	x21,x19	 x21:0x800034e8 x19:0x77777777 x21=0xf777ac5f
          10749	       435	80000176	002ada93	srli	x21,x21,0x2	 x21:0xf777ac5f x21=0x3dddeb17
          10769	       436	8000017a	3b7a9073	csrrw	x0,pmpaddr7,x21	 x21:0x3dddeb17  x0=0x00000000
          11189	       457	8000017e	0f0f1ab7	lui	x21,0xf0f1	 x21=0x0f0f1000
          11329	       464	80000182	f0fa8a93	addi	x21,x21,-241	 x21:0x0f0f1000 x21=0x0f0f0f0f
          11349	       465	80000186	3a1a9073	csrrw	x0,pmpcfg1,x21	 x21:0x0f0f0f0f  x0=0x00000000
          11769	       486	8000018a	00003a97	auipc	x21,0x3	 x21=0x8000318a
          11789	       487	8000018e	35ea8a93	addi	x21,x21,862	 x21:0x8000318a x21=0x800034e8
          11869	       491	80000192	888899b7	lui	x19,0x88889	 x19=0x88889000
          11889	       492	80000196	88898993	addi	x19,x19,-1912	 x19:0x88889000 x19=0x88888888
          11909	       493	8000019a	9ace	c.add	x21,x19	 x21:0x800034e8 x19:0x88888888 x21=0x0888bd70
          11929	       494	8000019c	002ada93	srli	x21,x21,0x2	 x21:0x0888bd70 x21=0x02222f5c
          12109	       503	800001a0	3b8a9073	csrrw	x0,pmpaddr8,x21	 x21:0x02222f5c  x0=0x00000000
          12469	       521	800001a4	00003a97	auipc	x21,0x3	 x21=0x800031a4
          12669	       531	800001a8	344a8a93	addi	x21,x21,836	 x21:0x800031a4 x21=0x800034e8
          13029	       549	800001ac	9999a9b7	lui	x19,0x9999a	 x19=0x9999a000
          13189	       557	800001b0	99998993	addi	x19,x19,-1639	 x19:0x9999a000 x19=0x99999999
          13609	       578	800001b4	9ace	c.add	x21,x19	 x21:0x800034e8 x19:0x99999999 x21=0x1999ce81
          13629	       579	800001b6	002ada93	srli	x21,x21,0x2	 x21:0x1999ce81 x21=0x066673a0
          13829	       589	800001ba	3b9a9073	csrrw	x0,pmpaddr9,x21	 x21:0x066673a0  x0=0x00000000
          13989	       597	800001be	00003a97	auipc	x21,0x3	 x21=0x800031be
          14009	       598	800001c2	32aa8a93	addi	x21,x21,810	 x21:0x800031be x21=0x800034e8
          14309	       613	800001c6	aaaab9b7	lui	x19,0xaaaab	 x19=0xaaaab000
          14329	       614	800001ca	aaa98993	addi	x19,x19,-1366	 x19:0xaaaab000 x19=0xaaaaaaaa
          14349	       615	800001ce	9ace	c.add	x21,x19	 x21:0x800034e8 x19:0xaaaaaaaa x21=0x2aaadf92
          14369	       616	800001d0	002ada93	srli	x21,x21,0x2	 x21:0x2aaadf92 x21=0x0aaab7e4
          14769	       636	800001d4	3baa9073	csrrw	x0,pmpaddr10,x21	 x21:0x0aaab7e4  x0=0x00000000
          14909	       643	800001d8	00003a97	auipc	x21,0x3	 x21=0x800031d8
          14929	       644	800001dc	310a8a93	addi	x21,x21,784	 x21:0x800031d8 x21=0x800034e8
          14989	       647	800001e0	bbbbc9b7	lui	x19,0xbbbbc	 x19=0xbbbbc000
          15009	       648	800001e4	bbb98993	addi	x19,x19,-1093	 x19:0xbbbbc000 x19=0xbbbbbbbb
          15229	       659	800001e8	9ace	c.add	x21,x19	 x21:0x800034e8 x19:0xbbbbbbbb x21=0x3bbbf0a3
          15429	       669	800001ea	002ada93	srli	x21,x21,0x2	 x21:0x3bbbf0a3 x21=0x0eeefc28
          15849	       690	800001ee	3bba9073	csrrw	x0,pmpaddr11,x21	 x21:0x0eeefc28  x0=0x00000000
          16129	       704	800001f2	0f0f1ab7	lui	x21,0xf0f1	 x21=0x0f0f1000
          16389	       717	800001f6	f0fa8a93	addi	x21,x21,-241	 x21:0x0f0f1000 x21=0x0f0f0f0f
          16409	       718	800001fa	3a2a9073	csrrw	x0,pmpcfg2,x21	 x21:0x0f0f0f0f  x0=0x00000000
          16469	       721	800001fe	00003a97	auipc	x21,0x3	 x21=0x800031fe
          16849	       740	80000202	2eaa8a93	addi	x21,x21,746	 x21:0x800031fe x21=0x800034e8
          16889	       742	80000206	ccccd9b7	lui	x19,0xccccd	 x19=0xccccd000
          16909	       743	8000020a	ccc98993	addi	x19,x19,-820	 x19:0xccccd000 x19=0xcccccccc
          16929	       744	8000020e	9ace	c.add	x21,x19	 x21:0x800034e8 x19:0xcccccccc x21=0x4ccd01b4
          16949	       745	80000210	002ada93	srli	x21,x21,0x2	 x21:0x4ccd01b4 x21=0x1333406d
          16969	       746	80000214	3bca9073	csrrw	x0,pmpaddr12,x21	 x21:0x1333406d  x0=0x00000000
          17029	       749	80000218	00003a97	auipc	x21,0x3	 x21=0x80003218
          17449	       770	8000021c	2d0a8a93	addi	x21,x21,720	 x21:0x80003218 x21=0x800034e8
          17869	       791	80000220	dddde9b7	lui	x19,0xdddde	 x19=0xdddde000
          18189	       807	80000224	ddd98993	addi	x19,x19,-547	 x19:0xdddde000 x19=0xdddddddd
          18609	       828	80000228	9ace	c.add	x21,x19	 x21:0x800034e8 x19:0xdddddddd x21=0x5dde12c5
          19029	       849	8000022a	002ada93	srli	x21,x21,0x2	 x21:0x5dde12c5 x21=0x177784b1
          19049	       850	8000022e	3bda9073	csrrw	x0,pmpaddr13,x21	 x21:0x177784b1  x0=0x00000000
          19109	       853	80000232	00003a97	auipc	x21,0x3	 x21=0x80003232
          19129	       854	80000236	2b6a8a93	addi	x21,x21,694	 x21:0x80003232 x21=0x800034e8
          19509	       873	8000023a	eeeef9b7	lui	x19,0xeeeef	 x19=0xeeeef000
          19529	       874	8000023e	eee98993	addi	x19,x19,-274	 x19:0xeeeef000 x19=0xeeeeeeee
          19549	       875	80000242	9ace	c.add	x21,x19	 x21:0x800034e8 x19:0xeeeeeeee x21=0x6eef23d6
          19569	       876	80000244	002ada93	srli	x21,x21,0x2	 x21:0x6eef23d6 x21=0x1bbbc8f5
          19669	       881	80000248	3bea9073	csrrw	x0,pmpaddr14,x21	 x21:0x1bbbc8f5  x0=0x00000000
          19809	       888	8000024c	00003a97	auipc	x21,0x3	 x21=0x8000324c
          20109	       903	80000250	29ca8a93	addi	x21,x21,668	 x21:0x8000324c x21=0x800034e8
          20129	       904	80000254	fff00993	addi	x19,x0,-1	  x0:0x00000000 x19=0xffffffff
          20189	       907	80000258	9ace	c.add	x21,x19	 x21:0x800034e8 x19:0xffffffff x21=0x800034e7
          20229	       909	8000025a	002ada93	srli	x21,x21,0x2	 x21:0x800034e7 x21=0x20000d39
          20249	       910	8000025e	3bfa9073	csrrw	x0,pmpaddr15,x21	 x21:0x20000d39  x0=0x00000000
          20309	       913	80000262	0f0f1ab7	lui	x21,0xf0f1	 x21=0x0f0f1000
          20489	       922	80000266	f0fa8a93	addi	x21,x21,-241	 x21:0x0f0f1000 x21=0x0f0f0f0f
          20529	       924	8000026a	3a3a9073	csrrw	x0,pmpcfg3,x21	 x21:0x0f0f0f0f  x0=0x00000000
          20589	       927	8000026e	00000997	auipc	x19,0x0	 x19=0x8000026e
          20689	       932	80000272	05898993	addi	x19,x19,88	 x19:0x8000026e x19=0x800002c6
          20709	       933	80000276	34199073	csrrw	x0,mepc,x19	 x19:0x800002c6  x0=0x00000000
          20909	       943	8000027a	7c00d073	csrrwi	x0,0x7c0,1	  x0=0x00000000
          20969	       946	8000027e	6989	c.lui	x19,0x2	 x19=0x00002000
          21009	       948	80000280	80098993	addi	x19,x19,-2048	 x19:0x00002000 x19=0x00001800
          21429	       969	80000284	30099073	csrrw	x0,mstatus,x19	 x19:0x00001800  x0=0x00000000
          21489	       972	80000288	4981	c.li	x19,0	 x19=0x00000000
          21869	       991	8000028a	30499073	csrrw	x0,mie,x19	 x19:0x00000000  x0=0x00000000
          21949	       995	8000028e	90000337	lui	x6,0x90000	  x6=0x90000000
          21969	       996	80000292	1371	c.addi	x6,-4	  x6:0x90000000  x6=0x8ffffffc
          22169	      1006	80000294	30000993	addi	x19,x0,768	  x0:0x00000000 x19=0x00000300
          22189	      1007	80000298	09a2	c.slli	x19,0x8	 x19:0x00000300 x19=0x00030000
          22209	      1008	8000029a	098d	c.addi	x19,3	 x19:0x00030000 x19=0x00030003
          22369	      1016	8000029c	01332023	sw	x19,0(x6)	  x6:0x8ffffffc x19:0x00030003 PA:0x8ffffffc store:0x00030003
          22389	      1017	800002a0	300029f3	csrrs	x19,mstatus,x0	  x0:0x00000000 x19=0x00001800
          22609	      1028	800002a4	01332023	sw	x19,0(x6)	  x6:0x8ffffffc x19:0x00001800 PA:0x8ffffffc store:0x00001800
          22789	      1037	800002a8	90000337	lui	x6,0x90000	  x6=0x90000000
          22989	      1047	800002ac	1371	c.addi	x6,-4	  x6:0x90000000  x6=0x8ffffffc
          23009	      1048	800002ae	30400993	addi	x19,x0,772	  x0:0x00000000 x19=0x00000304
          23029	      1049	800002b2	09a2	c.slli	x19,0x8	 x19:0x00000304 x19=0x00030400
          23049	      1050	800002b4	098d	c.addi	x19,3	 x19:0x00030400 x19=0x00030403
          23109	      1053	800002b6	01332023	sw	x19,0(x6)	  x6:0x8ffffffc x19:0x00030403 PA:0x8ffffffc store:0x00030403
          23169	      1056	800002ba	304029f3	csrrs	x19,mie,x0	  x0:0x00000000 x19=0x00000000
          23329	      1064	800002be	01332023	sw	x19,0(x6)	  x6:0x8ffffffc x19:0x00000000 PA:0x8ffffffc store:0x00000000
          23349	      1065	800002c2	30200073	mret	
          23429	      1069	800002c6	62350037	lui	x0,0x62350	  x0=0x00000000
          23449	      1070	800002ca	dd800013	addi	x0,x0,-552	  x0:0x00000000  x0=0x00000000
          23469	      1071	800002ce	40a1	c.li	x1,8	  x1=0x00000008
          24529	      1124	800002d0	4101	c.li	x2,0	  x2=0x00000000
          24549	      1125	800002d2	4181	c.li	x3,0	  x3=0x00000000
          24709	      1133	800002d4	4201	c.li	x4,0	  x4=0x00000000
          24729	      1134	800002d6	800002b7	lui	x5,0x80000	  x5=0x80000000
          24749	      1135	800002da	f642b337	lui	x6,0xf642b	  x6=0xf642b000
          24789	      1137	800002de	83230313	addi	x6,x6,-1998	  x6:0xf642b000  x6=0xf642a832
          25209	      1158	800002e2	800003b7	lui	x7,0x80000	  x7=0x80000000
          25229	      1159	800002e6	80000437	lui	x8,0x80000	  x8=0x80000000
          25289	      1162	800002ea	f96194b7	lui	x9,0xf9619	  x9=0xf9619000
          25309	      1163	800002ee	43348493	addi	x9,x9,1075	  x9:0xf9619000  x9=0xf9619433
          25329	      1164	800002f2	f6df0537	lui	x10,0xf6df0	 x10=0xf6df0000
          25949	      1195	800002f6	d2a50513	addi	x10,x10,-726	 x10:0xf6df0000 x10=0xf6defd2a
          25969	      1196	800002fa	45a5	c.li	x11,9	 x11=0x00000009
          25989	      1197	800002fc	80000637	lui	x12,0x80000	 x12=0x80000000
          26009	      1198	80000300	800006b7	lui	x13,0x80000	 x13=0x80000000
          26089	      1202	80000304	7ba42737	lui	x14,0x7ba42	 x14=0x7ba42000
          26129	      1204	80000308	e7070713	addi	x14,x14,-400	 x14:0x7ba42000 x14=0x7ba41e70
          26149	      1205	8000030c	800007b7	lui	x15,0x80000	 x15=0x80000000
          26229	      1209	80000310	4801	c.li	x16,0	 x16=0x00000000
          26269	      1211	80000312	d319d8b7	lui	x17,0xd319d	 x17=0xd319d000
          26689	      1232	80000316	07c88893	addi	x17,x17,124	 x17:0xd319d000 x17=0xd319d07c
          26709	      1233	8000031a	4911	c.li	x18,4	 x18=0x00000004
          26729	      1234	8000031c	800009b7	lui	x19,0x80000	 x19=0x80000000
          26749	      1235	80000320	f0fc0a37	lui	x20,0xf0fc0	 x20=0xf0fc0000
          27149	      1255	80000324	bb7a0a13	addi	x20,x20,-1097	 x20:0xf0fc0000 x20=0xf0fbfbb7
          27169	      1256	80000328	ce9ddab7	lui	x21,0xce9dd	 x21=0xce9dd000
          27209	      1258	8000032c	0bba8a93	addi	x21,x21,187	 x21:0xce9dd000 x21=0xce9dd0bb
          27249	      1260	80000330	4b25	c.li	x22,9	 x22=0x00000009
          27269	      1261	80000332	4b89	c.li	x23,2	 x23=0x00000002
          27349	      1265	80000334	4c01	c.li	x24,0	 x24=0x00000000
          27489	      1272	80000336	3d230cb7	lui	x25,0x3d230	 x25=0x3d230000
          27569	      1276	8000033a	de5c8c93	addi	x25,x25,-539	 x25:0x3d230000 x25=0x3d22fde5
          27589	      1277	8000033e	05c02d37	lui	x26,0x5c02	 x26=0x05c02000
          28009	      1298	80000342	f4dd0d13	addi	x26,x26,-179	 x26:0x05c02000 x26=0x05c01f4d
          28029	      1299	80000346	f6a39db7	lui	x27,0xf6a39	 x27=0xf6a39000
          28189	      1307	8000034a	c0cd8d93	addi	x27,x27,-1012	 x27:0xf6a39000 x27=0xf6a38c0c
          28309	      1313	8000034e	fb464e37	lui	x28,0xfb464	 x28=0xfb464000
          28489	      1322	80000352	8c8e0e13	addi	x28,x28,-1848	 x28:0xfb464000 x28=0xfb4638c8
          28789	      1337	80000356	38a52f37	lui	x30,0x38a52	 x30=0x38a52000
          28969	      1346	8000035a	0e3f0f13	addi	x30,x30,227	 x30:0x38a52000 x30=0x38a520e3
          29089	      1352	8000035e	00022e97	auipc	x29,0x22	 x29=0x8002235e
          29509	      1373	80000362	b06e8e93	addi	x29,x29,-1274	 x29:0x8002235e x29=0x80021e64
          29689	      1382	80000366	90000337	lui	x6,0x90000	  x6=0x90000000
          29709	      1383	8000036a	1371	c.addi	x6,-4	  x6:0x90000000  x6=0x8ffffffc
          29729	      1384	8000036c	4981	c.li	x19,0	 x19=0x00000000
          29749	      1385	8000036e	09a2	c.slli	x19,0x8	 x19:0x00000000 x19=0x00000000
          30129	      1404	80000370	00098993	addi	x19,x19,0	 x19:0x00000000 x19=0x00000000
          30349	      1415	80000374	01332023	sw	x19,0(x6)	  x6:0x8ffffffc x19:0x00000000 PA:0x8ffffffc store:0x00000000
          30369	      1416	80000378	1700306f	jal	x0,800034e8	  x0=0x00000000
          30649	      1430	800034e8	3402b973	csrrc	x18,mscratch,x5	  x5:0x80000000 x18=0x00000000
          30669	      1431	800034ec	0000100f	fence.i	
          30809	      1438	800034f0	6d466113	ori	x2,x12,1748	 x12:0x80000000  x2=0x800006d4
          30949	      1445	800034f4	8d05	c.sub	x10,x9	 x10:0xf6defd2a  x9:0xf9619433 x10=0xfd7d68f7
          30969	      1446	800034f6	997d	c.andi	x10,-1	 x10:0xfd7d68f7 x10=0xfd7d68f7
          31489	      1472	800034f8	01066333	or	x6,x12,x16	 x12:0x80000000 x16:0x00000000  x6=0x80000000
          31909	      1493	800034fc	0001	c.addi	x0,0	  x0:0x00000000  x0=0x00000000
          31929	      1494	800034fe	01c68733	add	x14,x13,x28	 x13:0x80000000 x28:0xfb4638c8 x14=0x7b4638c8
          31949	      1495	80003502	a90d66b7	lui	x13,0xa90d6	 x13=0xa90d6000
          32009	      1498	80003506	34003a73	csrrc	x20,mscratch,x0	  x0:0x00000000 x20=0x00000000
          32749	      1535	8000350a	02e94db3	div	x27,x18,x14	 x18:0x00000000 x14:0x7b4638c8 x27=0x00000000
          32769	      1536	8000350e	88d47b13	andi	x22,x8,-1907	  x8:0x80000000 x22=0x80000000
          32789	      1537	80003512	4b2f6c93	ori	x25,x30,1202	 x30:0x38a520e3 x25=0x38a524f3
          32829	      1539	80003516	034d2333	mulhsu	x6,x26,x20	 x26:0x05c01f4d x20:0x00000000  x6=0x00000000
          32849	      1540	8000351a	f8bdf013	andi	x0,x27,-117	 x27:0x00000000  x0=0x00000000
          32869	      1541	8000351e	8cb1	c.xor	x9,x12	  x9:0xf9619433 x12:0x80000000  x9=0x79619433
          32889	      1542	80003520	0030c6b3	xor	x13,x1,x3	  x1:0x00000008  x3:0x00000000 x13=0x00000008
          33629	      1579	80003524	03f776b3	remu	x13,x14,x31	 x14:0x7b4638c8 x31:0x80025ce4 x13=0x7b4638c8
          33649	      1580	80003528	ee89	c.bnez	x13,80003542	 x13:0x7b4638c8
          33829	      1589	80003542	41495593	srai	x11,x18,0x14	 x18:0x00000000 x11=0x00000000
          33849	      1590	80003546	717d	c.addi16sp	x2,-16	  x2:0x800006d4  x2=0x800006c4
          34249	      1610	80003548	ca85	c.beqz	x13,80003578	 x13:0x7b4638c8
          34449	      1620	8000354a	02b28d63	beq	x5,x11,80003584	  x5:0x80000000 x11:0x00000000
          34469	      1621	8000354e	717d	c.addi16sp	x2,-16	  x2:0x800006c4  x2=0x800006b4
          34529	      1624	80003550	4197d333	sra	x6,x15,x25	 x15:0x80000000 x25:0x38a524f3  x6=0xfffff000
          34549	      1625	80003554	939e	c.add	x7,x7	  x7:0x80000000  x7:0x80000000  x7=0x00000000
          34669	      1631	80003556	a95da193	slti	x3,x27,-1387	 x27:0x00000000  x3=0x00000000
          35089	      1652	8000355a	0000100f	fence.i	
          35949	      1695	8000355e	0163bd33	sltu	x26,x7,x22	  x7:0x00000000 x22:0x80000000 x26=0x00000001
          35969	      1696	80003562	58fd	c.li	x17,-1	 x17=0xffffffff
          36889	      1742	80003564	02f37033	remu	x0,x6,x15	  x6:0xfffff000 x15:0x80000000  x0=0x00000000
          36909	      1743	80003568	8f6a	c.mv	x30,x26	  x0:0x00000000 x26:0x00000001 x30=0x00000001
          36929	      1744	8000356a	3ebf2393	slti	x7,x30,1003	 x30:0x00000001  x7=0x00000001
          36949	      1745	8000356e	ef0d	c.bnez	x14,800035a8	 x14:0x7b4638c8
          37129	      1754	800035a8	02cd0f63	beq	x26,x12,800035e6	 x26:0x00000001 x12:0x80000000
          37249	      1760	800035ac	40385613	srai	x12,x16,0x3	 x16:0x00000000 x12=0x00000000
          37549	      1775	800035b0	0506	c.slli	x10,0x1	 x10:0xfd7d68f7 x10=0xfafad1ee
          37569	      1776	800035b2	340d1e73	csrrw	x28,mscratch,x26	 x26:0x00000001 x28=0x00000000
          37589	      1777	800035b6	0021d213	srli	x4,x3,0x2	  x3:0x00000000  x4=0x00000000
          37709	      1783	800035ba	007a76b3	and	x13,x20,x7	 x20:0x00000000  x7:0x00000001 x13=0x00000000
          37729	      1784	800035be	00e559b3	srl	x19,x10,x14	 x10:0xfafad1ee x14:0x7b4638c8 x19=0x00fafad1
          37769	      1786	800035c2	038274b3	remu	x9,x4,x24	  x4:0x00000000 x24:0x00000000  x9=0x00000000
          37789	      1787	800035c6	00b81e13	slli	x28,x16,0xb	 x16:0x00000000 x28=0x00000000
          37809	      1788	800035ca	82d2	c.mv	x5,x20	  x0:0x00000000 x20:0x00000000  x5=0x00000000
          37829	      1789	800035cc	34007673	csrrci	x12,mscratch,0	 x12=0x00000001
          37989	      1797	800035d0	0000100f	fence.i	
          38889	      1842	800035d4	34085873	csrrwi	x16,mscratch,16	 x16=0x00000001
          38909	      1843	800035d8	1b7d	c.addi	x22,-1	 x22:0x80000000 x22=0x7fffffff
          38929	      1844	800035da	002ad113	srli	x2,x21,0x2	 x21:0xce9dd0bb  x2=0x33a7742e
          39669	      1881	800035de	0355c2b3	div	x5,x11,x21	 x11:0x00000000 x21:0xce9dd0bb  x5=0x00000000
          39689	      1882	800035e2	6c067893	andi	x17,x12,1728	 x12:0x00000001 x17=0x00000000
          39709	      1883	800035e6	3402d273	csrrwi	x4,mscratch,5	  x4=0x00000010
          39809	      1888	800035ea	407c85b3	sub	x11,x25,x7	 x25:0x38a524f3  x7:0x00000001 x11=0x38a524f2
          39829	      1889	800035ee	00b79cb3	sll	x25,x15,x11	 x15:0x80000000 x11:0x38a524f2 x25=0x00000000
          40149	      1905	800035f2	340074f3	csrrci	x9,mscratch,0	  x9=0x00000005
          40509	      1923	800035f6	406b5293	srai	x5,x22,0x6	 x22:0x7fffffff  x5=0x01ffffff
          40589	      1927	800035fa	0000100f	fence.i	
          43069	      2051	800035fe	0301c263	blt	x3,x16,80003622	  x3:0x00000000 x16:0x00000001
          43289	      2062	80003622	016051b3	srl	x3,x0,x22	  x0:0x00000000 x22:0x7fffffff  x3=0x00000000
          43309	      2063	80003626	0000100f	fence.i	
          44209	      2108	8000362a	00c32b33	slt	x22,x6,x12	  x6:0xfffff000 x12:0x00000001 x22=0x00000001
          44229	      2109	8000362e	01a07c33	and	x24,x0,x26	  x0:0x00000000 x26:0x00000001 x24=0x00000000
          44349	      2115	80003632	02361e33	mulh	x28,x12,x3	 x12:0x00000001  x3:0x00000000 x28=0x00000000
          44369	      2116	80003636	0000100f	fence.i	
          45169	      2156	8000363a	03811333	mulh	x6,x2,x24	  x2:0x33a7742e x24:0x00000000  x6=0x00000000
          45209	      2158	8000363e	03fe14b3	mulh	x9,x28,x31	 x28:0x00000000 x31:0x80025ce4  x9=0x00000000
          45229	      2159	80003642	01993533	sltu	x10,x18,x25	 x18:0x00000000 x25:0x00000000 x10=0x00000000
          45289	      2162	80003646	02951163	bne	x10,x9,80003668	 x10:0x00000000  x9:0x00000000
          46149	      2205	8000364a	02c27333	remu	x6,x4,x12	  x4:0x00000010 x12:0x00000001  x6=0x00000000
          46169	      2206	8000364e	0ff0000f	fence	iorw,iorw	
          46189	      2207	80003652	017fa5b3	slt	x11,x31,x23	 x31:0x80025ce4 x23:0x00000002 x11=0x00000001
          46209	      2208	80003656	002f4db3	xor	x27,x30,x2	 x30:0x00000001  x2:0x33a7742e x27=0x33a7742f
          46249	      2210	8000365a	02602b33	mulhsu	x22,x0,x6	  x0:0x00000000  x6:0x00000000 x22=0x00000000
          46269	      2211	8000365e	873d	c.srai	x14,0xf	 x14:0x7b4638c8 x14=0x0000f68c
          46289	      2212	80003660	8b12e893	ori	x17,x5,-1871	  x5:0x01ffffff x17=0xffffffff
          46309	      2213	80003664	00133033	sltu	x0,x6,x1	  x6:0x00000000  x1:0x00000008  x0=0x00000000
          46389	      2217	80003668	9b12	c.add	x22,x4	 x22:0x00000000  x4:0x00000010 x22=0x00000010
          46649	      2230	8000366a	40295293	srai	x5,x18,0x2	 x18:0x00000000  x5=0x00000000
          46709	      2233	8000366e	016fe8b3	or	x17,x31,x22	 x31:0x80025ce4 x22:0x00000010 x17=0x80025cf4
          46729	      2234	80003672	5c7d	c.li	x24,-1	 x24=0xffffffff
          46749	      2235	80003674	e10d	c.bnez	x10,80003696	 x10:0x00000000
          46769	      2236	80003676	38b6ac13	slti	x24,x13,907	 x13:0x00000000 x24=0x00000001
          46789	      2237	8000367a	bb1d6d13	ori	x26,x26,-1103	 x26:0x00000001 x26=0xfffffbb1
          46829	      2239	8000367e	03fd2cb3	mulhsu	x25,x26,x31	 x26:0xfffffbb1 x31:0x80025ce4 x25=0xfffffdd8
          46849	      2240	80003682	0363de63	bge	x7,x22,800036be	  x7:0x00000001 x22:0x00000010
          46929	      2244	80003686	340061f3	csrrsi	x3,mscratch,0	  x3=0x00000005
          47049	      2250	8000368a	013bd693	srli	x13,x23,0x13	 x23:0x00000002 x13=0x00000000
          47229	      2259	8000368e	f91ee913	ori	x18,x29,-111	 x29:0x80021e64 x18=0xfffffff5
          47249	      2260	80003692	34007473	csrrci	x8,mscratch,0	  x8=0x00000005
          47269	      2261	80003696	9b7d	c.andi	x14,-1	 x14:0x0000f68c x14=0x0000f68c
          47349	      2265	80003698	8311	c.srli	x14,0x4	 x14:0x0000f68c x14=0x00000f68
          47369	      2266	8000369a	00d31cb3	sll	x25,x6,x13	  x6:0x00000000 x13:0x00000000 x25=0x00000000
          47389	      2267	8000369e	66f1	c.lui	x13,0x1c	 x13=0x0001c000
          47409	      2268	800036a0	04180e63	beq	x16,x1,800036fc	 x16:0x00000001  x1:0x00000008
          47449	      2270	800036a4	029dd733	divu	x14,x27,x9	 x27:0x33a7742f  x9:0x00000000 x14=0xffffffff
          47469	      2271	800036a8	340dfa73	csrrci	x20,mscratch,27	 x20=0x00000005
          47669	      2281	800036ac	00760733	add	x14,x12,x7	 x12:0x00000001  x7:0x00000001 x14=0x00000002
          47689	      2282	800036b0	0335aa13	slti	x20,x11,51	 x11:0x00000001 x20=0x00000001
          47749	      2285	800036b4	8679	c.srai	x12,0x1e	 x12:0x00000001 x12=0x00000000
          48069	      2301	800036b6	340d9df3	csrrw	x27,mscratch,x27	 x27:0x33a7742f x27=0x00000004
          48089	      2302	800036ba	002d33b3	sltu	x7,x26,x2	 x26:0xfffffbb1  x2:0x33a7742e  x7=0x00000000
          48109	      2303	800036be	3cc0c393	xori	x7,x1,972	  x1:0x00000008  x7=0x000003c4
          48129	      2304	800036c2	0632e763	bltu	x5,x3,80003730	  x5:0x00000000  x3:0x00000005
          48289	      2312	80003730	8e8d	c.sub	x13,x11	 x13:0x0001c000 x11:0x00000001 x13=0x0001bfff
          48309	      2313	80003732	03fa9163	bne	x21,x31,80003754	 x21:0xce9dd0bb x31:0x80025ce4
          48509	      2323	80003754	008a5a13	srli	x20,x20,0x8	 x20:0x00000001 x20=0x00000000
          48849	      2340	80003758	0399d463	bge	x19,x25,80003780	 x19:0x00fafad1 x25:0x00000000
          49349	      2365	80003780	8ced	c.and	x9,x11	  x9:0x00000000 x11:0x00000001  x9=0x00000000
          49369	      2366	80003782	717d	c.addi16sp	x2,-16	  x2:0x33a7742e  x2=0x33a7741e
          49389	      2367	80003784	0ff0000f	fence	iorw,iorw	
          49789	      2387	80003788	44fa0013	addi	x0,x20,1103	 x20:0x00000000  x0=0x00000000
          49909	      2393	8000378c	f5eb2893	slti	x17,x22,-162	 x22:0x00000010 x17=0x00000000
          50769	      2436	80003790	024bfe33	remu	x28,x23,x4	 x23:0x00000002  x4:0x00000010 x28=0x00000002
          50789	      2437	80003794	34002bf3	csrrs	x23,mscratch,x0	  x0:0x00000000 x23=0x33a7742f
          50809	      2438	80003798	fb124713	xori	x14,x4,-79	  x4:0x00000010 x14=0xffffffa1
          50829	      2439	8000379c	e889	c.bnez	x9,800037ae	  x9:0x00000000
          50849	      2440	8000379e	3406d473	csrrwi	x8,mscratch,13	  x8=0x33a7742f
          50869	      2441	800037a2	87fa	c.mv	x15,x30	  x0:0x00000000 x30:0x00000001 x15=0x00000001
          51109	      2453	800037a4	00c86db3	or	x27,x16,x12	 x16:0x00000001 x12:0x00000000 x27=0x00000001
          51129	      2454	800037a8	093d	c.addi	x18,15	 x18:0xfffffff5 x18=0x00000004
          51569	      2476	800037aa	02087f33	remu	x30,x16,x0	 x16:0x00000001  x0:0x00000000 x30=0x00000001
          51589	      2477	800037ae	340312f3	csrrw	x5,mscratch,x6	  x6:0x00000000  x5=0x0000000d
          51729	      2484	800037b2	01cfdc63	bge	x31,x28,800037ca	 x31:0x80025ce4 x28:0x00000002
          51869	      2491	800037b6	034dfcb3	remu	x25,x27,x20	 x27:0x00000001 x20:0x00000000 x25=0x00000001
          52209	      2508	800037ba	340071f3	csrrci	x3,mscratch,0	  x3=0x00000000
          52289	      2512	800037be	03f388b3	mul	x17,x7,x31	  x7:0x000003c4 x31:0x80025ce4 x17=0x000001e2
          52309	      2513	800037c2	c885	c.beqz	x9,800037f2	  x9:0x00000000
