UVM_FATAL /runtime_only_unique_aakj.sv(1) @ 1: runtime_only_unique_failure_aakj normalization resistant timing marker
RUNTIME_ONLY_CASE=972 SOURCE_A=benchmark_set_2:5
Mismatch[1]:
ibex[937] : pc[80000c7e] srai x21,x28,0x1: s5:ffffff32
RUNTIME_ONLY_COMBINE SOURCE_B=benchmark_set_1:4
riscv_debug_basic_test.0 : [FAILED]
000000000 RUNTIME_ONLY neutral retire case=00972 pc=0x8001f164 opcode=addi x12=0x8001f164
000000001 RUNTIME_ONLY neutral retire case=00972 pc=0x8001f168 opcode=lw x13=0x8001f169
000000002 RUNTIME_ONLY neutral retire case=00972 pc=0x8001f16c opcode=sw x14=0x8001f16e
000000003 RUNTIME_ONLY neutral retire case=00972 pc=0x8001f170 opcode=beq x15=0x8001f173
000000004 RUNTIME_ONLY neutral retire case=00972 pc=0x8001f174 opcode=csrrw x16=0x8001f170
000000005 RUNTIME_ONLY neutral retire case=00972 pc=0x8001f178 opcode=xor x17=0x8001f17d
000000006 RUNTIME_ONLY neutral retire case=00972 pc=0x8001f17c opcode=addi x18=0x8001f17a
000000007 RUNTIME_ONLY neutral retire case=00972 pc=0x8001f180 opcode=lw x19=0x8001f187
000000008 RUNTIME_ONLY neutral retire case=00972 pc=0x8001f184 opcode=sw x20=0x8001f18c
000000009 RUNTIME_ONLY neutral retire case=00972 pc=0x8001f188 opcode=beq x21=0x8001f181
000000010 RUNTIME_ONLY neutral retire case=00972 pc=0x8001f18c opcode=csrrw x22=0x8001f186
000000011 RUNTIME_ONLY neutral retire case=00972 pc=0x8001f190 opcode=xor x23=0x8001f19b
000000012 RUNTIME_ONLY neutral retire case=00972 pc=0x8001f194 opcode=addi x24=0x8001f198
000000013 RUNTIME_ONLY neutral retire case=00972 pc=0x8001f198 opcode=lw x25=0x8001f195
000000014 RUNTIME_ONLY neutral retire case=00972 pc=0x8001f19c opcode=sw x26=0x8001f192
000000015 RUNTIME_ONLY neutral retire case=00972 pc=0x8001f1a0 opcode=beq x27=0x8001f1af
