UVM_FATAL /runtime_only_unique_aaan.sv(1) @ 1: runtime_only_unique_failure_aaan normalization resistant timing marker
RUNTIME_ONLY_CASE=14 SOURCE_A=benchmark_set_2:7
Mismatch[1]:
ibex[167] : pc[80000378] mulhsu x10,x13,x11: a0:00802801
RUNTIME_ONLY_COMBINE SOURCE_B=benchmark_set_2:8
riscv_debug_ebreakmu_test.0 : [FAILED]
000000000 RUNTIME_ONLY neutral retire case=00014 pc=0x80000728 opcode=sw x14=0x80000728
000000001 RUNTIME_ONLY neutral retire case=00014 pc=0x8000072c opcode=beq x15=0x8000072d
000000002 RUNTIME_ONLY neutral retire case=00014 pc=0x80000730 opcode=csrrw x16=0x80000732
000000003 RUNTIME_ONLY neutral retire case=00014 pc=0x80000734 opcode=xor x17=0x80000737
000000004 RUNTIME_ONLY neutral retire case=00014 pc=0x80000738 opcode=addi x18=0x8000073c
000000005 RUNTIME_ONLY neutral retire case=00014 pc=0x8000073c opcode=lw x19=0x80000739
000000006 RUNTIME_ONLY neutral retire case=00014 pc=0x80000740 opcode=sw x20=0x80000746
000000007 RUNTIME_ONLY neutral retire case=00014 pc=0x80000744 opcode=beq x21=0x80000743
000000008 RUNTIME_ONLY neutral retire case=00014 pc=0x80000748 opcode=csrrw x22=0x80000740
000000009 RUNTIME_ONLY neutral retire case=00014 pc=0x8000074c opcode=xor x23=0x80000745
000000010 RUNTIME_ONLY neutral retire case=00014 pc=0x80000750 opcode=addi x24=0x8000075a
000000011 RUNTIME_ONLY neutral retire case=00014 pc=0x80000754 opcode=lw x25=0x8000075f
000000012 RUNTIME_ONLY neutral retire case=00014 pc=0x80000758 opcode=sw x26=0x80000754
000000013 RUNTIME_ONLY neutral retire case=00014 pc=0x8000075c opcode=beq x27=0x80000751
000000014 RUNTIME_ONLY neutral retire case=00014 pc=0x80000760 opcode=csrrw x28=0x8000076e
000000015 RUNTIME_ONLY neutral retire case=00014 pc=0x80000764 opcode=xor x29=0x8000076b
000000016 RUNTIME_ONLY neutral retire case=00014 pc=0x80000768 opcode=addi x30=0x80000778
000000017 RUNTIME_ONLY neutral retire case=00014 pc=0x8000076c opcode=lw x31=0x8000077d
000000018 RUNTIME_ONLY neutral retire case=00014 pc=0x80000770 opcode=sw x0=0x80000762
000000019 RUNTIME_ONLY neutral retire case=00014 pc=0x80000774 opcode=beq x1=0x80000767
000000020 RUNTIME_ONLY neutral retire case=00014 pc=0x80000778 opcode=csrrw x2=0x8000076c
000000021 RUNTIME_ONLY neutral retire case=00014 pc=0x8000077c opcode=xor x3=0x80000769
000000022 RUNTIME_ONLY neutral retire case=00014 pc=0x80000780 opcode=addi x4=0x80000796
000000023 RUNTIME_ONLY neutral retire case=00014 pc=0x80000784 opcode=lw x5=0x80000793
000000024 RUNTIME_ONLY neutral retire case=00014 pc=0x80000788 opcode=sw x6=0x80000790
000000025 RUNTIME_ONLY neutral retire case=00014 pc=0x8000078c opcode=beq x7=0x80000795
000000026 RUNTIME_ONLY neutral retire case=00014 pc=0x80000790 opcode=csrrw x8=0x8000078a
000000027 RUNTIME_ONLY neutral retire case=00014 pc=0x80000794 opcode=xor x9=0x8000078f
000000028 RUNTIME_ONLY neutral retire case=00014 pc=0x80000798 opcode=addi x10=0x80000784
000000029 RUNTIME_ONLY neutral retire case=00014 pc=0x8000079c opcode=lw x11=0x80000781
000000030 RUNTIME_ONLY neutral retire case=00014 pc=0x800007a0 opcode=sw x12=0x800007be
000000031 RUNTIME_ONLY neutral retire case=00014 pc=0x800007a4 opcode=beq x13=0x800007bb
000000032 RUNTIME_ONLY neutral retire case=00014 pc=0x800007a8 opcode=csrrw x14=0x80000788
000000033 RUNTIME_ONLY neutral retire case=00014 pc=0x800007ac opcode=xor x15=0x8000078d
000000034 RUNTIME_ONLY neutral retire case=00014 pc=0x800007b0 opcode=addi x16=0x80000792
000000035 RUNTIME_ONLY neutral retire case=00014 pc=0x800007b4 opcode=lw x17=0x80000797
000000036 RUNTIME_ONLY neutral retire case=00014 pc=0x800007b8 opcode=sw x18=0x8000079c
000000037 RUNTIME_ONLY neutral retire case=00014 pc=0x800007bc opcode=beq x19=0x80000799
000000038 RUNTIME_ONLY neutral retire case=00014 pc=0x800007c0 opcode=csrrw x20=0x800007e6
000000039 RUNTIME_ONLY neutral retire case=00014 pc=0x800007c4 opcode=xor x21=0x800007e3
000000040 RUNTIME_ONLY neutral retire case=00014 pc=0x800007c8 opcode=addi x22=0x800007e0
000000041 RUNTIME_ONLY neutral retire case=00014 pc=0x800007cc opcode=lw x23=0x800007e5
000000042 RUNTIME_ONLY neutral retire case=00014 pc=0x800007d0 opcode=sw x24=0x800007fa
000000043 RUNTIME_ONLY neutral retire case=00014 pc=0x800007d4 opcode=beq x25=0x800007ff
000000044 RUNTIME_ONLY neutral retire case=00014 pc=0x800007d8 opcode=csrrw x26=0x800007f4
000000045 RUNTIME_ONLY neutral retire case=00014 pc=0x800007dc opcode=xor x27=0x800007f1
000000046 RUNTIME_ONLY neutral retire case=00014 pc=0x800007e0 opcode=addi x28=0x800007ce
000000047 RUNTIME_ONLY neutral retire case=00014 pc=0x800007e4 opcode=lw x29=0x800007cb
000000048 RUNTIME_ONLY neutral retire case=00014 pc=0x800007e8 opcode=sw x30=0x800007d8
000000049 RUNTIME_ONLY neutral retire case=00014 pc=0x800007ec opcode=beq x31=0x800007dd
000000050 RUNTIME_ONLY neutral retire case=00014 pc=0x800007f0 opcode=csrrw x0=0x800007c2
000000051 RUNTIME_ONLY neutral retire case=00014 pc=0x800007f4 opcode=xor x1=0x800007c7
000000052 RUNTIME_ONLY neutral retire case=00014 pc=0x800007f8 opcode=addi x2=0x800007cc
000000053 RUNTIME_ONLY neutral retire case=00014 pc=0x800007fc opcode=lw x3=0x800007c9
000000054 RUNTIME_ONLY neutral retire case=00014 pc=0x80000800 opcode=sw x4=0x80000836
000000055 RUNTIME_ONLY neutral retire case=00014 pc=0x80000804 opcode=beq x5=0x80000833
000000056 RUNTIME_ONLY neutral retire case=00014 pc=0x80000808 opcode=csrrw x6=0x80000830
000000057 RUNTIME_ONLY neutral retire case=00014 pc=0x8000080c opcode=xor x7=0x80000835
000000058 RUNTIME_ONLY neutral retire case=00014 pc=0x80000810 opcode=addi x8=0x8000082a
000000059 RUNTIME_ONLY neutral retire case=00014 pc=0x80000814 opcode=lw x9=0x8000082f
000000060 RUNTIME_ONLY neutral retire case=00014 pc=0x80000818 opcode=sw x10=0x80000824
000000061 RUNTIME_ONLY neutral retire case=00014 pc=0x8000081c opcode=beq x11=0x80000821
000000062 RUNTIME_ONLY neutral retire case=00014 pc=0x80000820 opcode=csrrw x12=0x8000081e
000000063 RUNTIME_ONLY neutral retire case=00014 pc=0x80000824 opcode=xor x13=0x8000081b
000000064 RUNTIME_ONLY neutral retire case=00014 pc=0x80000828 opcode=addi x14=0x80000868
000000065 RUNTIME_ONLY neutral retire case=00014 pc=0x8000082c opcode=lw x15=0x8000086d
000000066 RUNTIME_ONLY neutral retire case=00014 pc=0x80000830 opcode=sw x16=0x80000872
000000067 RUNTIME_ONLY neutral retire case=00014 pc=0x80000834 opcode=beq x17=0x80000877
000000068 RUNTIME_ONLY neutral retire case=00014 pc=0x80000838 opcode=csrrw x18=0x8000087c
000000069 RUNTIME_ONLY neutral retire case=00014 pc=0x8000083c opcode=xor x19=0x80000879
000000070 RUNTIME_ONLY neutral retire case=00014 pc=0x80000840 opcode=addi x20=0x80000806
000000071 RUNTIME_ONLY neutral retire case=00014 pc=0x80000844 opcode=lw x21=0x80000803
000000072 RUNTIME_ONLY neutral retire case=00014 pc=0x80000848 opcode=sw x22=0x80000800
000000073 RUNTIME_ONLY neutral retire case=00014 pc=0x8000084c opcode=beq x23=0x80000805
000000074 RUNTIME_ONLY neutral retire case=00014 pc=0x80000850 opcode=csrrw x24=0x8000081a
000000075 RUNTIME_ONLY neutral retire case=00014 pc=0x80000854 opcode=xor x25=0x8000081f
