Time	Cycle	PC	Insn	Decoded instruction	Register and memory contents
           3021	        49	80000080	400015b7	lui	x11,0x40001	 x11=0x40001000
           3441	        70	80000084	10658593	addi	x11,x11,262	 x11:0x40001000 x11=0x40001106
           3521	        74	80000088	30159073	csrrw	x0,misa,x11	 x11:0x40001106  x0=0x00000000
           3581	        77	8000008c	00026617	auipc	x12,0x26	 x12=0x8002608c
           3701	        83	80000090	c5860613	addi	x12,x12,-936	 x12:0x8002608c x12=0x80025ce4
           3961	        96	80000094	00002597	auipc	x11,0x2	 x11=0x80002094
           3981	        97	80000098	46c58593	addi	x11,x11,1132	 x11:0x80002094 x11=0x80002500
           4401	       118	8000009c	0015e593	ori	x11,x11,1	 x11:0x80002500 x11=0x80002501
           4561	       126	800000a0	30559073	csrrw	x0,mtvec,x11	 x11:0x80002501  x0=0x00000000
           4621	       129	800000a4	74725073	csrrwi	x0,0x747,4	  x0=0x00000000
           4681	       132	800000a8	00003a97	auipc	x21,0x3	 x21=0x800030a8
           4701	       133	800000ac	194a8a93	addi	x21,x21,404	 x21:0x800030a8 x21=0x8000323c
           4721	       134	800000b0	4581	c.li	x11,0	 x11=0x00000000
           4741	       135	800000b2	9aae	c.add	x21,x11	 x21:0x8000323c x11:0x00000000 x21=0x8000323c
           5061	       151	800000b4	002ada93	srli	x21,x21,0x2	 x21:0x8000323c x21=0x20000c8f
           5481	       172	800000b8	3b0a9073	csrrw	x0,pmpaddr0,x21	 x21:0x20000c8f  x0=0x00000000
           5701	       183	800000bc	00003a97	auipc	x21,0x3	 x21=0x800030bc
           5881	       192	800000c0	180a8a93	addi	x21,x21,384	 x21:0x800030bc x21=0x8000323c
           5901	       193	800000c4	111115b7	lui	x11,0x11111	 x11=0x11111000
           6061	       201	800000c8	11158593	addi	x11,x11,273	 x11:0x11111000 x11=0x11111111
           6481	       222	800000cc	9aae	c.add	x21,x11	 x21:0x8000323c x11:0x11111111 x21=0x9111434d
           6581	       227	800000ce	002ada93	srli	x21,x21,0x2	 x21:0x9111434d x21=0x244450d3
           6761	       236	800000d2	3b1a9073	csrrw	x0,pmpaddr1,x21	 x21:0x244450d3  x0=0x00000000
           6941	       245	800000d6	00003a97	auipc	x21,0x3	 x21=0x800030d6
           7361	       266	800000da	166a8a93	addi	x21,x21,358	 x21:0x800030d6 x21=0x8000323c
           7381	       267	800000de	222225b7	lui	x11,0x22222	 x11=0x22222000
           7421	       269	800000e2	22258593	addi	x11,x11,546	 x11:0x22222000 x11=0x22222222
           7441	       270	800000e6	9aae	c.add	x21,x11	 x21:0x8000323c x11:0x22222222 x21=0xa222545e
           7601	       278	800000e8	002ada93	srli	x21,x21,0x2	 x21:0xa222545e x21=0x28889517
           7621	       279	800000ec	3b2a9073	csrrw	x0,pmpaddr2,x21	 x21:0x28889517  x0=0x00000000
           7681	       282	800000f0	00003a97	auipc	x21,0x3	 x21=0x800030f0
           7701	       283	800000f4	14ca8a93	addi	x21,x21,332	 x21:0x800030f0 x21=0x8000323c
           7721	       284	800000f8	333335b7	lui	x11,0x33333	 x11=0x33333000
           7741	       285	800000fc	33358593	addi	x11,x11,819	 x11:0x33333000 x11=0x33333333
           7761	       286	80000100	9aae	c.add	x21,x11	 x21:0x8000323c x11:0x33333333 x21=0xb333656f
           8021	       299	80000102	002ada93	srli	x21,x21,0x2	 x21:0xb333656f x21=0x2cccd95b
           8181	       307	80000106	3b3a9073	csrrw	x0,pmpaddr3,x21	 x21:0x2cccd95b  x0=0x00000000
           8561	       326	8000010a	0f0f1ab7	lui	x21,0xf0f1	 x21=0x0f0f1000
           8661	       331	8000010e	f0fa8a93	addi	x21,x21,-241	 x21:0x0f0f1000 x21=0x0f0f0f0f
           9081	       352	80000112	3a0a9073	csrrw	x0,pmpcfg0,x21	 x21:0x0f0f0f0f  x0=0x00000000
           9141	       355	80000116	00003a97	auipc	x21,0x3	 x21=0x80003116
           9161	       356	8000011a	126a8a93	addi	x21,x21,294	 x21:0x80003116 x21=0x8000323c
           9181	       357	8000011e	444445b7	lui	x11,0x44444	 x11=0x44444000
           9321	       364	80000122	44458593	addi	x11,x11,1092	 x11:0x44444000 x11=0x44444444
           9341	       365	80000126	9aae	c.add	x21,x11	 x21:0x8000323c x11:0x44444444 x21=0xc4447680
           9361	       366	80000128	002ada93	srli	x21,x21,0x2	 x21:0xc4447680 x21=0x31111da0
           9381	       367	8000012c	3b4a9073	csrrw	x0,pmpaddr4,x21	 x21:0x31111da0  x0=0x00000000
           9441	       370	80000130	00003a97	auipc	x21,0x3	 x21=0x80003130
           9541	       375	80000134	10ca8a93	addi	x21,x21,268	 x21:0x80003130 x21=0x8000323c
           9621	       379	80000138	555555b7	lui	x11,0x55555	 x11=0x55555000
           9861	       391	8000013c	55558593	addi	x11,x11,1365	 x11:0x55555000 x11=0x55555555
           9921	       394	80000140	9aae	c.add	x21,x11	 x21:0x8000323c x11:0x55555555 x21=0xd5558791
           9941	       395	80000142	002ada93	srli	x21,x21,0x2	 x21:0xd5558791 x21=0x355561e4
          10041	       400	80000146	3b5a9073	csrrw	x0,pmpaddr5,x21	 x21:0x355561e4  x0=0x00000000
          10241	       410	8000014a	00003a97	auipc	x21,0x3	 x21=0x8000314a
          10261	       411	8000014e	0f2a8a93	addi	x21,x21,242	 x21:0x8000314a x21=0x8000323c
          10681	       432	80000152	666665b7	lui	x11,0x66666	 x11=0x66666000
          10841	       440	80000156	66658593	addi	x11,x11,1638	 x11:0x66666000 x11=0x66666666
          10861	       441	8000015a	9aae	c.add	x21,x11	 x21:0x8000323c x11:0x66666666 x21=0xe66698a2
          10881	       442	8000015c	002ada93	srli	x21,x21,0x2	 x21:0xe66698a2 x21=0x3999a628
          10981	       447	80000160	3b6a9073	csrrw	x0,pmpaddr6,x21	 x21:0x3999a628  x0=0x00000000
          11041	       450	80000164	00003a97	auipc	x21,0x3	 x21=0x80003164
          11061	       451	80000168	0d8a8a93	addi	x21,x21,216	 x21:0x80003164 x21=0x8000323c
          11441	       470	8000016c	777775b7	lui	x11,0x77777	 x11=0x77777000
          11461	       471	80000170	77758593	addi	x11,x11,1911	 x11:0x77777000 x11=0x77777777
          11521	       474	80000174	9aae	c.add	x21,x11	 x21:0x8000323c x11:0x77777777 x21=0xf777a9b3
          11541	       475	80000176	002ada93	srli	x21,x21,0x2	 x21:0xf777a9b3 x21=0x3dddea6c
          11561	       476	8000017a	3b7a9073	csrrw	x0,pmpaddr7,x21	 x21:0x3dddea6c  x0=0x00000000
          11621	       479	8000017e	0f0f1ab7	lui	x21,0xf0f1	 x21=0x0f0f1000
          11641	       480	80000182	f0fa8a93	addi	x21,x21,-241	 x21:0x0f0f1000 x21=0x0f0f0f0f
          11781	       487	80000186	3a1a9073	csrrw	x0,pmpcfg1,x21	 x21:0x0f0f0f0f  x0=0x00000000
          11841	       490	8000018a	00003a97	auipc	x21,0x3	 x21=0x8000318a
          12221	       509	8000018e	0b2a8a93	addi	x21,x21,178	 x21:0x8000318a x21=0x8000323c
          12241	       510	80000192	888895b7	lui	x11,0x88889	 x11=0x88889000
          12341	       515	80000196	88858593	addi	x11,x11,-1912	 x11:0x88889000 x11=0x88888888
          12361	       516	8000019a	9aae	c.add	x21,x11	 x21:0x8000323c x11:0x88888888 x21=0x0888bac4
          12761	       536	8000019c	002ada93	srli	x21,x21,0x2	 x21:0x0888bac4 x21=0x02222eb1
          12821	       539	800001a0	3b8a9073	csrrw	x0,pmpaddr8,x21	 x21:0x02222eb1  x0=0x00000000
          13241	       560	800001a4	00003a97	auipc	x21,0x3	 x21=0x800031a4
          13421	       569	800001a8	098a8a93	addi	x21,x21,152	 x21:0x800031a4 x21=0x8000323c
          13441	       570	800001ac	9999a5b7	lui	x11,0x9999a	 x11=0x9999a000
          13861	       591	800001b0	99958593	addi	x11,x11,-1639	 x11:0x9999a000 x11=0x99999999
          13881	       592	800001b4	9aae	c.add	x21,x11	 x21:0x8000323c x11:0x99999999 x21=0x1999cbd5
          13901	       593	800001b6	002ada93	srli	x21,x21,0x2	 x21:0x1999cbd5 x21=0x066672f5
          13921	       594	800001ba	3b9a9073	csrrw	x0,pmpaddr9,x21	 x21:0x066672f5  x0=0x00000000
          13981	       597	800001be	00003a97	auipc	x21,0x3	 x21=0x800031be
          14001	       598	800001c2	07ea8a93	addi	x21,x21,126	 x21:0x800031be x21=0x8000323c
          14021	       599	800001c6	aaaab5b7	lui	x11,0xaaaab	 x11=0xaaaab000
          14041	       600	800001ca	aaa58593	addi	x11,x11,-1366	 x11:0xaaaab000 x11=0xaaaaaaaa
          14061	       601	800001ce	9aae	c.add	x21,x11	 x21:0x8000323c x11:0xaaaaaaaa x21=0x2aaadce6
          14081	       602	800001d0	002ada93	srli	x21,x21,0x2	 x21:0x2aaadce6 x21=0x0aaab739
          14461	       621	800001d4	3baa9073	csrrw	x0,pmpaddr10,x21	 x21:0x0aaab739  x0=0x00000000
          14561	       626	800001d8	00003a97	auipc	x21,0x3	 x21=0x800031d8
          14581	       627	800001dc	064a8a93	addi	x21,x21,100	 x21:0x800031d8 x21=0x8000323c
          14601	       628	800001e0	bbbbc5b7	lui	x11,0xbbbbc	 x11=0xbbbbc000
          14641	       630	800001e4	bbb58593	addi	x11,x11,-1093	 x11:0xbbbbc000 x11=0xbbbbbbbb
          15001	       648	800001e8	9aae	c.add	x21,x11	 x21:0x8000323c x11:0xbbbbbbbb x21=0x3bbbedf7
          15421	       669	800001ea	002ada93	srli	x21,x21,0x2	 x21:0x3bbbedf7 x21=0x0eeefb7d
          15441	       670	800001ee	3bba9073	csrrw	x0,pmpaddr11,x21	 x21:0x0eeefb7d  x0=0x00000000
          15501	       673	800001f2	0f0f1ab7	lui	x21,0xf0f1	 x21=0x0f0f1000
          15521	       674	800001f6	f0fa8a93	addi	x21,x21,-241	 x21:0x0f0f1000 x21=0x0f0f0f0f
          15581	       677	800001fa	3a2a9073	csrrw	x0,pmpcfg2,x21	 x21:0x0f0f0f0f  x0=0x00000000
          15741	       685	800001fe	00003a97	auipc	x21,0x3	 x21=0x800031fe
          16161	       706	80000202	03ea8a93	addi	x21,x21,62	 x21:0x800031fe x21=0x8000323c
          16581	       727	80000206	ccccd5b7	lui	x11,0xccccd	 x11=0xccccd000
          16701	       733	8000020a	ccc58593	addi	x11,x11,-820	 x11:0xccccd000 x11=0xcccccccc
          16721	       734	8000020e	9aae	c.add	x21,x11	 x21:0x8000323c x11:0xcccccccc x21=0x4cccff08
          16741	       735	80000210	002ada93	srli	x21,x21,0x2	 x21:0x4cccff08 x21=0x13333fc2
          16761	       736	80000214	3bca9073	csrrw	x0,pmpaddr12,x21	 x21:0x13333fc2  x0=0x00000000
          16821	       739	80000218	00003a97	auipc	x21,0x3	 x21=0x80003218
          16901	       743	8000021c	024a8a93	addi	x21,x21,36	 x21:0x80003218 x21=0x8000323c
          16921	       744	80000220	dddde5b7	lui	x11,0xdddde	 x11=0xdddde000
          17121	       754	80000224	ddd58593	addi	x11,x11,-547	 x11:0xdddde000 x11=0xdddddddd
          17301	       763	80000228	9aae	c.add	x21,x11	 x21:0x8000323c x11:0xdddddddd x21=0x5dde1019
          17721	       784	8000022a	002ada93	srli	x21,x21,0x2	 x21:0x5dde1019 x21=0x17778406
          18141	       805	8000022e	3bda9073	csrrw	x0,pmpaddr13,x21	 x21:0x17778406  x0=0x00000000
          18201	       808	80000232	00003a97	auipc	x21,0x3	 x21=0x80003232
          18381	       817	80000236	00aa8a93	addi	x21,x21,10	 x21:0x80003232 x21=0x8000323c
          18401	       818	8000023a	eeeef5b7	lui	x11,0xeeeef	 x11=0xeeeef000
          18501	       823	8000023e	eee58593	addi	x11,x11,-274	 x11:0xeeeef000 x11=0xeeeeeeee
          18521	       824	80000242	9aae	c.add	x21,x11	 x21:0x8000323c x11:0xeeeeeeee x21=0x6eef212a
          18541	       825	80000244	002ada93	srli	x21,x21,0x2	 x21:0x6eef212a x21=0x1bbbc84a
          18641	       830	80000248	3bea9073	csrrw	x0,pmpaddr14,x21	 x21:0x1bbbc84a  x0=0x00000000
          18821	       839	8000024c	00003a97	auipc	x21,0x3	 x21=0x8000324c
          19201	       858	80000250	ff0a8a93	addi	x21,x21,-16	 x21:0x8000324c x21=0x8000323c
          19541	       875	80000254	fff00593	addi	x11,x0,-1	  x0:0x00000000 x11=0xffffffff
          19601	       878	80000258	9aae	c.add	x21,x11	 x21:0x8000323c x11:0xffffffff x21=0x8000323b
          19661	       881	8000025a	002ada93	srli	x21,x21,0x2	 x21:0x8000323b x21=0x20000c8e
          19741	       885	8000025e	3bfa9073	csrrw	x0,pmpaddr15,x21	 x21:0x20000c8e  x0=0x00000000
          20021	       899	80000262	0f0f1ab7	lui	x21,0xf0f1	 x21=0x0f0f1000
          20181	       907	80000266	f0fa8a93	addi	x21,x21,-241	 x21:0x0f0f1000 x21=0x0f0f0f0f
          20201	       908	8000026a	3a3a9073	csrrw	x0,pmpcfg3,x21	 x21:0x0f0f0f0f  x0=0x00000000
          20261	       911	8000026e	00000597	auipc	x11,0x0	 x11=0x8000026e
          20421	       919	80000272	05058593	addi	x11,x11,80	 x11:0x8000026e x11=0x800002be
          20441	       920	80000276	34159073	csrrw	x0,mepc,x11	 x11:0x800002be  x0=0x00000000
          20461	       921	8000027a	7c00d073	csrrwi	x0,0x7c0,1	  x0=0x00000000
          20521	       924	8000027e	6589	c.lui	x11,0x2	 x11=0x00002000
          20541	       925	80000280	80058593	addi	x11,x11,-2048	 x11:0x00002000 x11=0x00001800
          20561	       926	80000284	30059073	csrrw	x0,mstatus,x11	 x11:0x00001800  x0=0x00000000
          20701	       933	80000288	4581	c.li	x11,0	 x11=0x00000000
          20761	       936	8000028a	30459073	csrrw	x0,mie,x11	 x11:0x00000000  x0=0x00000000
          20821	       939	8000028e	900006b7	lui	x13,0x90000	 x13=0x90000000
          20841	       940	80000292	16f1	c.addi	x13,-4	 x13:0x90000000 x13=0x8ffffffc
          20861	       941	80000294	30000593	addi	x11,x0,768	  x0:0x00000000 x11=0x00000300
          21281	       962	80000298	05a2	c.slli	x11,0x8	 x11:0x00000300 x11=0x00030000
          21301	       963	8000029a	058d	c.addi	x11,3	 x11:0x00030000 x11=0x00030003
          21601	       978	8000029c	c28c	c.sw	x11,0(x13)	 x13:0x8ffffffc x11:0x00030003 PA:0x8ffffffc store:0x00030003
          21621	       979	8000029e	300025f3	csrrs	x11,mstatus,x0	  x0:0x00000000 x11=0x00001800
          21681	       982	800002a2	c28c	c.sw	x11,0(x13)	 x13:0x8ffffffc x11:0x00001800 PA:0x8ffffffc store:0x00001800
          21701	       983	800002a4	900006b7	lui	x13,0x90000	 x13=0x90000000
          21721	       984	800002a8	16f1	c.addi	x13,-4	 x13:0x90000000 x13=0x8ffffffc
          21901	       993	800002aa	30400593	addi	x11,x0,772	  x0:0x00000000 x11=0x00000304
          21921	       994	800002ae	05a2	c.slli	x11,0x8	 x11:0x00000304 x11=0x00030400
          21941	       995	800002b0	058d	c.addi	x11,3	 x11:0x00030400 x11=0x00030403
          22001	       998	800002b2	c28c	c.sw	x11,0(x13)	 x13:0x8ffffffc x11:0x00030403 PA:0x8ffffffc store:0x00030403
          22041	      1000	800002b4	304025f3	csrrs	x11,mie,x0	  x0:0x00000000 x11=0x00000000
          22501	      1023	800002b8	c28c	c.sw	x11,0(x13)	 x13:0x8ffffffc x11:0x00000000 PA:0x8ffffffc store:0x00000000
          22521	      1024	800002ba	30200073	mret	
          22641	      1030	800002be	7f981037	lui	x0,0x7f981	  x0=0x00000000
          22661	      1031	800002c2	ddc00013	addi	x0,x0,-548	  x0:0x00000000  x0=0x00000000
          22681	      1032	800002c6	4081	c.li	x1,0	  x1=0x00000000
          23241	      1060	800002c8	de45d137	lui	x2,0xde45d	  x2=0xde45d000
          23261	      1061	800002cc	bb810113	addi	x2,x2,-1096	  x2:0xde45d000  x2=0xde45cbb8
          23281	      1062	800002d0	c8c011b7	lui	x3,0xc8c01	  x3=0xc8c01000
          23301	      1063	800002d4	88318193	addi	x3,x3,-1917	  x3:0xc8c01000  x3=0xc8c00883
          23321	      1064	800002d8	80000237	lui	x4,0x80000	  x4=0x80000000
          23341	      1065	800002dc	429d	c.li	x5,7	  x5=0x00000007
          23361	      1066	800002de	4339	c.li	x6,14	  x6=0x0000000e
          23701	      1083	800002e0	43a9	c.li	x7,10	  x7=0x0000000a
          23721	      1084	800002e2	7b5a7437	lui	x8,0x7b5a7	  x8=0x7b5a7000
          23981	      1097	800002e6	a1f40413	addi	x8,x8,-1505	  x8:0x7b5a7000  x8=0x7b5a6a1f
          24001	      1098	800002ea	4491	c.li	x9,4	  x9=0x00000004
          24021	      1099	800002ec	f8c3c537	lui	x10,0xf8c3c	 x10=0xf8c3c000
          24041	      1100	800002f0	66a50513	addi	x10,x10,1642	 x10:0xf8c3c000 x10=0xf8c3c66a
          24061	      1101	800002f4	459d	c.li	x11,7	 x11=0x00000007
          24081	      1102	800002f6	4681	c.li	x13,0	 x13=0x00000000
          24101	      1103	800002f8	4701	c.li	x14,0	 x14=0x00000000
          24121	      1104	800002fa	800007b7	lui	x15,0x80000	 x15=0x80000000
          24141	      1105	800002fe	4801	c.li	x16,0	 x16=0x00000000
          24641	      1130	80000300	5e2ae8b7	lui	x17,0x5e2ae	 x17=0x5e2ae000
          24661	      1131	80000304	19488893	addi	x17,x17,404	 x17:0x5e2ae000 x17=0x5e2ae194
          24681	      1132	80000308	4901	c.li	x18,0	 x18=0x00000000
          24701	      1133	8000030a	80000a37	lui	x20,0x80000	 x20=0x80000000
          24721	      1134	8000030e	f4f89ab7	lui	x21,0xf4f89	 x21=0xf4f89000
          24741	      1135	80000312	298a8a93	addi	x21,x21,664	 x21:0xf4f89000 x21=0xf4f89298
          25201	      1158	80000316	2b241b37	lui	x22,0x2b241	 x22=0x2b241000
          25221	      1159	8000031a	79cb0b13	addi	x22,x22,1948	 x22:0x2b241000 x22=0x2b24179c
          25641	      1180	8000031e	80000bb7	lui	x23,0x80000	 x23=0x80000000
          25661	      1181	80000322	80000c37	lui	x24,0x80000	 x24=0x80000000
          25681	      1182	80000326	4ca1	c.li	x25,8	 x25=0x00000008
          26081	      1202	80000328	4d01	c.li	x26,0	 x26=0x00000000
          26141	      1205	8000032a	80000db7	lui	x27,0x80000	 x27=0x80000000
          26161	      1206	8000032e	80000e37	lui	x28,0x80000	 x28=0x80000000
          26261	      1211	80000332	4188eeb7	lui	x29,0x4188e	 x29=0x4188e000
          26281	      1212	80000336	39de8e93	addi	x29,x29,925	 x29:0x4188e000 x29=0x4188e39d
          26461	      1221	8000033a	80000f37	lui	x30,0x80000	 x30=0x80000000
          26481	      1222	8000033e	4f81	c.li	x31,0	 x31=0x00000000
          26501	      1223	80000340	00022997	auipc	x19,0x22	 x19=0x80022340
          26781	      1237	80000344	b2498993	addi	x19,x19,-1244	 x19:0x80022340 x19=0x80021e64
          26801	      1238	80000348	900006b7	lui	x13,0x90000	 x13=0x90000000
          26981	      1247	8000034c	16f1	c.addi	x13,-4	 x13:0x90000000 x13=0x8ffffffc
          27001	      1248	8000034e	4581	c.li	x11,0	 x11=0x00000000
          27061	      1251	80000350	05a2	c.slli	x11,0x8	 x11:0x00000000 x11=0x00000000
          27081	      1252	80000352	00058593	addi	x11,x11,0	 x11:0x00000000 x11=0x00000000
          27141	      1255	80000356	c28c	c.sw	x11,0(x13)	 x13:0x8ffffffc x11:0x00000000 PA:0x8ffffffc store:0x00000000
          27161	      1256	80000358	6e50206f	jal	x0,8000323c	  x0=0x00000000
          27681	      1282	8000323c	849d	c.srai	x9,0x7	  x9:0x00000004  x9=0x00000000
          27801	      1288	8000323e	00010c33	add	x24,x2,x0	  x2:0xde45cbb8  x0:0x00000000 x24=0xde45cbb8
          28101	      1303	80003242	01d315b3	sll	x11,x6,x29	  x6:0x0000000e x29:0x4188e39d x11=0xc0000000
          28121	      1304	80003246	8b0d	c.andi	x14,3	 x14:0x00000000 x14=0x00000000
          28261	      1311	80003248	01c68cb3	add	x25,x13,x28	 x13:0x8ffffffc x28:0x80000000 x25=0x0ffffffc
          28381	      1317	8000324c	c999	c.beqz	x11,80003262	 x11:0xc0000000
          28501	      1323	8000324e	027d2eb3	mulhsu	x29,x26,x7	 x26:0x00000000  x7:0x0000000a x29=0x00000000
          28521	      1324	80003252	6fa5	c.lui	x31,0x9	 x31=0x00009000
          28541	      1325	80003254	00a072b3	and	x5,x0,x10	  x0:0x00000000 x10:0xf8c3c66a  x5=0x00000000
          28821	      1339	80003258	d5d12013	slti	x0,x2,-675	  x2:0xde45cbb8  x0=0x00000000
          28841	      1340	8000325c	830d	c.srli	x14,0x3	 x14:0x00000000 x14=0x00000000
          28861	      1341	8000325e	035a1763	bne	x20,x21,8000328c	 x20:0x80000000 x21:0xf4f89298
          29421	      1369	8000328c	41255d13	srai	x26,x10,0x12	 x10:0xf8c3c66a x26=0xfffffe30
          29461	      1371	80003290	e6fcec13	ori	x24,x25,-401	 x25:0x0ffffffc x24=0xffffffff
          29501	      1373	80003294	022611b3	mulh	x3,x12,x2	 x12:0x80025ce4  x2:0xde45cbb8  x3=0x10dcca72
          29521	      1374	80003298	0000100f	fence.i	
          30001	      1398	8000329c	0159	c.addi	x2,22	  x2:0xde45cbb8  x2=0xde45cbce
          30421	      1419	8000329e	0313df63	bge	x7,x17,800032dc	  x7:0x0000000a x17:0x5e2ae194
          30441	      1420	800032a2	01f01bb3	sll	x23,x0,x31	  x0:0x00000000 x31:0x00009000 x23=0x00000000
          30801	      1438	800032a6	021025b3	mulhsu	x11,x0,x1	  x0:0x00000000  x1:0x00000000 x11=0x00000000
          31001	      1448	800032aa	5bb7e813	ori	x16,x15,1467	 x15:0x80000000 x16=0x800005bb
          31041	      1450	800032ae	03a32bb3	mulhsu	x23,x6,x26	  x6:0x0000000e x26:0xfffffe30 x23=0x0000000d
          31061	      1451	800032b2	ee584d13	xori	x26,x16,-283	 x16:0x800005bb x26=0x7ffffb5e
          31201	      1458	800032b6	00006f17	auipc	x30,0x6	 x30=0x800092b6
          31221	      1459	800032ba	c6af0f13	addi	x30,x30,-918	 x30:0x800092b6 x30=0x80008f20
          31241	      1460	800032be	8e89	c.sub	x13,x10	 x13:0x8ffffffc x10:0xf8c3c66a x13=0x973c3992
          31261	      1461	800032c0	ed8f0f13	addi	x30,x30,-296	 x30:0x80008f20 x30=0x80008df8
          31441	      1470	800032c4	002f47b3	xor	x15,x30,x2	 x30:0x80008df8  x2:0xde45cbce x15=0x5e454636
          31661	      1481	800032c8	34246813	ori	x16,x8,834	  x8:0x7b5a6a1f x16=0x7b5a6b5f
          31681	      1482	800032cc	00555833	srl	x16,x10,x5	 x10:0xf8c3c66a  x5:0x00000000 x16=0xf8c3c66a
          31721	      1484	800032d0	03ba2d33	mulhsu	x26,x20,x27	 x20:0x80000000 x27:0x80000000 x26=0xc0000000
          32461	      1521	800032d4	036b43b3	div	x7,x22,x22	 x22:0x2b24179c x22:0x2b24179c  x7=0x00000001
          32481	      1522	800032d8	128f00e7	jalr	x1,296(x30)	 x30:0x80008df8  x1=0x800032dc
          33281	      1562	80008f20	034cd3b3	divu	x7,x25,x20	 x25:0x0ffffffc x20:0x80000000  x7=0x00000000
          33301	      1563	80008f24	19d1	c.addi	x19,-12	 x19:0x80021e64 x19=0x80021e58
          33321	      1564	80008f26	95fa	c.add	x11,x30	 x11:0x00000000 x30:0x80008df8 x11=0x80008df8
          33341	      1565	80008f28	868cdbb7	lui	x23,0x868cd	 x23=0x868cd000
          33361	      1566	80008f2c	00af2233	slt	x4,x30,x10	 x30:0x80008df8 x10:0xf8c3c66a  x4=0x00000001
          33661	      1581	80008f30	0019a223	sw	x1,4(x19)	 x19:0x80021e58  x1:0x800032dc PA:0x80021e5c store:0x800032dc
          33681	      1582	80008f34	94c2	c.add	x9,x16	  x9:0x00000000 x16:0xf8c3c66a  x9=0xf8c3c66a
          33701	      1583	80008f36	ebcb2c13	slti	x24,x22,-324	 x22:0x2b24179c x24=0x00000000
          33721	      1584	80008f3a	b8803173	csrrc	x2,mhpmcounter8h,x0	  x0:0x00000000  x2=0x00000000
          33741	      1585	80008f3e	0ddd	c.addi	x27,23	 x27:0x80000000 x27=0x80000017
          33761	      1586	80008f40	03588d33	mul	x26,x17,x21	 x17:0x5e2ae194 x21:0xf4f89298 x26=0xf57c57e0
          33781	      1587	80008f44	00bba033	slt	x0,x23,x11	 x23:0x868cd000 x11:0x80008df8  x0=0x00000000
          33801	      1588	80008f48	343c1c73	csrrw	x24,mtval,x24	 x24:0x00000000 x24=0x00000000
          33981	      1597	80008f4c	2db42d13	slti	x26,x8,731	  x8:0x7b5a6a1f x26=0x00000000
          34001	      1598	80008f50	01414363	blt	x2,x20,80008f56	  x2:0x00000000 x20:0x80000000
          34021	      1599	80008f54	e695	c.bnez	x13,80008f80	 x13:0x973c3992
          34061	      1601	80008f80	1d18	c.addi4spn	x14,x2,688	 x14=0x000002b0
          34161	      1606	80008f82	00e3f663	bgeu	x7,x14,80008f8e	  x7:0x00000000 x14:0x000002b0
          34181	      1607	80008f86	c811	c.beqz	x8,80008f9a	  x8:0x7b5a6a1f
          34221	      1609	80008f88	029cbbb3	mulhu	x23,x25,x9	 x25:0x0ffffffc  x9:0xf8c3c66a x23=0x0f8c3c62
          34241	      1610	80008f8c	8cfd	c.and	x9,x15	  x9:0xf8c3c66a x15:0x5e454636  x9=0x58414622
          34261	      1611	80008f8e	6b29	c.lui	x22,0xa	 x22=0x0000a000
          34321	      1614	80008f90	717d	c.addi16sp	x2,-16	  x2:0x00000000  x2=0xfffffff0
          34341	      1615	80008f92	80d5	c.srli	x9,0x15	  x9:0x58414622  x9=0x000002c2
          34481	      1622	80008f94	005ddbb3	srl	x23,x27,x5	 x27:0x80000017  x5:0x00000000 x23=0x80000017
          34501	      1623	80008f98	8fc9	c.or	x15,x10	 x15:0x5e454636 x10:0xf8c3c66a x15=0xfec7c67e
          34601	      1628	80008f9a	52e6f593	andi	x11,x13,1326	 x13:0x973c3992 x11=0x00000102
          45621	      2179	80008f9e	02fb7133	remu	x2,x22,x15	 x22:0x0000a000 x15:0xfec7c67e  x2=0x0000a000
          45641	      2180	80008fa2	01b2efb3	or	x31,x5,x27	  x5:0x00000000 x27:0x80000017 x31=0x80000017
          45661	      2181	80008fa6	0191a1b3	slt	x3,x3,x25	  x3:0x10dcca72 x25:0x0ffffffc  x3=0x00000000
          45681	      2182	80008faa	0c84	c.addi4spn	x9,x2,592	  x9=0x0000a250
          45701	      2183	80008fac	7e3f6413	ori	x8,x30,2019	 x30:0x80008df8  x8=0x80008ffb
          45721	      2184	80008fb0	8936	c.mv	x18,x13	  x0:0x00000000 x13:0x973c3992 x18=0x973c3992
          45741	      2185	80008fb2	7c081c73	csrrw	x24,0x7c0,x16	 x16:0xf8c3c66a x24=0x00000101
          45821	      2189	80008fb6	c691	c.beqz	x13,80008fc2	 x13:0x973c3992
          46641	      2230	80008fb8	01a61933	sll	x18,x12,x26	 x12:0x80025ce4 x26:0x00000000 x18=0x80025ce4
          46661	      2231	80008fbc	0b51	c.addi	x22,20	 x22:0x0000a000 x22=0x0000a014
          46761	      2236	80008fbe	0000100f	fence.i	
          47361	      2266	80008fc2	534f2937	lui	x18,0x534f2	 x18=0x534f2000
          47381	      2267	80008fc6	8f15	c.sub	x14,x13	 x14:0x000002b0 x13:0x973c3992 x14=0x68c3c91e
          47401	      2268	80008fc8	f15bdc73	csrrwi	x0,0xf15,23	  x0=0x00000000
          47961	      2296	80002500	0800006f	jal	x0,80002580	  x0=0x00000000
          48221	      2309	80002580	1671	c.addi	x12,-4	 x12:0x80025ce4 x12=0x80025ce0
          48361	      2316	80002582	01362023	sw	x19,0(x12)	 x12:0x80025ce0 x19:0x80021e58 PA:0x80025ce0 store:0x80021e58
          48481	      2322	80002586	000609b3	add	x19,x12,x0	 x12:0x80025ce0  x0:0x00000000 x19=0x80025ce0
          48501	      2323	8000258a	f8098993	addi	x19,x19,-128	 x19:0x80025ce0 x19=0x80025c60
          48761	      2336	8000258e	0019a223	sw	x1,4(x19)	 x19:0x80025c60  x1:0x800032dc PA:0x80025c64 store:0x800032dc
          49021	      2349	80002592	0029a423	sw	x2,8(x19)	 x19:0x80025c60  x2:0x0000a000 PA:0x80025c68 store:0x0000a000
          49201	      2358	80002596	0039a623	sw	x3,12(x19)	 x19:0x80025c60  x3:0x00000000 PA:0x80025c6c store:0x00000000
          49361	      2366	8000259a	0049a823	sw	x4,16(x19)	 x19:0x80025c60  x4:0x00000001 PA:0x80025c70 store:0x00000001
          49681	      2382	8000259e	0059aa23	sw	x5,20(x19)	 x19:0x80025c60  x5:0x00000000 PA:0x80025c74 store:0x00000000
          49741	      2385	800025a2	0069ac23	sw	x6,24(x19)	 x19:0x80025c60  x6:0x0000000e PA:0x80025c78 store:0x0000000e
          49801	      2388	800025a6	0079ae23	sw	x7,28(x19)	 x19:0x80025c60  x7:0x00000000 PA:0x80025c7c store:0x00000000
          50181	      2407	800025aa	0289a023	sw	x8,32(x19)	 x19:0x80025c60  x8:0x80008ffb PA:0x80025c80 store:0x80008ffb
          50241	      2410	800025ae	0299a223	sw	x9,36(x19)	 x19:0x80025c60  x9:0x0000a250 PA:0x80025c84 store:0x0000a250
          50261	      2411	800025b2	02a9a423	sw	x10,40(x19)	 x19:0x80025c60 x10:0xf8c3c66a PA:0x80025c88 store:0xf8c3c66a
          50281	      2412	800025b6	02b9a623	sw	x11,44(x19)	 x19:0x80025c60 x11:0x00000102 PA:0x80025c8c store:0x00000102
          50301	      2413	800025ba	02c9a823	sw	x12,48(x19)	 x19:0x80025c60 x12:0x80025ce0 PA:0x80025c90 store:0x80025ce0
          50721	      2434	800025be	02d9aa23	sw	x13,52(x19)	 x19:0x80025c60 x13:0x973c3992 PA:0x80025c94 store:0x973c3992
          50781	      2437	800025c2	02e9ac23	sw	x14,56(x19)	 x19:0x80025c60 x14:0x68c3c91e PA:0x80025c98 store:0x68c3c91e
          50801	      2438	800025c6	02f9ae23	sw	x15,60(x19)	 x19:0x80025c60 x15:0xfec7c67e PA:0x80025c9c store:0xfec7c67e
          51121	      2454	800025ca	0509a023	sw	x16,64(x19)	 x19:0x80025c60 x16:0xf8c3c66a PA:0x80025ca0 store:0xf8c3c66a
          51181	      2457	800025ce	0519a223	sw	x17,68(x19)	 x19:0x80025c60 x17:0x5e2ae194 PA:0x80025ca4 store:0x5e2ae194
          51201	      2458	800025d2	0529a423	sw	x18,72(x19)	 x19:0x80025c60 x18:0x534f2000 PA:0x80025ca8 store:0x534f2000
          51741	      2485	800025d6	0539a623	sw	x19,76(x19)	 x19:0x80025c60 x19:0x80025c60 PA:0x80025cac store:0x80025c60
          51761	      2486	800025da	0549a823	sw	x20,80(x19)	 x19:0x80025c60 x20:0x80000000 PA:0x80025cb0 store:0x80000000
          51781	      2487	800025de	0559aa23	sw	x21,84(x19)	 x19:0x80025c60 x21:0xf4f89298 PA:0x80025cb4 store:0xf4f89298
          52021	      2499	800025e2	0569ac23	sw	x22,88(x19)	 x19:0x80025c60 x22:0x0000a014 PA:0x80025cb8 store:0x0000a014
          52121	      2504	800025e6	0579ae23	sw	x23,92(x19)	 x19:0x80025c60 x23:0x80000017 PA:0x80025cbc store:0x80000017
          52181	      2507	800025ea	0789a023	sw	x24,96(x19)	 x19:0x80025c60 x24:0x00000101 PA:0x80025cc0 store:0x00000101
          52601	      2528	800025ee	0799a223	sw	x25,100(x19)	 x19:0x80025c60 x25:0x0ffffffc PA:0x80025cc4 store:0x0ffffffc
          52941	      2545	800025f2	07a9a423	sw	x26,104(x19)	 x19:0x80025c60 x26:0x00000000 PA:0x80025cc8 store:0x00000000
          53321	      2564	800025f6	07b9a623	sw	x27,108(x19)	 x19:0x80025c60 x27:0x80000017 PA:0x80025ccc store:0x80000017
          53381	      2567	800025fa	07c9a823	sw	x28,112(x19)	 x19:0x80025c60 x28:0x80000000 PA:0x80025cd0 store:0x80000000
          53601	      2578	800025fe	07d9aa23	sw	x29,116(x19)	 x19:0x80025c60 x29:0x00000000 PA:0x80025cd4 store:0x00000000
          53621	      2579	80002602	07e9ac23	sw	x30,120(x19)	 x19:0x80025c60 x30:0x80008df8 PA:0x80025cd8 store:0x80008df8
          53741	      2585	80002606	07f9ae23	sw	x31,124(x19)	 x19:0x80025c60 x31:0x80000017 PA:0x80025cdc store:0x80000017
          53761	      2586	8000260a	00098633	add	x12,x19,x0	 x19:0x80025c60  x0:0x00000000 x12=0x80025c60
          53781	      2587	8000260e	900006b7	lui	x13,0x90000	 x13=0x90000000
          53801	      2588	80002612	16f1	c.addi	x13,-4	 x13:0x90000000 x13=0x8ffffffc
          53821	      2589	80002614	45a1	c.li	x11,8	 x11=0x00000008
          53841	      2590	80002616	05a2	c.slli	x11,0x8	 x11:0x00000008 x11=0x00000800
          53861	      2591	80002618	00058593	addi	x11,x11,0	 x11:0x00000800 x11=0x00000800
          54121	      2604	8000261c	c28c	c.sw	x11,0(x13)	 x13:0x8ffffffc x11:0x00000800 PA:0x8ffffffc store:0x00000800
          54141	      2605	8000261e	341025f3	csrrs	x11,mepc,x0	  x0:0x00000000 x11=0x80008fc8
          54161	      2606	80002622	342025f3	csrrs	x11,mcause,x0	  x0:0x00000000 x11=0x00000002
          54181	      2607	80002626	468d	c.li	x13,3	 x13=0x00000003
          54221	      2609	80002628	00d59463	bne	x11,x13,80002630	 x11:0x00000002 x13:0x00000003
          54681	      2632	80002630	46a1	c.li	x13,8	 x13=0x00000008
          54741	      2635	80002632	04d58d63	beq	x11,x13,8000268c	 x11:0x00000002 x13:0x00000008
          55681	      2682	80002636	46a5	c.li	x13,9	 x13=0x00000009
          55761	      2686	80002638	04d58a63	beq	x11,x13,8000268c	 x11:0x00000002 x13:0x00000009
          56841	      2740	8000263c	46ad	c.li	x13,11	 x13=0x0000000b
          56881	      2742	8000263e	04d58763	beq	x11,x13,8000268c	 x11:0x00000002 x13:0x0000000b
          57201	      2758	80002642	4685	c.li	x13,1	 x13=0x00000001
          57241	      2760	80002644	2cd58f63	beq	x11,x13,80002922	 x11:0x00000002 x13:0x00000001
          57781	      2787	80002648	4695	c.li	x13,5	 x13=0x00000005
          58041	      2800	8000264a	5cd58363	beq	x11,x13,80002c10	 x11:0x00000002 x13:0x00000005
          58501	      2823	8000264e	469d	c.li	x13,7	 x13=0x00000007
          58541	      2825	80002650	0ed581e3	beq	x11,x13,80002f32	 x11:0x00000002 x13:0x00000007
          58861	      2841	80002654	46b1	c.li	x13,12	 x13=0x0000000c
          58901	      2843	80002656	00d59463	bne	x11,x13,8000265e	 x11:0x00000002 x13:0x0000000c
          59181	      2857	8000265e	46b5	c.li	x13,13	 x13=0x0000000d
          59421	      2869	80002660	00d59463	bne	x11,x13,80002668	 x11:0x00000002 x13:0x0000000d
          59841	      2890	80002668	46bd	c.li	x13,15	 x13=0x0000000f
          60001	      2898	8000266a	00d59463	bne	x11,x13,80002672	 x11:0x00000002 x13:0x0000000f
          60581	      2927	80002672	4689	c.li	x13,2	 x13=0x00000002
          60621	      2929	80002674	00d59463	bne	x11,x13,8000267c	 x11:0x00000002 x13:0x00000002
          61101	      2953	80002678	2ac0906f	jal	x0,8000b924	  x0=0x00000000
          62721	      3034	8000b924	900006b7	lui	x13,0x90000	 x13=0x90000000
          62741	      3035	8000b928	16f1	c.addi	x13,-4	 x13:0x90000000 x13=0x8ffffffc
          62761	      3036	8000b92a	45a9	c.li	x11,10	 x11=0x0000000a
          62781	      3037	8000b92c	05a2	c.slli	x11,0x8	 x11:0x0000000a x11=0x00000a00
          62801	      3038	8000b92e	00058593	addi	x11,x11,0	 x11:0x00000a00 x11=0x00000a00
          62861	      3041	8000b932	c28c	c.sw	x11,0(x13)	 x13:0x8ffffffc x11:0x00000a00 PA:0x8ffffffc store:0x00000a00
          62901	      3043	8000b934	900006b7	lui	x13,0x90000	 x13=0x90000000
          63161	      3056	8000b938	16f1	c.addi	x13,-4	 x13:0x90000000 x13=0x8ffffffc
          63181	      3057	8000b93a	34200593	addi	x11,x0,834	  x0:0x00000000 x11=0x00000342
          63201	      3058	8000b93e	05a2	c.slli	x11,0x8	 x11:0x00000342 x11=0x00034200
          63281	      3062	8000b940	058d	c.addi	x11,3	 x11:0x00034200 x11=0x00034203
          63461	      3071	8000b942	c28c	c.sw	x11,0(x13)	 x13:0x8ffffffc x11:0x00034203 PA:0x8ffffffc store:0x00034203
          63701	      3083	8000b944	342025f3	csrrs	x11,mcause,x0	  x0:0x00000000 x11=0x00000002
          64161	      3106	8000b948	c28c	c.sw	x11,0(x13)	 x13:0x8ffffffc x11:0x00000002 PA:0x8ffffffc store:0x00000002
          64541	      3125	8000b94a	341025f3	csrrs	x11,mepc,x0	  x0:0x00000000 x11=0x80008fc8
          64561	      3126	8000b94e	0591	c.addi	x11,4	 x11:0x80008fc8 x11=0x80008fcc
          64581	      3127	8000b950	34159073	csrrw	x0,mepc,x11	 x11:0x80008fcc  x0=0x00000000
          64701	      3133	8000b954	000609b3	add	x19,x12,x0	 x12:0x80025c60  x0:0x00000000 x19=0x80025c60
          64781	      3137	8000b958	0049a083	lw	x1,4(x19)	 x19:0x80025c60  x1=0x800032dc PA:0x80025c64 load:0x800032dc
          65081	      3152	8000b95c	0089a103	lw	x2,8(x19)	 x19:0x80025c60  x2=0x0000a000 PA:0x80025c68 load:0x0000a000
          65281	      3162	8000b960	00c9a183	lw	x3,12(x19)	 x19:0x80025c60  x3=0x00000000 PA:0x80025c6c load:0x00000000
          65361	      3166	8000b964	0109a203	lw	x4,16(x19)	 x19:0x80025c60  x4=0x00000001 PA:0x80025c70 load:0x00000001
          65781	      3187	8000b968	0149a283	lw	x5,20(x19)	 x19:0x80025c60  x5=0x00000000 PA:0x80025c74 load:0x00000000
          65841	      3190	8000b96c	0189a303	lw	x6,24(x19)	 x19:0x80025c60  x6=0x0000000e PA:0x80025c78 load:0x0000000e
          65861	      3191	8000b970	01c9a383	lw	x7,28(x19)	 x19:0x80025c60  x7=0x00000000 PA:0x80025c7c load:0x00000000
          65881	      3192	8000b974	0209a403	lw	x8,32(x19)	 x19:0x80025c60  x8=0x80008ffb PA:0x80025c80 load:0x80008ffb
          66101	      3203	8000b978	0249a483	lw	x9,36(x19)	 x19:0x80025c60  x9=0x0000a250 PA:0x80025c84 load:0x0000a250
          66201	      3208	8000b97c	0289a503	lw	x10,40(x19)	 x19:0x80025c60 x10=0xf8c3c66a PA:0x80025c88 load:0xf8c3c66a
          66661	      3231	8000b980	02c9a583	lw	x11,44(x19)	 x19:0x80025c60 x11=0x00000102 PA:0x80025c8c load:0x00000102
          66721	      3234	8000b984	0309a603	lw	x12,48(x19)	 x19:0x80025c60 x12=0x80025ce0 PA:0x80025c90 load:0x80025ce0
          67141	      3255	8000b988	0349a683	lw	x13,52(x19)	 x19:0x80025c60 x13=0x973c3992 PA:0x80025c94 load:0x973c3992
          67601	      3278	8000b98c	0389a703	lw	x14,56(x19)	 x19:0x80025c60 x14=0x68c3c91e PA:0x80025c98 load:0x68c3c91e
          67661	      3281	8000b990	03c9a783	lw	x15,60(x19)	 x19:0x80025c60 x15=0xfec7c67e PA:0x80025c9c load:0xfec7c67e
          67681	      3282	8000b994	0409a803	lw	x16,64(x19)	 x19:0x80025c60 x16=0xf8c3c66a PA:0x80025ca0 load:0xf8c3c66a
          67701	      3283	8000b998	0449a883	lw	x17,68(x19)	 x19:0x80025c60 x17=0x5e2ae194 PA:0x80025ca4 load:0x5e2ae194
          67781	      3287	8000b99c	0489a903	lw	x18,72(x19)	 x19:0x80025c60 x18=0x534f2000 PA:0x80025ca8 load:0x534f2000
          68041	      3300	8000b9a0	04c9a983	lw	x19,76(x19)	 x19:0x80025c60 x19=0x80025c60 PA:0x80025cac load:0x80025c60
          68201	      3308	8000b9a4	0509aa03	lw	x20,80(x19)	 x19:0x80025c60 x20=0x80000000 PA:0x80025cb0 load:0x80000000
          68221	      3309	8000b9a8	0549aa83	lw	x21,84(x19)	 x19:0x80025c60 x21=0xf4f89298 PA:0x80025cb4 load:0xf4f89298
          68481	      3322	8000b9ac	0589ab03	lw	x22,88(x19)	 x19:0x80025c60 x22=0x0000a014 PA:0x80025cb8 load:0x0000a014
          68701	      3333	8000b9b0	05c9ab83	lw	x23,92(x19)	 x19:0x80025c60 x23=0x80000017 PA:0x80025cbc load:0x80000017
          68721	      3334	8000b9b4	0609ac03	lw	x24,96(x19)	 x19:0x80025c60 x24=0x00000101 PA:0x80025cc0 load:0x00000101
          68941	      3345	8000b9b8	0649ac83	lw	x25,100(x19)	 x19:0x80025c60 x25=0x0ffffffc PA:0x80025cc4 load:0x0ffffffc
          69041	      3350	8000b9bc	0689ad03	lw	x26,104(x19)	 x19:0x80025c60 x26=0x00000000 PA:0x80025cc8 load:0x00000000
          69501	      3373	8000b9c0	06c9ad83	lw	x27,108(x19)	 x19:0x80025c60 x27=0x80000017 PA:0x80025ccc load:0x80000017
          69761	      3386	8000b9c4	0709ae03	lw	x28,112(x19)	 x19:0x80025c60 x28=0x80000000 PA:0x80025cd0 load:0x80000000
          69881	      3392	8000b9c8	0749ae83	lw	x29,116(x19)	 x19:0x80025c60 x29=0x00000000 PA:0x80025cd4 load:0x00000000
          70041	      3400	8000b9cc	0789af03	lw	x30,120(x19)	 x19:0x80025c60 x30=0x80008df8 PA:0x80025cd8 load:0x80008df8
          70101	      3403	8000b9d0	07c9af83	lw	x31,124(x19)	 x19:0x80025c60 x31=0x80000017 PA:0x80025cdc load:0x80000017
          70121	      3404	8000b9d4	08098993	addi	x19,x19,128	 x19:0x80025c60 x19=0x80025ce0
          70141	      3405	8000b9d8	00098633	add	x12,x19,x0	 x19:0x80025ce0  x0:0x00000000 x12=0x80025ce0
          70201	      3408	8000b9dc	00062983	lw	x19,0(x12)	 x12:0x80025ce0 x19=0x80021e58 PA:0x80025ce0 load:0x80021e58
          70241	      3410	8000b9e0	0611	c.addi	x12,4	 x12:0x80025ce0 x12=0x80025ce4
          70301	      3413	8000b9e2	30200073	mret	
          70541	      3425	80008fcc	40885a13	srai	x20,x16,0x8	 x16:0xf8c3c66a x20=0xfff8c3c6
          70561	      3426	80008fd0	00af88b3	add	x17,x31,x10	 x31:0x80000017 x10:0xf8c3c66a x17=0x78c3c681
          70641	      3430	80008fd4	01117b33	and	x22,x2,x17	  x2:0x0000a000 x17:0x78c3c681 x22=0x00008000
          70821	      3439	80008fd8	02319d63	bne	x3,x3,80009012	  x3:0x00000000  x3:0x00000000
          71961	      3496	80008fdc	8c19	c.sub	x8,x14	  x8:0x80008ffb x14:0x68c3c91e  x8=0x173cc6dd
          71981	      3497	80008fde	0000100f	fence.i	
          72941	      3545	80008fe2	0367e2b3	rem	x5,x15,x22	 x15:0xfec7c67e x22:0x00008000  x5=0xffffc67e
          72961	      3546	80008fe6	01ad5a13	srli	x20,x26,0x1a	 x26:0x00000000 x20=0x00000000
          72981	      3547	80008fea	f51a0b93	addi	x23,x20,-175	 x20:0x00000000 x23=0xffffff51
          73001	      3548	80008fee	01301b93	slli	x23,x0,0x13	  x0:0x00000000 x23=0x00000000
          73021	      3549	80008ff2	01ea6db3	or	x27,x20,x30	 x20:0x00000000 x30:0x80008df8 x27=0x80008df8
          73041	      3550	80008ff6	92667837	lui	x16,0x92667	 x16=0x92667000
          73781	      3587	80008ffa	0320e0b3	rem	x1,x1,x18	  x1:0x800032dc x18:0x534f2000  x1=0xd34f52dc
          73821	      3589	80008ffe	04dec163	blt	x29,x13,80009040	 x29:0x00000000 x13:0x973c3992
          74361	      3616	80009002	004c4c33	xor	x24,x24,x4	 x24:0x00000101  x4:0x00000001 x24=0x00000100
          74381	      3617	80009006	0088a433	slt	x8,x17,x8	 x17:0x78c3c681  x8:0x173cc6dd  x8=0x00000000
          74541	      3625	8000900a	40ced8b3	sra	x17,x29,x12	 x29:0x00000000 x12:0x80025ce4 x17=0x00000000
          74561	      3626	8000900e	015d6433	or	x8,x26,x21	 x26:0x00000000 x21:0xf4f89298  x8=0xf4f89298
          74581	      3627	80009012	9bfd	c.andi	x15,-1	 x15:0xfec7c67e x15=0xfec7c67e
          74761	      3636	80009014	016ee833	or	x16,x29,x22	 x29:0x00000000 x22:0x00008000 x16=0x00008000
          74781	      3637	80009018	00f60333	add	x6,x12,x15	 x12:0x80025ce4 x15:0xfec7c67e  x6=0x7eca2362
          74801	      3638	8000901c	2814e937	lui	x18,0x2814e	 x18=0x2814e000
          74861	      3641	80009020	01385b63	bge	x16,x19,80009036	 x16:0x00008000 x19:0x80021e58
          75981	      3697	80009036	310062f3	csrrsi	x5,0x310,0	  x5=0x00000000
          76001	      3698	8000903a	117d	c.addi	x2,-1	  x2:0x0000a000  x2=0x00009fff
          76021	      3699	8000903c	0000100f	fence.i	
          76621	      3729	80009040	3b5035f3	csrrc	x11,pmpaddr5,x0	  x0:0x00000000 x11=0x355561e4
          76801	      3738	80009044	908a	c.add	x1,x2	  x1:0xd34f52dc  x2:0x00009fff  x1=0xd34ff2db
          76821	      3739	80009046	81ed	c.srli	x11,0x1b	 x11:0x355561e4 x11=0x00000006
          77561	      3776	80009048	02627c33	remu	x24,x4,x6	  x4:0x00000001  x6:0x7eca2362 x24=0x00000001
          77581	      3777	8000904c	177d	c.addi	x14,-1	 x14:0x68c3c91e x14=0x68c3c91d
          77601	      3778	8000904e	32c036f3	csrrc	x13,mhpmevent12,x0	  x0:0x00000000 x13=0x00000200
          77641	      3780	80009052	ef9d	c.bnez	x15,80009090	 x15:0xfec7c67e
          77921	      3794	80009090	026b21b3	mulhsu	x3,x22,x6	 x22:0x00008000  x6:0x7eca2362  x3=0x00003f65
          77961	      3796	80009094	21b43f13	sltiu	x30,x8,539	  x8:0xf4f89298 x30=0x00000000
          77981	      3797	80009098	5b7d	c.li	x22,-1	 x22=0xffffffff
          78401	      3818	8000909a	3f29f113	andi	x2,x19,1010	 x19:0x80021e58  x2=0x00000250
          78581	      3827	8000909e	f1206573	csrrsi	x10,marchid,0	 x10=0x00000016
          78601	      3828	800090a2	3407d473	csrrwi	x8,mscratch,15	  x8=0x00000000
          78621	      3829	800090a6	8c71	c.and	x8,x12	  x8:0x00000000 x12:0x80025ce4  x8=0x00000000
          78701	      3833	800090a8	342027f3	csrrs	x15,mcause,x0	  x0:0x00000000 x15=0x00000002
          78721	      3834	800090ac	01524f33	xor	x30,x4,x21	  x4:0x00000001 x21:0xf4f89298 x30=0xf4f89299
          78861	      3841	800090b0	01edd813	srli	x16,x27,0x1e	 x27:0x80008df8 x16=0x00000002
          79001	      3848	800090b4	011a	c.slli	x2,0x6	  x2:0x00000250  x2=0x00009400
          79181	      3857	800090b6	b874fef3	csrrci	x29,mhpmcounter7h,9	 x29=0x00000000
          79241	      3860	800090ba	98fd	c.andi	x9,-1	  x9:0x0000a250  x9=0x0000a250
          79261	      3861	800090bc	009e8433	add	x8,x29,x9	 x29:0x00000000  x9:0x0000a250  x8=0x0000a250
          79621	      3879	800090c0	c276f693	andi	x13,x13,-985	 x13:0x00000200 x13=0x00000000
          79641	      3880	800090c4	9cc778b7	lui	x17,0x9cc77	 x17=0x9cc77000
          79661	      3881	800090c8	f386ec93	ori	x25,x13,-200	 x13:0x00000000 x25=0xffffff38
          79681	      3882	800090cc	00926cb3	or	x25,x4,x9	  x4:0x00000001  x9:0x0000a250 x25=0x0000a251
          79801	      3888	800090d0	018c9593	slli	x11,x25,0x18	 x25:0x0000a251 x11=0x51000000
          79821	      3889	800090d4	00e72bb7	lui	x23,0xe72	 x23=0x00e72000
          79841	      3890	800090d8	f1203d73	csrrc	x26,marchid,x0	  x0:0x00000000 x26=0x00000016
          79861	      3891	800090dc	16b9e013	ori	x0,x19,363	 x19:0x80021e58  x0=0x00000000
          79881	      3892	800090e0	0a2e	c.slli	x20,0xb	 x20:0x00000000 x20=0x00000000
          79901	      3893	800090e2	0000100f	fence.i	
          80121	      3904	800090e6	b09416f3	csrrw	x13,mhpmcounter9,x8	  x8:0x0000a250 x13=0x00000012
          81021	      3949	800090ea	03bcf8b3	remu	x17,x25,x27	 x25:0x0000a251 x27:0x80008df8 x17=0x0000a251
          81041	      3950	800090ee	2f92fb93	andi	x23,x5,761	  x5:0x00000000 x23=0x00000000
          81081	      3952	800090f2	0016cd63	blt	x13,x1,8000910c	 x13:0x00000012  x1:0xd34ff2db
          81261	      3961	800090f6	1657eb93	ori	x23,x15,357	 x15:0x00000002 x23=0x00000167
          81281	      3962	800090fa	9cee	c.add	x25,x27	 x25:0x0000a251 x27:0x80008df8 x25=0x80013049
          81401	      3968	800090fc	34322373	csrrs	x6,mtval,x4	  x4:0x00000001  x6=0xf15bdc73
          81461	      3971	80009100	026c0233	mul	x4,x24,x6	 x24:0x00000001  x6:0xf15bdc73  x4=0xf15bdc73
          81501	      3973	80009104	268d4213	xori	x4,x26,616	 x26:0x00000016  x4=0x0000027e
          81521	      3974	80009108	0ff0000f	fence	iorw,iorw	
          81541	      3975	8000910c	8fad	c.xor	x15,x11	 x15:0x00000002 x11:0x51000000 x15=0x51000002
          81981	      3997	8000910e	032dd863	bge	x27,x18,8000913e	 x27:0x80008df8 x18:0x2814e000
          83201	      4058	80009112	0271de33	divu	x28,x3,x7	  x3:0x00003f65  x7:0x00000000 x28=0xffffffff
          83221	      4059	80009116	324cdef3	csrrwi	x29,mhpmevent4,25	 x29=0x00000002
          83281	      4062	8000911a	002a11b3	sll	x3,x20,x2	 x20:0x00000000  x2:0x00009400  x3=0x00000000
          83301	      4063	8000911e	3915e513	ori	x10,x11,913	 x11:0x51000000 x10=0x51000391
          83341	      4065	80009122	0008da63	bge	x17,x0,80009136	 x17:0x0000a251  x0:0x00000000
          83641	      4080	80009136	cfe56013	ori	x0,x10,-770	 x10:0x51000391  x0=0x00000000
          83661	      4081	8000913a	022d0433	mul	x8,x26,x2	 x26:0x00000016  x2:0x00009400  x8=0x000cb800
          91701	      4483	8000913e	03e35db3	divu	x27,x6,x30	  x6:0xf15bdc73 x30:0xf4f89299 x27=0x00000000
          91721	      4484	80009142	7c0890f3	csrrw	x1,0x7c0,x17	 x17:0x0000a251  x1=0x000001aa
          91781	      4487	80009146	04cbd063	bge	x23,x12,80009186	 x23:0x00000167 x12:0x80025ce4
          92321	      4514	80009186	aa68f913	andi	x18,x17,-1370	 x17:0x0000a251 x18=0x0000a200
          92541	      4525	8000918a	00dd8693	addi	x13,x27,13	 x27:0x00000000 x13=0x0000000d
          92561	      4526	8000918e	006fab33	slt	x22,x31,x6	 x31:0x80000017  x6:0xf15bdc73 x22=0x00000001
          92581	      4527	80009192	0ff0000f	fence	iorw,iorw	
          92601	      4528	80009196	8df9	c.and	x11,x14	 x11:0x51000000 x14:0x68c3c91d x11=0x40000000
          92621	      4529	80009198	0191fd63	bgeu	x3,x25,800091b2	  x3:0x00000000 x25:0x80013049
          93361	      4566	8000919c	03a0ef33	rem	x30,x1,x26	  x1:0x000001aa x26:0x00000016 x30=0x00000008
          93381	      4567	800091a0	00f2b333	sltu	x6,x5,x15	  x5:0x00000000 x15:0x51000002  x6=0x00000001
          93401	      4568	800091a4	3b906d73	csrrsi	x26,pmpaddr9,0	 x26=0x066672f5
          93421	      4569	800091a8	8ea9	c.xor	x13,x10	 x13:0x0000000d x10:0x51000391 x13=0x5100039c
          93441	      4570	800091aa	01cbf533	and	x10,x23,x28	 x23:0x00000167 x28:0xffffffff x10=0x00000167
          93461	      4571	800091ae	006e7b63	bgeu	x28,x6,800091c4	 x28:0xffffffff  x6:0x00000001
          93961	      4596	800091c4	0ff0000f	fence	iorw,iorw	
          94401	      4618	800091c8	5c5a4913	xori	x18,x20,1477	 x20:0x00000000 x18=0x000005c5
          94421	      4619	800091cc	7c1116f3	csrrw	x13,0x7c1,x2	  x2:0x00009400 x13=0x00000000
          94481	      4622	800091d0	983a	c.add	x16,x14	 x16:0x00000002 x14:0x68c3c91d x16=0x68c3c91f
          94501	      4623	800091d2	41e2d7b3	sra	x15,x5,x30	  x5:0x00000000 x30:0x00000008 x15=0x00000000
          94521	      4624	800091d6	0d93f193	andi	x3,x7,217	  x7:0x00000000  x3=0x00000000
          94541	      4625	800091da	324d9073	csrrw	x0,mhpmevent4,x27	 x27:0x00000000  x0=0x00000000
          94601	      4628	800091de	01e91233	sll	x4,x18,x30	 x18:0x000005c5 x30:0x00000008  x4=0x0005c500
          94701	      4633	800091e2	b8006773	csrrsi	x14,mcycleh,0	 x14=0x00000000
          94821	      4639	800091e6	0145d8b3	srl	x17,x11,x20	 x11:0x40000000 x20:0x00000000 x17=0x40000000
          94841	      4640	800091ea	37d53a13	sltiu	x20,x10,893	 x10:0x00000167 x20=0x00000001
          94861	      4641	800091ee	81ce	c.mv	x3,x19	  x0:0x00000000 x19:0x80021e58  x3=0x80021e58
          94961	      4646	800091f0	00e3f663	bgeu	x7,x14,800091fc	  x7:0x00000000 x14:0x00000000
          97161	      4756	800091fc	0316f6b3	remu	x13,x13,x17	 x13:0x00000000 x17:0x40000000 x13=0x00000000
          97181	      4757	80009200	b8b065f3	csrrsi	x11,mhpmcounter11h,0	 x11=0x00000000
          97201	      4758	80009204	01099d13	slli	x26,x19,0x10	 x19:0x80021e58 x26=0x1e580000
          97221	      4759	80009208	41a255b3	sra	x11,x4,x26	  x4:0x0005c500 x26:0x1e580000 x11=0x0005c500
          97241	      4760	8000920c	41fcdc13	srai	x24,x25,0x1f	 x25:0x80013049 x24=0xffffffff
          97261	      4761	80009210	004a7bb3	and	x23,x20,x4	 x20:0x00000001  x4:0x0005c500 x23=0x00000000
          97321	      4764	80009214	9e012913	slti	x18,x2,-1568	  x2:0x00009400 x18=0x00000000
          97341	      4765	80009218	407fd3b3	sra	x7,x31,x7	 x31:0x80000017  x7:0x00000000  x7=0x80000017
          97361	      4766	8000921c	3b303c73	csrrc	x24,pmpaddr3,x0	  x0:0x00000000 x24=0x2cccd95b
          97421	      4769	80009220	b0c03073	csrrc	x0,mhpmcounter12,x0	  x0:0x00000000  x0=0x00000000
          97521	      4774	80009224	0181d963	bge	x3,x24,80009236	  x3:0x80021e58 x24:0x2cccd95b
          97941	      4795	80009228	8f51	c.or	x14,x12	 x14:0x00000000 x12:0x80025ce4 x14=0x80025ce4
          98141	      4805	8000922a	00c7bf33	sltu	x30,x15,x12	 x15:0x00000000 x12:0x80025ce4 x30=0x00000001
          98561	      4826	8000922e	7eb68513	addi	x10,x13,2027	 x13:0x00000000 x10=0x000007eb
          98581	      4827	80009232	e41c67b7	lui	x15,0xe41c6	 x15=0xe41c6000
          98601	      4828	80009236	d8fe0093	addi	x1,x28,-625	 x28:0xffffffff  x1=0xfffffd8e
          98741	      4835	8000923a	02c5e463	bltu	x11,x12,80009262	 x11:0x0005c500 x12:0x80025ce4
          99741	      4885	80009262	b8611473	csrrw	x8,mhpmcounter6h,x2	  x2:0x00009400  x8=0x00000000
         100161	      4906	80009266	001f57b3	srl	x15,x30,x1	 x30:0x00000001  x1:0xfffffd8e x15=0x00000000
         100581	      4927	8000926a	011e45b3	xor	x11,x28,x17	 x28:0xffffffff x17:0x40000000 x11=0xbfffffff
         100601	      4928	8000926e	03abea63	bltu	x23,x26,800092a2	 x23:0x00000000 x26:0x1e580000
         101501	      4973	800092a2	162d3113	sltiu	x2,x26,354	 x26:0x1e580000  x2=0x00000000
         101521	      4974	800092a6	7c0b5873	csrrwi	x16,0x7c0,22	 x16=0x00000151
         101641	      4980	800092aa	020eb5b3	mulhu	x11,x29,x0	 x29:0x00000002  x0:0x00000000 x11=0x00000000
         104081	      5102	800092ae	40e786b3	sub	x13,x15,x14	 x15:0x00000000 x14:0x80025ce4 x13=0x7ffda31c
         104101	      5103	800092b2	01502333	slt	x6,x0,x21	  x0:0x00000000 x21:0xf4f89298  x6=0x00000000
         104141	      5105	800092b6	04098163	beq	x19,x0,800092f8	 x19:0x80021e58  x0:0x00000000
         104661	      5131	800092ba	5d7d	c.li	x26,-1	 x26=0xffffffff
         104681	      5132	800092bc	8fc5	c.or	x15,x9	 x15:0x00000000  x9:0x0000a250 x15=0x0000a250
         104701	      5133	800092be	9c5ae593	ori	x11,x21,-1595	 x21:0xf4f89298 x11=0xfffffbdd
         104721	      5134	800092c2	99df2e13	slti	x28,x30,-1635	 x30:0x00000001 x28=0x00000000
         105481	      5172	800092c6	af240b97	auipc	x23,0xaf240	 x23=0x2f2492c6
         105501	      5173	800092ca	4023dd93	srai	x27,x7,0x2	  x7:0x80000017 x27=0xe0000005
         105521	      5174	800092ce	86aa	c.mv	x13,x10	  x0:0x00000000 x10:0x000007eb x13=0x000007eb
         105541	      5175	800092d0	4e7cb893	sltiu	x17,x25,1255	 x25:0x80013049 x17=0x00000000
         105561	      5176	800092d4	6c8d	c.lui	x25,0x3	 x25=0x00003000
         105581	      5177	800092d6	01455313	srli	x6,x10,0x14	 x10:0x000007eb  x6=0x00000000
         105601	      5178	800092da	717d	c.addi16sp	x2,-16	  x2:0x00000000  x2=0xfffffff0
         105621	      5179	800092dc	412d0c33	sub	x24,x26,x18	 x26:0xffffffff x18:0x00000000 x24=0xffffffff
         106041	      5200	800092e0	621d	c.lui	x4,0x7	  x4=0x00007000
         106061	      5201	800092e2	7a2028f3	csrrs	x17,tdata2,x0	  x0:0x00000000 x17=0x00000000
         106081	      5202	800092e6	0001	c.addi	x0,0	  x0:0x00000000  x0=0x00000000
         106241	      5210	800092e8	03d91363	bne	x18,x29,8000930e	 x18:0x00000000 x29:0x00000002
         108041	      5300	8000930e	02e44333	div	x6,x8,x14	  x8:0x00000000 x14:0x80025ce4  x6=0x00000000
         108061	      5301	80009312	1f7d	c.addi	x30,-1	 x30:0x00000001 x30=0x00000000
         108081	      5302	80009314	8c11	c.sub	x8,x12	  x8:0x00000000 x12:0x80025ce4  x8=0x7ffda31c
         108101	      5303	80009316	a2517337	lui	x6,0xa2517	  x6=0xa2517000
         108161	      5306	8000931a	0ff0000f	fence	iorw,iorw	
         108181	      5307	8000931e	6b3f4a13	xori	x20,x30,1715	 x30:0x00000000 x20=0x000006b3
         108201	      5308	80009322	0044a033	slt	x0,x9,x4	  x9:0x0000a250  x4:0x00007000  x0=0x00000000
         108241	      5310	80009326	cd95	c.beqz	x11,80009362	 x11:0xfffffbdd
         108681	      5332	80009328	01cce4b3	or	x9,x25,x28	 x25:0x00003000 x28:0x00000000  x9=0x00003000
         109101	      5353	8000932c	8e99	c.sub	x13,x14	 x13:0x000007eb x14:0x80025ce4 x13=0x7ffdab07
         109301	      5363	8000932e	8453eb93	ori	x23,x7,-1979	  x7:0x80000017 x23=0xfffff857
         109321	      5364	80009332	8335	c.srli	x14,0xd	 x14:0x80025ce4 x14=0x00040012
         109341	      5365	80009334	8d8d	c.sub	x11,x11	 x11:0xfffffbdd x11:0xfffffbdd x11=0x00000000
         109381	      5367	80009336	03287863	bgeu	x16,x18,80009366	 x16:0x00000151 x18:0x00000000
         110001	      5398	80009366	00d3c1b3	xor	x3,x7,x13	  x7:0x80000017 x13:0x7ffdab07  x3=0xfffdab10
         110021	      5399	8000936a	03fb0433	mul	x8,x22,x31	 x22:0x00000001 x31:0x80000017  x8=0x80000017
         110061	      5401	8000936e	017c5663	bge	x24,x23,8000937a	 x24:0xffffffff x23:0xfffff857
         110301	      5413	8000937a	01de1193	slli	x3,x28,0x1d	 x28:0x00000000  x3=0x00000000
         110501	      5423	8000937e	0201a033	mulhsu	x0,x3,x0	  x3:0x00000000  x0:0x00000000  x0=0x00000000
         110521	      5424	80009382	12fd	c.addi	x5,-1	  x5:0x00000000  x5=0xffffffff
         110741	      5435	80009384	0001	c.addi	x0,0	  x0:0x00000000  x0=0x00000000
         110761	      5436	80009386	6b21	c.lui	x22,0x8	 x22=0x00008000
         110781	      5437	80009388	717d	c.addi16sp	x2,-16	  x2:0xfffffff0  x2=0xffffffe0
         110801	      5438	8000938a	9752	c.add	x14,x20	 x14:0x00040012 x20:0x000006b3 x14=0x000406c5
         110821	      5439	8000938c	41d68933	sub	x18,x13,x29	 x13:0x7ffdab07 x29:0x00000002 x18=0x7ffdab05
         110841	      5440	80009390	015730b3	sltu	x1,x14,x21	 x14:0x000406c5 x21:0xf4f89298  x1=0x00000001
         111861	      5491	80009394	038c71b3	remu	x3,x24,x24	 x24:0xffffffff x24:0xffffffff  x3=0x00000000
         111881	      5492	80009398	b4318713	addi	x14,x3,-1213	  x3:0x00000000 x14=0xfffffb43
         111921	      5494	8000939c	344021f3	csrrs	x3,mip,x0	  x0:0x00000000  x3=0x00000000
         111941	      5495	800093a0	b8a03273	csrrc	x4,mhpmcounter10h,x0	  x0:0x00000000  x4=0x00000000
         111961	      5496	800093a4	3d001197	auipc	x3,0x3d001	  x3=0xbd00a3a4
         111981	      5497	800093a8	0001	c.addi	x0,0	  x0:0x00000000  x0=0x00000000
         112721	      5534	800093aa	0213e233	rem	x4,x7,x1	  x7:0x80000017  x1:0x00000001  x4=0x00000000
         112741	      5535	800093ae	6105	c.addi16sp	x2,32	  x2:0xffffffe0  x2=0x00000000
         112761	      5536	800093b0	67e5	c.lui	x15,0x19	 x15=0x00019000
         112781	      5537	800093b2	5bb8c513	xori	x10,x17,1467	 x17:0x00000000 x10=0x000005bb
         112841	      5540	800093b6	e305	c.bnez	x14,800093d6	 x14:0xfffffb43
         113521	      5574	800093d6	01431e93	slli	x29,x6,0x14	  x6:0xa2517000 x29=0x00000000
         113561	      5576	800093da	4cd1	c.li	x25,20	 x25=0x00000014
         113701	      5583	800093dc	8fe1	c.and	x15,x8	 x15:0x00019000  x8:0x80000017 x15=0x00000000
         113881	      5592	800093de	01b26fb3	or	x31,x4,x27	  x4:0x00000000 x27:0xe0000005 x31=0xe0000005
         114041	      5600	800093e2	014d6133	or	x2,x26,x20	 x26:0xffffffff x20:0x000006b3  x2=0xffffffff
         114101	      5603	800093e6	01ac95b3	sll	x11,x25,x26	 x25:0x00000014 x26:0xffffffff x11=0x00000000
         115241	      5660	800093ea	03cdc1b3	div	x3,x27,x28	 x27:0xe0000005 x28:0x00000000  x3=0xffffffff
         115261	      5661	800093ee	017d1913	slli	x18,x26,0x17	 x26:0xffffffff x18=0xff800000
         115281	      5662	800093f2	8da9	c.xor	x11,x10	 x11:0x00000000 x10:0x000005bb x11=0x000005bb
         116061	      5701	800093f4	eb91	c.bnez	x15,80009408	 x15:0x00000000
         116181	      5707	800093f6	00974763	blt	x14,x9,80009404	 x14:0xfffffb43  x9:0x00003000
         117161	      5756	80009404	e293af13	slti	x30,x7,-471	  x7:0x80000017 x30=0x00000001
         117181	      5757	80009408	001c2e33	slt	x28,x24,x1	 x24:0xffffffff  x1:0x00000001 x28=0x00000001
         117921	      5794	8000940c	03bcf2b3	remu	x5,x25,x27	 x25:0x00000014 x27:0xe0000005  x5=0x00000014
         118661	      5831	80009410	02e2f7b3	remu	x15,x5,x14	  x5:0x00000014 x14:0xfffffb43 x15=0x00000014
         118681	      5832	80009414	02b102b3	mul	x5,x2,x11	  x2:0xffffffff x11:0x000005bb  x5=0xfffffa45
         118701	      5833	80009418	f1202f73	csrrs	x30,marchid,x0	  x0:0x00000000 x30=0x00000016
         118721	      5834	8000941c	9906	c.add	x18,x1	 x18:0xff800000  x1:0x00000001 x18=0xff800001
         118741	      5835	8000941e	0000100f	fence.i	
         119341	      5865	80009422	b892aff3	csrrs	x31,mhpmcounter9h,x5	  x5:0xfffffa45 x31=0x00000000
         119401	      5868	80009426	0680	c.addi4spn	x8,x2,832	  x8=0x0000033f
         120181	      5907	80009428	f13d1c73	csrrw	x0,mimpid,x0	  x0:0x00000000  x0=0x00000000
         120281	      5912	80002500	0800006f	jal	x0,80002580	  x0=0x00000000
         120541	      5925	80002580	1671	c.addi	x12,-4	 x12:0x80025ce4 x12=0x80025ce0
         121001	      5948	80002582	01362023	sw	x19,0(x12)	 x12:0x80025ce0 x19:0x80021e58 PA:0x80025ce0 store:0x80021e58
         121021	      5949	80002586	000609b3	add	x19,x12,x0	 x12:0x80025ce0  x0:0x00000000 x19=0x80025ce0
         121401	      5968	8000258a	f8098993	addi	x19,x19,-128	 x19:0x80025ce0 x19=0x80025c60
         121621	      5979	8000258e	0019a223	sw	x1,4(x19)	 x19:0x80025c60  x1:0x00000001 PA:0x80025c64 store:0x00000001
         121881	      5992	80002592	0029a423	sw	x2,8(x19)	 x19:0x80025c60  x2:0xffffffff PA:0x80025c68 store:0xffffffff
         122661	      6031	80002596	0039a623	sw	x3,12(x19)	 x19:0x80025c60  x3:0xffffffff PA:0x80025c6c store:0xffffffff
         122721	      6034	8000259a	0049a823	sw	x4,16(x19)	 x19:0x80025c60  x4:0x00000000 PA:0x80025c70 store:0x00000000
         122901	      6043	8000259e	0059aa23	sw	x5,20(x19)	 x19:0x80025c60  x5:0xfffffa45 PA:0x80025c74 store:0xfffffa45
         122961	      6046	800025a2	0069ac23	sw	x6,24(x19)	 x19:0x80025c60  x6:0xa2517000 PA:0x80025c78 store:0xa2517000
         122981	      6047	800025a6	0079ae23	sw	x7,28(x19)	 x19:0x80025c60  x7:0x80000017 PA:0x80025c7c store:0x80000017
         123141	      6055	800025aa	0289a023	sw	x8,32(x19)	 x19:0x80025c60  x8:0x0000033f PA:0x80025c80 store:0x0000033f
         123161	      6056	800025ae	0299a223	sw	x9,36(x19)	 x19:0x80025c60  x9:0x00003000 PA:0x80025c84 store:0x00003000
         123201	      6058	800025b2	02a9a423	sw	x10,40(x19)	 x19:0x80025c60 x10:0x000005bb PA:0x80025c88 store:0x000005bb
         123221	      6059	800025b6	02b9a623	sw	x11,44(x19)	 x19:0x80025c60 x11:0x000005bb PA:0x80025c8c store:0x000005bb
         123541	      6075	800025ba	02c9a823	sw	x12,48(x19)	 x19:0x80025c60 x12:0x80025ce0 PA:0x80025c90 store:0x80025ce0
         123601	      6078	800025be	02d9aa23	sw	x13,52(x19)	 x19:0x80025c60 x13:0x7ffdab07 PA:0x80025c94 store:0x7ffdab07
         123721	      6084	800025c2	02e9ac23	sw	x14,56(x19)	 x19:0x80025c60 x14:0xfffffb43 PA:0x80025c98 store:0xfffffb43
         124121	      6104	800025c6	02f9ae23	sw	x15,60(x19)	 x19:0x80025c60 x15:0x00000014 PA:0x80025c9c store:0x00000014
         124201	      6108	800025ca	0509a023	sw	x16,64(x19)	 x19:0x80025c60 x16:0x00000151 PA:0x80025ca0 store:0x00000151
         124221	      6109	800025ce	0519a223	sw	x17,68(x19)	 x19:0x80025c60 x17:0x00000000 PA:0x80025ca4 store:0x00000000
         124241	      6110	800025d2	0529a423	sw	x18,72(x19)	 x19:0x80025c60 x18:0xff800001 PA:0x80025ca8 store:0xff800001
         124601	      6128	800025d6	0539a623	sw	x19,76(x19)	 x19:0x80025c60 x19:0x80025c60 PA:0x80025cac store:0x80025c60
         124661	      6131	800025da	0549a823	sw	x20,80(x19)	 x19:0x80025c60 x20:0x000006b3 PA:0x80025cb0 store:0x000006b3
         124961	      6146	800025de	0559aa23	sw	x21,84(x19)	 x19:0x80025c60 x21:0xf4f89298 PA:0x80025cb4 store:0xf4f89298
         125361	      6166	800025e2	0569ac23	sw	x22,88(x19)	 x19:0x80025c60 x22:0x00008000 PA:0x80025cb8 store:0x00008000
         125561	      6176	800025e6	0579ae23	sw	x23,92(x19)	 x19:0x80025c60 x23:0xfffff857 PA:0x80025cbc store:0xfffff857
         125661	      6181	800025ea	0789a023	sw	x24,96(x19)	 x19:0x80025c60 x24:0xffffffff PA:0x80025cc0 store:0xffffffff
         125861	      6191	800025ee	0799a223	sw	x25,100(x19)	 x19:0x80025c60 x25:0x00000014 PA:0x80025cc4 store:0x00000014
         126501	      6223	800025f2	07a9a423	sw	x26,104(x19)	 x19:0x80025c60 x26:0xffffffff PA:0x80025cc8 store:0xffffffff
         126901	      6243	800025f6	07b9a623	sw	x27,108(x19)	 x19:0x80025c60 x27:0xe0000005 PA:0x80025ccc store:0xe0000005
         126961	      6246	800025fa	07c9a823	sw	x28,112(x19)	 x19:0x80025c60 x28:0x00000001 PA:0x80025cd0 store:0x00000001
         127381	      6267	800025fe	07d9aa23	sw	x29,116(x19)	 x19:0x80025c60 x29:0x00000000 PA:0x80025cd4 store:0x00000000
         127441	      6270	80002602	07e9ac23	sw	x30,120(x19)	 x19:0x80025c60 x30:0x00000016 PA:0x80025cd8 store:0x00000016
         127861	      6291	80002606	07f9ae23	sw	x31,124(x19)	 x19:0x80025c60 x31:0x00000000 PA:0x80025cdc store:0x00000000
         127881	      6292	8000260a	00098633	add	x12,x19,x0	 x19:0x80025c60  x0:0x00000000 x12=0x80025c60
         127901	      6293	8000260e	900006b7	lui	x13,0x90000	 x13=0x90000000
         127921	      6294	80002612	16f1	c.addi	x13,-4	 x13:0x90000000 x13=0x8ffffffc
         127941	      6295	80002614	45a1	c.li	x11,8	 x11=0x00000008
         127961	      6296	80002616	05a2	c.slli	x11,0x8	 x11:0x00000008 x11=0x00000800
         127981	      6297	80002618	00058593	addi	x11,x11,0	 x11:0x00000800 x11=0x00000800
         128781	      6337	8000261c	c28c	c.sw	x11,0(x13)	 x13:0x8ffffffc x11:0x00000800 PA:0x8ffffffc store:0x00000800
         128801	      6338	8000261e	341025f3	csrrs	x11,mepc,x0	  x0:0x00000000 x11=0x80009428
         128821	      6339	80002622	342025f3	csrrs	x11,mcause,x0	  x0:0x00000000 x11=0x00000002
         128841	      6340	80002626	468d	c.li	x13,3	 x13=0x00000003
         128881	      6342	80002628	00d59463	bne	x11,x13,80002630	 x11:0x00000002 x13:0x00000003
         129821	      6389	80002630	46a1	c.li	x13,8	 x13=0x00000008
         130201	      6408	80002632	04d58d63	beq	x11,x13,8000268c	 x11:0x00000002 x13:0x00000008
         144601	      7128	80002636	46a5	c.li	x13,9	 x13=0x00000009
         144641	      7130	80002638	04d58a63	beq	x11,x13,8000268c	 x11:0x00000002 x13:0x00000009
         145081	      7152	8000263c	46ad	c.li	x13,11	 x13=0x0000000b
         145121	      7154	8000263e	04d58763	beq	x11,x13,8000268c	 x11:0x00000002 x13:0x0000000b
         145881	      7192	80002642	4685	c.li	x13,1	 x13=0x00000001
         146021	      7199	80002644	2cd58f63	beq	x11,x13,80002922	 x11:0x00000002 x13:0x00000001
         146381	      7217	80002648	4695	c.li	x13,5	 x13=0x00000005
         146421	      7219	8000264a	5cd58363	beq	x11,x13,80002c10	 x11:0x00000002 x13:0x00000005
         146721	      7234	8000264e	469d	c.li	x13,7	 x13=0x00000007
         146901	      7243	80002650	0ed581e3	beq	x11,x13,80002f32	 x11:0x00000002 x13:0x00000007
         147221	      7259	80002654	46b1	c.li	x13,12	 x13=0x0000000c
         147441	      7270	80002656	00d59463	bne	x11,x13,8000265e	 x11:0x00000002 x13:0x0000000c
         147701	      7283	8000265e	46b5	c.li	x13,13	 x13=0x0000000d
         148141	      7305	80002660	00d59463	bne	x11,x13,80002668	 x11:0x00000002 x13:0x0000000d
         148981	      7347	80002668	46bd	c.li	x13,15	 x13=0x0000000f
         149341	      7365	8000266a	00d59463	bne	x11,x13,80002672	 x11:0x00000002 x13:0x0000000f
         150641	      7430	80002672	4689	c.li	x13,2	 x13=0x00000002
         150681	      7432	80002674	00d59463	bne	x11,x13,8000267c	 x11:0x00000002 x13:0x00000002
         151981	      7497	80002678	2ac0906f	jal	x0,8000b924	  x0=0x00000000
         152761	      7536	8000b924	900006b7	lui	x13,0x90000	 x13=0x90000000
         152781	      7537	8000b928	16f1	c.addi	x13,-4	 x13:0x90000000 x13=0x8ffffffc
         152801	      7538	8000b92a	45a9	c.li	x11,10	 x11=0x0000000a
         152821	      7539	8000b92c	05a2	c.slli	x11,0x8	 x11:0x0000000a x11=0x00000a00
         152841	      7540	8000b92e	00058593	addi	x11,x11,0	 x11:0x00000a00 x11=0x00000a00
         153301	      7563	8000b932	c28c	c.sw	x11,0(x13)	 x13:0x8ffffffc x11:0x00000a00 PA:0x8ffffffc store:0x00000a00
         153321	      7564	8000b934	900006b7	lui	x13,0x90000	 x13=0x90000000
         153341	      7565	8000b938	16f1	c.addi	x13,-4	 x13:0x90000000 x13=0x8ffffffc
         153381	      7567	8000b93a	34200593	addi	x11,x0,834	  x0:0x00000000 x11=0x00000342
         153401	      7568	8000b93e	05a2	c.slli	x11,0x8	 x11:0x00000342 x11=0x00034200
         153421	      7569	8000b940	058d	c.addi	x11,3	 x11:0x00034200 x11=0x00034203
         153501	      7573	8000b942	c28c	c.sw	x11,0(x13)	 x13:0x8ffffffc x11:0x00034203 PA:0x8ffffffc store:0x00034203
         153521	      7574	8000b944	342025f3	csrrs	x11,mcause,x0	  x0:0x00000000 x11=0x00000002
         153541	      7575	8000b948	c28c	c.sw	x11,0(x13)	 x13:0x8ffffffc x11:0x00000002 PA:0x8ffffffc store:0x00000002
         153561	      7576	8000b94a	341025f3	csrrs	x11,mepc,x0	  x0:0x00000000 x11=0x80009428
         153581	      7577	8000b94e	0591	c.addi	x11,4	 x11:0x80009428 x11=0x8000942c
         153601	      7578	8000b950	34159073	csrrw	x0,mepc,x11	 x11:0x8000942c  x0=0x00000000
         153621	      7579	8000b954	000609b3	add	x19,x12,x0	 x12:0x80025c60  x0:0x00000000 x19=0x80025c60
         154221	      7609	8000b958	0049a083	lw	x1,4(x19)	 x19:0x80025c60  x1=0x00000001 PA:0x80025c64 load:0x00000001
         154441	      7620	8000b95c	0089a103	lw	x2,8(x19)	 x19:0x80025c60  x2=0xffffffff PA:0x80025c68 load:0xffffffff
         154861	      7641	8000b960	00c9a183	lw	x3,12(x19)	 x19:0x80025c60  x3=0xffffffff PA:0x80025c6c load:0xffffffff
         155081	      7652	8000b964	0109a203	lw	x4,16(x19)	 x19:0x80025c60  x4=0x00000000 PA:0x80025c70 load:0x00000000
         155101	      7653	8000b968	0149a283	lw	x5,20(x19)	 x19:0x80025c60  x5=0xfffffa45 PA:0x80025c74 load:0xfffffa45
         155161	      7656	8000b96c	0189a303	lw	x6,24(x19)	 x19:0x80025c60  x6=0xa2517000 PA:0x80025c78 load:0xa2517000
         155701	      7683	8000b970	01c9a383	lw	x7,28(x19)	 x19:0x80025c60  x7=0x80000017 PA:0x80025c7c load:0x80000017
         155961	      7696	8000b974	0209a403	lw	x8,32(x19)	 x19:0x80025c60  x8=0x0000033f PA:0x80025c80 load:0x0000033f
         156101	      7703	8000b978	0249a483	lw	x9,36(x19)	 x19:0x80025c60  x9=0x00003000 PA:0x80025c84 load:0x00003000
         156181	      7707	8000b97c	0289a503	lw	x10,40(x19)	 x19:0x80025c60 x10=0x000005bb PA:0x80025c88 load:0x000005bb
         156341	      7715	8000b980	02c9a583	lw	x11,44(x19)	 x19:0x80025c60 x11=0x000005bb PA:0x80025c8c load:0x000005bb
         156581	      7727	8000b984	0309a603	lw	x12,48(x19)	 x19:0x80025c60 x12=0x80025ce0 PA:0x80025c90 load:0x80025ce0
         156961	      7746	8000b988	0349a683	lw	x13,52(x19)	 x19:0x80025c60 x13=0x7ffdab07 PA:0x80025c94 load:0x7ffdab07
         157421	      7769	8000b98c	0389a703	lw	x14,56(x19)	 x19:0x80025c60 x14=0xfffffb43 PA:0x80025c98 load:0xfffffb43
         157561	      7776	8000b990	03c9a783	lw	x15,60(x19)	 x19:0x80025c60 x15=0x00000014 PA:0x80025c9c load:0x00000014
         157601	      7778	8000b994	0409a803	lw	x16,64(x19)	 x19:0x80025c60 x16=0x00000151 PA:0x80025ca0 load:0x00000151
         158401	      7818	8000b998	0449a883	lw	x17,68(x19)	 x19:0x80025c60 x17=0x00000000 PA:0x80025ca4 load:0x00000000
         158581	      7827	8000b99c	0489a903	lw	x18,72(x19)	 x19:0x80025c60 x18=0xff800001 PA:0x80025ca8 load:0xff800001
         158641	      7830	8000b9a0	04c9a983	lw	x19,76(x19)	 x19:0x80025c60 x19=0x80025c60 PA:0x80025cac load:0x80025c60
         159261	      7861	8000b9a4	0509aa03	lw	x20,80(x19)	 x19:0x80025c60 x20=0x000006b3 PA:0x80025cb0 load:0x000006b3
         159621	      7879	8000b9a8	0549aa83	lw	x21,84(x19)	 x19:0x80025c60 x21=0xf4f89298 PA:0x80025cb4 load:0xf4f89298
         159921	      7894	8000b9ac	0589ab03	lw	x22,88(x19)	 x19:0x80025c60 x22=0x00008000 PA:0x80025cb8 load:0x00008000
         159981	      7897	8000b9b0	05c9ab83	lw	x23,92(x19)	 x19:0x80025c60 x23=0xfffff857 PA:0x80025cbc load:0xfffff857
         160001	      7898	8000b9b4	0609ac03	lw	x24,96(x19)	 x19:0x80025c60 x24=0xffffffff PA:0x80025cc0 load:0xffffffff
         160021	      7899	8000b9b8	0649ac83	lw	x25,100(x19)	 x19:0x80025c60 x25=0x00000014 PA:0x80025cc4 load:0x00000014
         160201	      7908	8000b9bc	0689ad03	lw	x26,104(x19)	 x19:0x80025c60 x26=0xffffffff PA:0x80025cc8 load:0xffffffff
         160661	      7931	8000b9c0	06c9ad83	lw	x27,108(x19)	 x19:0x80025c60 x27=0xe0000005 PA:0x80025ccc load:0xe0000005
         160721	      7934	8000b9c4	0709ae03	lw	x28,112(x19)	 x19:0x80025c60 x28=0x00000001 PA:0x80025cd0 load:0x00000001
         160761	      7936	8000b9c8	0749ae83	lw	x29,116(x19)	 x19:0x80025c60 x29=0x00000000 PA:0x80025cd4 load:0x00000000
         160801	      7938	8000b9cc	0789af03	lw	x30,120(x19)	 x19:0x80025c60 x30=0x00000016 PA:0x80025cd8 load:0x00000016
         160861	      7941	8000b9d0	07c9af83	lw	x31,124(x19)	 x19:0x80025c60 x31=0x00000000 PA:0x80025cdc load:0x00000000
         160881	      7942	8000b9d4	08098993	addi	x19,x19,128	 x19:0x80025c60 x19=0x80025ce0
         160901	      7943	8000b9d8	00098633	add	x12,x19,x0	 x19:0x80025ce0  x0:0x00000000 x12=0x80025ce0
         160961	      7946	8000b9dc	00062983	lw	x19,0(x12)	 x12:0x80025ce0 x19=0x80021e58 PA:0x80025ce0 load:0x80021e58
         160981	      7947	8000b9e0	0611	c.addi	x12,4	 x12:0x80025ce0 x12=0x80025ce4
         161001	      7948	8000b9e2	30200073	mret	
         161321	      7964	8000942c	013ee763	bltu	x29,x19,8000943a	 x29:0x00000000 x19:0x80021e58
         162421	      8019	8000943a	00a25813	srli	x16,x4,0xa	  x4:0x00000000 x16=0x00000000
         162441	      8020	8000943e	46de5417	auipc	x8,0x46de5	  x8=0xc6dee43e
         163941	      8095	80009442	0241dd33	divu	x26,x3,x4	  x3:0xffffffff  x4:0x00000000 x26=0xffffffff
         164701	      8133	80009446	9e3e	c.add	x28,x15	 x28:0x00000001 x15:0x00000014 x28=0x00000015
         164721	      8134	80009448	008317b3	sll	x15,x6,x8	  x6:0xa2517000  x8:0xc6dee43e x15=0x00000000
         165481	      8172	8000944c	03dffcb3	remu	x25,x31,x29	 x31:0x00000000 x29:0x00000000 x25=0x00000000
         165501	      8173	80009450	34317273	csrrci	x4,mtval,2	  x4=0xf13d1c73
         165561	      8176	80009454	9be32313	slti	x6,x6,-1602	  x6:0xa2517000  x6=0x00000001
         165601	      8178	80009458	023ea033	mulhsu	x0,x29,x3	 x29:0x00000000  x3:0xffffffff  x0=0x00000000
         165621	      8179	8000945c	8cd1	c.or	x9,x12	  x9:0x00003000 x12:0x80025ce4  x9=0x80027ce4
         165641	      8180	8000945e	32b023f3	csrrs	x7,mhpmevent11,x0	  x0:0x00000000  x7=0x00000100
         165661	      8181	80009462	83a2	c.mv	x7,x8	  x0:0x00000000  x8:0xc6dee43e  x7=0xc6dee43e
         165681	      8182	80009464	c1c16413	ori	x8,x2,-996	  x2:0xffffffff  x8=0xffffffff
         165701	      8183	80009468	bef94f93	xori	x31,x18,-1041	 x18:0xff800001 x31=0x007ffbee
         165721	      8184	8000946c	e81ca013	slti	x0,x25,-383	 x25:0x00000000  x0=0x00000000
         165761	      8186	80009470	e129	c.bnez	x10,800094b2	 x10:0x000005bb
         166641	      8230	800094b2	b0402973	csrrs	x18,mhpmcounter4,x0	  x0:0x00000000 x18=0x00000eaf
         166661	      8231	800094b6	02c78833	mul	x16,x15,x12	 x15:0x00000000 x12:0x80025ce4 x16=0x00000000
         167021	      8249	800094ba	413182b3	sub	x5,x3,x19	  x3:0xffffffff x19:0x80021e58  x5=0x7ffde1a7
         167441	      8270	800094be	0ff0000f	fence	iorw,iorw	
         167861	      8291	800094c2	00166cb3	or	x25,x12,x1	 x12:0x80025ce4  x1:0x00000001 x25=0x80025ce5
         168041	      8300	800094c6	018ab533	sltu	x10,x21,x24	 x21:0xf4f89298 x24:0xffffffff x10=0x00000001
         168081	      8302	800094ca	03b29cb3	mulh	x25,x5,x27	  x5:0x7ffde1a7 x27:0xe0000005 x25=0xf00043cd
         168121	      8304	800094ce	c599	c.beqz	x11,800094dc	 x11:0x000005bb
         168821	      8339	800094d0	03383a33	mulhu	x20,x16,x19	 x16:0x00000000 x19:0x80021e58 x20=0x00000000
         169601	      8378	800094d4	34307873	csrrci	x16,mtval,0	 x16=0xf13d1c73
