UVM_FATAL /runtime_only_unique_aaay.sv(1) @ 1: runtime_only_unique_failure_aaay normalization resistant timing marker
RUNTIME_ONLY_CASE=25 SOURCE_A=benchmark_set_2:18
riscv_interrupt_csr_test.0 : [FAILED]
RUNTIME_ONLY_COMBINE SOURCE_B=benchmark_set_2:15
spike[425] : pc[ffffffff80001b52] add s11, s3, t0: s11:00049c58
[FAILED]: 360 matched, 35687 mismatch
000000000 RUNTIME_ONLY neutral retire case=00025 pc=0x80000cc8 opcode=lw x25=0x80000cc8
000000001 RUNTIME_ONLY neutral retire case=00025 pc=0x80000ccc opcode=sw x26=0x80000ccd
000000002 RUNTIME_ONLY neutral retire case=00025 pc=0x80000cd0 opcode=beq x27=0x80000cd2
000000003 RUNTIME_ONLY neutral retire case=00025 pc=0x80000cd4 opcode=csrrw x28=0x80000cd7
000000004 RUNTIME_ONLY neutral retire case=00025 pc=0x80000cd8 opcode=xor x29=0x80000cdc
000000005 RUNTIME_ONLY neutral retire case=00025 pc=0x80000cdc opcode=addi x30=0x80000cd9
000000006 RUNTIME_ONLY neutral retire case=00025 pc=0x80000ce0 opcode=lw x31=0x80000ce6
000000007 RUNTIME_ONLY neutral retire case=00025 pc=0x80000ce4 opcode=sw x0=0x80000ce3
000000008 RUNTIME_ONLY neutral retire case=00025 pc=0x80000ce8 opcode=beq x1=0x80000ce0
000000009 RUNTIME_ONLY neutral retire case=00025 pc=0x80000cec opcode=csrrw x2=0x80000ce5
000000010 RUNTIME_ONLY neutral retire case=00025 pc=0x80000cf0 opcode=xor x3=0x80000cfa
000000011 RUNTIME_ONLY neutral retire case=00025 pc=0x80000cf4 opcode=addi x4=0x80000cff
000000012 RUNTIME_ONLY neutral retire case=00025 pc=0x80000cf8 opcode=lw x5=0x80000cf4
000000013 RUNTIME_ONLY neutral retire case=00025 pc=0x80000cfc opcode=sw x6=0x80000cf1
000000014 RUNTIME_ONLY neutral retire case=00025 pc=0x80000d00 opcode=beq x7=0x80000d0e
000000015 RUNTIME_ONLY neutral retire case=00025 pc=0x80000d04 opcode=csrrw x8=0x80000d0b
000000016 RUNTIME_ONLY neutral retire case=00025 pc=0x80000d08 opcode=xor x9=0x80000d18
000000017 RUNTIME_ONLY neutral retire case=00025 pc=0x80000d0c opcode=addi x10=0x80000d1d
000000018 RUNTIME_ONLY neutral retire case=00025 pc=0x80000d10 opcode=lw x11=0x80000d02
000000019 RUNTIME_ONLY neutral retire case=00025 pc=0x80000d14 opcode=sw x12=0x80000d07
000000020 RUNTIME_ONLY neutral retire case=00025 pc=0x80000d18 opcode=beq x13=0x80000d0c
000000021 RUNTIME_ONLY neutral retire case=00025 pc=0x80000d1c opcode=csrrw x14=0x80000d09
000000022 RUNTIME_ONLY neutral retire case=00025 pc=0x80000d20 opcode=xor x15=0x80000d36
000000023 RUNTIME_ONLY neutral retire case=00025 pc=0x80000d24 opcode=addi x16=0x80000d33
000000024 RUNTIME_ONLY neutral retire case=00025 pc=0x80000d28 opcode=lw x17=0x80000d30
000000025 RUNTIME_ONLY neutral retire case=00025 pc=0x80000d2c opcode=sw x18=0x80000d35
000000026 RUNTIME_ONLY neutral retire case=00025 pc=0x80000d30 opcode=beq x19=0x80000d2a
000000027 RUNTIME_ONLY neutral retire case=00025 pc=0x80000d34 opcode=csrrw x20=0x80000d2f
000000028 RUNTIME_ONLY neutral retire case=00025 pc=0x80000d38 opcode=xor x21=0x80000d24
000000029 RUNTIME_ONLY neutral retire case=00025 pc=0x80000d3c opcode=addi x22=0x80000d21
000000030 RUNTIME_ONLY neutral retire case=00025 pc=0x80000d40 opcode=lw x23=0x80000d5e
000000031 RUNTIME_ONLY neutral retire case=00025 pc=0x80000d44 opcode=sw x24=0x80000d5b
000000032 RUNTIME_ONLY neutral retire case=00025 pc=0x80000d48 opcode=beq x25=0x80000d68
000000033 RUNTIME_ONLY neutral retire case=00025 pc=0x80000d4c opcode=csrrw x26=0x80000d6d
000000034 RUNTIME_ONLY neutral retire case=00025 pc=0x80000d50 opcode=xor x27=0x80000d72
000000035 RUNTIME_ONLY neutral retire case=00025 pc=0x80000d54 opcode=addi x28=0x80000d77
000000036 RUNTIME_ONLY neutral retire case=00025 pc=0x80000d58 opcode=lw x29=0x80000d7c
000000037 RUNTIME_ONLY neutral retire case=00025 pc=0x80000d5c opcode=sw x30=0x80000d79
000000038 RUNTIME_ONLY neutral retire case=00025 pc=0x80000d60 opcode=beq x31=0x80000d46
000000039 RUNTIME_ONLY neutral retire case=00025 pc=0x80000d64 opcode=csrrw x0=0x80000d43
000000040 RUNTIME_ONLY neutral retire case=00025 pc=0x80000d68 opcode=xor x1=0x80000d40
000000041 RUNTIME_ONLY neutral retire case=00025 pc=0x80000d6c opcode=addi x2=0x80000d45
000000042 RUNTIME_ONLY neutral retire case=00025 pc=0x80000d70 opcode=lw x3=0x80000d5a
000000043 RUNTIME_ONLY neutral retire case=00025 pc=0x80000d74 opcode=sw x4=0x80000d5f
000000044 RUNTIME_ONLY neutral retire case=00025 pc=0x80000d78 opcode=beq x5=0x80000d54
000000045 RUNTIME_ONLY neutral retire case=00025 pc=0x80000d7c opcode=csrrw x6=0x80000d51
000000046 RUNTIME_ONLY neutral retire case=00025 pc=0x80000d80 opcode=xor x7=0x80000dae
000000047 RUNTIME_ONLY neutral retire case=00025 pc=0x80000d84 opcode=addi x8=0x80000dab
000000048 RUNTIME_ONLY neutral retire case=00025 pc=0x80000d88 opcode=lw x9=0x80000db8
000000049 RUNTIME_ONLY neutral retire case=00025 pc=0x80000d8c opcode=sw x10=0x80000dbd
000000050 RUNTIME_ONLY neutral retire case=00025 pc=0x80000d90 opcode=beq x11=0x80000da2
000000051 RUNTIME_ONLY neutral retire case=00025 pc=0x80000d94 opcode=csrrw x12=0x80000da7
000000052 RUNTIME_ONLY neutral retire case=00025 pc=0x80000d98 opcode=xor x13=0x80000dac
000000053 RUNTIME_ONLY neutral retire case=00025 pc=0x80000d9c opcode=addi x14=0x80000da9
000000054 RUNTIME_ONLY neutral retire case=00025 pc=0x80000da0 opcode=lw x15=0x80000d96
000000055 RUNTIME_ONLY neutral retire case=00025 pc=0x80000da4 opcode=sw x16=0x80000d93
000000056 RUNTIME_ONLY neutral retire case=00025 pc=0x80000da8 opcode=beq x17=0x80000d90
000000057 RUNTIME_ONLY neutral retire case=00025 pc=0x80000dac opcode=csrrw x18=0x80000d95
000000058 RUNTIME_ONLY neutral retire case=00025 pc=0x80000db0 opcode=xor x19=0x80000d8a
000000059 RUNTIME_ONLY neutral retire case=00025 pc=0x80000db4 opcode=addi x20=0x80000d8f
000000060 RUNTIME_ONLY neutral retire case=00025 pc=0x80000db8 opcode=lw x21=0x80000d84
000000061 RUNTIME_ONLY neutral retire case=00025 pc=0x80000dbc opcode=sw x22=0x80000d81
000000062 RUNTIME_ONLY neutral retire case=00025 pc=0x80000dc0 opcode=beq x23=0x80000dfe
000000063 RUNTIME_ONLY neutral retire case=00025 pc=0x80000dc4 opcode=csrrw x24=0x80000dfb
000000064 RUNTIME_ONLY neutral retire case=00025 pc=0x80000dc8 opcode=xor x25=0x80000d88
000000065 RUNTIME_ONLY neutral retire case=00025 pc=0x80000dcc opcode=addi x26=0x80000d8d
000000066 RUNTIME_ONLY neutral retire case=00025 pc=0x80000dd0 opcode=lw x27=0x80000d92
000000067 RUNTIME_ONLY neutral retire case=00025 pc=0x80000dd4 opcode=sw x28=0x80000d97
000000068 RUNTIME_ONLY neutral retire case=00025 pc=0x80000dd8 opcode=beq x29=0x80000d9c
000000069 RUNTIME_ONLY neutral retire case=00025 pc=0x80000ddc opcode=csrrw x30=0x80000d99
000000070 RUNTIME_ONLY neutral retire case=00025 pc=0x80000de0 opcode=xor x31=0x80000da6
000000071 RUNTIME_ONLY neutral retire case=00025 pc=0x80000de4 opcode=addi x0=0x80000da3
000000072 RUNTIME_ONLY neutral retire case=00025 pc=0x80000de8 opcode=lw x1=0x80000da0
000000073 RUNTIME_ONLY neutral retire case=00025 pc=0x80000dec opcode=sw x2=0x80000da5
000000074 RUNTIME_ONLY neutral retire case=00025 pc=0x80000df0 opcode=beq x3=0x80000dba
000000075 RUNTIME_ONLY neutral retire case=00025 pc=0x80000df4 opcode=csrrw x4=0x80000dbf
000000076 RUNTIME_ONLY neutral retire case=00025 pc=0x80000df8 opcode=xor x5=0x80000db4
000000077 RUNTIME_ONLY neutral retire case=00025 pc=0x80000dfc opcode=addi x6=0x80000db1
000000078 RUNTIME_ONLY neutral retire case=00025 pc=0x80000e00 opcode=lw x7=0x80000e4e
000000079 RUNTIME_ONLY neutral retire case=00025 pc=0x80000e04 opcode=sw x8=0x80000e4b
000000080 RUNTIME_ONLY neutral retire case=00025 pc=0x80000e08 opcode=beq x9=0x80000e58
000000081 RUNTIME_ONLY neutral retire case=00025 pc=0x80000e0c opcode=csrrw x10=0x80000e5d
000000082 RUNTIME_ONLY neutral retire case=00025 pc=0x80000e10 opcode=xor x11=0x80000e42
000000083 RUNTIME_ONLY neutral retire case=00025 pc=0x80000e14 opcode=addi x12=0x80000e47
000000084 RUNTIME_ONLY neutral retire case=00025 pc=0x80000e18 opcode=lw x13=0x80000e4c
000000085 RUNTIME_ONLY neutral retire case=00025 pc=0x80000e1c opcode=sw x14=0x80000e49
000000086 RUNTIME_ONLY neutral retire case=00025 pc=0x80000e20 opcode=beq x15=0x80000e76
000000087 RUNTIME_ONLY neutral retire case=00025 pc=0x80000e24 opcode=csrrw x16=0x80000e73
000000088 RUNTIME_ONLY neutral retire case=00025 pc=0x80000e28 opcode=xor x17=0x80000e70
000000089 RUNTIME_ONLY neutral retire case=00025 pc=0x80000e2c opcode=addi x18=0x80000e75
000000090 RUNTIME_ONLY neutral retire case=00025 pc=0x80000e30 opcode=lw x19=0x80000e6a
000000091 RUNTIME_ONLY neutral retire case=00025 pc=0x80000e34 opcode=sw x20=0x80000e6f
000000092 RUNTIME_ONLY neutral retire case=00025 pc=0x80000e38 opcode=beq x21=0x80000e64
000000093 RUNTIME_ONLY neutral retire case=00025 pc=0x80000e3c opcode=csrrw x22=0x80000e61
000000094 RUNTIME_ONLY neutral retire case=00025 pc=0x80000e40 opcode=xor x23=0x80000e1e
000000095 RUNTIME_ONLY neutral retire case=00025 pc=0x80000e44 opcode=addi x24=0x80000e1b
000000096 RUNTIME_ONLY neutral retire case=00025 pc=0x80000e48 opcode=lw x25=0x80000e28
000000097 RUNTIME_ONLY neutral retire case=00025 pc=0x80000e4c opcode=sw x26=0x80000e2d
000000098 RUNTIME_ONLY neutral retire case=00025 pc=0x80000e50 opcode=beq x27=0x80000e32
000000099 RUNTIME_ONLY neutral retire case=00025 pc=0x80000e54 opcode=csrrw x28=0x80000e37
000000100 RUNTIME_ONLY neutral retire case=00025 pc=0x80000e58 opcode=xor x29=0x80000e3c
000000101 RUNTIME_ONLY neutral retire case=00025 pc=0x80000e5c opcode=addi x30=0x80000e39
000000102 RUNTIME_ONLY neutral retire case=00025 pc=0x80000e60 opcode=lw x31=0x80000e06
000000103 RUNTIME_ONLY neutral retire case=00025 pc=0x80000e64 opcode=sw x0=0x80000e03
000000104 RUNTIME_ONLY neutral retire case=00025 pc=0x80000e68 opcode=beq x1=0x80000e00
000000105 RUNTIME_ONLY neutral retire case=00025 pc=0x80000e6c opcode=csrrw x2=0x80000e05
000000106 RUNTIME_ONLY neutral retire case=00025 pc=0x80000e70 opcode=xor x3=0x80000e1a
000000107 RUNTIME_ONLY neutral retire case=00025 pc=0x80000e74 opcode=addi x4=0x80000e1f
000000108 RUNTIME_ONLY neutral retire case=00025 pc=0x80000e78 opcode=lw x5=0x80000e14
000000109 RUNTIME_ONLY neutral retire case=00025 pc=0x80000e7c opcode=sw x6=0x80000e11
000000110 RUNTIME_ONLY neutral retire case=00025 pc=0x80000e80 opcode=beq x7=0x80000eee
000000111 RUNTIME_ONLY neutral retire case=00025 pc=0x80000e84 opcode=csrrw x8=0x80000eeb
000000112 RUNTIME_ONLY neutral retire case=00025 pc=0x80000e88 opcode=xor x9=0x80000ef8
000000113 RUNTIME_ONLY neutral retire case=00025 pc=0x80000e8c opcode=addi x10=0x80000efd
000000114 RUNTIME_ONLY neutral retire case=00025 pc=0x80000e90 opcode=lw x11=0x80000ee2
000000115 RUNTIME_ONLY neutral retire case=00025 pc=0x80000e94 opcode=sw x12=0x80000ee7
000000116 RUNTIME_ONLY neutral retire case=00025 pc=0x80000e98 opcode=beq x13=0x80000eec
000000117 RUNTIME_ONLY neutral retire case=00025 pc=0x80000e9c opcode=csrrw x14=0x80000ee9
000000118 RUNTIME_ONLY neutral retire case=00025 pc=0x80000ea0 opcode=xor x15=0x80000ed6
000000119 RUNTIME_ONLY neutral retire case=00025 pc=0x80000ea4 opcode=addi x16=0x80000ed3
000000120 RUNTIME_ONLY neutral retire case=00025 pc=0x80000ea8 opcode=lw x17=0x80000ed0
000000121 RUNTIME_ONLY neutral retire case=00025 pc=0x80000eac opcode=sw x18=0x80000ed5
000000122 RUNTIME_ONLY neutral retire case=00025 pc=0x80000eb0 opcode=beq x19=0x80000eca
000000123 RUNTIME_ONLY neutral retire case=00025 pc=0x80000eb4 opcode=csrrw x20=0x80000ecf
000000124 RUNTIME_ONLY neutral retire case=00025 pc=0x80000eb8 opcode=xor x21=0x80000ec4
000000125 RUNTIME_ONLY neutral retire case=00025 pc=0x80000ebc opcode=addi x22=0x80000ec1
000000126 RUNTIME_ONLY neutral retire case=00025 pc=0x80000ec0 opcode=lw x23=0x80000ebe
000000127 RUNTIME_ONLY neutral retire case=00025 pc=0x80000ec4 opcode=sw x24=0x80000ebb
000000128 RUNTIME_ONLY neutral retire case=00025 pc=0x80000ec8 opcode=beq x25=0x80000e48
000000129 RUNTIME_ONLY neutral retire case=00025 pc=0x80000ecc opcode=csrrw x26=0x80000e4d
000000130 RUNTIME_ONLY neutral retire case=00025 pc=0x80000ed0 opcode=xor x27=0x80000e52
000000131 RUNTIME_ONLY neutral retire case=00025 pc=0x80000ed4 opcode=addi x28=0x80000e57
000000132 RUNTIME_ONLY neutral retire case=00025 pc=0x80000ed8 opcode=lw x29=0x80000e5c
000000133 RUNTIME_ONLY neutral retire case=00025 pc=0x80000edc opcode=sw x30=0x80000e59
000000134 RUNTIME_ONLY neutral retire case=00025 pc=0x80000ee0 opcode=beq x31=0x80000e66
000000135 RUNTIME_ONLY neutral retire case=00025 pc=0x80000ee4 opcode=csrrw x0=0x80000e63
000000136 RUNTIME_ONLY neutral retire case=00025 pc=0x80000ee8 opcode=xor x1=0x80000e60
000000137 RUNTIME_ONLY neutral retire case=00025 pc=0x80000eec opcode=addi x2=0x80000e65
000000138 RUNTIME_ONLY neutral retire case=00025 pc=0x80000ef0 opcode=lw x3=0x80000e7a
000000139 RUNTIME_ONLY neutral retire case=00025 pc=0x80000ef4 opcode=sw x4=0x80000e7f
000000140 RUNTIME_ONLY neutral retire case=00025 pc=0x80000ef8 opcode=beq x5=0x80000e74
000000141 RUNTIME_ONLY neutral retire case=00025 pc=0x80000efc opcode=csrrw x6=0x80000e71
000000142 RUNTIME_ONLY neutral retire case=00025 pc=0x80000f00 opcode=xor x7=0x80000f8e
000000143 RUNTIME_ONLY neutral retire case=00025 pc=0x80000f04 opcode=addi x8=0x80000f8b
000000144 RUNTIME_ONLY neutral retire case=00025 pc=0x80000f08 opcode=lw x9=0x80000f98
000000145 RUNTIME_ONLY neutral retire case=00025 pc=0x80000f0c opcode=sw x10=0x80000f9d
000000146 RUNTIME_ONLY neutral retire case=00025 pc=0x80000f10 opcode=beq x11=0x80000f82
000000147 RUNTIME_ONLY neutral retire case=00025 pc=0x80000f14 opcode=csrrw x12=0x80000f87
000000148 RUNTIME_ONLY neutral retire case=00025 pc=0x80000f18 opcode=xor x13=0x80000f8c
000000149 RUNTIME_ONLY neutral retire case=00025 pc=0x80000f1c opcode=addi x14=0x80000f89
000000150 RUNTIME_ONLY neutral retire case=00025 pc=0x80000f20 opcode=lw x15=0x80000fb6
000000151 RUNTIME_ONLY neutral retire case=00025 pc=0x80000f24 opcode=sw x16=0x80000fb3
000000152 RUNTIME_ONLY neutral retire case=00025 pc=0x80000f28 opcode=beq x17=0x80000fb0
000000153 RUNTIME_ONLY neutral retire case=00025 pc=0x80000f2c opcode=csrrw x18=0x80000fb5
000000154 RUNTIME_ONLY neutral retire case=00025 pc=0x80000f30 opcode=xor x19=0x80000faa
000000155 RUNTIME_ONLY neutral retire case=00025 pc=0x80000f34 opcode=addi x20=0x80000faf
000000156 RUNTIME_ONLY neutral retire case=00025 pc=0x80000f38 opcode=lw x21=0x80000fa4
000000157 RUNTIME_ONLY neutral retire case=00025 pc=0x80000f3c opcode=sw x22=0x80000fa1
000000158 RUNTIME_ONLY neutral retire case=00025 pc=0x80000f40 opcode=beq x23=0x80000fde
000000159 RUNTIME_ONLY neutral retire case=00025 pc=0x80000f44 opcode=csrrw x24=0x80000fdb
000000160 RUNTIME_ONLY neutral retire case=00025 pc=0x80000f48 opcode=xor x25=0x80000fe8
000000161 RUNTIME_ONLY neutral retire case=00025 pc=0x80000f4c opcode=addi x26=0x80000fed
000000162 RUNTIME_ONLY neutral retire case=00025 pc=0x80000f50 opcode=lw x27=0x80000ff2
000000163 RUNTIME_ONLY neutral retire case=00025 pc=0x80000f54 opcode=sw x28=0x80000ff7
000000164 RUNTIME_ONLY neutral retire case=00025 pc=0x80000f58 opcode=beq x29=0x80000ffc
000000165 RUNTIME_ONLY neutral retire case=00025 pc=0x80000f5c opcode=csrrw x30=0x80000ff9
000000166 RUNTIME_ONLY neutral retire case=00025 pc=0x80000f60 opcode=xor x31=0x80000fc6
000000167 RUNTIME_ONLY neutral retire case=00025 pc=0x80000f64 opcode=addi x0=0x80000fc3
000000168 RUNTIME_ONLY neutral retire case=00025 pc=0x80000f68 opcode=lw x1=0x80000fc0
000000169 RUNTIME_ONLY neutral retire case=00025 pc=0x80000f6c opcode=sw x2=0x80000fc5
000000170 RUNTIME_ONLY neutral retire case=00025 pc=0x80000f70 opcode=beq x3=0x80000fda
000000171 RUNTIME_ONLY neutral retire case=00025 pc=0x80000f74 opcode=csrrw x4=0x80000fdf
000000172 RUNTIME_ONLY neutral retire case=00025 pc=0x80000f78 opcode=xor x5=0x80000fd4
000000173 RUNTIME_ONLY neutral retire case=00025 pc=0x80000f7c opcode=addi x6=0x80000fd1
000000174 RUNTIME_ONLY neutral retire case=00025 pc=0x80000f80 opcode=lw x7=0x80000f2e
000000175 RUNTIME_ONLY neutral retire case=00025 pc=0x80000f84 opcode=sw x8=0x80000f2b
000000176 RUNTIME_ONLY neutral retire case=00025 pc=0x80000f88 opcode=beq x9=0x80000f38
000000177 RUNTIME_ONLY neutral retire case=00025 pc=0x80000f8c opcode=csrrw x10=0x80000f3d
000000178 RUNTIME_ONLY neutral retire case=00025 pc=0x80000f90 opcode=xor x11=0x80000f22
000000179 RUNTIME_ONLY neutral retire case=00025 pc=0x80000f94 opcode=addi x12=0x80000f27
000000180 RUNTIME_ONLY neutral retire case=00025 pc=0x80000f98 opcode=lw x13=0x80000f2c
000000181 RUNTIME_ONLY neutral retire case=00025 pc=0x80000f9c opcode=sw x14=0x80000f29
000000182 RUNTIME_ONLY neutral retire case=00025 pc=0x80000fa0 opcode=beq x15=0x80000f16
000000183 RUNTIME_ONLY neutral retire case=00025 pc=0x80000fa4 opcode=csrrw x16=0x80000f13
000000184 RUNTIME_ONLY neutral retire case=00025 pc=0x80000fa8 opcode=xor x17=0x80000f10
000000185 RUNTIME_ONLY neutral retire case=00025 pc=0x80000fac opcode=addi x18=0x80000f15
000000186 RUNTIME_ONLY neutral retire case=00025 pc=0x80000fb0 opcode=lw x19=0x80000f0a
000000187 RUNTIME_ONLY neutral retire case=00025 pc=0x80000fb4 opcode=sw x20=0x80000f0f
000000188 RUNTIME_ONLY neutral retire case=00025 pc=0x80000fb8 opcode=beq x21=0x80000f04
000000189 RUNTIME_ONLY neutral retire case=00025 pc=0x80000fbc opcode=csrrw x22=0x80000f01
000000190 RUNTIME_ONLY neutral retire case=00025 pc=0x80000fc0 opcode=xor x23=0x80000f7e
000000191 RUNTIME_ONLY neutral retire case=00025 pc=0x80000fc4 opcode=addi x24=0x80000f7b
000000192 RUNTIME_ONLY neutral retire case=00025 pc=0x80000fc8 opcode=lw x25=0x80000f08
000000193 RUNTIME_ONLY neutral retire case=00025 pc=0x80000fcc opcode=sw x26=0x80000f0d
000000194 RUNTIME_ONLY neutral retire case=00025 pc=0x80000fd0 opcode=beq x27=0x80000f12
000000195 RUNTIME_ONLY neutral retire case=00025 pc=0x80000fd4 opcode=csrrw x28=0x80000f17
000000196 RUNTIME_ONLY neutral retire case=00025 pc=0x80000fd8 opcode=xor x29=0x80000f1c
000000197 RUNTIME_ONLY neutral retire case=00025 pc=0x80000fdc opcode=addi x30=0x80000f19
000000198 RUNTIME_ONLY neutral retire case=00025 pc=0x80000fe0 opcode=lw x31=0x80000f26
000000199 RUNTIME_ONLY neutral retire case=00025 pc=0x80000fe4 opcode=sw x0=0x80000f23
000000200 RUNTIME_ONLY neutral retire case=00025 pc=0x80000fe8 opcode=beq x1=0x80000f20
000000201 RUNTIME_ONLY neutral retire case=00025 pc=0x80000fec opcode=csrrw x2=0x80000f25
000000202 RUNTIME_ONLY neutral retire case=00025 pc=0x80000ff0 opcode=xor x3=0x80000f3a
000000203 RUNTIME_ONLY neutral retire case=00025 pc=0x80000ff4 opcode=addi x4=0x80000f3f
000000204 RUNTIME_ONLY neutral retire case=00025 pc=0x80000ff8 opcode=lw x5=0x80000f34
000000205 RUNTIME_ONLY neutral retire case=00025 pc=0x80000ffc opcode=sw x6=0x80000f31
000000206 RUNTIME_ONLY neutral retire case=00025 pc=0x80001000 opcode=beq x7=0x800010ce
000000207 RUNTIME_ONLY neutral retire case=00025 pc=0x80001004 opcode=csrrw x8=0x800010cb
000000208 RUNTIME_ONLY neutral retire case=00025 pc=0x80001008 opcode=xor x9=0x800010d8
000000209 RUNTIME_ONLY neutral retire case=00025 pc=0x8000100c opcode=addi x10=0x800010dd
000000210 RUNTIME_ONLY neutral retire case=00025 pc=0x80001010 opcode=lw x11=0x800010c2
000000211 RUNTIME_ONLY neutral retire case=00025 pc=0x80001014 opcode=sw x12=0x800010c7
000000212 RUNTIME_ONLY neutral retire case=00025 pc=0x80001018 opcode=beq x13=0x800010cc
000000213 RUNTIME_ONLY neutral retire case=00025 pc=0x8000101c opcode=csrrw x14=0x800010c9
000000214 RUNTIME_ONLY neutral retire case=00025 pc=0x80001020 opcode=xor x15=0x800010f6
000000215 RUNTIME_ONLY neutral retire case=00025 pc=0x80001024 opcode=addi x16=0x800010f3
000000216 RUNTIME_ONLY neutral retire case=00025 pc=0x80001028 opcode=lw x17=0x800010f0
000000217 RUNTIME_ONLY neutral retire case=00025 pc=0x8000102c opcode=sw x18=0x800010f5
000000218 RUNTIME_ONLY neutral retire case=00025 pc=0x80001030 opcode=beq x19=0x800010ea
000000219 RUNTIME_ONLY neutral retire case=00025 pc=0x80001034 opcode=csrrw x20=0x800010ef
000000220 RUNTIME_ONLY neutral retire case=00025 pc=0x80001038 opcode=xor x21=0x800010e4
000000221 RUNTIME_ONLY neutral retire case=00025 pc=0x8000103c opcode=addi x22=0x800010e1
000000222 RUNTIME_ONLY neutral retire case=00025 pc=0x80001040 opcode=lw x23=0x8000109e
000000223 RUNTIME_ONLY neutral retire case=00025 pc=0x80001044 opcode=sw x24=0x8000109b
000000224 RUNTIME_ONLY neutral retire case=00025 pc=0x80001048 opcode=beq x25=0x800010a8
000000225 RUNTIME_ONLY neutral retire case=00025 pc=0x8000104c opcode=csrrw x26=0x800010ad
000000226 RUNTIME_ONLY neutral retire case=00025 pc=0x80001050 opcode=xor x27=0x800010b2
000000227 RUNTIME_ONLY neutral retire case=00025 pc=0x80001054 opcode=addi x28=0x800010b7
000000228 RUNTIME_ONLY neutral retire case=00025 pc=0x80001058 opcode=lw x29=0x800010bc
000000229 RUNTIME_ONLY neutral retire case=00025 pc=0x8000105c opcode=sw x30=0x800010b9
000000230 RUNTIME_ONLY neutral retire case=00025 pc=0x80001060 opcode=beq x31=0x80001086
000000231 RUNTIME_ONLY neutral retire case=00025 pc=0x80001064 opcode=csrrw x0=0x80001083
000000232 RUNTIME_ONLY neutral retire case=00025 pc=0x80001068 opcode=xor x1=0x80001080
000000233 RUNTIME_ONLY neutral retire case=00025 pc=0x8000106c opcode=addi x2=0x80001085
000000234 RUNTIME_ONLY neutral retire case=00025 pc=0x80001070 opcode=lw x3=0x8000109a
000000235 RUNTIME_ONLY neutral retire case=00025 pc=0x80001074 opcode=sw x4=0x8000109f
000000236 RUNTIME_ONLY neutral retire case=00025 pc=0x80001078 opcode=beq x5=0x80001094
000000237 RUNTIME_ONLY neutral retire case=00025 pc=0x8000107c opcode=csrrw x6=0x80001091
000000238 RUNTIME_ONLY neutral retire case=00025 pc=0x80001080 opcode=xor x7=0x8000106e
000000239 RUNTIME_ONLY neutral retire case=00025 pc=0x80001084 opcode=addi x8=0x8000106b
000000240 RUNTIME_ONLY neutral retire case=00025 pc=0x80001088 opcode=lw x9=0x80001078
000000241 RUNTIME_ONLY neutral retire case=00025 pc=0x8000108c opcode=sw x10=0x8000107d
000000242 RUNTIME_ONLY neutral retire case=00025 pc=0x80001090 opcode=beq x11=0x80001062
000000243 RUNTIME_ONLY neutral retire case=00025 pc=0x80001094 opcode=csrrw x12=0x80001067
000000244 RUNTIME_ONLY neutral retire case=00025 pc=0x80001098 opcode=xor x13=0x8000106c
000000245 RUNTIME_ONLY neutral retire case=00025 pc=0x8000109c opcode=addi x14=0x80001069
000000246 RUNTIME_ONLY neutral retire case=00025 pc=0x800010a0 opcode=lw x15=0x80001056
000000247 RUNTIME_ONLY neutral retire case=00025 pc=0x800010a4 opcode=sw x16=0x80001053
000000248 RUNTIME_ONLY neutral retire case=00025 pc=0x800010a8 opcode=beq x17=0x80001050
000000249 RUNTIME_ONLY neutral retire case=00025 pc=0x800010ac opcode=csrrw x18=0x80001055
000000250 RUNTIME_ONLY neutral retire case=00025 pc=0x800010b0 opcode=xor x19=0x8000104a
000000251 RUNTIME_ONLY neutral retire case=00025 pc=0x800010b4 opcode=addi x20=0x8000104f
000000252 RUNTIME_ONLY neutral retire case=00025 pc=0x800010b8 opcode=lw x21=0x80001044
000000253 RUNTIME_ONLY neutral retire case=00025 pc=0x800010bc opcode=sw x22=0x80001041
000000254 RUNTIME_ONLY neutral retire case=00025 pc=0x800010c0 opcode=beq x23=0x8000103e
000000255 RUNTIME_ONLY neutral retire case=00025 pc=0x800010c4 opcode=csrrw x24=0x8000103b
000000256 RUNTIME_ONLY neutral retire case=00025 pc=0x800010c8 opcode=xor x25=0x800011c8
000000257 RUNTIME_ONLY neutral retire case=00025 pc=0x800010cc opcode=addi x26=0x800011cd
000000258 RUNTIME_ONLY neutral retire case=00025 pc=0x800010d0 opcode=lw x27=0x800011d2
000000259 RUNTIME_ONLY neutral retire case=00025 pc=0x800010d4 opcode=sw x28=0x800011d7
000000260 RUNTIME_ONLY neutral retire case=00025 pc=0x800010d8 opcode=beq x29=0x800011dc
000000261 RUNTIME_ONLY neutral retire case=00025 pc=0x800010dc opcode=csrrw x30=0x800011d9
000000262 RUNTIME_ONLY neutral retire case=00025 pc=0x800010e0 opcode=xor x31=0x800011e6
000000263 RUNTIME_ONLY neutral retire case=00025 pc=0x800010e4 opcode=addi x0=0x800011e3
000000264 RUNTIME_ONLY neutral retire case=00025 pc=0x800010e8 opcode=lw x1=0x800011e0
000000265 RUNTIME_ONLY neutral retire case=00025 pc=0x800010ec opcode=sw x2=0x800011e5
000000266 RUNTIME_ONLY neutral retire case=00025 pc=0x800010f0 opcode=beq x3=0x800011fa
000000267 RUNTIME_ONLY neutral retire case=00025 pc=0x800010f4 opcode=csrrw x4=0x800011ff
000000268 RUNTIME_ONLY neutral retire case=00025 pc=0x800010f8 opcode=xor x5=0x800011f4
000000269 RUNTIME_ONLY neutral retire case=00025 pc=0x800010fc opcode=addi x6=0x800011f1
000000270 RUNTIME_ONLY neutral retire case=00025 pc=0x80001100 opcode=lw x7=0x8000100e
000000271 RUNTIME_ONLY neutral retire case=00025 pc=0x80001104 opcode=sw x8=0x8000100b
000000272 RUNTIME_ONLY neutral retire case=00025 pc=0x80001108 opcode=beq x9=0x80001018
000000273 RUNTIME_ONLY neutral retire case=00025 pc=0x8000110c opcode=csrrw x10=0x8000101d
000000274 RUNTIME_ONLY neutral retire case=00025 pc=0x80001110 opcode=xor x11=0x80001002
000000275 RUNTIME_ONLY neutral retire case=00025 pc=0x80001114 opcode=addi x12=0x80001007
000000276 RUNTIME_ONLY neutral retire case=00025 pc=0x80001118 opcode=lw x13=0x8000100c
000000277 RUNTIME_ONLY neutral retire case=00025 pc=0x8000111c opcode=sw x14=0x80001009
000000278 RUNTIME_ONLY neutral retire case=00025 pc=0x80001120 opcode=beq x15=0x80001036
000000279 RUNTIME_ONLY neutral retire case=00025 pc=0x80001124 opcode=csrrw x16=0x80001033
000000280 RUNTIME_ONLY neutral retire case=00025 pc=0x80001128 opcode=xor x17=0x80001030
000000281 RUNTIME_ONLY neutral retire case=00025 pc=0x8000112c opcode=addi x18=0x80001035
000000282 RUNTIME_ONLY neutral retire case=00025 pc=0x80001130 opcode=lw x19=0x8000102a
000000283 RUNTIME_ONLY neutral retire case=00025 pc=0x80001134 opcode=sw x20=0x8000102f
000000284 RUNTIME_ONLY neutral retire case=00025 pc=0x80001138 opcode=beq x21=0x80001024
000000285 RUNTIME_ONLY neutral retire case=00025 pc=0x8000113c opcode=csrrw x22=0x80001021
000000286 RUNTIME_ONLY neutral retire case=00025 pc=0x80001140 opcode=xor x23=0x8000105e
000000287 RUNTIME_ONLY neutral retire case=00025 pc=0x80001144 opcode=addi x24=0x8000105b
000000288 RUNTIME_ONLY neutral retire case=00025 pc=0x80001148 opcode=lw x25=0x80001068
000000289 RUNTIME_ONLY neutral retire case=00025 pc=0x8000114c opcode=sw x26=0x8000106d
000000290 RUNTIME_ONLY neutral retire case=00025 pc=0x80001150 opcode=beq x27=0x80001072
000000291 RUNTIME_ONLY neutral retire case=00025 pc=0x80001154 opcode=csrrw x28=0x80001077
000000292 RUNTIME_ONLY neutral retire case=00025 pc=0x80001158 opcode=xor x29=0x8000107c
000000293 RUNTIME_ONLY neutral retire case=00025 pc=0x8000115c opcode=addi x30=0x80001079
000000294 RUNTIME_ONLY neutral retire case=00025 pc=0x80001160 opcode=lw x31=0x80001046
000000295 RUNTIME_ONLY neutral retire case=00025 pc=0x80001164 opcode=sw x0=0x80001043
000000296 RUNTIME_ONLY neutral retire case=00025 pc=0x80001168 opcode=beq x1=0x80001040
000000297 RUNTIME_ONLY neutral retire case=00025 pc=0x8000116c opcode=csrrw x2=0x80001045
000000298 RUNTIME_ONLY neutral retire case=00025 pc=0x80001170 opcode=xor x3=0x8000105a
000000299 RUNTIME_ONLY neutral retire case=00025 pc=0x80001174 opcode=addi x4=0x8000105f
000000300 RUNTIME_ONLY neutral retire case=00025 pc=0x80001178 opcode=lw x5=0x80001054
000000301 RUNTIME_ONLY neutral retire case=00025 pc=0x8000117c opcode=sw x6=0x80001051
000000302 RUNTIME_ONLY neutral retire case=00025 pc=0x80001180 opcode=beq x7=0x800010ae
000000303 RUNTIME_ONLY neutral retire case=00025 pc=0x80001184 opcode=csrrw x8=0x800010ab
000000304 RUNTIME_ONLY neutral retire case=00025 pc=0x80001188 opcode=xor x9=0x800010b8
000000305 RUNTIME_ONLY neutral retire case=00025 pc=0x8000118c opcode=addi x10=0x800010bd
000000306 RUNTIME_ONLY neutral retire case=00025 pc=0x80001190 opcode=lw x11=0x800010a2
000000307 RUNTIME_ONLY neutral retire case=00025 pc=0x80001194 opcode=sw x12=0x800010a7
000000308 RUNTIME_ONLY neutral retire case=00025 pc=0x80001198 opcode=beq x13=0x800010ac
000000309 RUNTIME_ONLY neutral retire case=00025 pc=0x8000119c opcode=csrrw x14=0x800010a9
000000310 RUNTIME_ONLY neutral retire case=00025 pc=0x800011a0 opcode=xor x15=0x80001096
000000311 RUNTIME_ONLY neutral retire case=00025 pc=0x800011a4 opcode=addi x16=0x80001093
000000312 RUNTIME_ONLY neutral retire case=00025 pc=0x800011a8 opcode=lw x17=0x80001090
000000313 RUNTIME_ONLY neutral retire case=00025 pc=0x800011ac opcode=sw x18=0x80001095
000000314 RUNTIME_ONLY neutral retire case=00025 pc=0x800011b0 opcode=beq x19=0x8000108a
000000315 RUNTIME_ONLY neutral retire case=00025 pc=0x800011b4 opcode=csrrw x20=0x8000108f
000000316 RUNTIME_ONLY neutral retire case=00025 pc=0x800011b8 opcode=xor x21=0x80001084
000000317 RUNTIME_ONLY neutral retire case=00025 pc=0x800011bc opcode=addi x22=0x80001081
000000318 RUNTIME_ONLY neutral retire case=00025 pc=0x800011c0 opcode=lw x23=0x800010fe
000000319 RUNTIME_ONLY neutral retire case=00025 pc=0x800011c4 opcode=sw x24=0x800010fb
000000320 RUNTIME_ONLY neutral retire case=00025 pc=0x800011c8 opcode=beq x25=0x80001088
000000321 RUNTIME_ONLY neutral retire case=00025 pc=0x800011cc opcode=csrrw x26=0x8000108d
000000322 RUNTIME_ONLY neutral retire case=00025 pc=0x800011d0 opcode=xor x27=0x80001092
000000323 RUNTIME_ONLY neutral retire case=00025 pc=0x800011d4 opcode=addi x28=0x80001097
000000324 RUNTIME_ONLY neutral retire case=00025 pc=0x800011d8 opcode=lw x29=0x8000109c
000000325 RUNTIME_ONLY neutral retire case=00025 pc=0x800011dc opcode=sw x30=0x80001099
000000326 RUNTIME_ONLY neutral retire case=00025 pc=0x800011e0 opcode=beq x31=0x800010a6
000000327 RUNTIME_ONLY neutral retire case=00025 pc=0x800011e4 opcode=csrrw x0=0x800010a3
000000328 RUNTIME_ONLY neutral retire case=00025 pc=0x800011e8 opcode=xor x1=0x800010a0
000000329 RUNTIME_ONLY neutral retire case=00025 pc=0x800011ec opcode=addi x2=0x800010a5
000000330 RUNTIME_ONLY neutral retire case=00025 pc=0x800011f0 opcode=lw x3=0x800010ba
000000331 RUNTIME_ONLY neutral retire case=00025 pc=0x800011f4 opcode=sw x4=0x800010bf
000000332 RUNTIME_ONLY neutral retire case=00025 pc=0x800011f8 opcode=beq x5=0x800010b4
000000333 RUNTIME_ONLY neutral retire case=00025 pc=0x800011fc opcode=csrrw x6=0x800010b1
000000334 RUNTIME_ONLY neutral retire case=00025 pc=0x80001200 opcode=xor x7=0x8000134e
000000335 RUNTIME_ONLY neutral retire case=00025 pc=0x80001204 opcode=addi x8=0x8000134b
000000336 RUNTIME_ONLY neutral retire case=00025 pc=0x80001208 opcode=lw x9=0x80001358
000000337 RUNTIME_ONLY neutral retire case=00025 pc=0x8000120c opcode=sw x10=0x8000135d
000000338 RUNTIME_ONLY neutral retire case=00025 pc=0x80001210 opcode=beq x11=0x80001342
000000339 RUNTIME_ONLY neutral retire case=00025 pc=0x80001214 opcode=csrrw x12=0x80001347
000000340 RUNTIME_ONLY neutral retire case=00025 pc=0x80001218 opcode=xor x13=0x8000134c
000000341 RUNTIME_ONLY neutral retire case=00025 pc=0x8000121c opcode=addi x14=0x80001349
000000342 RUNTIME_ONLY neutral retire case=00025 pc=0x80001220 opcode=lw x15=0x80001376
000000343 RUNTIME_ONLY neutral retire case=00025 pc=0x80001224 opcode=sw x16=0x80001373
000000344 RUNTIME_ONLY neutral retire case=00025 pc=0x80001228 opcode=beq x17=0x80001370
000000345 RUNTIME_ONLY neutral retire case=00025 pc=0x8000122c opcode=csrrw x18=0x80001375
000000346 RUNTIME_ONLY neutral retire case=00025 pc=0x80001230 opcode=xor x19=0x8000136a
000000347 RUNTIME_ONLY neutral retire case=00025 pc=0x80001234 opcode=addi x20=0x8000136f
000000348 RUNTIME_ONLY neutral retire case=00025 pc=0x80001238 opcode=lw x21=0x80001364
000000349 RUNTIME_ONLY neutral retire case=00025 pc=0x8000123c opcode=sw x22=0x80001361
000000350 RUNTIME_ONLY neutral retire case=00025 pc=0x80001240 opcode=beq x23=0x8000131e
000000351 RUNTIME_ONLY neutral retire case=00025 pc=0x80001244 opcode=csrrw x24=0x8000131b
000000352 RUNTIME_ONLY neutral retire case=00025 pc=0x80001248 opcode=xor x25=0x80001328
000000353 RUNTIME_ONLY neutral retire case=00025 pc=0x8000124c opcode=addi x26=0x8000132d
000000354 RUNTIME_ONLY neutral retire case=00025 pc=0x80001250 opcode=lw x27=0x80001332
000000355 RUNTIME_ONLY neutral retire case=00025 pc=0x80001254 opcode=sw x28=0x80001337
000000356 RUNTIME_ONLY neutral retire case=00025 pc=0x80001258 opcode=beq x29=0x8000133c
000000357 RUNTIME_ONLY neutral retire case=00025 pc=0x8000125c opcode=csrrw x30=0x80001339
000000358 RUNTIME_ONLY neutral retire case=00025 pc=0x80001260 opcode=xor x31=0x80001306
000000359 RUNTIME_ONLY neutral retire case=00025 pc=0x80001264 opcode=addi x0=0x80001303
000000360 RUNTIME_ONLY neutral retire case=00025 pc=0x80001268 opcode=lw x1=0x80001300
000000361 RUNTIME_ONLY neutral retire case=00025 pc=0x8000126c opcode=sw x2=0x80001305
000000362 RUNTIME_ONLY neutral retire case=00025 pc=0x80001270 opcode=beq x3=0x8000131a
000000363 RUNTIME_ONLY neutral retire case=00025 pc=0x80001274 opcode=csrrw x4=0x8000131f
000000364 RUNTIME_ONLY neutral retire case=00025 pc=0x80001278 opcode=xor x5=0x80001314
000000365 RUNTIME_ONLY neutral retire case=00025 pc=0x8000127c opcode=addi x6=0x80001311
000000366 RUNTIME_ONLY neutral retire case=00025 pc=0x80001280 opcode=lw x7=0x800013ee
000000367 RUNTIME_ONLY neutral retire case=00025 pc=0x80001284 opcode=sw x8=0x800013eb
000000368 RUNTIME_ONLY neutral retire case=00025 pc=0x80001288 opcode=beq x9=0x800013f8
000000369 RUNTIME_ONLY neutral retire case=00025 pc=0x8000128c opcode=csrrw x10=0x800013fd
000000370 RUNTIME_ONLY neutral retire case=00025 pc=0x80001290 opcode=xor x11=0x800013e2
000000371 RUNTIME_ONLY neutral retire case=00025 pc=0x80001294 opcode=addi x12=0x800013e7
000000372 RUNTIME_ONLY neutral retire case=00025 pc=0x80001298 opcode=lw x13=0x800013ec
000000373 RUNTIME_ONLY neutral retire case=00025 pc=0x8000129c opcode=sw x14=0x800013e9
000000374 RUNTIME_ONLY neutral retire case=00025 pc=0x800012a0 opcode=beq x15=0x800013d6
000000375 RUNTIME_ONLY neutral retire case=00025 pc=0x800012a4 opcode=csrrw x16=0x800013d3
000000376 RUNTIME_ONLY neutral retire case=00025 pc=0x800012a8 opcode=xor x17=0x800013d0
000000377 RUNTIME_ONLY neutral retire case=00025 pc=0x800012ac opcode=addi x18=0x800013d5
000000378 RUNTIME_ONLY neutral retire case=00025 pc=0x800012b0 opcode=lw x19=0x800013ca
000000379 RUNTIME_ONLY neutral retire case=00025 pc=0x800012b4 opcode=sw x20=0x800013cf
000000380 RUNTIME_ONLY neutral retire case=00025 pc=0x800012b8 opcode=beq x21=0x800013c4
000000381 RUNTIME_ONLY neutral retire case=00025 pc=0x800012bc opcode=csrrw x22=0x800013c1
000000382 RUNTIME_ONLY neutral retire case=00025 pc=0x800012c0 opcode=xor x23=0x800013be
000000383 RUNTIME_ONLY neutral retire case=00025 pc=0x800012c4 opcode=addi x24=0x800013bb
000000384 RUNTIME_ONLY neutral retire case=00025 pc=0x800012c8 opcode=lw x25=0x80001348
000000385 RUNTIME_ONLY neutral retire case=00025 pc=0x800012cc opcode=sw x26=0x8000134d
000000386 RUNTIME_ONLY neutral retire case=00025 pc=0x800012d0 opcode=beq x27=0x80001352
000000387 RUNTIME_ONLY neutral retire case=00025 pc=0x800012d4 opcode=csrrw x28=0x80001357
000000388 RUNTIME_ONLY neutral retire case=00025 pc=0x800012d8 opcode=xor x29=0x8000135c
000000389 RUNTIME_ONLY neutral retire case=00025 pc=0x800012dc opcode=addi x30=0x80001359
000000390 RUNTIME_ONLY neutral retire case=00025 pc=0x800012e0 opcode=lw x31=0x80001366
000000391 RUNTIME_ONLY neutral retire case=00025 pc=0x800012e4 opcode=sw x0=0x80001363
000000392 RUNTIME_ONLY neutral retire case=00025 pc=0x800012e8 opcode=beq x1=0x80001360
000000393 RUNTIME_ONLY neutral retire case=00025 pc=0x800012ec opcode=csrrw x2=0x80001365
000000394 RUNTIME_ONLY neutral retire case=00025 pc=0x800012f0 opcode=xor x3=0x8000137a
000000395 RUNTIME_ONLY neutral retire case=00025 pc=0x800012f4 opcode=addi x4=0x8000137f
000000396 RUNTIME_ONLY neutral retire case=00025 pc=0x800012f8 opcode=lw x5=0x80001374
000000397 RUNTIME_ONLY neutral retire case=00025 pc=0x800012fc opcode=sw x6=0x80001371
000000398 RUNTIME_ONLY neutral retire case=00025 pc=0x80001300 opcode=beq x7=0x8000128e
000000399 RUNTIME_ONLY neutral retire case=00025 pc=0x80001304 opcode=csrrw x8=0x8000128b
000000400 RUNTIME_ONLY neutral retire case=00025 pc=0x80001308 opcode=xor x9=0x80001298
000000401 RUNTIME_ONLY neutral retire case=00025 pc=0x8000130c opcode=addi x10=0x8000129d
000000402 RUNTIME_ONLY neutral retire case=00025 pc=0x80001310 opcode=lw x11=0x80001282
000000403 RUNTIME_ONLY neutral retire case=00025 pc=0x80001314 opcode=sw x12=0x80001287
000000404 RUNTIME_ONLY neutral retire case=00025 pc=0x80001318 opcode=beq x13=0x8000128c
000000405 RUNTIME_ONLY neutral retire case=00025 pc=0x8000131c opcode=csrrw x14=0x80001289
000000406 RUNTIME_ONLY neutral retire case=00025 pc=0x80001320 opcode=xor x15=0x800012b6
000000407 RUNTIME_ONLY neutral retire case=00025 pc=0x80001324 opcode=addi x16=0x800012b3
000000408 RUNTIME_ONLY neutral retire case=00025 pc=0x80001328 opcode=lw x17=0x800012b0
000000409 RUNTIME_ONLY neutral retire case=00025 pc=0x8000132c opcode=sw x18=0x800012b5
000000410 RUNTIME_ONLY neutral retire case=00025 pc=0x80001330 opcode=beq x19=0x800012aa
000000411 RUNTIME_ONLY neutral retire case=00025 pc=0x80001334 opcode=csrrw x20=0x800012af
000000412 RUNTIME_ONLY neutral retire case=00025 pc=0x80001338 opcode=xor x21=0x800012a4
000000413 RUNTIME_ONLY neutral retire case=00025 pc=0x8000133c opcode=addi x22=0x800012a1
000000414 RUNTIME_ONLY neutral retire case=00025 pc=0x80001340 opcode=lw x23=0x800012de
000000415 RUNTIME_ONLY neutral retire case=00025 pc=0x80001344 opcode=sw x24=0x800012db
000000416 RUNTIME_ONLY neutral retire case=00025 pc=0x80001348 opcode=beq x25=0x800012e8
000000417 RUNTIME_ONLY neutral retire case=00025 pc=0x8000134c opcode=csrrw x26=0x800012ed
000000418 RUNTIME_ONLY neutral retire case=00025 pc=0x80001350 opcode=xor x27=0x800012f2
000000419 RUNTIME_ONLY neutral retire case=00025 pc=0x80001354 opcode=addi x28=0x800012f7
000000420 RUNTIME_ONLY neutral retire case=00025 pc=0x80001358 opcode=lw x29=0x800012fc
000000421 RUNTIME_ONLY neutral retire case=00025 pc=0x8000135c opcode=sw x30=0x800012f9
000000422 RUNTIME_ONLY neutral retire case=00025 pc=0x80001360 opcode=beq x31=0x800012c6
000000423 RUNTIME_ONLY neutral retire case=00025 pc=0x80001364 opcode=csrrw x0=0x800012c3
000000424 RUNTIME_ONLY neutral retire case=00025 pc=0x80001368 opcode=xor x1=0x800012c0
000000425 RUNTIME_ONLY neutral retire case=00025 pc=0x8000136c opcode=addi x2=0x800012c5
000000426 RUNTIME_ONLY neutral retire case=00025 pc=0x80001370 opcode=lw x3=0x800012da
000000427 RUNTIME_ONLY neutral retire case=00025 pc=0x80001374 opcode=sw x4=0x800012df
000000428 RUNTIME_ONLY neutral retire case=00025 pc=0x80001378 opcode=beq x5=0x800012d4
000000429 RUNTIME_ONLY neutral retire case=00025 pc=0x8000137c opcode=csrrw x6=0x800012d1
000000430 RUNTIME_ONLY neutral retire case=00025 pc=0x80001380 opcode=xor x7=0x8000122e
000000431 RUNTIME_ONLY neutral retire case=00025 pc=0x80001384 opcode=addi x8=0x8000122b
000000432 RUNTIME_ONLY neutral retire case=00025 pc=0x80001388 opcode=lw x9=0x80001238
000000433 RUNTIME_ONLY neutral retire case=00025 pc=0x8000138c opcode=sw x10=0x8000123d
000000434 RUNTIME_ONLY neutral retire case=00025 pc=0x80001390 opcode=beq x11=0x80001222
000000435 RUNTIME_ONLY neutral retire case=00025 pc=0x80001394 opcode=csrrw x12=0x80001227
000000436 RUNTIME_ONLY neutral retire case=00025 pc=0x80001398 opcode=xor x13=0x8000122c
000000437 RUNTIME_ONLY neutral retire case=00025 pc=0x8000139c opcode=addi x14=0x80001229
000000438 RUNTIME_ONLY neutral retire case=00025 pc=0x800013a0 opcode=lw x15=0x80001216
000000439 RUNTIME_ONLY neutral retire case=00025 pc=0x800013a4 opcode=sw x16=0x80001213
000000440 RUNTIME_ONLY neutral retire case=00025 pc=0x800013a8 opcode=beq x17=0x80001210
000000441 RUNTIME_ONLY neutral retire case=00025 pc=0x800013ac opcode=csrrw x18=0x80001215
000000442 RUNTIME_ONLY neutral retire case=00025 pc=0x800013b0 opcode=xor x19=0x8000120a
000000443 RUNTIME_ONLY neutral retire case=00025 pc=0x800013b4 opcode=addi x20=0x8000120f
000000444 RUNTIME_ONLY neutral retire case=00025 pc=0x800013b8 opcode=lw x21=0x80001204
000000445 RUNTIME_ONLY neutral retire case=00025 pc=0x800013bc opcode=sw x22=0x80001201
000000446 RUNTIME_ONLY neutral retire case=00025 pc=0x800013c0 opcode=beq x23=0x8000127e
000000447 RUNTIME_ONLY neutral retire case=00025 pc=0x800013c4 opcode=csrrw x24=0x8000127b
000000448 RUNTIME_ONLY neutral retire case=00025 pc=0x800013c8 opcode=xor x25=0x80001208
000000449 RUNTIME_ONLY neutral retire case=00025 pc=0x800013cc opcode=addi x26=0x8000120d
000000450 RUNTIME_ONLY neutral retire case=00025 pc=0x800013d0 opcode=lw x27=0x80001212
000000451 RUNTIME_ONLY neutral retire case=00025 pc=0x800013d4 opcode=sw x28=0x80001217
000000452 RUNTIME_ONLY neutral retire case=00025 pc=0x800013d8 opcode=beq x29=0x8000121c
000000453 RUNTIME_ONLY neutral retire case=00025 pc=0x800013dc opcode=csrrw x30=0x80001219
000000454 RUNTIME_ONLY neutral retire case=00025 pc=0x800013e0 opcode=xor x31=0x80001226
000000455 RUNTIME_ONLY neutral retire case=00025 pc=0x800013e4 opcode=addi x0=0x80001223
000000456 RUNTIME_ONLY neutral retire case=00025 pc=0x800013e8 opcode=lw x1=0x80001220
000000457 RUNTIME_ONLY neutral retire case=00025 pc=0x800013ec opcode=sw x2=0x80001225
000000458 RUNTIME_ONLY neutral retire case=00025 pc=0x800013f0 opcode=beq x3=0x8000123a
000000459 RUNTIME_ONLY neutral retire case=00025 pc=0x800013f4 opcode=csrrw x4=0x8000123f
000000460 RUNTIME_ONLY neutral retire case=00025 pc=0x800013f8 opcode=xor x5=0x80001234
000000461 RUNTIME_ONLY neutral retire case=00025 pc=0x800013fc opcode=addi x6=0x80001231
000000462 RUNTIME_ONLY neutral retire case=00025 pc=0x80001400 opcode=lw x7=0x800015ce
000000463 RUNTIME_ONLY neutral retire case=00025 pc=0x80001404 opcode=sw x8=0x800015cb
000000464 RUNTIME_ONLY neutral retire case=00025 pc=0x80001408 opcode=beq x9=0x800015d8
000000465 RUNTIME_ONLY neutral retire case=00025 pc=0x8000140c opcode=csrrw x10=0x800015dd
000000466 RUNTIME_ONLY neutral retire case=00025 pc=0x80001410 opcode=xor x11=0x800015c2
000000467 RUNTIME_ONLY neutral retire case=00025 pc=0x80001414 opcode=addi x12=0x800015c7
000000468 RUNTIME_ONLY neutral retire case=00025 pc=0x80001418 opcode=lw x13=0x800015cc
000000469 RUNTIME_ONLY neutral retire case=00025 pc=0x8000141c opcode=sw x14=0x800015c9
000000470 RUNTIME_ONLY neutral retire case=00025 pc=0x80001420 opcode=beq x15=0x800015f6
000000471 RUNTIME_ONLY neutral retire case=00025 pc=0x80001424 opcode=csrrw x16=0x800015f3
000000472 RUNTIME_ONLY neutral retire case=00025 pc=0x80001428 opcode=xor x17=0x800015f0
000000473 RUNTIME_ONLY neutral retire case=00025 pc=0x8000142c opcode=addi x18=0x800015f5
000000474 RUNTIME_ONLY neutral retire case=00025 pc=0x80001430 opcode=lw x19=0x800015ea
000000475 RUNTIME_ONLY neutral retire case=00025 pc=0x80001434 opcode=sw x20=0x800015ef
000000476 RUNTIME_ONLY neutral retire case=00025 pc=0x80001438 opcode=beq x21=0x800015e4
000000477 RUNTIME_ONLY neutral retire case=00025 pc=0x8000143c opcode=csrrw x22=0x800015e1
000000478 RUNTIME_ONLY neutral retire case=00025 pc=0x80001440 opcode=xor x23=0x8000159e
000000479 RUNTIME_ONLY neutral retire case=00025 pc=0x80001444 opcode=addi x24=0x8000159b
000000480 RUNTIME_ONLY neutral retire case=00025 pc=0x80001448 opcode=lw x25=0x800015a8
000000481 RUNTIME_ONLY neutral retire case=00025 pc=0x8000144c opcode=sw x26=0x800015ad
000000482 RUNTIME_ONLY neutral retire case=00025 pc=0x80001450 opcode=beq x27=0x800015b2
000000483 RUNTIME_ONLY neutral retire case=00025 pc=0x80001454 opcode=csrrw x28=0x800015b7
000000484 RUNTIME_ONLY neutral retire case=00025 pc=0x80001458 opcode=xor x29=0x800015bc
000000485 RUNTIME_ONLY neutral retire case=00025 pc=0x8000145c opcode=addi x30=0x800015b9
000000486 RUNTIME_ONLY neutral retire case=00025 pc=0x80001460 opcode=lw x31=0x80001586
000000487 RUNTIME_ONLY neutral retire case=00025 pc=0x80001464 opcode=sw x0=0x80001583
000000488 RUNTIME_ONLY neutral retire case=00025 pc=0x80001468 opcode=beq x1=0x80001580
000000489 RUNTIME_ONLY neutral retire case=00025 pc=0x8000146c opcode=csrrw x2=0x80001585
000000490 RUNTIME_ONLY neutral retire case=00025 pc=0x80001470 opcode=xor x3=0x8000159a
000000491 RUNTIME_ONLY neutral retire case=00025 pc=0x80001474 opcode=addi x4=0x8000159f
000000492 RUNTIME_ONLY neutral retire case=00025 pc=0x80001478 opcode=lw x5=0x80001594
000000493 RUNTIME_ONLY neutral retire case=00025 pc=0x8000147c opcode=sw x6=0x80001591
000000494 RUNTIME_ONLY neutral retire case=00025 pc=0x80001480 opcode=beq x7=0x8000156e
000000495 RUNTIME_ONLY neutral retire case=00025 pc=0x80001484 opcode=csrrw x8=0x8000156b
000000496 RUNTIME_ONLY neutral retire case=00025 pc=0x80001488 opcode=xor x9=0x80001578
000000497 RUNTIME_ONLY neutral retire case=00025 pc=0x8000148c opcode=addi x10=0x8000157d
000000498 RUNTIME_ONLY neutral retire case=00025 pc=0x80001490 opcode=lw x11=0x80001562
000000499 RUNTIME_ONLY neutral retire case=00025 pc=0x80001494 opcode=sw x12=0x80001567
000000500 RUNTIME_ONLY neutral retire case=00025 pc=0x80001498 opcode=beq x13=0x8000156c
000000501 RUNTIME_ONLY neutral retire case=00025 pc=0x8000149c opcode=csrrw x14=0x80001569
000000502 RUNTIME_ONLY neutral retire case=00025 pc=0x800014a0 opcode=xor x15=0x80001556
000000503 RUNTIME_ONLY neutral retire case=00025 pc=0x800014a4 opcode=addi x16=0x80001553
000000504 RUNTIME_ONLY neutral retire case=00025 pc=0x800014a8 opcode=lw x17=0x80001550
000000505 RUNTIME_ONLY neutral retire case=00025 pc=0x800014ac opcode=sw x18=0x80001555
000000506 RUNTIME_ONLY neutral retire case=00025 pc=0x800014b0 opcode=beq x19=0x8000154a
000000507 RUNTIME_ONLY neutral retire case=00025 pc=0x800014b4 opcode=csrrw x20=0x8000154f
000000508 RUNTIME_ONLY neutral retire case=00025 pc=0x800014b8 opcode=xor x21=0x80001544
000000509 RUNTIME_ONLY neutral retire case=00025 pc=0x800014bc opcode=addi x22=0x80001541
000000510 RUNTIME_ONLY neutral retire case=00025 pc=0x800014c0 opcode=lw x23=0x8000153e
000000511 RUNTIME_ONLY neutral retire case=00025 pc=0x800014c4 opcode=sw x24=0x8000153b
000000512 RUNTIME_ONLY neutral retire case=00025 pc=0x800014c8 opcode=beq x25=0x800016c8
000000513 RUNTIME_ONLY neutral retire case=00025 pc=0x800014cc opcode=csrrw x26=0x800016cd
000000514 RUNTIME_ONLY neutral retire case=00025 pc=0x800014d0 opcode=xor x27=0x800016d2
000000515 RUNTIME_ONLY neutral retire case=00025 pc=0x800014d4 opcode=addi x28=0x800016d7
000000516 RUNTIME_ONLY neutral retire case=00025 pc=0x800014d8 opcode=lw x29=0x800016dc
000000517 RUNTIME_ONLY neutral retire case=00025 pc=0x800014dc opcode=sw x30=0x800016d9
000000518 RUNTIME_ONLY neutral retire case=00025 pc=0x800014e0 opcode=beq x31=0x800016e6
000000519 RUNTIME_ONLY neutral retire case=00025 pc=0x800014e4 opcode=csrrw x0=0x800016e3
000000520 RUNTIME_ONLY neutral retire case=00025 pc=0x800014e8 opcode=xor x1=0x800016e0
000000521 RUNTIME_ONLY neutral retire case=00025 pc=0x800014ec opcode=addi x2=0x800016e5
000000522 RUNTIME_ONLY neutral retire case=00025 pc=0x800014f0 opcode=lw x3=0x800016fa
000000523 RUNTIME_ONLY neutral retire case=00025 pc=0x800014f4 opcode=sw x4=0x800016ff
000000524 RUNTIME_ONLY neutral retire case=00025 pc=0x800014f8 opcode=beq x5=0x800016f4
000000525 RUNTIME_ONLY neutral retire case=00025 pc=0x800014fc opcode=csrrw x6=0x800016f1
000000526 RUNTIME_ONLY neutral retire case=00025 pc=0x80001500 opcode=xor x7=0x8000170e
000000527 RUNTIME_ONLY neutral retire case=00025 pc=0x80001504 opcode=addi x8=0x8000170b
000000528 RUNTIME_ONLY neutral retire case=00025 pc=0x80001508 opcode=lw x9=0x80001718
000000529 RUNTIME_ONLY neutral retire case=00025 pc=0x8000150c opcode=sw x10=0x8000171d
000000530 RUNTIME_ONLY neutral retire case=00025 pc=0x80001510 opcode=beq x11=0x80001702
000000531 RUNTIME_ONLY neutral retire case=00025 pc=0x80001514 opcode=csrrw x12=0x80001707
000000532 RUNTIME_ONLY neutral retire case=00025 pc=0x80001518 opcode=xor x13=0x8000170c
000000533 RUNTIME_ONLY neutral retire case=00025 pc=0x8000151c opcode=addi x14=0x80001709
000000534 RUNTIME_ONLY neutral retire case=00025 pc=0x80001520 opcode=lw x15=0x80001736
000000535 RUNTIME_ONLY neutral retire case=00025 pc=0x80001524 opcode=sw x16=0x80001733
000000536 RUNTIME_ONLY neutral retire case=00025 pc=0x80001528 opcode=beq x17=0x80001730
000000537 RUNTIME_ONLY neutral retire case=00025 pc=0x8000152c opcode=csrrw x18=0x80001735
000000538 RUNTIME_ONLY neutral retire case=00025 pc=0x80001530 opcode=xor x19=0x8000172a
000000539 RUNTIME_ONLY neutral retire case=00025 pc=0x80001534 opcode=addi x20=0x8000172f
000000540 RUNTIME_ONLY neutral retire case=00025 pc=0x80001538 opcode=lw x21=0x80001724
000000541 RUNTIME_ONLY neutral retire case=00025 pc=0x8000153c opcode=sw x22=0x80001721
000000542 RUNTIME_ONLY neutral retire case=00025 pc=0x80001540 opcode=beq x23=0x8000175e
000000543 RUNTIME_ONLY neutral retire case=00025 pc=0x80001544 opcode=csrrw x24=0x8000175b
000000544 RUNTIME_ONLY neutral retire case=00025 pc=0x80001548 opcode=xor x25=0x80001768
000000545 RUNTIME_ONLY neutral retire case=00025 pc=0x8000154c opcode=addi x26=0x8000176d
000000546 RUNTIME_ONLY neutral retire case=00025 pc=0x80001550 opcode=lw x27=0x80001772
000000547 RUNTIME_ONLY neutral retire case=00025 pc=0x80001554 opcode=sw x28=0x80001777
000000548 RUNTIME_ONLY neutral retire case=00025 pc=0x80001558 opcode=beq x29=0x8000177c
000000549 RUNTIME_ONLY neutral retire case=00025 pc=0x8000155c opcode=csrrw x30=0x80001779
000000550 RUNTIME_ONLY neutral retire case=00025 pc=0x80001560 opcode=xor x31=0x80001746
000000551 RUNTIME_ONLY neutral retire case=00025 pc=0x80001564 opcode=addi x0=0x80001743
000000552 RUNTIME_ONLY neutral retire case=00025 pc=0x80001568 opcode=lw x1=0x80001740
000000553 RUNTIME_ONLY neutral retire case=00025 pc=0x8000156c opcode=sw x2=0x80001745
000000554 RUNTIME_ONLY neutral retire case=00025 pc=0x80001570 opcode=beq x3=0x8000175a
000000555 RUNTIME_ONLY neutral retire case=00025 pc=0x80001574 opcode=csrrw x4=0x8000175f
000000556 RUNTIME_ONLY neutral retire case=00025 pc=0x80001578 opcode=xor x5=0x80001754
000000557 RUNTIME_ONLY neutral retire case=00025 pc=0x8000157c opcode=addi x6=0x80001751
000000558 RUNTIME_ONLY neutral retire case=00025 pc=0x80001580 opcode=lw x7=0x800017ae
000000559 RUNTIME_ONLY neutral retire case=00025 pc=0x80001584 opcode=sw x8=0x800017ab
000000560 RUNTIME_ONLY neutral retire case=00025 pc=0x80001588 opcode=beq x9=0x800017b8
000000561 RUNTIME_ONLY neutral retire case=00025 pc=0x8000158c opcode=csrrw x10=0x800017bd
000000562 RUNTIME_ONLY neutral retire case=00025 pc=0x80001590 opcode=xor x11=0x800017a2
000000563 RUNTIME_ONLY neutral retire case=00025 pc=0x80001594 opcode=addi x12=0x800017a7
000000564 RUNTIME_ONLY neutral retire case=00025 pc=0x80001598 opcode=lw x13=0x800017ac
000000565 RUNTIME_ONLY neutral retire case=00025 pc=0x8000159c opcode=sw x14=0x800017a9
000000566 RUNTIME_ONLY neutral retire case=00025 pc=0x800015a0 opcode=beq x15=0x80001796
000000567 RUNTIME_ONLY neutral retire case=00025 pc=0x800015a4 opcode=csrrw x16=0x80001793
000000568 RUNTIME_ONLY neutral retire case=00025 pc=0x800015a8 opcode=xor x17=0x80001790
000000569 RUNTIME_ONLY neutral retire case=00025 pc=0x800015ac opcode=addi x18=0x80001795
000000570 RUNTIME_ONLY neutral retire case=00025 pc=0x800015b0 opcode=lw x19=0x8000178a
000000571 RUNTIME_ONLY neutral retire case=00025 pc=0x800015b4 opcode=sw x20=0x8000178f
000000572 RUNTIME_ONLY neutral retire case=00025 pc=0x800015b8 opcode=beq x21=0x80001784
000000573 RUNTIME_ONLY neutral retire case=00025 pc=0x800015bc opcode=csrrw x22=0x80001781
000000574 RUNTIME_ONLY neutral retire case=00025 pc=0x800015c0 opcode=xor x23=0x800017fe
000000575 RUNTIME_ONLY neutral retire case=00025 pc=0x800015c4 opcode=addi x24=0x800017fb
000000576 RUNTIME_ONLY neutral retire case=00025 pc=0x800015c8 opcode=lw x25=0x80001788
000000577 RUNTIME_ONLY neutral retire case=00025 pc=0x800015cc opcode=sw x26=0x8000178d
000000578 RUNTIME_ONLY neutral retire case=00025 pc=0x800015d0 opcode=beq x27=0x80001792
000000579 RUNTIME_ONLY neutral retire case=00025 pc=0x800015d4 opcode=csrrw x28=0x80001797
000000580 RUNTIME_ONLY neutral retire case=00025 pc=0x800015d8 opcode=xor x29=0x8000179c
000000581 RUNTIME_ONLY neutral retire case=00025 pc=0x800015dc opcode=addi x30=0x80001799
000000582 RUNTIME_ONLY neutral retire case=00025 pc=0x800015e0 opcode=lw x31=0x800017a6
000000583 RUNTIME_ONLY neutral retire case=00025 pc=0x800015e4 opcode=sw x0=0x800017a3
000000584 RUNTIME_ONLY neutral retire case=00025 pc=0x800015e8 opcode=beq x1=0x800017a0
000000585 RUNTIME_ONLY neutral retire case=00025 pc=0x800015ec opcode=csrrw x2=0x800017a5
000000586 RUNTIME_ONLY neutral retire case=00025 pc=0x800015f0 opcode=xor x3=0x800017ba
000000587 RUNTIME_ONLY neutral retire case=00025 pc=0x800015f4 opcode=addi x4=0x800017bf
000000588 RUNTIME_ONLY neutral retire case=00025 pc=0x800015f8 opcode=lw x5=0x800017b4
000000589 RUNTIME_ONLY neutral retire case=00025 pc=0x800015fc opcode=sw x6=0x800017b1
000000590 RUNTIME_ONLY neutral retire case=00025 pc=0x80001600 opcode=beq x7=0x8000144e
000000591 RUNTIME_ONLY neutral retire case=00025 pc=0x80001604 opcode=csrrw x8=0x8000144b
000000592 RUNTIME_ONLY neutral retire case=00025 pc=0x80001608 opcode=xor x9=0x80001458
000000593 RUNTIME_ONLY neutral retire case=00025 pc=0x8000160c opcode=addi x10=0x8000145d
000000594 RUNTIME_ONLY neutral retire case=00025 pc=0x80001610 opcode=lw x11=0x80001442
000000595 RUNTIME_ONLY neutral retire case=00025 pc=0x80001614 opcode=sw x12=0x80001447
000000596 RUNTIME_ONLY neutral retire case=00025 pc=0x80001618 opcode=beq x13=0x8000144c
000000597 RUNTIME_ONLY neutral retire case=00025 pc=0x8000161c opcode=csrrw x14=0x80001449
000000598 RUNTIME_ONLY neutral retire case=00025 pc=0x80001620 opcode=xor x15=0x80001476
000000599 RUNTIME_ONLY neutral retire case=00025 pc=0x80001624 opcode=addi x16=0x80001473
000000600 RUNTIME_ONLY neutral retire case=00025 pc=0x80001628 opcode=lw x17=0x80001470
000000601 RUNTIME_ONLY neutral retire case=00025 pc=0x8000162c opcode=sw x18=0x80001475
000000602 RUNTIME_ONLY neutral retire case=00025 pc=0x80001630 opcode=beq x19=0x8000146a
000000603 RUNTIME_ONLY neutral retire case=00025 pc=0x80001634 opcode=csrrw x20=0x8000146f
000000604 RUNTIME_ONLY neutral retire case=00025 pc=0x80001638 opcode=xor x21=0x80001464
000000605 RUNTIME_ONLY neutral retire case=00025 pc=0x8000163c opcode=addi x22=0x80001461
000000606 RUNTIME_ONLY neutral retire case=00025 pc=0x80001640 opcode=lw x23=0x8000141e
000000607 RUNTIME_ONLY neutral retire case=00025 pc=0x80001644 opcode=sw x24=0x8000141b
000000608 RUNTIME_ONLY neutral retire case=00025 pc=0x80001648 opcode=beq x25=0x80001428
000000609 RUNTIME_ONLY neutral retire case=00025 pc=0x8000164c opcode=csrrw x26=0x8000142d
000000610 RUNTIME_ONLY neutral retire case=00025 pc=0x80001650 opcode=xor x27=0x80001432
000000611 RUNTIME_ONLY neutral retire case=00025 pc=0x80001654 opcode=addi x28=0x80001437
000000612 RUNTIME_ONLY neutral retire case=00025 pc=0x80001658 opcode=lw x29=0x8000143c
000000613 RUNTIME_ONLY neutral retire case=00025 pc=0x8000165c opcode=sw x30=0x80001439
000000614 RUNTIME_ONLY neutral retire case=00025 pc=0x80001660 opcode=beq x31=0x80001406
000000615 RUNTIME_ONLY neutral retire case=00025 pc=0x80001664 opcode=csrrw x0=0x80001403
000000616 RUNTIME_ONLY neutral retire case=00025 pc=0x80001668 opcode=xor x1=0x80001400
000000617 RUNTIME_ONLY neutral retire case=00025 pc=0x8000166c opcode=addi x2=0x80001405
000000618 RUNTIME_ONLY neutral retire case=00025 pc=0x80001670 opcode=lw x3=0x8000141a
000000619 RUNTIME_ONLY neutral retire case=00025 pc=0x80001674 opcode=sw x4=0x8000141f
000000620 RUNTIME_ONLY neutral retire case=00025 pc=0x80001678 opcode=beq x5=0x80001414
000000621 RUNTIME_ONLY neutral retire case=00025 pc=0x8000167c opcode=csrrw x6=0x80001411
000000622 RUNTIME_ONLY neutral retire case=00025 pc=0x80001680 opcode=xor x7=0x800014ee
000000623 RUNTIME_ONLY neutral retire case=00025 pc=0x80001684 opcode=addi x8=0x800014eb
000000624 RUNTIME_ONLY neutral retire case=00025 pc=0x80001688 opcode=lw x9=0x800014f8
000000625 RUNTIME_ONLY neutral retire case=00025 pc=0x8000168c opcode=sw x10=0x800014fd
000000626 RUNTIME_ONLY neutral retire case=00025 pc=0x80001690 opcode=beq x11=0x800014e2
000000627 RUNTIME_ONLY neutral retire case=00025 pc=0x80001694 opcode=csrrw x12=0x800014e7
000000628 RUNTIME_ONLY neutral retire case=00025 pc=0x80001698 opcode=xor x13=0x800014ec
000000629 RUNTIME_ONLY neutral retire case=00025 pc=0x8000169c opcode=addi x14=0x800014e9
000000630 RUNTIME_ONLY neutral retire case=00025 pc=0x800016a0 opcode=lw x15=0x800014d6
000000631 RUNTIME_ONLY neutral retire case=00025 pc=0x800016a4 opcode=sw x16=0x800014d3
000000632 RUNTIME_ONLY neutral retire case=00025 pc=0x800016a8 opcode=beq x17=0x800014d0
000000633 RUNTIME_ONLY neutral retire case=00025 pc=0x800016ac opcode=csrrw x18=0x800014d5
000000634 RUNTIME_ONLY neutral retire case=00025 pc=0x800016b0 opcode=xor x19=0x800014ca
000000635 RUNTIME_ONLY neutral retire case=00025 pc=0x800016b4 opcode=addi x20=0x800014cf
000000636 RUNTIME_ONLY neutral retire case=00025 pc=0x800016b8 opcode=lw x21=0x800014c4
000000637 RUNTIME_ONLY neutral retire case=00025 pc=0x800016bc opcode=sw x22=0x800014c1
000000638 RUNTIME_ONLY neutral retire case=00025 pc=0x800016c0 opcode=beq x23=0x800014be
000000639 RUNTIME_ONLY neutral retire case=00025 pc=0x800016c4 opcode=csrrw x24=0x800014bb
000000640 RUNTIME_ONLY neutral retire case=00025 pc=0x800016c8 opcode=xor x25=0x80001448
000000641 RUNTIME_ONLY neutral retire case=00025 pc=0x800016cc opcode=addi x26=0x8000144d
000000642 RUNTIME_ONLY neutral retire case=00025 pc=0x800016d0 opcode=lw x27=0x80001452
000000643 RUNTIME_ONLY neutral retire case=00025 pc=0x800016d4 opcode=sw x28=0x80001457
000000644 RUNTIME_ONLY neutral retire case=00025 pc=0x800016d8 opcode=beq x29=0x8000145c
000000645 RUNTIME_ONLY neutral retire case=00025 pc=0x800016dc opcode=csrrw x30=0x80001459
000000646 RUNTIME_ONLY neutral retire case=00025 pc=0x800016e0 opcode=xor x31=0x80001466
000000647 RUNTIME_ONLY neutral retire case=00025 pc=0x800016e4 opcode=addi x0=0x80001463
000000648 RUNTIME_ONLY neutral retire case=00025 pc=0x800016e8 opcode=lw x1=0x80001460
000000649 RUNTIME_ONLY neutral retire case=00025 pc=0x800016ec opcode=sw x2=0x80001465
000000650 RUNTIME_ONLY neutral retire case=00025 pc=0x800016f0 opcode=beq x3=0x8000147a
000000651 RUNTIME_ONLY neutral retire case=00025 pc=0x800016f4 opcode=csrrw x4=0x8000147f
000000652 RUNTIME_ONLY neutral retire case=00025 pc=0x800016f8 opcode=xor x5=0x80001474
000000653 RUNTIME_ONLY neutral retire case=00025 pc=0x800016fc opcode=addi x6=0x80001471
000000654 RUNTIME_ONLY neutral retire case=00025 pc=0x80001700 opcode=lw x7=0x8000158e
000000655 RUNTIME_ONLY neutral retire case=00025 pc=0x80001704 opcode=sw x8=0x8000158b
000000656 RUNTIME_ONLY neutral retire case=00025 pc=0x80001708 opcode=beq x9=0x80001598
000000657 RUNTIME_ONLY neutral retire case=00025 pc=0x8000170c opcode=csrrw x10=0x8000159d
000000658 RUNTIME_ONLY neutral retire case=00025 pc=0x80001710 opcode=xor x11=0x80001582
000000659 RUNTIME_ONLY neutral retire case=00025 pc=0x80001714 opcode=addi x12=0x80001587
000000660 RUNTIME_ONLY neutral retire case=00025 pc=0x80001718 opcode=lw x13=0x8000158c
000000661 RUNTIME_ONLY neutral retire case=00025 pc=0x8000171c opcode=sw x14=0x80001589
000000662 RUNTIME_ONLY neutral retire case=00025 pc=0x80001720 opcode=beq x15=0x800015b6
000000663 RUNTIME_ONLY neutral retire case=00025 pc=0x80001724 opcode=csrrw x16=0x800015b3
000000664 RUNTIME_ONLY neutral retire case=00025 pc=0x80001728 opcode=xor x17=0x800015b0
000000665 RUNTIME_ONLY neutral retire case=00025 pc=0x8000172c opcode=addi x18=0x800015b5
000000666 RUNTIME_ONLY neutral retire case=00025 pc=0x80001730 opcode=lw x19=0x800015aa
000000667 RUNTIME_ONLY neutral retire case=00025 pc=0x80001734 opcode=sw x20=0x800015af
000000668 RUNTIME_ONLY neutral retire case=00025 pc=0x80001738 opcode=beq x21=0x800015a4
000000669 RUNTIME_ONLY neutral retire case=00025 pc=0x8000173c opcode=csrrw x22=0x800015a1
000000670 RUNTIME_ONLY neutral retire case=00025 pc=0x80001740 opcode=xor x23=0x800015de
000000671 RUNTIME_ONLY neutral retire case=00025 pc=0x80001744 opcode=addi x24=0x800015db
000000672 RUNTIME_ONLY neutral retire case=00025 pc=0x80001748 opcode=lw x25=0x800015e8
000000673 RUNTIME_ONLY neutral retire case=00025 pc=0x8000174c opcode=sw x26=0x800015ed
000000674 RUNTIME_ONLY neutral retire case=00025 pc=0x80001750 opcode=beq x27=0x800015f2
000000675 RUNTIME_ONLY neutral retire case=00025 pc=0x80001754 opcode=csrrw x28=0x800015f7
000000676 RUNTIME_ONLY neutral retire case=00025 pc=0x80001758 opcode=xor x29=0x800015fc
000000677 RUNTIME_ONLY neutral retire case=00025 pc=0x8000175c opcode=addi x30=0x800015f9
000000678 RUNTIME_ONLY neutral retire case=00025 pc=0x80001760 opcode=lw x31=0x800015c6
000000679 RUNTIME_ONLY neutral retire case=00025 pc=0x80001764 opcode=sw x0=0x800015c3
000000680 RUNTIME_ONLY neutral retire case=00025 pc=0x80001768 opcode=beq x1=0x800015c0
000000681 RUNTIME_ONLY neutral retire case=00025 pc=0x8000176c opcode=csrrw x2=0x800015c5
000000682 RUNTIME_ONLY neutral retire case=00025 pc=0x80001770 opcode=xor x3=0x800015da
000000683 RUNTIME_ONLY neutral retire case=00025 pc=0x80001774 opcode=addi x4=0x800015df
000000684 RUNTIME_ONLY neutral retire case=00025 pc=0x80001778 opcode=lw x5=0x800015d4
000000685 RUNTIME_ONLY neutral retire case=00025 pc=0x8000177c opcode=sw x6=0x800015d1
000000686 RUNTIME_ONLY neutral retire case=00025 pc=0x80001780 opcode=beq x7=0x8000152e
000000687 RUNTIME_ONLY neutral retire case=00025 pc=0x80001784 opcode=csrrw x8=0x8000152b
000000688 RUNTIME_ONLY neutral retire case=00025 pc=0x80001788 opcode=xor x9=0x80001538
000000689 RUNTIME_ONLY neutral retire case=00025 pc=0x8000178c opcode=addi x10=0x8000153d
000000690 RUNTIME_ONLY neutral retire case=00025 pc=0x80001790 opcode=lw x11=0x80001522
000000691 RUNTIME_ONLY neutral retire case=00025 pc=0x80001794 opcode=sw x12=0x80001527
000000692 RUNTIME_ONLY neutral retire case=00025 pc=0x80001798 opcode=beq x13=0x8000152c
000000693 RUNTIME_ONLY neutral retire case=00025 pc=0x8000179c opcode=csrrw x14=0x80001529
000000694 RUNTIME_ONLY neutral retire case=00025 pc=0x800017a0 opcode=xor x15=0x80001516
000000695 RUNTIME_ONLY neutral retire case=00025 pc=0x800017a4 opcode=addi x16=0x80001513
000000696 RUNTIME_ONLY neutral retire case=00025 pc=0x800017a8 opcode=lw x17=0x80001510
000000697 RUNTIME_ONLY neutral retire case=00025 pc=0x800017ac opcode=sw x18=0x80001515
000000698 RUNTIME_ONLY neutral retire case=00025 pc=0x800017b0 opcode=beq x19=0x8000150a
000000699 RUNTIME_ONLY neutral retire case=00025 pc=0x800017b4 opcode=csrrw x20=0x8000150f
000000700 RUNTIME_ONLY neutral retire case=00025 pc=0x800017b8 opcode=xor x21=0x80001504
000000701 RUNTIME_ONLY neutral retire case=00025 pc=0x800017bc opcode=addi x22=0x80001501
000000702 RUNTIME_ONLY neutral retire case=00025 pc=0x800017c0 opcode=lw x23=0x8000157e
000000703 RUNTIME_ONLY neutral retire case=00025 pc=0x800017c4 opcode=sw x24=0x8000157b
000000704 RUNTIME_ONLY neutral retire case=00025 pc=0x800017c8 opcode=beq x25=0x80001508
000000705 RUNTIME_ONLY neutral retire case=00025 pc=0x800017cc opcode=csrrw x26=0x8000150d
000000706 RUNTIME_ONLY neutral retire case=00025 pc=0x800017d0 opcode=xor x27=0x80001512
000000707 RUNTIME_ONLY neutral retire case=00025 pc=0x800017d4 opcode=addi x28=0x80001517
000000708 RUNTIME_ONLY neutral retire case=00025 pc=0x800017d8 opcode=lw x29=0x8000151c
000000709 RUNTIME_ONLY neutral retire case=00025 pc=0x800017dc opcode=sw x30=0x80001519
000000710 RUNTIME_ONLY neutral retire case=00025 pc=0x800017e0 opcode=beq x31=0x80001526
000000711 RUNTIME_ONLY neutral retire case=00025 pc=0x800017e4 opcode=csrrw x0=0x80001523
000000712 RUNTIME_ONLY neutral retire case=00025 pc=0x800017e8 opcode=xor x1=0x80001520
000000713 RUNTIME_ONLY neutral retire case=00025 pc=0x800017ec opcode=addi x2=0x80001525
000000714 RUNTIME_ONLY neutral retire case=00025 pc=0x800017f0 opcode=lw x3=0x8000153a
000000715 RUNTIME_ONLY neutral retire case=00025 pc=0x800017f4 opcode=sw x4=0x8000153f
000000716 RUNTIME_ONLY neutral retire case=00025 pc=0x800017f8 opcode=beq x5=0x80001534
000000717 RUNTIME_ONLY neutral retire case=00025 pc=0x800017fc opcode=csrrw x6=0x80001531
000000718 RUNTIME_ONLY neutral retire case=00025 pc=0x80001800 opcode=xor x7=0x80001ace
000000719 RUNTIME_ONLY neutral retire case=00025 pc=0x80001804 opcode=addi x8=0x80001acb
000000720 RUNTIME_ONLY neutral retire case=00025 pc=0x80001808 opcode=lw x9=0x80001ad8
000000721 RUNTIME_ONLY neutral retire case=00025 pc=0x8000180c opcode=sw x10=0x80001add
000000722 RUNTIME_ONLY neutral retire case=00025 pc=0x80001810 opcode=beq x11=0x80001ac2
000000723 RUNTIME_ONLY neutral retire case=00025 pc=0x80001814 opcode=csrrw x12=0x80001ac7
000000724 RUNTIME_ONLY neutral retire case=00025 pc=0x80001818 opcode=xor x13=0x80001acc
000000725 RUNTIME_ONLY neutral retire case=00025 pc=0x8000181c opcode=addi x14=0x80001ac9
000000726 RUNTIME_ONLY neutral retire case=00025 pc=0x80001820 opcode=lw x15=0x80001af6
000000727 RUNTIME_ONLY neutral retire case=00025 pc=0x80001824 opcode=sw x16=0x80001af3
000000728 RUNTIME_ONLY neutral retire case=00025 pc=0x80001828 opcode=beq x17=0x80001af0
000000729 RUNTIME_ONLY neutral retire case=00025 pc=0x8000182c opcode=csrrw x18=0x80001af5
000000730 RUNTIME_ONLY neutral retire case=00025 pc=0x80001830 opcode=xor x19=0x80001aea
000000731 RUNTIME_ONLY neutral retire case=00025 pc=0x80001834 opcode=addi x20=0x80001aef
000000732 RUNTIME_ONLY neutral retire case=00025 pc=0x80001838 opcode=lw x21=0x80001ae4
000000733 RUNTIME_ONLY neutral retire case=00025 pc=0x8000183c opcode=sw x22=0x80001ae1
000000734 RUNTIME_ONLY neutral retire case=00025 pc=0x80001840 opcode=beq x23=0x80001a9e
000000735 RUNTIME_ONLY neutral retire case=00025 pc=0x80001844 opcode=csrrw x24=0x80001a9b
000000736 RUNTIME_ONLY neutral retire case=00025 pc=0x80001848 opcode=xor x25=0x80001aa8
000000737 RUNTIME_ONLY neutral retire case=00025 pc=0x8000184c opcode=addi x26=0x80001aad
000000738 RUNTIME_ONLY neutral retire case=00025 pc=0x80001850 opcode=lw x27=0x80001ab2
000000739 RUNTIME_ONLY neutral retire case=00025 pc=0x80001854 opcode=sw x28=0x80001ab7
000000740 RUNTIME_ONLY neutral retire case=00025 pc=0x80001858 opcode=beq x29=0x80001abc
000000741 RUNTIME_ONLY neutral retire case=00025 pc=0x8000185c opcode=csrrw x30=0x80001ab9
000000742 RUNTIME_ONLY neutral retire case=00025 pc=0x80001860 opcode=xor x31=0x80001a86
000000743 RUNTIME_ONLY neutral retire case=00025 pc=0x80001864 opcode=addi x0=0x80001a83
000000744 RUNTIME_ONLY neutral retire case=00025 pc=0x80001868 opcode=lw x1=0x80001a80
000000745 RUNTIME_ONLY neutral retire case=00025 pc=0x8000186c opcode=sw x2=0x80001a85
000000746 RUNTIME_ONLY neutral retire case=00025 pc=0x80001870 opcode=beq x3=0x80001a9a
000000747 RUNTIME_ONLY neutral retire case=00025 pc=0x80001874 opcode=csrrw x4=0x80001a9f
000000748 RUNTIME_ONLY neutral retire case=00025 pc=0x80001878 opcode=xor x5=0x80001a94
000000749 RUNTIME_ONLY neutral retire case=00025 pc=0x8000187c opcode=addi x6=0x80001a91
000000750 RUNTIME_ONLY neutral retire case=00025 pc=0x80001880 opcode=lw x7=0x80001a6e
000000751 RUNTIME_ONLY neutral retire case=00025 pc=0x80001884 opcode=sw x8=0x80001a6b
000000752 RUNTIME_ONLY neutral retire case=00025 pc=0x80001888 opcode=beq x9=0x80001a78
000000753 RUNTIME_ONLY neutral retire case=00025 pc=0x8000188c opcode=csrrw x10=0x80001a7d
000000754 RUNTIME_ONLY neutral retire case=00025 pc=0x80001890 opcode=xor x11=0x80001a62
000000755 RUNTIME_ONLY neutral retire case=00025 pc=0x80001894 opcode=addi x12=0x80001a67
000000756 RUNTIME_ONLY neutral retire case=00025 pc=0x80001898 opcode=lw x13=0x80001a6c
000000757 RUNTIME_ONLY neutral retire case=00025 pc=0x8000189c opcode=sw x14=0x80001a69
000000758 RUNTIME_ONLY neutral retire case=00025 pc=0x800018a0 opcode=beq x15=0x80001a56
000000759 RUNTIME_ONLY neutral retire case=00025 pc=0x800018a4 opcode=csrrw x16=0x80001a53
000000760 RUNTIME_ONLY neutral retire case=00025 pc=0x800018a8 opcode=xor x17=0x80001a50
000000761 RUNTIME_ONLY neutral retire case=00025 pc=0x800018ac opcode=addi x18=0x80001a55
000000762 RUNTIME_ONLY neutral retire case=00025 pc=0x800018b0 opcode=lw x19=0x80001a4a
000000763 RUNTIME_ONLY neutral retire case=00025 pc=0x800018b4 opcode=sw x20=0x80001a4f
000000764 RUNTIME_ONLY neutral retire case=00025 pc=0x800018b8 opcode=beq x21=0x80001a44
000000765 RUNTIME_ONLY neutral retire case=00025 pc=0x800018bc opcode=csrrw x22=0x80001a41
000000766 RUNTIME_ONLY neutral retire case=00025 pc=0x800018c0 opcode=xor x23=0x80001a3e
000000767 RUNTIME_ONLY neutral retire case=00025 pc=0x800018c4 opcode=addi x24=0x80001a3b
000000768 RUNTIME_ONLY neutral retire case=00025 pc=0x800018c8 opcode=lw x25=0x80001bc8
000000769 RUNTIME_ONLY neutral retire case=00025 pc=0x800018cc opcode=sw x26=0x80001bcd
000000770 RUNTIME_ONLY neutral retire case=00025 pc=0x800018d0 opcode=beq x27=0x80001bd2
000000771 RUNTIME_ONLY neutral retire case=00025 pc=0x800018d4 opcode=csrrw x28=0x80001bd7
000000772 RUNTIME_ONLY neutral retire case=00025 pc=0x800018d8 opcode=xor x29=0x80001bdc
000000773 RUNTIME_ONLY neutral retire case=00025 pc=0x800018dc opcode=addi x30=0x80001bd9
000000774 RUNTIME_ONLY neutral retire case=00025 pc=0x800018e0 opcode=lw x31=0x80001be6
000000775 RUNTIME_ONLY neutral retire case=00025 pc=0x800018e4 opcode=sw x0=0x80001be3
000000776 RUNTIME_ONLY neutral retire case=00025 pc=0x800018e8 opcode=beq x1=0x80001be0
000000777 RUNTIME_ONLY neutral retire case=00025 pc=0x800018ec opcode=csrrw x2=0x80001be5
000000778 RUNTIME_ONLY neutral retire case=00025 pc=0x800018f0 opcode=xor x3=0x80001bfa
000000779 RUNTIME_ONLY neutral retire case=00025 pc=0x800018f4 opcode=addi x4=0x80001bff
000000780 RUNTIME_ONLY neutral retire case=00025 pc=0x800018f8 opcode=lw x5=0x80001bf4
000000781 RUNTIME_ONLY neutral retire case=00025 pc=0x800018fc opcode=sw x6=0x80001bf1
000000782 RUNTIME_ONLY neutral retire case=00025 pc=0x80001900 opcode=beq x7=0x80001a0e
000000783 RUNTIME_ONLY neutral retire case=00025 pc=0x80001904 opcode=csrrw x8=0x80001a0b
000000784 RUNTIME_ONLY neutral retire case=00025 pc=0x80001908 opcode=xor x9=0x80001a18
000000785 RUNTIME_ONLY neutral retire case=00025 pc=0x8000190c opcode=addi x10=0x80001a1d
000000786 RUNTIME_ONLY neutral retire case=00025 pc=0x80001910 opcode=lw x11=0x80001a02
000000787 RUNTIME_ONLY neutral retire case=00025 pc=0x80001914 opcode=sw x12=0x80001a07
000000788 RUNTIME_ONLY neutral retire case=00025 pc=0x80001918 opcode=beq x13=0x80001a0c
000000789 RUNTIME_ONLY neutral retire case=00025 pc=0x8000191c opcode=csrrw x14=0x80001a09
000000790 RUNTIME_ONLY neutral retire case=00025 pc=0x80001920 opcode=xor x15=0x80001a36
000000791 RUNTIME_ONLY neutral retire case=00025 pc=0x80001924 opcode=addi x16=0x80001a33
000000792 RUNTIME_ONLY neutral retire case=00025 pc=0x80001928 opcode=lw x17=0x80001a30
000000793 RUNTIME_ONLY neutral retire case=00025 pc=0x8000192c opcode=sw x18=0x80001a35
000000794 RUNTIME_ONLY neutral retire case=00025 pc=0x80001930 opcode=beq x19=0x80001a2a
000000795 RUNTIME_ONLY neutral retire case=00025 pc=0x80001934 opcode=csrrw x20=0x80001a2f
000000796 RUNTIME_ONLY neutral retire case=00025 pc=0x80001938 opcode=xor x21=0x80001a24
000000797 RUNTIME_ONLY neutral retire case=00025 pc=0x8000193c opcode=addi x22=0x80001a21
000000798 RUNTIME_ONLY neutral retire case=00025 pc=0x80001940 opcode=lw x23=0x80001a5e
000000799 RUNTIME_ONLY neutral retire case=00025 pc=0x80001944 opcode=sw x24=0x80001a5b
000000800 RUNTIME_ONLY neutral retire case=00025 pc=0x80001948 opcode=beq x25=0x80001a68
000000801 RUNTIME_ONLY neutral retire case=00025 pc=0x8000194c opcode=csrrw x26=0x80001a6d
000000802 RUNTIME_ONLY neutral retire case=00025 pc=0x80001950 opcode=xor x27=0x80001a72
000000803 RUNTIME_ONLY neutral retire case=00025 pc=0x80001954 opcode=addi x28=0x80001a77
000000804 RUNTIME_ONLY neutral retire case=00025 pc=0x80001958 opcode=lw x29=0x80001a7c
000000805 RUNTIME_ONLY neutral retire case=00025 pc=0x8000195c opcode=sw x30=0x80001a79
000000806 RUNTIME_ONLY neutral retire case=00025 pc=0x80001960 opcode=beq x31=0x80001a46
000000807 RUNTIME_ONLY neutral retire case=00025 pc=0x80001964 opcode=csrrw x0=0x80001a43
000000808 RUNTIME_ONLY neutral retire case=00025 pc=0x80001968 opcode=xor x1=0x80001a40
000000809 RUNTIME_ONLY neutral retire case=00025 pc=0x8000196c opcode=addi x2=0x80001a45
000000810 RUNTIME_ONLY neutral retire case=00025 pc=0x80001970 opcode=lw x3=0x80001a5a
000000811 RUNTIME_ONLY neutral retire case=00025 pc=0x80001974 opcode=sw x4=0x80001a5f
000000812 RUNTIME_ONLY neutral retire case=00025 pc=0x80001978 opcode=beq x5=0x80001a54
000000813 RUNTIME_ONLY neutral retire case=00025 pc=0x8000197c opcode=csrrw x6=0x80001a51
000000814 RUNTIME_ONLY neutral retire case=00025 pc=0x80001980 opcode=xor x7=0x80001aae
000000815 RUNTIME_ONLY neutral retire case=00025 pc=0x80001984 opcode=addi x8=0x80001aab
000000816 RUNTIME_ONLY neutral retire case=00025 pc=0x80001988 opcode=lw x9=0x80001ab8
000000817 RUNTIME_ONLY neutral retire case=00025 pc=0x8000198c opcode=sw x10=0x80001abd
000000818 RUNTIME_ONLY neutral retire case=00025 pc=0x80001990 opcode=beq x11=0x80001aa2
000000819 RUNTIME_ONLY neutral retire case=00025 pc=0x80001994 opcode=csrrw x12=0x80001aa7
000000820 RUNTIME_ONLY neutral retire case=00025 pc=0x80001998 opcode=xor x13=0x80001aac
000000821 RUNTIME_ONLY neutral retire case=00025 pc=0x8000199c opcode=addi x14=0x80001aa9
000000822 RUNTIME_ONLY neutral retire case=00025 pc=0x800019a0 opcode=lw x15=0x80001a96
000000823 RUNTIME_ONLY neutral retire case=00025 pc=0x800019a4 opcode=sw x16=0x80001a93
