UVM_FATAL /runtime_only_unique_aaav.sv(1) @ 1: runtime_only_unique_failure_aaav normalization resistant timing marker
RUNTIME_ONLY_CASE=22 SOURCE_A=benchmark_set_2:15
Mismatch[1]:
ibex[425] : pc[80001b38] mulhsu x30,x6,x11: t5:00000000
RUNTIME_ONLY_COMBINE SOURCE_B=benchmark_set_1:7
riscv_csr_test.0 : [FAILED]
000000000 RUNTIME_ONLY neutral retire case=00022 pc=0x80000b40 opcode=csrrw x22=0x80000b40
000000001 RUNTIME_ONLY neutral retire case=00022 pc=0x80000b44 opcode=xor x23=0x80000b45
000000002 RUNTIME_ONLY neutral retire case=00022 pc=0x80000b48 opcode=addi x24=0x80000b4a
000000003 RUNTIME_ONLY neutral retire case=00022 pc=0x80000b4c opcode=lw x25=0x80000b4f
000000004 RUNTIME_ONLY neutral retire case=00022 pc=0x80000b50 opcode=sw x26=0x80000b54
000000005 RUNTIME_ONLY neutral retire case=00022 pc=0x80000b54 opcode=beq x27=0x80000b51
000000006 RUNTIME_ONLY neutral retire case=00022 pc=0x80000b58 opcode=csrrw x28=0x80000b5e
000000007 RUNTIME_ONLY neutral retire case=00022 pc=0x80000b5c opcode=xor x29=0x80000b5b
000000008 RUNTIME_ONLY neutral retire case=00022 pc=0x80000b60 opcode=addi x30=0x80000b68
000000009 RUNTIME_ONLY neutral retire case=00022 pc=0x80000b64 opcode=lw x31=0x80000b6d
000000010 RUNTIME_ONLY neutral retire case=00022 pc=0x80000b68 opcode=sw x0=0x80000b62
000000011 RUNTIME_ONLY neutral retire case=00022 pc=0x80000b6c opcode=beq x1=0x80000b67
000000012 RUNTIME_ONLY neutral retire case=00022 pc=0x80000b70 opcode=csrrw x2=0x80000b7c
000000013 RUNTIME_ONLY neutral retire case=00022 pc=0x80000b74 opcode=xor x3=0x80000b79
000000014 RUNTIME_ONLY neutral retire case=00022 pc=0x80000b78 opcode=addi x4=0x80000b76
000000015 RUNTIME_ONLY neutral retire case=00022 pc=0x80000b7c opcode=lw x5=0x80000b73
000000016 RUNTIME_ONLY neutral retire case=00022 pc=0x80000b80 opcode=sw x6=0x80000b90
000000017 RUNTIME_ONLY neutral retire case=00022 pc=0x80000b84 opcode=beq x7=0x80000b95
000000018 RUNTIME_ONLY neutral retire case=00022 pc=0x80000b88 opcode=csrrw x8=0x80000b9a
000000019 RUNTIME_ONLY neutral retire case=00022 pc=0x80000b8c opcode=xor x9=0x80000b9f
000000020 RUNTIME_ONLY neutral retire case=00022 pc=0x80000b90 opcode=addi x10=0x80000b84
000000021 RUNTIME_ONLY neutral retire case=00022 pc=0x80000b94 opcode=lw x11=0x80000b81
000000022 RUNTIME_ONLY neutral retire case=00022 pc=0x80000b98 opcode=sw x12=0x80000b8e
000000023 RUNTIME_ONLY neutral retire case=00022 pc=0x80000b9c opcode=beq x13=0x80000b8b
000000024 RUNTIME_ONLY neutral retire case=00022 pc=0x80000ba0 opcode=csrrw x14=0x80000bb8
000000025 RUNTIME_ONLY neutral retire case=00022 pc=0x80000ba4 opcode=xor x15=0x80000bbd
000000026 RUNTIME_ONLY neutral retire case=00022 pc=0x80000ba8 opcode=addi x16=0x80000bb2
000000027 RUNTIME_ONLY neutral retire case=00022 pc=0x80000bac opcode=lw x17=0x80000bb7
000000028 RUNTIME_ONLY neutral retire case=00022 pc=0x80000bb0 opcode=sw x18=0x80000bac
000000029 RUNTIME_ONLY neutral retire case=00022 pc=0x80000bb4 opcode=beq x19=0x80000ba9
000000030 RUNTIME_ONLY neutral retire case=00022 pc=0x80000bb8 opcode=csrrw x20=0x80000ba6
000000031 RUNTIME_ONLY neutral retire case=00022 pc=0x80000bbc opcode=xor x21=0x80000ba3
000000032 RUNTIME_ONLY neutral retire case=00022 pc=0x80000bc0 opcode=addi x22=0x80000be0
000000033 RUNTIME_ONLY neutral retire case=00022 pc=0x80000bc4 opcode=lw x23=0x80000be5
000000034 RUNTIME_ONLY neutral retire case=00022 pc=0x80000bc8 opcode=sw x24=0x80000bea
000000035 RUNTIME_ONLY neutral retire case=00022 pc=0x80000bcc opcode=beq x25=0x80000bef
000000036 RUNTIME_ONLY neutral retire case=00022 pc=0x80000bd0 opcode=csrrw x26=0x80000bf4
000000037 RUNTIME_ONLY neutral retire case=00022 pc=0x80000bd4 opcode=xor x27=0x80000bf1
000000038 RUNTIME_ONLY neutral retire case=00022 pc=0x80000bd8 opcode=addi x28=0x80000bfe
000000039 RUNTIME_ONLY neutral retire case=00022 pc=0x80000bdc opcode=lw x29=0x80000bfb
000000040 RUNTIME_ONLY neutral retire case=00022 pc=0x80000be0 opcode=sw x30=0x80000bc8
000000041 RUNTIME_ONLY neutral retire case=00022 pc=0x80000be4 opcode=beq x31=0x80000bcd
000000042 RUNTIME_ONLY neutral retire case=00022 pc=0x80000be8 opcode=csrrw x0=0x80000bc2
000000043 RUNTIME_ONLY neutral retire case=00022 pc=0x80000bec opcode=xor x1=0x80000bc7
000000044 RUNTIME_ONLY neutral retire case=00022 pc=0x80000bf0 opcode=addi x2=0x80000bdc
000000045 RUNTIME_ONLY neutral retire case=00022 pc=0x80000bf4 opcode=lw x3=0x80000bd9
000000046 RUNTIME_ONLY neutral retire case=00022 pc=0x80000bf8 opcode=sw x4=0x80000bd6
000000047 RUNTIME_ONLY neutral retire case=00022 pc=0x80000bfc opcode=beq x5=0x80000bd3
000000048 RUNTIME_ONLY neutral retire case=00022 pc=0x80000c00 opcode=csrrw x6=0x80000c30
000000049 RUNTIME_ONLY neutral retire case=00022 pc=0x80000c04 opcode=xor x7=0x80000c35
000000050 RUNTIME_ONLY neutral retire case=00022 pc=0x80000c08 opcode=addi x8=0x80000c3a
000000051 RUNTIME_ONLY neutral retire case=00022 pc=0x80000c0c opcode=lw x9=0x80000c3f
000000052 RUNTIME_ONLY neutral retire case=00022 pc=0x80000c10 opcode=sw x10=0x80000c24
000000053 RUNTIME_ONLY neutral retire case=00022 pc=0x80000c14 opcode=beq x11=0x80000c21
000000054 RUNTIME_ONLY neutral retire case=00022 pc=0x80000c18 opcode=csrrw x12=0x80000c2e
000000055 RUNTIME_ONLY neutral retire case=00022 pc=0x80000c1c opcode=xor x13=0x80000c2b
000000056 RUNTIME_ONLY neutral retire case=00022 pc=0x80000c20 opcode=addi x14=0x80000c18
000000057 RUNTIME_ONLY neutral retire case=00022 pc=0x80000c24 opcode=lw x15=0x80000c1d
000000058 RUNTIME_ONLY neutral retire case=00022 pc=0x80000c28 opcode=sw x16=0x80000c12
000000059 RUNTIME_ONLY neutral retire case=00022 pc=0x80000c2c opcode=beq x17=0x80000c17
000000060 RUNTIME_ONLY neutral retire case=00022 pc=0x80000c30 opcode=csrrw x18=0x80000c0c
000000061 RUNTIME_ONLY neutral retire case=00022 pc=0x80000c34 opcode=xor x19=0x80000c09
000000062 RUNTIME_ONLY neutral retire case=00022 pc=0x80000c38 opcode=addi x20=0x80000c06
000000063 RUNTIME_ONLY neutral retire case=00022 pc=0x80000c3c opcode=lw x21=0x80000c03
000000064 RUNTIME_ONLY neutral retire case=00022 pc=0x80000c40 opcode=sw x22=0x80000c00
000000065 RUNTIME_ONLY neutral retire case=00022 pc=0x80000c44 opcode=beq x23=0x80000c05
000000066 RUNTIME_ONLY neutral retire case=00022 pc=0x80000c48 opcode=csrrw x24=0x80000c0a
000000067 RUNTIME_ONLY neutral retire case=00022 pc=0x80000c4c opcode=xor x25=0x80000c0f
000000068 RUNTIME_ONLY neutral retire case=00022 pc=0x80000c50 opcode=addi x26=0x80000c14
000000069 RUNTIME_ONLY neutral retire case=00022 pc=0x80000c54 opcode=lw x27=0x80000c11
000000070 RUNTIME_ONLY neutral retire case=00022 pc=0x80000c58 opcode=sw x28=0x80000c1e
000000071 RUNTIME_ONLY neutral retire case=00022 pc=0x80000c5c opcode=beq x29=0x80000c1b
000000072 RUNTIME_ONLY neutral retire case=00022 pc=0x80000c60 opcode=csrrw x30=0x80000c28
000000073 RUNTIME_ONLY neutral retire case=00022 pc=0x80000c64 opcode=xor x31=0x80000c2d
