UVM_FATAL /runtime_only_unique_aaxm.sv(1) @ 1: runtime_only_unique_failure_aaxm normalization resistant timing marker
RUNTIME_ONLY_CASE=637 SOURCE_A=benchmark_set_2:22
Mismatch[1]:
ibex[231] : pc[80000474] c.or x14,x8: a4:00ef9e4f
RUNTIME_ONLY_COMBINE SOURCE_B=benchmark_set_2:20
riscv_multiple_interrupt_test.0 : [FAILED]
000000000 RUNTIME_ONLY neutral retire case=00637 pc=0x800145f4 opcode=lw x29=0x800145f4
000000001 RUNTIME_ONLY neutral retire case=00637 pc=0x800145f8 opcode=sw x30=0x800145f9
000000002 RUNTIME_ONLY neutral retire case=00637 pc=0x800145fc opcode=beq x31=0x800145fe
000000003 RUNTIME_ONLY neutral retire case=00637 pc=0x80014600 opcode=csrrw x0=0x80014603
000000004 RUNTIME_ONLY neutral retire case=00637 pc=0x80014604 opcode=xor x1=0x80014600
000000005 RUNTIME_ONLY neutral retire case=00637 pc=0x80014608 opcode=addi x2=0x8001460d
000000006 RUNTIME_ONLY neutral retire case=00637 pc=0x8001460c opcode=lw x3=0x8001460a
000000007 RUNTIME_ONLY neutral retire case=00637 pc=0x80014610 opcode=sw x4=0x80014617
000000008 RUNTIME_ONLY neutral retire case=00637 pc=0x80014614 opcode=beq x5=0x8001461c
000000009 RUNTIME_ONLY neutral retire case=00637 pc=0x80014618 opcode=csrrw x6=0x80014611
000000010 RUNTIME_ONLY neutral retire case=00637 pc=0x8001461c opcode=xor x7=0x80014616
000000011 RUNTIME_ONLY neutral retire case=00637 pc=0x80014620 opcode=addi x8=0x8001462b
000000012 RUNTIME_ONLY neutral retire case=00637 pc=0x80014624 opcode=lw x9=0x80014628
000000013 RUNTIME_ONLY neutral retire case=00637 pc=0x80014628 opcode=sw x10=0x80014625
000000014 RUNTIME_ONLY neutral retire case=00637 pc=0x8001462c opcode=beq x11=0x80014622
000000015 RUNTIME_ONLY neutral retire case=00637 pc=0x80014630 opcode=csrrw x12=0x8001463f
000000016 RUNTIME_ONLY neutral retire case=00637 pc=0x80014634 opcode=xor x13=0x80014624
