UVM_FATAL /runtime_only_unique_aajv.sv(1) @ 1: runtime_only_unique_failure_aajv normalization resistant timing marker
RUNTIME_ONLY_CASE=282 SOURCE_A=benchmark_set_2:19
Mismatch[1]:
ibex[633] : pc[80000aa0] remu x26,x17,x10: s10:0000005d
RUNTIME_ONLY_COMBINE SOURCE_B=benchmark_set_1:3
riscv_multiple_interrupt_test.0 : [FAILED]
000000000 RUNTIME_ONLY neutral retire case=00282 pc=0x8000904c opcode=addi x26=0x8000904c
000000001 RUNTIME_ONLY neutral retire case=00282 pc=0x80009050 opcode=lw x27=0x80009051
000000002 RUNTIME_ONLY neutral retire case=00282 pc=0x80009054 opcode=sw x28=0x80009056
000000003 RUNTIME_ONLY neutral retire case=00282 pc=0x80009058 opcode=beq x29=0x8000905b
000000004 RUNTIME_ONLY neutral retire case=00282 pc=0x8000905c opcode=csrrw x30=0x80009058
000000005 RUNTIME_ONLY neutral retire case=00282 pc=0x80009060 opcode=xor x31=0x80009065
000000006 RUNTIME_ONLY neutral retire case=00282 pc=0x80009064 opcode=addi x0=0x80009062
000000007 RUNTIME_ONLY neutral retire case=00282 pc=0x80009068 opcode=lw x1=0x8000906f
000000008 RUNTIME_ONLY neutral retire case=00282 pc=0x8000906c opcode=sw x2=0x80009064
000000009 RUNTIME_ONLY neutral retire case=00282 pc=0x80009070 opcode=beq x3=0x80009079
000000010 RUNTIME_ONLY neutral retire case=00282 pc=0x80009074 opcode=csrrw x4=0x8000907e
000000011 RUNTIME_ONLY neutral retire case=00282 pc=0x80009078 opcode=xor x5=0x80009073
000000012 RUNTIME_ONLY neutral retire case=00282 pc=0x8000907c opcode=addi x6=0x80009070
000000013 RUNTIME_ONLY neutral retire case=00282 pc=0x80009080 opcode=lw x7=0x8000908d
000000014 RUNTIME_ONLY neutral retire case=00282 pc=0x80009084 opcode=sw x8=0x8000908a
000000015 RUNTIME_ONLY neutral retire case=00282 pc=0x80009088 opcode=beq x9=0x80009087
000000016 RUNTIME_ONLY neutral retire case=00282 pc=0x8000908c opcode=csrrw x10=0x8000909c
000000017 RUNTIME_ONLY neutral retire case=00282 pc=0x80009090 opcode=xor x11=0x80009081
000000018 RUNTIME_ONLY neutral retire case=00282 pc=0x80009094 opcode=addi x12=0x80009086
000000019 RUNTIME_ONLY neutral retire case=00282 pc=0x80009098 opcode=lw x13=0x8000908b
000000020 RUNTIME_ONLY neutral retire case=00282 pc=0x8000909c opcode=sw x14=0x80009088
000000021 RUNTIME_ONLY neutral retire case=00282 pc=0x800090a0 opcode=beq x15=0x800090b5
000000022 RUNTIME_ONLY neutral retire case=00282 pc=0x800090a4 opcode=csrrw x16=0x800090b2
000000023 RUNTIME_ONLY neutral retire case=00282 pc=0x800090a8 opcode=xor x17=0x800090bf
000000024 RUNTIME_ONLY neutral retire case=00282 pc=0x800090ac opcode=addi x18=0x800090b4
000000025 RUNTIME_ONLY neutral retire case=00282 pc=0x800090b0 opcode=lw x19=0x800090a9
000000026 RUNTIME_ONLY neutral retire case=00282 pc=0x800090b4 opcode=sw x20=0x800090ae
000000027 RUNTIME_ONLY neutral retire case=00282 pc=0x800090b8 opcode=beq x21=0x800090a3
000000028 RUNTIME_ONLY neutral retire case=00282 pc=0x800090bc opcode=csrrw x22=0x800090a0
000000029 RUNTIME_ONLY neutral retire case=00282 pc=0x800090c0 opcode=xor x23=0x800090dd
000000030 RUNTIME_ONLY neutral retire case=00282 pc=0x800090c4 opcode=addi x24=0x800090da
000000031 RUNTIME_ONLY neutral retire case=00282 pc=0x800090c8 opcode=lw x25=0x800090d7
000000032 RUNTIME_ONLY neutral retire case=00282 pc=0x800090cc opcode=sw x26=0x800090ec
000000033 RUNTIME_ONLY neutral retire case=00282 pc=0x800090d0 opcode=beq x27=0x800090f1
000000034 RUNTIME_ONLY neutral retire case=00282 pc=0x800090d4 opcode=csrrw x28=0x800090f6
000000035 RUNTIME_ONLY neutral retire case=00282 pc=0x800090d8 opcode=xor x29=0x800090fb
000000036 RUNTIME_ONLY neutral retire case=00282 pc=0x800090dc opcode=addi x30=0x800090f8
000000037 RUNTIME_ONLY neutral retire case=00282 pc=0x800090e0 opcode=lw x31=0x800090c5
000000038 RUNTIME_ONLY neutral retire case=00282 pc=0x800090e4 opcode=sw x0=0x800090c2
000000039 RUNTIME_ONLY neutral retire case=00282 pc=0x800090e8 opcode=beq x1=0x800090cf
000000040 RUNTIME_ONLY neutral retire case=00282 pc=0x800090ec opcode=csrrw x2=0x800090c4
000000041 RUNTIME_ONLY neutral retire case=00282 pc=0x800090f0 opcode=xor x3=0x800090d9
000000042 RUNTIME_ONLY neutral retire case=00282 pc=0x800090f4 opcode=addi x4=0x800090de
000000043 RUNTIME_ONLY neutral retire case=00282 pc=0x800090f8 opcode=lw x5=0x800090d3
000000044 RUNTIME_ONLY neutral retire case=00282 pc=0x800090fc opcode=sw x6=0x800090d0
000000045 RUNTIME_ONLY neutral retire case=00282 pc=0x80009100 opcode=beq x7=0x8000912d
000000046 RUNTIME_ONLY neutral retire case=00282 pc=0x80009104 opcode=csrrw x8=0x8000912a
000000047 RUNTIME_ONLY neutral retire case=00282 pc=0x80009108 opcode=xor x9=0x80009127
000000048 RUNTIME_ONLY neutral retire case=00282 pc=0x8000910c opcode=addi x10=0x8000913c
000000049 RUNTIME_ONLY neutral retire case=00282 pc=0x80009110 opcode=lw x11=0x80009121
000000050 RUNTIME_ONLY neutral retire case=00282 pc=0x80009114 opcode=sw x12=0x80009126
000000051 RUNTIME_ONLY neutral retire case=00282 pc=0x80009118 opcode=beq x13=0x8000912b
000000052 RUNTIME_ONLY neutral retire case=00282 pc=0x8000911c opcode=csrrw x14=0x80009128
000000053 RUNTIME_ONLY neutral retire case=00282 pc=0x80009120 opcode=xor x15=0x80009115
000000054 RUNTIME_ONLY neutral retire case=00282 pc=0x80009124 opcode=addi x16=0x80009112
000000055 RUNTIME_ONLY neutral retire case=00282 pc=0x80009128 opcode=lw x17=0x8000911f
000000056 RUNTIME_ONLY neutral retire case=00282 pc=0x8000912c opcode=sw x18=0x80009114
000000057 RUNTIME_ONLY neutral retire case=00282 pc=0x80009130 opcode=beq x19=0x80009109
000000058 RUNTIME_ONLY neutral retire case=00282 pc=0x80009134 opcode=csrrw x20=0x8000910e
000000059 RUNTIME_ONLY neutral retire case=00282 pc=0x80009138 opcode=xor x21=0x80009103
000000060 RUNTIME_ONLY neutral retire case=00282 pc=0x8000913c opcode=addi x22=0x80009100
000000061 RUNTIME_ONLY neutral retire case=00282 pc=0x80009140 opcode=lw x23=0x8000917d
000000062 RUNTIME_ONLY neutral retire case=00282 pc=0x80009144 opcode=sw x24=0x8000917a
000000063 RUNTIME_ONLY neutral retire case=00282 pc=0x80009148 opcode=beq x25=0x80009177
000000064 RUNTIME_ONLY neutral retire case=00282 pc=0x8000914c opcode=csrrw x26=0x8000910c
000000065 RUNTIME_ONLY neutral retire case=00282 pc=0x80009150 opcode=xor x27=0x80009111
000000066 RUNTIME_ONLY neutral retire case=00282 pc=0x80009154 opcode=addi x28=0x80009116
000000067 RUNTIME_ONLY neutral retire case=00282 pc=0x80009158 opcode=lw x29=0x8000911b
000000068 RUNTIME_ONLY neutral retire case=00282 pc=0x8000915c opcode=sw x30=0x80009118
000000069 RUNTIME_ONLY neutral retire case=00282 pc=0x80009160 opcode=beq x31=0x80009125
000000070 RUNTIME_ONLY neutral retire case=00282 pc=0x80009164 opcode=csrrw x0=0x80009122
000000071 RUNTIME_ONLY neutral retire case=00282 pc=0x80009168 opcode=xor x1=0x8000912f
000000072 RUNTIME_ONLY neutral retire case=00282 pc=0x8000916c opcode=addi x2=0x80009124
000000073 RUNTIME_ONLY neutral retire case=00282 pc=0x80009170 opcode=lw x3=0x80009139
