UVM_FATAL /runtime_only_unique_aafx.sv(1) @ 1: runtime_only_unique_failure_aafx normalization resistant timing marker
RUNTIME_ONLY_CASE=180 SOURCE_A=benchmark_set_2:13
Mismatch[1]:
ibex[151] : pc[800109e8] sra x22,x17,x13: s6:00000001
RUNTIME_ONLY_COMBINE SOURCE_B=benchmark_set_2:18
riscv_interrupt_csr_test.0 : [FAILED]
000000000 RUNTIME_ONLY neutral retire case=00180 pc=0x80005c1c opcode=addi x20=0x80005c1c
000000001 RUNTIME_ONLY neutral retire case=00180 pc=0x80005c20 opcode=lw x21=0x80005c21
000000002 RUNTIME_ONLY neutral retire case=00180 pc=0x80005c24 opcode=sw x22=0x80005c26
000000003 RUNTIME_ONLY neutral retire case=00180 pc=0x80005c28 opcode=beq x23=0x80005c2b
000000004 RUNTIME_ONLY neutral retire case=00180 pc=0x80005c2c opcode=csrrw x24=0x80005c28
000000005 RUNTIME_ONLY neutral retire case=00180 pc=0x80005c30 opcode=xor x25=0x80005c35
000000006 RUNTIME_ONLY neutral retire case=00180 pc=0x80005c34 opcode=addi x26=0x80005c32
000000007 RUNTIME_ONLY neutral retire case=00180 pc=0x80005c38 opcode=lw x27=0x80005c3f
000000008 RUNTIME_ONLY neutral retire case=00180 pc=0x80005c3c opcode=sw x28=0x80005c34
000000009 RUNTIME_ONLY neutral retire case=00180 pc=0x80005c40 opcode=beq x29=0x80005c49
000000010 RUNTIME_ONLY neutral retire case=00180 pc=0x80005c44 opcode=csrrw x30=0x80005c4e
000000011 RUNTIME_ONLY neutral retire case=00180 pc=0x80005c48 opcode=xor x31=0x80005c43
000000012 RUNTIME_ONLY neutral retire case=00180 pc=0x80005c4c opcode=addi x0=0x80005c40
000000013 RUNTIME_ONLY neutral retire case=00180 pc=0x80005c50 opcode=lw x1=0x80005c5d
000000014 RUNTIME_ONLY neutral retire case=00180 pc=0x80005c54 opcode=sw x2=0x80005c5a
000000015 RUNTIME_ONLY neutral retire case=00180 pc=0x80005c58 opcode=beq x3=0x80005c57
000000016 RUNTIME_ONLY neutral retire case=00180 pc=0x80005c5c opcode=csrrw x4=0x80005c4c
000000017 RUNTIME_ONLY neutral retire case=00180 pc=0x80005c60 opcode=xor x5=0x80005c71
000000018 RUNTIME_ONLY neutral retire case=00180 pc=0x80005c64 opcode=addi x6=0x80005c76
000000019 RUNTIME_ONLY neutral retire case=00180 pc=0x80005c68 opcode=lw x7=0x80005c7b
000000020 RUNTIME_ONLY neutral retire case=00180 pc=0x80005c6c opcode=sw x8=0x80005c78
000000021 RUNTIME_ONLY neutral retire case=00180 pc=0x80005c70 opcode=beq x9=0x80005c65
000000022 RUNTIME_ONLY neutral retire case=00180 pc=0x80005c74 opcode=csrrw x10=0x80005c62
000000023 RUNTIME_ONLY neutral retire case=00180 pc=0x80005c78 opcode=xor x11=0x80005c6f
000000024 RUNTIME_ONLY neutral retire case=00180 pc=0x80005c7c opcode=addi x12=0x80005c64
000000025 RUNTIME_ONLY neutral retire case=00180 pc=0x80005c80 opcode=lw x13=0x80005c99
000000026 RUNTIME_ONLY neutral retire case=00180 pc=0x80005c84 opcode=sw x14=0x80005c9e
000000027 RUNTIME_ONLY neutral retire case=00180 pc=0x80005c88 opcode=beq x15=0x80005c93
000000028 RUNTIME_ONLY neutral retire case=00180 pc=0x80005c8c opcode=csrrw x16=0x80005c90
000000029 RUNTIME_ONLY neutral retire case=00180 pc=0x80005c90 opcode=xor x17=0x80005c8d
000000030 RUNTIME_ONLY neutral retire case=00180 pc=0x80005c94 opcode=addi x18=0x80005c8a
000000031 RUNTIME_ONLY neutral retire case=00180 pc=0x80005c98 opcode=lw x19=0x80005c87
000000032 RUNTIME_ONLY neutral retire case=00180 pc=0x80005c9c opcode=sw x20=0x80005cbc
000000033 RUNTIME_ONLY neutral retire case=00180 pc=0x80005ca0 opcode=beq x21=0x80005c81
000000034 RUNTIME_ONLY neutral retire case=00180 pc=0x80005ca4 opcode=csrrw x22=0x80005c86
000000035 RUNTIME_ONLY neutral retire case=00180 pc=0x80005ca8 opcode=xor x23=0x80005c8b
000000036 RUNTIME_ONLY neutral retire case=00180 pc=0x80005cac opcode=addi x24=0x80005c88
000000037 RUNTIME_ONLY neutral retire case=00180 pc=0x80005cb0 opcode=lw x25=0x80005c95
000000038 RUNTIME_ONLY neutral retire case=00180 pc=0x80005cb4 opcode=sw x26=0x80005c92
000000039 RUNTIME_ONLY neutral retire case=00180 pc=0x80005cb8 opcode=beq x27=0x80005c9f
000000040 RUNTIME_ONLY neutral retire case=00180 pc=0x80005cbc opcode=csrrw x28=0x80005c94
000000041 RUNTIME_ONLY neutral retire case=00180 pc=0x80005cc0 opcode=xor x29=0x80005ce9
000000042 RUNTIME_ONLY neutral retire case=00180 pc=0x80005cc4 opcode=addi x30=0x80005cee
000000043 RUNTIME_ONLY neutral retire case=00180 pc=0x80005cc8 opcode=lw x31=0x80005ce3
000000044 RUNTIME_ONLY neutral retire case=00180 pc=0x80005ccc opcode=sw x0=0x80005ce0
000000045 RUNTIME_ONLY neutral retire case=00180 pc=0x80005cd0 opcode=beq x1=0x80005cfd
000000046 RUNTIME_ONLY neutral retire case=00180 pc=0x80005cd4 opcode=csrrw x2=0x80005cfa
000000047 RUNTIME_ONLY neutral retire case=00180 pc=0x80005cd8 opcode=xor x3=0x80005cf7
000000048 RUNTIME_ONLY neutral retire case=00180 pc=0x80005cdc opcode=addi x4=0x80005cec
000000049 RUNTIME_ONLY neutral retire case=00180 pc=0x80005ce0 opcode=lw x5=0x80005cd1
000000050 RUNTIME_ONLY neutral retire case=00180 pc=0x80005ce4 opcode=sw x6=0x80005cd6
000000051 RUNTIME_ONLY neutral retire case=00180 pc=0x80005ce8 opcode=beq x7=0x80005cdb
000000052 RUNTIME_ONLY neutral retire case=00180 pc=0x80005cec opcode=csrrw x8=0x80005cd8
000000053 RUNTIME_ONLY neutral retire case=00180 pc=0x80005cf0 opcode=xor x9=0x80005cc5
000000054 RUNTIME_ONLY neutral retire case=00180 pc=0x80005cf4 opcode=addi x10=0x80005cc2
000000055 RUNTIME_ONLY neutral retire case=00180 pc=0x80005cf8 opcode=lw x11=0x80005ccf
000000056 RUNTIME_ONLY neutral retire case=00180 pc=0x80005cfc opcode=sw x12=0x80005cc4
000000057 RUNTIME_ONLY neutral retire case=00180 pc=0x80005d00 opcode=beq x13=0x80005d39
000000058 RUNTIME_ONLY neutral retire case=00180 pc=0x80005d04 opcode=csrrw x14=0x80005d3e
000000059 RUNTIME_ONLY neutral retire case=00180 pc=0x80005d08 opcode=xor x15=0x80005d33
000000060 RUNTIME_ONLY neutral retire case=00180 pc=0x80005d0c opcode=addi x16=0x80005d30
000000061 RUNTIME_ONLY neutral retire case=00180 pc=0x80005d10 opcode=lw x17=0x80005d2d
000000062 RUNTIME_ONLY neutral retire case=00180 pc=0x80005d14 opcode=sw x18=0x80005d2a
000000063 RUNTIME_ONLY neutral retire case=00180 pc=0x80005d18 opcode=beq x19=0x80005d27
000000064 RUNTIME_ONLY neutral retire case=00180 pc=0x80005d1c opcode=csrrw x20=0x80005d5c
000000065 RUNTIME_ONLY neutral retire case=00180 pc=0x80005d20 opcode=xor x21=0x80005d61
000000066 RUNTIME_ONLY neutral retire case=00180 pc=0x80005d24 opcode=addi x22=0x80005d66
000000067 RUNTIME_ONLY neutral retire case=00180 pc=0x80005d28 opcode=lw x23=0x80005d6b
000000068 RUNTIME_ONLY neutral retire case=00180 pc=0x80005d2c opcode=sw x24=0x80005d68
000000069 RUNTIME_ONLY neutral retire case=00180 pc=0x80005d30 opcode=beq x25=0x80005d75
000000070 RUNTIME_ONLY neutral retire case=00180 pc=0x80005d34 opcode=csrrw x26=0x80005d72
000000071 RUNTIME_ONLY neutral retire case=00180 pc=0x80005d38 opcode=xor x27=0x80005d7f
000000072 RUNTIME_ONLY neutral retire case=00180 pc=0x80005d3c opcode=addi x28=0x80005d74
000000073 RUNTIME_ONLY neutral retire case=00180 pc=0x80005d40 opcode=lw x29=0x80005d09
