UVM_FATAL /runtime_only_unique_aarp.sv(1) @ 1: runtime_only_unique_failure_aarp normalization resistant timing marker
RUNTIME_ONLY_CASE=484 SOURCE_A=benchmark_set_1:4
riscv_debug_basic_test.0 : [FAILED]
RUNTIME_ONLY_COMBINE SOURCE_B=benchmark_set_2:5
spike[937] : pc[ffffffff80000ca2] c.mv s0, sp: s0:00000338
[FAILED]: 883 matched, 64810 mismatch
000000000 RUNTIME_ONLY neutral retire case=00484 pc=0x8000f7ac opcode=csrrw x4=0x8000f7ac
000000001 RUNTIME_ONLY neutral retire case=00484 pc=0x8000f7b0 opcode=xor x5=0x8000f7b1
000000002 RUNTIME_ONLY neutral retire case=00484 pc=0x8000f7b4 opcode=addi x6=0x8000f7b6
000000003 RUNTIME_ONLY neutral retire case=00484 pc=0x8000f7b8 opcode=lw x7=0x8000f7bb
000000004 RUNTIME_ONLY neutral retire case=00484 pc=0x8000f7bc opcode=sw x8=0x8000f7b8
000000005 RUNTIME_ONLY neutral retire case=00484 pc=0x8000f7c0 opcode=beq x9=0x8000f7c5
000000006 RUNTIME_ONLY neutral retire case=00484 pc=0x8000f7c4 opcode=csrrw x10=0x8000f7c2
000000007 RUNTIME_ONLY neutral retire case=00484 pc=0x8000f7c8 opcode=xor x11=0x8000f7cf
000000008 RUNTIME_ONLY neutral retire case=00484 pc=0x8000f7cc opcode=addi x12=0x8000f7c4
000000009 RUNTIME_ONLY neutral retire case=00484 pc=0x8000f7d0 opcode=lw x13=0x8000f7d9
000000010 RUNTIME_ONLY neutral retire case=00484 pc=0x8000f7d4 opcode=sw x14=0x8000f7de
000000011 RUNTIME_ONLY neutral retire case=00484 pc=0x8000f7d8 opcode=beq x15=0x8000f7d3
000000012 RUNTIME_ONLY neutral retire case=00484 pc=0x8000f7dc opcode=csrrw x16=0x8000f7d0
000000013 RUNTIME_ONLY neutral retire case=00484 pc=0x8000f7e0 opcode=xor x17=0x8000f7ed
000000014 RUNTIME_ONLY neutral retire case=00484 pc=0x8000f7e4 opcode=addi x18=0x8000f7ea
000000015 RUNTIME_ONLY neutral retire case=00484 pc=0x8000f7e8 opcode=lw x19=0x8000f7e7
