UVM_FATAL /runtime_only_unique_aaan.sv(1) @ 1: runtime_only_unique_failure_aaan normalization resistant timing marker
RUNTIME_ONLY_CASE=14 SOURCE_A=benchmark_set_2:7
Mismatch[1]:
ibex[167] : pc[80000378] mulhsu x10,x13,x11: a0:00802801
RUNTIME_ONLY_COMBINE SOURCE_B=benchmark_set_2:2
riscv_csr_test.0 : [FAILED]
000000000 RUNTIME_ONLY neutral retire case=00014 pc=0x80000728 opcode=sw x14=0x80000728
000000001 RUNTIME_ONLY neutral retire case=00014 pc=0x8000072c opcode=beq x15=0x8000072d
000000002 RUNTIME_ONLY neutral retire case=00014 pc=0x80000730 opcode=csrrw x16=0x80000732
000000003 RUNTIME_ONLY neutral retire case=00014 pc=0x80000734 opcode=xor x17=0x80000737
000000004 RUNTIME_ONLY neutral retire case=00014 pc=0x80000738 opcode=addi x18=0x8000073c
000000005 RUNTIME_ONLY neutral retire case=00014 pc=0x8000073c opcode=lw x19=0x80000739
000000006 RUNTIME_ONLY neutral retire case=00014 pc=0x80000740 opcode=sw x20=0x80000746
000000007 RUNTIME_ONLY neutral retire case=00014 pc=0x80000744 opcode=beq x21=0x80000743
000000008 RUNTIME_ONLY neutral retire case=00014 pc=0x80000748 opcode=csrrw x22=0x80000740
000000009 RUNTIME_ONLY neutral retire case=00014 pc=0x8000074c opcode=xor x23=0x80000745
000000010 RUNTIME_ONLY neutral retire case=00014 pc=0x80000750 opcode=addi x24=0x8000075a
000000011 RUNTIME_ONLY neutral retire case=00014 pc=0x80000754 opcode=lw x25=0x8000075f
000000012 RUNTIME_ONLY neutral retire case=00014 pc=0x80000758 opcode=sw x26=0x80000754
000000013 RUNTIME_ONLY neutral retire case=00014 pc=0x8000075c opcode=beq x27=0x80000751
000000014 RUNTIME_ONLY neutral retire case=00014 pc=0x80000760 opcode=csrrw x28=0x8000076e
000000015 RUNTIME_ONLY neutral retire case=00014 pc=0x80000764 opcode=xor x29=0x8000076b
000000016 RUNTIME_ONLY neutral retire case=00014 pc=0x80000768 opcode=addi x30=0x80000778
000000017 RUNTIME_ONLY neutral retire case=00014 pc=0x8000076c opcode=lw x31=0x8000077d
000000018 RUNTIME_ONLY neutral retire case=00014 pc=0x80000770 opcode=sw x0=0x80000762
000000019 RUNTIME_ONLY neutral retire case=00014 pc=0x80000774 opcode=beq x1=0x80000767
000000020 RUNTIME_ONLY neutral retire case=00014 pc=0x80000778 opcode=csrrw x2=0x8000076c
000000021 RUNTIME_ONLY neutral retire case=00014 pc=0x8000077c opcode=xor x3=0x80000769
000000022 RUNTIME_ONLY neutral retire case=00014 pc=0x80000780 opcode=addi x4=0x80000796
000000023 RUNTIME_ONLY neutral retire case=00014 pc=0x80000784 opcode=lw x5=0x80000793
000000024 RUNTIME_ONLY neutral retire case=00014 pc=0x80000788 opcode=sw x6=0x80000790
000000025 RUNTIME_ONLY neutral retire case=00014 pc=0x8000078c opcode=beq x7=0x80000795
000000026 RUNTIME_ONLY neutral retire case=00014 pc=0x80000790 opcode=csrrw x8=0x8000078a
000000027 RUNTIME_ONLY neutral retire case=00014 pc=0x80000794 opcode=xor x9=0x8000078f
000000028 RUNTIME_ONLY neutral retire case=00014 pc=0x80000798 opcode=addi x10=0x80000784
000000029 RUNTIME_ONLY neutral retire case=00014 pc=0x8000079c opcode=lw x11=0x80000781
000000030 RUNTIME_ONLY neutral retire case=00014 pc=0x800007a0 opcode=sw x12=0x800007be
000000031 RUNTIME_ONLY neutral retire case=00014 pc=0x800007a4 opcode=beq x13=0x800007bb
000000032 RUNTIME_ONLY neutral retire case=00014 pc=0x800007a8 opcode=csrrw x14=0x80000788
000000033 RUNTIME_ONLY neutral retire case=00014 pc=0x800007ac opcode=xor x15=0x8000078d
000000034 RUNTIME_ONLY neutral retire case=00014 pc=0x800007b0 opcode=addi x16=0x80000792
000000035 RUNTIME_ONLY neutral retire case=00014 pc=0x800007b4 opcode=lw x17=0x80000797
000000036 RUNTIME_ONLY neutral retire case=00014 pc=0x800007b8 opcode=sw x18=0x8000079c
000000037 RUNTIME_ONLY neutral retire case=00014 pc=0x800007bc opcode=beq x19=0x80000799
000000038 RUNTIME_ONLY neutral retire case=00014 pc=0x800007c0 opcode=csrrw x20=0x800007e6
000000039 RUNTIME_ONLY neutral retire case=00014 pc=0x800007c4 opcode=xor x21=0x800007e3
000000040 RUNTIME_ONLY neutral retire case=00014 pc=0x800007c8 opcode=addi x22=0x800007e0
000000041 RUNTIME_ONLY neutral retire case=00014 pc=0x800007cc opcode=lw x23=0x800007e5
000000042 RUNTIME_ONLY neutral retire case=00014 pc=0x800007d0 opcode=sw x24=0x800007fa
000000043 RUNTIME_ONLY neutral retire case=00014 pc=0x800007d4 opcode=beq x25=0x800007ff
000000044 RUNTIME_ONLY neutral retire case=00014 pc=0x800007d8 opcode=csrrw x26=0x800007f4
000000045 RUNTIME_ONLY neutral retire case=00014 pc=0x800007dc opcode=xor x27=0x800007f1
000000046 RUNTIME_ONLY neutral retire case=00014 pc=0x800007e0 opcode=addi x28=0x800007ce
000000047 RUNTIME_ONLY neutral retire case=00014 pc=0x800007e4 opcode=lw x29=0x800007cb
000000048 RUNTIME_ONLY neutral retire case=00014 pc=0x800007e8 opcode=sw x30=0x800007d8
000000049 RUNTIME_ONLY neutral retire case=00014 pc=0x800007ec opcode=beq x31=0x800007dd
000000050 RUNTIME_ONLY neutral retire case=00014 pc=0x800007f0 opcode=csrrw x0=0x800007c2
000000051 RUNTIME_ONLY neutral retire case=00014 pc=0x800007f4 opcode=xor x1=0x800007c7
000000052 RUNTIME_ONLY neutral retire case=00014 pc=0x800007f8 opcode=addi x2=0x800007cc
000000053 RUNTIME_ONLY neutral retire case=00014 pc=0x800007fc opcode=lw x3=0x800007c9
000000054 RUNTIME_ONLY neutral retire case=00014 pc=0x80000800 opcode=sw x4=0x80000836
000000055 RUNTIME_ONLY neutral retire case=00014 pc=0x80000804 opcode=beq x5=0x80000833
000000056 RUNTIME_ONLY neutral retire case=00014 pc=0x80000808 opcode=csrrw x6=0x80000830
000000057 RUNTIME_ONLY neutral retire case=00014 pc=0x8000080c opcode=xor x7=0x80000835
000000058 RUNTIME_ONLY neutral retire case=00014 pc=0x80000810 opcode=addi x8=0x8000082a
000000059 RUNTIME_ONLY neutral retire case=00014 pc=0x80000814 opcode=lw x9=0x8000082f
000000060 RUNTIME_ONLY neutral retire case=00014 pc=0x80000818 opcode=sw x10=0x80000824
000000061 RUNTIME_ONLY neutral retire case=00014 pc=0x8000081c opcode=beq x11=0x80000821
000000062 RUNTIME_ONLY neutral retire case=00014 pc=0x80000820 opcode=csrrw x12=0x8000081e
000000063 RUNTIME_ONLY neutral retire case=00014 pc=0x80000824 opcode=xor x13=0x8000081b
000000064 RUNTIME_ONLY neutral retire case=00014 pc=0x80000828 opcode=addi x14=0x80000868
000000065 RUNTIME_ONLY neutral retire case=00014 pc=0x8000082c opcode=lw x15=0x8000086d
000000066 RUNTIME_ONLY neutral retire case=00014 pc=0x80000830 opcode=sw x16=0x80000872
000000067 RUNTIME_ONLY neutral retire case=00014 pc=0x80000834 opcode=beq x17=0x80000877
000000068 RUNTIME_ONLY neutral retire case=00014 pc=0x80000838 opcode=csrrw x18=0x8000087c
000000069 RUNTIME_ONLY neutral retire case=00014 pc=0x8000083c opcode=xor x19=0x80000879
000000070 RUNTIME_ONLY neutral retire case=00014 pc=0x80000840 opcode=addi x20=0x80000806
000000071 RUNTIME_ONLY neutral retire case=00014 pc=0x80000844 opcode=lw x21=0x80000803
000000072 RUNTIME_ONLY neutral retire case=00014 pc=0x80000848 opcode=sw x22=0x80000800
000000073 RUNTIME_ONLY neutral retire case=00014 pc=0x8000084c opcode=beq x23=0x80000805
000000074 RUNTIME_ONLY neutral retire case=00014 pc=0x80000850 opcode=csrrw x24=0x8000081a
000000075 RUNTIME_ONLY neutral retire case=00014 pc=0x80000854 opcode=xor x25=0x8000081f
000000076 RUNTIME_ONLY neutral retire case=00014 pc=0x80000858 opcode=addi x26=0x80000814
000000077 RUNTIME_ONLY neutral retire case=00014 pc=0x8000085c opcode=lw x27=0x80000811
000000078 RUNTIME_ONLY neutral retire case=00014 pc=0x80000860 opcode=sw x28=0x8000082e
000000079 RUNTIME_ONLY neutral retire case=00014 pc=0x80000864 opcode=beq x29=0x8000082b
000000080 RUNTIME_ONLY neutral retire case=00014 pc=0x80000868 opcode=csrrw x30=0x80000838
000000081 RUNTIME_ONLY neutral retire case=00014 pc=0x8000086c opcode=xor x31=0x8000083d
000000082 RUNTIME_ONLY neutral retire case=00014 pc=0x80000870 opcode=addi x0=0x80000822
000000083 RUNTIME_ONLY neutral retire case=00014 pc=0x80000874 opcode=lw x1=0x80000827
000000084 RUNTIME_ONLY neutral retire case=00014 pc=0x80000878 opcode=sw x2=0x8000082c
000000085 RUNTIME_ONLY neutral retire case=00014 pc=0x8000087c opcode=beq x3=0x80000829
000000086 RUNTIME_ONLY neutral retire case=00014 pc=0x80000880 opcode=csrrw x4=0x800008d6
000000087 RUNTIME_ONLY neutral retire case=00014 pc=0x80000884 opcode=xor x5=0x800008d3
000000088 RUNTIME_ONLY neutral retire case=00014 pc=0x80000888 opcode=addi x6=0x800008d0
000000089 RUNTIME_ONLY neutral retire case=00014 pc=0x8000088c opcode=lw x7=0x800008d5
000000090 RUNTIME_ONLY neutral retire case=00014 pc=0x80000890 opcode=sw x8=0x800008ca
000000091 RUNTIME_ONLY neutral retire case=00014 pc=0x80000894 opcode=beq x9=0x800008cf
000000092 RUNTIME_ONLY neutral retire case=00014 pc=0x80000898 opcode=csrrw x10=0x800008c4
000000093 RUNTIME_ONLY neutral retire case=00014 pc=0x8000089c opcode=xor x11=0x800008c1
000000094 RUNTIME_ONLY neutral retire case=00014 pc=0x800008a0 opcode=addi x12=0x800008fe
000000095 RUNTIME_ONLY neutral retire case=00014 pc=0x800008a4 opcode=lw x13=0x800008fb
000000096 RUNTIME_ONLY neutral retire case=00014 pc=0x800008a8 opcode=sw x14=0x800008c8
000000097 RUNTIME_ONLY neutral retire case=00014 pc=0x800008ac opcode=beq x15=0x800008cd
000000098 RUNTIME_ONLY neutral retire case=00014 pc=0x800008b0 opcode=csrrw x16=0x800008d2
000000099 RUNTIME_ONLY neutral retire case=00014 pc=0x800008b4 opcode=xor x17=0x800008d7
000000100 RUNTIME_ONLY neutral retire case=00014 pc=0x800008b8 opcode=addi x18=0x800008dc
000000101 RUNTIME_ONLY neutral retire case=00014 pc=0x800008bc opcode=lw x19=0x800008d9
000000102 RUNTIME_ONLY neutral retire case=00014 pc=0x800008c0 opcode=sw x20=0x800008a6
000000103 RUNTIME_ONLY neutral retire case=00014 pc=0x800008c4 opcode=beq x21=0x800008a3
000000104 RUNTIME_ONLY neutral retire case=00014 pc=0x800008c8 opcode=csrrw x22=0x800008a0
000000105 RUNTIME_ONLY neutral retire case=00014 pc=0x800008cc opcode=xor x23=0x800008a5
000000106 RUNTIME_ONLY neutral retire case=00014 pc=0x800008d0 opcode=addi x24=0x800008ba
000000107 RUNTIME_ONLY neutral retire case=00014 pc=0x800008d4 opcode=lw x25=0x800008bf
000000108 RUNTIME_ONLY neutral retire case=00014 pc=0x800008d8 opcode=sw x26=0x800008b4
000000109 RUNTIME_ONLY neutral retire case=00014 pc=0x800008dc opcode=beq x27=0x800008b1
000000110 RUNTIME_ONLY neutral retire case=00014 pc=0x800008e0 opcode=csrrw x28=0x8000088e
000000111 RUNTIME_ONLY neutral retire case=00014 pc=0x800008e4 opcode=xor x29=0x8000088b
000000112 RUNTIME_ONLY neutral retire case=00014 pc=0x800008e8 opcode=addi x30=0x80000898
000000113 RUNTIME_ONLY neutral retire case=00014 pc=0x800008ec opcode=lw x31=0x8000089d
000000114 RUNTIME_ONLY neutral retire case=00014 pc=0x800008f0 opcode=sw x0=0x80000882
000000115 RUNTIME_ONLY neutral retire case=00014 pc=0x800008f4 opcode=beq x1=0x80000887
000000116 RUNTIME_ONLY neutral retire case=00014 pc=0x800008f8 opcode=csrrw x2=0x8000088c
000000117 RUNTIME_ONLY neutral retire case=00014 pc=0x800008fc opcode=xor x3=0x80000889
000000118 RUNTIME_ONLY neutral retire case=00014 pc=0x80000900 opcode=addi x4=0x80000976
000000119 RUNTIME_ONLY neutral retire case=00014 pc=0x80000904 opcode=lw x5=0x80000973
000000120 RUNTIME_ONLY neutral retire case=00014 pc=0x80000908 opcode=sw x6=0x80000970
000000121 RUNTIME_ONLY neutral retire case=00014 pc=0x8000090c opcode=beq x7=0x80000975
000000122 RUNTIME_ONLY neutral retire case=00014 pc=0x80000910 opcode=csrrw x8=0x8000096a
000000123 RUNTIME_ONLY neutral retire case=00014 pc=0x80000914 opcode=xor x9=0x8000096f
000000124 RUNTIME_ONLY neutral retire case=00014 pc=0x80000918 opcode=addi x10=0x80000964
000000125 RUNTIME_ONLY neutral retire case=00014 pc=0x8000091c opcode=lw x11=0x80000961
000000126 RUNTIME_ONLY neutral retire case=00014 pc=0x80000920 opcode=sw x12=0x8000095e
000000127 RUNTIME_ONLY neutral retire case=00014 pc=0x80000924 opcode=beq x13=0x8000095b
000000128 RUNTIME_ONLY neutral retire case=00014 pc=0x80000928 opcode=csrrw x14=0x800009a8
000000129 RUNTIME_ONLY neutral retire case=00014 pc=0x8000092c opcode=xor x15=0x800009ad
000000130 RUNTIME_ONLY neutral retire case=00014 pc=0x80000930 opcode=addi x16=0x800009b2
000000131 RUNTIME_ONLY neutral retire case=00014 pc=0x80000934 opcode=lw x17=0x800009b7
000000132 RUNTIME_ONLY neutral retire case=00014 pc=0x80000938 opcode=sw x18=0x800009bc
000000133 RUNTIME_ONLY neutral retire case=00014 pc=0x8000093c opcode=beq x19=0x800009b9
000000134 RUNTIME_ONLY neutral retire case=00014 pc=0x80000940 opcode=csrrw x20=0x800009c6
000000135 RUNTIME_ONLY neutral retire case=00014 pc=0x80000944 opcode=xor x21=0x800009c3
000000136 RUNTIME_ONLY neutral retire case=00014 pc=0x80000948 opcode=addi x22=0x800009c0
000000137 RUNTIME_ONLY neutral retire case=00014 pc=0x8000094c opcode=lw x23=0x800009c5
000000138 RUNTIME_ONLY neutral retire case=00014 pc=0x80000950 opcode=sw x24=0x800009da
000000139 RUNTIME_ONLY neutral retire case=00014 pc=0x80000954 opcode=beq x25=0x800009df
000000140 RUNTIME_ONLY neutral retire case=00014 pc=0x80000958 opcode=csrrw x26=0x800009d4
000000141 RUNTIME_ONLY neutral retire case=00014 pc=0x8000095c opcode=xor x27=0x800009d1
000000142 RUNTIME_ONLY neutral retire case=00014 pc=0x80000960 opcode=addi x28=0x800009ee
000000143 RUNTIME_ONLY neutral retire case=00014 pc=0x80000964 opcode=lw x29=0x800009eb
000000144 RUNTIME_ONLY neutral retire case=00014 pc=0x80000968 opcode=sw x30=0x800009f8
000000145 RUNTIME_ONLY neutral retire case=00014 pc=0x8000096c opcode=beq x31=0x800009fd
000000146 RUNTIME_ONLY neutral retire case=00014 pc=0x80000970 opcode=csrrw x0=0x800009e2
000000147 RUNTIME_ONLY neutral retire case=00014 pc=0x80000974 opcode=xor x1=0x800009e7
000000148 RUNTIME_ONLY neutral retire case=00014 pc=0x80000978 opcode=addi x2=0x800009ec
000000149 RUNTIME_ONLY neutral retire case=00014 pc=0x8000097c opcode=lw x3=0x800009e9
000000150 RUNTIME_ONLY neutral retire case=00014 pc=0x80000980 opcode=sw x4=0x80000916
000000151 RUNTIME_ONLY neutral retire case=00014 pc=0x80000984 opcode=beq x5=0x80000913
000000152 RUNTIME_ONLY neutral retire case=00014 pc=0x80000988 opcode=csrrw x6=0x80000910
000000153 RUNTIME_ONLY neutral retire case=00014 pc=0x8000098c opcode=xor x7=0x80000915
000000154 RUNTIME_ONLY neutral retire case=00014 pc=0x80000990 opcode=addi x8=0x8000090a
000000155 RUNTIME_ONLY neutral retire case=00014 pc=0x80000994 opcode=lw x9=0x8000090f
000000156 RUNTIME_ONLY neutral retire case=00014 pc=0x80000998 opcode=sw x10=0x80000904
000000157 RUNTIME_ONLY neutral retire case=00014 pc=0x8000099c opcode=beq x11=0x80000901
000000158 RUNTIME_ONLY neutral retire case=00014 pc=0x800009a0 opcode=csrrw x12=0x8000093e
000000159 RUNTIME_ONLY neutral retire case=00014 pc=0x800009a4 opcode=xor x13=0x8000093b
000000160 RUNTIME_ONLY neutral retire case=00014 pc=0x800009a8 opcode=addi x14=0x80000908
000000161 RUNTIME_ONLY neutral retire case=00014 pc=0x800009ac opcode=lw x15=0x8000090d
000000162 RUNTIME_ONLY neutral retire case=00014 pc=0x800009b0 opcode=sw x16=0x80000912
000000163 RUNTIME_ONLY neutral retire case=00014 pc=0x800009b4 opcode=beq x17=0x80000917
000000164 RUNTIME_ONLY neutral retire case=00014 pc=0x800009b8 opcode=csrrw x18=0x8000091c
000000165 RUNTIME_ONLY neutral retire case=00014 pc=0x800009bc opcode=xor x19=0x80000919
000000166 RUNTIME_ONLY neutral retire case=00014 pc=0x800009c0 opcode=addi x20=0x80000966
000000167 RUNTIME_ONLY neutral retire case=00014 pc=0x800009c4 opcode=lw x21=0x80000963
000000168 RUNTIME_ONLY neutral retire case=00014 pc=0x800009c8 opcode=sw x22=0x80000960
000000169 RUNTIME_ONLY neutral retire case=00014 pc=0x800009cc opcode=beq x23=0x80000965
000000170 RUNTIME_ONLY neutral retire case=00014 pc=0x800009d0 opcode=csrrw x24=0x8000097a
000000171 RUNTIME_ONLY neutral retire case=00014 pc=0x800009d4 opcode=xor x25=0x8000097f
000000172 RUNTIME_ONLY neutral retire case=00014 pc=0x800009d8 opcode=addi x26=0x80000974
000000173 RUNTIME_ONLY neutral retire case=00014 pc=0x800009dc opcode=lw x27=0x80000971
000000174 RUNTIME_ONLY neutral retire case=00014 pc=0x800009e0 opcode=sw x28=0x8000094e
000000175 RUNTIME_ONLY neutral retire case=00014 pc=0x800009e4 opcode=beq x29=0x8000094b
000000176 RUNTIME_ONLY neutral retire case=00014 pc=0x800009e8 opcode=csrrw x30=0x80000958
000000177 RUNTIME_ONLY neutral retire case=00014 pc=0x800009ec opcode=xor x31=0x8000095d
000000178 RUNTIME_ONLY neutral retire case=00014 pc=0x800009f0 opcode=addi x0=0x80000942
000000179 RUNTIME_ONLY neutral retire case=00014 pc=0x800009f4 opcode=lw x1=0x80000947
000000180 RUNTIME_ONLY neutral retire case=00014 pc=0x800009f8 opcode=sw x2=0x8000094c
000000181 RUNTIME_ONLY neutral retire case=00014 pc=0x800009fc opcode=beq x3=0x80000949
000000182 RUNTIME_ONLY neutral retire case=00014 pc=0x80000a00 opcode=csrrw x4=0x80000ab6
000000183 RUNTIME_ONLY neutral retire case=00014 pc=0x80000a04 opcode=xor x5=0x80000ab3
000000184 RUNTIME_ONLY neutral retire case=00014 pc=0x80000a08 opcode=addi x6=0x80000ab0
000000185 RUNTIME_ONLY neutral retire case=00014 pc=0x80000a0c opcode=lw x7=0x80000ab5
000000186 RUNTIME_ONLY neutral retire case=00014 pc=0x80000a10 opcode=sw x8=0x80000aaa
000000187 RUNTIME_ONLY neutral retire case=00014 pc=0x80000a14 opcode=beq x9=0x80000aaf
000000188 RUNTIME_ONLY neutral retire case=00014 pc=0x80000a18 opcode=csrrw x10=0x80000aa4
000000189 RUNTIME_ONLY neutral retire case=00014 pc=0x80000a1c opcode=xor x11=0x80000aa1
000000190 RUNTIME_ONLY neutral retire case=00014 pc=0x80000a20 opcode=addi x12=0x80000a9e
000000191 RUNTIME_ONLY neutral retire case=00014 pc=0x80000a24 opcode=lw x13=0x80000a9b
000000192 RUNTIME_ONLY neutral retire case=00014 pc=0x80000a28 opcode=sw x14=0x80000ae8
000000193 RUNTIME_ONLY neutral retire case=00014 pc=0x80000a2c opcode=beq x15=0x80000aed
000000194 RUNTIME_ONLY neutral retire case=00014 pc=0x80000a30 opcode=csrrw x16=0x80000af2
000000195 RUNTIME_ONLY neutral retire case=00014 pc=0x80000a34 opcode=xor x17=0x80000af7
000000196 RUNTIME_ONLY neutral retire case=00014 pc=0x80000a38 opcode=addi x18=0x80000afc
000000197 RUNTIME_ONLY neutral retire case=00014 pc=0x80000a3c opcode=lw x19=0x80000af9
000000198 RUNTIME_ONLY neutral retire case=00014 pc=0x80000a40 opcode=sw x20=0x80000a86
000000199 RUNTIME_ONLY neutral retire case=00014 pc=0x80000a44 opcode=beq x21=0x80000a83
000000200 RUNTIME_ONLY neutral retire case=00014 pc=0x80000a48 opcode=csrrw x22=0x80000a80
000000201 RUNTIME_ONLY neutral retire case=00014 pc=0x80000a4c opcode=xor x23=0x80000a85
000000202 RUNTIME_ONLY neutral retire case=00014 pc=0x80000a50 opcode=addi x24=0x80000a9a
000000203 RUNTIME_ONLY neutral retire case=00014 pc=0x80000a54 opcode=lw x25=0x80000a9f
000000204 RUNTIME_ONLY neutral retire case=00014 pc=0x80000a58 opcode=sw x26=0x80000a94
000000205 RUNTIME_ONLY neutral retire case=00014 pc=0x80000a5c opcode=beq x27=0x80000a91
000000206 RUNTIME_ONLY neutral retire case=00014 pc=0x80000a60 opcode=csrrw x28=0x80000aae
000000207 RUNTIME_ONLY neutral retire case=00014 pc=0x80000a64 opcode=xor x29=0x80000aab
000000208 RUNTIME_ONLY neutral retire case=00014 pc=0x80000a68 opcode=addi x30=0x80000ab8
000000209 RUNTIME_ONLY neutral retire case=00014 pc=0x80000a6c opcode=lw x31=0x80000abd
000000210 RUNTIME_ONLY neutral retire case=00014 pc=0x80000a70 opcode=sw x0=0x80000aa2
000000211 RUNTIME_ONLY neutral retire case=00014 pc=0x80000a74 opcode=beq x1=0x80000aa7
000000212 RUNTIME_ONLY neutral retire case=00014 pc=0x80000a78 opcode=csrrw x2=0x80000aac
000000213 RUNTIME_ONLY neutral retire case=00014 pc=0x80000a7c opcode=xor x3=0x80000aa9
000000214 RUNTIME_ONLY neutral retire case=00014 pc=0x80000a80 opcode=addi x4=0x80000a56
000000215 RUNTIME_ONLY neutral retire case=00014 pc=0x80000a84 opcode=lw x5=0x80000a53
000000216 RUNTIME_ONLY neutral retire case=00014 pc=0x80000a88 opcode=sw x6=0x80000a50
000000217 RUNTIME_ONLY neutral retire case=00014 pc=0x80000a8c opcode=beq x7=0x80000a55
000000218 RUNTIME_ONLY neutral retire case=00014 pc=0x80000a90 opcode=csrrw x8=0x80000a4a
000000219 RUNTIME_ONLY neutral retire case=00014 pc=0x80000a94 opcode=xor x9=0x80000a4f
000000220 RUNTIME_ONLY neutral retire case=00014 pc=0x80000a98 opcode=addi x10=0x80000a44
000000221 RUNTIME_ONLY neutral retire case=00014 pc=0x80000a9c opcode=lw x11=0x80000a41
000000222 RUNTIME_ONLY neutral retire case=00014 pc=0x80000aa0 opcode=sw x12=0x80000a7e
000000223 RUNTIME_ONLY neutral retire case=00014 pc=0x80000aa4 opcode=beq x13=0x80000a7b
000000224 RUNTIME_ONLY neutral retire case=00014 pc=0x80000aa8 opcode=csrrw x14=0x80000a48
000000225 RUNTIME_ONLY neutral retire case=00014 pc=0x80000aac opcode=xor x15=0x80000a4d
000000226 RUNTIME_ONLY neutral retire case=00014 pc=0x80000ab0 opcode=addi x16=0x80000a52
000000227 RUNTIME_ONLY neutral retire case=00014 pc=0x80000ab4 opcode=lw x17=0x80000a57
000000228 RUNTIME_ONLY neutral retire case=00014 pc=0x80000ab8 opcode=sw x18=0x80000a5c
000000229 RUNTIME_ONLY neutral retire case=00014 pc=0x80000abc opcode=beq x19=0x80000a59
000000230 RUNTIME_ONLY neutral retire case=00014 pc=0x80000ac0 opcode=csrrw x20=0x80000a26
000000231 RUNTIME_ONLY neutral retire case=00014 pc=0x80000ac4 opcode=xor x21=0x80000a23
000000232 RUNTIME_ONLY neutral retire case=00014 pc=0x80000ac8 opcode=addi x22=0x80000a20
000000233 RUNTIME_ONLY neutral retire case=00014 pc=0x80000acc opcode=lw x23=0x80000a25
000000234 RUNTIME_ONLY neutral retire case=00014 pc=0x80000ad0 opcode=sw x24=0x80000a3a
000000235 RUNTIME_ONLY neutral retire case=00014 pc=0x80000ad4 opcode=beq x25=0x80000a3f
000000236 RUNTIME_ONLY neutral retire case=00014 pc=0x80000ad8 opcode=csrrw x26=0x80000a34
000000237 RUNTIME_ONLY neutral retire case=00014 pc=0x80000adc opcode=xor x27=0x80000a31
000000238 RUNTIME_ONLY neutral retire case=00014 pc=0x80000ae0 opcode=addi x28=0x80000a0e
000000239 RUNTIME_ONLY neutral retire case=00014 pc=0x80000ae4 opcode=lw x29=0x80000a0b
000000240 RUNTIME_ONLY neutral retire case=00014 pc=0x80000ae8 opcode=sw x30=0x80000a18
000000241 RUNTIME_ONLY neutral retire case=00014 pc=0x80000aec opcode=beq x31=0x80000a1d
000000242 RUNTIME_ONLY neutral retire case=00014 pc=0x80000af0 opcode=csrrw x0=0x80000a02
000000243 RUNTIME_ONLY neutral retire case=00014 pc=0x80000af4 opcode=xor x1=0x80000a07
000000244 RUNTIME_ONLY neutral retire case=00014 pc=0x80000af8 opcode=addi x2=0x80000a0c
000000245 RUNTIME_ONLY neutral retire case=00014 pc=0x80000afc opcode=lw x3=0x80000a09
000000246 RUNTIME_ONLY neutral retire case=00014 pc=0x80000b00 opcode=sw x4=0x80000bf6
000000247 RUNTIME_ONLY neutral retire case=00014 pc=0x80000b04 opcode=beq x5=0x80000bf3
000000248 RUNTIME_ONLY neutral retire case=00014 pc=0x80000b08 opcode=csrrw x6=0x80000bf0
000000249 RUNTIME_ONLY neutral retire case=00014 pc=0x80000b0c opcode=xor x7=0x80000bf5
000000250 RUNTIME_ONLY neutral retire case=00014 pc=0x80000b10 opcode=addi x8=0x80000bea
000000251 RUNTIME_ONLY neutral retire case=00014 pc=0x80000b14 opcode=lw x9=0x80000bef
000000252 RUNTIME_ONLY neutral retire case=00014 pc=0x80000b18 opcode=sw x10=0x80000be4
000000253 RUNTIME_ONLY neutral retire case=00014 pc=0x80000b1c opcode=beq x11=0x80000be1
000000254 RUNTIME_ONLY neutral retire case=00014 pc=0x80000b20 opcode=csrrw x12=0x80000bde
000000255 RUNTIME_ONLY neutral retire case=00014 pc=0x80000b24 opcode=xor x13=0x80000bdb
000000256 RUNTIME_ONLY neutral retire case=00014 pc=0x80000b28 opcode=addi x14=0x80000a28
000000257 RUNTIME_ONLY neutral retire case=00014 pc=0x80000b2c opcode=lw x15=0x80000a2d
000000258 RUNTIME_ONLY neutral retire case=00014 pc=0x80000b30 opcode=sw x16=0x80000a32
000000259 RUNTIME_ONLY neutral retire case=00014 pc=0x80000b34 opcode=beq x17=0x80000a37
000000260 RUNTIME_ONLY neutral retire case=00014 pc=0x80000b38 opcode=csrrw x18=0x80000a3c
000000261 RUNTIME_ONLY neutral retire case=00014 pc=0x80000b3c opcode=xor x19=0x80000a39
000000262 RUNTIME_ONLY neutral retire case=00014 pc=0x80000b40 opcode=addi x20=0x80000a46
000000263 RUNTIME_ONLY neutral retire case=00014 pc=0x80000b44 opcode=lw x21=0x80000a43
000000264 RUNTIME_ONLY neutral retire case=00014 pc=0x80000b48 opcode=sw x22=0x80000a40
000000265 RUNTIME_ONLY neutral retire case=00014 pc=0x80000b4c opcode=beq x23=0x80000a45
000000266 RUNTIME_ONLY neutral retire case=00014 pc=0x80000b50 opcode=csrrw x24=0x80000a5a
000000267 RUNTIME_ONLY neutral retire case=00014 pc=0x80000b54 opcode=xor x25=0x80000a5f
000000268 RUNTIME_ONLY neutral retire case=00014 pc=0x80000b58 opcode=addi x26=0x80000a54
000000269 RUNTIME_ONLY neutral retire case=00014 pc=0x80000b5c opcode=lw x27=0x80000a51
000000270 RUNTIME_ONLY neutral retire case=00014 pc=0x80000b60 opcode=sw x28=0x80000a6e
000000271 RUNTIME_ONLY neutral retire case=00014 pc=0x80000b64 opcode=beq x29=0x80000a6b
000000272 RUNTIME_ONLY neutral retire case=00014 pc=0x80000b68 opcode=csrrw x30=0x80000a78
000000273 RUNTIME_ONLY neutral retire case=00014 pc=0x80000b6c opcode=xor x31=0x80000a7d
000000274 RUNTIME_ONLY neutral retire case=00014 pc=0x80000b70 opcode=addi x0=0x80000a62
000000275 RUNTIME_ONLY neutral retire case=00014 pc=0x80000b74 opcode=lw x1=0x80000a67
000000276 RUNTIME_ONLY neutral retire case=00014 pc=0x80000b78 opcode=sw x2=0x80000a6c
000000277 RUNTIME_ONLY neutral retire case=00014 pc=0x80000b7c opcode=beq x3=0x80000a69
000000278 RUNTIME_ONLY neutral retire case=00014 pc=0x80000b80 opcode=csrrw x4=0x80000a96
000000279 RUNTIME_ONLY neutral retire case=00014 pc=0x80000b84 opcode=xor x5=0x80000a93
000000280 RUNTIME_ONLY neutral retire case=00014 pc=0x80000b88 opcode=addi x6=0x80000a90
000000281 RUNTIME_ONLY neutral retire case=00014 pc=0x80000b8c opcode=lw x7=0x80000a95
000000282 RUNTIME_ONLY neutral retire case=00014 pc=0x80000b90 opcode=sw x8=0x80000a8a
000000283 RUNTIME_ONLY neutral retire case=00014 pc=0x80000b94 opcode=beq x9=0x80000a8f
000000284 RUNTIME_ONLY neutral retire case=00014 pc=0x80000b98 opcode=csrrw x10=0x80000a84
000000285 RUNTIME_ONLY neutral retire case=00014 pc=0x80000b9c opcode=xor x11=0x80000a81
000000286 RUNTIME_ONLY neutral retire case=00014 pc=0x80000ba0 opcode=addi x12=0x80000abe
000000287 RUNTIME_ONLY neutral retire case=00014 pc=0x80000ba4 opcode=lw x13=0x80000abb
000000288 RUNTIME_ONLY neutral retire case=00014 pc=0x80000ba8 opcode=sw x14=0x80000a88
000000289 RUNTIME_ONLY neutral retire case=00014 pc=0x80000bac opcode=beq x15=0x80000a8d
000000290 RUNTIME_ONLY neutral retire case=00014 pc=0x80000bb0 opcode=csrrw x16=0x80000a92
000000291 RUNTIME_ONLY neutral retire case=00014 pc=0x80000bb4 opcode=xor x17=0x80000a97
000000292 RUNTIME_ONLY neutral retire case=00014 pc=0x80000bb8 opcode=addi x18=0x80000a9c
000000293 RUNTIME_ONLY neutral retire case=00014 pc=0x80000bbc opcode=lw x19=0x80000a99
000000294 RUNTIME_ONLY neutral retire case=00014 pc=0x80000bc0 opcode=sw x20=0x80000ae6
000000295 RUNTIME_ONLY neutral retire case=00014 pc=0x80000bc4 opcode=beq x21=0x80000ae3
000000296 RUNTIME_ONLY neutral retire case=00014 pc=0x80000bc8 opcode=csrrw x22=0x80000ae0
000000297 RUNTIME_ONLY neutral retire case=00014 pc=0x80000bcc opcode=xor x23=0x80000ae5
000000298 RUNTIME_ONLY neutral retire case=00014 pc=0x80000bd0 opcode=addi x24=0x80000afa
000000299 RUNTIME_ONLY neutral retire case=00014 pc=0x80000bd4 opcode=lw x25=0x80000aff
000000300 RUNTIME_ONLY neutral retire case=00014 pc=0x80000bd8 opcode=sw x26=0x80000af4
000000301 RUNTIME_ONLY neutral retire case=00014 pc=0x80000bdc opcode=beq x27=0x80000af1
000000302 RUNTIME_ONLY neutral retire case=00014 pc=0x80000be0 opcode=csrrw x28=0x80000ace
000000303 RUNTIME_ONLY neutral retire case=00014 pc=0x80000be4 opcode=xor x29=0x80000acb
000000304 RUNTIME_ONLY neutral retire case=00014 pc=0x80000be8 opcode=addi x30=0x80000ad8
000000305 RUNTIME_ONLY neutral retire case=00014 pc=0x80000bec opcode=lw x31=0x80000add
000000306 RUNTIME_ONLY neutral retire case=00014 pc=0x80000bf0 opcode=sw x0=0x80000ac2
000000307 RUNTIME_ONLY neutral retire case=00014 pc=0x80000bf4 opcode=beq x1=0x80000ac7
000000308 RUNTIME_ONLY neutral retire case=00014 pc=0x80000bf8 opcode=csrrw x2=0x80000acc
000000309 RUNTIME_ONLY neutral retire case=00014 pc=0x80000bfc opcode=xor x3=0x80000ac9
000000310 RUNTIME_ONLY neutral retire case=00014 pc=0x80000c00 opcode=addi x4=0x80000d36
000000311 RUNTIME_ONLY neutral retire case=00014 pc=0x80000c04 opcode=lw x5=0x80000d33
000000312 RUNTIME_ONLY neutral retire case=00014 pc=0x80000c08 opcode=sw x6=0x80000d30
000000313 RUNTIME_ONLY neutral retire case=00014 pc=0x80000c0c opcode=beq x7=0x80000d35
000000314 RUNTIME_ONLY neutral retire case=00014 pc=0x80000c10 opcode=csrrw x8=0x80000d2a
000000315 RUNTIME_ONLY neutral retire case=00014 pc=0x80000c14 opcode=xor x9=0x80000d2f
000000316 RUNTIME_ONLY neutral retire case=00014 pc=0x80000c18 opcode=addi x10=0x80000d24
000000317 RUNTIME_ONLY neutral retire case=00014 pc=0x80000c1c opcode=lw x11=0x80000d21
000000318 RUNTIME_ONLY neutral retire case=00014 pc=0x80000c20 opcode=sw x12=0x80000d1e
000000319 RUNTIME_ONLY neutral retire case=00014 pc=0x80000c24 opcode=beq x13=0x80000d1b
000000320 RUNTIME_ONLY neutral retire case=00014 pc=0x80000c28 opcode=csrrw x14=0x80000d68
000000321 RUNTIME_ONLY neutral retire case=00014 pc=0x80000c2c opcode=xor x15=0x80000d6d
000000322 RUNTIME_ONLY neutral retire case=00014 pc=0x80000c30 opcode=addi x16=0x80000d72
000000323 RUNTIME_ONLY neutral retire case=00014 pc=0x80000c34 opcode=lw x17=0x80000d77
000000324 RUNTIME_ONLY neutral retire case=00014 pc=0x80000c38 opcode=sw x18=0x80000d7c
000000325 RUNTIME_ONLY neutral retire case=00014 pc=0x80000c3c opcode=beq x19=0x80000d79
000000326 RUNTIME_ONLY neutral retire case=00014 pc=0x80000c40 opcode=csrrw x20=0x80000d06
000000327 RUNTIME_ONLY neutral retire case=00014 pc=0x80000c44 opcode=xor x21=0x80000d03
000000328 RUNTIME_ONLY neutral retire case=00014 pc=0x80000c48 opcode=addi x22=0x80000d00
000000329 RUNTIME_ONLY neutral retire case=00014 pc=0x80000c4c opcode=lw x23=0x80000d05
000000330 RUNTIME_ONLY neutral retire case=00014 pc=0x80000c50 opcode=sw x24=0x80000d1a
000000331 RUNTIME_ONLY neutral retire case=00014 pc=0x80000c54 opcode=beq x25=0x80000d1f
000000332 RUNTIME_ONLY neutral retire case=00014 pc=0x80000c58 opcode=csrrw x26=0x80000d14
000000333 RUNTIME_ONLY neutral retire case=00014 pc=0x80000c5c opcode=xor x27=0x80000d11
000000334 RUNTIME_ONLY neutral retire case=00014 pc=0x80000c60 opcode=addi x28=0x80000d2e
000000335 RUNTIME_ONLY neutral retire case=00014 pc=0x80000c64 opcode=lw x29=0x80000d2b
000000336 RUNTIME_ONLY neutral retire case=00014 pc=0x80000c68 opcode=sw x30=0x80000d38
000000337 RUNTIME_ONLY neutral retire case=00014 pc=0x80000c6c opcode=beq x31=0x80000d3d
000000338 RUNTIME_ONLY neutral retire case=00014 pc=0x80000c70 opcode=csrrw x0=0x80000d22
000000339 RUNTIME_ONLY neutral retire case=00014 pc=0x80000c74 opcode=xor x1=0x80000d27
000000340 RUNTIME_ONLY neutral retire case=00014 pc=0x80000c78 opcode=addi x2=0x80000d2c
000000341 RUNTIME_ONLY neutral retire case=00014 pc=0x80000c7c opcode=lw x3=0x80000d29
000000342 RUNTIME_ONLY neutral retire case=00014 pc=0x80000c80 opcode=sw x4=0x80000dd6
000000343 RUNTIME_ONLY neutral retire case=00014 pc=0x80000c84 opcode=beq x5=0x80000dd3
000000344 RUNTIME_ONLY neutral retire case=00014 pc=0x80000c88 opcode=csrrw x6=0x80000dd0
000000345 RUNTIME_ONLY neutral retire case=00014 pc=0x80000c8c opcode=xor x7=0x80000dd5
000000346 RUNTIME_ONLY neutral retire case=00014 pc=0x80000c90 opcode=addi x8=0x80000dca
000000347 RUNTIME_ONLY neutral retire case=00014 pc=0x80000c94 opcode=lw x9=0x80000dcf
000000348 RUNTIME_ONLY neutral retire case=00014 pc=0x80000c98 opcode=sw x10=0x80000dc4
000000349 RUNTIME_ONLY neutral retire case=00014 pc=0x80000c9c opcode=beq x11=0x80000dc1
000000350 RUNTIME_ONLY neutral retire case=00014 pc=0x80000ca0 opcode=csrrw x12=0x80000dfe
000000351 RUNTIME_ONLY neutral retire case=00014 pc=0x80000ca4 opcode=xor x13=0x80000dfb
000000352 RUNTIME_ONLY neutral retire case=00014 pc=0x80000ca8 opcode=addi x14=0x80000dc8
000000353 RUNTIME_ONLY neutral retire case=00014 pc=0x80000cac opcode=lw x15=0x80000dcd
000000354 RUNTIME_ONLY neutral retire case=00014 pc=0x80000cb0 opcode=sw x16=0x80000dd2
000000355 RUNTIME_ONLY neutral retire case=00014 pc=0x80000cb4 opcode=beq x17=0x80000dd7
000000356 RUNTIME_ONLY neutral retire case=00014 pc=0x80000cb8 opcode=csrrw x18=0x80000ddc
000000357 RUNTIME_ONLY neutral retire case=00014 pc=0x80000cbc opcode=xor x19=0x80000dd9
000000358 RUNTIME_ONLY neutral retire case=00014 pc=0x80000cc0 opcode=addi x20=0x80000da6
000000359 RUNTIME_ONLY neutral retire case=00014 pc=0x80000cc4 opcode=lw x21=0x80000da3
000000360 RUNTIME_ONLY neutral retire case=00014 pc=0x80000cc8 opcode=sw x22=0x80000da0
000000361 RUNTIME_ONLY neutral retire case=00014 pc=0x80000ccc opcode=beq x23=0x80000da5
000000362 RUNTIME_ONLY neutral retire case=00014 pc=0x80000cd0 opcode=csrrw x24=0x80000dba
000000363 RUNTIME_ONLY neutral retire case=00014 pc=0x80000cd4 opcode=xor x25=0x80000dbf
000000364 RUNTIME_ONLY neutral retire case=00014 pc=0x80000cd8 opcode=addi x26=0x80000db4
000000365 RUNTIME_ONLY neutral retire case=00014 pc=0x80000cdc opcode=lw x27=0x80000db1
000000366 RUNTIME_ONLY neutral retire case=00014 pc=0x80000ce0 opcode=sw x28=0x80000d8e
000000367 RUNTIME_ONLY neutral retire case=00014 pc=0x80000ce4 opcode=beq x29=0x80000d8b
000000368 RUNTIME_ONLY neutral retire case=00014 pc=0x80000ce8 opcode=csrrw x30=0x80000d98
000000369 RUNTIME_ONLY neutral retire case=00014 pc=0x80000cec opcode=xor x31=0x80000d9d
000000370 RUNTIME_ONLY neutral retire case=00014 pc=0x80000cf0 opcode=addi x0=0x80000d82
000000371 RUNTIME_ONLY neutral retire case=00014 pc=0x80000cf4 opcode=lw x1=0x80000d87
000000372 RUNTIME_ONLY neutral retire case=00014 pc=0x80000cf8 opcode=sw x2=0x80000d8c
000000373 RUNTIME_ONLY neutral retire case=00014 pc=0x80000cfc opcode=beq x3=0x80000d89
000000374 RUNTIME_ONLY neutral retire case=00014 pc=0x80000d00 opcode=csrrw x4=0x80000c76
000000375 RUNTIME_ONLY neutral retire case=00014 pc=0x80000d04 opcode=xor x5=0x80000c73
000000376 RUNTIME_ONLY neutral retire case=00014 pc=0x80000d08 opcode=addi x6=0x80000c70
000000377 RUNTIME_ONLY neutral retire case=00014 pc=0x80000d0c opcode=lw x7=0x80000c75
000000378 RUNTIME_ONLY neutral retire case=00014 pc=0x80000d10 opcode=sw x8=0x80000c6a
000000379 RUNTIME_ONLY neutral retire case=00014 pc=0x80000d14 opcode=beq x9=0x80000c6f
000000380 RUNTIME_ONLY neutral retire case=00014 pc=0x80000d18 opcode=csrrw x10=0x80000c64
000000381 RUNTIME_ONLY neutral retire case=00014 pc=0x80000d1c opcode=xor x11=0x80000c61
000000382 RUNTIME_ONLY neutral retire case=00014 pc=0x80000d20 opcode=addi x12=0x80000c5e
000000383 RUNTIME_ONLY neutral retire case=00014 pc=0x80000d24 opcode=lw x13=0x80000c5b
000000384 RUNTIME_ONLY neutral retire case=00014 pc=0x80000d28 opcode=sw x14=0x80000ca8
000000385 RUNTIME_ONLY neutral retire case=00014 pc=0x80000d2c opcode=beq x15=0x80000cad
000000386 RUNTIME_ONLY neutral retire case=00014 pc=0x80000d30 opcode=csrrw x16=0x80000cb2
000000387 RUNTIME_ONLY neutral retire case=00014 pc=0x80000d34 opcode=xor x17=0x80000cb7
000000388 RUNTIME_ONLY neutral retire case=00014 pc=0x80000d38 opcode=addi x18=0x80000cbc
000000389 RUNTIME_ONLY neutral retire case=00014 pc=0x80000d3c opcode=lw x19=0x80000cb9
000000390 RUNTIME_ONLY neutral retire case=00014 pc=0x80000d40 opcode=sw x20=0x80000cc6
000000391 RUNTIME_ONLY neutral retire case=00014 pc=0x80000d44 opcode=beq x21=0x80000cc3
000000392 RUNTIME_ONLY neutral retire case=00014 pc=0x80000d48 opcode=csrrw x22=0x80000cc0
000000393 RUNTIME_ONLY neutral retire case=00014 pc=0x80000d4c opcode=xor x23=0x80000cc5
000000394 RUNTIME_ONLY neutral retire case=00014 pc=0x80000d50 opcode=addi x24=0x80000cda
000000395 RUNTIME_ONLY neutral retire case=00014 pc=0x80000d54 opcode=lw x25=0x80000cdf
000000396 RUNTIME_ONLY neutral retire case=00014 pc=0x80000d58 opcode=sw x26=0x80000cd4
000000397 RUNTIME_ONLY neutral retire case=00014 pc=0x80000d5c opcode=beq x27=0x80000cd1
000000398 RUNTIME_ONLY neutral retire case=00014 pc=0x80000d60 opcode=csrrw x28=0x80000cee
000000399 RUNTIME_ONLY neutral retire case=00014 pc=0x80000d64 opcode=xor x29=0x80000ceb
000000400 RUNTIME_ONLY neutral retire case=00014 pc=0x80000d68 opcode=addi x30=0x80000cf8
000000401 RUNTIME_ONLY neutral retire case=00014 pc=0x80000d6c opcode=lw x31=0x80000cfd
000000402 RUNTIME_ONLY neutral retire case=00014 pc=0x80000d70 opcode=sw x0=0x80000ce2
000000403 RUNTIME_ONLY neutral retire case=00014 pc=0x80000d74 opcode=beq x1=0x80000ce7
000000404 RUNTIME_ONLY neutral retire case=00014 pc=0x80000d78 opcode=csrrw x2=0x80000cec
000000405 RUNTIME_ONLY neutral retire case=00014 pc=0x80000d7c opcode=xor x3=0x80000ce9
000000406 RUNTIME_ONLY neutral retire case=00014 pc=0x80000d80 opcode=addi x4=0x80000c16
000000407 RUNTIME_ONLY neutral retire case=00014 pc=0x80000d84 opcode=lw x5=0x80000c13
000000408 RUNTIME_ONLY neutral retire case=00014 pc=0x80000d88 opcode=sw x6=0x80000c10
000000409 RUNTIME_ONLY neutral retire case=00014 pc=0x80000d8c opcode=beq x7=0x80000c15
000000410 RUNTIME_ONLY neutral retire case=00014 pc=0x80000d90 opcode=csrrw x8=0x80000c0a
000000411 RUNTIME_ONLY neutral retire case=00014 pc=0x80000d94 opcode=xor x9=0x80000c0f
000000412 RUNTIME_ONLY neutral retire case=00014 pc=0x80000d98 opcode=addi x10=0x80000c04
000000413 RUNTIME_ONLY neutral retire case=00014 pc=0x80000d9c opcode=lw x11=0x80000c01
000000414 RUNTIME_ONLY neutral retire case=00014 pc=0x80000da0 opcode=sw x12=0x80000c3e
000000415 RUNTIME_ONLY neutral retire case=00014 pc=0x80000da4 opcode=beq x13=0x80000c3b
000000416 RUNTIME_ONLY neutral retire case=00014 pc=0x80000da8 opcode=csrrw x14=0x80000c08
000000417 RUNTIME_ONLY neutral retire case=00014 pc=0x80000dac opcode=xor x15=0x80000c0d
000000418 RUNTIME_ONLY neutral retire case=00014 pc=0x80000db0 opcode=addi x16=0x80000c12
000000419 RUNTIME_ONLY neutral retire case=00014 pc=0x80000db4 opcode=lw x17=0x80000c17
000000420 RUNTIME_ONLY neutral retire case=00014 pc=0x80000db8 opcode=sw x18=0x80000c1c
000000421 RUNTIME_ONLY neutral retire case=00014 pc=0x80000dbc opcode=beq x19=0x80000c19
000000422 RUNTIME_ONLY neutral retire case=00014 pc=0x80000dc0 opcode=csrrw x20=0x80000c66
000000423 RUNTIME_ONLY neutral retire case=00014 pc=0x80000dc4 opcode=xor x21=0x80000c63
000000424 RUNTIME_ONLY neutral retire case=00014 pc=0x80000dc8 opcode=addi x22=0x80000c60
000000425 RUNTIME_ONLY neutral retire case=00014 pc=0x80000dcc opcode=lw x23=0x80000c65
000000426 RUNTIME_ONLY neutral retire case=00014 pc=0x80000dd0 opcode=sw x24=0x80000c7a
000000427 RUNTIME_ONLY neutral retire case=00014 pc=0x80000dd4 opcode=beq x25=0x80000c7f
000000428 RUNTIME_ONLY neutral retire case=00014 pc=0x80000dd8 opcode=csrrw x26=0x80000c74
000000429 RUNTIME_ONLY neutral retire case=00014 pc=0x80000ddc opcode=xor x27=0x80000c71
000000430 RUNTIME_ONLY neutral retire case=00014 pc=0x80000de0 opcode=addi x28=0x80000c4e
000000431 RUNTIME_ONLY neutral retire case=00014 pc=0x80000de4 opcode=lw x29=0x80000c4b
000000432 RUNTIME_ONLY neutral retire case=00014 pc=0x80000de8 opcode=sw x30=0x80000c58
000000433 RUNTIME_ONLY neutral retire case=00014 pc=0x80000dec opcode=beq x31=0x80000c5d
000000434 RUNTIME_ONLY neutral retire case=00014 pc=0x80000df0 opcode=csrrw x0=0x80000c42
000000435 RUNTIME_ONLY neutral retire case=00014 pc=0x80000df4 opcode=xor x1=0x80000c47
000000436 RUNTIME_ONLY neutral retire case=00014 pc=0x80000df8 opcode=addi x2=0x80000c4c
000000437 RUNTIME_ONLY neutral retire case=00014 pc=0x80000dfc opcode=lw x3=0x80000c49
000000438 RUNTIME_ONLY neutral retire case=00014 pc=0x80000e00 opcode=sw x4=0x80000fb6
000000439 RUNTIME_ONLY neutral retire case=00014 pc=0x80000e04 opcode=beq x5=0x80000fb3
000000440 RUNTIME_ONLY neutral retire case=00014 pc=0x80000e08 opcode=csrrw x6=0x80000fb0
000000441 RUNTIME_ONLY neutral retire case=00014 pc=0x80000e0c opcode=xor x7=0x80000fb5
000000442 RUNTIME_ONLY neutral retire case=00014 pc=0x80000e10 opcode=addi x8=0x80000faa
000000443 RUNTIME_ONLY neutral retire case=00014 pc=0x80000e14 opcode=lw x9=0x80000faf
000000444 RUNTIME_ONLY neutral retire case=00014 pc=0x80000e18 opcode=sw x10=0x80000fa4
000000445 RUNTIME_ONLY neutral retire case=00014 pc=0x80000e1c opcode=beq x11=0x80000fa1
000000446 RUNTIME_ONLY neutral retire case=00014 pc=0x80000e20 opcode=csrrw x12=0x80000f9e
000000447 RUNTIME_ONLY neutral retire case=00014 pc=0x80000e24 opcode=xor x13=0x80000f9b
000000448 RUNTIME_ONLY neutral retire case=00014 pc=0x80000e28 opcode=addi x14=0x80000fe8
000000449 RUNTIME_ONLY neutral retire case=00014 pc=0x80000e2c opcode=lw x15=0x80000fed
000000450 RUNTIME_ONLY neutral retire case=00014 pc=0x80000e30 opcode=sw x16=0x80000ff2
000000451 RUNTIME_ONLY neutral retire case=00014 pc=0x80000e34 opcode=beq x17=0x80000ff7
000000452 RUNTIME_ONLY neutral retire case=00014 pc=0x80000e38 opcode=csrrw x18=0x80000ffc
000000453 RUNTIME_ONLY neutral retire case=00014 pc=0x80000e3c opcode=xor x19=0x80000ff9
000000454 RUNTIME_ONLY neutral retire case=00014 pc=0x80000e40 opcode=addi x20=0x80000f86
000000455 RUNTIME_ONLY neutral retire case=00014 pc=0x80000e44 opcode=lw x21=0x80000f83
000000456 RUNTIME_ONLY neutral retire case=00014 pc=0x80000e48 opcode=sw x22=0x80000f80
000000457 RUNTIME_ONLY neutral retire case=00014 pc=0x80000e4c opcode=beq x23=0x80000f85
000000458 RUNTIME_ONLY neutral retire case=00014 pc=0x80000e50 opcode=csrrw x24=0x80000f9a
000000459 RUNTIME_ONLY neutral retire case=00014 pc=0x80000e54 opcode=xor x25=0x80000f9f
000000460 RUNTIME_ONLY neutral retire case=00014 pc=0x80000e58 opcode=addi x26=0x80000f94
000000461 RUNTIME_ONLY neutral retire case=00014 pc=0x80000e5c opcode=lw x27=0x80000f91
000000462 RUNTIME_ONLY neutral retire case=00014 pc=0x80000e60 opcode=sw x28=0x80000fae
000000463 RUNTIME_ONLY neutral retire case=00014 pc=0x80000e64 opcode=beq x29=0x80000fab
000000464 RUNTIME_ONLY neutral retire case=00014 pc=0x80000e68 opcode=csrrw x30=0x80000fb8
000000465 RUNTIME_ONLY neutral retire case=00014 pc=0x80000e6c opcode=xor x31=0x80000fbd
000000466 RUNTIME_ONLY neutral retire case=00014 pc=0x80000e70 opcode=addi x0=0x80000fa2
000000467 RUNTIME_ONLY neutral retire case=00014 pc=0x80000e74 opcode=lw x1=0x80000fa7
000000468 RUNTIME_ONLY neutral retire case=00014 pc=0x80000e78 opcode=sw x2=0x80000fac
000000469 RUNTIME_ONLY neutral retire case=00014 pc=0x80000e7c opcode=beq x3=0x80000fa9
000000470 RUNTIME_ONLY neutral retire case=00014 pc=0x80000e80 opcode=csrrw x4=0x80000f56
000000471 RUNTIME_ONLY neutral retire case=00014 pc=0x80000e84 opcode=xor x5=0x80000f53
000000472 RUNTIME_ONLY neutral retire case=00014 pc=0x80000e88 opcode=addi x6=0x80000f50
000000473 RUNTIME_ONLY neutral retire case=00014 pc=0x80000e8c opcode=lw x7=0x80000f55
000000474 RUNTIME_ONLY neutral retire case=00014 pc=0x80000e90 opcode=sw x8=0x80000f4a
000000475 RUNTIME_ONLY neutral retire case=00014 pc=0x80000e94 opcode=beq x9=0x80000f4f
000000476 RUNTIME_ONLY neutral retire case=00014 pc=0x80000e98 opcode=csrrw x10=0x80000f44
000000477 RUNTIME_ONLY neutral retire case=00014 pc=0x80000e9c opcode=xor x11=0x80000f41
000000478 RUNTIME_ONLY neutral retire case=00014 pc=0x80000ea0 opcode=addi x12=0x80000f7e
000000479 RUNTIME_ONLY neutral retire case=00014 pc=0x80000ea4 opcode=lw x13=0x80000f7b
000000480 RUNTIME_ONLY neutral retire case=00014 pc=0x80000ea8 opcode=sw x14=0x80000f48
000000481 RUNTIME_ONLY neutral retire case=00014 pc=0x80000eac opcode=beq x15=0x80000f4d
000000482 RUNTIME_ONLY neutral retire case=00014 pc=0x80000eb0 opcode=csrrw x16=0x80000f52
000000483 RUNTIME_ONLY neutral retire case=00014 pc=0x80000eb4 opcode=xor x17=0x80000f57
000000484 RUNTIME_ONLY neutral retire case=00014 pc=0x80000eb8 opcode=addi x18=0x80000f5c
000000485 RUNTIME_ONLY neutral retire case=00014 pc=0x80000ebc opcode=lw x19=0x80000f59
000000486 RUNTIME_ONLY neutral retire case=00014 pc=0x80000ec0 opcode=sw x20=0x80000f26
000000487 RUNTIME_ONLY neutral retire case=00014 pc=0x80000ec4 opcode=beq x21=0x80000f23
000000488 RUNTIME_ONLY neutral retire case=00014 pc=0x80000ec8 opcode=csrrw x22=0x80000f20
000000489 RUNTIME_ONLY neutral retire case=00014 pc=0x80000ecc opcode=xor x23=0x80000f25
000000490 RUNTIME_ONLY neutral retire case=00014 pc=0x80000ed0 opcode=addi x24=0x80000f3a
000000491 RUNTIME_ONLY neutral retire case=00014 pc=0x80000ed4 opcode=lw x25=0x80000f3f
000000492 RUNTIME_ONLY neutral retire case=00014 pc=0x80000ed8 opcode=sw x26=0x80000f34
000000493 RUNTIME_ONLY neutral retire case=00014 pc=0x80000edc opcode=beq x27=0x80000f31
000000494 RUNTIME_ONLY neutral retire case=00014 pc=0x80000ee0 opcode=csrrw x28=0x80000f0e
000000495 RUNTIME_ONLY neutral retire case=00014 pc=0x80000ee4 opcode=xor x29=0x80000f0b
000000496 RUNTIME_ONLY neutral retire case=00014 pc=0x80000ee8 opcode=addi x30=0x80000f18
000000497 RUNTIME_ONLY neutral retire case=00014 pc=0x80000eec opcode=lw x31=0x80000f1d
000000498 RUNTIME_ONLY neutral retire case=00014 pc=0x80000ef0 opcode=sw x0=0x80000f02
000000499 RUNTIME_ONLY neutral retire case=00014 pc=0x80000ef4 opcode=beq x1=0x80000f07
000000500 RUNTIME_ONLY neutral retire case=00014 pc=0x80000ef8 opcode=csrrw x2=0x80000f0c
000000501 RUNTIME_ONLY neutral retire case=00014 pc=0x80000efc opcode=xor x3=0x80000f09
000000502 RUNTIME_ONLY neutral retire case=00014 pc=0x80000f00 opcode=addi x4=0x80000ef6
000000503 RUNTIME_ONLY neutral retire case=00014 pc=0x80000f04 opcode=lw x5=0x80000ef3
000000504 RUNTIME_ONLY neutral retire case=00014 pc=0x80000f08 opcode=sw x6=0x80000ef0
000000505 RUNTIME_ONLY neutral retire case=00014 pc=0x80000f0c opcode=beq x7=0x80000ef5
000000506 RUNTIME_ONLY neutral retire case=00014 pc=0x80000f10 opcode=csrrw x8=0x80000eea
000000507 RUNTIME_ONLY neutral retire case=00014 pc=0x80000f14 opcode=xor x9=0x80000eef
000000508 RUNTIME_ONLY neutral retire case=00014 pc=0x80000f18 opcode=addi x10=0x80000ee4
000000509 RUNTIME_ONLY neutral retire case=00014 pc=0x80000f1c opcode=lw x11=0x80000ee1
000000510 RUNTIME_ONLY neutral retire case=00014 pc=0x80000f20 opcode=sw x12=0x80000ede
000000511 RUNTIME_ONLY neutral retire case=00014 pc=0x80000f24 opcode=beq x13=0x80000edb
000000512 RUNTIME_ONLY neutral retire case=00014 pc=0x80000f28 opcode=csrrw x14=0x80000d28
000000513 RUNTIME_ONLY neutral retire case=00014 pc=0x80000f2c opcode=xor x15=0x80000d2d
000000514 RUNTIME_ONLY neutral retire case=00014 pc=0x80000f30 opcode=addi x16=0x80000d32
000000515 RUNTIME_ONLY neutral retire case=00014 pc=0x80000f34 opcode=lw x17=0x80000d37
000000516 RUNTIME_ONLY neutral retire case=00014 pc=0x80000f38 opcode=sw x18=0x80000d3c
000000517 RUNTIME_ONLY neutral retire case=00014 pc=0x80000f3c opcode=beq x19=0x80000d39
000000518 RUNTIME_ONLY neutral retire case=00014 pc=0x80000f40 opcode=csrrw x20=0x80000d46
000000519 RUNTIME_ONLY neutral retire case=00014 pc=0x80000f44 opcode=xor x21=0x80000d43
000000520 RUNTIME_ONLY neutral retire case=00014 pc=0x80000f48 opcode=addi x22=0x80000d40
000000521 RUNTIME_ONLY neutral retire case=00014 pc=0x80000f4c opcode=lw x23=0x80000d45
000000522 RUNTIME_ONLY neutral retire case=00014 pc=0x80000f50 opcode=sw x24=0x80000d5a
000000523 RUNTIME_ONLY neutral retire case=00014 pc=0x80000f54 opcode=beq x25=0x80000d5f
000000524 RUNTIME_ONLY neutral retire case=00014 pc=0x80000f58 opcode=csrrw x26=0x80000d54
000000525 RUNTIME_ONLY neutral retire case=00014 pc=0x80000f5c opcode=xor x27=0x80000d51
000000526 RUNTIME_ONLY neutral retire case=00014 pc=0x80000f60 opcode=addi x28=0x80000d6e
000000527 RUNTIME_ONLY neutral retire case=00014 pc=0x80000f64 opcode=lw x29=0x80000d6b
000000528 RUNTIME_ONLY neutral retire case=00014 pc=0x80000f68 opcode=sw x30=0x80000d78
000000529 RUNTIME_ONLY neutral retire case=00014 pc=0x80000f6c opcode=beq x31=0x80000d7d
000000530 RUNTIME_ONLY neutral retire case=00014 pc=0x80000f70 opcode=csrrw x0=0x80000d62
000000531 RUNTIME_ONLY neutral retire case=00014 pc=0x80000f74 opcode=xor x1=0x80000d67
000000532 RUNTIME_ONLY neutral retire case=00014 pc=0x80000f78 opcode=addi x2=0x80000d6c
000000533 RUNTIME_ONLY neutral retire case=00014 pc=0x80000f7c opcode=lw x3=0x80000d69
000000534 RUNTIME_ONLY neutral retire case=00014 pc=0x80000f80 opcode=sw x4=0x80000d96
000000535 RUNTIME_ONLY neutral retire case=00014 pc=0x80000f84 opcode=beq x5=0x80000d93
000000536 RUNTIME_ONLY neutral retire case=00014 pc=0x80000f88 opcode=csrrw x6=0x80000d90
000000537 RUNTIME_ONLY neutral retire case=00014 pc=0x80000f8c opcode=xor x7=0x80000d95
000000538 RUNTIME_ONLY neutral retire case=00014 pc=0x80000f90 opcode=addi x8=0x80000d8a
000000539 RUNTIME_ONLY neutral retire case=00014 pc=0x80000f94 opcode=lw x9=0x80000d8f
000000540 RUNTIME_ONLY neutral retire case=00014 pc=0x80000f98 opcode=sw x10=0x80000d84
000000541 RUNTIME_ONLY neutral retire case=00014 pc=0x80000f9c opcode=beq x11=0x80000d81
000000542 RUNTIME_ONLY neutral retire case=00014 pc=0x80000fa0 opcode=csrrw x12=0x80000dbe
000000543 RUNTIME_ONLY neutral retire case=00014 pc=0x80000fa4 opcode=xor x13=0x80000dbb
000000544 RUNTIME_ONLY neutral retire case=00014 pc=0x80000fa8 opcode=addi x14=0x80000d88
000000545 RUNTIME_ONLY neutral retire case=00014 pc=0x80000fac opcode=lw x15=0x80000d8d
000000546 RUNTIME_ONLY neutral retire case=00014 pc=0x80000fb0 opcode=sw x16=0x80000d92
000000547 RUNTIME_ONLY neutral retire case=00014 pc=0x80000fb4 opcode=beq x17=0x80000d97
000000548 RUNTIME_ONLY neutral retire case=00014 pc=0x80000fb8 opcode=csrrw x18=0x80000d9c
000000549 RUNTIME_ONLY neutral retire case=00014 pc=0x80000fbc opcode=xor x19=0x80000d99
000000550 RUNTIME_ONLY neutral retire case=00014 pc=0x80000fc0 opcode=addi x20=0x80000de6
000000551 RUNTIME_ONLY neutral retire case=00014 pc=0x80000fc4 opcode=lw x21=0x80000de3
000000552 RUNTIME_ONLY neutral retire case=00014 pc=0x80000fc8 opcode=sw x22=0x80000de0
000000553 RUNTIME_ONLY neutral retire case=00014 pc=0x80000fcc opcode=beq x23=0x80000de5
000000554 RUNTIME_ONLY neutral retire case=00014 pc=0x80000fd0 opcode=csrrw x24=0x80000dfa
000000555 RUNTIME_ONLY neutral retire case=00014 pc=0x80000fd4 opcode=xor x25=0x80000dff
000000556 RUNTIME_ONLY neutral retire case=00014 pc=0x80000fd8 opcode=addi x26=0x80000df4
000000557 RUNTIME_ONLY neutral retire case=00014 pc=0x80000fdc opcode=lw x27=0x80000df1
000000558 RUNTIME_ONLY neutral retire case=00014 pc=0x80000fe0 opcode=sw x28=0x80000dce
000000559 RUNTIME_ONLY neutral retire case=00014 pc=0x80000fe4 opcode=beq x29=0x80000dcb
000000560 RUNTIME_ONLY neutral retire case=00014 pc=0x80000fe8 opcode=csrrw x30=0x80000dd8
000000561 RUNTIME_ONLY neutral retire case=00014 pc=0x80000fec opcode=xor x31=0x80000ddd
000000562 RUNTIME_ONLY neutral retire case=00014 pc=0x80000ff0 opcode=addi x0=0x80000dc2
000000563 RUNTIME_ONLY neutral retire case=00014 pc=0x80000ff4 opcode=lw x1=0x80000dc7
000000564 RUNTIME_ONLY neutral retire case=00014 pc=0x80000ff8 opcode=sw x2=0x80000dcc
000000565 RUNTIME_ONLY neutral retire case=00014 pc=0x80000ffc opcode=beq x3=0x80000dc9
000000566 RUNTIME_ONLY neutral retire case=00014 pc=0x80001000 opcode=csrrw x4=0x80001236
000000567 RUNTIME_ONLY neutral retire case=00014 pc=0x80001004 opcode=xor x5=0x80001233
000000568 RUNTIME_ONLY neutral retire case=00014 pc=0x80001008 opcode=addi x6=0x80001230
000000569 RUNTIME_ONLY neutral retire case=00014 pc=0x8000100c opcode=lw x7=0x80001235
000000570 RUNTIME_ONLY neutral retire case=00014 pc=0x80001010 opcode=sw x8=0x8000122a
000000571 RUNTIME_ONLY neutral retire case=00014 pc=0x80001014 opcode=beq x9=0x8000122f
000000572 RUNTIME_ONLY neutral retire case=00014 pc=0x80001018 opcode=csrrw x10=0x80001224
000000573 RUNTIME_ONLY neutral retire case=00014 pc=0x8000101c opcode=xor x11=0x80001221
000000574 RUNTIME_ONLY neutral retire case=00014 pc=0x80001020 opcode=addi x12=0x8000121e
000000575 RUNTIME_ONLY neutral retire case=00014 pc=0x80001024 opcode=lw x13=0x8000121b
000000576 RUNTIME_ONLY neutral retire case=00014 pc=0x80001028 opcode=sw x14=0x80001268
000000577 RUNTIME_ONLY neutral retire case=00014 pc=0x8000102c opcode=beq x15=0x8000126d
000000578 RUNTIME_ONLY neutral retire case=00014 pc=0x80001030 opcode=csrrw x16=0x80001272
000000579 RUNTIME_ONLY neutral retire case=00014 pc=0x80001034 opcode=xor x17=0x80001277
000000580 RUNTIME_ONLY neutral retire case=00014 pc=0x80001038 opcode=addi x18=0x8000127c
000000581 RUNTIME_ONLY neutral retire case=00014 pc=0x8000103c opcode=lw x19=0x80001279
000000582 RUNTIME_ONLY neutral retire case=00014 pc=0x80001040 opcode=sw x20=0x80001206
000000583 RUNTIME_ONLY neutral retire case=00014 pc=0x80001044 opcode=beq x21=0x80001203
000000584 RUNTIME_ONLY neutral retire case=00014 pc=0x80001048 opcode=csrrw x22=0x80001200
000000585 RUNTIME_ONLY neutral retire case=00014 pc=0x8000104c opcode=xor x23=0x80001205
000000586 RUNTIME_ONLY neutral retire case=00014 pc=0x80001050 opcode=addi x24=0x8000121a
000000587 RUNTIME_ONLY neutral retire case=00014 pc=0x80001054 opcode=lw x25=0x8000121f
000000588 RUNTIME_ONLY neutral retire case=00014 pc=0x80001058 opcode=sw x26=0x80001214
000000589 RUNTIME_ONLY neutral retire case=00014 pc=0x8000105c opcode=beq x27=0x80001211
000000590 RUNTIME_ONLY neutral retire case=00014 pc=0x80001060 opcode=csrrw x28=0x8000122e
000000591 RUNTIME_ONLY neutral retire case=00014 pc=0x80001064 opcode=xor x29=0x8000122b
000000592 RUNTIME_ONLY neutral retire case=00014 pc=0x80001068 opcode=addi x30=0x80001238
000000593 RUNTIME_ONLY neutral retire case=00014 pc=0x8000106c opcode=lw x31=0x8000123d
000000594 RUNTIME_ONLY neutral retire case=00014 pc=0x80001070 opcode=sw x0=0x80001222
000000595 RUNTIME_ONLY neutral retire case=00014 pc=0x80001074 opcode=beq x1=0x80001227
000000596 RUNTIME_ONLY neutral retire case=00014 pc=0x80001078 opcode=csrrw x2=0x8000122c
000000597 RUNTIME_ONLY neutral retire case=00014 pc=0x8000107c opcode=xor x3=0x80001229
000000598 RUNTIME_ONLY neutral retire case=00014 pc=0x80001080 opcode=addi x4=0x800012d6
000000599 RUNTIME_ONLY neutral retire case=00014 pc=0x80001084 opcode=lw x5=0x800012d3
000000600 RUNTIME_ONLY neutral retire case=00014 pc=0x80001088 opcode=sw x6=0x800012d0
000000601 RUNTIME_ONLY neutral retire case=00014 pc=0x8000108c opcode=beq x7=0x800012d5
000000602 RUNTIME_ONLY neutral retire case=00014 pc=0x80001090 opcode=csrrw x8=0x800012ca
000000603 RUNTIME_ONLY neutral retire case=00014 pc=0x80001094 opcode=xor x9=0x800012cf
000000604 RUNTIME_ONLY neutral retire case=00014 pc=0x80001098 opcode=addi x10=0x800012c4
000000605 RUNTIME_ONLY neutral retire case=00014 pc=0x8000109c opcode=lw x11=0x800012c1
000000606 RUNTIME_ONLY neutral retire case=00014 pc=0x800010a0 opcode=sw x12=0x800012fe
000000607 RUNTIME_ONLY neutral retire case=00014 pc=0x800010a4 opcode=beq x13=0x800012fb
000000608 RUNTIME_ONLY neutral retire case=00014 pc=0x800010a8 opcode=csrrw x14=0x800012c8
000000609 RUNTIME_ONLY neutral retire case=00014 pc=0x800010ac opcode=xor x15=0x800012cd
000000610 RUNTIME_ONLY neutral retire case=00014 pc=0x800010b0 opcode=addi x16=0x800012d2
000000611 RUNTIME_ONLY neutral retire case=00014 pc=0x800010b4 opcode=lw x17=0x800012d7
000000612 RUNTIME_ONLY neutral retire case=00014 pc=0x800010b8 opcode=sw x18=0x800012dc
000000613 RUNTIME_ONLY neutral retire case=00014 pc=0x800010bc opcode=beq x19=0x800012d9
000000614 RUNTIME_ONLY neutral retire case=00014 pc=0x800010c0 opcode=csrrw x20=0x800012a6
000000615 RUNTIME_ONLY neutral retire case=00014 pc=0x800010c4 opcode=xor x21=0x800012a3
000000616 RUNTIME_ONLY neutral retire case=00014 pc=0x800010c8 opcode=addi x22=0x800012a0
000000617 RUNTIME_ONLY neutral retire case=00014 pc=0x800010cc opcode=lw x23=0x800012a5
000000618 RUNTIME_ONLY neutral retire case=00014 pc=0x800010d0 opcode=sw x24=0x800012ba
000000619 RUNTIME_ONLY neutral retire case=00014 pc=0x800010d4 opcode=beq x25=0x800012bf
000000620 RUNTIME_ONLY neutral retire case=00014 pc=0x800010d8 opcode=csrrw x26=0x800012b4
000000621 RUNTIME_ONLY neutral retire case=00014 pc=0x800010dc opcode=xor x27=0x800012b1
000000622 RUNTIME_ONLY neutral retire case=00014 pc=0x800010e0 opcode=addi x28=0x8000128e
000000623 RUNTIME_ONLY neutral retire case=00014 pc=0x800010e4 opcode=lw x29=0x8000128b
000000624 RUNTIME_ONLY neutral retire case=00014 pc=0x800010e8 opcode=sw x30=0x80001298
000000625 RUNTIME_ONLY neutral retire case=00014 pc=0x800010ec opcode=beq x31=0x8000129d
000000626 RUNTIME_ONLY neutral retire case=00014 pc=0x800010f0 opcode=csrrw x0=0x80001282
000000627 RUNTIME_ONLY neutral retire case=00014 pc=0x800010f4 opcode=xor x1=0x80001287
000000628 RUNTIME_ONLY neutral retire case=00014 pc=0x800010f8 opcode=addi x2=0x8000128c
000000629 RUNTIME_ONLY neutral retire case=00014 pc=0x800010fc opcode=lw x3=0x80001289
000000630 RUNTIME_ONLY neutral retire case=00014 pc=0x80001100 opcode=sw x4=0x80001376
000000631 RUNTIME_ONLY neutral retire case=00014 pc=0x80001104 opcode=beq x5=0x80001373
000000632 RUNTIME_ONLY neutral retire case=00014 pc=0x80001108 opcode=csrrw x6=0x80001370
000000633 RUNTIME_ONLY neutral retire case=00014 pc=0x8000110c opcode=xor x7=0x80001375
000000634 RUNTIME_ONLY neutral retire case=00014 pc=0x80001110 opcode=addi x8=0x8000136a
000000635 RUNTIME_ONLY neutral retire case=00014 pc=0x80001114 opcode=lw x9=0x8000136f
000000636 RUNTIME_ONLY neutral retire case=00014 pc=0x80001118 opcode=sw x10=0x80001364
000000637 RUNTIME_ONLY neutral retire case=00014 pc=0x8000111c opcode=beq x11=0x80001361
000000638 RUNTIME_ONLY neutral retire case=00014 pc=0x80001120 opcode=csrrw x12=0x8000135e
000000639 RUNTIME_ONLY neutral retire case=00014 pc=0x80001124 opcode=xor x13=0x8000135b
000000640 RUNTIME_ONLY neutral retire case=00014 pc=0x80001128 opcode=addi x14=0x800013a8
000000641 RUNTIME_ONLY neutral retire case=00014 pc=0x8000112c opcode=lw x15=0x800013ad
000000642 RUNTIME_ONLY neutral retire case=00014 pc=0x80001130 opcode=sw x16=0x800013b2
000000643 RUNTIME_ONLY neutral retire case=00014 pc=0x80001134 opcode=beq x17=0x800013b7
000000644 RUNTIME_ONLY neutral retire case=00014 pc=0x80001138 opcode=csrrw x18=0x800013bc
000000645 RUNTIME_ONLY neutral retire case=00014 pc=0x8000113c opcode=xor x19=0x800013b9
000000646 RUNTIME_ONLY neutral retire case=00014 pc=0x80001140 opcode=addi x20=0x800013c6
000000647 RUNTIME_ONLY neutral retire case=00014 pc=0x80001144 opcode=lw x21=0x800013c3
000000648 RUNTIME_ONLY neutral retire case=00014 pc=0x80001148 opcode=sw x22=0x800013c0
000000649 RUNTIME_ONLY neutral retire case=00014 pc=0x8000114c opcode=beq x23=0x800013c5
000000650 RUNTIME_ONLY neutral retire case=00014 pc=0x80001150 opcode=csrrw x24=0x800013da
000000651 RUNTIME_ONLY neutral retire case=00014 pc=0x80001154 opcode=xor x25=0x800013df
000000652 RUNTIME_ONLY neutral retire case=00014 pc=0x80001158 opcode=addi x26=0x800013d4
000000653 RUNTIME_ONLY neutral retire case=00014 pc=0x8000115c opcode=lw x27=0x800013d1
000000654 RUNTIME_ONLY neutral retire case=00014 pc=0x80001160 opcode=sw x28=0x800013ee
000000655 RUNTIME_ONLY neutral retire case=00014 pc=0x80001164 opcode=beq x29=0x800013eb
000000656 RUNTIME_ONLY neutral retire case=00014 pc=0x80001168 opcode=csrrw x30=0x800013f8
000000657 RUNTIME_ONLY neutral retire case=00014 pc=0x8000116c opcode=xor x31=0x800013fd
000000658 RUNTIME_ONLY neutral retire case=00014 pc=0x80001170 opcode=addi x0=0x800013e2
000000659 RUNTIME_ONLY neutral retire case=00014 pc=0x80001174 opcode=lw x1=0x800013e7
000000660 RUNTIME_ONLY neutral retire case=00014 pc=0x80001178 opcode=sw x2=0x800013ec
000000661 RUNTIME_ONLY neutral retire case=00014 pc=0x8000117c opcode=beq x3=0x800013e9
000000662 RUNTIME_ONLY neutral retire case=00014 pc=0x80001180 opcode=csrrw x4=0x80001316
000000663 RUNTIME_ONLY neutral retire case=00014 pc=0x80001184 opcode=xor x5=0x80001313
000000664 RUNTIME_ONLY neutral retire case=00014 pc=0x80001188 opcode=addi x6=0x80001310
000000665 RUNTIME_ONLY neutral retire case=00014 pc=0x8000118c opcode=lw x7=0x80001315
000000666 RUNTIME_ONLY neutral retire case=00014 pc=0x80001190 opcode=sw x8=0x8000130a
000000667 RUNTIME_ONLY neutral retire case=00014 pc=0x80001194 opcode=beq x9=0x8000130f
000000668 RUNTIME_ONLY neutral retire case=00014 pc=0x80001198 opcode=csrrw x10=0x80001304
000000669 RUNTIME_ONLY neutral retire case=00014 pc=0x8000119c opcode=xor x11=0x80001301
000000670 RUNTIME_ONLY neutral retire case=00014 pc=0x800011a0 opcode=addi x12=0x8000133e
000000671 RUNTIME_ONLY neutral retire case=00014 pc=0x800011a4 opcode=lw x13=0x8000133b
000000672 RUNTIME_ONLY neutral retire case=00014 pc=0x800011a8 opcode=sw x14=0x80001308
000000673 RUNTIME_ONLY neutral retire case=00014 pc=0x800011ac opcode=beq x15=0x8000130d
000000674 RUNTIME_ONLY neutral retire case=00014 pc=0x800011b0 opcode=csrrw x16=0x80001312
000000675 RUNTIME_ONLY neutral retire case=00014 pc=0x800011b4 opcode=xor x17=0x80001317
000000676 RUNTIME_ONLY neutral retire case=00014 pc=0x800011b8 opcode=addi x18=0x8000131c
000000677 RUNTIME_ONLY neutral retire case=00014 pc=0x800011bc opcode=lw x19=0x80001319
000000678 RUNTIME_ONLY neutral retire case=00014 pc=0x800011c0 opcode=sw x20=0x80001366
000000679 RUNTIME_ONLY neutral retire case=00014 pc=0x800011c4 opcode=beq x21=0x80001363
000000680 RUNTIME_ONLY neutral retire case=00014 pc=0x800011c8 opcode=csrrw x22=0x80001360
000000681 RUNTIME_ONLY neutral retire case=00014 pc=0x800011cc opcode=xor x23=0x80001365
000000682 RUNTIME_ONLY neutral retire case=00014 pc=0x800011d0 opcode=addi x24=0x8000137a
000000683 RUNTIME_ONLY neutral retire case=00014 pc=0x800011d4 opcode=lw x25=0x8000137f
000000684 RUNTIME_ONLY neutral retire case=00014 pc=0x800011d8 opcode=sw x26=0x80001374
000000685 RUNTIME_ONLY neutral retire case=00014 pc=0x800011dc opcode=beq x27=0x80001371
000000686 RUNTIME_ONLY neutral retire case=00014 pc=0x800011e0 opcode=csrrw x28=0x8000134e
000000687 RUNTIME_ONLY neutral retire case=00014 pc=0x800011e4 opcode=xor x29=0x8000134b
000000688 RUNTIME_ONLY neutral retire case=00014 pc=0x800011e8 opcode=addi x30=0x80001358
000000689 RUNTIME_ONLY neutral retire case=00014 pc=0x800011ec opcode=lw x31=0x8000135d
000000690 RUNTIME_ONLY neutral retire case=00014 pc=0x800011f0 opcode=sw x0=0x80001342
000000691 RUNTIME_ONLY neutral retire case=00014 pc=0x800011f4 opcode=beq x1=0x80001347
000000692 RUNTIME_ONLY neutral retire case=00014 pc=0x800011f8 opcode=csrrw x2=0x8000134c
000000693 RUNTIME_ONLY neutral retire case=00014 pc=0x800011fc opcode=xor x3=0x80001349
000000694 RUNTIME_ONLY neutral retire case=00014 pc=0x80001200 opcode=addi x4=0x800010b6
000000695 RUNTIME_ONLY neutral retire case=00014 pc=0x80001204 opcode=lw x5=0x800010b3
000000696 RUNTIME_ONLY neutral retire case=00014 pc=0x80001208 opcode=sw x6=0x800010b0
000000697 RUNTIME_ONLY neutral retire case=00014 pc=0x8000120c opcode=beq x7=0x800010b5
000000698 RUNTIME_ONLY neutral retire case=00014 pc=0x80001210 opcode=csrrw x8=0x800010aa
000000699 RUNTIME_ONLY neutral retire case=00014 pc=0x80001214 opcode=xor x9=0x800010af
000000700 RUNTIME_ONLY neutral retire case=00014 pc=0x80001218 opcode=addi x10=0x800010a4
000000701 RUNTIME_ONLY neutral retire case=00014 pc=0x8000121c opcode=lw x11=0x800010a1
000000702 RUNTIME_ONLY neutral retire case=00014 pc=0x80001220 opcode=sw x12=0x8000109e
000000703 RUNTIME_ONLY neutral retire case=00014 pc=0x80001224 opcode=beq x13=0x8000109b
000000704 RUNTIME_ONLY neutral retire case=00014 pc=0x80001228 opcode=csrrw x14=0x800010e8
000000705 RUNTIME_ONLY neutral retire case=00014 pc=0x8000122c opcode=xor x15=0x800010ed
000000706 RUNTIME_ONLY neutral retire case=00014 pc=0x80001230 opcode=addi x16=0x800010f2
000000707 RUNTIME_ONLY neutral retire case=00014 pc=0x80001234 opcode=lw x17=0x800010f7
000000708 RUNTIME_ONLY neutral retire case=00014 pc=0x80001238 opcode=sw x18=0x800010fc
000000709 RUNTIME_ONLY neutral retire case=00014 pc=0x8000123c opcode=beq x19=0x800010f9
000000710 RUNTIME_ONLY neutral retire case=00014 pc=0x80001240 opcode=csrrw x20=0x80001086
000000711 RUNTIME_ONLY neutral retire case=00014 pc=0x80001244 opcode=xor x21=0x80001083
000000712 RUNTIME_ONLY neutral retire case=00014 pc=0x80001248 opcode=addi x22=0x80001080
000000713 RUNTIME_ONLY neutral retire case=00014 pc=0x8000124c opcode=lw x23=0x80001085
000000714 RUNTIME_ONLY neutral retire case=00014 pc=0x80001250 opcode=sw x24=0x8000109a
000000715 RUNTIME_ONLY neutral retire case=00014 pc=0x80001254 opcode=beq x25=0x8000109f
000000716 RUNTIME_ONLY neutral retire case=00014 pc=0x80001258 opcode=csrrw x26=0x80001094
000000717 RUNTIME_ONLY neutral retire case=00014 pc=0x8000125c opcode=xor x27=0x80001091
000000718 RUNTIME_ONLY neutral retire case=00014 pc=0x80001260 opcode=addi x28=0x800010ae
000000719 RUNTIME_ONLY neutral retire case=00014 pc=0x80001264 opcode=lw x29=0x800010ab
000000720 RUNTIME_ONLY neutral retire case=00014 pc=0x80001268 opcode=sw x30=0x800010b8
000000721 RUNTIME_ONLY neutral retire case=00014 pc=0x8000126c opcode=beq x31=0x800010bd
000000722 RUNTIME_ONLY neutral retire case=00014 pc=0x80001270 opcode=csrrw x0=0x800010a2
000000723 RUNTIME_ONLY neutral retire case=00014 pc=0x80001274 opcode=xor x1=0x800010a7
000000724 RUNTIME_ONLY neutral retire case=00014 pc=0x80001278 opcode=addi x2=0x800010ac
000000725 RUNTIME_ONLY neutral retire case=00014 pc=0x8000127c opcode=lw x3=0x800010a9
000000726 RUNTIME_ONLY neutral retire case=00014 pc=0x80001280 opcode=sw x4=0x80001056
000000727 RUNTIME_ONLY neutral retire case=00014 pc=0x80001284 opcode=beq x5=0x80001053
000000728 RUNTIME_ONLY neutral retire case=00014 pc=0x80001288 opcode=csrrw x6=0x80001050
000000729 RUNTIME_ONLY neutral retire case=00014 pc=0x8000128c opcode=xor x7=0x80001055
000000730 RUNTIME_ONLY neutral retire case=00014 pc=0x80001290 opcode=addi x8=0x8000104a
000000731 RUNTIME_ONLY neutral retire case=00014 pc=0x80001294 opcode=lw x9=0x8000104f
000000732 RUNTIME_ONLY neutral retire case=00014 pc=0x80001298 opcode=sw x10=0x80001044
000000733 RUNTIME_ONLY neutral retire case=00014 pc=0x8000129c opcode=beq x11=0x80001041
000000734 RUNTIME_ONLY neutral retire case=00014 pc=0x800012a0 opcode=csrrw x12=0x8000107e
000000735 RUNTIME_ONLY neutral retire case=00014 pc=0x800012a4 opcode=xor x13=0x8000107b
000000736 RUNTIME_ONLY neutral retire case=00014 pc=0x800012a8 opcode=addi x14=0x80001048
000000737 RUNTIME_ONLY neutral retire case=00014 pc=0x800012ac opcode=lw x15=0x8000104d
000000738 RUNTIME_ONLY neutral retire case=00014 pc=0x800012b0 opcode=sw x16=0x80001052
000000739 RUNTIME_ONLY neutral retire case=00014 pc=0x800012b4 opcode=beq x17=0x80001057
000000740 RUNTIME_ONLY neutral retire case=00014 pc=0x800012b8 opcode=csrrw x18=0x8000105c
000000741 RUNTIME_ONLY neutral retire case=00014 pc=0x800012bc opcode=xor x19=0x80001059
000000742 RUNTIME_ONLY neutral retire case=00014 pc=0x800012c0 opcode=addi x20=0x80001026
000000743 RUNTIME_ONLY neutral retire case=00014 pc=0x800012c4 opcode=lw x21=0x80001023
000000744 RUNTIME_ONLY neutral retire case=00014 pc=0x800012c8 opcode=sw x22=0x80001020
000000745 RUNTIME_ONLY neutral retire case=00014 pc=0x800012cc opcode=beq x23=0x80001025
000000746 RUNTIME_ONLY neutral retire case=00014 pc=0x800012d0 opcode=csrrw x24=0x8000103a
000000747 RUNTIME_ONLY neutral retire case=00014 pc=0x800012d4 opcode=xor x25=0x8000103f
000000748 RUNTIME_ONLY neutral retire case=00014 pc=0x800012d8 opcode=addi x26=0x80001034
000000749 RUNTIME_ONLY neutral retire case=00014 pc=0x800012dc opcode=lw x27=0x80001031
000000750 RUNTIME_ONLY neutral retire case=00014 pc=0x800012e0 opcode=sw x28=0x8000100e
000000751 RUNTIME_ONLY neutral retire case=00014 pc=0x800012e4 opcode=beq x29=0x8000100b
000000752 RUNTIME_ONLY neutral retire case=00014 pc=0x800012e8 opcode=csrrw x30=0x80001018
000000753 RUNTIME_ONLY neutral retire case=00014 pc=0x800012ec opcode=xor x31=0x8000101d
000000754 RUNTIME_ONLY neutral retire case=00014 pc=0x800012f0 opcode=addi x0=0x80001002
000000755 RUNTIME_ONLY neutral retire case=00014 pc=0x800012f4 opcode=lw x1=0x80001007
000000756 RUNTIME_ONLY neutral retire case=00014 pc=0x800012f8 opcode=sw x2=0x8000100c
000000757 RUNTIME_ONLY neutral retire case=00014 pc=0x800012fc opcode=beq x3=0x80001009
000000758 RUNTIME_ONLY neutral retire case=00014 pc=0x80001300 opcode=csrrw x4=0x800011f6
000000759 RUNTIME_ONLY neutral retire case=00014 pc=0x80001304 opcode=xor x5=0x800011f3
000000760 RUNTIME_ONLY neutral retire case=00014 pc=0x80001308 opcode=addi x6=0x800011f0
000000761 RUNTIME_ONLY neutral retire case=00014 pc=0x8000130c opcode=lw x7=0x800011f5
000000762 RUNTIME_ONLY neutral retire case=00014 pc=0x80001310 opcode=sw x8=0x800011ea
000000763 RUNTIME_ONLY neutral retire case=00014 pc=0x80001314 opcode=beq x9=0x800011ef
000000764 RUNTIME_ONLY neutral retire case=00014 pc=0x80001318 opcode=csrrw x10=0x800011e4
000000765 RUNTIME_ONLY neutral retire case=00014 pc=0x8000131c opcode=xor x11=0x800011e1
000000766 RUNTIME_ONLY neutral retire case=00014 pc=0x80001320 opcode=addi x12=0x800011de
000000767 RUNTIME_ONLY neutral retire case=00014 pc=0x80001324 opcode=lw x13=0x800011db
000000768 RUNTIME_ONLY neutral retire case=00014 pc=0x80001328 opcode=sw x14=0x80001028
000000769 RUNTIME_ONLY neutral retire case=00014 pc=0x8000132c opcode=beq x15=0x8000102d
000000770 RUNTIME_ONLY neutral retire case=00014 pc=0x80001330 opcode=csrrw x16=0x80001032
000000771 RUNTIME_ONLY neutral retire case=00014 pc=0x80001334 opcode=xor x17=0x80001037
000000772 RUNTIME_ONLY neutral retire case=00014 pc=0x80001338 opcode=addi x18=0x8000103c
000000773 RUNTIME_ONLY neutral retire case=00014 pc=0x8000133c opcode=lw x19=0x80001039
000000774 RUNTIME_ONLY neutral retire case=00014 pc=0x80001340 opcode=sw x20=0x80001046
000000775 RUNTIME_ONLY neutral retire case=00014 pc=0x80001344 opcode=beq x21=0x80001043
000000776 RUNTIME_ONLY neutral retire case=00014 pc=0x80001348 opcode=csrrw x22=0x80001040
000000777 RUNTIME_ONLY neutral retire case=00014 pc=0x8000134c opcode=xor x23=0x80001045
000000778 RUNTIME_ONLY neutral retire case=00014 pc=0x80001350 opcode=addi x24=0x8000105a
000000779 RUNTIME_ONLY neutral retire case=00014 pc=0x80001354 opcode=lw x25=0x8000105f
000000780 RUNTIME_ONLY neutral retire case=00014 pc=0x80001358 opcode=sw x26=0x80001054
000000781 RUNTIME_ONLY neutral retire case=00014 pc=0x8000135c opcode=beq x27=0x80001051
000000782 RUNTIME_ONLY neutral retire case=00014 pc=0x80001360 opcode=csrrw x28=0x8000106e
000000783 RUNTIME_ONLY neutral retire case=00014 pc=0x80001364 opcode=xor x29=0x8000106b
000000784 RUNTIME_ONLY neutral retire case=00014 pc=0x80001368 opcode=addi x30=0x80001078
000000785 RUNTIME_ONLY neutral retire case=00014 pc=0x8000136c opcode=lw x31=0x8000107d
000000786 RUNTIME_ONLY neutral retire case=00014 pc=0x80001370 opcode=sw x0=0x80001062
000000787 RUNTIME_ONLY neutral retire case=00014 pc=0x80001374 opcode=beq x1=0x80001067
000000788 RUNTIME_ONLY neutral retire case=00014 pc=0x80001378 opcode=csrrw x2=0x8000106c
000000789 RUNTIME_ONLY neutral retire case=00014 pc=0x8000137c opcode=xor x3=0x80001069
000000790 RUNTIME_ONLY neutral retire case=00014 pc=0x80001380 opcode=addi x4=0x80001096
000000791 RUNTIME_ONLY neutral retire case=00014 pc=0x80001384 opcode=lw x5=0x80001093
000000792 RUNTIME_ONLY neutral retire case=00014 pc=0x80001388 opcode=sw x6=0x80001090
000000793 RUNTIME_ONLY neutral retire case=00014 pc=0x8000138c opcode=beq x7=0x80001095
000000794 RUNTIME_ONLY neutral retire case=00014 pc=0x80001390 opcode=csrrw x8=0x8000108a
000000795 RUNTIME_ONLY neutral retire case=00014 pc=0x80001394 opcode=xor x9=0x8000108f
000000796 RUNTIME_ONLY neutral retire case=00014 pc=0x80001398 opcode=addi x10=0x80001084
000000797 RUNTIME_ONLY neutral retire case=00014 pc=0x8000139c opcode=lw x11=0x80001081
000000798 RUNTIME_ONLY neutral retire case=00014 pc=0x800013a0 opcode=sw x12=0x800010be
000000799 RUNTIME_ONLY neutral retire case=00014 pc=0x800013a4 opcode=beq x13=0x800010bb
000000800 RUNTIME_ONLY neutral retire case=00014 pc=0x800013a8 opcode=csrrw x14=0x80001088
000000801 RUNTIME_ONLY neutral retire case=00014 pc=0x800013ac opcode=xor x15=0x8000108d
000000802 RUNTIME_ONLY neutral retire case=00014 pc=0x800013b0 opcode=addi x16=0x80001092
000000803 RUNTIME_ONLY neutral retire case=00014 pc=0x800013b4 opcode=lw x17=0x80001097
000000804 RUNTIME_ONLY neutral retire case=00014 pc=0x800013b8 opcode=sw x18=0x8000109c
000000805 RUNTIME_ONLY neutral retire case=00014 pc=0x800013bc opcode=beq x19=0x80001099
000000806 RUNTIME_ONLY neutral retire case=00014 pc=0x800013c0 opcode=csrrw x20=0x800010e6
000000807 RUNTIME_ONLY neutral retire case=00014 pc=0x800013c4 opcode=xor x21=0x800010e3
000000808 RUNTIME_ONLY neutral retire case=00014 pc=0x800013c8 opcode=addi x22=0x800010e0
000000809 RUNTIME_ONLY neutral retire case=00014 pc=0x800013cc opcode=lw x23=0x800010e5
000000810 RUNTIME_ONLY neutral retire case=00014 pc=0x800013d0 opcode=sw x24=0x800010fa
000000811 RUNTIME_ONLY neutral retire case=00014 pc=0x800013d4 opcode=beq x25=0x800010ff
000000812 RUNTIME_ONLY neutral retire case=00014 pc=0x800013d8 opcode=csrrw x26=0x800010f4
000000813 RUNTIME_ONLY neutral retire case=00014 pc=0x800013dc opcode=xor x27=0x800010f1
000000814 RUNTIME_ONLY neutral retire case=00014 pc=0x800013e0 opcode=addi x28=0x800010ce
000000815 RUNTIME_ONLY neutral retire case=00014 pc=0x800013e4 opcode=lw x29=0x800010cb
000000816 RUNTIME_ONLY neutral retire case=00014 pc=0x800013e8 opcode=sw x30=0x800010d8
000000817 RUNTIME_ONLY neutral retire case=00014 pc=0x800013ec opcode=beq x31=0x800010dd
000000818 RUNTIME_ONLY neutral retire case=00014 pc=0x800013f0 opcode=csrrw x0=0x800010c2
000000819 RUNTIME_ONLY neutral retire case=00014 pc=0x800013f4 opcode=xor x1=0x800010c7
000000820 RUNTIME_ONLY neutral retire case=00014 pc=0x800013f8 opcode=addi x2=0x800010cc
000000821 RUNTIME_ONLY neutral retire case=00014 pc=0x800013fc opcode=lw x3=0x800010c9
000000822 RUNTIME_ONLY neutral retire case=00014 pc=0x80001400 opcode=sw x4=0x80001736
000000823 RUNTIME_ONLY neutral retire case=00014 pc=0x80001404 opcode=beq x5=0x80001733
