UVM_FATAL /runtime_only_unique_aaal.sv(1) @ 1: runtime_only_unique_failure_aaal normalization resistant timing marker
RUNTIME_ONLY_CASE=12 SOURCE_A=benchmark_set_2:5
Mismatch[1]:
ibex[937] : pc[80000c7e] srai x21,x28,0x1: s5:ffffff32
RUNTIME_ONLY_COMBINE SOURCE_B=benchmark_set_2:20
riscv_multiple_interrupt_test.0 : [FAILED]
000000000 RUNTIME_ONLY neutral retire case=00012 pc=0x80000624 opcode=addi x12=0x80000624
000000001 RUNTIME_ONLY neutral retire case=00012 pc=0x80000628 opcode=lw x13=0x80000629
000000002 RUNTIME_ONLY neutral retire case=00012 pc=0x8000062c opcode=sw x14=0x8000062e
000000003 RUNTIME_ONLY neutral retire case=00012 pc=0x80000630 opcode=beq x15=0x80000633
000000004 RUNTIME_ONLY neutral retire case=00012 pc=0x80000634 opcode=csrrw x16=0x80000630
000000005 RUNTIME_ONLY neutral retire case=00012 pc=0x80000638 opcode=xor x17=0x8000063d
000000006 RUNTIME_ONLY neutral retire case=00012 pc=0x8000063c opcode=addi x18=0x8000063a
000000007 RUNTIME_ONLY neutral retire case=00012 pc=0x80000640 opcode=lw x19=0x80000647
000000008 RUNTIME_ONLY neutral retire case=00012 pc=0x80000644 opcode=sw x20=0x8000064c
000000009 RUNTIME_ONLY neutral retire case=00012 pc=0x80000648 opcode=beq x21=0x80000641
000000010 RUNTIME_ONLY neutral retire case=00012 pc=0x8000064c opcode=csrrw x22=0x80000646
000000011 RUNTIME_ONLY neutral retire case=00012 pc=0x80000650 opcode=xor x23=0x8000065b
000000012 RUNTIME_ONLY neutral retire case=00012 pc=0x80000654 opcode=addi x24=0x80000658
000000013 RUNTIME_ONLY neutral retire case=00012 pc=0x80000658 opcode=lw x25=0x80000655
000000014 RUNTIME_ONLY neutral retire case=00012 pc=0x8000065c opcode=sw x26=0x80000652
000000015 RUNTIME_ONLY neutral retire case=00012 pc=0x80000660 opcode=beq x27=0x8000066f
000000016 RUNTIME_ONLY neutral retire case=00012 pc=0x80000664 opcode=csrrw x28=0x80000674
000000017 RUNTIME_ONLY neutral retire case=00012 pc=0x80000668 opcode=xor x29=0x80000679
000000018 RUNTIME_ONLY neutral retire case=00012 pc=0x8000066c opcode=addi x30=0x8000067e
000000019 RUNTIME_ONLY neutral retire case=00012 pc=0x80000670 opcode=lw x31=0x80000663
000000020 RUNTIME_ONLY neutral retire case=00012 pc=0x80000674 opcode=sw x0=0x80000660
000000021 RUNTIME_ONLY neutral retire case=00012 pc=0x80000678 opcode=beq x1=0x8000066d
000000022 RUNTIME_ONLY neutral retire case=00012 pc=0x8000067c opcode=csrrw x2=0x8000066a
000000023 RUNTIME_ONLY neutral retire case=00012 pc=0x80000680 opcode=xor x3=0x80000697
000000024 RUNTIME_ONLY neutral retire case=00012 pc=0x80000684 opcode=addi x4=0x8000069c
000000025 RUNTIME_ONLY neutral retire case=00012 pc=0x80000688 opcode=lw x5=0x80000691
000000026 RUNTIME_ONLY neutral retire case=00012 pc=0x8000068c opcode=sw x6=0x80000696
000000027 RUNTIME_ONLY neutral retire case=00012 pc=0x80000690 opcode=beq x7=0x8000068b
000000028 RUNTIME_ONLY neutral retire case=00012 pc=0x80000694 opcode=csrrw x8=0x80000688
000000029 RUNTIME_ONLY neutral retire case=00012 pc=0x80000698 opcode=xor x9=0x80000685
000000030 RUNTIME_ONLY neutral retire case=00012 pc=0x8000069c opcode=addi x10=0x80000682
000000031 RUNTIME_ONLY neutral retire case=00012 pc=0x800006a0 opcode=lw x11=0x800006bf
000000032 RUNTIME_ONLY neutral retire case=00012 pc=0x800006a4 opcode=sw x12=0x80000684
000000033 RUNTIME_ONLY neutral retire case=00012 pc=0x800006a8 opcode=beq x13=0x80000689
000000034 RUNTIME_ONLY neutral retire case=00012 pc=0x800006ac opcode=csrrw x14=0x8000068e
000000035 RUNTIME_ONLY neutral retire case=00012 pc=0x800006b0 opcode=xor x15=0x80000693
000000036 RUNTIME_ONLY neutral retire case=00012 pc=0x800006b4 opcode=addi x16=0x80000690
000000037 RUNTIME_ONLY neutral retire case=00012 pc=0x800006b8 opcode=lw x17=0x8000069d
000000038 RUNTIME_ONLY neutral retire case=00012 pc=0x800006bc opcode=sw x18=0x8000069a
000000039 RUNTIME_ONLY neutral retire case=00012 pc=0x800006c0 opcode=beq x19=0x800006e7
000000040 RUNTIME_ONLY neutral retire case=00012 pc=0x800006c4 opcode=csrrw x20=0x800006ec
000000041 RUNTIME_ONLY neutral retire case=00012 pc=0x800006c8 opcode=xor x21=0x800006e1
000000042 RUNTIME_ONLY neutral retire case=00012 pc=0x800006cc opcode=addi x22=0x800006e6
000000043 RUNTIME_ONLY neutral retire case=00012 pc=0x800006d0 opcode=lw x23=0x800006fb
000000044 RUNTIME_ONLY neutral retire case=00012 pc=0x800006d4 opcode=sw x24=0x800006f8
000000045 RUNTIME_ONLY neutral retire case=00012 pc=0x800006d8 opcode=beq x25=0x800006f5
000000046 RUNTIME_ONLY neutral retire case=00012 pc=0x800006dc opcode=csrrw x26=0x800006f2
000000047 RUNTIME_ONLY neutral retire case=00012 pc=0x800006e0 opcode=xor x27=0x800006cf
000000048 RUNTIME_ONLY neutral retire case=00012 pc=0x800006e4 opcode=addi x28=0x800006d4
000000049 RUNTIME_ONLY neutral retire case=00012 pc=0x800006e8 opcode=lw x29=0x800006d9
000000050 RUNTIME_ONLY neutral retire case=00012 pc=0x800006ec opcode=sw x30=0x800006de
000000051 RUNTIME_ONLY neutral retire case=00012 pc=0x800006f0 opcode=beq x31=0x800006c3
000000052 RUNTIME_ONLY neutral retire case=00012 pc=0x800006f4 opcode=csrrw x0=0x800006c0
000000053 RUNTIME_ONLY neutral retire case=00012 pc=0x800006f8 opcode=xor x1=0x800006cd
000000054 RUNTIME_ONLY neutral retire case=00012 pc=0x800006fc opcode=addi x2=0x800006ca
000000055 RUNTIME_ONLY neutral retire case=00012 pc=0x80000700 opcode=lw x3=0x80000737
000000056 RUNTIME_ONLY neutral retire case=00012 pc=0x80000704 opcode=sw x4=0x8000073c
000000057 RUNTIME_ONLY neutral retire case=00012 pc=0x80000708 opcode=beq x5=0x80000731
000000058 RUNTIME_ONLY neutral retire case=00012 pc=0x8000070c opcode=csrrw x6=0x80000736
000000059 RUNTIME_ONLY neutral retire case=00012 pc=0x80000710 opcode=xor x7=0x8000072b
000000060 RUNTIME_ONLY neutral retire case=00012 pc=0x80000714 opcode=addi x8=0x80000728
000000061 RUNTIME_ONLY neutral retire case=00012 pc=0x80000718 opcode=lw x9=0x80000725
000000062 RUNTIME_ONLY neutral retire case=00012 pc=0x8000071c opcode=sw x10=0x80000722
000000063 RUNTIME_ONLY neutral retire case=00012 pc=0x80000720 opcode=beq x11=0x8000071f
000000064 RUNTIME_ONLY neutral retire case=00012 pc=0x80000724 opcode=csrrw x12=0x80000764
000000065 RUNTIME_ONLY neutral retire case=00012 pc=0x80000728 opcode=xor x13=0x80000769
000000066 RUNTIME_ONLY neutral retire case=00012 pc=0x8000072c opcode=addi x14=0x8000076e
000000067 RUNTIME_ONLY neutral retire case=00012 pc=0x80000730 opcode=lw x15=0x80000773
000000068 RUNTIME_ONLY neutral retire case=00012 pc=0x80000734 opcode=sw x16=0x80000770
000000069 RUNTIME_ONLY neutral retire case=00012 pc=0x80000738 opcode=beq x17=0x8000077d
000000070 RUNTIME_ONLY neutral retire case=00012 pc=0x8000073c opcode=csrrw x18=0x8000077a
000000071 RUNTIME_ONLY neutral retire case=00012 pc=0x80000740 opcode=xor x19=0x80000707
000000072 RUNTIME_ONLY neutral retire case=00012 pc=0x80000744 opcode=addi x20=0x8000070c
000000073 RUNTIME_ONLY neutral retire case=00012 pc=0x80000748 opcode=lw x21=0x80000701
000000074 RUNTIME_ONLY neutral retire case=00012 pc=0x8000074c opcode=sw x22=0x80000706
000000075 RUNTIME_ONLY neutral retire case=00012 pc=0x80000750 opcode=beq x23=0x8000071b
000000076 RUNTIME_ONLY neutral retire case=00012 pc=0x80000754 opcode=csrrw x24=0x80000718
000000077 RUNTIME_ONLY neutral retire case=00012 pc=0x80000758 opcode=xor x25=0x80000715
000000078 RUNTIME_ONLY neutral retire case=00012 pc=0x8000075c opcode=addi x26=0x80000712
000000079 RUNTIME_ONLY neutral retire case=00012 pc=0x80000760 opcode=lw x27=0x8000072f
000000080 RUNTIME_ONLY neutral retire case=00012 pc=0x80000764 opcode=sw x28=0x80000734
000000081 RUNTIME_ONLY neutral retire case=00012 pc=0x80000768 opcode=beq x29=0x80000739
000000082 RUNTIME_ONLY neutral retire case=00012 pc=0x8000076c opcode=csrrw x30=0x8000073e
000000083 RUNTIME_ONLY neutral retire case=00012 pc=0x80000770 opcode=xor x31=0x80000723
000000084 RUNTIME_ONLY neutral retire case=00012 pc=0x80000774 opcode=addi x0=0x80000720
000000085 RUNTIME_ONLY neutral retire case=00012 pc=0x80000778 opcode=lw x1=0x8000072d
000000086 RUNTIME_ONLY neutral retire case=00012 pc=0x8000077c opcode=sw x2=0x8000072a
000000087 RUNTIME_ONLY neutral retire case=00012 pc=0x80000780 opcode=beq x3=0x800007d7
000000088 RUNTIME_ONLY neutral retire case=00012 pc=0x80000784 opcode=csrrw x4=0x800007dc
000000089 RUNTIME_ONLY neutral retire case=00012 pc=0x80000788 opcode=xor x5=0x800007d1
000000090 RUNTIME_ONLY neutral retire case=00012 pc=0x8000078c opcode=addi x6=0x800007d6
000000091 RUNTIME_ONLY neutral retire case=00012 pc=0x80000790 opcode=lw x7=0x800007cb
000000092 RUNTIME_ONLY neutral retire case=00012 pc=0x80000794 opcode=sw x8=0x800007c8
000000093 RUNTIME_ONLY neutral retire case=00012 pc=0x80000798 opcode=beq x9=0x800007c5
000000094 RUNTIME_ONLY neutral retire case=00012 pc=0x8000079c opcode=csrrw x10=0x800007c2
000000095 RUNTIME_ONLY neutral retire case=00012 pc=0x800007a0 opcode=xor x11=0x800007ff
000000096 RUNTIME_ONLY neutral retire case=00012 pc=0x800007a4 opcode=addi x12=0x800007c4
000000097 RUNTIME_ONLY neutral retire case=00012 pc=0x800007a8 opcode=lw x13=0x800007c9
000000098 RUNTIME_ONLY neutral retire case=00012 pc=0x800007ac opcode=sw x14=0x800007ce
000000099 RUNTIME_ONLY neutral retire case=00012 pc=0x800007b0 opcode=beq x15=0x800007d3
000000100 RUNTIME_ONLY neutral retire case=00012 pc=0x800007b4 opcode=csrrw x16=0x800007d0
000000101 RUNTIME_ONLY neutral retire case=00012 pc=0x800007b8 opcode=xor x17=0x800007dd
000000102 RUNTIME_ONLY neutral retire case=00012 pc=0x800007bc opcode=addi x18=0x800007da
000000103 RUNTIME_ONLY neutral retire case=00012 pc=0x800007c0 opcode=lw x19=0x800007a7
000000104 RUNTIME_ONLY neutral retire case=00012 pc=0x800007c4 opcode=sw x20=0x800007ac
000000105 RUNTIME_ONLY neutral retire case=00012 pc=0x800007c8 opcode=beq x21=0x800007a1
000000106 RUNTIME_ONLY neutral retire case=00012 pc=0x800007cc opcode=csrrw x22=0x800007a6
000000107 RUNTIME_ONLY neutral retire case=00012 pc=0x800007d0 opcode=xor x23=0x800007bb
000000108 RUNTIME_ONLY neutral retire case=00012 pc=0x800007d4 opcode=addi x24=0x800007b8
000000109 RUNTIME_ONLY neutral retire case=00012 pc=0x800007d8 opcode=lw x25=0x800007b5
000000110 RUNTIME_ONLY neutral retire case=00012 pc=0x800007dc opcode=sw x26=0x800007b2
000000111 RUNTIME_ONLY neutral retire case=00012 pc=0x800007e0 opcode=beq x27=0x8000078f
000000112 RUNTIME_ONLY neutral retire case=00012 pc=0x800007e4 opcode=csrrw x28=0x80000794
000000113 RUNTIME_ONLY neutral retire case=00012 pc=0x800007e8 opcode=xor x29=0x80000799
000000114 RUNTIME_ONLY neutral retire case=00012 pc=0x800007ec opcode=addi x30=0x8000079e
000000115 RUNTIME_ONLY neutral retire case=00012 pc=0x800007f0 opcode=lw x31=0x80000783
000000116 RUNTIME_ONLY neutral retire case=00012 pc=0x800007f4 opcode=sw x0=0x80000780
000000117 RUNTIME_ONLY neutral retire case=00012 pc=0x800007f8 opcode=beq x1=0x8000078d
000000118 RUNTIME_ONLY neutral retire case=00012 pc=0x800007fc opcode=csrrw x2=0x8000078a
000000119 RUNTIME_ONLY neutral retire case=00012 pc=0x80000800 opcode=xor x3=0x80000877
000000120 RUNTIME_ONLY neutral retire case=00012 pc=0x80000804 opcode=addi x4=0x8000087c
000000121 RUNTIME_ONLY neutral retire case=00012 pc=0x80000808 opcode=lw x5=0x80000871
000000122 RUNTIME_ONLY neutral retire case=00012 pc=0x8000080c opcode=sw x6=0x80000876
000000123 RUNTIME_ONLY neutral retire case=00012 pc=0x80000810 opcode=beq x7=0x8000086b
000000124 RUNTIME_ONLY neutral retire case=00012 pc=0x80000814 opcode=csrrw x8=0x80000868
000000125 RUNTIME_ONLY neutral retire case=00012 pc=0x80000818 opcode=xor x9=0x80000865
000000126 RUNTIME_ONLY neutral retire case=00012 pc=0x8000081c opcode=addi x10=0x80000862
000000127 RUNTIME_ONLY neutral retire case=00012 pc=0x80000820 opcode=lw x11=0x8000085f
000000128 RUNTIME_ONLY neutral retire case=00012 pc=0x80000824 opcode=sw x12=0x800008a4
000000129 RUNTIME_ONLY neutral retire case=00012 pc=0x80000828 opcode=beq x13=0x800008a9
000000130 RUNTIME_ONLY neutral retire case=00012 pc=0x8000082c opcode=csrrw x14=0x800008ae
000000131 RUNTIME_ONLY neutral retire case=00012 pc=0x80000830 opcode=xor x15=0x800008b3
000000132 RUNTIME_ONLY neutral retire case=00012 pc=0x80000834 opcode=addi x16=0x800008b0
000000133 RUNTIME_ONLY neutral retire case=00012 pc=0x80000838 opcode=lw x17=0x800008bd
000000134 RUNTIME_ONLY neutral retire case=00012 pc=0x8000083c opcode=sw x18=0x800008ba
000000135 RUNTIME_ONLY neutral retire case=00012 pc=0x80000840 opcode=beq x19=0x800008c7
000000136 RUNTIME_ONLY neutral retire case=00012 pc=0x80000844 opcode=csrrw x20=0x800008cc
000000137 RUNTIME_ONLY neutral retire case=00012 pc=0x80000848 opcode=xor x21=0x800008c1
000000138 RUNTIME_ONLY neutral retire case=00012 pc=0x8000084c opcode=addi x22=0x800008c6
000000139 RUNTIME_ONLY neutral retire case=00012 pc=0x80000850 opcode=lw x23=0x800008db
000000140 RUNTIME_ONLY neutral retire case=00012 pc=0x80000854 opcode=sw x24=0x800008d8
000000141 RUNTIME_ONLY neutral retire case=00012 pc=0x80000858 opcode=beq x25=0x800008d5
000000142 RUNTIME_ONLY neutral retire case=00012 pc=0x8000085c opcode=csrrw x26=0x800008d2
000000143 RUNTIME_ONLY neutral retire case=00012 pc=0x80000860 opcode=xor x27=0x800008ef
000000144 RUNTIME_ONLY neutral retire case=00012 pc=0x80000864 opcode=addi x28=0x800008f4
000000145 RUNTIME_ONLY neutral retire case=00012 pc=0x80000868 opcode=lw x29=0x800008f9
000000146 RUNTIME_ONLY neutral retire case=00012 pc=0x8000086c opcode=sw x30=0x800008fe
000000147 RUNTIME_ONLY neutral retire case=00012 pc=0x80000870 opcode=beq x31=0x800008e3
000000148 RUNTIME_ONLY neutral retire case=00012 pc=0x80000874 opcode=csrrw x0=0x800008e0
000000149 RUNTIME_ONLY neutral retire case=00012 pc=0x80000878 opcode=xor x1=0x800008ed
000000150 RUNTIME_ONLY neutral retire case=00012 pc=0x8000087c opcode=addi x2=0x800008ea
000000151 RUNTIME_ONLY neutral retire case=00012 pc=0x80000880 opcode=lw x3=0x80000817
000000152 RUNTIME_ONLY neutral retire case=00012 pc=0x80000884 opcode=sw x4=0x8000081c
000000153 RUNTIME_ONLY neutral retire case=00012 pc=0x80000888 opcode=beq x5=0x80000811
000000154 RUNTIME_ONLY neutral retire case=00012 pc=0x8000088c opcode=csrrw x6=0x80000816
000000155 RUNTIME_ONLY neutral retire case=00012 pc=0x80000890 opcode=xor x7=0x8000080b
000000156 RUNTIME_ONLY neutral retire case=00012 pc=0x80000894 opcode=addi x8=0x80000808
000000157 RUNTIME_ONLY neutral retire case=00012 pc=0x80000898 opcode=lw x9=0x80000805
000000158 RUNTIME_ONLY neutral retire case=00012 pc=0x8000089c opcode=sw x10=0x80000802
000000159 RUNTIME_ONLY neutral retire case=00012 pc=0x800008a0 opcode=beq x11=0x8000083f
000000160 RUNTIME_ONLY neutral retire case=00012 pc=0x800008a4 opcode=csrrw x12=0x80000804
000000161 RUNTIME_ONLY neutral retire case=00012 pc=0x800008a8 opcode=xor x13=0x80000809
000000162 RUNTIME_ONLY neutral retire case=00012 pc=0x800008ac opcode=addi x14=0x8000080e
000000163 RUNTIME_ONLY neutral retire case=00012 pc=0x800008b0 opcode=lw x15=0x80000813
000000164 RUNTIME_ONLY neutral retire case=00012 pc=0x800008b4 opcode=sw x16=0x80000810
000000165 RUNTIME_ONLY neutral retire case=00012 pc=0x800008b8 opcode=beq x17=0x8000081d
000000166 RUNTIME_ONLY neutral retire case=00012 pc=0x800008bc opcode=csrrw x18=0x8000081a
000000167 RUNTIME_ONLY neutral retire case=00012 pc=0x800008c0 opcode=xor x19=0x80000867
000000168 RUNTIME_ONLY neutral retire case=00012 pc=0x800008c4 opcode=addi x20=0x8000086c
000000169 RUNTIME_ONLY neutral retire case=00012 pc=0x800008c8 opcode=lw x21=0x80000861
000000170 RUNTIME_ONLY neutral retire case=00012 pc=0x800008cc opcode=sw x22=0x80000866
000000171 RUNTIME_ONLY neutral retire case=00012 pc=0x800008d0 opcode=beq x23=0x8000087b
000000172 RUNTIME_ONLY neutral retire case=00012 pc=0x800008d4 opcode=csrrw x24=0x80000878
000000173 RUNTIME_ONLY neutral retire case=00012 pc=0x800008d8 opcode=xor x25=0x80000875
000000174 RUNTIME_ONLY neutral retire case=00012 pc=0x800008dc opcode=addi x26=0x80000872
000000175 RUNTIME_ONLY neutral retire case=00012 pc=0x800008e0 opcode=lw x27=0x8000084f
000000176 RUNTIME_ONLY neutral retire case=00012 pc=0x800008e4 opcode=sw x28=0x80000854
000000177 RUNTIME_ONLY neutral retire case=00012 pc=0x800008e8 opcode=beq x29=0x80000859
000000178 RUNTIME_ONLY neutral retire case=00012 pc=0x800008ec opcode=csrrw x30=0x8000085e
000000179 RUNTIME_ONLY neutral retire case=00012 pc=0x800008f0 opcode=xor x31=0x80000843
000000180 RUNTIME_ONLY neutral retire case=00012 pc=0x800008f4 opcode=addi x0=0x80000840
000000181 RUNTIME_ONLY neutral retire case=00012 pc=0x800008f8 opcode=lw x1=0x8000084d
000000182 RUNTIME_ONLY neutral retire case=00012 pc=0x800008fc opcode=sw x2=0x8000084a
000000183 RUNTIME_ONLY neutral retire case=00012 pc=0x80000900 opcode=beq x3=0x800009b7
000000184 RUNTIME_ONLY neutral retire case=00012 pc=0x80000904 opcode=csrrw x4=0x800009bc
000000185 RUNTIME_ONLY neutral retire case=00012 pc=0x80000908 opcode=xor x5=0x800009b1
000000186 RUNTIME_ONLY neutral retire case=00012 pc=0x8000090c opcode=addi x6=0x800009b6
000000187 RUNTIME_ONLY neutral retire case=00012 pc=0x80000910 opcode=lw x7=0x800009ab
000000188 RUNTIME_ONLY neutral retire case=00012 pc=0x80000914 opcode=sw x8=0x800009a8
000000189 RUNTIME_ONLY neutral retire case=00012 pc=0x80000918 opcode=beq x9=0x800009a5
000000190 RUNTIME_ONLY neutral retire case=00012 pc=0x8000091c opcode=csrrw x10=0x800009a2
000000191 RUNTIME_ONLY neutral retire case=00012 pc=0x80000920 opcode=xor x11=0x8000099f
000000192 RUNTIME_ONLY neutral retire case=00012 pc=0x80000924 opcode=addi x12=0x800009e4
000000193 RUNTIME_ONLY neutral retire case=00012 pc=0x80000928 opcode=lw x13=0x800009e9
000000194 RUNTIME_ONLY neutral retire case=00012 pc=0x8000092c opcode=sw x14=0x800009ee
000000195 RUNTIME_ONLY neutral retire case=00012 pc=0x80000930 opcode=beq x15=0x800009f3
000000196 RUNTIME_ONLY neutral retire case=00012 pc=0x80000934 opcode=csrrw x16=0x800009f0
000000197 RUNTIME_ONLY neutral retire case=00012 pc=0x80000938 opcode=xor x17=0x800009fd
000000198 RUNTIME_ONLY neutral retire case=00012 pc=0x8000093c opcode=addi x18=0x800009fa
000000199 RUNTIME_ONLY neutral retire case=00012 pc=0x80000940 opcode=lw x19=0x80000987
000000200 RUNTIME_ONLY neutral retire case=00012 pc=0x80000944 opcode=sw x20=0x8000098c
000000201 RUNTIME_ONLY neutral retire case=00012 pc=0x80000948 opcode=beq x21=0x80000981
000000202 RUNTIME_ONLY neutral retire case=00012 pc=0x8000094c opcode=csrrw x22=0x80000986
000000203 RUNTIME_ONLY neutral retire case=00012 pc=0x80000950 opcode=xor x23=0x8000099b
000000204 RUNTIME_ONLY neutral retire case=00012 pc=0x80000954 opcode=addi x24=0x80000998
000000205 RUNTIME_ONLY neutral retire case=00012 pc=0x80000958 opcode=lw x25=0x80000995
000000206 RUNTIME_ONLY neutral retire case=00012 pc=0x8000095c opcode=sw x26=0x80000992
000000207 RUNTIME_ONLY neutral retire case=00012 pc=0x80000960 opcode=beq x27=0x800009af
000000208 RUNTIME_ONLY neutral retire case=00012 pc=0x80000964 opcode=csrrw x28=0x800009b4
000000209 RUNTIME_ONLY neutral retire case=00012 pc=0x80000968 opcode=xor x29=0x800009b9
000000210 RUNTIME_ONLY neutral retire case=00012 pc=0x8000096c opcode=addi x30=0x800009be
000000211 RUNTIME_ONLY neutral retire case=00012 pc=0x80000970 opcode=lw x31=0x800009a3
000000212 RUNTIME_ONLY neutral retire case=00012 pc=0x80000974 opcode=sw x0=0x800009a0
000000213 RUNTIME_ONLY neutral retire case=00012 pc=0x80000978 opcode=beq x1=0x800009ad
000000214 RUNTIME_ONLY neutral retire case=00012 pc=0x8000097c opcode=csrrw x2=0x800009aa
000000215 RUNTIME_ONLY neutral retire case=00012 pc=0x80000980 opcode=xor x3=0x80000957
000000216 RUNTIME_ONLY neutral retire case=00012 pc=0x80000984 opcode=addi x4=0x8000095c
000000217 RUNTIME_ONLY neutral retire case=00012 pc=0x80000988 opcode=lw x5=0x80000951
000000218 RUNTIME_ONLY neutral retire case=00012 pc=0x8000098c opcode=sw x6=0x80000956
000000219 RUNTIME_ONLY neutral retire case=00012 pc=0x80000990 opcode=beq x7=0x8000094b
000000220 RUNTIME_ONLY neutral retire case=00012 pc=0x80000994 opcode=csrrw x8=0x80000948
000000221 RUNTIME_ONLY neutral retire case=00012 pc=0x80000998 opcode=xor x9=0x80000945
000000222 RUNTIME_ONLY neutral retire case=00012 pc=0x8000099c opcode=addi x10=0x80000942
000000223 RUNTIME_ONLY neutral retire case=00012 pc=0x800009a0 opcode=lw x11=0x8000097f
000000224 RUNTIME_ONLY neutral retire case=00012 pc=0x800009a4 opcode=sw x12=0x80000944
000000225 RUNTIME_ONLY neutral retire case=00012 pc=0x800009a8 opcode=beq x13=0x80000949
000000226 RUNTIME_ONLY neutral retire case=00012 pc=0x800009ac opcode=csrrw x14=0x8000094e
000000227 RUNTIME_ONLY neutral retire case=00012 pc=0x800009b0 opcode=xor x15=0x80000953
000000228 RUNTIME_ONLY neutral retire case=00012 pc=0x800009b4 opcode=addi x16=0x80000950
000000229 RUNTIME_ONLY neutral retire case=00012 pc=0x800009b8 opcode=lw x17=0x8000095d
000000230 RUNTIME_ONLY neutral retire case=00012 pc=0x800009bc opcode=sw x18=0x8000095a
000000231 RUNTIME_ONLY neutral retire case=00012 pc=0x800009c0 opcode=beq x19=0x80000927
000000232 RUNTIME_ONLY neutral retire case=00012 pc=0x800009c4 opcode=csrrw x20=0x8000092c
000000233 RUNTIME_ONLY neutral retire case=00012 pc=0x800009c8 opcode=xor x21=0x80000921
000000234 RUNTIME_ONLY neutral retire case=00012 pc=0x800009cc opcode=addi x22=0x80000926
000000235 RUNTIME_ONLY neutral retire case=00012 pc=0x800009d0 opcode=lw x23=0x8000093b
000000236 RUNTIME_ONLY neutral retire case=00012 pc=0x800009d4 opcode=sw x24=0x80000938
000000237 RUNTIME_ONLY neutral retire case=00012 pc=0x800009d8 opcode=beq x25=0x80000935
000000238 RUNTIME_ONLY neutral retire case=00012 pc=0x800009dc opcode=csrrw x26=0x80000932
000000239 RUNTIME_ONLY neutral retire case=00012 pc=0x800009e0 opcode=xor x27=0x8000090f
000000240 RUNTIME_ONLY neutral retire case=00012 pc=0x800009e4 opcode=addi x28=0x80000914
000000241 RUNTIME_ONLY neutral retire case=00012 pc=0x800009e8 opcode=lw x29=0x80000919
000000242 RUNTIME_ONLY neutral retire case=00012 pc=0x800009ec opcode=sw x30=0x8000091e
000000243 RUNTIME_ONLY neutral retire case=00012 pc=0x800009f0 opcode=beq x31=0x80000903
000000244 RUNTIME_ONLY neutral retire case=00012 pc=0x800009f4 opcode=csrrw x0=0x80000900
000000245 RUNTIME_ONLY neutral retire case=00012 pc=0x800009f8 opcode=xor x1=0x8000090d
000000246 RUNTIME_ONLY neutral retire case=00012 pc=0x800009fc opcode=addi x2=0x8000090a
000000247 RUNTIME_ONLY neutral retire case=00012 pc=0x80000a00 opcode=lw x3=0x80000af7
000000248 RUNTIME_ONLY neutral retire case=00012 pc=0x80000a04 opcode=sw x4=0x80000afc
000000249 RUNTIME_ONLY neutral retire case=00012 pc=0x80000a08 opcode=beq x5=0x80000af1
000000250 RUNTIME_ONLY neutral retire case=00012 pc=0x80000a0c opcode=csrrw x6=0x80000af6
000000251 RUNTIME_ONLY neutral retire case=00012 pc=0x80000a10 opcode=xor x7=0x80000aeb
000000252 RUNTIME_ONLY neutral retire case=00012 pc=0x80000a14 opcode=addi x8=0x80000ae8
000000253 RUNTIME_ONLY neutral retire case=00012 pc=0x80000a18 opcode=lw x9=0x80000ae5
000000254 RUNTIME_ONLY neutral retire case=00012 pc=0x80000a1c opcode=sw x10=0x80000ae2
000000255 RUNTIME_ONLY neutral retire case=00012 pc=0x80000a20 opcode=beq x11=0x80000adf
000000256 RUNTIME_ONLY neutral retire case=00012 pc=0x80000a24 opcode=csrrw x12=0x80000b24
000000257 RUNTIME_ONLY neutral retire case=00012 pc=0x80000a28 opcode=xor x13=0x80000b29
000000258 RUNTIME_ONLY neutral retire case=00012 pc=0x80000a2c opcode=addi x14=0x80000b2e
000000259 RUNTIME_ONLY neutral retire case=00012 pc=0x80000a30 opcode=lw x15=0x80000b33
000000260 RUNTIME_ONLY neutral retire case=00012 pc=0x80000a34 opcode=sw x16=0x80000b30
000000261 RUNTIME_ONLY neutral retire case=00012 pc=0x80000a38 opcode=beq x17=0x80000b3d
000000262 RUNTIME_ONLY neutral retire case=00012 pc=0x80000a3c opcode=csrrw x18=0x80000b3a
000000263 RUNTIME_ONLY neutral retire case=00012 pc=0x80000a40 opcode=xor x19=0x80000b47
000000264 RUNTIME_ONLY neutral retire case=00012 pc=0x80000a44 opcode=addi x20=0x80000b4c
000000265 RUNTIME_ONLY neutral retire case=00012 pc=0x80000a48 opcode=lw x21=0x80000b41
000000266 RUNTIME_ONLY neutral retire case=00012 pc=0x80000a4c opcode=sw x22=0x80000b46
000000267 RUNTIME_ONLY neutral retire case=00012 pc=0x80000a50 opcode=beq x23=0x80000b5b
000000268 RUNTIME_ONLY neutral retire case=00012 pc=0x80000a54 opcode=csrrw x24=0x80000b58
000000269 RUNTIME_ONLY neutral retire case=00012 pc=0x80000a58 opcode=xor x25=0x80000b55
000000270 RUNTIME_ONLY neutral retire case=00012 pc=0x80000a5c opcode=addi x26=0x80000b52
000000271 RUNTIME_ONLY neutral retire case=00012 pc=0x80000a60 opcode=lw x27=0x80000b6f
000000272 RUNTIME_ONLY neutral retire case=00012 pc=0x80000a64 opcode=sw x28=0x80000b74
000000273 RUNTIME_ONLY neutral retire case=00012 pc=0x80000a68 opcode=beq x29=0x80000b79
000000274 RUNTIME_ONLY neutral retire case=00012 pc=0x80000a6c opcode=csrrw x30=0x80000b7e
000000275 RUNTIME_ONLY neutral retire case=00012 pc=0x80000a70 opcode=xor x31=0x80000b63
000000276 RUNTIME_ONLY neutral retire case=00012 pc=0x80000a74 opcode=addi x0=0x80000b60
000000277 RUNTIME_ONLY neutral retire case=00012 pc=0x80000a78 opcode=lw x1=0x80000b6d
000000278 RUNTIME_ONLY neutral retire case=00012 pc=0x80000a7c opcode=sw x2=0x80000b6a
000000279 RUNTIME_ONLY neutral retire case=00012 pc=0x80000a80 opcode=beq x3=0x80000b97
000000280 RUNTIME_ONLY neutral retire case=00012 pc=0x80000a84 opcode=csrrw x4=0x80000b9c
000000281 RUNTIME_ONLY neutral retire case=00012 pc=0x80000a88 opcode=xor x5=0x80000b91
000000282 RUNTIME_ONLY neutral retire case=00012 pc=0x80000a8c opcode=addi x6=0x80000b96
000000283 RUNTIME_ONLY neutral retire case=00012 pc=0x80000a90 opcode=lw x7=0x80000b8b
000000284 RUNTIME_ONLY neutral retire case=00012 pc=0x80000a94 opcode=sw x8=0x80000b88
000000285 RUNTIME_ONLY neutral retire case=00012 pc=0x80000a98 opcode=beq x9=0x80000b85
000000286 RUNTIME_ONLY neutral retire case=00012 pc=0x80000a9c opcode=csrrw x10=0x80000b82
000000287 RUNTIME_ONLY neutral retire case=00012 pc=0x80000aa0 opcode=xor x11=0x80000bbf
000000288 RUNTIME_ONLY neutral retire case=00012 pc=0x80000aa4 opcode=addi x12=0x80000b84
000000289 RUNTIME_ONLY neutral retire case=00012 pc=0x80000aa8 opcode=lw x13=0x80000b89
000000290 RUNTIME_ONLY neutral retire case=00012 pc=0x80000aac opcode=sw x14=0x80000b8e
000000291 RUNTIME_ONLY neutral retire case=00012 pc=0x80000ab0 opcode=beq x15=0x80000b93
000000292 RUNTIME_ONLY neutral retire case=00012 pc=0x80000ab4 opcode=csrrw x16=0x80000b90
000000293 RUNTIME_ONLY neutral retire case=00012 pc=0x80000ab8 opcode=xor x17=0x80000b9d
000000294 RUNTIME_ONLY neutral retire case=00012 pc=0x80000abc opcode=addi x18=0x80000b9a
000000295 RUNTIME_ONLY neutral retire case=00012 pc=0x80000ac0 opcode=lw x19=0x80000be7
000000296 RUNTIME_ONLY neutral retire case=00012 pc=0x80000ac4 opcode=sw x20=0x80000bec
000000297 RUNTIME_ONLY neutral retire case=00012 pc=0x80000ac8 opcode=beq x21=0x80000be1
000000298 RUNTIME_ONLY neutral retire case=00012 pc=0x80000acc opcode=csrrw x22=0x80000be6
000000299 RUNTIME_ONLY neutral retire case=00012 pc=0x80000ad0 opcode=xor x23=0x80000bfb
000000300 RUNTIME_ONLY neutral retire case=00012 pc=0x80000ad4 opcode=addi x24=0x80000bf8
000000301 RUNTIME_ONLY neutral retire case=00012 pc=0x80000ad8 opcode=lw x25=0x80000bf5
000000302 RUNTIME_ONLY neutral retire case=00012 pc=0x80000adc opcode=sw x26=0x80000bf2
000000303 RUNTIME_ONLY neutral retire case=00012 pc=0x80000ae0 opcode=beq x27=0x80000bcf
000000304 RUNTIME_ONLY neutral retire case=00012 pc=0x80000ae4 opcode=csrrw x28=0x80000bd4
000000305 RUNTIME_ONLY neutral retire case=00012 pc=0x80000ae8 opcode=xor x29=0x80000bd9
000000306 RUNTIME_ONLY neutral retire case=00012 pc=0x80000aec opcode=addi x30=0x80000bde
000000307 RUNTIME_ONLY neutral retire case=00012 pc=0x80000af0 opcode=lw x31=0x80000bc3
000000308 RUNTIME_ONLY neutral retire case=00012 pc=0x80000af4 opcode=sw x0=0x80000bc0
000000309 RUNTIME_ONLY neutral retire case=00012 pc=0x80000af8 opcode=beq x1=0x80000bcd
000000310 RUNTIME_ONLY neutral retire case=00012 pc=0x80000afc opcode=csrrw x2=0x80000bca
000000311 RUNTIME_ONLY neutral retire case=00012 pc=0x80000b00 opcode=xor x3=0x80000a37
000000312 RUNTIME_ONLY neutral retire case=00012 pc=0x80000b04 opcode=addi x4=0x80000a3c
000000313 RUNTIME_ONLY neutral retire case=00012 pc=0x80000b08 opcode=lw x5=0x80000a31
000000314 RUNTIME_ONLY neutral retire case=00012 pc=0x80000b0c opcode=sw x6=0x80000a36
000000315 RUNTIME_ONLY neutral retire case=00012 pc=0x80000b10 opcode=beq x7=0x80000a2b
000000316 RUNTIME_ONLY neutral retire case=00012 pc=0x80000b14 opcode=csrrw x8=0x80000a28
000000317 RUNTIME_ONLY neutral retire case=00012 pc=0x80000b18 opcode=xor x9=0x80000a25
000000318 RUNTIME_ONLY neutral retire case=00012 pc=0x80000b1c opcode=addi x10=0x80000a22
000000319 RUNTIME_ONLY neutral retire case=00012 pc=0x80000b20 opcode=lw x11=0x80000a1f
000000320 RUNTIME_ONLY neutral retire case=00012 pc=0x80000b24 opcode=sw x12=0x80000a64
000000321 RUNTIME_ONLY neutral retire case=00012 pc=0x80000b28 opcode=beq x13=0x80000a69
000000322 RUNTIME_ONLY neutral retire case=00012 pc=0x80000b2c opcode=csrrw x14=0x80000a6e
000000323 RUNTIME_ONLY neutral retire case=00012 pc=0x80000b30 opcode=xor x15=0x80000a73
000000324 RUNTIME_ONLY neutral retire case=00012 pc=0x80000b34 opcode=addi x16=0x80000a70
000000325 RUNTIME_ONLY neutral retire case=00012 pc=0x80000b38 opcode=lw x17=0x80000a7d
000000326 RUNTIME_ONLY neutral retire case=00012 pc=0x80000b3c opcode=sw x18=0x80000a7a
000000327 RUNTIME_ONLY neutral retire case=00012 pc=0x80000b40 opcode=beq x19=0x80000a07
000000328 RUNTIME_ONLY neutral retire case=00012 pc=0x80000b44 opcode=csrrw x20=0x80000a0c
000000329 RUNTIME_ONLY neutral retire case=00012 pc=0x80000b48 opcode=xor x21=0x80000a01
000000330 RUNTIME_ONLY neutral retire case=00012 pc=0x80000b4c opcode=addi x22=0x80000a06
000000331 RUNTIME_ONLY neutral retire case=00012 pc=0x80000b50 opcode=lw x23=0x80000a1b
000000332 RUNTIME_ONLY neutral retire case=00012 pc=0x80000b54 opcode=sw x24=0x80000a18
000000333 RUNTIME_ONLY neutral retire case=00012 pc=0x80000b58 opcode=beq x25=0x80000a15
000000334 RUNTIME_ONLY neutral retire case=00012 pc=0x80000b5c opcode=csrrw x26=0x80000a12
000000335 RUNTIME_ONLY neutral retire case=00012 pc=0x80000b60 opcode=xor x27=0x80000a2f
000000336 RUNTIME_ONLY neutral retire case=00012 pc=0x80000b64 opcode=addi x28=0x80000a34
000000337 RUNTIME_ONLY neutral retire case=00012 pc=0x80000b68 opcode=lw x29=0x80000a39
000000338 RUNTIME_ONLY neutral retire case=00012 pc=0x80000b6c opcode=sw x30=0x80000a3e
000000339 RUNTIME_ONLY neutral retire case=00012 pc=0x80000b70 opcode=beq x31=0x80000a23
000000340 RUNTIME_ONLY neutral retire case=00012 pc=0x80000b74 opcode=csrrw x0=0x80000a20
000000341 RUNTIME_ONLY neutral retire case=00012 pc=0x80000b78 opcode=xor x1=0x80000a2d
000000342 RUNTIME_ONLY neutral retire case=00012 pc=0x80000b7c opcode=addi x2=0x80000a2a
000000343 RUNTIME_ONLY neutral retire case=00012 pc=0x80000b80 opcode=lw x3=0x80000ad7
000000344 RUNTIME_ONLY neutral retire case=00012 pc=0x80000b84 opcode=sw x4=0x80000adc
000000345 RUNTIME_ONLY neutral retire case=00012 pc=0x80000b88 opcode=beq x5=0x80000ad1
000000346 RUNTIME_ONLY neutral retire case=00012 pc=0x80000b8c opcode=csrrw x6=0x80000ad6
000000347 RUNTIME_ONLY neutral retire case=00012 pc=0x80000b90 opcode=xor x7=0x80000acb
000000348 RUNTIME_ONLY neutral retire case=00012 pc=0x80000b94 opcode=addi x8=0x80000ac8
000000349 RUNTIME_ONLY neutral retire case=00012 pc=0x80000b98 opcode=lw x9=0x80000ac5
000000350 RUNTIME_ONLY neutral retire case=00012 pc=0x80000b9c opcode=sw x10=0x80000ac2
000000351 RUNTIME_ONLY neutral retire case=00012 pc=0x80000ba0 opcode=beq x11=0x80000aff
000000352 RUNTIME_ONLY neutral retire case=00012 pc=0x80000ba4 opcode=csrrw x12=0x80000ac4
000000353 RUNTIME_ONLY neutral retire case=00012 pc=0x80000ba8 opcode=xor x13=0x80000ac9
000000354 RUNTIME_ONLY neutral retire case=00012 pc=0x80000bac opcode=addi x14=0x80000ace
000000355 RUNTIME_ONLY neutral retire case=00012 pc=0x80000bb0 opcode=lw x15=0x80000ad3
000000356 RUNTIME_ONLY neutral retire case=00012 pc=0x80000bb4 opcode=sw x16=0x80000ad0
000000357 RUNTIME_ONLY neutral retire case=00012 pc=0x80000bb8 opcode=beq x17=0x80000add
000000358 RUNTIME_ONLY neutral retire case=00012 pc=0x80000bbc opcode=csrrw x18=0x80000ada
000000359 RUNTIME_ONLY neutral retire case=00012 pc=0x80000bc0 opcode=xor x19=0x80000aa7
000000360 RUNTIME_ONLY neutral retire case=00012 pc=0x80000bc4 opcode=addi x20=0x80000aac
000000361 RUNTIME_ONLY neutral retire case=00012 pc=0x80000bc8 opcode=lw x21=0x80000aa1
000000362 RUNTIME_ONLY neutral retire case=00012 pc=0x80000bcc opcode=sw x22=0x80000aa6
000000363 RUNTIME_ONLY neutral retire case=00012 pc=0x80000bd0 opcode=beq x23=0x80000abb
000000364 RUNTIME_ONLY neutral retire case=00012 pc=0x80000bd4 opcode=csrrw x24=0x80000ab8
000000365 RUNTIME_ONLY neutral retire case=00012 pc=0x80000bd8 opcode=xor x25=0x80000ab5
000000366 RUNTIME_ONLY neutral retire case=00012 pc=0x80000bdc opcode=addi x26=0x80000ab2
000000367 RUNTIME_ONLY neutral retire case=00012 pc=0x80000be0 opcode=lw x27=0x80000a8f
000000368 RUNTIME_ONLY neutral retire case=00012 pc=0x80000be4 opcode=sw x28=0x80000a94
000000369 RUNTIME_ONLY neutral retire case=00012 pc=0x80000be8 opcode=beq x29=0x80000a99
000000370 RUNTIME_ONLY neutral retire case=00012 pc=0x80000bec opcode=csrrw x30=0x80000a9e
000000371 RUNTIME_ONLY neutral retire case=00012 pc=0x80000bf0 opcode=xor x31=0x80000a83
000000372 RUNTIME_ONLY neutral retire case=00012 pc=0x80000bf4 opcode=addi x0=0x80000a80
000000373 RUNTIME_ONLY neutral retire case=00012 pc=0x80000bf8 opcode=lw x1=0x80000a8d
000000374 RUNTIME_ONLY neutral retire case=00012 pc=0x80000bfc opcode=sw x2=0x80000a8a
000000375 RUNTIME_ONLY neutral retire case=00012 pc=0x80000c00 opcode=beq x3=0x80000d77
000000376 RUNTIME_ONLY neutral retire case=00012 pc=0x80000c04 opcode=csrrw x4=0x80000d7c
000000377 RUNTIME_ONLY neutral retire case=00012 pc=0x80000c08 opcode=xor x5=0x80000d71
000000378 RUNTIME_ONLY neutral retire case=00012 pc=0x80000c0c opcode=addi x6=0x80000d76
000000379 RUNTIME_ONLY neutral retire case=00012 pc=0x80000c10 opcode=lw x7=0x80000d6b
000000380 RUNTIME_ONLY neutral retire case=00012 pc=0x80000c14 opcode=sw x8=0x80000d68
000000381 RUNTIME_ONLY neutral retire case=00012 pc=0x80000c18 opcode=beq x9=0x80000d65
000000382 RUNTIME_ONLY neutral retire case=00012 pc=0x80000c1c opcode=csrrw x10=0x80000d62
000000383 RUNTIME_ONLY neutral retire case=00012 pc=0x80000c20 opcode=xor x11=0x80000d5f
000000384 RUNTIME_ONLY neutral retire case=00012 pc=0x80000c24 opcode=addi x12=0x80000da4
000000385 RUNTIME_ONLY neutral retire case=00012 pc=0x80000c28 opcode=lw x13=0x80000da9
000000386 RUNTIME_ONLY neutral retire case=00012 pc=0x80000c2c opcode=sw x14=0x80000dae
000000387 RUNTIME_ONLY neutral retire case=00012 pc=0x80000c30 opcode=beq x15=0x80000db3
000000388 RUNTIME_ONLY neutral retire case=00012 pc=0x80000c34 opcode=csrrw x16=0x80000db0
000000389 RUNTIME_ONLY neutral retire case=00012 pc=0x80000c38 opcode=xor x17=0x80000dbd
000000390 RUNTIME_ONLY neutral retire case=00012 pc=0x80000c3c opcode=addi x18=0x80000dba
000000391 RUNTIME_ONLY neutral retire case=00012 pc=0x80000c40 opcode=lw x19=0x80000dc7
000000392 RUNTIME_ONLY neutral retire case=00012 pc=0x80000c44 opcode=sw x20=0x80000dcc
000000393 RUNTIME_ONLY neutral retire case=00012 pc=0x80000c48 opcode=beq x21=0x80000dc1
000000394 RUNTIME_ONLY neutral retire case=00012 pc=0x80000c4c opcode=csrrw x22=0x80000dc6
000000395 RUNTIME_ONLY neutral retire case=00012 pc=0x80000c50 opcode=xor x23=0x80000ddb
000000396 RUNTIME_ONLY neutral retire case=00012 pc=0x80000c54 opcode=addi x24=0x80000dd8
000000397 RUNTIME_ONLY neutral retire case=00012 pc=0x80000c58 opcode=lw x25=0x80000dd5
000000398 RUNTIME_ONLY neutral retire case=00012 pc=0x80000c5c opcode=sw x26=0x80000dd2
000000399 RUNTIME_ONLY neutral retire case=00012 pc=0x80000c60 opcode=beq x27=0x80000def
000000400 RUNTIME_ONLY neutral retire case=00012 pc=0x80000c64 opcode=csrrw x28=0x80000df4
000000401 RUNTIME_ONLY neutral retire case=00012 pc=0x80000c68 opcode=xor x29=0x80000df9
000000402 RUNTIME_ONLY neutral retire case=00012 pc=0x80000c6c opcode=addi x30=0x80000dfe
000000403 RUNTIME_ONLY neutral retire case=00012 pc=0x80000c70 opcode=lw x31=0x80000de3
000000404 RUNTIME_ONLY neutral retire case=00012 pc=0x80000c74 opcode=sw x0=0x80000de0
000000405 RUNTIME_ONLY neutral retire case=00012 pc=0x80000c78 opcode=beq x1=0x80000ded
000000406 RUNTIME_ONLY neutral retire case=00012 pc=0x80000c7c opcode=csrrw x2=0x80000dea
000000407 RUNTIME_ONLY neutral retire case=00012 pc=0x80000c80 opcode=xor x3=0x80000d17
000000408 RUNTIME_ONLY neutral retire case=00012 pc=0x80000c84 opcode=addi x4=0x80000d1c
000000409 RUNTIME_ONLY neutral retire case=00012 pc=0x80000c88 opcode=lw x5=0x80000d11
000000410 RUNTIME_ONLY neutral retire case=00012 pc=0x80000c8c opcode=sw x6=0x80000d16
000000411 RUNTIME_ONLY neutral retire case=00012 pc=0x80000c90 opcode=beq x7=0x80000d0b
000000412 RUNTIME_ONLY neutral retire case=00012 pc=0x80000c94 opcode=csrrw x8=0x80000d08
000000413 RUNTIME_ONLY neutral retire case=00012 pc=0x80000c98 opcode=xor x9=0x80000d05
000000414 RUNTIME_ONLY neutral retire case=00012 pc=0x80000c9c opcode=addi x10=0x80000d02
000000415 RUNTIME_ONLY neutral retire case=00012 pc=0x80000ca0 opcode=lw x11=0x80000d3f
000000416 RUNTIME_ONLY neutral retire case=00012 pc=0x80000ca4 opcode=sw x12=0x80000d04
000000417 RUNTIME_ONLY neutral retire case=00012 pc=0x80000ca8 opcode=beq x13=0x80000d09
000000418 RUNTIME_ONLY neutral retire case=00012 pc=0x80000cac opcode=csrrw x14=0x80000d0e
000000419 RUNTIME_ONLY neutral retire case=00012 pc=0x80000cb0 opcode=xor x15=0x80000d13
000000420 RUNTIME_ONLY neutral retire case=00012 pc=0x80000cb4 opcode=addi x16=0x80000d10
000000421 RUNTIME_ONLY neutral retire case=00012 pc=0x80000cb8 opcode=lw x17=0x80000d1d
000000422 RUNTIME_ONLY neutral retire case=00012 pc=0x80000cbc opcode=sw x18=0x80000d1a
000000423 RUNTIME_ONLY neutral retire case=00012 pc=0x80000cc0 opcode=beq x19=0x80000d67
000000424 RUNTIME_ONLY neutral retire case=00012 pc=0x80000cc4 opcode=csrrw x20=0x80000d6c
000000425 RUNTIME_ONLY neutral retire case=00012 pc=0x80000cc8 opcode=xor x21=0x80000d61
000000426 RUNTIME_ONLY neutral retire case=00012 pc=0x80000ccc opcode=addi x22=0x80000d66
000000427 RUNTIME_ONLY neutral retire case=00012 pc=0x80000cd0 opcode=lw x23=0x80000d7b
000000428 RUNTIME_ONLY neutral retire case=00012 pc=0x80000cd4 opcode=sw x24=0x80000d78
000000429 RUNTIME_ONLY neutral retire case=00012 pc=0x80000cd8 opcode=beq x25=0x80000d75
000000430 RUNTIME_ONLY neutral retire case=00012 pc=0x80000cdc opcode=csrrw x26=0x80000d72
000000431 RUNTIME_ONLY neutral retire case=00012 pc=0x80000ce0 opcode=xor x27=0x80000d4f
000000432 RUNTIME_ONLY neutral retire case=00012 pc=0x80000ce4 opcode=addi x28=0x80000d54
000000433 RUNTIME_ONLY neutral retire case=00012 pc=0x80000ce8 opcode=lw x29=0x80000d59
000000434 RUNTIME_ONLY neutral retire case=00012 pc=0x80000cec opcode=sw x30=0x80000d5e
000000435 RUNTIME_ONLY neutral retire case=00012 pc=0x80000cf0 opcode=beq x31=0x80000d43
000000436 RUNTIME_ONLY neutral retire case=00012 pc=0x80000cf4 opcode=csrrw x0=0x80000d40
000000437 RUNTIME_ONLY neutral retire case=00012 pc=0x80000cf8 opcode=xor x1=0x80000d4d
000000438 RUNTIME_ONLY neutral retire case=00012 pc=0x80000cfc opcode=addi x2=0x80000d4a
000000439 RUNTIME_ONLY neutral retire case=00012 pc=0x80000d00 opcode=lw x3=0x80000cb7
000000440 RUNTIME_ONLY neutral retire case=00012 pc=0x80000d04 opcode=sw x4=0x80000cbc
000000441 RUNTIME_ONLY neutral retire case=00012 pc=0x80000d08 opcode=beq x5=0x80000cb1
000000442 RUNTIME_ONLY neutral retire case=00012 pc=0x80000d0c opcode=csrrw x6=0x80000cb6
000000443 RUNTIME_ONLY neutral retire case=00012 pc=0x80000d10 opcode=xor x7=0x80000cab
000000444 RUNTIME_ONLY neutral retire case=00012 pc=0x80000d14 opcode=addi x8=0x80000ca8
000000445 RUNTIME_ONLY neutral retire case=00012 pc=0x80000d18 opcode=lw x9=0x80000ca5
000000446 RUNTIME_ONLY neutral retire case=00012 pc=0x80000d1c opcode=sw x10=0x80000ca2
000000447 RUNTIME_ONLY neutral retire case=00012 pc=0x80000d20 opcode=beq x11=0x80000c9f
000000448 RUNTIME_ONLY neutral retire case=00012 pc=0x80000d24 opcode=csrrw x12=0x80000ce4
000000449 RUNTIME_ONLY neutral retire case=00012 pc=0x80000d28 opcode=xor x13=0x80000ce9
000000450 RUNTIME_ONLY neutral retire case=00012 pc=0x80000d2c opcode=addi x14=0x80000cee
000000451 RUNTIME_ONLY neutral retire case=00012 pc=0x80000d30 opcode=lw x15=0x80000cf3
000000452 RUNTIME_ONLY neutral retire case=00012 pc=0x80000d34 opcode=sw x16=0x80000cf0
000000453 RUNTIME_ONLY neutral retire case=00012 pc=0x80000d38 opcode=beq x17=0x80000cfd
000000454 RUNTIME_ONLY neutral retire case=00012 pc=0x80000d3c opcode=csrrw x18=0x80000cfa
000000455 RUNTIME_ONLY neutral retire case=00012 pc=0x80000d40 opcode=xor x19=0x80000c87
000000456 RUNTIME_ONLY neutral retire case=00012 pc=0x80000d44 opcode=addi x20=0x80000c8c
000000457 RUNTIME_ONLY neutral retire case=00012 pc=0x80000d48 opcode=lw x21=0x80000c81
000000458 RUNTIME_ONLY neutral retire case=00012 pc=0x80000d4c opcode=sw x22=0x80000c86
000000459 RUNTIME_ONLY neutral retire case=00012 pc=0x80000d50 opcode=beq x23=0x80000c9b
000000460 RUNTIME_ONLY neutral retire case=00012 pc=0x80000d54 opcode=csrrw x24=0x80000c98
000000461 RUNTIME_ONLY neutral retire case=00012 pc=0x80000d58 opcode=xor x25=0x80000c95
000000462 RUNTIME_ONLY neutral retire case=00012 pc=0x80000d5c opcode=addi x26=0x80000c92
000000463 RUNTIME_ONLY neutral retire case=00012 pc=0x80000d60 opcode=lw x27=0x80000caf
000000464 RUNTIME_ONLY neutral retire case=00012 pc=0x80000d64 opcode=sw x28=0x80000cb4
000000465 RUNTIME_ONLY neutral retire case=00012 pc=0x80000d68 opcode=beq x29=0x80000cb9
000000466 RUNTIME_ONLY neutral retire case=00012 pc=0x80000d6c opcode=csrrw x30=0x80000cbe
000000467 RUNTIME_ONLY neutral retire case=00012 pc=0x80000d70 opcode=xor x31=0x80000ca3
000000468 RUNTIME_ONLY neutral retire case=00012 pc=0x80000d74 opcode=addi x0=0x80000ca0
000000469 RUNTIME_ONLY neutral retire case=00012 pc=0x80000d78 opcode=lw x1=0x80000cad
000000470 RUNTIME_ONLY neutral retire case=00012 pc=0x80000d7c opcode=sw x2=0x80000caa
000000471 RUNTIME_ONLY neutral retire case=00012 pc=0x80000d80 opcode=beq x3=0x80000c57
000000472 RUNTIME_ONLY neutral retire case=00012 pc=0x80000d84 opcode=csrrw x4=0x80000c5c
000000473 RUNTIME_ONLY neutral retire case=00012 pc=0x80000d88 opcode=xor x5=0x80000c51
000000474 RUNTIME_ONLY neutral retire case=00012 pc=0x80000d8c opcode=addi x6=0x80000c56
000000475 RUNTIME_ONLY neutral retire case=00012 pc=0x80000d90 opcode=lw x7=0x80000c4b
000000476 RUNTIME_ONLY neutral retire case=00012 pc=0x80000d94 opcode=sw x8=0x80000c48
000000477 RUNTIME_ONLY neutral retire case=00012 pc=0x80000d98 opcode=beq x9=0x80000c45
000000478 RUNTIME_ONLY neutral retire case=00012 pc=0x80000d9c opcode=csrrw x10=0x80000c42
000000479 RUNTIME_ONLY neutral retire case=00012 pc=0x80000da0 opcode=xor x11=0x80000c7f
000000480 RUNTIME_ONLY neutral retire case=00012 pc=0x80000da4 opcode=addi x12=0x80000c44
000000481 RUNTIME_ONLY neutral retire case=00012 pc=0x80000da8 opcode=lw x13=0x80000c49
000000482 RUNTIME_ONLY neutral retire case=00012 pc=0x80000dac opcode=sw x14=0x80000c4e
000000483 RUNTIME_ONLY neutral retire case=00012 pc=0x80000db0 opcode=beq x15=0x80000c53
000000484 RUNTIME_ONLY neutral retire case=00012 pc=0x80000db4 opcode=csrrw x16=0x80000c50
000000485 RUNTIME_ONLY neutral retire case=00012 pc=0x80000db8 opcode=xor x17=0x80000c5d
000000486 RUNTIME_ONLY neutral retire case=00012 pc=0x80000dbc opcode=addi x18=0x80000c5a
000000487 RUNTIME_ONLY neutral retire case=00012 pc=0x80000dc0 opcode=lw x19=0x80000c27
000000488 RUNTIME_ONLY neutral retire case=00012 pc=0x80000dc4 opcode=sw x20=0x80000c2c
000000489 RUNTIME_ONLY neutral retire case=00012 pc=0x80000dc8 opcode=beq x21=0x80000c21
000000490 RUNTIME_ONLY neutral retire case=00012 pc=0x80000dcc opcode=csrrw x22=0x80000c26
000000491 RUNTIME_ONLY neutral retire case=00012 pc=0x80000dd0 opcode=xor x23=0x80000c3b
000000492 RUNTIME_ONLY neutral retire case=00012 pc=0x80000dd4 opcode=addi x24=0x80000c38
000000493 RUNTIME_ONLY neutral retire case=00012 pc=0x80000dd8 opcode=lw x25=0x80000c35
000000494 RUNTIME_ONLY neutral retire case=00012 pc=0x80000ddc opcode=sw x26=0x80000c32
000000495 RUNTIME_ONLY neutral retire case=00012 pc=0x80000de0 opcode=beq x27=0x80000c0f
000000496 RUNTIME_ONLY neutral retire case=00012 pc=0x80000de4 opcode=csrrw x28=0x80000c14
000000497 RUNTIME_ONLY neutral retire case=00012 pc=0x80000de8 opcode=xor x29=0x80000c19
000000498 RUNTIME_ONLY neutral retire case=00012 pc=0x80000dec opcode=addi x30=0x80000c1e
000000499 RUNTIME_ONLY neutral retire case=00012 pc=0x80000df0 opcode=lw x31=0x80000c03
000000500 RUNTIME_ONLY neutral retire case=00012 pc=0x80000df4 opcode=sw x0=0x80000c00
000000501 RUNTIME_ONLY neutral retire case=00012 pc=0x80000df8 opcode=beq x1=0x80000c0d
000000502 RUNTIME_ONLY neutral retire case=00012 pc=0x80000dfc opcode=csrrw x2=0x80000c0a
000000503 RUNTIME_ONLY neutral retire case=00012 pc=0x80000e00 opcode=xor x3=0x80000ff7
000000504 RUNTIME_ONLY neutral retire case=00012 pc=0x80000e04 opcode=addi x4=0x80000ffc
000000505 RUNTIME_ONLY neutral retire case=00012 pc=0x80000e08 opcode=lw x5=0x80000ff1
000000506 RUNTIME_ONLY neutral retire case=00012 pc=0x80000e0c opcode=sw x6=0x80000ff6
000000507 RUNTIME_ONLY neutral retire case=00012 pc=0x80000e10 opcode=beq x7=0x80000feb
000000508 RUNTIME_ONLY neutral retire case=00012 pc=0x80000e14 opcode=csrrw x8=0x80000fe8
000000509 RUNTIME_ONLY neutral retire case=00012 pc=0x80000e18 opcode=xor x9=0x80000fe5
000000510 RUNTIME_ONLY neutral retire case=00012 pc=0x80000e1c opcode=addi x10=0x80000fe2
000000511 RUNTIME_ONLY neutral retire case=00012 pc=0x80000e20 opcode=lw x11=0x80000fdf
000000512 RUNTIME_ONLY neutral retire case=00012 pc=0x80000e24 opcode=sw x12=0x80000c24
000000513 RUNTIME_ONLY neutral retire case=00012 pc=0x80000e28 opcode=beq x13=0x80000c29
000000514 RUNTIME_ONLY neutral retire case=00012 pc=0x80000e2c opcode=csrrw x14=0x80000c2e
000000515 RUNTIME_ONLY neutral retire case=00012 pc=0x80000e30 opcode=xor x15=0x80000c33
000000516 RUNTIME_ONLY neutral retire case=00012 pc=0x80000e34 opcode=addi x16=0x80000c30
000000517 RUNTIME_ONLY neutral retire case=00012 pc=0x80000e38 opcode=lw x17=0x80000c3d
000000518 RUNTIME_ONLY neutral retire case=00012 pc=0x80000e3c opcode=sw x18=0x80000c3a
000000519 RUNTIME_ONLY neutral retire case=00012 pc=0x80000e40 opcode=beq x19=0x80000c47
000000520 RUNTIME_ONLY neutral retire case=00012 pc=0x80000e44 opcode=csrrw x20=0x80000c4c
000000521 RUNTIME_ONLY neutral retire case=00012 pc=0x80000e48 opcode=xor x21=0x80000c41
000000522 RUNTIME_ONLY neutral retire case=00012 pc=0x80000e4c opcode=addi x22=0x80000c46
000000523 RUNTIME_ONLY neutral retire case=00012 pc=0x80000e50 opcode=lw x23=0x80000c5b
000000524 RUNTIME_ONLY neutral retire case=00012 pc=0x80000e54 opcode=sw x24=0x80000c58
000000525 RUNTIME_ONLY neutral retire case=00012 pc=0x80000e58 opcode=beq x25=0x80000c55
000000526 RUNTIME_ONLY neutral retire case=00012 pc=0x80000e5c opcode=csrrw x26=0x80000c52
000000527 RUNTIME_ONLY neutral retire case=00012 pc=0x80000e60 opcode=xor x27=0x80000c6f
000000528 RUNTIME_ONLY neutral retire case=00012 pc=0x80000e64 opcode=addi x28=0x80000c74
000000529 RUNTIME_ONLY neutral retire case=00012 pc=0x80000e68 opcode=lw x29=0x80000c79
000000530 RUNTIME_ONLY neutral retire case=00012 pc=0x80000e6c opcode=sw x30=0x80000c7e
000000531 RUNTIME_ONLY neutral retire case=00012 pc=0x80000e70 opcode=beq x31=0x80000c63
000000532 RUNTIME_ONLY neutral retire case=00012 pc=0x80000e74 opcode=csrrw x0=0x80000c60
000000533 RUNTIME_ONLY neutral retire case=00012 pc=0x80000e78 opcode=xor x1=0x80000c6d
000000534 RUNTIME_ONLY neutral retire case=00012 pc=0x80000e7c opcode=addi x2=0x80000c6a
000000535 RUNTIME_ONLY neutral retire case=00012 pc=0x80000e80 opcode=lw x3=0x80000c97
000000536 RUNTIME_ONLY neutral retire case=00012 pc=0x80000e84 opcode=sw x4=0x80000c9c
000000537 RUNTIME_ONLY neutral retire case=00012 pc=0x80000e88 opcode=beq x5=0x80000c91
000000538 RUNTIME_ONLY neutral retire case=00012 pc=0x80000e8c opcode=csrrw x6=0x80000c96
000000539 RUNTIME_ONLY neutral retire case=00012 pc=0x80000e90 opcode=xor x7=0x80000c8b
000000540 RUNTIME_ONLY neutral retire case=00012 pc=0x80000e94 opcode=addi x8=0x80000c88
000000541 RUNTIME_ONLY neutral retire case=00012 pc=0x80000e98 opcode=lw x9=0x80000c85
000000542 RUNTIME_ONLY neutral retire case=00012 pc=0x80000e9c opcode=sw x10=0x80000c82
000000543 RUNTIME_ONLY neutral retire case=00012 pc=0x80000ea0 opcode=beq x11=0x80000cbf
000000544 RUNTIME_ONLY neutral retire case=00012 pc=0x80000ea4 opcode=csrrw x12=0x80000c84
000000545 RUNTIME_ONLY neutral retire case=00012 pc=0x80000ea8 opcode=xor x13=0x80000c89
000000546 RUNTIME_ONLY neutral retire case=00012 pc=0x80000eac opcode=addi x14=0x80000c8e
000000547 RUNTIME_ONLY neutral retire case=00012 pc=0x80000eb0 opcode=lw x15=0x80000c93
000000548 RUNTIME_ONLY neutral retire case=00012 pc=0x80000eb4 opcode=sw x16=0x80000c90
000000549 RUNTIME_ONLY neutral retire case=00012 pc=0x80000eb8 opcode=beq x17=0x80000c9d
000000550 RUNTIME_ONLY neutral retire case=00012 pc=0x80000ebc opcode=csrrw x18=0x80000c9a
000000551 RUNTIME_ONLY neutral retire case=00012 pc=0x80000ec0 opcode=xor x19=0x80000ce7
000000552 RUNTIME_ONLY neutral retire case=00012 pc=0x80000ec4 opcode=addi x20=0x80000cec
000000553 RUNTIME_ONLY neutral retire case=00012 pc=0x80000ec8 opcode=lw x21=0x80000ce1
000000554 RUNTIME_ONLY neutral retire case=00012 pc=0x80000ecc opcode=sw x22=0x80000ce6
000000555 RUNTIME_ONLY neutral retire case=00012 pc=0x80000ed0 opcode=beq x23=0x80000cfb
000000556 RUNTIME_ONLY neutral retire case=00012 pc=0x80000ed4 opcode=csrrw x24=0x80000cf8
000000557 RUNTIME_ONLY neutral retire case=00012 pc=0x80000ed8 opcode=xor x25=0x80000cf5
000000558 RUNTIME_ONLY neutral retire case=00012 pc=0x80000edc opcode=addi x26=0x80000cf2
000000559 RUNTIME_ONLY neutral retire case=00012 pc=0x80000ee0 opcode=lw x27=0x80000ccf
000000560 RUNTIME_ONLY neutral retire case=00012 pc=0x80000ee4 opcode=sw x28=0x80000cd4
000000561 RUNTIME_ONLY neutral retire case=00012 pc=0x80000ee8 opcode=beq x29=0x80000cd9
000000562 RUNTIME_ONLY neutral retire case=00012 pc=0x80000eec opcode=csrrw x30=0x80000cde
000000563 RUNTIME_ONLY neutral retire case=00012 pc=0x80000ef0 opcode=xor x31=0x80000cc3
000000564 RUNTIME_ONLY neutral retire case=00012 pc=0x80000ef4 opcode=addi x0=0x80000cc0
000000565 RUNTIME_ONLY neutral retire case=00012 pc=0x80000ef8 opcode=lw x1=0x80000ccd
000000566 RUNTIME_ONLY neutral retire case=00012 pc=0x80000efc opcode=sw x2=0x80000cca
000000567 RUNTIME_ONLY neutral retire case=00012 pc=0x80000f00 opcode=beq x3=0x80000d37
000000568 RUNTIME_ONLY neutral retire case=00012 pc=0x80000f04 opcode=csrrw x4=0x80000d3c
000000569 RUNTIME_ONLY neutral retire case=00012 pc=0x80000f08 opcode=xor x5=0x80000d31
000000570 RUNTIME_ONLY neutral retire case=00012 pc=0x80000f0c opcode=addi x6=0x80000d36
000000571 RUNTIME_ONLY neutral retire case=00012 pc=0x80000f10 opcode=lw x7=0x80000d2b
000000572 RUNTIME_ONLY neutral retire case=00012 pc=0x80000f14 opcode=sw x8=0x80000d28
000000573 RUNTIME_ONLY neutral retire case=00012 pc=0x80000f18 opcode=beq x9=0x80000d25
000000574 RUNTIME_ONLY neutral retire case=00012 pc=0x80000f1c opcode=csrrw x10=0x80000d22
000000575 RUNTIME_ONLY neutral retire case=00012 pc=0x80000f20 opcode=xor x11=0x80000d1f
000000576 RUNTIME_ONLY neutral retire case=00012 pc=0x80000f24 opcode=addi x12=0x80000d64
000000577 RUNTIME_ONLY neutral retire case=00012 pc=0x80000f28 opcode=lw x13=0x80000d69
000000578 RUNTIME_ONLY neutral retire case=00012 pc=0x80000f2c opcode=sw x14=0x80000d6e
000000579 RUNTIME_ONLY neutral retire case=00012 pc=0x80000f30 opcode=beq x15=0x80000d73
000000580 RUNTIME_ONLY neutral retire case=00012 pc=0x80000f34 opcode=csrrw x16=0x80000d70
000000581 RUNTIME_ONLY neutral retire case=00012 pc=0x80000f38 opcode=xor x17=0x80000d7d
000000582 RUNTIME_ONLY neutral retire case=00012 pc=0x80000f3c opcode=addi x18=0x80000d7a
000000583 RUNTIME_ONLY neutral retire case=00012 pc=0x80000f40 opcode=lw x19=0x80000d07
000000584 RUNTIME_ONLY neutral retire case=00012 pc=0x80000f44 opcode=sw x20=0x80000d0c
000000585 RUNTIME_ONLY neutral retire case=00012 pc=0x80000f48 opcode=beq x21=0x80000d01
000000586 RUNTIME_ONLY neutral retire case=00012 pc=0x80000f4c opcode=csrrw x22=0x80000d06
000000587 RUNTIME_ONLY neutral retire case=00012 pc=0x80000f50 opcode=xor x23=0x80000d1b
000000588 RUNTIME_ONLY neutral retire case=00012 pc=0x80000f54 opcode=addi x24=0x80000d18
000000589 RUNTIME_ONLY neutral retire case=00012 pc=0x80000f58 opcode=lw x25=0x80000d15
000000590 RUNTIME_ONLY neutral retire case=00012 pc=0x80000f5c opcode=sw x26=0x80000d12
000000591 RUNTIME_ONLY neutral retire case=00012 pc=0x80000f60 opcode=beq x27=0x80000d2f
000000592 RUNTIME_ONLY neutral retire case=00012 pc=0x80000f64 opcode=csrrw x28=0x80000d34
000000593 RUNTIME_ONLY neutral retire case=00012 pc=0x80000f68 opcode=xor x29=0x80000d39
000000594 RUNTIME_ONLY neutral retire case=00012 pc=0x80000f6c opcode=addi x30=0x80000d3e
000000595 RUNTIME_ONLY neutral retire case=00012 pc=0x80000f70 opcode=lw x31=0x80000d23
000000596 RUNTIME_ONLY neutral retire case=00012 pc=0x80000f74 opcode=sw x0=0x80000d20
000000597 RUNTIME_ONLY neutral retire case=00012 pc=0x80000f78 opcode=beq x1=0x80000d2d
000000598 RUNTIME_ONLY neutral retire case=00012 pc=0x80000f7c opcode=csrrw x2=0x80000d2a
000000599 RUNTIME_ONLY neutral retire case=00012 pc=0x80000f80 opcode=xor x3=0x80000dd7
000000600 RUNTIME_ONLY neutral retire case=00012 pc=0x80000f84 opcode=addi x4=0x80000ddc
000000601 RUNTIME_ONLY neutral retire case=00012 pc=0x80000f88 opcode=lw x5=0x80000dd1
000000602 RUNTIME_ONLY neutral retire case=00012 pc=0x80000f8c opcode=sw x6=0x80000dd6
000000603 RUNTIME_ONLY neutral retire case=00012 pc=0x80000f90 opcode=beq x7=0x80000dcb
000000604 RUNTIME_ONLY neutral retire case=00012 pc=0x80000f94 opcode=csrrw x8=0x80000dc8
000000605 RUNTIME_ONLY neutral retire case=00012 pc=0x80000f98 opcode=xor x9=0x80000dc5
000000606 RUNTIME_ONLY neutral retire case=00012 pc=0x80000f9c opcode=addi x10=0x80000dc2
000000607 RUNTIME_ONLY neutral retire case=00012 pc=0x80000fa0 opcode=lw x11=0x80000dff
000000608 RUNTIME_ONLY neutral retire case=00012 pc=0x80000fa4 opcode=sw x12=0x80000dc4
000000609 RUNTIME_ONLY neutral retire case=00012 pc=0x80000fa8 opcode=beq x13=0x80000dc9
000000610 RUNTIME_ONLY neutral retire case=00012 pc=0x80000fac opcode=csrrw x14=0x80000dce
000000611 RUNTIME_ONLY neutral retire case=00012 pc=0x80000fb0 opcode=xor x15=0x80000dd3
000000612 RUNTIME_ONLY neutral retire case=00012 pc=0x80000fb4 opcode=addi x16=0x80000dd0
000000613 RUNTIME_ONLY neutral retire case=00012 pc=0x80000fb8 opcode=lw x17=0x80000ddd
000000614 RUNTIME_ONLY neutral retire case=00012 pc=0x80000fbc opcode=sw x18=0x80000dda
000000615 RUNTIME_ONLY neutral retire case=00012 pc=0x80000fc0 opcode=beq x19=0x80000da7
000000616 RUNTIME_ONLY neutral retire case=00012 pc=0x80000fc4 opcode=csrrw x20=0x80000dac
000000617 RUNTIME_ONLY neutral retire case=00012 pc=0x80000fc8 opcode=xor x21=0x80000da1
000000618 RUNTIME_ONLY neutral retire case=00012 pc=0x80000fcc opcode=addi x22=0x80000da6
000000619 RUNTIME_ONLY neutral retire case=00012 pc=0x80000fd0 opcode=lw x23=0x80000dbb
000000620 RUNTIME_ONLY neutral retire case=00012 pc=0x80000fd4 opcode=sw x24=0x80000db8
000000621 RUNTIME_ONLY neutral retire case=00012 pc=0x80000fd8 opcode=beq x25=0x80000db5
000000622 RUNTIME_ONLY neutral retire case=00012 pc=0x80000fdc opcode=csrrw x26=0x80000db2
000000623 RUNTIME_ONLY neutral retire case=00012 pc=0x80000fe0 opcode=xor x27=0x80000d8f
000000624 RUNTIME_ONLY neutral retire case=00012 pc=0x80000fe4 opcode=addi x28=0x80000d94
000000625 RUNTIME_ONLY neutral retire case=00012 pc=0x80000fe8 opcode=lw x29=0x80000d99
000000626 RUNTIME_ONLY neutral retire case=00012 pc=0x80000fec opcode=sw x30=0x80000d9e
000000627 RUNTIME_ONLY neutral retire case=00012 pc=0x80000ff0 opcode=beq x31=0x80000d83
000000628 RUNTIME_ONLY neutral retire case=00012 pc=0x80000ff4 opcode=csrrw x0=0x80000d80
000000629 RUNTIME_ONLY neutral retire case=00012 pc=0x80000ff8 opcode=xor x1=0x80000d8d
000000630 RUNTIME_ONLY neutral retire case=00012 pc=0x80000ffc opcode=addi x2=0x80000d8a
000000631 RUNTIME_ONLY neutral retire case=00012 pc=0x80001000 opcode=lw x3=0x80001277
000000632 RUNTIME_ONLY neutral retire case=00012 pc=0x80001004 opcode=sw x4=0x8000127c
000000633 RUNTIME_ONLY neutral retire case=00012 pc=0x80001008 opcode=beq x5=0x80001271
000000634 RUNTIME_ONLY neutral retire case=00012 pc=0x8000100c opcode=csrrw x6=0x80001276
000000635 RUNTIME_ONLY neutral retire case=00012 pc=0x80001010 opcode=xor x7=0x8000126b
000000636 RUNTIME_ONLY neutral retire case=00012 pc=0x80001014 opcode=addi x8=0x80001268
000000637 RUNTIME_ONLY neutral retire case=00012 pc=0x80001018 opcode=lw x9=0x80001265
000000638 RUNTIME_ONLY neutral retire case=00012 pc=0x8000101c opcode=sw x10=0x80001262
000000639 RUNTIME_ONLY neutral retire case=00012 pc=0x80001020 opcode=beq x11=0x8000125f
000000640 RUNTIME_ONLY neutral retire case=00012 pc=0x80001024 opcode=csrrw x12=0x800012a4
000000641 RUNTIME_ONLY neutral retire case=00012 pc=0x80001028 opcode=xor x13=0x800012a9
000000642 RUNTIME_ONLY neutral retire case=00012 pc=0x8000102c opcode=addi x14=0x800012ae
000000643 RUNTIME_ONLY neutral retire case=00012 pc=0x80001030 opcode=lw x15=0x800012b3
000000644 RUNTIME_ONLY neutral retire case=00012 pc=0x80001034 opcode=sw x16=0x800012b0
000000645 RUNTIME_ONLY neutral retire case=00012 pc=0x80001038 opcode=beq x17=0x800012bd
000000646 RUNTIME_ONLY neutral retire case=00012 pc=0x8000103c opcode=csrrw x18=0x800012ba
000000647 RUNTIME_ONLY neutral retire case=00012 pc=0x80001040 opcode=xor x19=0x800012c7
000000648 RUNTIME_ONLY neutral retire case=00012 pc=0x80001044 opcode=addi x20=0x800012cc
000000649 RUNTIME_ONLY neutral retire case=00012 pc=0x80001048 opcode=lw x21=0x800012c1
000000650 RUNTIME_ONLY neutral retire case=00012 pc=0x8000104c opcode=sw x22=0x800012c6
000000651 RUNTIME_ONLY neutral retire case=00012 pc=0x80001050 opcode=beq x23=0x800012db
000000652 RUNTIME_ONLY neutral retire case=00012 pc=0x80001054 opcode=csrrw x24=0x800012d8
000000653 RUNTIME_ONLY neutral retire case=00012 pc=0x80001058 opcode=xor x25=0x800012d5
000000654 RUNTIME_ONLY neutral retire case=00012 pc=0x8000105c opcode=addi x26=0x800012d2
000000655 RUNTIME_ONLY neutral retire case=00012 pc=0x80001060 opcode=lw x27=0x800012ef
000000656 RUNTIME_ONLY neutral retire case=00012 pc=0x80001064 opcode=sw x28=0x800012f4
000000657 RUNTIME_ONLY neutral retire case=00012 pc=0x80001068 opcode=beq x29=0x800012f9
000000658 RUNTIME_ONLY neutral retire case=00012 pc=0x8000106c opcode=csrrw x30=0x800012fe
000000659 RUNTIME_ONLY neutral retire case=00012 pc=0x80001070 opcode=xor x31=0x800012e3
000000660 RUNTIME_ONLY neutral retire case=00012 pc=0x80001074 opcode=addi x0=0x800012e0
000000661 RUNTIME_ONLY neutral retire case=00012 pc=0x80001078 opcode=lw x1=0x800012ed
000000662 RUNTIME_ONLY neutral retire case=00012 pc=0x8000107c opcode=sw x2=0x800012ea
000000663 RUNTIME_ONLY neutral retire case=00012 pc=0x80001080 opcode=beq x3=0x80001217
000000664 RUNTIME_ONLY neutral retire case=00012 pc=0x80001084 opcode=csrrw x4=0x8000121c
000000665 RUNTIME_ONLY neutral retire case=00012 pc=0x80001088 opcode=xor x5=0x80001211
000000666 RUNTIME_ONLY neutral retire case=00012 pc=0x8000108c opcode=addi x6=0x80001216
000000667 RUNTIME_ONLY neutral retire case=00012 pc=0x80001090 opcode=lw x7=0x8000120b
000000668 RUNTIME_ONLY neutral retire case=00012 pc=0x80001094 opcode=sw x8=0x80001208
000000669 RUNTIME_ONLY neutral retire case=00012 pc=0x80001098 opcode=beq x9=0x80001205
000000670 RUNTIME_ONLY neutral retire case=00012 pc=0x8000109c opcode=csrrw x10=0x80001202
000000671 RUNTIME_ONLY neutral retire case=00012 pc=0x800010a0 opcode=xor x11=0x8000123f
000000672 RUNTIME_ONLY neutral retire case=00012 pc=0x800010a4 opcode=addi x12=0x80001204
000000673 RUNTIME_ONLY neutral retire case=00012 pc=0x800010a8 opcode=lw x13=0x80001209
000000674 RUNTIME_ONLY neutral retire case=00012 pc=0x800010ac opcode=sw x14=0x8000120e
000000675 RUNTIME_ONLY neutral retire case=00012 pc=0x800010b0 opcode=beq x15=0x80001213
000000676 RUNTIME_ONLY neutral retire case=00012 pc=0x800010b4 opcode=csrrw x16=0x80001210
000000677 RUNTIME_ONLY neutral retire case=00012 pc=0x800010b8 opcode=xor x17=0x8000121d
000000678 RUNTIME_ONLY neutral retire case=00012 pc=0x800010bc opcode=addi x18=0x8000121a
000000679 RUNTIME_ONLY neutral retire case=00012 pc=0x800010c0 opcode=lw x19=0x80001267
000000680 RUNTIME_ONLY neutral retire case=00012 pc=0x800010c4 opcode=sw x20=0x8000126c
000000681 RUNTIME_ONLY neutral retire case=00012 pc=0x800010c8 opcode=beq x21=0x80001261
000000682 RUNTIME_ONLY neutral retire case=00012 pc=0x800010cc opcode=csrrw x22=0x80001266
000000683 RUNTIME_ONLY neutral retire case=00012 pc=0x800010d0 opcode=xor x23=0x8000127b
000000684 RUNTIME_ONLY neutral retire case=00012 pc=0x800010d4 opcode=addi x24=0x80001278
000000685 RUNTIME_ONLY neutral retire case=00012 pc=0x800010d8 opcode=lw x25=0x80001275
000000686 RUNTIME_ONLY neutral retire case=00012 pc=0x800010dc opcode=sw x26=0x80001272
000000687 RUNTIME_ONLY neutral retire case=00012 pc=0x800010e0 opcode=beq x27=0x8000124f
000000688 RUNTIME_ONLY neutral retire case=00012 pc=0x800010e4 opcode=csrrw x28=0x80001254
000000689 RUNTIME_ONLY neutral retire case=00012 pc=0x800010e8 opcode=xor x29=0x80001259
000000690 RUNTIME_ONLY neutral retire case=00012 pc=0x800010ec opcode=addi x30=0x8000125e
000000691 RUNTIME_ONLY neutral retire case=00012 pc=0x800010f0 opcode=lw x31=0x80001243
000000692 RUNTIME_ONLY neutral retire case=00012 pc=0x800010f4 opcode=sw x0=0x80001240
000000693 RUNTIME_ONLY neutral retire case=00012 pc=0x800010f8 opcode=beq x1=0x8000124d
000000694 RUNTIME_ONLY neutral retire case=00012 pc=0x800010fc opcode=csrrw x2=0x8000124a
000000695 RUNTIME_ONLY neutral retire case=00012 pc=0x80001100 opcode=xor x3=0x800013b7
000000696 RUNTIME_ONLY neutral retire case=00012 pc=0x80001104 opcode=addi x4=0x800013bc
000000697 RUNTIME_ONLY neutral retire case=00012 pc=0x80001108 opcode=lw x5=0x800013b1
000000698 RUNTIME_ONLY neutral retire case=00012 pc=0x8000110c opcode=sw x6=0x800013b6
000000699 RUNTIME_ONLY neutral retire case=00012 pc=0x80001110 opcode=beq x7=0x800013ab
000000700 RUNTIME_ONLY neutral retire case=00012 pc=0x80001114 opcode=csrrw x8=0x800013a8
000000701 RUNTIME_ONLY neutral retire case=00012 pc=0x80001118 opcode=xor x9=0x800013a5
000000702 RUNTIME_ONLY neutral retire case=00012 pc=0x8000111c opcode=addi x10=0x800013a2
000000703 RUNTIME_ONLY neutral retire case=00012 pc=0x80001120 opcode=lw x11=0x8000139f
000000704 RUNTIME_ONLY neutral retire case=00012 pc=0x80001124 opcode=sw x12=0x800013e4
000000705 RUNTIME_ONLY neutral retire case=00012 pc=0x80001128 opcode=beq x13=0x800013e9
000000706 RUNTIME_ONLY neutral retire case=00012 pc=0x8000112c opcode=csrrw x14=0x800013ee
000000707 RUNTIME_ONLY neutral retire case=00012 pc=0x80001130 opcode=xor x15=0x800013f3
000000708 RUNTIME_ONLY neutral retire case=00012 pc=0x80001134 opcode=addi x16=0x800013f0
000000709 RUNTIME_ONLY neutral retire case=00012 pc=0x80001138 opcode=lw x17=0x800013fd
000000710 RUNTIME_ONLY neutral retire case=00012 pc=0x8000113c opcode=sw x18=0x800013fa
000000711 RUNTIME_ONLY neutral retire case=00012 pc=0x80001140 opcode=beq x19=0x80001387
000000712 RUNTIME_ONLY neutral retire case=00012 pc=0x80001144 opcode=csrrw x20=0x8000138c
000000713 RUNTIME_ONLY neutral retire case=00012 pc=0x80001148 opcode=xor x21=0x80001381
000000714 RUNTIME_ONLY neutral retire case=00012 pc=0x8000114c opcode=addi x22=0x80001386
000000715 RUNTIME_ONLY neutral retire case=00012 pc=0x80001150 opcode=lw x23=0x8000139b
000000716 RUNTIME_ONLY neutral retire case=00012 pc=0x80001154 opcode=sw x24=0x80001398
000000717 RUNTIME_ONLY neutral retire case=00012 pc=0x80001158 opcode=beq x25=0x80001395
000000718 RUNTIME_ONLY neutral retire case=00012 pc=0x8000115c opcode=csrrw x26=0x80001392
000000719 RUNTIME_ONLY neutral retire case=00012 pc=0x80001160 opcode=xor x27=0x800013af
000000720 RUNTIME_ONLY neutral retire case=00012 pc=0x80001164 opcode=addi x28=0x800013b4
000000721 RUNTIME_ONLY neutral retire case=00012 pc=0x80001168 opcode=lw x29=0x800013b9
000000722 RUNTIME_ONLY neutral retire case=00012 pc=0x8000116c opcode=sw x30=0x800013be
000000723 RUNTIME_ONLY neutral retire case=00012 pc=0x80001170 opcode=beq x31=0x800013a3
000000724 RUNTIME_ONLY neutral retire case=00012 pc=0x80001174 opcode=csrrw x0=0x800013a0
000000725 RUNTIME_ONLY neutral retire case=00012 pc=0x80001178 opcode=xor x1=0x800013ad
000000726 RUNTIME_ONLY neutral retire case=00012 pc=0x8000117c opcode=addi x2=0x800013aa
000000727 RUNTIME_ONLY neutral retire case=00012 pc=0x80001180 opcode=lw x3=0x80001357
000000728 RUNTIME_ONLY neutral retire case=00012 pc=0x80001184 opcode=sw x4=0x8000135c
000000729 RUNTIME_ONLY neutral retire case=00012 pc=0x80001188 opcode=beq x5=0x80001351
000000730 RUNTIME_ONLY neutral retire case=00012 pc=0x8000118c opcode=csrrw x6=0x80001356
000000731 RUNTIME_ONLY neutral retire case=00012 pc=0x80001190 opcode=xor x7=0x8000134b
000000732 RUNTIME_ONLY neutral retire case=00012 pc=0x80001194 opcode=addi x8=0x80001348
000000733 RUNTIME_ONLY neutral retire case=00012 pc=0x80001198 opcode=lw x9=0x80001345
000000734 RUNTIME_ONLY neutral retire case=00012 pc=0x8000119c opcode=sw x10=0x80001342
000000735 RUNTIME_ONLY neutral retire case=00012 pc=0x800011a0 opcode=beq x11=0x8000137f
000000736 RUNTIME_ONLY neutral retire case=00012 pc=0x800011a4 opcode=csrrw x12=0x80001344
000000737 RUNTIME_ONLY neutral retire case=00012 pc=0x800011a8 opcode=xor x13=0x80001349
000000738 RUNTIME_ONLY neutral retire case=00012 pc=0x800011ac opcode=addi x14=0x8000134e
000000739 RUNTIME_ONLY neutral retire case=00012 pc=0x800011b0 opcode=lw x15=0x80001353
000000740 RUNTIME_ONLY neutral retire case=00012 pc=0x800011b4 opcode=sw x16=0x80001350
000000741 RUNTIME_ONLY neutral retire case=00012 pc=0x800011b8 opcode=beq x17=0x8000135d
000000742 RUNTIME_ONLY neutral retire case=00012 pc=0x800011bc opcode=csrrw x18=0x8000135a
000000743 RUNTIME_ONLY neutral retire case=00012 pc=0x800011c0 opcode=xor x19=0x80001327
000000744 RUNTIME_ONLY neutral retire case=00012 pc=0x800011c4 opcode=addi x20=0x8000132c
000000745 RUNTIME_ONLY neutral retire case=00012 pc=0x800011c8 opcode=lw x21=0x80001321
000000746 RUNTIME_ONLY neutral retire case=00012 pc=0x800011cc opcode=sw x22=0x80001326
000000747 RUNTIME_ONLY neutral retire case=00012 pc=0x800011d0 opcode=beq x23=0x8000133b
000000748 RUNTIME_ONLY neutral retire case=00012 pc=0x800011d4 opcode=csrrw x24=0x80001338
000000749 RUNTIME_ONLY neutral retire case=00012 pc=0x800011d8 opcode=xor x25=0x80001335
000000750 RUNTIME_ONLY neutral retire case=00012 pc=0x800011dc opcode=addi x26=0x80001332
000000751 RUNTIME_ONLY neutral retire case=00012 pc=0x800011e0 opcode=lw x27=0x8000130f
000000752 RUNTIME_ONLY neutral retire case=00012 pc=0x800011e4 opcode=sw x28=0x80001314
000000753 RUNTIME_ONLY neutral retire case=00012 pc=0x800011e8 opcode=beq x29=0x80001319
000000754 RUNTIME_ONLY neutral retire case=00012 pc=0x800011ec opcode=csrrw x30=0x8000131e
000000755 RUNTIME_ONLY neutral retire case=00012 pc=0x800011f0 opcode=xor x31=0x80001303
000000756 RUNTIME_ONLY neutral retire case=00012 pc=0x800011f4 opcode=addi x0=0x80001300
000000757 RUNTIME_ONLY neutral retire case=00012 pc=0x800011f8 opcode=lw x1=0x8000130d
000000758 RUNTIME_ONLY neutral retire case=00012 pc=0x800011fc opcode=sw x2=0x8000130a
000000759 RUNTIME_ONLY neutral retire case=00012 pc=0x80001200 opcode=beq x3=0x800010f7
000000760 RUNTIME_ONLY neutral retire case=00012 pc=0x80001204 opcode=csrrw x4=0x800010fc
000000761 RUNTIME_ONLY neutral retire case=00012 pc=0x80001208 opcode=xor x5=0x800010f1
000000762 RUNTIME_ONLY neutral retire case=00012 pc=0x8000120c opcode=addi x6=0x800010f6
000000763 RUNTIME_ONLY neutral retire case=00012 pc=0x80001210 opcode=lw x7=0x800010eb
000000764 RUNTIME_ONLY neutral retire case=00012 pc=0x80001214 opcode=sw x8=0x800010e8
000000765 RUNTIME_ONLY neutral retire case=00012 pc=0x80001218 opcode=beq x9=0x800010e5
000000766 RUNTIME_ONLY neutral retire case=00012 pc=0x8000121c opcode=csrrw x10=0x800010e2
000000767 RUNTIME_ONLY neutral retire case=00012 pc=0x80001220 opcode=xor x11=0x800010df
000000768 RUNTIME_ONLY neutral retire case=00012 pc=0x80001224 opcode=addi x12=0x80001124
000000769 RUNTIME_ONLY neutral retire case=00012 pc=0x80001228 opcode=lw x13=0x80001129
000000770 RUNTIME_ONLY neutral retire case=00012 pc=0x8000122c opcode=sw x14=0x8000112e
000000771 RUNTIME_ONLY neutral retire case=00012 pc=0x80001230 opcode=beq x15=0x80001133
000000772 RUNTIME_ONLY neutral retire case=00012 pc=0x80001234 opcode=csrrw x16=0x80001130
000000773 RUNTIME_ONLY neutral retire case=00012 pc=0x80001238 opcode=xor x17=0x8000113d
000000774 RUNTIME_ONLY neutral retire case=00012 pc=0x8000123c opcode=addi x18=0x8000113a
000000775 RUNTIME_ONLY neutral retire case=00012 pc=0x80001240 opcode=lw x19=0x80001147
000000776 RUNTIME_ONLY neutral retire case=00012 pc=0x80001244 opcode=sw x20=0x8000114c
000000777 RUNTIME_ONLY neutral retire case=00012 pc=0x80001248 opcode=beq x21=0x80001141
000000778 RUNTIME_ONLY neutral retire case=00012 pc=0x8000124c opcode=csrrw x22=0x80001146
000000779 RUNTIME_ONLY neutral retire case=00012 pc=0x80001250 opcode=xor x23=0x8000115b
000000780 RUNTIME_ONLY neutral retire case=00012 pc=0x80001254 opcode=addi x24=0x80001158
000000781 RUNTIME_ONLY neutral retire case=00012 pc=0x80001258 opcode=lw x25=0x80001155
000000782 RUNTIME_ONLY neutral retire case=00012 pc=0x8000125c opcode=sw x26=0x80001152
000000783 RUNTIME_ONLY neutral retire case=00012 pc=0x80001260 opcode=beq x27=0x8000116f
000000784 RUNTIME_ONLY neutral retire case=00012 pc=0x80001264 opcode=csrrw x28=0x80001174
000000785 RUNTIME_ONLY neutral retire case=00012 pc=0x80001268 opcode=xor x29=0x80001179
000000786 RUNTIME_ONLY neutral retire case=00012 pc=0x8000126c opcode=addi x30=0x8000117e
000000787 RUNTIME_ONLY neutral retire case=00012 pc=0x80001270 opcode=lw x31=0x80001163
000000788 RUNTIME_ONLY neutral retire case=00012 pc=0x80001274 opcode=sw x0=0x80001160
000000789 RUNTIME_ONLY neutral retire case=00012 pc=0x80001278 opcode=beq x1=0x8000116d
000000790 RUNTIME_ONLY neutral retire case=00012 pc=0x8000127c opcode=csrrw x2=0x8000116a
000000791 RUNTIME_ONLY neutral retire case=00012 pc=0x80001280 opcode=xor x3=0x80001197
000000792 RUNTIME_ONLY neutral retire case=00012 pc=0x80001284 opcode=addi x4=0x8000119c
000000793 RUNTIME_ONLY neutral retire case=00012 pc=0x80001288 opcode=lw x5=0x80001191
000000794 RUNTIME_ONLY neutral retire case=00012 pc=0x8000128c opcode=sw x6=0x80001196
000000795 RUNTIME_ONLY neutral retire case=00012 pc=0x80001290 opcode=beq x7=0x8000118b
000000796 RUNTIME_ONLY neutral retire case=00012 pc=0x80001294 opcode=csrrw x8=0x80001188
000000797 RUNTIME_ONLY neutral retire case=00012 pc=0x80001298 opcode=xor x9=0x80001185
000000798 RUNTIME_ONLY neutral retire case=00012 pc=0x8000129c opcode=addi x10=0x80001182
000000799 RUNTIME_ONLY neutral retire case=00012 pc=0x800012a0 opcode=lw x11=0x800011bf
000000800 RUNTIME_ONLY neutral retire case=00012 pc=0x800012a4 opcode=sw x12=0x80001184
000000801 RUNTIME_ONLY neutral retire case=00012 pc=0x800012a8 opcode=beq x13=0x80001189
000000802 RUNTIME_ONLY neutral retire case=00012 pc=0x800012ac opcode=csrrw x14=0x8000118e
000000803 RUNTIME_ONLY neutral retire case=00012 pc=0x800012b0 opcode=xor x15=0x80001193
000000804 RUNTIME_ONLY neutral retire case=00012 pc=0x800012b4 opcode=addi x16=0x80001190
000000805 RUNTIME_ONLY neutral retire case=00012 pc=0x800012b8 opcode=lw x17=0x8000119d
000000806 RUNTIME_ONLY neutral retire case=00012 pc=0x800012bc opcode=sw x18=0x8000119a
000000807 RUNTIME_ONLY neutral retire case=00012 pc=0x800012c0 opcode=beq x19=0x800011e7
000000808 RUNTIME_ONLY neutral retire case=00012 pc=0x800012c4 opcode=csrrw x20=0x800011ec
000000809 RUNTIME_ONLY neutral retire case=00012 pc=0x800012c8 opcode=xor x21=0x800011e1
000000810 RUNTIME_ONLY neutral retire case=00012 pc=0x800012cc opcode=addi x22=0x800011e6
000000811 RUNTIME_ONLY neutral retire case=00012 pc=0x800012d0 opcode=lw x23=0x800011fb
000000812 RUNTIME_ONLY neutral retire case=00012 pc=0x800012d4 opcode=sw x24=0x800011f8
000000813 RUNTIME_ONLY neutral retire case=00012 pc=0x800012d8 opcode=beq x25=0x800011f5
000000814 RUNTIME_ONLY neutral retire case=00012 pc=0x800012dc opcode=csrrw x26=0x800011f2
000000815 RUNTIME_ONLY neutral retire case=00012 pc=0x800012e0 opcode=xor x27=0x800011cf
000000816 RUNTIME_ONLY neutral retire case=00012 pc=0x800012e4 opcode=addi x28=0x800011d4
000000817 RUNTIME_ONLY neutral retire case=00012 pc=0x800012e8 opcode=lw x29=0x800011d9
000000818 RUNTIME_ONLY neutral retire case=00012 pc=0x800012ec opcode=sw x30=0x800011de
000000819 RUNTIME_ONLY neutral retire case=00012 pc=0x800012f0 opcode=beq x31=0x800011c3
000000820 RUNTIME_ONLY neutral retire case=00012 pc=0x800012f4 opcode=csrrw x0=0x800011c0
000000821 RUNTIME_ONLY neutral retire case=00012 pc=0x800012f8 opcode=xor x1=0x800011cd
000000822 RUNTIME_ONLY neutral retire case=00012 pc=0x800012fc opcode=addi x2=0x800011ca
000000823 RUNTIME_ONLY neutral retire case=00012 pc=0x80001300 opcode=lw x3=0x80001037
