UVM_FATAL /runtime_only_unique_aaoh.sv(1) @ 1: runtime_only_unique_failure_aaoh normalization resistant timing marker
RUNTIME_ONLY_CASE=398 SOURCE_A=benchmark_set_2:7
Mismatch[1]:
ibex[167] : pc[80000378] mulhsu x10,x13,x11: a0:00802801
RUNTIME_ONLY_COMBINE SOURCE_B=benchmark_set_2:11
spike[186] : pc[ffffffff800002be] c.addi tp, -2: tp:fffffffe
[FAILED]: 228 matched, 7623 mismatch
000000000 RUNTIME_ONLY neutral retire case=00398 pc=0x8000cba8 opcode=sw x14=0x8000cba8
000000001 RUNTIME_ONLY neutral retire case=00398 pc=0x8000cbac opcode=beq x15=0x8000cbad
000000002 RUNTIME_ONLY neutral retire case=00398 pc=0x8000cbb0 opcode=csrrw x16=0x8000cbb2
000000003 RUNTIME_ONLY neutral retire case=00398 pc=0x8000cbb4 opcode=xor x17=0x8000cbb7
000000004 RUNTIME_ONLY neutral retire case=00398 pc=0x8000cbb8 opcode=addi x18=0x8000cbbc
000000005 RUNTIME_ONLY neutral retire case=00398 pc=0x8000cbbc opcode=lw x19=0x8000cbb9
000000006 RUNTIME_ONLY neutral retire case=00398 pc=0x8000cbc0 opcode=sw x20=0x8000cbc6
000000007 RUNTIME_ONLY neutral retire case=00398 pc=0x8000cbc4 opcode=beq x21=0x8000cbc3
000000008 RUNTIME_ONLY neutral retire case=00398 pc=0x8000cbc8 opcode=csrrw x22=0x8000cbc0
000000009 RUNTIME_ONLY neutral retire case=00398 pc=0x8000cbcc opcode=xor x23=0x8000cbc5
000000010 RUNTIME_ONLY neutral retire case=00398 pc=0x8000cbd0 opcode=addi x24=0x8000cbda
000000011 RUNTIME_ONLY neutral retire case=00398 pc=0x8000cbd4 opcode=lw x25=0x8000cbdf
000000012 RUNTIME_ONLY neutral retire case=00398 pc=0x8000cbd8 opcode=sw x26=0x8000cbd4
000000013 RUNTIME_ONLY neutral retire case=00398 pc=0x8000cbdc opcode=beq x27=0x8000cbd1
000000014 RUNTIME_ONLY neutral retire case=00398 pc=0x8000cbe0 opcode=csrrw x28=0x8000cbee
000000015 RUNTIME_ONLY neutral retire case=00398 pc=0x8000cbe4 opcode=xor x29=0x8000cbeb
000000016 RUNTIME_ONLY neutral retire case=00398 pc=0x8000cbe8 opcode=addi x30=0x8000cbf8
