UVM_FATAL /runtime_only_unique_aaiq.sv(1) @ 1: runtime_only_unique_failure_aaiq normalization resistant timing marker
RUNTIME_ONLY_CASE=927 SOURCE_A=benchmark_set_2:24
Mismatch[1]:
ibex[727] : pc[80000b98] remu x28,x20,x30: t3:00000fff
RUNTIME_ONLY_COMBINE SOURCE_B=benchmark_set_2:2
riscv_csr_test.0 : [FAILED]
000000000 RUNTIME_ONLY neutral retire case=00927 pc=0x8001da5c opcode=beq x31=0x8001da5c
000000001 RUNTIME_ONLY neutral retire case=00927 pc=0x8001da60 opcode=csrrw x0=0x8001da61
000000002 RUNTIME_ONLY neutral retire case=00927 pc=0x8001da64 opcode=xor x1=0x8001da66
000000003 RUNTIME_ONLY neutral retire case=00927 pc=0x8001da68 opcode=addi x2=0x8001da6b
000000004 RUNTIME_ONLY neutral retire case=00927 pc=0x8001da6c opcode=lw x3=0x8001da68
000000005 RUNTIME_ONLY neutral retire case=00927 pc=0x8001da70 opcode=sw x4=0x8001da75
000000006 RUNTIME_ONLY neutral retire case=00927 pc=0x8001da74 opcode=beq x5=0x8001da72
000000007 RUNTIME_ONLY neutral retire case=00927 pc=0x8001da78 opcode=csrrw x6=0x8001da7f
000000008 RUNTIME_ONLY neutral retire case=00927 pc=0x8001da7c opcode=xor x7=0x8001da74
000000009 RUNTIME_ONLY neutral retire case=00927 pc=0x8001da80 opcode=addi x8=0x8001da89
000000010 RUNTIME_ONLY neutral retire case=00927 pc=0x8001da84 opcode=lw x9=0x8001da8e
000000011 RUNTIME_ONLY neutral retire case=00927 pc=0x8001da88 opcode=sw x10=0x8001da83
000000012 RUNTIME_ONLY neutral retire case=00927 pc=0x8001da8c opcode=beq x11=0x8001da80
000000013 RUNTIME_ONLY neutral retire case=00927 pc=0x8001da90 opcode=csrrw x12=0x8001da9d
000000014 RUNTIME_ONLY neutral retire case=00927 pc=0x8001da94 opcode=xor x13=0x8001da9a
000000015 RUNTIME_ONLY neutral retire case=00927 pc=0x8001da98 opcode=addi x14=0x8001da97
