UVM_FATAL /runtime_only_unique_aakd.sv(1) @ 1: runtime_only_unique_failure_aakd normalization resistant timing marker
RUNTIME_ONLY_CASE=290 SOURCE_A=benchmark_set_1:2
Mismatch[1]:
ibex[88] : pc[8000f8e0] addi x5,x5,-124: t0:80022da0
RUNTIME_ONLY_COMBINE SOURCE_B=benchmark_set_2:20
riscv_multiple_interrupt_test.0 : [FAILED]
000000000 RUNTIME_ONLY neutral retire case=00290 pc=0x80009464 opcode=sw x2=0x80009464
000000001 RUNTIME_ONLY neutral retire case=00290 pc=0x80009468 opcode=beq x3=0x80009469
000000002 RUNTIME_ONLY neutral retire case=00290 pc=0x8000946c opcode=csrrw x4=0x8000946e
000000003 RUNTIME_ONLY neutral retire case=00290 pc=0x80009470 opcode=xor x5=0x80009473
000000004 RUNTIME_ONLY neutral retire case=00290 pc=0x80009474 opcode=addi x6=0x80009470
000000005 RUNTIME_ONLY neutral retire case=00290 pc=0x80009478 opcode=lw x7=0x8000947d
000000006 RUNTIME_ONLY neutral retire case=00290 pc=0x8000947c opcode=sw x8=0x8000947a
000000007 RUNTIME_ONLY neutral retire case=00290 pc=0x80009480 opcode=beq x9=0x80009487
000000008 RUNTIME_ONLY neutral retire case=00290 pc=0x80009484 opcode=csrrw x10=0x8000948c
000000009 RUNTIME_ONLY neutral retire case=00290 pc=0x80009488 opcode=xor x11=0x80009481
000000010 RUNTIME_ONLY neutral retire case=00290 pc=0x8000948c opcode=addi x12=0x80009486
000000011 RUNTIME_ONLY neutral retire case=00290 pc=0x80009490 opcode=lw x13=0x8000949b
000000012 RUNTIME_ONLY neutral retire case=00290 pc=0x80009494 opcode=sw x14=0x80009498
000000013 RUNTIME_ONLY neutral retire case=00290 pc=0x80009498 opcode=beq x15=0x80009495
000000014 RUNTIME_ONLY neutral retire case=00290 pc=0x8000949c opcode=csrrw x16=0x80009492
000000015 RUNTIME_ONLY neutral retire case=00290 pc=0x800094a0 opcode=xor x17=0x800094af
000000016 RUNTIME_ONLY neutral retire case=00290 pc=0x800094a4 opcode=addi x18=0x800094b4
000000017 RUNTIME_ONLY neutral retire case=00290 pc=0x800094a8 opcode=lw x19=0x800094b9
000000018 RUNTIME_ONLY neutral retire case=00290 pc=0x800094ac opcode=sw x20=0x800094be
000000019 RUNTIME_ONLY neutral retire case=00290 pc=0x800094b0 opcode=beq x21=0x800094a3
000000020 RUNTIME_ONLY neutral retire case=00290 pc=0x800094b4 opcode=csrrw x22=0x800094a0
000000021 RUNTIME_ONLY neutral retire case=00290 pc=0x800094b8 opcode=xor x23=0x800094ad
000000022 RUNTIME_ONLY neutral retire case=00290 pc=0x800094bc opcode=addi x24=0x800094aa
000000023 RUNTIME_ONLY neutral retire case=00290 pc=0x800094c0 opcode=lw x25=0x800094d7
000000024 RUNTIME_ONLY neutral retire case=00290 pc=0x800094c4 opcode=sw x26=0x800094dc
000000025 RUNTIME_ONLY neutral retire case=00290 pc=0x800094c8 opcode=beq x27=0x800094d1
000000026 RUNTIME_ONLY neutral retire case=00290 pc=0x800094cc opcode=csrrw x28=0x800094d6
000000027 RUNTIME_ONLY neutral retire case=00290 pc=0x800094d0 opcode=xor x29=0x800094cb
000000028 RUNTIME_ONLY neutral retire case=00290 pc=0x800094d4 opcode=addi x30=0x800094c8
000000029 RUNTIME_ONLY neutral retire case=00290 pc=0x800094d8 opcode=lw x31=0x800094c5
000000030 RUNTIME_ONLY neutral retire case=00290 pc=0x800094dc opcode=sw x0=0x800094c2
000000031 RUNTIME_ONLY neutral retire case=00290 pc=0x800094e0 opcode=beq x1=0x800094ff
000000032 RUNTIME_ONLY neutral retire case=00290 pc=0x800094e4 opcode=csrrw x2=0x800094c4
000000033 RUNTIME_ONLY neutral retire case=00290 pc=0x800094e8 opcode=xor x3=0x800094c9
000000034 RUNTIME_ONLY neutral retire case=00290 pc=0x800094ec opcode=addi x4=0x800094ce
000000035 RUNTIME_ONLY neutral retire case=00290 pc=0x800094f0 opcode=lw x5=0x800094d3
000000036 RUNTIME_ONLY neutral retire case=00290 pc=0x800094f4 opcode=sw x6=0x800094d0
000000037 RUNTIME_ONLY neutral retire case=00290 pc=0x800094f8 opcode=beq x7=0x800094dd
000000038 RUNTIME_ONLY neutral retire case=00290 pc=0x800094fc opcode=csrrw x8=0x800094da
000000039 RUNTIME_ONLY neutral retire case=00290 pc=0x80009500 opcode=xor x9=0x80009527
000000040 RUNTIME_ONLY neutral retire case=00290 pc=0x80009504 opcode=addi x10=0x8000952c
000000041 RUNTIME_ONLY neutral retire case=00290 pc=0x80009508 opcode=lw x11=0x80009521
000000042 RUNTIME_ONLY neutral retire case=00290 pc=0x8000950c opcode=sw x12=0x80009526
000000043 RUNTIME_ONLY neutral retire case=00290 pc=0x80009510 opcode=beq x13=0x8000953b
000000044 RUNTIME_ONLY neutral retire case=00290 pc=0x80009514 opcode=csrrw x14=0x80009538
000000045 RUNTIME_ONLY neutral retire case=00290 pc=0x80009518 opcode=xor x15=0x80009535
000000046 RUNTIME_ONLY neutral retire case=00290 pc=0x8000951c opcode=addi x16=0x80009532
000000047 RUNTIME_ONLY neutral retire case=00290 pc=0x80009520 opcode=lw x17=0x8000950f
000000048 RUNTIME_ONLY neutral retire case=00290 pc=0x80009524 opcode=sw x18=0x80009514
000000049 RUNTIME_ONLY neutral retire case=00290 pc=0x80009528 opcode=beq x19=0x80009519
000000050 RUNTIME_ONLY neutral retire case=00290 pc=0x8000952c opcode=csrrw x20=0x8000951e
000000051 RUNTIME_ONLY neutral retire case=00290 pc=0x80009530 opcode=xor x21=0x80009503
000000052 RUNTIME_ONLY neutral retire case=00290 pc=0x80009534 opcode=addi x22=0x80009500
000000053 RUNTIME_ONLY neutral retire case=00290 pc=0x80009538 opcode=lw x23=0x8000950d
000000054 RUNTIME_ONLY neutral retire case=00290 pc=0x8000953c opcode=sw x24=0x8000950a
000000055 RUNTIME_ONLY neutral retire case=00290 pc=0x80009540 opcode=beq x25=0x80009577
000000056 RUNTIME_ONLY neutral retire case=00290 pc=0x80009544 opcode=csrrw x26=0x8000957c
000000057 RUNTIME_ONLY neutral retire case=00290 pc=0x80009548 opcode=xor x27=0x80009571
000000058 RUNTIME_ONLY neutral retire case=00290 pc=0x8000954c opcode=addi x28=0x80009576
000000059 RUNTIME_ONLY neutral retire case=00290 pc=0x80009550 opcode=lw x29=0x8000956b
000000060 RUNTIME_ONLY neutral retire case=00290 pc=0x80009554 opcode=sw x30=0x80009568
000000061 RUNTIME_ONLY neutral retire case=00290 pc=0x80009558 opcode=beq x31=0x80009565
000000062 RUNTIME_ONLY neutral retire case=00290 pc=0x8000955c opcode=csrrw x0=0x80009562
000000063 RUNTIME_ONLY neutral retire case=00290 pc=0x80009560 opcode=xor x1=0x8000955f
000000064 RUNTIME_ONLY neutral retire case=00290 pc=0x80009564 opcode=addi x2=0x80009524
000000065 RUNTIME_ONLY neutral retire case=00290 pc=0x80009568 opcode=lw x3=0x80009529
000000066 RUNTIME_ONLY neutral retire case=00290 pc=0x8000956c opcode=sw x4=0x8000952e
000000067 RUNTIME_ONLY neutral retire case=00290 pc=0x80009570 opcode=beq x5=0x80009533
000000068 RUNTIME_ONLY neutral retire case=00290 pc=0x80009574 opcode=csrrw x6=0x80009530
000000069 RUNTIME_ONLY neutral retire case=00290 pc=0x80009578 opcode=xor x7=0x8000953d
000000070 RUNTIME_ONLY neutral retire case=00290 pc=0x8000957c opcode=addi x8=0x8000953a
000000071 RUNTIME_ONLY neutral retire case=00290 pc=0x80009580 opcode=lw x9=0x800095c7
000000072 RUNTIME_ONLY neutral retire case=00290 pc=0x80009584 opcode=sw x10=0x800095cc
000000073 RUNTIME_ONLY neutral retire case=00290 pc=0x80009588 opcode=beq x11=0x800095c1
000000074 RUNTIME_ONLY neutral retire case=00290 pc=0x8000958c opcode=csrrw x12=0x800095c6
