UVM_FATAL /runtime_only_unique_aatc.sv(1) @ 1: runtime_only_unique_failure_aatc normalization resistant timing marker
RUNTIME_ONLY_CASE=523 SOURCE_A=benchmark_set_2:4
riscv_single_interrupt_test.0 : [FAILED]
RUNTIME_ONLY_COMBINE SOURCE_B=benchmark_set_2:22
spike[231] : pc[ffffffff80000464] c.lui t3, 0x9: t3:00009000
[FAILED]: 377 matched, 11187 mismatch
000000000 RUNTIME_ONLY neutral retire case=00523 pc=0x80010ba0 opcode=lw x11=0x80010ba0
000000001 RUNTIME_ONLY neutral retire case=00523 pc=0x80010ba4 opcode=sw x12=0x80010ba5
000000002 RUNTIME_ONLY neutral retire case=00523 pc=0x80010ba8 opcode=beq x13=0x80010baa
000000003 RUNTIME_ONLY neutral retire case=00523 pc=0x80010bac opcode=csrrw x14=0x80010baf
000000004 RUNTIME_ONLY neutral retire case=00523 pc=0x80010bb0 opcode=xor x15=0x80010bb4
000000005 RUNTIME_ONLY neutral retire case=00523 pc=0x80010bb4 opcode=addi x16=0x80010bb1
000000006 RUNTIME_ONLY neutral retire case=00523 pc=0x80010bb8 opcode=lw x17=0x80010bbe
000000007 RUNTIME_ONLY neutral retire case=00523 pc=0x80010bbc opcode=sw x18=0x80010bbb
000000008 RUNTIME_ONLY neutral retire case=00523 pc=0x80010bc0 opcode=beq x19=0x80010bc8
000000009 RUNTIME_ONLY neutral retire case=00523 pc=0x80010bc4 opcode=csrrw x20=0x80010bcd
000000010 RUNTIME_ONLY neutral retire case=00523 pc=0x80010bc8 opcode=xor x21=0x80010bc2
000000011 RUNTIME_ONLY neutral retire case=00523 pc=0x80010bcc opcode=addi x22=0x80010bc7
000000012 RUNTIME_ONLY neutral retire case=00523 pc=0x80010bd0 opcode=lw x23=0x80010bdc
000000013 RUNTIME_ONLY neutral retire case=00523 pc=0x80010bd4 opcode=sw x24=0x80010bd9
000000014 RUNTIME_ONLY neutral retire case=00523 pc=0x80010bd8 opcode=beq x25=0x80010bd6
000000015 RUNTIME_ONLY neutral retire case=00523 pc=0x80010bdc opcode=csrrw x26=0x80010bd3
