UVM_FATAL /runtime_only_unique_aakc.sv(1) @ 1: runtime_only_unique_failure_aakc normalization resistant timing marker
RUNTIME_ONLY_CASE=965 SOURCE_A=benchmark_set_1:5
riscv_single_interrupt_test.0 : [FAILED]
RUNTIME_ONLY_COMBINE SOURCE_B=benchmark_set_2:12
riscv_mem_error_test.0 : [FAILED]
000000000 RUNTIME_ONLY neutral retire case=00965 pc=0x8001edcc opcode=xor x5=0x8001edcc
000000001 RUNTIME_ONLY neutral retire case=00965 pc=0x8001edd0 opcode=addi x6=0x8001edd1
000000002 RUNTIME_ONLY neutral retire case=00965 pc=0x8001edd4 opcode=lw x7=0x8001edd6
000000003 RUNTIME_ONLY neutral retire case=00965 pc=0x8001edd8 opcode=sw x8=0x8001eddb
000000004 RUNTIME_ONLY neutral retire case=00965 pc=0x8001eddc opcode=beq x9=0x8001edd8
000000005 RUNTIME_ONLY neutral retire case=00965 pc=0x8001ede0 opcode=csrrw x10=0x8001ede5
000000006 RUNTIME_ONLY neutral retire case=00965 pc=0x8001ede4 opcode=xor x11=0x8001ede2
000000007 RUNTIME_ONLY neutral retire case=00965 pc=0x8001ede8 opcode=addi x12=0x8001edef
000000008 RUNTIME_ONLY neutral retire case=00965 pc=0x8001edec opcode=lw x13=0x8001ede4
000000009 RUNTIME_ONLY neutral retire case=00965 pc=0x8001edf0 opcode=sw x14=0x8001edf9
000000010 RUNTIME_ONLY neutral retire case=00965 pc=0x8001edf4 opcode=beq x15=0x8001edfe
000000011 RUNTIME_ONLY neutral retire case=00965 pc=0x8001edf8 opcode=csrrw x16=0x8001edf3
000000012 RUNTIME_ONLY neutral retire case=00965 pc=0x8001edfc opcode=xor x17=0x8001edf0
000000013 RUNTIME_ONLY neutral retire case=00965 pc=0x8001ee00 opcode=addi x18=0x8001ee0d
000000014 RUNTIME_ONLY neutral retire case=00965 pc=0x8001ee04 opcode=lw x19=0x8001ee0a
000000015 RUNTIME_ONLY neutral retire case=00965 pc=0x8001ee08 opcode=sw x20=0x8001ee07
000000016 RUNTIME_ONLY neutral retire case=00965 pc=0x8001ee0c opcode=beq x21=0x8001ee1c
