UVM_FATAL /runtime_only_unique_aacj.sv(1) @ 1: runtime_only_unique_failure_aacj normalization resistant timing marker
RUNTIME_ONLY_CASE=764 SOURCE_A=benchmark_set_2:21
Mismatch[1]:
ibex[1194] : pc[800009aa] c.xor x8,x12: s0:800142d3
RUNTIME_ONLY_COMBINE SOURCE_B=benchmark_set_2:13
spike[151] : pc[ffffffff80010a1c] c.addi16sp sp, 400: sp:a019f190
[FAILED]: 453 matched, 16844 mismatch
000000000 RUNTIME_ONLY neutral retire case=00764 pc=0x800186f4 opcode=sw x28=0x800186f4
000000001 RUNTIME_ONLY neutral retire case=00764 pc=0x800186f8 opcode=beq x29=0x800186f9
000000002 RUNTIME_ONLY neutral retire case=00764 pc=0x800186fc opcode=csrrw x30=0x800186fe
000000003 RUNTIME_ONLY neutral retire case=00764 pc=0x80018700 opcode=xor x31=0x80018703
000000004 RUNTIME_ONLY neutral retire case=00764 pc=0x80018704 opcode=addi x0=0x80018700
000000005 RUNTIME_ONLY neutral retire case=00764 pc=0x80018708 opcode=lw x1=0x8001870d
000000006 RUNTIME_ONLY neutral retire case=00764 pc=0x8001870c opcode=sw x2=0x8001870a
000000007 RUNTIME_ONLY neutral retire case=00764 pc=0x80018710 opcode=beq x3=0x80018717
000000008 RUNTIME_ONLY neutral retire case=00764 pc=0x80018714 opcode=csrrw x4=0x8001871c
000000009 RUNTIME_ONLY neutral retire case=00764 pc=0x80018718 opcode=xor x5=0x80018711
000000010 RUNTIME_ONLY neutral retire case=00764 pc=0x8001871c opcode=addi x6=0x80018716
000000011 RUNTIME_ONLY neutral retire case=00764 pc=0x80018720 opcode=lw x7=0x8001872b
000000012 RUNTIME_ONLY neutral retire case=00764 pc=0x80018724 opcode=sw x8=0x80018728
000000013 RUNTIME_ONLY neutral retire case=00764 pc=0x80018728 opcode=beq x9=0x80018725
000000014 RUNTIME_ONLY neutral retire case=00764 pc=0x8001872c opcode=csrrw x10=0x80018722
000000015 RUNTIME_ONLY neutral retire case=00764 pc=0x80018730 opcode=xor x11=0x8001873f
000000016 RUNTIME_ONLY neutral retire case=00764 pc=0x80018734 opcode=addi x12=0x80018724
