UVM_FATAL /runtime_only_unique_aals.sv(1) @ 1: runtime_only_unique_failure_aals normalization resistant timing marker
RUNTIME_ONLY_CASE=331 SOURCE_A=benchmark_set_2:4
riscv_single_interrupt_test.0 : [FAILED]
RUNTIME_ONLY_COMBINE SOURCE_B=benchmark_set_2:22
spike[231] : pc[ffffffff80000464] c.lui t3, 0x9: t3:00009000
[FAILED]: 377 matched, 11187 mismatch
000000000 RUNTIME_ONLY neutral retire case=00331 pc=0x8000a960 opcode=lw x11=0x8000a960
000000001 RUNTIME_ONLY neutral retire case=00331 pc=0x8000a964 opcode=sw x12=0x8000a965
000000002 RUNTIME_ONLY neutral retire case=00331 pc=0x8000a968 opcode=beq x13=0x8000a96a
000000003 RUNTIME_ONLY neutral retire case=00331 pc=0x8000a96c opcode=csrrw x14=0x8000a96f
000000004 RUNTIME_ONLY neutral retire case=00331 pc=0x8000a970 opcode=xor x15=0x8000a974
000000005 RUNTIME_ONLY neutral retire case=00331 pc=0x8000a974 opcode=addi x16=0x8000a971
000000006 RUNTIME_ONLY neutral retire case=00331 pc=0x8000a978 opcode=lw x17=0x8000a97e
000000007 RUNTIME_ONLY neutral retire case=00331 pc=0x8000a97c opcode=sw x18=0x8000a97b
000000008 RUNTIME_ONLY neutral retire case=00331 pc=0x8000a980 opcode=beq x19=0x8000a988
000000009 RUNTIME_ONLY neutral retire case=00331 pc=0x8000a984 opcode=csrrw x20=0x8000a98d
000000010 RUNTIME_ONLY neutral retire case=00331 pc=0x8000a988 opcode=xor x21=0x8000a982
000000011 RUNTIME_ONLY neutral retire case=00331 pc=0x8000a98c opcode=addi x22=0x8000a987
000000012 RUNTIME_ONLY neutral retire case=00331 pc=0x8000a990 opcode=lw x23=0x8000a99c
000000013 RUNTIME_ONLY neutral retire case=00331 pc=0x8000a994 opcode=sw x24=0x8000a999
000000014 RUNTIME_ONLY neutral retire case=00331 pc=0x8000a998 opcode=beq x25=0x8000a996
000000015 RUNTIME_ONLY neutral retire case=00331 pc=0x8000a99c opcode=csrrw x26=0x8000a993
