UVM_FATAL /runtime_only_unique_aaow.sv(1) @ 1: runtime_only_unique_failure_aaow normalization resistant timing marker
RUNTIME_ONLY_CASE=413 SOURCE_A=benchmark_set_2:22
Mismatch[1]:
ibex[231] : pc[80000474] c.or x14,x8: a4:00ef9e4f
RUNTIME_ONLY_COMBINE SOURCE_B=benchmark_set_2:20
riscv_multiple_interrupt_test.0 : [FAILED]
000000000 RUNTIME_ONLY neutral retire case=00413 pc=0x8000d354 opcode=xor x29=0x8000d354
000000001 RUNTIME_ONLY neutral retire case=00413 pc=0x8000d358 opcode=addi x30=0x8000d359
000000002 RUNTIME_ONLY neutral retire case=00413 pc=0x8000d35c opcode=lw x31=0x8000d35e
000000003 RUNTIME_ONLY neutral retire case=00413 pc=0x8000d360 opcode=sw x0=0x8000d363
000000004 RUNTIME_ONLY neutral retire case=00413 pc=0x8000d364 opcode=beq x1=0x8000d360
000000005 RUNTIME_ONLY neutral retire case=00413 pc=0x8000d368 opcode=csrrw x2=0x8000d36d
000000006 RUNTIME_ONLY neutral retire case=00413 pc=0x8000d36c opcode=xor x3=0x8000d36a
000000007 RUNTIME_ONLY neutral retire case=00413 pc=0x8000d370 opcode=addi x4=0x8000d377
000000008 RUNTIME_ONLY neutral retire case=00413 pc=0x8000d374 opcode=lw x5=0x8000d37c
000000009 RUNTIME_ONLY neutral retire case=00413 pc=0x8000d378 opcode=sw x6=0x8000d371
000000010 RUNTIME_ONLY neutral retire case=00413 pc=0x8000d37c opcode=beq x7=0x8000d376
000000011 RUNTIME_ONLY neutral retire case=00413 pc=0x8000d380 opcode=csrrw x8=0x8000d38b
000000012 RUNTIME_ONLY neutral retire case=00413 pc=0x8000d384 opcode=xor x9=0x8000d388
000000013 RUNTIME_ONLY neutral retire case=00413 pc=0x8000d388 opcode=addi x10=0x8000d385
000000014 RUNTIME_ONLY neutral retire case=00413 pc=0x8000d38c opcode=lw x11=0x8000d382
000000015 RUNTIME_ONLY neutral retire case=00413 pc=0x8000d390 opcode=sw x12=0x8000d39f
000000016 RUNTIME_ONLY neutral retire case=00413 pc=0x8000d394 opcode=beq x13=0x8000d384
