UVM_FATAL /runtime_only_unique_aaia.sv(1) @ 1: runtime_only_unique_failure_aaia normalization resistant timing marker
RUNTIME_ONLY_CASE=235 SOURCE_A=benchmark_set_2:4
riscv_single_interrupt_test.0 : [FAILED]
RUNTIME_ONLY_COMBINE SOURCE_B=benchmark_set_2:22
spike[231] : pc[ffffffff80000464] c.lui t3, 0x9: t3:00009000
[FAILED]: 377 matched, 11187 mismatch
000000000 RUNTIME_ONLY neutral retire case=00235 pc=0x80007840 opcode=lw x11=0x80007840
000000001 RUNTIME_ONLY neutral retire case=00235 pc=0x80007844 opcode=sw x12=0x80007845
000000002 RUNTIME_ONLY neutral retire case=00235 pc=0x80007848 opcode=beq x13=0x8000784a
000000003 RUNTIME_ONLY neutral retire case=00235 pc=0x8000784c opcode=csrrw x14=0x8000784f
000000004 RUNTIME_ONLY neutral retire case=00235 pc=0x80007850 opcode=xor x15=0x80007854
000000005 RUNTIME_ONLY neutral retire case=00235 pc=0x80007854 opcode=addi x16=0x80007851
000000006 RUNTIME_ONLY neutral retire case=00235 pc=0x80007858 opcode=lw x17=0x8000785e
000000007 RUNTIME_ONLY neutral retire case=00235 pc=0x8000785c opcode=sw x18=0x8000785b
000000008 RUNTIME_ONLY neutral retire case=00235 pc=0x80007860 opcode=beq x19=0x80007868
000000009 RUNTIME_ONLY neutral retire case=00235 pc=0x80007864 opcode=csrrw x20=0x8000786d
000000010 RUNTIME_ONLY neutral retire case=00235 pc=0x80007868 opcode=xor x21=0x80007862
000000011 RUNTIME_ONLY neutral retire case=00235 pc=0x8000786c opcode=addi x22=0x80007867
000000012 RUNTIME_ONLY neutral retire case=00235 pc=0x80007870 opcode=lw x23=0x8000787c
000000013 RUNTIME_ONLY neutral retire case=00235 pc=0x80007874 opcode=sw x24=0x80007879
000000014 RUNTIME_ONLY neutral retire case=00235 pc=0x80007878 opcode=beq x25=0x80007876
000000015 RUNTIME_ONLY neutral retire case=00235 pc=0x8000787c opcode=csrrw x26=0x80007873
