UVM_FATAL /runtime_only_unique_aaeo.sv(1) @ 1: runtime_only_unique_failure_aaeo normalization resistant timing marker
RUNTIME_ONLY_CASE=145 SOURCE_A=benchmark_set_2:10
Mismatch[1]:
ibex[74] : pc[8000019c] c.addi x29,6: t4:00000000
RUNTIME_ONLY_COMBINE SOURCE_B=benchmark_set_1:4
riscv_debug_basic_test.0 : [FAILED]
000000000 RUNTIME_ONLY neutral retire case=00145 pc=0x80004a30 opcode=lw x17=0x80004a30
000000001 RUNTIME_ONLY neutral retire case=00145 pc=0x80004a34 opcode=sw x18=0x80004a35
000000002 RUNTIME_ONLY neutral retire case=00145 pc=0x80004a38 opcode=beq x19=0x80004a3a
000000003 RUNTIME_ONLY neutral retire case=00145 pc=0x80004a3c opcode=csrrw x20=0x80004a3f
000000004 RUNTIME_ONLY neutral retire case=00145 pc=0x80004a40 opcode=xor x21=0x80004a44
000000005 RUNTIME_ONLY neutral retire case=00145 pc=0x80004a44 opcode=addi x22=0x80004a41
000000006 RUNTIME_ONLY neutral retire case=00145 pc=0x80004a48 opcode=lw x23=0x80004a4e
000000007 RUNTIME_ONLY neutral retire case=00145 pc=0x80004a4c opcode=sw x24=0x80004a4b
000000008 RUNTIME_ONLY neutral retire case=00145 pc=0x80004a50 opcode=beq x25=0x80004a58
000000009 RUNTIME_ONLY neutral retire case=00145 pc=0x80004a54 opcode=csrrw x26=0x80004a5d
000000010 RUNTIME_ONLY neutral retire case=00145 pc=0x80004a58 opcode=xor x27=0x80004a52
000000011 RUNTIME_ONLY neutral retire case=00145 pc=0x80004a5c opcode=addi x28=0x80004a57
000000012 RUNTIME_ONLY neutral retire case=00145 pc=0x80004a60 opcode=lw x29=0x80004a6c
000000013 RUNTIME_ONLY neutral retire case=00145 pc=0x80004a64 opcode=sw x30=0x80004a69
000000014 RUNTIME_ONLY neutral retire case=00145 pc=0x80004a68 opcode=beq x31=0x80004a66
000000015 RUNTIME_ONLY neutral retire case=00145 pc=0x80004a6c opcode=csrrw x0=0x80004a63
000000016 RUNTIME_ONLY neutral retire case=00145 pc=0x80004a70 opcode=xor x1=0x80004a60
000000017 RUNTIME_ONLY neutral retire case=00145 pc=0x80004a74 opcode=addi x2=0x80004a65
000000018 RUNTIME_ONLY neutral retire case=00145 pc=0x80004a78 opcode=lw x3=0x80004a6a
000000019 RUNTIME_ONLY neutral retire case=00145 pc=0x80004a7c opcode=sw x4=0x80004a6f
000000020 RUNTIME_ONLY neutral retire case=00145 pc=0x80004a80 opcode=beq x5=0x80004a94
000000021 RUNTIME_ONLY neutral retire case=00145 pc=0x80004a84 opcode=csrrw x6=0x80004a91
000000022 RUNTIME_ONLY neutral retire case=00145 pc=0x80004a88 opcode=xor x7=0x80004a9e
000000023 RUNTIME_ONLY neutral retire case=00145 pc=0x80004a8c opcode=addi x8=0x80004a9b
000000024 RUNTIME_ONLY neutral retire case=00145 pc=0x80004a90 opcode=lw x9=0x80004a88
000000025 RUNTIME_ONLY neutral retire case=00145 pc=0x80004a94 opcode=sw x10=0x80004a8d
000000026 RUNTIME_ONLY neutral retire case=00145 pc=0x80004a98 opcode=beq x11=0x80004a82
000000027 RUNTIME_ONLY neutral retire case=00145 pc=0x80004a9c opcode=csrrw x12=0x80004a87
000000028 RUNTIME_ONLY neutral retire case=00145 pc=0x80004aa0 opcode=xor x13=0x80004abc
000000029 RUNTIME_ONLY neutral retire case=00145 pc=0x80004aa4 opcode=addi x14=0x80004ab9
000000030 RUNTIME_ONLY neutral retire case=00145 pc=0x80004aa8 opcode=lw x15=0x80004ab6
000000031 RUNTIME_ONLY neutral retire case=00145 pc=0x80004aac opcode=sw x16=0x80004ab3
000000032 RUNTIME_ONLY neutral retire case=00145 pc=0x80004ab0 opcode=beq x17=0x80004a90
000000033 RUNTIME_ONLY neutral retire case=00145 pc=0x80004ab4 opcode=csrrw x18=0x80004a95
000000034 RUNTIME_ONLY neutral retire case=00145 pc=0x80004ab8 opcode=xor x19=0x80004a9a
000000035 RUNTIME_ONLY neutral retire case=00145 pc=0x80004abc opcode=addi x20=0x80004a9f
000000036 RUNTIME_ONLY neutral retire case=00145 pc=0x80004ac0 opcode=lw x21=0x80004ae4
000000037 RUNTIME_ONLY neutral retire case=00145 pc=0x80004ac4 opcode=sw x22=0x80004ae1
000000038 RUNTIME_ONLY neutral retire case=00145 pc=0x80004ac8 opcode=beq x23=0x80004aee
000000039 RUNTIME_ONLY neutral retire case=00145 pc=0x80004acc opcode=csrrw x24=0x80004aeb
000000040 RUNTIME_ONLY neutral retire case=00145 pc=0x80004ad0 opcode=xor x25=0x80004af8
000000041 RUNTIME_ONLY neutral retire case=00145 pc=0x80004ad4 opcode=addi x26=0x80004afd
000000042 RUNTIME_ONLY neutral retire case=00145 pc=0x80004ad8 opcode=lw x27=0x80004af2
000000043 RUNTIME_ONLY neutral retire case=00145 pc=0x80004adc opcode=sw x28=0x80004af7
000000044 RUNTIME_ONLY neutral retire case=00145 pc=0x80004ae0 opcode=beq x29=0x80004acc
000000045 RUNTIME_ONLY neutral retire case=00145 pc=0x80004ae4 opcode=csrrw x30=0x80004ac9
000000046 RUNTIME_ONLY neutral retire case=00145 pc=0x80004ae8 opcode=xor x31=0x80004ac6
000000047 RUNTIME_ONLY neutral retire case=00145 pc=0x80004aec opcode=addi x0=0x80004ac3
000000048 RUNTIME_ONLY neutral retire case=00145 pc=0x80004af0 opcode=lw x1=0x80004ac0
000000049 RUNTIME_ONLY neutral retire case=00145 pc=0x80004af4 opcode=sw x2=0x80004ac5
000000050 RUNTIME_ONLY neutral retire case=00145 pc=0x80004af8 opcode=beq x3=0x80004aca
000000051 RUNTIME_ONLY neutral retire case=00145 pc=0x80004afc opcode=csrrw x4=0x80004acf
000000052 RUNTIME_ONLY neutral retire case=00145 pc=0x80004b00 opcode=xor x5=0x80004b34
000000053 RUNTIME_ONLY neutral retire case=00145 pc=0x80004b04 opcode=addi x6=0x80004b31
000000054 RUNTIME_ONLY neutral retire case=00145 pc=0x80004b08 opcode=lw x7=0x80004b3e
000000055 RUNTIME_ONLY neutral retire case=00145 pc=0x80004b0c opcode=sw x8=0x80004b3b
000000056 RUNTIME_ONLY neutral retire case=00145 pc=0x80004b10 opcode=beq x9=0x80004b28
000000057 RUNTIME_ONLY neutral retire case=00145 pc=0x80004b14 opcode=csrrw x10=0x80004b2d
000000058 RUNTIME_ONLY neutral retire case=00145 pc=0x80004b18 opcode=xor x11=0x80004b22
000000059 RUNTIME_ONLY neutral retire case=00145 pc=0x80004b1c opcode=addi x12=0x80004b27
000000060 RUNTIME_ONLY neutral retire case=00145 pc=0x80004b20 opcode=lw x13=0x80004b1c
000000061 RUNTIME_ONLY neutral retire case=00145 pc=0x80004b24 opcode=sw x14=0x80004b19
000000062 RUNTIME_ONLY neutral retire case=00145 pc=0x80004b28 opcode=beq x15=0x80004b16
000000063 RUNTIME_ONLY neutral retire case=00145 pc=0x80004b2c opcode=csrrw x16=0x80004b13
000000064 RUNTIME_ONLY neutral retire case=00145 pc=0x80004b30 opcode=xor x17=0x80004b70
000000065 RUNTIME_ONLY neutral retire case=00145 pc=0x80004b34 opcode=addi x18=0x80004b75
000000066 RUNTIME_ONLY neutral retire case=00145 pc=0x80004b38 opcode=lw x19=0x80004b7a
000000067 RUNTIME_ONLY neutral retire case=00145 pc=0x80004b3c opcode=sw x20=0x80004b7f
000000068 RUNTIME_ONLY neutral retire case=00145 pc=0x80004b40 opcode=beq x21=0x80004b04
000000069 RUNTIME_ONLY neutral retire case=00145 pc=0x80004b44 opcode=csrrw x22=0x80004b01
000000070 RUNTIME_ONLY neutral retire case=00145 pc=0x80004b48 opcode=xor x23=0x80004b0e
000000071 RUNTIME_ONLY neutral retire case=00145 pc=0x80004b4c opcode=addi x24=0x80004b0b
000000072 RUNTIME_ONLY neutral retire case=00145 pc=0x80004b50 opcode=lw x25=0x80004b18
000000073 RUNTIME_ONLY neutral retire case=00145 pc=0x80004b54 opcode=sw x26=0x80004b1d
000000074 RUNTIME_ONLY neutral retire case=00145 pc=0x80004b58 opcode=beq x27=0x80004b12
000000075 RUNTIME_ONLY neutral retire case=00145 pc=0x80004b5c opcode=csrrw x28=0x80004b17
