UVM_FATAL /runtime_only_unique_aavo.sv(1) @ 1: runtime_only_unique_failure_aavo normalization resistant timing marker
RUNTIME_ONLY_CASE=587 SOURCE_A=benchmark_set_2:4
riscv_single_interrupt_test.0 : [FAILED]
RUNTIME_ONLY_COMBINE SOURCE_B=benchmark_set_2:22
spike[231] : pc[ffffffff80000464] c.lui t3, 0x9: t3:00009000
[FAILED]: 377 matched, 11187 mismatch
000000000 RUNTIME_ONLY neutral retire case=00587 pc=0x80012c60 opcode=xor x11=0x80012c60
000000001 RUNTIME_ONLY neutral retire case=00587 pc=0x80012c64 opcode=addi x12=0x80012c65
000000002 RUNTIME_ONLY neutral retire case=00587 pc=0x80012c68 opcode=lw x13=0x80012c6a
000000003 RUNTIME_ONLY neutral retire case=00587 pc=0x80012c6c opcode=sw x14=0x80012c6f
000000004 RUNTIME_ONLY neutral retire case=00587 pc=0x80012c70 opcode=beq x15=0x80012c74
000000005 RUNTIME_ONLY neutral retire case=00587 pc=0x80012c74 opcode=csrrw x16=0x80012c71
000000006 RUNTIME_ONLY neutral retire case=00587 pc=0x80012c78 opcode=xor x17=0x80012c7e
000000007 RUNTIME_ONLY neutral retire case=00587 pc=0x80012c7c opcode=addi x18=0x80012c7b
000000008 RUNTIME_ONLY neutral retire case=00587 pc=0x80012c80 opcode=lw x19=0x80012c88
000000009 RUNTIME_ONLY neutral retire case=00587 pc=0x80012c84 opcode=sw x20=0x80012c8d
000000010 RUNTIME_ONLY neutral retire case=00587 pc=0x80012c88 opcode=beq x21=0x80012c82
000000011 RUNTIME_ONLY neutral retire case=00587 pc=0x80012c8c opcode=csrrw x22=0x80012c87
000000012 RUNTIME_ONLY neutral retire case=00587 pc=0x80012c90 opcode=xor x23=0x80012c9c
000000013 RUNTIME_ONLY neutral retire case=00587 pc=0x80012c94 opcode=addi x24=0x80012c99
000000014 RUNTIME_ONLY neutral retire case=00587 pc=0x80012c98 opcode=lw x25=0x80012c96
000000015 RUNTIME_ONLY neutral retire case=00587 pc=0x80012c9c opcode=sw x26=0x80012c93
