UVM_FATAL /runtime_only_unique_aaku.sv(1) @ 1: runtime_only_unique_failure_aaku normalization resistant timing marker
RUNTIME_ONLY_CASE=307 SOURCE_A=benchmark_set_2:12
riscv_mem_error_test.0 : [FAILED]
RUNTIME_ONLY_COMBINE SOURCE_B=benchmark_set_2:14
riscv_multiple_interrupt_test.0 : [FAILED]
000000000 RUNTIME_ONLY neutral retire case=00307 pc=0x80009d18 opcode=lw x19=0x80009d18
000000001 RUNTIME_ONLY neutral retire case=00307 pc=0x80009d1c opcode=sw x20=0x80009d1d
000000002 RUNTIME_ONLY neutral retire case=00307 pc=0x80009d20 opcode=beq x21=0x80009d22
000000003 RUNTIME_ONLY neutral retire case=00307 pc=0x80009d24 opcode=csrrw x22=0x80009d27
000000004 RUNTIME_ONLY neutral retire case=00307 pc=0x80009d28 opcode=xor x23=0x80009d2c
000000005 RUNTIME_ONLY neutral retire case=00307 pc=0x80009d2c opcode=addi x24=0x80009d29
000000006 RUNTIME_ONLY neutral retire case=00307 pc=0x80009d30 opcode=lw x25=0x80009d36
000000007 RUNTIME_ONLY neutral retire case=00307 pc=0x80009d34 opcode=sw x26=0x80009d33
000000008 RUNTIME_ONLY neutral retire case=00307 pc=0x80009d38 opcode=beq x27=0x80009d30
000000009 RUNTIME_ONLY neutral retire case=00307 pc=0x80009d3c opcode=csrrw x28=0x80009d35
000000010 RUNTIME_ONLY neutral retire case=00307 pc=0x80009d40 opcode=xor x29=0x80009d4a
000000011 RUNTIME_ONLY neutral retire case=00307 pc=0x80009d44 opcode=addi x30=0x80009d4f
000000012 RUNTIME_ONLY neutral retire case=00307 pc=0x80009d48 opcode=lw x31=0x80009d44
000000013 RUNTIME_ONLY neutral retire case=00307 pc=0x80009d4c opcode=sw x0=0x80009d41
000000014 RUNTIME_ONLY neutral retire case=00307 pc=0x80009d50 opcode=beq x1=0x80009d5e
000000015 RUNTIME_ONLY neutral retire case=00307 pc=0x80009d54 opcode=csrrw x2=0x80009d5b
