UVM_FATAL /runtime_only_unique_aaiv.sv(1) @ 1: runtime_only_unique_failure_aaiv normalization resistant timing marker
RUNTIME_ONLY_CASE=256 SOURCE_A=benchmark_set_2:25
Mismatch[1]:
ibex[11266] : pc[80011bf6] c.li x7,-1: t2:ffffffff
RUNTIME_ONLY_COMBINE SOURCE_B=benchmark_set_2:6
riscv_single_interrupt_test.0 : [FAILED]
000000000 RUNTIME_ONLY neutral retire case=00256 pc=0x80008300 opcode=csrrw x0=0x80008300
000000001 RUNTIME_ONLY neutral retire case=00256 pc=0x80008304 opcode=xor x1=0x80008305
000000002 RUNTIME_ONLY neutral retire case=00256 pc=0x80008308 opcode=addi x2=0x8000830a
000000003 RUNTIME_ONLY neutral retire case=00256 pc=0x8000830c opcode=lw x3=0x8000830f
000000004 RUNTIME_ONLY neutral retire case=00256 pc=0x80008310 opcode=sw x4=0x80008314
000000005 RUNTIME_ONLY neutral retire case=00256 pc=0x80008314 opcode=beq x5=0x80008311
000000006 RUNTIME_ONLY neutral retire case=00256 pc=0x80008318 opcode=csrrw x6=0x8000831e
000000007 RUNTIME_ONLY neutral retire case=00256 pc=0x8000831c opcode=xor x7=0x8000831b
000000008 RUNTIME_ONLY neutral retire case=00256 pc=0x80008320 opcode=addi x8=0x80008328
000000009 RUNTIME_ONLY neutral retire case=00256 pc=0x80008324 opcode=lw x9=0x8000832d
000000010 RUNTIME_ONLY neutral retire case=00256 pc=0x80008328 opcode=sw x10=0x80008322
000000011 RUNTIME_ONLY neutral retire case=00256 pc=0x8000832c opcode=beq x11=0x80008327
000000012 RUNTIME_ONLY neutral retire case=00256 pc=0x80008330 opcode=csrrw x12=0x8000833c
000000013 RUNTIME_ONLY neutral retire case=00256 pc=0x80008334 opcode=xor x13=0x80008339
000000014 RUNTIME_ONLY neutral retire case=00256 pc=0x80008338 opcode=addi x14=0x80008336
000000015 RUNTIME_ONLY neutral retire case=00256 pc=0x8000833c opcode=lw x15=0x80008333
000000016 RUNTIME_ONLY neutral retire case=00256 pc=0x80008340 opcode=sw x16=0x80008350
000000017 RUNTIME_ONLY neutral retire case=00256 pc=0x80008344 opcode=beq x17=0x80008355
000000018 RUNTIME_ONLY neutral retire case=00256 pc=0x80008348 opcode=csrrw x18=0x8000835a
000000019 RUNTIME_ONLY neutral retire case=00256 pc=0x8000834c opcode=xor x19=0x8000835f
000000020 RUNTIME_ONLY neutral retire case=00256 pc=0x80008350 opcode=addi x20=0x80008344
000000021 RUNTIME_ONLY neutral retire case=00256 pc=0x80008354 opcode=lw x21=0x80008341
000000022 RUNTIME_ONLY neutral retire case=00256 pc=0x80008358 opcode=sw x22=0x8000834e
000000023 RUNTIME_ONLY neutral retire case=00256 pc=0x8000835c opcode=beq x23=0x8000834b
000000024 RUNTIME_ONLY neutral retire case=00256 pc=0x80008360 opcode=csrrw x24=0x80008378
000000025 RUNTIME_ONLY neutral retire case=00256 pc=0x80008364 opcode=xor x25=0x8000837d
000000026 RUNTIME_ONLY neutral retire case=00256 pc=0x80008368 opcode=addi x26=0x80008372
000000027 RUNTIME_ONLY neutral retire case=00256 pc=0x8000836c opcode=lw x27=0x80008377
000000028 RUNTIME_ONLY neutral retire case=00256 pc=0x80008370 opcode=sw x28=0x8000836c
000000029 RUNTIME_ONLY neutral retire case=00256 pc=0x80008374 opcode=beq x29=0x80008369
000000030 RUNTIME_ONLY neutral retire case=00256 pc=0x80008378 opcode=csrrw x30=0x80008366
000000031 RUNTIME_ONLY neutral retire case=00256 pc=0x8000837c opcode=xor x31=0x80008363
000000032 RUNTIME_ONLY neutral retire case=00256 pc=0x80008380 opcode=addi x0=0x800083a0
000000033 RUNTIME_ONLY neutral retire case=00256 pc=0x80008384 opcode=lw x1=0x800083a5
000000034 RUNTIME_ONLY neutral retire case=00256 pc=0x80008388 opcode=sw x2=0x800083aa
000000035 RUNTIME_ONLY neutral retire case=00256 pc=0x8000838c opcode=beq x3=0x800083af
000000036 RUNTIME_ONLY neutral retire case=00256 pc=0x80008390 opcode=csrrw x4=0x800083b4
000000037 RUNTIME_ONLY neutral retire case=00256 pc=0x80008394 opcode=xor x5=0x800083b1
000000038 RUNTIME_ONLY neutral retire case=00256 pc=0x80008398 opcode=addi x6=0x800083be
000000039 RUNTIME_ONLY neutral retire case=00256 pc=0x8000839c opcode=lw x7=0x800083bb
000000040 RUNTIME_ONLY neutral retire case=00256 pc=0x800083a0 opcode=sw x8=0x80008388
000000041 RUNTIME_ONLY neutral retire case=00256 pc=0x800083a4 opcode=beq x9=0x8000838d
000000042 RUNTIME_ONLY neutral retire case=00256 pc=0x800083a8 opcode=csrrw x10=0x80008382
000000043 RUNTIME_ONLY neutral retire case=00256 pc=0x800083ac opcode=xor x11=0x80008387
000000044 RUNTIME_ONLY neutral retire case=00256 pc=0x800083b0 opcode=addi x12=0x8000839c
000000045 RUNTIME_ONLY neutral retire case=00256 pc=0x800083b4 opcode=lw x13=0x80008399
000000046 RUNTIME_ONLY neutral retire case=00256 pc=0x800083b8 opcode=sw x14=0x80008396
000000047 RUNTIME_ONLY neutral retire case=00256 pc=0x800083bc opcode=beq x15=0x80008393
000000048 RUNTIME_ONLY neutral retire case=00256 pc=0x800083c0 opcode=csrrw x16=0x800083f0
000000049 RUNTIME_ONLY neutral retire case=00256 pc=0x800083c4 opcode=xor x17=0x800083f5
000000050 RUNTIME_ONLY neutral retire case=00256 pc=0x800083c8 opcode=addi x18=0x800083fa
000000051 RUNTIME_ONLY neutral retire case=00256 pc=0x800083cc opcode=lw x19=0x800083ff
000000052 RUNTIME_ONLY neutral retire case=00256 pc=0x800083d0 opcode=sw x20=0x800083e4
000000053 RUNTIME_ONLY neutral retire case=00256 pc=0x800083d4 opcode=beq x21=0x800083e1
000000054 RUNTIME_ONLY neutral retire case=00256 pc=0x800083d8 opcode=csrrw x22=0x800083ee
000000055 RUNTIME_ONLY neutral retire case=00256 pc=0x800083dc opcode=xor x23=0x800083eb
000000056 RUNTIME_ONLY neutral retire case=00256 pc=0x800083e0 opcode=addi x24=0x800083d8
000000057 RUNTIME_ONLY neutral retire case=00256 pc=0x800083e4 opcode=lw x25=0x800083dd
000000058 RUNTIME_ONLY neutral retire case=00256 pc=0x800083e8 opcode=sw x26=0x800083d2
000000059 RUNTIME_ONLY neutral retire case=00256 pc=0x800083ec opcode=beq x27=0x800083d7
000000060 RUNTIME_ONLY neutral retire case=00256 pc=0x800083f0 opcode=csrrw x28=0x800083cc
000000061 RUNTIME_ONLY neutral retire case=00256 pc=0x800083f4 opcode=xor x29=0x800083c9
000000062 RUNTIME_ONLY neutral retire case=00256 pc=0x800083f8 opcode=addi x30=0x800083c6
000000063 RUNTIME_ONLY neutral retire case=00256 pc=0x800083fc opcode=lw x31=0x800083c3
000000064 RUNTIME_ONLY neutral retire case=00256 pc=0x80008400 opcode=sw x0=0x80008440
000000065 RUNTIME_ONLY neutral retire case=00256 pc=0x80008404 opcode=beq x1=0x80008445
000000066 RUNTIME_ONLY neutral retire case=00256 pc=0x80008408 opcode=csrrw x2=0x8000844a
000000067 RUNTIME_ONLY neutral retire case=00256 pc=0x8000840c opcode=xor x3=0x8000844f
000000068 RUNTIME_ONLY neutral retire case=00256 pc=0x80008410 opcode=addi x4=0x80008454
000000069 RUNTIME_ONLY neutral retire case=00256 pc=0x80008414 opcode=lw x5=0x80008451
000000070 RUNTIME_ONLY neutral retire case=00256 pc=0x80008418 opcode=sw x6=0x8000845e
000000071 RUNTIME_ONLY neutral retire case=00256 pc=0x8000841c opcode=beq x7=0x8000845b
000000072 RUNTIME_ONLY neutral retire case=00256 pc=0x80008420 opcode=csrrw x8=0x80008468
000000073 RUNTIME_ONLY neutral retire case=00256 pc=0x80008424 opcode=xor x9=0x8000846d
000000074 RUNTIME_ONLY neutral retire case=00256 pc=0x80008428 opcode=addi x10=0x80008462
