UVM_FATAL /runtime_only_unique_aagi.sv(1) @ 1: runtime_only_unique_failure_aagi normalization resistant timing marker
RUNTIME_ONLY_CASE=191 SOURCE_A=benchmark_set_2:24
Mismatch[1]:
ibex[727] : pc[80000b98] remu x28,x20,x30: t3:00000fff
RUNTIME_ONLY_COMBINE SOURCE_B=benchmark_set_2:2
riscv_csr_test.0 : [FAILED]
000000000 RUNTIME_ONLY neutral retire case=00191 pc=0x800061bc opcode=xor x31=0x800061bc
000000001 RUNTIME_ONLY neutral retire case=00191 pc=0x800061c0 opcode=addi x0=0x800061c1
000000002 RUNTIME_ONLY neutral retire case=00191 pc=0x800061c4 opcode=lw x1=0x800061c6
000000003 RUNTIME_ONLY neutral retire case=00191 pc=0x800061c8 opcode=sw x2=0x800061cb
000000004 RUNTIME_ONLY neutral retire case=00191 pc=0x800061cc opcode=beq x3=0x800061c8
000000005 RUNTIME_ONLY neutral retire case=00191 pc=0x800061d0 opcode=csrrw x4=0x800061d5
000000006 RUNTIME_ONLY neutral retire case=00191 pc=0x800061d4 opcode=xor x5=0x800061d2
000000007 RUNTIME_ONLY neutral retire case=00191 pc=0x800061d8 opcode=addi x6=0x800061df
000000008 RUNTIME_ONLY neutral retire case=00191 pc=0x800061dc opcode=lw x7=0x800061d4
000000009 RUNTIME_ONLY neutral retire case=00191 pc=0x800061e0 opcode=sw x8=0x800061e9
000000010 RUNTIME_ONLY neutral retire case=00191 pc=0x800061e4 opcode=beq x9=0x800061ee
000000011 RUNTIME_ONLY neutral retire case=00191 pc=0x800061e8 opcode=csrrw x10=0x800061e3
000000012 RUNTIME_ONLY neutral retire case=00191 pc=0x800061ec opcode=xor x11=0x800061e0
000000013 RUNTIME_ONLY neutral retire case=00191 pc=0x800061f0 opcode=addi x12=0x800061fd
000000014 RUNTIME_ONLY neutral retire case=00191 pc=0x800061f4 opcode=lw x13=0x800061fa
000000015 RUNTIME_ONLY neutral retire case=00191 pc=0x800061f8 opcode=sw x14=0x800061f7
