UVM_FATAL /runtime_only_unique_aaar.sv(1) @ 1: runtime_only_unique_failure_aaar normalization resistant timing marker
RUNTIME_ONLY_CASE=18 SOURCE_A=benchmark_set_2:11
Mismatch[1]:
ibex[186] : pc[800002c4] rem x30,x5,x4: t5:8001de1c
RUNTIME_ONLY_COMBINE SOURCE_B=benchmark_set_2:4
riscv_single_interrupt_test.0 : [FAILED]
000000000 RUNTIME_ONLY neutral retire case=00018 pc=0x80000934 opcode=addi x18=0x80000934
000000001 RUNTIME_ONLY neutral retire case=00018 pc=0x80000938 opcode=lw x19=0x80000939
000000002 RUNTIME_ONLY neutral retire case=00018 pc=0x8000093c opcode=sw x20=0x8000093e
000000003 RUNTIME_ONLY neutral retire case=00018 pc=0x80000940 opcode=beq x21=0x80000943
000000004 RUNTIME_ONLY neutral retire case=00018 pc=0x80000944 opcode=csrrw x22=0x80000940
000000005 RUNTIME_ONLY neutral retire case=00018 pc=0x80000948 opcode=xor x23=0x8000094d
000000006 RUNTIME_ONLY neutral retire case=00018 pc=0x8000094c opcode=addi x24=0x8000094a
000000007 RUNTIME_ONLY neutral retire case=00018 pc=0x80000950 opcode=lw x25=0x80000957
000000008 RUNTIME_ONLY neutral retire case=00018 pc=0x80000954 opcode=sw x26=0x8000095c
000000009 RUNTIME_ONLY neutral retire case=00018 pc=0x80000958 opcode=beq x27=0x80000951
000000010 RUNTIME_ONLY neutral retire case=00018 pc=0x8000095c opcode=csrrw x28=0x80000956
000000011 RUNTIME_ONLY neutral retire case=00018 pc=0x80000960 opcode=xor x29=0x8000096b
000000012 RUNTIME_ONLY neutral retire case=00018 pc=0x80000964 opcode=addi x30=0x80000968
000000013 RUNTIME_ONLY neutral retire case=00018 pc=0x80000968 opcode=lw x31=0x80000965
000000014 RUNTIME_ONLY neutral retire case=00018 pc=0x8000096c opcode=sw x0=0x80000962
000000015 RUNTIME_ONLY neutral retire case=00018 pc=0x80000970 opcode=beq x1=0x8000097f
000000016 RUNTIME_ONLY neutral retire case=00018 pc=0x80000974 opcode=csrrw x2=0x80000964
000000017 RUNTIME_ONLY neutral retire case=00018 pc=0x80000978 opcode=xor x3=0x80000969
000000018 RUNTIME_ONLY neutral retire case=00018 pc=0x8000097c opcode=addi x4=0x8000096e
000000019 RUNTIME_ONLY neutral retire case=00018 pc=0x80000980 opcode=lw x5=0x80000993
000000020 RUNTIME_ONLY neutral retire case=00018 pc=0x80000984 opcode=sw x6=0x80000990
000000021 RUNTIME_ONLY neutral retire case=00018 pc=0x80000988 opcode=beq x7=0x8000099d
000000022 RUNTIME_ONLY neutral retire case=00018 pc=0x8000098c opcode=csrrw x8=0x8000099a
000000023 RUNTIME_ONLY neutral retire case=00018 pc=0x80000990 opcode=xor x9=0x80000987
000000024 RUNTIME_ONLY neutral retire case=00018 pc=0x80000994 opcode=addi x10=0x8000098c
000000025 RUNTIME_ONLY neutral retire case=00018 pc=0x80000998 opcode=lw x11=0x80000981
000000026 RUNTIME_ONLY neutral retire case=00018 pc=0x8000099c opcode=sw x12=0x80000986
000000027 RUNTIME_ONLY neutral retire case=00018 pc=0x800009a0 opcode=beq x13=0x800009bb
000000028 RUNTIME_ONLY neutral retire case=00018 pc=0x800009a4 opcode=csrrw x14=0x800009b8
000000029 RUNTIME_ONLY neutral retire case=00018 pc=0x800009a8 opcode=xor x15=0x800009b5
000000030 RUNTIME_ONLY neutral retire case=00018 pc=0x800009ac opcode=addi x16=0x800009b2
000000031 RUNTIME_ONLY neutral retire case=00018 pc=0x800009b0 opcode=lw x17=0x800009af
000000032 RUNTIME_ONLY neutral retire case=00018 pc=0x800009b4 opcode=sw x18=0x80000994
000000033 RUNTIME_ONLY neutral retire case=00018 pc=0x800009b8 opcode=beq x19=0x80000999
000000034 RUNTIME_ONLY neutral retire case=00018 pc=0x800009bc opcode=csrrw x20=0x8000099e
000000035 RUNTIME_ONLY neutral retire case=00018 pc=0x800009c0 opcode=xor x21=0x800009e3
000000036 RUNTIME_ONLY neutral retire case=00018 pc=0x800009c4 opcode=addi x22=0x800009e0
000000037 RUNTIME_ONLY neutral retire case=00018 pc=0x800009c8 opcode=lw x23=0x800009ed
000000038 RUNTIME_ONLY neutral retire case=00018 pc=0x800009cc opcode=sw x24=0x800009ea
000000039 RUNTIME_ONLY neutral retire case=00018 pc=0x800009d0 opcode=beq x25=0x800009f7
000000040 RUNTIME_ONLY neutral retire case=00018 pc=0x800009d4 opcode=csrrw x26=0x800009fc
000000041 RUNTIME_ONLY neutral retire case=00018 pc=0x800009d8 opcode=xor x27=0x800009f1
000000042 RUNTIME_ONLY neutral retire case=00018 pc=0x800009dc opcode=addi x28=0x800009f6
000000043 RUNTIME_ONLY neutral retire case=00018 pc=0x800009e0 opcode=lw x29=0x800009cb
000000044 RUNTIME_ONLY neutral retire case=00018 pc=0x800009e4 opcode=sw x30=0x800009c8
000000045 RUNTIME_ONLY neutral retire case=00018 pc=0x800009e8 opcode=beq x31=0x800009c5
000000046 RUNTIME_ONLY neutral retire case=00018 pc=0x800009ec opcode=csrrw x0=0x800009c2
000000047 RUNTIME_ONLY neutral retire case=00018 pc=0x800009f0 opcode=xor x1=0x800009df
000000048 RUNTIME_ONLY neutral retire case=00018 pc=0x800009f4 opcode=addi x2=0x800009c4
000000049 RUNTIME_ONLY neutral retire case=00018 pc=0x800009f8 opcode=lw x3=0x800009c9
000000050 RUNTIME_ONLY neutral retire case=00018 pc=0x800009fc opcode=sw x4=0x800009ce
000000051 RUNTIME_ONLY neutral retire case=00018 pc=0x80000a00 opcode=beq x5=0x80000a33
000000052 RUNTIME_ONLY neutral retire case=00018 pc=0x80000a04 opcode=csrrw x6=0x80000a30
000000053 RUNTIME_ONLY neutral retire case=00018 pc=0x80000a08 opcode=xor x7=0x80000a3d
000000054 RUNTIME_ONLY neutral retire case=00018 pc=0x80000a0c opcode=addi x8=0x80000a3a
000000055 RUNTIME_ONLY neutral retire case=00018 pc=0x80000a10 opcode=lw x9=0x80000a27
000000056 RUNTIME_ONLY neutral retire case=00018 pc=0x80000a14 opcode=sw x10=0x80000a2c
000000057 RUNTIME_ONLY neutral retire case=00018 pc=0x80000a18 opcode=beq x11=0x80000a21
000000058 RUNTIME_ONLY neutral retire case=00018 pc=0x80000a1c opcode=csrrw x12=0x80000a26
000000059 RUNTIME_ONLY neutral retire case=00018 pc=0x80000a20 opcode=xor x13=0x80000a1b
000000060 RUNTIME_ONLY neutral retire case=00018 pc=0x80000a24 opcode=addi x14=0x80000a18
000000061 RUNTIME_ONLY neutral retire case=00018 pc=0x80000a28 opcode=lw x15=0x80000a15
000000062 RUNTIME_ONLY neutral retire case=00018 pc=0x80000a2c opcode=sw x16=0x80000a12
000000063 RUNTIME_ONLY neutral retire case=00018 pc=0x80000a30 opcode=beq x17=0x80000a0f
000000064 RUNTIME_ONLY neutral retire case=00018 pc=0x80000a34 opcode=csrrw x18=0x80000a74
000000065 RUNTIME_ONLY neutral retire case=00018 pc=0x80000a38 opcode=xor x19=0x80000a79
000000066 RUNTIME_ONLY neutral retire case=00018 pc=0x80000a3c opcode=addi x20=0x80000a7e
000000067 RUNTIME_ONLY neutral retire case=00018 pc=0x80000a40 opcode=lw x21=0x80000a03
000000068 RUNTIME_ONLY neutral retire case=00018 pc=0x80000a44 opcode=sw x22=0x80000a00
000000069 RUNTIME_ONLY neutral retire case=00018 pc=0x80000a48 opcode=beq x23=0x80000a0d
000000070 RUNTIME_ONLY neutral retire case=00018 pc=0x80000a4c opcode=csrrw x24=0x80000a0a
000000071 RUNTIME_ONLY neutral retire case=00018 pc=0x80000a50 opcode=xor x25=0x80000a17
000000072 RUNTIME_ONLY neutral retire case=00018 pc=0x80000a54 opcode=addi x26=0x80000a1c
000000073 RUNTIME_ONLY neutral retire case=00018 pc=0x80000a58 opcode=lw x27=0x80000a11
