UVM_FATAL /runtime_only_unique_aake.sv(1) @ 1: runtime_only_unique_failure_aake normalization resistant timing marker
RUNTIME_ONLY_CASE=291 SOURCE_A=benchmark_set_1:3
riscv_multiple_interrupt_test.0 : [FAILED]
RUNTIME_ONLY_COMBINE SOURCE_B=benchmark_set_1:5
riscv_single_interrupt_test.0 : [FAILED]
000000000 RUNTIME_ONLY neutral retire case=00291 pc=0x800094e8 opcode=beq x3=0x800094e8
000000001 RUNTIME_ONLY neutral retire case=00291 pc=0x800094ec opcode=csrrw x4=0x800094ed
000000002 RUNTIME_ONLY neutral retire case=00291 pc=0x800094f0 opcode=xor x5=0x800094f2
000000003 RUNTIME_ONLY neutral retire case=00291 pc=0x800094f4 opcode=addi x6=0x800094f7
000000004 RUNTIME_ONLY neutral retire case=00291 pc=0x800094f8 opcode=lw x7=0x800094fc
000000005 RUNTIME_ONLY neutral retire case=00291 pc=0x800094fc opcode=sw x8=0x800094f9
000000006 RUNTIME_ONLY neutral retire case=00291 pc=0x80009500 opcode=beq x9=0x80009506
000000007 RUNTIME_ONLY neutral retire case=00291 pc=0x80009504 opcode=csrrw x10=0x80009503
000000008 RUNTIME_ONLY neutral retire case=00291 pc=0x80009508 opcode=xor x11=0x80009500
000000009 RUNTIME_ONLY neutral retire case=00291 pc=0x8000950c opcode=addi x12=0x80009505
000000010 RUNTIME_ONLY neutral retire case=00291 pc=0x80009510 opcode=lw x13=0x8000951a
000000011 RUNTIME_ONLY neutral retire case=00291 pc=0x80009514 opcode=sw x14=0x8000951f
000000012 RUNTIME_ONLY neutral retire case=00291 pc=0x80009518 opcode=beq x15=0x80009514
000000013 RUNTIME_ONLY neutral retire case=00291 pc=0x8000951c opcode=csrrw x16=0x80009511
000000014 RUNTIME_ONLY neutral retire case=00291 pc=0x80009520 opcode=xor x17=0x8000952e
