UVM_FATAL /runtime_only_unique_aaib.sv(1) @ 1: runtime_only_unique_failure_aaib normalization resistant timing marker
RUNTIME_ONLY_CASE=236 SOURCE_A=benchmark_set_2:5
Mismatch[1]:
ibex[937] : pc[80000c7e] srai x21,x28,0x1: s5:ffffff32
RUNTIME_ONLY_COMBINE SOURCE_B=benchmark_set_1:1
riscv_interrupt_csr_test.0 : [FAILED]
000000000 RUNTIME_ONLY neutral retire case=00236 pc=0x800078c4 opcode=sw x12=0x800078c4
000000001 RUNTIME_ONLY neutral retire case=00236 pc=0x800078c8 opcode=beq x13=0x800078c9
000000002 RUNTIME_ONLY neutral retire case=00236 pc=0x800078cc opcode=csrrw x14=0x800078ce
000000003 RUNTIME_ONLY neutral retire case=00236 pc=0x800078d0 opcode=xor x15=0x800078d3
000000004 RUNTIME_ONLY neutral retire case=00236 pc=0x800078d4 opcode=addi x16=0x800078d0
000000005 RUNTIME_ONLY neutral retire case=00236 pc=0x800078d8 opcode=lw x17=0x800078dd
000000006 RUNTIME_ONLY neutral retire case=00236 pc=0x800078dc opcode=sw x18=0x800078da
000000007 RUNTIME_ONLY neutral retire case=00236 pc=0x800078e0 opcode=beq x19=0x800078e7
000000008 RUNTIME_ONLY neutral retire case=00236 pc=0x800078e4 opcode=csrrw x20=0x800078ec
000000009 RUNTIME_ONLY neutral retire case=00236 pc=0x800078e8 opcode=xor x21=0x800078e1
000000010 RUNTIME_ONLY neutral retire case=00236 pc=0x800078ec opcode=addi x22=0x800078e6
000000011 RUNTIME_ONLY neutral retire case=00236 pc=0x800078f0 opcode=lw x23=0x800078fb
000000012 RUNTIME_ONLY neutral retire case=00236 pc=0x800078f4 opcode=sw x24=0x800078f8
000000013 RUNTIME_ONLY neutral retire case=00236 pc=0x800078f8 opcode=beq x25=0x800078f5
000000014 RUNTIME_ONLY neutral retire case=00236 pc=0x800078fc opcode=csrrw x26=0x800078f2
000000015 RUNTIME_ONLY neutral retire case=00236 pc=0x80007900 opcode=xor x27=0x8000790f
000000016 RUNTIME_ONLY neutral retire case=00236 pc=0x80007904 opcode=addi x28=0x80007914
000000017 RUNTIME_ONLY neutral retire case=00236 pc=0x80007908 opcode=lw x29=0x80007919
000000018 RUNTIME_ONLY neutral retire case=00236 pc=0x8000790c opcode=sw x30=0x8000791e
000000019 RUNTIME_ONLY neutral retire case=00236 pc=0x80007910 opcode=beq x31=0x80007903
000000020 RUNTIME_ONLY neutral retire case=00236 pc=0x80007914 opcode=csrrw x0=0x80007900
000000021 RUNTIME_ONLY neutral retire case=00236 pc=0x80007918 opcode=xor x1=0x8000790d
000000022 RUNTIME_ONLY neutral retire case=00236 pc=0x8000791c opcode=addi x2=0x8000790a
000000023 RUNTIME_ONLY neutral retire case=00236 pc=0x80007920 opcode=lw x3=0x80007937
000000024 RUNTIME_ONLY neutral retire case=00236 pc=0x80007924 opcode=sw x4=0x8000793c
000000025 RUNTIME_ONLY neutral retire case=00236 pc=0x80007928 opcode=beq x5=0x80007931
000000026 RUNTIME_ONLY neutral retire case=00236 pc=0x8000792c opcode=csrrw x6=0x80007936
000000027 RUNTIME_ONLY neutral retire case=00236 pc=0x80007930 opcode=xor x7=0x8000792b
000000028 RUNTIME_ONLY neutral retire case=00236 pc=0x80007934 opcode=addi x8=0x80007928
000000029 RUNTIME_ONLY neutral retire case=00236 pc=0x80007938 opcode=lw x9=0x80007925
000000030 RUNTIME_ONLY neutral retire case=00236 pc=0x8000793c opcode=sw x10=0x80007922
000000031 RUNTIME_ONLY neutral retire case=00236 pc=0x80007940 opcode=beq x11=0x8000795f
000000032 RUNTIME_ONLY neutral retire case=00236 pc=0x80007944 opcode=csrrw x12=0x80007964
000000033 RUNTIME_ONLY neutral retire case=00236 pc=0x80007948 opcode=xor x13=0x80007969
000000034 RUNTIME_ONLY neutral retire case=00236 pc=0x8000794c opcode=addi x14=0x8000796e
000000035 RUNTIME_ONLY neutral retire case=00236 pc=0x80007950 opcode=lw x15=0x80007973
000000036 RUNTIME_ONLY neutral retire case=00236 pc=0x80007954 opcode=sw x16=0x80007970
000000037 RUNTIME_ONLY neutral retire case=00236 pc=0x80007958 opcode=beq x17=0x8000797d
000000038 RUNTIME_ONLY neutral retire case=00236 pc=0x8000795c opcode=csrrw x18=0x8000797a
000000039 RUNTIME_ONLY neutral retire case=00236 pc=0x80007960 opcode=xor x19=0x80007947
000000040 RUNTIME_ONLY neutral retire case=00236 pc=0x80007964 opcode=addi x20=0x8000794c
000000041 RUNTIME_ONLY neutral retire case=00236 pc=0x80007968 opcode=lw x21=0x80007941
000000042 RUNTIME_ONLY neutral retire case=00236 pc=0x8000796c opcode=sw x22=0x80007946
000000043 RUNTIME_ONLY neutral retire case=00236 pc=0x80007970 opcode=beq x23=0x8000795b
000000044 RUNTIME_ONLY neutral retire case=00236 pc=0x80007974 opcode=csrrw x24=0x80007958
000000045 RUNTIME_ONLY neutral retire case=00236 pc=0x80007978 opcode=xor x25=0x80007955
000000046 RUNTIME_ONLY neutral retire case=00236 pc=0x8000797c opcode=addi x26=0x80007952
000000047 RUNTIME_ONLY neutral retire case=00236 pc=0x80007980 opcode=lw x27=0x800079af
000000048 RUNTIME_ONLY neutral retire case=00236 pc=0x80007984 opcode=sw x28=0x800079b4
000000049 RUNTIME_ONLY neutral retire case=00236 pc=0x80007988 opcode=beq x29=0x800079b9
000000050 RUNTIME_ONLY neutral retire case=00236 pc=0x8000798c opcode=csrrw x30=0x800079be
000000051 RUNTIME_ONLY neutral retire case=00236 pc=0x80007990 opcode=xor x31=0x800079a3
000000052 RUNTIME_ONLY neutral retire case=00236 pc=0x80007994 opcode=addi x0=0x800079a0
000000053 RUNTIME_ONLY neutral retire case=00236 pc=0x80007998 opcode=lw x1=0x800079ad
000000054 RUNTIME_ONLY neutral retire case=00236 pc=0x8000799c opcode=sw x2=0x800079aa
000000055 RUNTIME_ONLY neutral retire case=00236 pc=0x800079a0 opcode=beq x3=0x80007997
000000056 RUNTIME_ONLY neutral retire case=00236 pc=0x800079a4 opcode=csrrw x4=0x8000799c
000000057 RUNTIME_ONLY neutral retire case=00236 pc=0x800079a8 opcode=xor x5=0x80007991
000000058 RUNTIME_ONLY neutral retire case=00236 pc=0x800079ac opcode=addi x6=0x80007996
000000059 RUNTIME_ONLY neutral retire case=00236 pc=0x800079b0 opcode=lw x7=0x8000798b
000000060 RUNTIME_ONLY neutral retire case=00236 pc=0x800079b4 opcode=sw x8=0x80007988
000000061 RUNTIME_ONLY neutral retire case=00236 pc=0x800079b8 opcode=beq x9=0x80007985
000000062 RUNTIME_ONLY neutral retire case=00236 pc=0x800079bc opcode=csrrw x10=0x80007982
000000063 RUNTIME_ONLY neutral retire case=00236 pc=0x800079c0 opcode=xor x11=0x800079ff
000000064 RUNTIME_ONLY neutral retire case=00236 pc=0x800079c4 opcode=addi x12=0x80007984
000000065 RUNTIME_ONLY neutral retire case=00236 pc=0x800079c8 opcode=lw x13=0x80007989
000000066 RUNTIME_ONLY neutral retire case=00236 pc=0x800079cc opcode=sw x14=0x8000798e
000000067 RUNTIME_ONLY neutral retire case=00236 pc=0x800079d0 opcode=beq x15=0x80007993
000000068 RUNTIME_ONLY neutral retire case=00236 pc=0x800079d4 opcode=csrrw x16=0x80007990
000000069 RUNTIME_ONLY neutral retire case=00236 pc=0x800079d8 opcode=xor x17=0x8000799d
000000070 RUNTIME_ONLY neutral retire case=00236 pc=0x800079dc opcode=addi x18=0x8000799a
000000071 RUNTIME_ONLY neutral retire case=00236 pc=0x800079e0 opcode=lw x19=0x800079a7
000000072 RUNTIME_ONLY neutral retire case=00236 pc=0x800079e4 opcode=sw x20=0x800079ac
000000073 RUNTIME_ONLY neutral retire case=00236 pc=0x800079e8 opcode=beq x21=0x800079a1
