UVM_FATAL /runtime_only_unique_aajr.sv(1) @ 1: runtime_only_unique_failure_aajr normalization resistant timing marker
RUNTIME_ONLY_CASE=278 SOURCE_A=benchmark_set_2:15
Mismatch[1]:
ibex[425] : pc[80001b38] mulhsu x30,x6,x11: t5:00000000
RUNTIME_ONLY_COMBINE SOURCE_B=benchmark_set_1:7
riscv_csr_test.0 : [FAILED]
000000000 RUNTIME_ONLY neutral retire case=00278 pc=0x80008e40 opcode=sw x22=0x80008e40
000000001 RUNTIME_ONLY neutral retire case=00278 pc=0x80008e44 opcode=beq x23=0x80008e45
000000002 RUNTIME_ONLY neutral retire case=00278 pc=0x80008e48 opcode=csrrw x24=0x80008e4a
000000003 RUNTIME_ONLY neutral retire case=00278 pc=0x80008e4c opcode=xor x25=0x80008e4f
000000004 RUNTIME_ONLY neutral retire case=00278 pc=0x80008e50 opcode=addi x26=0x80008e54
000000005 RUNTIME_ONLY neutral retire case=00278 pc=0x80008e54 opcode=lw x27=0x80008e51
000000006 RUNTIME_ONLY neutral retire case=00278 pc=0x80008e58 opcode=sw x28=0x80008e5e
000000007 RUNTIME_ONLY neutral retire case=00278 pc=0x80008e5c opcode=beq x29=0x80008e5b
000000008 RUNTIME_ONLY neutral retire case=00278 pc=0x80008e60 opcode=csrrw x30=0x80008e68
000000009 RUNTIME_ONLY neutral retire case=00278 pc=0x80008e64 opcode=xor x31=0x80008e6d
000000010 RUNTIME_ONLY neutral retire case=00278 pc=0x80008e68 opcode=addi x0=0x80008e62
000000011 RUNTIME_ONLY neutral retire case=00278 pc=0x80008e6c opcode=lw x1=0x80008e67
000000012 RUNTIME_ONLY neutral retire case=00278 pc=0x80008e70 opcode=sw x2=0x80008e7c
000000013 RUNTIME_ONLY neutral retire case=00278 pc=0x80008e74 opcode=beq x3=0x80008e79
000000014 RUNTIME_ONLY neutral retire case=00278 pc=0x80008e78 opcode=csrrw x4=0x80008e76
000000015 RUNTIME_ONLY neutral retire case=00278 pc=0x80008e7c opcode=xor x5=0x80008e73
000000016 RUNTIME_ONLY neutral retire case=00278 pc=0x80008e80 opcode=addi x6=0x80008e90
000000017 RUNTIME_ONLY neutral retire case=00278 pc=0x80008e84 opcode=lw x7=0x80008e95
000000018 RUNTIME_ONLY neutral retire case=00278 pc=0x80008e88 opcode=sw x8=0x80008e9a
000000019 RUNTIME_ONLY neutral retire case=00278 pc=0x80008e8c opcode=beq x9=0x80008e9f
000000020 RUNTIME_ONLY neutral retire case=00278 pc=0x80008e90 opcode=csrrw x10=0x80008e84
000000021 RUNTIME_ONLY neutral retire case=00278 pc=0x80008e94 opcode=xor x11=0x80008e81
000000022 RUNTIME_ONLY neutral retire case=00278 pc=0x80008e98 opcode=addi x12=0x80008e8e
000000023 RUNTIME_ONLY neutral retire case=00278 pc=0x80008e9c opcode=lw x13=0x80008e8b
000000024 RUNTIME_ONLY neutral retire case=00278 pc=0x80008ea0 opcode=sw x14=0x80008eb8
000000025 RUNTIME_ONLY neutral retire case=00278 pc=0x80008ea4 opcode=beq x15=0x80008ebd
000000026 RUNTIME_ONLY neutral retire case=00278 pc=0x80008ea8 opcode=csrrw x16=0x80008eb2
000000027 RUNTIME_ONLY neutral retire case=00278 pc=0x80008eac opcode=xor x17=0x80008eb7
000000028 RUNTIME_ONLY neutral retire case=00278 pc=0x80008eb0 opcode=addi x18=0x80008eac
000000029 RUNTIME_ONLY neutral retire case=00278 pc=0x80008eb4 opcode=lw x19=0x80008ea9
000000030 RUNTIME_ONLY neutral retire case=00278 pc=0x80008eb8 opcode=sw x20=0x80008ea6
000000031 RUNTIME_ONLY neutral retire case=00278 pc=0x80008ebc opcode=beq x21=0x80008ea3
000000032 RUNTIME_ONLY neutral retire case=00278 pc=0x80008ec0 opcode=csrrw x22=0x80008ee0
000000033 RUNTIME_ONLY neutral retire case=00278 pc=0x80008ec4 opcode=xor x23=0x80008ee5
000000034 RUNTIME_ONLY neutral retire case=00278 pc=0x80008ec8 opcode=addi x24=0x80008eea
000000035 RUNTIME_ONLY neutral retire case=00278 pc=0x80008ecc opcode=lw x25=0x80008eef
000000036 RUNTIME_ONLY neutral retire case=00278 pc=0x80008ed0 opcode=sw x26=0x80008ef4
000000037 RUNTIME_ONLY neutral retire case=00278 pc=0x80008ed4 opcode=beq x27=0x80008ef1
000000038 RUNTIME_ONLY neutral retire case=00278 pc=0x80008ed8 opcode=csrrw x28=0x80008efe
000000039 RUNTIME_ONLY neutral retire case=00278 pc=0x80008edc opcode=xor x29=0x80008efb
000000040 RUNTIME_ONLY neutral retire case=00278 pc=0x80008ee0 opcode=addi x30=0x80008ec8
000000041 RUNTIME_ONLY neutral retire case=00278 pc=0x80008ee4 opcode=lw x31=0x80008ecd
000000042 RUNTIME_ONLY neutral retire case=00278 pc=0x80008ee8 opcode=sw x0=0x80008ec2
000000043 RUNTIME_ONLY neutral retire case=00278 pc=0x80008eec opcode=beq x1=0x80008ec7
000000044 RUNTIME_ONLY neutral retire case=00278 pc=0x80008ef0 opcode=csrrw x2=0x80008edc
000000045 RUNTIME_ONLY neutral retire case=00278 pc=0x80008ef4 opcode=xor x3=0x80008ed9
000000046 RUNTIME_ONLY neutral retire case=00278 pc=0x80008ef8 opcode=addi x4=0x80008ed6
000000047 RUNTIME_ONLY neutral retire case=00278 pc=0x80008efc opcode=lw x5=0x80008ed3
000000048 RUNTIME_ONLY neutral retire case=00278 pc=0x80008f00 opcode=sw x6=0x80008f30
000000049 RUNTIME_ONLY neutral retire case=00278 pc=0x80008f04 opcode=beq x7=0x80008f35
000000050 RUNTIME_ONLY neutral retire case=00278 pc=0x80008f08 opcode=csrrw x8=0x80008f3a
000000051 RUNTIME_ONLY neutral retire case=00278 pc=0x80008f0c opcode=xor x9=0x80008f3f
000000052 RUNTIME_ONLY neutral retire case=00278 pc=0x80008f10 opcode=addi x10=0x80008f24
000000053 RUNTIME_ONLY neutral retire case=00278 pc=0x80008f14 opcode=lw x11=0x80008f21
000000054 RUNTIME_ONLY neutral retire case=00278 pc=0x80008f18 opcode=sw x12=0x80008f2e
000000055 RUNTIME_ONLY neutral retire case=00278 pc=0x80008f1c opcode=beq x13=0x80008f2b
000000056 RUNTIME_ONLY neutral retire case=00278 pc=0x80008f20 opcode=csrrw x14=0x80008f18
000000057 RUNTIME_ONLY neutral retire case=00278 pc=0x80008f24 opcode=xor x15=0x80008f1d
000000058 RUNTIME_ONLY neutral retire case=00278 pc=0x80008f28 opcode=addi x16=0x80008f12
000000059 RUNTIME_ONLY neutral retire case=00278 pc=0x80008f2c opcode=lw x17=0x80008f17
000000060 RUNTIME_ONLY neutral retire case=00278 pc=0x80008f30 opcode=sw x18=0x80008f0c
000000061 RUNTIME_ONLY neutral retire case=00278 pc=0x80008f34 opcode=beq x19=0x80008f09
000000062 RUNTIME_ONLY neutral retire case=00278 pc=0x80008f38 opcode=csrrw x20=0x80008f06
000000063 RUNTIME_ONLY neutral retire case=00278 pc=0x80008f3c opcode=xor x21=0x80008f03
000000064 RUNTIME_ONLY neutral retire case=00278 pc=0x80008f40 opcode=addi x22=0x80008f00
000000065 RUNTIME_ONLY neutral retire case=00278 pc=0x80008f44 opcode=lw x23=0x80008f05
000000066 RUNTIME_ONLY neutral retire case=00278 pc=0x80008f48 opcode=sw x24=0x80008f0a
000000067 RUNTIME_ONLY neutral retire case=00278 pc=0x80008f4c opcode=beq x25=0x80008f0f
000000068 RUNTIME_ONLY neutral retire case=00278 pc=0x80008f50 opcode=csrrw x26=0x80008f14
000000069 RUNTIME_ONLY neutral retire case=00278 pc=0x80008f54 opcode=xor x27=0x80008f11
000000070 RUNTIME_ONLY neutral retire case=00278 pc=0x80008f58 opcode=addi x28=0x80008f1e
000000071 RUNTIME_ONLY neutral retire case=00278 pc=0x80008f5c opcode=lw x29=0x80008f1b
000000072 RUNTIME_ONLY neutral retire case=00278 pc=0x80008f60 opcode=sw x30=0x80008f28
000000073 RUNTIME_ONLY neutral retire case=00278 pc=0x80008f64 opcode=beq x31=0x80008f2d
