UVM_FATAL /runtime_only_unique_aafd.sv(1) @ 1: runtime_only_unique_failure_aafd normalization resistant timing marker
RUNTIME_ONLY_CASE=160 SOURCE_A=benchmark_set_2:25
Mismatch[1]:
ibex[11266] : pc[80011bf6] c.li x7,-1: t2:ffffffff
RUNTIME_ONLY_COMBINE SOURCE_B=benchmark_set_2:6
riscv_single_interrupt_test.0 : [FAILED]
000000000 RUNTIME_ONLY neutral retire case=00160 pc=0x800051e0 opcode=csrrw x0=0x800051e0
000000001 RUNTIME_ONLY neutral retire case=00160 pc=0x800051e4 opcode=xor x1=0x800051e5
000000002 RUNTIME_ONLY neutral retire case=00160 pc=0x800051e8 opcode=addi x2=0x800051ea
000000003 RUNTIME_ONLY neutral retire case=00160 pc=0x800051ec opcode=lw x3=0x800051ef
000000004 RUNTIME_ONLY neutral retire case=00160 pc=0x800051f0 opcode=sw x4=0x800051f4
000000005 RUNTIME_ONLY neutral retire case=00160 pc=0x800051f4 opcode=beq x5=0x800051f1
000000006 RUNTIME_ONLY neutral retire case=00160 pc=0x800051f8 opcode=csrrw x6=0x800051fe
000000007 RUNTIME_ONLY neutral retire case=00160 pc=0x800051fc opcode=xor x7=0x800051fb
000000008 RUNTIME_ONLY neutral retire case=00160 pc=0x80005200 opcode=addi x8=0x80005208
000000009 RUNTIME_ONLY neutral retire case=00160 pc=0x80005204 opcode=lw x9=0x8000520d
000000010 RUNTIME_ONLY neutral retire case=00160 pc=0x80005208 opcode=sw x10=0x80005202
000000011 RUNTIME_ONLY neutral retire case=00160 pc=0x8000520c opcode=beq x11=0x80005207
000000012 RUNTIME_ONLY neutral retire case=00160 pc=0x80005210 opcode=csrrw x12=0x8000521c
000000013 RUNTIME_ONLY neutral retire case=00160 pc=0x80005214 opcode=xor x13=0x80005219
000000014 RUNTIME_ONLY neutral retire case=00160 pc=0x80005218 opcode=addi x14=0x80005216
000000015 RUNTIME_ONLY neutral retire case=00160 pc=0x8000521c opcode=lw x15=0x80005213
000000016 RUNTIME_ONLY neutral retire case=00160 pc=0x80005220 opcode=sw x16=0x80005230
000000017 RUNTIME_ONLY neutral retire case=00160 pc=0x80005224 opcode=beq x17=0x80005235
000000018 RUNTIME_ONLY neutral retire case=00160 pc=0x80005228 opcode=csrrw x18=0x8000523a
000000019 RUNTIME_ONLY neutral retire case=00160 pc=0x8000522c opcode=xor x19=0x8000523f
000000020 RUNTIME_ONLY neutral retire case=00160 pc=0x80005230 opcode=addi x20=0x80005224
000000021 RUNTIME_ONLY neutral retire case=00160 pc=0x80005234 opcode=lw x21=0x80005221
000000022 RUNTIME_ONLY neutral retire case=00160 pc=0x80005238 opcode=sw x22=0x8000522e
000000023 RUNTIME_ONLY neutral retire case=00160 pc=0x8000523c opcode=beq x23=0x8000522b
000000024 RUNTIME_ONLY neutral retire case=00160 pc=0x80005240 opcode=csrrw x24=0x80005258
000000025 RUNTIME_ONLY neutral retire case=00160 pc=0x80005244 opcode=xor x25=0x8000525d
000000026 RUNTIME_ONLY neutral retire case=00160 pc=0x80005248 opcode=addi x26=0x80005252
000000027 RUNTIME_ONLY neutral retire case=00160 pc=0x8000524c opcode=lw x27=0x80005257
000000028 RUNTIME_ONLY neutral retire case=00160 pc=0x80005250 opcode=sw x28=0x8000524c
000000029 RUNTIME_ONLY neutral retire case=00160 pc=0x80005254 opcode=beq x29=0x80005249
000000030 RUNTIME_ONLY neutral retire case=00160 pc=0x80005258 opcode=csrrw x30=0x80005246
000000031 RUNTIME_ONLY neutral retire case=00160 pc=0x8000525c opcode=xor x31=0x80005243
000000032 RUNTIME_ONLY neutral retire case=00160 pc=0x80005260 opcode=addi x0=0x80005240
000000033 RUNTIME_ONLY neutral retire case=00160 pc=0x80005264 opcode=lw x1=0x80005245
000000034 RUNTIME_ONLY neutral retire case=00160 pc=0x80005268 opcode=sw x2=0x8000524a
000000035 RUNTIME_ONLY neutral retire case=00160 pc=0x8000526c opcode=beq x3=0x8000524f
000000036 RUNTIME_ONLY neutral retire case=00160 pc=0x80005270 opcode=csrrw x4=0x80005254
000000037 RUNTIME_ONLY neutral retire case=00160 pc=0x80005274 opcode=xor x5=0x80005251
000000038 RUNTIME_ONLY neutral retire case=00160 pc=0x80005278 opcode=addi x6=0x8000525e
000000039 RUNTIME_ONLY neutral retire case=00160 pc=0x8000527c opcode=lw x7=0x8000525b
000000040 RUNTIME_ONLY neutral retire case=00160 pc=0x80005280 opcode=sw x8=0x800052a8
000000041 RUNTIME_ONLY neutral retire case=00160 pc=0x80005284 opcode=beq x9=0x800052ad
000000042 RUNTIME_ONLY neutral retire case=00160 pc=0x80005288 opcode=csrrw x10=0x800052a2
000000043 RUNTIME_ONLY neutral retire case=00160 pc=0x8000528c opcode=xor x11=0x800052a7
000000044 RUNTIME_ONLY neutral retire case=00160 pc=0x80005290 opcode=addi x12=0x800052bc
000000045 RUNTIME_ONLY neutral retire case=00160 pc=0x80005294 opcode=lw x13=0x800052b9
000000046 RUNTIME_ONLY neutral retire case=00160 pc=0x80005298 opcode=sw x14=0x800052b6
000000047 RUNTIME_ONLY neutral retire case=00160 pc=0x8000529c opcode=beq x15=0x800052b3
000000048 RUNTIME_ONLY neutral retire case=00160 pc=0x800052a0 opcode=csrrw x16=0x80005290
000000049 RUNTIME_ONLY neutral retire case=00160 pc=0x800052a4 opcode=xor x17=0x80005295
000000050 RUNTIME_ONLY neutral retire case=00160 pc=0x800052a8 opcode=addi x18=0x8000529a
000000051 RUNTIME_ONLY neutral retire case=00160 pc=0x800052ac opcode=lw x19=0x8000529f
000000052 RUNTIME_ONLY neutral retire case=00160 pc=0x800052b0 opcode=sw x20=0x80005284
000000053 RUNTIME_ONLY neutral retire case=00160 pc=0x800052b4 opcode=beq x21=0x80005281
000000054 RUNTIME_ONLY neutral retire case=00160 pc=0x800052b8 opcode=csrrw x22=0x8000528e
000000055 RUNTIME_ONLY neutral retire case=00160 pc=0x800052bc opcode=xor x23=0x8000528b
000000056 RUNTIME_ONLY neutral retire case=00160 pc=0x800052c0 opcode=addi x24=0x800052f8
000000057 RUNTIME_ONLY neutral retire case=00160 pc=0x800052c4 opcode=lw x25=0x800052fd
000000058 RUNTIME_ONLY neutral retire case=00160 pc=0x800052c8 opcode=sw x26=0x800052f2
000000059 RUNTIME_ONLY neutral retire case=00160 pc=0x800052cc opcode=beq x27=0x800052f7
000000060 RUNTIME_ONLY neutral retire case=00160 pc=0x800052d0 opcode=csrrw x28=0x800052ec
000000061 RUNTIME_ONLY neutral retire case=00160 pc=0x800052d4 opcode=xor x29=0x800052e9
000000062 RUNTIME_ONLY neutral retire case=00160 pc=0x800052d8 opcode=addi x30=0x800052e6
000000063 RUNTIME_ONLY neutral retire case=00160 pc=0x800052dc opcode=lw x31=0x800052e3
000000064 RUNTIME_ONLY neutral retire case=00160 pc=0x800052e0 opcode=sw x0=0x800052a0
000000065 RUNTIME_ONLY neutral retire case=00160 pc=0x800052e4 opcode=beq x1=0x800052a5
000000066 RUNTIME_ONLY neutral retire case=00160 pc=0x800052e8 opcode=csrrw x2=0x800052aa
000000067 RUNTIME_ONLY neutral retire case=00160 pc=0x800052ec opcode=xor x3=0x800052af
000000068 RUNTIME_ONLY neutral retire case=00160 pc=0x800052f0 opcode=addi x4=0x800052b4
000000069 RUNTIME_ONLY neutral retire case=00160 pc=0x800052f4 opcode=lw x5=0x800052b1
000000070 RUNTIME_ONLY neutral retire case=00160 pc=0x800052f8 opcode=sw x6=0x800052be
000000071 RUNTIME_ONLY neutral retire case=00160 pc=0x800052fc opcode=beq x7=0x800052bb
000000072 RUNTIME_ONLY neutral retire case=00160 pc=0x80005300 opcode=csrrw x8=0x80005348
000000073 RUNTIME_ONLY neutral retire case=00160 pc=0x80005304 opcode=xor x9=0x8000534d
000000074 RUNTIME_ONLY neutral retire case=00160 pc=0x80005308 opcode=addi x10=0x80005342
