UVM_FATAL /runtime_only_unique_aaco.sv(1) @ 1: runtime_only_unique_failure_aaco normalization resistant timing marker
RUNTIME_ONLY_CASE=93 SOURCE_A=benchmark_set_2:22
Mismatch[1]:
ibex[231] : pc[80000474] c.or x14,x8: a4:00ef9e4f
RUNTIME_ONLY_COMBINE SOURCE_B=benchmark_set_2:14
riscv_multiple_interrupt_test.0 : [FAILED]
000000000 RUNTIME_ONLY neutral retire case=00093 pc=0x80002f94 opcode=beq x29=0x80002f94
000000001 RUNTIME_ONLY neutral retire case=00093 pc=0x80002f98 opcode=csrrw x30=0x80002f99
000000002 RUNTIME_ONLY neutral retire case=00093 pc=0x80002f9c opcode=xor x31=0x80002f9e
000000003 RUNTIME_ONLY neutral retire case=00093 pc=0x80002fa0 opcode=addi x0=0x80002fa3
000000004 RUNTIME_ONLY neutral retire case=00093 pc=0x80002fa4 opcode=lw x1=0x80002fa0
000000005 RUNTIME_ONLY neutral retire case=00093 pc=0x80002fa8 opcode=sw x2=0x80002fad
000000006 RUNTIME_ONLY neutral retire case=00093 pc=0x80002fac opcode=beq x3=0x80002faa
000000007 RUNTIME_ONLY neutral retire case=00093 pc=0x80002fb0 opcode=csrrw x4=0x80002fb7
000000008 RUNTIME_ONLY neutral retire case=00093 pc=0x80002fb4 opcode=xor x5=0x80002fbc
000000009 RUNTIME_ONLY neutral retire case=00093 pc=0x80002fb8 opcode=addi x6=0x80002fb1
000000010 RUNTIME_ONLY neutral retire case=00093 pc=0x80002fbc opcode=lw x7=0x80002fb6
000000011 RUNTIME_ONLY neutral retire case=00093 pc=0x80002fc0 opcode=sw x8=0x80002fcb
000000012 RUNTIME_ONLY neutral retire case=00093 pc=0x80002fc4 opcode=beq x9=0x80002fc8
000000013 RUNTIME_ONLY neutral retire case=00093 pc=0x80002fc8 opcode=csrrw x10=0x80002fc5
000000014 RUNTIME_ONLY neutral retire case=00093 pc=0x80002fcc opcode=xor x11=0x80002fc2
000000015 RUNTIME_ONLY neutral retire case=00093 pc=0x80002fd0 opcode=addi x12=0x80002fdf
000000016 RUNTIME_ONLY neutral retire case=00093 pc=0x80002fd4 opcode=lw x13=0x80002fc4
000000017 RUNTIME_ONLY neutral retire case=00093 pc=0x80002fd8 opcode=sw x14=0x80002fc9
000000018 RUNTIME_ONLY neutral retire case=00093 pc=0x80002fdc opcode=beq x15=0x80002fce
000000019 RUNTIME_ONLY neutral retire case=00093 pc=0x80002fe0 opcode=csrrw x16=0x80002ff3
000000020 RUNTIME_ONLY neutral retire case=00093 pc=0x80002fe4 opcode=xor x17=0x80002ff0
000000021 RUNTIME_ONLY neutral retire case=00093 pc=0x80002fe8 opcode=addi x18=0x80002ffd
000000022 RUNTIME_ONLY neutral retire case=00093 pc=0x80002fec opcode=lw x19=0x80002ffa
000000023 RUNTIME_ONLY neutral retire case=00093 pc=0x80002ff0 opcode=sw x20=0x80002fe7
000000024 RUNTIME_ONLY neutral retire case=00093 pc=0x80002ff4 opcode=beq x21=0x80002fec
000000025 RUNTIME_ONLY neutral retire case=00093 pc=0x80002ff8 opcode=csrrw x22=0x80002fe1
000000026 RUNTIME_ONLY neutral retire case=00093 pc=0x80002ffc opcode=xor x23=0x80002fe6
000000027 RUNTIME_ONLY neutral retire case=00093 pc=0x80003000 opcode=addi x24=0x8000301b
000000028 RUNTIME_ONLY neutral retire case=00093 pc=0x80003004 opcode=lw x25=0x80003018
000000029 RUNTIME_ONLY neutral retire case=00093 pc=0x80003008 opcode=sw x26=0x80003015
000000030 RUNTIME_ONLY neutral retire case=00093 pc=0x8000300c opcode=beq x27=0x80003012
000000031 RUNTIME_ONLY neutral retire case=00093 pc=0x80003010 opcode=csrrw x28=0x8000300f
000000032 RUNTIME_ONLY neutral retire case=00093 pc=0x80003014 opcode=xor x29=0x80003034
000000033 RUNTIME_ONLY neutral retire case=00093 pc=0x80003018 opcode=addi x30=0x80003039
000000034 RUNTIME_ONLY neutral retire case=00093 pc=0x8000301c opcode=lw x31=0x8000303e
000000035 RUNTIME_ONLY neutral retire case=00093 pc=0x80003020 opcode=sw x0=0x80003003
000000036 RUNTIME_ONLY neutral retire case=00093 pc=0x80003024 opcode=beq x1=0x80003000
000000037 RUNTIME_ONLY neutral retire case=00093 pc=0x80003028 opcode=csrrw x2=0x8000300d
000000038 RUNTIME_ONLY neutral retire case=00093 pc=0x8000302c opcode=xor x3=0x8000300a
000000039 RUNTIME_ONLY neutral retire case=00093 pc=0x80003030 opcode=addi x4=0x80003017
000000040 RUNTIME_ONLY neutral retire case=00093 pc=0x80003034 opcode=lw x5=0x8000301c
000000041 RUNTIME_ONLY neutral retire case=00093 pc=0x80003038 opcode=sw x6=0x80003011
000000042 RUNTIME_ONLY neutral retire case=00093 pc=0x8000303c opcode=beq x7=0x80003016
000000043 RUNTIME_ONLY neutral retire case=00093 pc=0x80003040 opcode=csrrw x8=0x8000306b
000000044 RUNTIME_ONLY neutral retire case=00093 pc=0x80003044 opcode=xor x9=0x80003068
000000045 RUNTIME_ONLY neutral retire case=00093 pc=0x80003048 opcode=addi x10=0x80003065
000000046 RUNTIME_ONLY neutral retire case=00093 pc=0x8000304c opcode=lw x11=0x80003062
000000047 RUNTIME_ONLY neutral retire case=00093 pc=0x80003050 opcode=sw x12=0x8000307f
000000048 RUNTIME_ONLY neutral retire case=00093 pc=0x80003054 opcode=beq x13=0x80003064
000000049 RUNTIME_ONLY neutral retire case=00093 pc=0x80003058 opcode=csrrw x14=0x80003069
000000050 RUNTIME_ONLY neutral retire case=00093 pc=0x8000305c opcode=xor x15=0x8000306e
000000051 RUNTIME_ONLY neutral retire case=00093 pc=0x80003060 opcode=addi x16=0x80003053
000000052 RUNTIME_ONLY neutral retire case=00093 pc=0x80003064 opcode=lw x17=0x80003050
000000053 RUNTIME_ONLY neutral retire case=00093 pc=0x80003068 opcode=sw x18=0x8000305d
000000054 RUNTIME_ONLY neutral retire case=00093 pc=0x8000306c opcode=beq x19=0x8000305a
000000055 RUNTIME_ONLY neutral retire case=00093 pc=0x80003070 opcode=csrrw x20=0x80003047
000000056 RUNTIME_ONLY neutral retire case=00093 pc=0x80003074 opcode=xor x21=0x8000304c
000000057 RUNTIME_ONLY neutral retire case=00093 pc=0x80003078 opcode=addi x22=0x80003041
000000058 RUNTIME_ONLY neutral retire case=00093 pc=0x8000307c opcode=lw x23=0x80003046
000000059 RUNTIME_ONLY neutral retire case=00093 pc=0x80003080 opcode=sw x24=0x800030bb
000000060 RUNTIME_ONLY neutral retire case=00093 pc=0x80003084 opcode=beq x25=0x800030b8
000000061 RUNTIME_ONLY neutral retire case=00093 pc=0x80003088 opcode=csrrw x26=0x800030b5
000000062 RUNTIME_ONLY neutral retire case=00093 pc=0x8000308c opcode=xor x27=0x800030b2
000000063 RUNTIME_ONLY neutral retire case=00093 pc=0x80003090 opcode=addi x28=0x800030af
000000064 RUNTIME_ONLY neutral retire case=00093 pc=0x80003094 opcode=lw x29=0x800030d4
000000065 RUNTIME_ONLY neutral retire case=00093 pc=0x80003098 opcode=sw x30=0x800030d9
000000066 RUNTIME_ONLY neutral retire case=00093 pc=0x8000309c opcode=beq x31=0x800030de
000000067 RUNTIME_ONLY neutral retire case=00093 pc=0x800030a0 opcode=csrrw x0=0x800030e3
000000068 RUNTIME_ONLY neutral retire case=00093 pc=0x800030a4 opcode=xor x1=0x800030e0
000000069 RUNTIME_ONLY neutral retire case=00093 pc=0x800030a8 opcode=addi x2=0x800030ed
000000070 RUNTIME_ONLY neutral retire case=00093 pc=0x800030ac opcode=lw x3=0x800030ea
000000071 RUNTIME_ONLY neutral retire case=00093 pc=0x800030b0 opcode=sw x4=0x800030f7
000000072 RUNTIME_ONLY neutral retire case=00093 pc=0x800030b4 opcode=beq x5=0x800030fc
000000073 RUNTIME_ONLY neutral retire case=00093 pc=0x800030b8 opcode=csrrw x6=0x800030f1
000000074 RUNTIME_ONLY neutral retire case=00093 pc=0x800030bc opcode=xor x7=0x800030f6
000000075 RUNTIME_ONLY neutral retire case=00093 pc=0x800030c0 opcode=addi x8=0x8000308b
000000076 RUNTIME_ONLY neutral retire case=00093 pc=0x800030c4 opcode=lw x9=0x80003088
000000077 RUNTIME_ONLY neutral retire case=00093 pc=0x800030c8 opcode=sw x10=0x80003085
000000078 RUNTIME_ONLY neutral retire case=00093 pc=0x800030cc opcode=beq x11=0x80003082
000000079 RUNTIME_ONLY neutral retire case=00093 pc=0x800030d0 opcode=csrrw x12=0x8000309f
000000080 RUNTIME_ONLY neutral retire case=00093 pc=0x800030d4 opcode=xor x13=0x80003084
000000081 RUNTIME_ONLY neutral retire case=00093 pc=0x800030d8 opcode=addi x14=0x80003089
000000082 RUNTIME_ONLY neutral retire case=00093 pc=0x800030dc opcode=lw x15=0x8000308e
000000083 RUNTIME_ONLY neutral retire case=00093 pc=0x800030e0 opcode=sw x16=0x800030b3
000000084 RUNTIME_ONLY neutral retire case=00093 pc=0x800030e4 opcode=beq x17=0x800030b0
000000085 RUNTIME_ONLY neutral retire case=00093 pc=0x800030e8 opcode=csrrw x18=0x800030bd
000000086 RUNTIME_ONLY neutral retire case=00093 pc=0x800030ec opcode=xor x19=0x800030ba
000000087 RUNTIME_ONLY neutral retire case=00093 pc=0x800030f0 opcode=addi x20=0x800030a7
000000088 RUNTIME_ONLY neutral retire case=00093 pc=0x800030f4 opcode=lw x21=0x800030ac
000000089 RUNTIME_ONLY neutral retire case=00093 pc=0x800030f8 opcode=sw x22=0x800030a1
000000090 RUNTIME_ONLY neutral retire case=00093 pc=0x800030fc opcode=beq x23=0x800030a6
000000091 RUNTIME_ONLY neutral retire case=00093 pc=0x80003100 opcode=csrrw x24=0x8000315b
000000092 RUNTIME_ONLY neutral retire case=00093 pc=0x80003104 opcode=xor x25=0x80003158
000000093 RUNTIME_ONLY neutral retire case=00093 pc=0x80003108 opcode=addi x26=0x80003155
000000094 RUNTIME_ONLY neutral retire case=00093 pc=0x8000310c opcode=lw x27=0x80003152
000000095 RUNTIME_ONLY neutral retire case=00093 pc=0x80003110 opcode=sw x28=0x8000314f
000000096 RUNTIME_ONLY neutral retire case=00093 pc=0x80003114 opcode=beq x29=0x80003174
000000097 RUNTIME_ONLY neutral retire case=00093 pc=0x80003118 opcode=csrrw x30=0x80003179
000000098 RUNTIME_ONLY neutral retire case=00093 pc=0x8000311c opcode=xor x31=0x8000317e
000000099 RUNTIME_ONLY neutral retire case=00093 pc=0x80003120 opcode=addi x0=0x80003143
000000100 RUNTIME_ONLY neutral retire case=00093 pc=0x80003124 opcode=lw x1=0x80003140
000000101 RUNTIME_ONLY neutral retire case=00093 pc=0x80003128 opcode=sw x2=0x8000314d
000000102 RUNTIME_ONLY neutral retire case=00093 pc=0x8000312c opcode=beq x3=0x8000314a
000000103 RUNTIME_ONLY neutral retire case=00093 pc=0x80003130 opcode=csrrw x4=0x80003157
000000104 RUNTIME_ONLY neutral retire case=00093 pc=0x80003134 opcode=xor x5=0x8000315c
000000105 RUNTIME_ONLY neutral retire case=00093 pc=0x80003138 opcode=addi x6=0x80003151
000000106 RUNTIME_ONLY neutral retire case=00093 pc=0x8000313c opcode=lw x7=0x80003156
000000107 RUNTIME_ONLY neutral retire case=00093 pc=0x80003140 opcode=sw x8=0x8000312b
000000108 RUNTIME_ONLY neutral retire case=00093 pc=0x80003144 opcode=beq x9=0x80003128
000000109 RUNTIME_ONLY neutral retire case=00093 pc=0x80003148 opcode=csrrw x10=0x80003125
000000110 RUNTIME_ONLY neutral retire case=00093 pc=0x8000314c opcode=xor x11=0x80003122
000000111 RUNTIME_ONLY neutral retire case=00093 pc=0x80003150 opcode=addi x12=0x8000313f
000000112 RUNTIME_ONLY neutral retire case=00093 pc=0x80003154 opcode=lw x13=0x80003124
000000113 RUNTIME_ONLY neutral retire case=00093 pc=0x80003158 opcode=sw x14=0x80003129
000000114 RUNTIME_ONLY neutral retire case=00093 pc=0x8000315c opcode=beq x15=0x8000312e
000000115 RUNTIME_ONLY neutral retire case=00093 pc=0x80003160 opcode=csrrw x16=0x80003113
000000116 RUNTIME_ONLY neutral retire case=00093 pc=0x80003164 opcode=xor x17=0x80003110
000000117 RUNTIME_ONLY neutral retire case=00093 pc=0x80003168 opcode=addi x18=0x8000311d
000000118 RUNTIME_ONLY neutral retire case=00093 pc=0x8000316c opcode=lw x19=0x8000311a
000000119 RUNTIME_ONLY neutral retire case=00093 pc=0x80003170 opcode=sw x20=0x80003107
000000120 RUNTIME_ONLY neutral retire case=00093 pc=0x80003174 opcode=beq x21=0x8000310c
000000121 RUNTIME_ONLY neutral retire case=00093 pc=0x80003178 opcode=csrrw x22=0x80003101
000000122 RUNTIME_ONLY neutral retire case=00093 pc=0x8000317c opcode=xor x23=0x80003106
000000123 RUNTIME_ONLY neutral retire case=00093 pc=0x80003180 opcode=addi x24=0x800031fb
000000124 RUNTIME_ONLY neutral retire case=00093 pc=0x80003184 opcode=lw x25=0x800031f8
000000125 RUNTIME_ONLY neutral retire case=00093 pc=0x80003188 opcode=sw x26=0x800031f5
000000126 RUNTIME_ONLY neutral retire case=00093 pc=0x8000318c opcode=beq x27=0x800031f2
000000127 RUNTIME_ONLY neutral retire case=00093 pc=0x80003190 opcode=csrrw x28=0x800031ef
000000128 RUNTIME_ONLY neutral retire case=00093 pc=0x80003194 opcode=xor x29=0x80003114
000000129 RUNTIME_ONLY neutral retire case=00093 pc=0x80003198 opcode=addi x30=0x80003119
000000130 RUNTIME_ONLY neutral retire case=00093 pc=0x8000319c opcode=lw x31=0x8000311e
000000131 RUNTIME_ONLY neutral retire case=00093 pc=0x800031a0 opcode=sw x0=0x80003123
000000132 RUNTIME_ONLY neutral retire case=00093 pc=0x800031a4 opcode=beq x1=0x80003120
000000133 RUNTIME_ONLY neutral retire case=00093 pc=0x800031a8 opcode=csrrw x2=0x8000312d
000000134 RUNTIME_ONLY neutral retire case=00093 pc=0x800031ac opcode=xor x3=0x8000312a
000000135 RUNTIME_ONLY neutral retire case=00093 pc=0x800031b0 opcode=addi x4=0x80003137
000000136 RUNTIME_ONLY neutral retire case=00093 pc=0x800031b4 opcode=lw x5=0x8000313c
000000137 RUNTIME_ONLY neutral retire case=00093 pc=0x800031b8 opcode=sw x6=0x80003131
000000138 RUNTIME_ONLY neutral retire case=00093 pc=0x800031bc opcode=beq x7=0x80003136
000000139 RUNTIME_ONLY neutral retire case=00093 pc=0x800031c0 opcode=csrrw x8=0x8000314b
000000140 RUNTIME_ONLY neutral retire case=00093 pc=0x800031c4 opcode=xor x9=0x80003148
000000141 RUNTIME_ONLY neutral retire case=00093 pc=0x800031c8 opcode=addi x10=0x80003145
000000142 RUNTIME_ONLY neutral retire case=00093 pc=0x800031cc opcode=lw x11=0x80003142
000000143 RUNTIME_ONLY neutral retire case=00093 pc=0x800031d0 opcode=sw x12=0x8000315f
000000144 RUNTIME_ONLY neutral retire case=00093 pc=0x800031d4 opcode=beq x13=0x80003144
000000145 RUNTIME_ONLY neutral retire case=00093 pc=0x800031d8 opcode=csrrw x14=0x80003149
000000146 RUNTIME_ONLY neutral retire case=00093 pc=0x800031dc opcode=xor x15=0x8000314e
000000147 RUNTIME_ONLY neutral retire case=00093 pc=0x800031e0 opcode=addi x16=0x80003173
000000148 RUNTIME_ONLY neutral retire case=00093 pc=0x800031e4 opcode=lw x17=0x80003170
000000149 RUNTIME_ONLY neutral retire case=00093 pc=0x800031e8 opcode=sw x18=0x8000317d
000000150 RUNTIME_ONLY neutral retire case=00093 pc=0x800031ec opcode=beq x19=0x8000317a
000000151 RUNTIME_ONLY neutral retire case=00093 pc=0x800031f0 opcode=csrrw x20=0x80003167
000000152 RUNTIME_ONLY neutral retire case=00093 pc=0x800031f4 opcode=xor x21=0x8000316c
000000153 RUNTIME_ONLY neutral retire case=00093 pc=0x800031f8 opcode=addi x22=0x80003161
000000154 RUNTIME_ONLY neutral retire case=00093 pc=0x800031fc opcode=lw x23=0x80003166
000000155 RUNTIME_ONLY neutral retire case=00093 pc=0x80003200 opcode=sw x24=0x8000329b
000000156 RUNTIME_ONLY neutral retire case=00093 pc=0x80003204 opcode=beq x25=0x80003298
000000157 RUNTIME_ONLY neutral retire case=00093 pc=0x80003208 opcode=csrrw x26=0x80003295
000000158 RUNTIME_ONLY neutral retire case=00093 pc=0x8000320c opcode=xor x27=0x80003292
000000159 RUNTIME_ONLY neutral retire case=00093 pc=0x80003210 opcode=addi x28=0x8000328f
000000160 RUNTIME_ONLY neutral retire case=00093 pc=0x80003214 opcode=lw x29=0x800032b4
000000161 RUNTIME_ONLY neutral retire case=00093 pc=0x80003218 opcode=sw x30=0x800032b9
000000162 RUNTIME_ONLY neutral retire case=00093 pc=0x8000321c opcode=beq x31=0x800032be
000000163 RUNTIME_ONLY neutral retire case=00093 pc=0x80003220 opcode=csrrw x0=0x80003283
000000164 RUNTIME_ONLY neutral retire case=00093 pc=0x80003224 opcode=xor x1=0x80003280
000000165 RUNTIME_ONLY neutral retire case=00093 pc=0x80003228 opcode=addi x2=0x8000328d
000000166 RUNTIME_ONLY neutral retire case=00093 pc=0x8000322c opcode=lw x3=0x8000328a
000000167 RUNTIME_ONLY neutral retire case=00093 pc=0x80003230 opcode=sw x4=0x80003297
000000168 RUNTIME_ONLY neutral retire case=00093 pc=0x80003234 opcode=beq x5=0x8000329c
000000169 RUNTIME_ONLY neutral retire case=00093 pc=0x80003238 opcode=csrrw x6=0x80003291
000000170 RUNTIME_ONLY neutral retire case=00093 pc=0x8000323c opcode=xor x7=0x80003296
000000171 RUNTIME_ONLY neutral retire case=00093 pc=0x80003240 opcode=addi x8=0x800032eb
000000172 RUNTIME_ONLY neutral retire case=00093 pc=0x80003244 opcode=lw x9=0x800032e8
000000173 RUNTIME_ONLY neutral retire case=00093 pc=0x80003248 opcode=sw x10=0x800032e5
000000174 RUNTIME_ONLY neutral retire case=00093 pc=0x8000324c opcode=beq x11=0x800032e2
000000175 RUNTIME_ONLY neutral retire case=00093 pc=0x80003250 opcode=csrrw x12=0x800032ff
000000176 RUNTIME_ONLY neutral retire case=00093 pc=0x80003254 opcode=xor x13=0x800032e4
000000177 RUNTIME_ONLY neutral retire case=00093 pc=0x80003258 opcode=addi x14=0x800032e9
000000178 RUNTIME_ONLY neutral retire case=00093 pc=0x8000325c opcode=lw x15=0x800032ee
000000179 RUNTIME_ONLY neutral retire case=00093 pc=0x80003260 opcode=sw x16=0x800032d3
000000180 RUNTIME_ONLY neutral retire case=00093 pc=0x80003264 opcode=beq x17=0x800032d0
000000181 RUNTIME_ONLY neutral retire case=00093 pc=0x80003268 opcode=csrrw x18=0x800032dd
000000182 RUNTIME_ONLY neutral retire case=00093 pc=0x8000326c opcode=xor x19=0x800032da
000000183 RUNTIME_ONLY neutral retire case=00093 pc=0x80003270 opcode=addi x20=0x800032c7
000000184 RUNTIME_ONLY neutral retire case=00093 pc=0x80003274 opcode=lw x21=0x800032cc
000000185 RUNTIME_ONLY neutral retire case=00093 pc=0x80003278 opcode=sw x22=0x800032c1
000000186 RUNTIME_ONLY neutral retire case=00093 pc=0x8000327c opcode=beq x23=0x800032c6
000000187 RUNTIME_ONLY neutral retire case=00093 pc=0x80003280 opcode=csrrw x24=0x8000323b
000000188 RUNTIME_ONLY neutral retire case=00093 pc=0x80003284 opcode=xor x25=0x80003238
000000189 RUNTIME_ONLY neutral retire case=00093 pc=0x80003288 opcode=addi x26=0x80003235
000000190 RUNTIME_ONLY neutral retire case=00093 pc=0x8000328c opcode=lw x27=0x80003232
000000191 RUNTIME_ONLY neutral retire case=00093 pc=0x80003290 opcode=sw x28=0x8000322f
000000192 RUNTIME_ONLY neutral retire case=00093 pc=0x80003294 opcode=beq x29=0x80003254
000000193 RUNTIME_ONLY neutral retire case=00093 pc=0x80003298 opcode=csrrw x30=0x80003259
000000194 RUNTIME_ONLY neutral retire case=00093 pc=0x8000329c opcode=xor x31=0x8000325e
000000195 RUNTIME_ONLY neutral retire case=00093 pc=0x800032a0 opcode=addi x0=0x80003263
000000196 RUNTIME_ONLY neutral retire case=00093 pc=0x800032a4 opcode=lw x1=0x80003260
000000197 RUNTIME_ONLY neutral retire case=00093 pc=0x800032a8 opcode=sw x2=0x8000326d
000000198 RUNTIME_ONLY neutral retire case=00093 pc=0x800032ac opcode=beq x3=0x8000326a
000000199 RUNTIME_ONLY neutral retire case=00093 pc=0x800032b0 opcode=csrrw x4=0x80003277
000000200 RUNTIME_ONLY neutral retire case=00093 pc=0x800032b4 opcode=xor x5=0x8000327c
000000201 RUNTIME_ONLY neutral retire case=00093 pc=0x800032b8 opcode=addi x6=0x80003271
000000202 RUNTIME_ONLY neutral retire case=00093 pc=0x800032bc opcode=lw x7=0x80003276
000000203 RUNTIME_ONLY neutral retire case=00093 pc=0x800032c0 opcode=sw x8=0x8000320b
000000204 RUNTIME_ONLY neutral retire case=00093 pc=0x800032c4 opcode=beq x9=0x80003208
000000205 RUNTIME_ONLY neutral retire case=00093 pc=0x800032c8 opcode=csrrw x10=0x80003205
000000206 RUNTIME_ONLY neutral retire case=00093 pc=0x800032cc opcode=xor x11=0x80003202
000000207 RUNTIME_ONLY neutral retire case=00093 pc=0x800032d0 opcode=addi x12=0x8000321f
000000208 RUNTIME_ONLY neutral retire case=00093 pc=0x800032d4 opcode=lw x13=0x80003204
000000209 RUNTIME_ONLY neutral retire case=00093 pc=0x800032d8 opcode=sw x14=0x80003209
000000210 RUNTIME_ONLY neutral retire case=00093 pc=0x800032dc opcode=beq x15=0x8000320e
000000211 RUNTIME_ONLY neutral retire case=00093 pc=0x800032e0 opcode=csrrw x16=0x80003233
000000212 RUNTIME_ONLY neutral retire case=00093 pc=0x800032e4 opcode=xor x17=0x80003230
000000213 RUNTIME_ONLY neutral retire case=00093 pc=0x800032e8 opcode=addi x18=0x8000323d
000000214 RUNTIME_ONLY neutral retire case=00093 pc=0x800032ec opcode=lw x19=0x8000323a
000000215 RUNTIME_ONLY neutral retire case=00093 pc=0x800032f0 opcode=sw x20=0x80003227
000000216 RUNTIME_ONLY neutral retire case=00093 pc=0x800032f4 opcode=beq x21=0x8000322c
000000217 RUNTIME_ONLY neutral retire case=00093 pc=0x800032f8 opcode=csrrw x22=0x80003221
000000218 RUNTIME_ONLY neutral retire case=00093 pc=0x800032fc opcode=xor x23=0x80003226
000000219 RUNTIME_ONLY neutral retire case=00093 pc=0x80003300 opcode=addi x24=0x800033db
000000220 RUNTIME_ONLY neutral retire case=00093 pc=0x80003304 opcode=lw x25=0x800033d8
000000221 RUNTIME_ONLY neutral retire case=00093 pc=0x80003308 opcode=sw x26=0x800033d5
000000222 RUNTIME_ONLY neutral retire case=00093 pc=0x8000330c opcode=beq x27=0x800033d2
000000223 RUNTIME_ONLY neutral retire case=00093 pc=0x80003310 opcode=csrrw x28=0x800033cf
000000224 RUNTIME_ONLY neutral retire case=00093 pc=0x80003314 opcode=xor x29=0x800033f4
000000225 RUNTIME_ONLY neutral retire case=00093 pc=0x80003318 opcode=addi x30=0x800033f9
000000226 RUNTIME_ONLY neutral retire case=00093 pc=0x8000331c opcode=lw x31=0x800033fe
000000227 RUNTIME_ONLY neutral retire case=00093 pc=0x80003320 opcode=sw x0=0x800033c3
000000228 RUNTIME_ONLY neutral retire case=00093 pc=0x80003324 opcode=beq x1=0x800033c0
000000229 RUNTIME_ONLY neutral retire case=00093 pc=0x80003328 opcode=csrrw x2=0x800033cd
000000230 RUNTIME_ONLY neutral retire case=00093 pc=0x8000332c opcode=xor x3=0x800033ca
000000231 RUNTIME_ONLY neutral retire case=00093 pc=0x80003330 opcode=addi x4=0x800033d7
000000232 RUNTIME_ONLY neutral retire case=00093 pc=0x80003334 opcode=lw x5=0x800033dc
000000233 RUNTIME_ONLY neutral retire case=00093 pc=0x80003338 opcode=sw x6=0x800033d1
000000234 RUNTIME_ONLY neutral retire case=00093 pc=0x8000333c opcode=beq x7=0x800033d6
000000235 RUNTIME_ONLY neutral retire case=00093 pc=0x80003340 opcode=csrrw x8=0x800033ab
000000236 RUNTIME_ONLY neutral retire case=00093 pc=0x80003344 opcode=xor x9=0x800033a8
000000237 RUNTIME_ONLY neutral retire case=00093 pc=0x80003348 opcode=addi x10=0x800033a5
000000238 RUNTIME_ONLY neutral retire case=00093 pc=0x8000334c opcode=lw x11=0x800033a2
000000239 RUNTIME_ONLY neutral retire case=00093 pc=0x80003350 opcode=sw x12=0x800033bf
000000240 RUNTIME_ONLY neutral retire case=00093 pc=0x80003354 opcode=beq x13=0x800033a4
