UVM_FATAL /runtime_only_unique_aaee.sv(1) @ 1: runtime_only_unique_failure_aaee normalization resistant timing marker
RUNTIME_ONLY_CASE=135 SOURCE_A=benchmark_set_1:7
riscv_csr_test.0 : [FAILED]
RUNTIME_ONLY_COMBINE SOURCE_B=benchmark_set_1:1
riscv_interrupt_csr_test.0 : [FAILED]
000000000 RUNTIME_ONLY neutral retire case=00135 pc=0x80004514 opcode=beq x7=0x80004514
000000001 RUNTIME_ONLY neutral retire case=00135 pc=0x80004518 opcode=csrrw x8=0x80004519
000000002 RUNTIME_ONLY neutral retire case=00135 pc=0x8000451c opcode=xor x9=0x8000451e
000000003 RUNTIME_ONLY neutral retire case=00135 pc=0x80004520 opcode=addi x10=0x80004523
000000004 RUNTIME_ONLY neutral retire case=00135 pc=0x80004524 opcode=lw x11=0x80004520
000000005 RUNTIME_ONLY neutral retire case=00135 pc=0x80004528 opcode=sw x12=0x8000452d
000000006 RUNTIME_ONLY neutral retire case=00135 pc=0x8000452c opcode=beq x13=0x8000452a
000000007 RUNTIME_ONLY neutral retire case=00135 pc=0x80004530 opcode=csrrw x14=0x80004537
000000008 RUNTIME_ONLY neutral retire case=00135 pc=0x80004534 opcode=xor x15=0x8000453c
000000009 RUNTIME_ONLY neutral retire case=00135 pc=0x80004538 opcode=addi x16=0x80004531
000000010 RUNTIME_ONLY neutral retire case=00135 pc=0x8000453c opcode=lw x17=0x80004536
000000011 RUNTIME_ONLY neutral retire case=00135 pc=0x80004540 opcode=sw x18=0x8000454b
000000012 RUNTIME_ONLY neutral retire case=00135 pc=0x80004544 opcode=beq x19=0x80004548
000000013 RUNTIME_ONLY neutral retire case=00135 pc=0x80004548 opcode=csrrw x20=0x80004545
000000014 RUNTIME_ONLY neutral retire case=00135 pc=0x8000454c opcode=xor x21=0x80004542
