UVM_FATAL /runtime_only_unique_aaal.sv(1) @ 1: runtime_only_unique_failure_aaal normalization resistant timing marker
RUNTIME_ONLY_CASE=38 SOURCE_A=benchmark_set_1:6
Mismatch[1]:
ibex[371] : pc[800005ae] sltu x29,x22,x26: t4:00000001
RUNTIME_ONLY_COMBINE SOURCE_B=benchmark_set_2:16
riscv_debug_ebreak_test.0 : [FAILED]
000000000 RUNTIME_ONLY neutral retire case=00038 pc=0x80001370 opcode=sw x6=0x80001370
000000001 RUNTIME_ONLY neutral retire case=00038 pc=0x80001374 opcode=beq x7=0x80001375
000000002 RUNTIME_ONLY neutral retire case=00038 pc=0x80001378 opcode=csrrw x8=0x8000137a
000000003 RUNTIME_ONLY neutral retire case=00038 pc=0x8000137c opcode=xor x9=0x8000137f
000000004 RUNTIME_ONLY neutral retire case=00038 pc=0x80001380 opcode=addi x10=0x80001384
000000005 RUNTIME_ONLY neutral retire case=00038 pc=0x80001384 opcode=lw x11=0x80001381
000000006 RUNTIME_ONLY neutral retire case=00038 pc=0x80001388 opcode=sw x12=0x8000138e
000000007 RUNTIME_ONLY neutral retire case=00038 pc=0x8000138c opcode=beq x13=0x8000138b
000000008 RUNTIME_ONLY neutral retire case=00038 pc=0x80001390 opcode=csrrw x14=0x80001398
000000009 RUNTIME_ONLY neutral retire case=00038 pc=0x80001394 opcode=xor x15=0x8000139d
000000010 RUNTIME_ONLY neutral retire case=00038 pc=0x80001398 opcode=addi x16=0x80001392
000000011 RUNTIME_ONLY neutral retire case=00038 pc=0x8000139c opcode=lw x17=0x80001397
000000012 RUNTIME_ONLY neutral retire case=00038 pc=0x800013a0 opcode=sw x18=0x800013ac
000000013 RUNTIME_ONLY neutral retire case=00038 pc=0x800013a4 opcode=beq x19=0x800013a9
000000014 RUNTIME_ONLY neutral retire case=00038 pc=0x800013a8 opcode=csrrw x20=0x800013a6
000000015 RUNTIME_ONLY neutral retire case=00038 pc=0x800013ac opcode=xor x21=0x800013a3
000000016 RUNTIME_ONLY neutral retire case=00038 pc=0x800013b0 opcode=addi x22=0x800013a0
000000017 RUNTIME_ONLY neutral retire case=00038 pc=0x800013b4 opcode=lw x23=0x800013a5
000000018 RUNTIME_ONLY neutral retire case=00038 pc=0x800013b8 opcode=sw x24=0x800013aa
000000019 RUNTIME_ONLY neutral retire case=00038 pc=0x800013bc opcode=beq x25=0x800013af
000000020 RUNTIME_ONLY neutral retire case=00038 pc=0x800013c0 opcode=csrrw x26=0x800013d4
000000021 RUNTIME_ONLY neutral retire case=00038 pc=0x800013c4 opcode=xor x27=0x800013d1
000000022 RUNTIME_ONLY neutral retire case=00038 pc=0x800013c8 opcode=addi x28=0x800013de
000000023 RUNTIME_ONLY neutral retire case=00038 pc=0x800013cc opcode=lw x29=0x800013db
000000024 RUNTIME_ONLY neutral retire case=00038 pc=0x800013d0 opcode=sw x30=0x800013c8
000000025 RUNTIME_ONLY neutral retire case=00038 pc=0x800013d4 opcode=beq x31=0x800013cd
000000026 RUNTIME_ONLY neutral retire case=00038 pc=0x800013d8 opcode=csrrw x0=0x800013c2
000000027 RUNTIME_ONLY neutral retire case=00038 pc=0x800013dc opcode=xor x1=0x800013c7
000000028 RUNTIME_ONLY neutral retire case=00038 pc=0x800013e0 opcode=addi x2=0x800013fc
000000029 RUNTIME_ONLY neutral retire case=00038 pc=0x800013e4 opcode=lw x3=0x800013f9
000000030 RUNTIME_ONLY neutral retire case=00038 pc=0x800013e8 opcode=sw x4=0x800013f6
000000031 RUNTIME_ONLY neutral retire case=00038 pc=0x800013ec opcode=beq x5=0x800013f3
000000032 RUNTIME_ONLY neutral retire case=00038 pc=0x800013f0 opcode=csrrw x6=0x800013d0
000000033 RUNTIME_ONLY neutral retire case=00038 pc=0x800013f4 opcode=xor x7=0x800013d5
000000034 RUNTIME_ONLY neutral retire case=00038 pc=0x800013f8 opcode=addi x8=0x800013da
000000035 RUNTIME_ONLY neutral retire case=00038 pc=0x800013fc opcode=lw x9=0x800013df
000000036 RUNTIME_ONLY neutral retire case=00038 pc=0x80001400 opcode=sw x10=0x80001424
000000037 RUNTIME_ONLY neutral retire case=00038 pc=0x80001404 opcode=beq x11=0x80001421
000000038 RUNTIME_ONLY neutral retire case=00038 pc=0x80001408 opcode=csrrw x12=0x8000142e
000000039 RUNTIME_ONLY neutral retire case=00038 pc=0x8000140c opcode=xor x13=0x8000142b
000000040 RUNTIME_ONLY neutral retire case=00038 pc=0x80001410 opcode=addi x14=0x80001438
000000041 RUNTIME_ONLY neutral retire case=00038 pc=0x80001414 opcode=lw x15=0x8000143d
000000042 RUNTIME_ONLY neutral retire case=00038 pc=0x80001418 opcode=sw x16=0x80001432
000000043 RUNTIME_ONLY neutral retire case=00038 pc=0x8000141c opcode=beq x17=0x80001437
000000044 RUNTIME_ONLY neutral retire case=00038 pc=0x80001420 opcode=csrrw x18=0x8000140c
000000045 RUNTIME_ONLY neutral retire case=00038 pc=0x80001424 opcode=xor x19=0x80001409
000000046 RUNTIME_ONLY neutral retire case=00038 pc=0x80001428 opcode=addi x20=0x80001406
000000047 RUNTIME_ONLY neutral retire case=00038 pc=0x8000142c opcode=lw x21=0x80001403
000000048 RUNTIME_ONLY neutral retire case=00038 pc=0x80001430 opcode=sw x22=0x80001400
000000049 RUNTIME_ONLY neutral retire case=00038 pc=0x80001434 opcode=beq x23=0x80001405
000000050 RUNTIME_ONLY neutral retire case=00038 pc=0x80001438 opcode=csrrw x24=0x8000140a
000000051 RUNTIME_ONLY neutral retire case=00038 pc=0x8000143c opcode=xor x25=0x8000140f
000000052 RUNTIME_ONLY neutral retire case=00038 pc=0x80001440 opcode=addi x26=0x80001474
000000053 RUNTIME_ONLY neutral retire case=00038 pc=0x80001444 opcode=lw x27=0x80001471
000000054 RUNTIME_ONLY neutral retire case=00038 pc=0x80001448 opcode=sw x28=0x8000147e
000000055 RUNTIME_ONLY neutral retire case=00038 pc=0x8000144c opcode=beq x29=0x8000147b
000000056 RUNTIME_ONLY neutral retire case=00038 pc=0x80001450 opcode=csrrw x30=0x80001468
000000057 RUNTIME_ONLY neutral retire case=00038 pc=0x80001454 opcode=xor x31=0x8000146d
000000058 RUNTIME_ONLY neutral retire case=00038 pc=0x80001458 opcode=addi x0=0x80001462
000000059 RUNTIME_ONLY neutral retire case=00038 pc=0x8000145c opcode=lw x1=0x80001467
000000060 RUNTIME_ONLY neutral retire case=00038 pc=0x80001460 opcode=sw x2=0x8000145c
000000061 RUNTIME_ONLY neutral retire case=00038 pc=0x80001464 opcode=beq x3=0x80001459
000000062 RUNTIME_ONLY neutral retire case=00038 pc=0x80001468 opcode=csrrw x4=0x80001456
000000063 RUNTIME_ONLY neutral retire case=00038 pc=0x8000146c opcode=xor x5=0x80001453
000000064 RUNTIME_ONLY neutral retire case=00038 pc=0x80001470 opcode=addi x6=0x80001430
000000065 RUNTIME_ONLY neutral retire case=00038 pc=0x80001474 opcode=lw x7=0x80001435
000000066 RUNTIME_ONLY neutral retire case=00038 pc=0x80001478 opcode=sw x8=0x8000143a
000000067 RUNTIME_ONLY neutral retire case=00038 pc=0x8000147c opcode=beq x9=0x8000143f
000000068 RUNTIME_ONLY neutral retire case=00038 pc=0x80001480 opcode=csrrw x10=0x800014c4
000000069 RUNTIME_ONLY neutral retire case=00038 pc=0x80001484 opcode=xor x11=0x800014c1
000000070 RUNTIME_ONLY neutral retire case=00038 pc=0x80001488 opcode=addi x12=0x800014ce
000000071 RUNTIME_ONLY neutral retire case=00038 pc=0x8000148c opcode=lw x13=0x800014cb
000000072 RUNTIME_ONLY neutral retire case=00038 pc=0x80001490 opcode=sw x14=0x800014d8
000000073 RUNTIME_ONLY neutral retire case=00038 pc=0x80001494 opcode=beq x15=0x800014dd
000000074 RUNTIME_ONLY neutral retire case=00038 pc=0x80001498 opcode=csrrw x16=0x800014d2
000000075 RUNTIME_ONLY neutral retire case=00038 pc=0x8000149c opcode=xor x17=0x800014d7
