UVM_FATAL /runtime_only_unique_aaas.sv(1) @ 1: runtime_only_unique_failure_aaas normalization resistant timing marker
RUNTIME_ONLY_CASE=45 SOURCE_A=benchmark_set_2:6
riscv_single_interrupt_test.0 : [FAILED]
RUNTIME_ONLY_COMBINE SOURCE_B=benchmark_set_2:4
riscv_single_interrupt_test.0 : [FAILED]
000000000 RUNTIME_ONLY neutral retire case=00045 pc=0x80001704 opcode=beq x13=0x80001704
000000001 RUNTIME_ONLY neutral retire case=00045 pc=0x80001708 opcode=csrrw x14=0x80001709
000000002 RUNTIME_ONLY neutral retire case=00045 pc=0x8000170c opcode=xor x15=0x8000170e
000000003 RUNTIME_ONLY neutral retire case=00045 pc=0x80001710 opcode=addi x16=0x80001713
000000004 RUNTIME_ONLY neutral retire case=00045 pc=0x80001714 opcode=lw x17=0x80001710
000000005 RUNTIME_ONLY neutral retire case=00045 pc=0x80001718 opcode=sw x18=0x8000171d
000000006 RUNTIME_ONLY neutral retire case=00045 pc=0x8000171c opcode=beq x19=0x8000171a
000000007 RUNTIME_ONLY neutral retire case=00045 pc=0x80001720 opcode=csrrw x20=0x80001727
000000008 RUNTIME_ONLY neutral retire case=00045 pc=0x80001724 opcode=xor x21=0x8000172c
000000009 RUNTIME_ONLY neutral retire case=00045 pc=0x80001728 opcode=addi x22=0x80001721
000000010 RUNTIME_ONLY neutral retire case=00045 pc=0x8000172c opcode=lw x23=0x80001726
000000011 RUNTIME_ONLY neutral retire case=00045 pc=0x80001730 opcode=sw x24=0x8000173b
000000012 RUNTIME_ONLY neutral retire case=00045 pc=0x80001734 opcode=beq x25=0x80001738
000000013 RUNTIME_ONLY neutral retire case=00045 pc=0x80001738 opcode=csrrw x26=0x80001735
000000014 RUNTIME_ONLY neutral retire case=00045 pc=0x8000173c opcode=xor x27=0x80001732
