Time	Cycle	PC	Insn	Decoded instruction	Register and memory contents
           9661	       381	80000080	400015b7	lui	x11,0x40001	 x11=0x40001000
           9741	       385	80000084	10658593	addi	x11,x11,262	 x11:0x40001000 x11=0x40001106
           9901	       393	80000088	30159073	csrrw	x0,misa,x11	 x11:0x40001106  x0=0x00000000
          10041	       400	8000008c	00026f17	auipc	x30,0x26	 x30=0x8002608c
          10281	       412	80000090	c58f0f13	addi	x30,x30,-936	 x30:0x8002608c x30=0x80025ce4
          10701	       433	80000094	00002597	auipc	x11,0x2	 x11=0x80002094
          10721	       434	80000098	46c58593	addi	x11,x11,1132	 x11:0x80002094 x11=0x80002500
          10741	       435	8000009c	0015e593	ori	x11,x11,1	 x11:0x80002500 x11=0x80002501
          10961	       446	800000a0	30559073	csrrw	x0,mtvec,x11	 x11:0x80002501  x0=0x00000000
          11021	       449	800000a4	74725073	csrrwi	x0,0x747,4	  x0=0x00000000
          11401	       468	800000a8	00003e97	auipc	x29,0x3	 x29=0x800030a8
          11781	       487	800000ac	194e8e93	addi	x29,x29,404	 x29:0x800030a8 x29=0x8000323c
          11801	       488	800000b0	4581	c.li	x11,0	 x11=0x00000000
          11821	       489	800000b2	9eae	c.add	x29,x11	 x29:0x8000323c x11:0x00000000 x29=0x8000323c
          11841	       490	800000b4	002ede93	srli	x29,x29,0x2	 x29:0x8000323c x29=0x20000c8f
          11861	       491	800000b8	3b0e9073	csrrw	x0,pmpaddr0,x29	 x29:0x20000c8f  x0=0x00000000
          11921	       494	800000bc	00003e97	auipc	x29,0x3	 x29=0x800030bc
          12021	       499	800000c0	180e8e93	addi	x29,x29,384	 x29:0x800030bc x29=0x8000323c
          12501	       523	800000c4	111115b7	lui	x11,0x11111	 x11=0x11111000
          12521	       524	800000c8	11158593	addi	x11,x11,273	 x11:0x11111000 x11=0x11111111
          12541	       525	800000cc	9eae	c.add	x29,x11	 x29:0x8000323c x11:0x11111111 x29=0x9111434d
          12761	       536	800000ce	002ede93	srli	x29,x29,0x2	 x29:0x9111434d x29=0x244450d3
          12781	       537	800000d2	3b1e9073	csrrw	x0,pmpaddr1,x29	 x29:0x244450d3  x0=0x00000000
          12841	       540	800000d6	00003e97	auipc	x29,0x3	 x29=0x800030d6
          12861	       541	800000da	166e8e93	addi	x29,x29,358	 x29:0x800030d6 x29=0x8000323c
          12881	       542	800000de	222225b7	lui	x11,0x22222	 x11=0x22222000
          12901	       543	800000e2	22258593	addi	x11,x11,546	 x11:0x22222000 x11=0x22222222
          12921	       544	800000e6	9eae	c.add	x29,x11	 x29:0x8000323c x11:0x22222222 x29=0xa222545e
          12941	       545	800000e8	002ede93	srli	x29,x29,0x2	 x29:0xa222545e x29=0x28889517
          13421	       569	800000ec	3b2e9073	csrrw	x0,pmpaddr2,x29	 x29:0x28889517  x0=0x00000000
          13481	       572	800000f0	00003e97	auipc	x29,0x3	 x29=0x800030f0
          13501	       573	800000f4	14ce8e93	addi	x29,x29,332	 x29:0x800030f0 x29=0x8000323c
          13541	       575	800000f8	333335b7	lui	x11,0x33333	 x11=0x33333000
          13621	       579	800000fc	33358593	addi	x11,x11,819	 x11:0x33333000 x11=0x33333333
          13721	       584	80000100	9eae	c.add	x29,x11	 x29:0x8000323c x11:0x33333333 x29=0xb333656f
          13741	       585	80000102	002ede93	srli	x29,x29,0x2	 x29:0xb333656f x29=0x2cccd95b
          13761	       586	80000106	3b3e9073	csrrw	x0,pmpaddr3,x29	 x29:0x2cccd95b  x0=0x00000000
          14021	       599	8000010a	0f0f1eb7	lui	x29,0xf0f1	 x29=0x0f0f1000
          14041	       600	8000010e	f0fe8e93	addi	x29,x29,-241	 x29:0x0f0f1000 x29=0x0f0f0f0f
          14321	       614	80000112	3a0e9073	csrrw	x0,pmpcfg0,x29	 x29:0x0f0f0f0f  x0=0x00000000
          14521	       624	80000116	00003e97	auipc	x29,0x3	 x29=0x80003116
          14541	       625	8000011a	126e8e93	addi	x29,x29,294	 x29:0x80003116 x29=0x8000323c
          14561	       626	8000011e	444445b7	lui	x11,0x44444	 x11=0x44444000
          14941	       645	80000122	44458593	addi	x11,x11,1092	 x11:0x44444000 x11=0x44444444
          14961	       646	80000126	9eae	c.add	x29,x11	 x29:0x8000323c x11:0x44444444 x29=0xc4447680
          14981	       647	80000128	002ede93	srli	x29,x29,0x2	 x29:0xc4447680 x29=0x31111da0
          15001	       648	8000012c	3b4e9073	csrrw	x0,pmpaddr4,x29	 x29:0x31111da0  x0=0x00000000
          15061	       651	80000130	00003e97	auipc	x29,0x3	 x29=0x80003130
          15161	       656	80000134	10ce8e93	addi	x29,x29,268	 x29:0x80003130 x29=0x8000323c
          15281	       662	80000138	555555b7	lui	x11,0x55555	 x11=0x55555000
          15301	       663	8000013c	55558593	addi	x11,x11,1365	 x11:0x55555000 x11=0x55555555
          15381	       667	80000140	9eae	c.add	x29,x11	 x29:0x8000323c x11:0x55555555 x29=0xd5558791
          15541	       675	80000142	002ede93	srli	x29,x29,0x2	 x29:0xd5558791 x29=0x355561e4
          15561	       676	80000146	3b5e9073	csrrw	x0,pmpaddr5,x29	 x29:0x355561e4  x0=0x00000000
          15621	       679	8000014a	00003e97	auipc	x29,0x3	 x29=0x8000314a
          16001	       698	8000014e	0f2e8e93	addi	x29,x29,242	 x29:0x8000314a x29=0x8000323c
          16081	       702	80000152	666665b7	lui	x11,0x66666	 x11=0x66666000
          16201	       708	80000156	66658593	addi	x11,x11,1638	 x11:0x66666000 x11=0x66666666
          16221	       709	8000015a	9eae	c.add	x29,x11	 x29:0x8000323c x11:0x66666666 x29=0xe66698a2
          16241	       710	8000015c	002ede93	srli	x29,x29,0x2	 x29:0xe66698a2 x29=0x3999a628
          16301	       713	80000160	3b6e9073	csrrw	x0,pmpaddr6,x29	 x29:0x3999a628  x0=0x00000000
          16361	       716	80000164	00003e97	auipc	x29,0x3	 x29=0x80003164
          16661	       731	80000168	0d8e8e93	addi	x29,x29,216	 x29:0x80003164 x29=0x8000323c
          17081	       752	8000016c	777775b7	lui	x11,0x77777	 x11=0x77777000
          17501	       773	80000170	77758593	addi	x11,x11,1911	 x11:0x77777000 x11=0x77777777
          17901	       793	80000174	9eae	c.add	x29,x11	 x29:0x8000323c x11:0x77777777 x29=0xf777a9b3
          17921	       794	80000176	002ede93	srli	x29,x29,0x2	 x29:0xf777a9b3 x29=0x3dddea6c
          18141	       805	8000017a	3b7e9073	csrrw	x0,pmpaddr7,x29	 x29:0x3dddea6c  x0=0x00000000
          18201	       808	8000017e	0f0f1eb7	lui	x29,0xf0f1	 x29=0x0f0f1000
          18581	       827	80000182	f0fe8e93	addi	x29,x29,-241	 x29:0x0f0f1000 x29=0x0f0f0f0f
          18601	       828	80000186	3a1e9073	csrrw	x0,pmpcfg1,x29	 x29:0x0f0f0f0f  x0=0x00000000
          18661	       831	8000018a	00003e97	auipc	x29,0x3	 x29=0x8000318a
          18821	       839	8000018e	0b2e8e93	addi	x29,x29,178	 x29:0x8000318a x29=0x8000323c
          18901	       843	80000192	888895b7	lui	x11,0x88889	 x11=0x88889000
          18921	       844	80000196	88858593	addi	x11,x11,-1912	 x11:0x88889000 x11=0x88888888
          18941	       845	8000019a	9eae	c.add	x29,x11	 x29:0x8000323c x11:0x88888888 x29=0x0888bac4
          19041	       850	8000019c	002ede93	srli	x29,x29,0x2	 x29:0x0888bac4 x29=0x02222eb1
          19081	       852	800001a0	3b8e9073	csrrw	x0,pmpaddr8,x29	 x29:0x02222eb1  x0=0x00000000
          19141	       855	800001a4	00003e97	auipc	x29,0x3	 x29=0x800031a4
          19481	       872	800001a8	098e8e93	addi	x29,x29,152	 x29:0x800031a4 x29=0x8000323c
          19501	       873	800001ac	9999a5b7	lui	x11,0x9999a	 x11=0x9999a000
          19681	       882	800001b0	99958593	addi	x11,x11,-1639	 x11:0x9999a000 x11=0x99999999
          19701	       883	800001b4	9eae	c.add	x29,x11	 x29:0x8000323c x11:0x99999999 x29=0x1999cbd5
          19821	       889	800001b6	002ede93	srli	x29,x29,0x2	 x29:0x1999cbd5 x29=0x066672f5
          20001	       898	800001ba	3b9e9073	csrrw	x0,pmpaddr9,x29	 x29:0x066672f5  x0=0x00000000
          20061	       901	800001be	00003e97	auipc	x29,0x3	 x29=0x800031be
          20081	       902	800001c2	07ee8e93	addi	x29,x29,126	 x29:0x800031be x29=0x8000323c
          20101	       903	800001c6	aaaab5b7	lui	x11,0xaaaab	 x11=0xaaaab000
          20121	       904	800001ca	aaa58593	addi	x11,x11,-1366	 x11:0xaaaab000 x11=0xaaaaaaaa
          20141	       905	800001ce	9eae	c.add	x29,x11	 x29:0x8000323c x11:0xaaaaaaaa x29=0x2aaadce6
          20261	       911	800001d0	002ede93	srli	x29,x29,0x2	 x29:0x2aaadce6 x29=0x0aaab739
          20281	       912	800001d4	3bae9073	csrrw	x0,pmpaddr10,x29	 x29:0x0aaab739  x0=0x00000000
          20341	       915	800001d8	00003e97	auipc	x29,0x3	 x29=0x800031d8
          20761	       936	800001dc	064e8e93	addi	x29,x29,100	 x29:0x800031d8 x29=0x8000323c
          20781	       937	800001e0	bbbbc5b7	lui	x11,0xbbbbc	 x11=0xbbbbc000
          20981	       947	800001e4	bbb58593	addi	x11,x11,-1093	 x11:0xbbbbc000 x11=0xbbbbbbbb
          21201	       958	800001e8	9eae	c.add	x29,x11	 x29:0x8000323c x11:0xbbbbbbbb x29=0x3bbbedf7
          21381	       967	800001ea	002ede93	srli	x29,x29,0x2	 x29:0x3bbbedf7 x29=0x0eeefb7d
          21421	       969	800001ee	3bbe9073	csrrw	x0,pmpaddr11,x29	 x29:0x0eeefb7d  x0=0x00000000
          21501	       973	800001f2	0f0f1eb7	lui	x29,0xf0f1	 x29=0x0f0f1000
          21661	       981	800001f6	f0fe8e93	addi	x29,x29,-241	 x29:0x0f0f1000 x29=0x0f0f0f0f
          21781	       987	800001fa	3a2e9073	csrrw	x0,pmpcfg2,x29	 x29:0x0f0f0f0f  x0=0x00000000
          22001	       998	800001fe	00003e97	auipc	x29,0x3	 x29=0x800031fe
          22021	       999	80000202	03ee8e93	addi	x29,x29,62	 x29:0x800031fe x29=0x8000323c
          22161	      1006	80000206	ccccd5b7	lui	x11,0xccccd	 x11=0xccccd000
          22281	      1012	8000020a	ccc58593	addi	x11,x11,-820	 x11:0xccccd000 x11=0xcccccccc
          22301	      1013	8000020e	9eae	c.add	x29,x11	 x29:0x8000323c x11:0xcccccccc x29=0x4cccff08
          22321	      1014	80000210	002ede93	srli	x29,x29,0x2	 x29:0x4cccff08 x29=0x13333fc2
          22341	      1015	80000214	3bce9073	csrrw	x0,pmpaddr12,x29	 x29:0x13333fc2  x0=0x00000000
          22401	      1018	80000218	00003e97	auipc	x29,0x3	 x29=0x80003218
          22521	      1024	8000021c	024e8e93	addi	x29,x29,36	 x29:0x80003218 x29=0x8000323c
          22561	      1026	80000220	dddde5b7	lui	x11,0xdddde	 x11=0xdddde000
          22601	      1028	80000224	ddd58593	addi	x11,x11,-547	 x11:0xdddde000 x11=0xdddddddd
          22621	      1029	80000228	9eae	c.add	x29,x11	 x29:0x8000323c x11:0xdddddddd x29=0x5dde1019
          22761	      1036	8000022a	002ede93	srli	x29,x29,0x2	 x29:0x5dde1019 x29=0x17778406
          22941	      1045	8000022e	3bde9073	csrrw	x0,pmpaddr13,x29	 x29:0x17778406  x0=0x00000000
          23001	      1048	80000232	00003e97	auipc	x29,0x3	 x29=0x80003232
          23021	      1049	80000236	00ae8e93	addi	x29,x29,10	 x29:0x80003232 x29=0x8000323c
          23041	      1050	8000023a	eeeef5b7	lui	x11,0xeeeef	 x11=0xeeeef000
          23081	      1052	8000023e	eee58593	addi	x11,x11,-274	 x11:0xeeeef000 x11=0xeeeeeeee
          23101	      1053	80000242	9eae	c.add	x29,x11	 x29:0x8000323c x11:0xeeeeeeee x29=0x6eef212a
          23181	      1057	80000244	002ede93	srli	x29,x29,0x2	 x29:0x6eef212a x29=0x1bbbc84a
          23221	      1059	80000248	3bee9073	csrrw	x0,pmpaddr14,x29	 x29:0x1bbbc84a  x0=0x00000000
          23321	      1064	8000024c	00003e97	auipc	x29,0x3	 x29=0x8000324c
          23741	      1085	80000250	ff0e8e93	addi	x29,x29,-16	 x29:0x8000324c x29=0x8000323c
          23761	      1086	80000254	fff00593	addi	x11,x0,-1	  x0:0x00000000 x11=0xffffffff
          23821	      1089	80000258	9eae	c.add	x29,x11	 x29:0x8000323c x11:0xffffffff x29=0x8000323b
          24061	      1101	8000025a	002ede93	srli	x29,x29,0x2	 x29:0x8000323b x29=0x20000c8e
          24081	      1102	8000025e	3bfe9073	csrrw	x0,pmpaddr15,x29	 x29:0x20000c8e  x0=0x00000000
          24141	      1105	80000262	0f0f1eb7	lui	x29,0xf0f1	 x29=0x0f0f1000
          24161	      1106	80000266	f0fe8e93	addi	x29,x29,-241	 x29:0x0f0f1000 x29=0x0f0f0f0f
          24441	      1120	8000026a	3a3e9073	csrrw	x0,pmpcfg3,x29	 x29:0x0f0f0f0f  x0=0x00000000
          24501	      1123	8000026e	00000597	auipc	x11,0x0	 x11=0x8000026e
          24521	      1124	80000272	05058593	addi	x11,x11,80	 x11:0x8000026e x11=0x800002be
          24621	      1129	80000276	34159073	csrrw	x0,mepc,x11	 x11:0x800002be  x0=0x00000000
          24641	      1130	8000027a	7c00d073	csrrwi	x0,0x7c0,1	  x0=0x00000000
          24701	      1133	8000027e	6589	c.lui	x11,0x2	 x11=0x00002000
          24901	      1143	80000280	80058593	addi	x11,x11,-2048	 x11:0x00002000 x11=0x00001800
          24921	      1144	80000284	30059073	csrrw	x0,mstatus,x11	 x11:0x00001800  x0=0x00000000
          24981	      1147	80000288	4581	c.li	x11,0	 x11=0x00000000
          25021	      1149	8000028a	30459073	csrrw	x0,mie,x11	 x11:0x00000000  x0=0x00000000
          25281	      1162	8000028e	900004b7	lui	x9,0x90000	  x9=0x90000000
          25301	      1163	80000292	14f1	c.addi	x9,-4	  x9:0x90000000  x9=0x8ffffffc
          25361	      1166	80000294	30000593	addi	x11,x0,768	  x0:0x00000000 x11=0x00000300
          25781	      1187	80000298	05a2	c.slli	x11,0x8	 x11:0x00000300 x11=0x00030000
          25801	      1188	8000029a	058d	c.addi	x11,3	 x11:0x00030000 x11=0x00030003
          26081	      1202	8000029c	c08c	c.sw	x11,0(x9)	  x9:0x8ffffffc x11:0x00030003 PA:0x8ffffffc store:0x00030003
          26101	      1203	8000029e	300025f3	csrrs	x11,mstatus,x0	  x0:0x00000000 x11=0x00001800
          26161	      1206	800002a2	c08c	c.sw	x11,0(x9)	  x9:0x8ffffffc x11:0x00001800 PA:0x8ffffffc store:0x00001800
          26181	      1207	800002a4	900004b7	lui	x9,0x90000	  x9=0x90000000
          26261	      1211	800002a8	14f1	c.addi	x9,-4	  x9:0x90000000  x9=0x8ffffffc
          26281	      1212	800002aa	30400593	addi	x11,x0,772	  x0:0x00000000 x11=0x00000304
          26301	      1213	800002ae	05a2	c.slli	x11,0x8	 x11:0x00000304 x11=0x00030400
          26321	      1214	800002b0	058d	c.addi	x11,3	 x11:0x00030400 x11=0x00030403
          26581	      1227	800002b2	c08c	c.sw	x11,0(x9)	  x9:0x8ffffffc x11:0x00030403 PA:0x8ffffffc store:0x00030403
          26601	      1228	800002b4	304025f3	csrrs	x11,mie,x0	  x0:0x00000000 x11=0x00000000
          26661	      1231	800002b8	c08c	c.sw	x11,0(x9)	  x9:0x8ffffffc x11:0x00000000 PA:0x8ffffffc store:0x00000000
          26681	      1232	800002ba	30200073	mret	
          26801	      1238	800002be	21680037	lui	x0,0x21680	  x0=0x00000000
          26821	      1239	800002c2	72700013	addi	x0,x0,1831	  x0:0x00000000  x0=0x00000000
          27321	      1264	800002c6	1f8950b7	lui	x1,0x1f895	  x1=0x1f895000
          27521	      1274	800002ca	1c008093	addi	x1,x1,448	  x1:0x1f895000  x1=0x1f8951c0
          27541	      1275	800002ce	4101	c.li	x2,0	  x2=0x00000000
          27941	      1295	800002d0	f6c571b7	lui	x3,0xf6c57	  x3=0xf6c57000
          28361	      1316	800002d4	eb718193	addi	x3,x3,-329	  x3:0xf6c57000  x3=0xf6c56eb7
          28381	      1317	800002d8	54775237	lui	x4,0x54775	  x4=0x54775000
          28801	      1338	800002dc	c1d20213	addi	x4,x4,-995	  x4:0x54775000  x4=0x54774c1d
          28821	      1339	800002e0	4285	c.li	x5,1	  x5=0x00000001
          28841	      1340	800002e2	4301	c.li	x6,0	  x6=0x00000000
          28861	      1341	800002e4	800003b7	lui	x7,0x80000	  x7=0x80000000
          28881	      1342	800002e8	80000437	lui	x8,0x80000	  x8=0x80000000
          29021	      1349	800002ec	fb4e64b7	lui	x9,0xfb4e6	  x9=0xfb4e6000
          29381	      1367	800002f0	1aa48493	addi	x9,x9,426	  x9:0xfb4e6000  x9=0xfb4e61aa
          29461	      1371	800002f4	4501	c.li	x10,0	 x10=0x00000000
          29481	      1372	800002f6	45b1	c.li	x11,12	 x11=0x0000000c
          29501	      1373	800002f8	f019b637	lui	x12,0xf019b	 x12=0xf019b000
          29521	      1374	800002fc	8a360613	addi	x12,x12,-1885	 x12:0xf019b000 x12=0xf019a8a3
          29601	      1378	80000300	46bd	c.li	x13,15	 x13=0x0000000f
          29621	      1379	80000302	4701	c.li	x14,0	 x14=0x00000000
          29701	      1383	80000304	4781	c.li	x15,0	 x15=0x00000000
          29721	      1384	80000306	f6b7b837	lui	x16,0xf6b7b	 x16=0xf6b7b000
          29761	      1386	8000030a	b9580813	addi	x16,x16,-1131	 x16:0xf6b7b000 x16=0xf6b7ab95
          29781	      1387	8000030e	492d	c.li	x18,11	 x18=0x0000000b
          30201	      1408	80000310	fee9f9b7	lui	x19,0xfee9f	 x19=0xfee9f000
          30221	      1409	80000314	72c98993	addi	x19,x19,1836	 x19:0xfee9f000 x19=0xfee9f72c
          30241	      1410	80000318	4a31	c.li	x20,12	 x20=0x0000000c
          30261	      1411	8000031a	4a81	c.li	x21,0	 x21=0x00000000
          30541	      1425	8000031c	461e7b37	lui	x22,0x461e7	 x22=0x461e7000
          30561	      1426	80000320	4ddb0b13	addi	x22,x22,1245	 x22:0x461e7000 x22=0x461e74dd
          30641	      1430	80000324	80000bb7	lui	x23,0x80000	 x23=0x80000000
          30661	      1431	80000328	4c01	c.li	x24,0	 x24=0x00000000
          30681	      1432	8000032a	4c81	c.li	x25,0	 x25=0x00000000
          31081	      1452	8000032c	27fd4d37	lui	x26,0x27fd4	 x26=0x27fd4000
          31121	      1454	80000330	2acd0d13	addi	x26,x26,684	 x26:0x27fd4000 x26=0x27fd42ac
          31141	      1455	80000334	50cc6db7	lui	x27,0x50cc6	 x27=0x50cc6000
          31161	      1456	80000338	157d8d93	addi	x27,x27,343	 x27:0x50cc6000 x27=0x50cc6157
          31181	      1457	8000033c	4e3d	c.li	x28,15	 x28=0x0000000f
          31361	      1466	8000033e	59730eb7	lui	x29,0x59730	 x29=0x59730000
          31541	      1475	80000342	e31e8e93	addi	x29,x29,-463	 x29:0x59730000 x29=0x5972fe31
          31561	      1476	80000346	4fa1	c.li	x31,8	 x31=0x00000008
          31921	      1494	80000348	00022897	auipc	x17,0x22	 x17=0x80022348
          31941	      1495	8000034c	b1c88893	addi	x17,x17,-1252	 x17:0x80022348 x17=0x80021e64
          31961	      1496	80000350	900004b7	lui	x9,0x90000	  x9=0x90000000
          31981	      1497	80000354	14f1	c.addi	x9,-4	  x9:0x90000000  x9=0x8ffffffc
          32001	      1498	80000356	4581	c.li	x11,0	 x11=0x00000000
          32021	      1499	80000358	05a2	c.slli	x11,0x8	 x11:0x00000000 x11=0x00000000
          32041	      1500	8000035a	00058593	addi	x11,x11,0	 x11:0x00000000 x11=0x00000000
          32181	      1507	8000035e	c08c	c.sw	x11,0(x9)	  x9:0x8ffffffc x11:0x00000000 PA:0x8ffffffc store:0x00000000
          32201	      1508	80000360	6dd0206f	jal	x0,8000323c	  x0=0x00000000
          46781	      2237	8000323c	00008a17	auipc	x20,0x8	 x20=0x8000b23c
          46801	      2238	80003240	5e6a0a13	addi	x20,x20,1510	 x20:0x8000b23c x20=0x8000b822
          46821	      2239	80003244	1700	c.addi4spn	x8,x2,928	  x8=0x000003a0
          46841	      2240	80003246	9e56	c.add	x28,x21	 x28:0x0000000f x21:0x00000000 x28=0x0000000f
          46861	      2241	80003248	02ca8e33	mul	x28,x21,x12	 x21:0x00000000 x12:0xf019a8a3 x28=0x00000000
          46881	      2242	8000324c	00a225b3	slt	x11,x4,x10	  x4:0x54774c1d x10:0x00000000 x11=0x00000000
          47061	      2251	80003250	00ebb633	sltu	x12,x23,x14	 x23:0x80000000 x14:0x00000000 x12=0x00000000
          47281	      2262	80003254	009a9533	sll	x10,x21,x9	 x21:0x00000000  x9:0x8ffffffc x10=0x00000000
          47301	      2263	80003258	00f725b3	slt	x11,x14,x15	 x14:0x00000000 x15:0x00000000 x11=0x00000000
          47721	      2284	8000325c	006829b3	slt	x19,x16,x6	 x16:0xf6b7ab95  x6:0x00000000 x19=0x00000001
          47741	      2285	80003260	6151	c.addi16sp	x2,272	  x2:0x00000000  x2=0x00000110
          47761	      2286	80003262	c44a0a13	addi	x20,x20,-956	 x20:0x8000b822 x20=0x8000b466
          47961	      2296	80003266	00c7abb3	slt	x23,x15,x12	 x15:0x00000000 x12:0x00000000 x23=0x00000000
          47981	      2297	8000326a	3bda00e7	jalr	x1,957(x20)	 x20:0x8000b466  x1=0x8000326e
          48901	      2343	8000b822	00fb7463	bgeu	x22,x15,8000b82a	 x22:0x461e74dd x15:0x00000000
          49481	      2372	8000b82a	fc488893	addi	x17,x17,-60	 x17:0x80021e64 x17=0x80021e28
          49501	      2373	8000b82e	b8807973	csrrci	x18,mhpmcounter8h,0	 x18=0x00000000
          49781	      2387	8000b832	0018a223	sw	x1,4(x17)	 x17:0x80021e28  x1:0x8000326e PA:0x80021e2c store:0x8000326e
          49801	      2388	8000b836	cfd9aa37	lui	x20,0xcfd9a	 x20=0xcfd9a000
          49821	      2389	8000b83a	cc81	c.beqz	x9,8000b852	  x9:0x8ffffffc
          49961	      2396	8000b83c	8e65	c.and	x12,x9	 x12:0x00000000  x9:0x8ffffffc x12=0x00000000
          49981	      2397	8000b83e	32b06573	csrrsi	x10,mhpmevent11,0	 x10=0x00000100
          50721	      2434	8000b842	03ba65b3	rem	x11,x20,x27	 x20:0xcfd9a000 x27:0x50cc6157 x11=0xcfd9a000
          50761	      2436	8000b846	02f2cd33	div	x26,x5,x15	  x5:0x00000001 x15:0x00000000 x26=0xffffffff
          50781	      2437	8000b84a	03f57363	bgeu	x10,x31,8000b870	 x10:0x00000100 x31:0x00000008
          51261	      2461	8000b870	327033f3	csrrc	x7,mhpmevent7,x0	  x0:0x00000000  x7=0x00000010
          51481	      2472	8000b874	0356d833	divu	x16,x13,x21	 x13:0x0000000f x21:0x00000000 x16=0xffffffff
          51641	      2480	8000b878	023bb633	mulhu	x12,x23,x3	 x23:0x00000000  x3:0xf6c56eb7 x12=0x00000000
          51721	      2484	8000b87c	02626bb3	rem	x23,x4,x6	  x4:0x54774c1d  x6:0x00000000 x23=0x54774c1d
          51761	      2486	8000b880	0ff0000f	fence	iorw,iorw	
          51781	      2487	8000b884	04b9f463	bgeu	x19,x11,8000b8cc	 x19:0x00000001 x11:0xcfd9a000
          51801	      2488	8000b888	b842d4f3	csrrwi	x9,mhpmcounter4h,5	  x9=0x00000000
          52021	      2499	8000b88c	0212	c.slli	x4,0x4	  x4:0x54774c1d  x4=0x4774c1d0
          52041	      2500	8000b88e	e119	c.bnez	x10,8000b894	 x10:0x00000100
          52541	      2525	8000b894	68994993	xori	x19,x18,1673	 x18:0x00000000 x19=0x00000689
          52741	      2535	8000b898	0211fa63	bgeu	x3,x1,8000b8cc	  x3:0xf6c56eb7  x1:0x8000326e
          53381	      2567	8000b8cc	0ff0000f	fence	iorw,iorw	
          53441	      2570	8000b8d0	ed3911b7	lui	x3,0xed391	  x3=0xed391000
          54341	      2615	8000b8d4	0344d7b3	divu	x15,x9,x20	  x9:0x00000000 x20:0xcfd9a000 x15=0x00000000
          54361	      2616	8000b8d8	409383b3	sub	x7,x7,x9	  x7:0x00000010  x9:0x00000000  x7=0x00000010
          54381	      2617	8000b8dc	011d5413	srli	x8,x26,0x11	 x26:0xffffffff  x8=0x00007fff
          54401	      2618	8000b8e0	b8c03973	csrrc	x18,mhpmcounter12h,x0	  x0:0x00000000 x18=0x00000000
          54421	      2619	8000b8e4	0ff0000f	fence	iorw,iorw	
          54441	      2620	8000b8e8	01a49a93	slli	x21,x9,0x1a	  x9:0x00000000 x21=0x00000000
          54461	      2621	8000b8ec	9afd	c.andi	x13,-1	 x13:0x0000000f x13=0x0000000f
          54501	      2623	8000b8ee	0159a833	slt	x16,x19,x21	 x19:0x00000689 x21:0x00000000 x16=0x00000000
          54841	      2640	8000b8f2	0048a083	lw	x1,4(x17)	 x17:0x80021e28  x1=0x8000326e PA:0x80021e2c load:0x8000326e
          54861	      2641	8000b8f6	03c88893	addi	x17,x17,60	 x17:0x80021e28 x17=0x80021e64
          54981	      2647	8000b8fa	01cf1713	slli	x14,x30,0x1c	 x30:0x80025ce4 x14=0x40000000
          55001	      2648	8000b8fe	14fd	c.addi	x9,-1	  x9:0x00000000  x9=0xffffffff
          55021	      2649	8000b900	00c09b13	slli	x22,x1,0xc	  x1:0x8000326e x22=0x0326e000
          55261	      2661	8000b904	9406	c.add	x8,x1	  x8:0x00007fff  x1:0x8000326e  x8=0x8000b26d
          55281	      2662	8000b906	8d6d	c.and	x10,x11	 x10:0x00000100 x11:0xcfd9a000 x10=0x00000000
          55301	      2663	8000b908	01212e33	slt	x28,x2,x18	  x2:0x00000110 x18:0x00000000 x28=0x00000000
          55401	      2668	8000b90c	00008a13	addi	x20,x1,0	  x1:0x8000326e x20=0x8000326e
          55701	      2683	8000b910	000a0a67	jalr	x20,0(x20)	 x20:0x8000326e x20=0x8000b914
          55741	      2685	8000326e	717d	c.addi16sp	x2,-16	  x2:0x00000110  x2=0x00000100
          55821	      2689	80003270	0309dc33	divu	x24,x19,x16	 x19:0x00000689 x16:0x00000000 x24=0xffffffff
          55841	      2690	80003274	019a	c.slli	x3,0x6	  x3:0xed391000  x3=0x4e440000
          55861	      2691	80003276	00aafbb3	and	x23,x21,x10	 x21:0x00000000 x10:0x00000000 x23=0x00000000
          55881	      2692	8000327a	8f5d	c.or	x14,x15	 x14:0x40000000 x15:0x00000000 x14=0x40000000
          56621	      2729	8000327c	02b941b3	div	x3,x18,x11	 x18:0x00000000 x11:0xcfd9a000  x3=0x00000000
          56641	      2730	80003280	d371b393	sltiu	x7,x3,-713	  x3:0x00000000  x7=0x00000001
          56661	      2731	80003284	8ee5	c.and	x13,x9	 x13:0x0000000f  x9:0xffffffff x13=0x0000000f
          56681	      2732	80003286	4735	c.li	x14,13	 x14=0x0000000d
          56701	      2733	80003288	0197f5b3	and	x11,x15,x25	 x15:0x00000000 x25:0x00000000 x11=0x00000000
          56721	      2734	8000328c	00ab21b3	slt	x3,x22,x10	 x22:0x0326e000 x10:0x00000000  x3=0x00000000
          57461	      2771	80003290	027972b3	remu	x5,x18,x7	 x18:0x00000000  x7:0x00000001  x5=0x00000000
          57481	      2772	80003294	323f5173	csrrwi	x2,mhpmevent3,30	  x2=0x00000001
          57561	      2776	80003298	02fac033	div	x0,x21,x15	 x21:0x00000000 x15:0x00000000  x0=0x00000000
          57581	      2777	8000329c	00410e33	add	x28,x2,x4	  x2:0x00000001  x4:0x4774c1d0 x28=0x4774c1d1
          57601	      2778	800032a0	25d33e13	sltiu	x28,x6,605	  x6:0x00000000 x28=0x00000001
          57641	      2780	800032a4	0396aa33	mulhsu	x20,x13,x25	 x13:0x0000000f x25:0x00000000 x20=0x00000000
          58001	      2798	800032a8	013e5b13	srli	x22,x28,0x13	 x28:0x00000001 x22=0x00000000
          58021	      2799	800032ac	8523d337	lui	x6,0x8523d	  x6=0x8523d000
          58101	      2803	800032b0	021483b3	mul	x7,x9,x1	  x9:0xffffffff  x1:0x8000326e  x7=0x7fffcd92
          58181	      2807	800032b4	010fd833	srl	x16,x31,x16	 x31:0x00000008 x16:0x00000000 x16=0x00000008
          58921	      2844	800032b8	0285fe33	remu	x28,x11,x8	 x11:0x00000000  x8:0x8000b26d x28=0x00000000
          58941	      2845	800032bc	81d9	c.srli	x11,0x16	 x11:0x00000000 x11=0x00000000
          58981	      2847	800032be	02a1fcb3	remu	x25,x3,x10	  x3:0x00000000 x10:0x00000000 x25=0x00000000
          59721	      2884	800032c2	028e5ab3	divu	x21,x28,x8	 x28:0x00000000  x8:0x8000b26d x21=0x00000000
          59741	      2885	800032c6	01caac33	slt	x24,x21,x28	 x21:0x00000000 x28:0x00000000 x24=0x00000000
          59761	      2886	800032ca	07469363	bne	x13,x20,80003330	 x13:0x0000000f x20:0x00000000
          59961	      2896	80003330	02054233	div	x4,x10,x0	 x10:0x00000000  x0:0x00000000  x4=0xffffffff
          60121	      2904	80003334	041e	c.slli	x8,0x7	  x8:0x8000b26d  x8=0x00593680
          60181	      2907	80003336	00d8e033	or	x0,x17,x13	 x17:0x80021e64 x13:0x0000000f  x0=0x00000000
          60201	      2908	8000333a	018cb9b3	sltu	x19,x25,x24	 x25:0x00000000 x24:0x00000000 x19=0x00000000
          60321	      2914	8000333e	03641b33	mulh	x22,x8,x22	  x8:0x00593680 x22:0x00000000 x22=0x00000000
          60341	      2915	80003342	00ac1913	slli	x18,x24,0xa	 x24:0x00000000 x18=0x00000000
          60741	      2935	80003346	31007473	csrrci	x8,0x310,0	  x8=0x00000000
          60781	      2937	8000334a	01801b13	slli	x22,x0,0x18	  x0:0x00000000 x22=0x00000000
          60801	      2938	8000334e	41965293	srai	x5,x12,0x19	 x12:0x00000000  x5=0x00000000
          60841	      2940	80003352	03684133	div	x2,x16,x22	 x16:0x00000008 x22:0x00000000  x2=0xffffffff
          60861	      2941	80003356	0001	c.addi	x0,0	  x0:0x00000000  x0=0x00000000
          60901	      2943	80003358	02103fb3	mulhu	x31,x0,x1	  x0:0x00000000  x1:0x8000326e x31=0x00000000
          60921	      2944	8000335c	00cdb2b3	sltu	x5,x27,x12	 x27:0x50cc6157 x12:0x00000000  x5=0x00000000
          60941	      2945	80003360	0ff0000f	fence	iorw,iorw	
          61121	      2954	80003364	035e1cb3	mulh	x25,x28,x21	 x28:0x00000000 x21:0x00000000 x25=0x00000000
          61261	      2961	80003368	41bbd533	sra	x10,x23,x27	 x23:0x00000000 x27:0x50cc6157 x10=0x00000000
          61381	      2967	8000336c	00cf00b3	add	x1,x30,x12	 x30:0x80025ce4 x12:0x00000000  x1=0x80025ce4
          61401	      2968	80003370	40835313	srai	x6,x6,0x8	  x6:0x8523d000  x6=0xff8523d0
          61421	      2969	80003374	8489	c.srai	x9,0x2	  x9:0xffffffff  x9=0xffffffff
          61441	      2970	80003376	00270833	add	x16,x14,x2	 x14:0x0000000d  x2:0xffffffff x16=0x0000000c
          61461	      2971	8000337a	84c5	c.srai	x9,0x11	  x9:0xffffffff  x9=0xffffffff
          61481	      2972	8000337c	0ff0000f	fence	iorw,iorw	
          62641	      3030	80003380	0244fc33	remu	x24,x9,x4	  x9:0xffffffff  x4:0xffffffff x24=0x00000000
          62661	      3031	80003384	965a	c.add	x12,x22	 x12:0x00000000 x22:0x00000000 x12=0x00000000
          62681	      3032	80003386	86dd	c.srai	x13,0x17	 x13:0x0000000f x13=0x00000000
          62701	      3033	80003388	01161f93	slli	x31,x12,0x11	 x12:0x00000000 x31=0x00000000
          62721	      3034	8000338c	97854913	xori	x18,x10,-1672	 x10:0x00000000 x18=0xfffff978
          63141	      3055	80003390	0736cd63	blt	x13,x19,8000340a	 x13:0x00000000 x19:0x00000000
          63241	      3060	80003394	32706273	csrrsi	x4,mhpmevent7,0	  x4=0x00000010
          63341	      3065	80003398	026f9433	mulh	x8,x31,x6	 x31:0x00000000  x6:0xff8523d0  x8=0x00000000
          63741	      3085	8000339c	439d	c.li	x7,7	  x7=0x00000007
          63761	      3086	8000339e	7c002c73	csrrs	x24,0x7c0,x0	  x0:0x00000000 x24=0x00000101
          63781	      3087	800033a2	8e41	c.or	x12,x8	 x12:0x00000000  x8:0x00000000 x12=0x00000000
          63921	      3094	800033a4	037e6ab3	rem	x21,x28,x23	 x28:0x00000000 x23:0x00000000 x21=0x00000000
          64281	      3112	800033a8	40da8333	sub	x6,x21,x13	 x21:0x00000000 x13:0x00000000  x6=0x00000000
          64361	      3116	800033ac	018b6a63	bltu	x22,x24,800033c0	 x22:0x00000000 x24:0x00000101
          65001	      3148	800033c0	41d2dd93	srai	x27,x5,0x1d	  x5:0x00000000 x27=0x00000000
          65021	      3149	800033c4	1600	c.addi4spn	x8,x2,800	  x8=0x0000031f
          65241	      3160	800033c6	00001517	auipc	x10,0x1	 x10=0x800043c6
          65261	      3161	800033ca	2be50513	addi	x10,x10,702	 x10:0x800043c6 x10=0x80004684
          65461	      3171	800033ce	00385213	srli	x4,x16,0x3	 x16:0x0000000c  x4=0x00000001
          65481	      3172	800033d2	8f9d	c.sub	x15,x15	 x15:0x00000000 x15:0x00000000 x15=0x00000000
          65901	      3193	800033d4	025a35b3	mulhu	x11,x20,x5	 x20:0x00000000  x5:0x00000000 x11=0x00000000
          66281	      3212	800033d8	23050513	addi	x10,x10,560	 x10:0x80004684 x10=0x800048b4
          66421	      3219	800033dc	8869	c.andi	x8,26	  x8:0x0000031f  x8=0x0000001a
          66641	      3230	800033de	02d7a0b3	mulhsu	x1,x15,x13	 x15:0x00000000 x13:0x00000000  x1=0x00000000
          66661	      3231	800033e2	f24bc017	auipc	x0,0xf24bc	  x0=0x00000000
          66701	      3233	800033e6	0347d4b3	divu	x9,x15,x20	 x15:0x00000000 x20:0x00000000  x9=0xffffffff
          67081	      3252	800033ea	005e9663	bne	x29,x5,800033f6	 x29:0x5972fe31  x5:0x00000000
          68241	      3310	800033f6	dd0500e7	jalr	x1,-560(x10)	 x10:0x800048b4  x1=0x800033fa
          70001	      3398	80004684	01f0d213	srli	x4,x1,0x1f	  x1:0x800033fa  x4=0x00000001
          70381	      3417	80004688	01cbc863	blt	x23,x28,80004698	 x23:0x00000000 x28:0x00000000
          70401	      3418	8000468c	01cfb4b3	sltu	x9,x31,x28	 x31:0x00000000 x28:0x00000000  x9=0x00000000
          70561	      3426	80004690	1b433a13	sltiu	x20,x6,436	  x6:0x00000000 x20=0x00000001
          70681	      3432	80004694	0001	c.addi	x0,0	  x0:0x00000000  x0=0x00000000
          70701	      3433	80004696	8e19	c.sub	x12,x14	 x12:0x00000000 x14:0x0000000d x12=0xfffffff3
          70721	      3434	80004698	1891	c.addi	x17,-28	 x17:0x80021e64 x17=0x80021e48
          70741	      3435	8000469a	97d2	c.add	x15,x20	 x15:0x00000000 x20:0x00000001 x15=0x00000001
          70761	      3436	8000469c	b91bb013	sltiu	x0,x23,-1135	 x23:0x00000000  x0=0x00000000
          71301	      3463	800046a0	0018a223	sw	x1,4(x17)	 x17:0x80021e48  x1:0x800033fa PA:0x80021e4c store:0x800033fa
          71321	      3464	800046a4	19fd	c.addi	x19,-1	 x19:0x00000000 x19=0xffffffff
          71341	      3465	800046a6	01cb8633	add	x12,x23,x28	 x23:0x00000000 x28:0x00000000 x12=0x00000000
          71361	      3466	800046aa	06e94c93	xori	x25,x18,110	 x18:0xfffff978 x25=0xfffff916
          71381	      3467	800046ae	9372	c.add	x6,x28	  x6:0x00000000 x28:0x00000000  x6=0x00000000
          71541	      3475	800046b0	833b3ab7	lui	x21,0x833b3	 x21=0x833b3000
          71601	      3478	800046b4	0ada	c.slli	x21,0x16	 x21:0x833b3000 x21=0x00000000
          71621	      3479	800046b6	0001	c.addi	x0,0	  x0:0x00000000  x0=0x00000000
          72021	      3499	800046b8	960e	c.add	x12,x3	 x12:0x00000000  x3:0x00000000 x12=0x00000000
          72041	      3500	800046ba	0b14	c.addi4spn	x13,x2,400	 x13=0x0000018f
          73101	      3553	800046bc	03ab44b3	div	x9,x22,x26	 x22:0x00000000 x26:0xffffffff  x9=0x00000000
          73121	      3554	800046c0	400d5533	sra	x10,x26,x0	 x26:0xffffffff  x0:0x00000000 x10=0xffffffff
          73141	      3555	800046c4	8e15	c.sub	x12,x13	 x12:0x00000000 x13:0x0000018f x12=0xfffffe71
          73161	      3556	800046c6	ec1d	c.bnez	x8,80004704	  x8:0x0000001a
          73701	      3583	80004704	02470533	mul	x10,x14,x4	 x14:0x0000000d  x4:0x00000001 x10=0x0000000d
          73961	      3596	80004708	016a5033	srl	x0,x20,x22	 x20:0x00000001 x22:0x00000000  x0=0x00000000
          73981	      3597	8000470c	140c	c.addi4spn	x11,x2,544	 x11=0x0000021f
          74001	      3598	8000470e	41f501b3	sub	x3,x10,x31	 x10:0x0000000d x31:0x00000000  x3=0x0000000d
          74121	      3604	80004712	7c006073	csrrsi	x0,0x7c0,0	  x0=0x00000000
          74181	      3607	80004716	30a7f073	csrrci	x0,0x30a,15	  x0=0x00000000
          74241	      3610	8000471a	2d032b13	slti	x22,x6,720	  x6:0x00000000 x22=0x00000001
          74401	      3618	8000471e	01ce9c63	bne	x29,x28,80004736	 x29:0x5972fe31 x28:0x00000000
          75701	      3683	80004736	03b3e963	bltu	x7,x27,80004768	  x7:0x00000007 x27:0x00000000
          75721	      3684	8000473a	41960933	sub	x18,x12,x25	 x12:0xfffffe71 x25:0xfffff916 x18=0x0000055b
          76141	      3705	8000473e	8abebe13	sltiu	x28,x29,-1877	 x29:0x5972fe31 x28=0x00000001
          76161	      3706	80004742	17aaa813	slti	x16,x21,378	 x21:0x00000000 x16=0x00000001
          76181	      3707	80004746	007f5333	srl	x6,x30,x7	 x30:0x80025ce4  x7:0x00000007  x6=0x010004b9
          76201	      3708	8000474a	0001	c.addi	x0,0	  x0:0x00000000  x0=0x00000000
          76241	      3710	8000474c	00619133	sll	x2,x3,x6	  x3:0x0000000d  x6:0x010004b9  x2=0x1a000000
          76261	      3711	80004750	000ba9b3	slt	x19,x23,x0	 x23:0x00000000  x0:0x00000000 x19=0x00000000
          76481	      3722	80004754	41c380b3	sub	x1,x7,x28	  x7:0x00000007 x28:0x00000001  x1=0x00000006
          76581	      3727	80004758	033d4a33	div	x20,x26,x19	 x26:0xffffffff x19:0x00000000 x20=0xffffffff
          76601	      3728	8000475c	00d65413	srli	x8,x12,0xd	 x12:0xfffffe71  x8=0x0007ffff
          76641	      3730	80004760	01639d13	slli	x26,x7,0x16	  x7:0x00000007 x26=0x01c00000
          76661	      3731	80004764	03ca1863	bne	x20,x28,80004794	 x20:0xffffffff x28:0x00000001
          77321	      3764	80004794	03335063	bge	x6,x19,800047b4	  x6:0x010004b9 x19:0x00000000
          78381	      3817	800047b4	01210b33	add	x22,x2,x18	  x2:0x1a000000 x18:0x0000055b x22=0x1a00055b
          78421	      3819	800047b8	8e2d	c.xor	x12,x11	 x12:0xfffffe71 x11:0x0000021f x12=0xfffffc6e
          78441	      3820	800047ba	86b2	c.mv	x13,x12	  x0:0x00000000 x12:0xfffffc6e x13=0xfffffc6e
          78461	      3821	800047bc	41960333	sub	x6,x12,x25	 x12:0xfffffc6e x25:0xfffff916  x6=0x00000358
          78481	      3822	800047c0	84cf3813	sltiu	x16,x30,-1972	 x30:0x80025ce4 x16=0x00000001
          78881	      3842	800047c4	9b7d	c.andi	x14,-1	 x14:0x0000000d x14=0x0000000d
          79001	      3848	800047c6	7a3074f3	csrrci	x9,tdata3,0	  x9=0x00000000
          80141	      3905	800047ca	03cdee33	rem	x28,x27,x28	 x27:0x00000000 x28:0x00000001 x28=0x00000000
          85381	      4167	800047ce	01bcc463	blt	x25,x27,800047d6	 x25:0xfffff916 x27:0x00000000
          85441	      4170	800047d6	02fbf963	bgeu	x23,x15,80004808	 x23:0x00000000 x15:0x00000001
          85461	      4171	800047da	b0912c73	csrrs	x24,mhpmcounter9,x2	  x2:0x1a000000 x24=0x0000000c
          85581	      4177	800047de	02a731b3	mulhu	x3,x14,x10	 x14:0x0000000d x10:0x0000000d  x3=0x00000000
          85981	      4197	800047e2	035f4e63	blt	x30,x21,8000481e	 x30:0x80025ce4 x21:0x00000000
          86761	      4236	8000481e	698d	c.lui	x19,0x3	 x19=0x00003000
          87061	      4251	80004820	8f75	c.and	x14,x13	 x14:0x0000000d x13:0xfffffc6e x14=0x0000000c
          87081	      4252	80004822	00ac8733	add	x14,x25,x10	 x25:0xfffff916 x10:0x0000000d x14=0xfffff923
          87101	      4253	80004826	4ff5	c.li	x31,29	 x31=0x0000001d
          87121	      4254	80004828	f15034f3	csrrc	x9,0xf15,x0	  x0:0x00000000  x9=0x00000000
          87141	      4255	8000482c	02be5863	bge	x28,x11,8000485c	 x28:0x00000000 x11:0x0000021f
          87161	      4256	80004830	016ba233	slt	x4,x23,x22	 x23:0x00000000 x22:0x1a00055b  x4=0x00000001
          87541	      4275	80004834	01f4e463	bltu	x9,x31,8000483c	  x9:0x00000000 x31:0x0000001d
          88441	      4320	8000483c	00b53033	sltu	x0,x10,x11	 x10:0x0000000d x11:0x0000021f  x0=0x00000000
          89081	      4352	80004840	02da7863	bgeu	x20,x13,80004870	 x20:0xffffffff x13:0xfffffc6e
          90261	      4411	80004870	0f86	c.slli	x31,0x1	 x31:0x0000001d x31=0x0000003a
          90281	      4412	80004872	8f69	c.and	x14,x10	 x14:0xfffff923 x10:0x0000000d x14=0x00000001
          90301	      4413	80004874	ce99	c.beqz	x13,80004892	 x13:0xfffffc6e
          90321	      4414	80004876	8d59	c.or	x10,x14	 x10:0x0000000d x14:0x00000001 x10=0x0000000d
          90341	      4415	80004878	d6112937	lui	x18,0xd6112	 x18=0xd6112000
          90441	      4420	8000487c	8d4d	c.or	x10,x11	 x10:0x0000000d x11:0x0000021f x10=0x0000021f
          90461	      4421	8000487e	8c11	c.sub	x8,x12	  x8:0x0007ffff x12:0xfffffc6e  x8=0x00080391
          90501	      4423	80004880	026bb133	mulhu	x2,x23,x6	 x23:0x00000000  x6:0x00000358  x2=0x00000000
          90541	      4425	80004884	006d9933	sll	x18,x27,x6	 x27:0x00000000  x6:0x00000358 x18=0x00000000
          90621	      4429	80004888	42e5	c.li	x5,25	  x5=0x00000019
          90641	      4430	8000488a	01fb2933	slt	x18,x22,x31	 x22:0x1a00055b x31:0x0000003a x18=0x00000000
          90661	      4431	8000488e	0debe813	ori	x16,x23,222	 x23:0x00000000 x16=0x000000de
          90681	      4432	80004892	8e51	c.or	x12,x12	 x12:0xfffffc6e x12:0xfffffc6e x12=0xfffffc6e
          90781	      4437	80004894	bd16fa93	andi	x21,x13,-1071	 x13:0xfffffc6e x21=0xfffff840
          90861	      4441	80004898	01a07fb3	and	x31,x0,x26	  x0:0x00000000 x26:0x01c00000 x31=0x00000000
          90901	      4443	8000489c	036d1833	mulh	x16,x26,x22	 x26:0x01c00000 x22:0x1a00055b x16=0x002d8009
          90921	      4444	800048a0	0686	c.slli	x13,0x1	 x13:0xfffffc6e x13=0xfffff8dc
          90941	      4445	800048a2	8f01	c.sub	x14,x8	 x14:0x00000001  x8:0x00080391 x14=0xfff7fc70
          91321	      4464	800048a4	9fa6	c.add	x31,x9	 x31:0x00000000  x9:0x00000000 x31=0x00000000
          92061	      4501	800048a6	034af933	remu	x18,x21,x20	 x21:0xfffff840 x20:0xffffffff x18=0xfffff840
          92081	      4502	800048aa	87bd	c.srai	x15,0xf	 x15:0x00000001 x15=0x00000000
          92101	      4503	800048ac	01e13733	sltu	x14,x2,x30	  x2:0x00000000 x30:0x80025ce4 x14=0x00000001
          92141	      4505	800048b0	02cf2e33	mulhsu	x28,x30,x12	 x30:0x80025ce4 x12:0xfffffc6e x28=0x80025eac
          92161	      4506	800048b4	0001	c.addi	x0,0	  x0:0x00000000  x0=0x00000000
          92901	      4543	800048b6	03a6db33	divu	x22,x13,x26	 x13:0xfffff8dc x26:0x01c00000 x22=0x00000092
          92921	      4544	800048ba	02e61663	bne	x12,x14,800048e6	 x12:0xfffffc6e x14:0x00000001
          93181	      4557	800048e6	02616363	bltu	x2,x6,8000490c	  x2:0x00000000  x6:0x00000358
          93921	      4594	8000490c	f868cb13	xori	x22,x17,-122	 x17:0x80021e48 x22=0x7ffde1ce
          93961	      4596	80004910	0097d333	srl	x6,x15,x9	 x15:0x00000000  x9:0x00000000  x6=0x00000000
          93981	      4597	80004914	e689	c.bnez	x13,8000491e	 x13:0xfffff8dc
          94321	      4614	8000491e	6861	c.lui	x16,0x18	 x16=0x00018000
          94401	      4618	80004920	010f2133	slt	x2,x30,x16	 x30:0x80025ce4 x16:0x00018000  x2=0x00000001
          94761	      4636	80004924	717d	c.addi16sp	x2,-16	  x2:0x00000001  x2=0xfffffff1
          94781	      4637	80004926	9092	c.add	x1,x4	  x1:0x00000006  x4:0x00000001  x1=0x00000007
          95001	      4648	80004928	cb11	c.beqz	x14,8000493c	 x14:0x00000001
          95021	      4649	8000492a	997d	c.andi	x10,-1	 x10:0x0000021f x10=0x0000021f
          95281	      4662	8000492c	0606	c.slli	x12,0x1	 x12:0xfffffc6e x12=0xfffff8dc
          95701	      4683	8000492e	f12ee213	ori	x4,x29,-238	 x29:0x5972fe31  x4=0xffffff33
          95721	      4684	80004932	00870d63	beq	x14,x8,8000494c	 x14:0x00000001  x8:0x00080391
          95741	      4685	80004936	86a1	c.srai	x13,0x8	 x13:0xfffff8dc x13=0xfffffff8
          95761	      4686	80004938	0001	c.addi	x0,0	  x0:0x00000000  x0=0x00000000
          95781	      4687	8000493a	8c31	c.xor	x8,x12	  x8:0x00080391 x12:0xfffff8dc  x8=0xfff7fb4d
          95921	      4694	8000493c	8ef5	c.and	x13,x13	 x13:0xfffffff8 x13:0xfffffff8 x13=0xfffffff8
          95941	      4695	8000493e	cc99	c.beqz	x9,8000495c	  x9:0x00000000
          96161	      4706	8000495c	85ed	c.srai	x11,0x1b	 x11:0x0000021f x11=0x00000000
          96201	      4708	8000495e	021b0233	mul	x4,x22,x1	 x22:0x7ffde1ce  x1:0x00000007  x4=0x7ff12ca2
          96221	      4709	80004962	018a1a63	bne	x20,x24,80004976	 x20:0xffffffff x24:0x0000000c
          96721	      4734	80004976	02250633	mul	x12,x10,x2	 x10:0x0000021f  x2:0xfffffff1 x12=0xffffe02f
          96761	      4736	8000497a	02b26833	rem	x16,x4,x11	  x4:0x7ff12ca2 x11:0x00000000 x16=0x7ff12ca2
          97161	      4756	8000497e	40b4dc33	sra	x24,x9,x11	  x9:0x00000000 x11:0x00000000 x24=0x00000000
          97961	      4796	80004982	034752b3	divu	x5,x14,x20	 x14:0x00000001 x20:0xffffffff  x5=0x00000000
          98001	      4798	80004986	03c02cb3	mulhsu	x25,x0,x28	  x0:0x00000000 x28:0x80025eac x25=0x00000000
          98021	      4799	8000498a	ee060a93	addi	x21,x12,-288	 x12:0xffffe02f x21=0xffffdf0f
          98041	      4800	8000498e	005ecfb3	xor	x31,x29,x5	 x29:0x5972fe31  x5:0x00000000 x31=0x5972fe31
          98061	      4801	80004992	30a9e173	csrrsi	x2,0x30a,19	  x2=0x00000000
          98121	      4804	80004996	03b27663	bgeu	x4,x27,800049c2	  x4:0x7ff12ca2 x27:0x00000000
          98461	      4821	800049c2	02061033	mulh	x0,x12,x0	 x12:0xffffe02f  x0:0x00000000  x0=0x00000000
          98481	      4822	800049c6	6155	c.addi16sp	x2,304	  x2:0x00000000  x2=0x00000130
          98521	      4824	800049c8	02c5b333	mulhu	x6,x11,x12	 x11:0x00000000 x12:0xffffe02f  x6=0x00000000
          98541	      4825	800049cc	022e0533	mul	x10,x28,x2	 x28:0x80025eac  x2:0x00000130 x10=0x02d06c40
          98561	      4826	800049d0	32a06373	csrrsi	x6,mhpmevent10,0	  x6=0x00000080
          98581	      4827	800049d4	8f96	c.mv	x31,x5	  x0:0x00000000  x5:0x00000000 x31=0x00000000
          98601	      4828	800049d6	ea99	c.bnez	x13,800049ec	 x13:0xfffffff8
          98961	      4846	800049ec	01ddd813	srli	x16,x27,0x1d	 x27:0x00000000 x16=0x00000000
          99001	      4848	800049f0	00cc1ab3	sll	x21,x24,x12	 x24:0x00000000 x12:0xffffe02f x21=0x00000000
          99041	      4850	800049f4	006bdf93	srli	x31,x23,0x6	 x23:0x00000000 x31=0x00000000
          99201	      4858	800049f8	bc5d0613	addi	x12,x26,-1083	 x26:0x01c00000 x12=0x01bffbc5
          99341	      4865	800049fc	024227b3	mulhsu	x15,x4,x4	  x4:0x7ff12ca2  x4:0x7ff12ca2 x15=0x3ff12d7d
          99521	      4874	80004a00	909a	c.add	x1,x6	  x1:0x00000007  x6:0x00000080  x1=0x00000087
          99541	      4875	80004a02	876d	c.srai	x14,0x1b	 x14:0x00000001 x14=0x00000000
          99581	      4877	80004a04	03582633	mulhsu	x12,x16,x21	 x16:0x00000000 x21:0x00000000 x12=0x00000000
          99601	      4878	80004a08	34306c73	csrrsi	x24,mtval,0	 x24=0x00000000
          99621	      4879	80004a0c	87e9	c.srai	x15,0x1a	 x15:0x3ff12d7d x15=0x0000000f
          99801	      4888	80004a0e	3b467237	lui	x4,0x3b467	  x4=0x3b467000
          99821	      4889	80004a12	eb95	c.bnez	x15,80004a46	 x15:0x0000000f
         100461	      4921	80004a46	000f5b33	srl	x22,x30,x0	 x30:0x80025ce4  x0:0x00000000 x22=0x80025ce4
         100481	      4922	80004a4a	8f45	c.or	x14,x9	 x14:0x00000000  x9:0x00000000 x14=0x00000000
         100501	      4923	80004a4c	1f18	c.addi4spn	x14,x2,944	 x14=0x000004e0
         100881	      4942	80004a4e	017c8a33	add	x20,x25,x23	 x25:0x00000000 x23:0x00000000 x20=0x00000000
         100901	      4943	80004a52	85cd	c.srai	x11,0x13	 x11:0x00000000 x11=0x00000000
         100941	      4945	80004a54	035f4933	div	x18,x30,x21	 x30:0x80025ce4 x21:0x00000000 x18=0xffffffff
         100961	      4946	80004a58	8169	c.srli	x10,0x1a	 x10:0x02d06c40 x10=0x00000000
         100981	      4947	80004a5a	6119	c.addi16sp	x2,384	  x2:0x00000130  x2=0x000002b0
         101001	      4948	80004a5c	c329	c.beqz	x14,80004a9e	 x14:0x000004e0
         101021	      4949	80004a5e	0000100f	fence.i	
         101861	      4991	80004a62	c972a493	slti	x9,x5,-873	  x5:0x00000000  x9=0x00000000
         101881	      4992	80004a66	9066a513	slti	x10,x13,-1786	 x13:0xfffffff8 x10=0x00000000
         101901	      4993	80004a6a	00fbda33	srl	x20,x23,x15	 x23:0x00000000 x15:0x0000000f x20=0x00000000
         101941	      4995	80004a6e	32349bf3	csrrw	x23,mhpmevent3,x9	  x9:0x00000000 x23=0x00000001
         102361	      5016	80004a72	01d27463	bgeu	x4,x29,80004a7a	  x4:0x3b467000 x29:0x5972fe31
         102381	      5017	80004a76	b0b07773	csrrci	x14,mhpmcounter11,0	 x14=0x00000011
         102521	      5024	80004a7a	03c19db3	mulh	x27,x3,x28	  x3:0x00000000 x28:0x80025eac x27=0x00000000
         102541	      5025	80004a7e	565ab293	sltiu	x5,x21,1381	 x21:0x00000000  x5=0x00000001
         102561	      5026	80004a82	007f8b33	add	x22,x31,x7	 x31:0x00000000  x7:0x00000007 x22=0x00000007
         102641	      5030	80004a86	000c9d13	slli	x26,x25,0x0	 x25:0x00000000 x26=0x00000000
         102661	      5031	80004a8a	127d	c.addi	x4,-1	  x4:0x3b467000  x4=0x3b466fff
         102861	      5041	80004a8c	036c9a63	bne	x25,x22,80004ac0	 x25:0x00000000 x22:0x00000007
         103141	      5055	80004ac0	c685	c.beqz	x13,80004ae8	 x13:0xfffffff8
         103161	      5056	80004ac2	6bd5	c.lui	x23,0x15	 x23=0x00015000
         103181	      5057	80004ac4	cf0d	c.beqz	x14,80004afe	 x14:0x00000011
         103521	      5074	80004ac6	a7d4d737	lui	x14,0xa7d4d	 x14=0xa7d4d000
         103541	      5075	80004aca	03ffc163	blt	x31,x31,80004aec	 x31:0x00000000 x31:0x00000000
         103561	      5076	80004ace	85ce	c.mv	x11,x19	  x0:0x00000000 x19:0x00003000 x11=0x00003000
         103581	      5077	80004ad0	00605863	bge	x0,x6,80004ae0	  x0:0x00000000  x6:0x00000080
         103801	      5088	80004ad4	04210193	addi	x3,x2,66	  x2:0x000002b0  x3=0x000002f2
         103821	      5089	80004ad8	01d68c63	beq	x13,x29,80004af0	 x13:0xfffffff8 x29:0x5972fe31
         103921	      5094	80004adc	03d58c63	beq	x11,x29,80004b14	 x11:0x00003000 x29:0x5972fe31
         103941	      5095	80004ae0	1ccbf093	andi	x1,x23,460	 x23:0x00015000  x1=0x00000000
         104061	      5101	80004ae4	824d	c.srli	x12,0x13	 x12:0x00000000 x12=0x00000000
         104081	      5102	80004ae6	083a	c.slli	x16,0xe	 x16:0x00000000 x16=0x00000000
         104121	      5104	80004ae8	84cab993	sltiu	x19,x21,-1972	 x21:0x00000000 x19=0x00000001
         104141	      5105	80004aec	8e85	c.sub	x13,x9	 x13:0xfffffff8  x9:0x00000000 x13=0xfffffff8
         104161	      5106	80004aee	8749	c.srai	x14,0x12	 x14:0xa7d4d000 x14=0xffffe9f5
         104181	      5107	80004af0	f5474f93	xori	x31,x14,-172	 x14:0xffffe9f5 x31=0x000016a1
         104281	      5112	80004af4	4dc5	c.li	x27,17	 x27=0x00000011
         104381	      5117	80004af6	00c735b3	sltu	x11,x14,x12	 x14:0xffffe9f5 x12:0x00000000 x11=0x00000000
         104401	      5118	80004afa	b07176f3	csrrci	x13,mhpmcounter7,2	 x13=0x00000005
         104701	      5133	80004afe	004726b3	slt	x13,x14,x4	 x14:0xffffe9f5  x4:0x3b466fff x13=0x00000001
         104721	      5134	80004b02	83b1	c.srli	x15,0xc	 x15:0x0000000f x15=0x00000000
         104861	      5141	80004b04	625ff513	andi	x10,x31,1573	 x31:0x000016a1 x10=0x00000621
         104881	      5142	80004b08	02548ab3	mul	x21,x9,x5	  x9:0x00000000  x5:0x00000001 x21=0x00000000
         104961	      5146	80004b0c	03949563	bne	x9,x25,80004b36	  x9:0x00000000 x25:0x00000000
         105101	      5153	80004b10	00342c33	slt	x24,x8,x3	  x8:0xfff7fb4d  x3:0x000002f2 x24=0x00000001
         105121	      5154	80004b14	01948563	beq	x9,x25,80004b1e	  x9:0x00000000 x25:0x00000000
         105761	      5186	80004b1e	0ff0000f	fence	iorw,iorw	
         105841	      5190	80004b22	0ff0000f	fence	iorw,iorw	
         106381	      5217	80004b26	3255f973	csrrci	x18,mhpmevent5,11	 x18=0x00000004
         106441	      5220	80004b2a	6095	c.lui	x1,0x5	  x1=0x00005000
         106481	      5222	80004b2c	0304a0b3	mulhsu	x1,x9,x16	  x9:0x00000000 x16:0x00000000  x1=0x00000000
         106501	      5223	80004b30	63f5	c.lui	x7,0x1d	  x7=0x0001d000
         106521	      5224	80004b32	000fefb3	or	x31,x31,x0	 x31:0x000016a1  x0:0x00000000 x31=0x000016a1
         106561	      5226	80004b36	03719c33	mulh	x24,x3,x23	  x3:0x000002f2 x23:0x00015000 x24=0x00000000
         106581	      5227	80004b3a	e385	c.bnez	x15,80004b5a	 x15:0x00000000
         106661	      5231	80004b3c	137d	c.addi	x6,-1	  x6:0x00000080  x6=0x0000007f
         106681	      5232	80004b3e	9aa5f513	andi	x10,x11,-1622	 x11:0x00000000 x10=0x00000000
         107001	      5248	80004b42	fb287013	andi	x0,x16,-78	 x16:0x00000000  x0=0x00000000
         107021	      5249	80004b46	0000100f	fence.i	
         107581	      5277	80004b4a	44ce32b7	lui	x5,0x44ce3	  x5=0x44ce3000
         107741	      5285	80004b4e	7c0b3573	csrrc	x10,0x7c0,x22	 x22:0x00000007 x10=0x00000101
         107861	      5291	80004b52	406f8cb3	sub	x25,x31,x6	 x31:0x000016a1  x6:0x0000007f x25=0x00001622
         107881	      5292	80004b56	b6e27593	andi	x11,x4,-1170	  x4:0x3b466fff x11=0x3b466b6e
         108021	      5299	80004b5a	00e242b3	xor	x5,x4,x14	  x4:0x3b466fff x14:0xffffe9f5  x5=0xc4b9860a
         108061	      5301	80004b5e	020c1db3	mulh	x27,x24,x0	 x24:0x00000000  x0:0x00000000 x27=0x00000000
         108081	      5302	80004b62	99e6	c.add	x19,x25	 x19:0x00000001 x25:0x00001622 x19=0x00001623
         108261	      5311	80004b64	022b0633	mul	x12,x22,x2	 x22:0x00000007  x2:0x000002b0 x12=0x000012d0
         108681	      5332	80004b68	5a2ba013	slti	x0,x23,1442	 x23:0x00015000  x0=0x00000000
         108701	      5333	80004b6c	c111	c.beqz	x10,80004b70	 x10:0x00000101
         108721	      5334	80004b6e	c10d	c.beqz	x10,80004b90	 x10:0x00000101
         108841	      5340	80004b70	03b56663	bltu	x10,x27,80004b9c	 x10:0x00000101 x27:0x00000000
         108861	      5341	80004b74	81e9	c.srli	x11,0x1a	 x11:0x3b466b6e x11=0x0000000e
         108881	      5342	80004b76	74b4f313	andi	x6,x9,1867	  x9:0x00000000  x6=0x00000000
         109221	      5359	80004b7a	b8c06573	csrrsi	x10,mhpmcounter12h,0	 x10=0x00000000
         109281	      5362	80004b7e	894422b7	lui	x5,0x89442	  x5=0x89442000
         109301	      5363	80004b82	5dfd	c.li	x27,-1	 x27=0xffffffff
         109361	      5366	80004b84	0ff0000f	fence	iorw,iorw	
         109401	      5368	80004b88	02d03bb3	mulhu	x23,x0,x13	  x0:0x00000000 x13:0x00000001 x23=0x00000000
         109801	      5388	80004b8c	13fd	c.addi	x7,-1	  x7:0x0001d000  x7=0x0001cfff
         109821	      5389	80004b8e	0001	c.addi	x0,0	  x0:0x00000000  x0=0x00000000
         109841	      5390	80004b90	41a954b3	sra	x9,x18,x26	 x18:0x00000004 x26:0x00000000  x9=0x00000004
         109861	      5391	80004b94	036e06b3	mul	x13,x28,x22	 x28:0x80025eac x22:0x00000007 x13=0x801096b4
         109901	      5393	80004b98	038dc833	div	x16,x27,x24	 x27:0xffffffff x24:0x00000000 x16=0xffffffff
         110281	      5412	80004b9c	02f285b3	mul	x11,x5,x15	  x5:0x89442000 x15:0x00000000 x11=0x00000000
         110301	      5413	80004ba0	0c6ff093	andi	x1,x31,198	 x31:0x000016a1  x1=0x00000080
         110321	      5414	80004ba4	03f29d63	bne	x5,x31,80004bde	  x5:0x89442000 x31:0x000016a1
         111021	      5449	80004bde	41dd5133	sra	x2,x26,x29	 x26:0x00000000 x29:0x5972fe31  x2=0x00000000
         111041	      5450	80004be2	717d	c.addi16sp	x2,-16	  x2:0x00000000  x2=0xfffffff0
         111261	      5461	80004be4	6dcd	c.lui	x27,0x13	 x27=0x00013000
         111281	      5462	80004be6	cf85	c.beqz	x15,80004c1e	 x15:0x00000000
         111981	      5497	80004c1e	cad87c93	andi	x25,x16,-851	 x16:0xffffffff x25=0xfffffcad
         112001	      5498	80004c22	8e99	c.sub	x13,x14	 x13:0x801096b4 x14:0xffffe9f5 x13=0x8010acbf
         112101	      5503	80004c24	8e59	c.or	x12,x14	 x12:0x000012d0 x14:0xffffe9f5 x12=0xfffffbf5
         112121	      5504	80004c26	814d	c.srli	x10,0x13	 x10:0x00000000 x10=0x00000000
         112221	      5509	80004c28	8edd	c.or	x13,x15	 x13:0x8010acbf x15:0x00000000 x13=0x8010acbf
         112641	      5530	80004c2a	037cc5b3	div	x11,x25,x23	 x25:0xfffffcad x23:0x00000000 x11=0xffffffff
         112661	      5531	80004c2e	0001	c.addi	x0,0	  x0:0x00000000  x0=0x00000000
         113401	      5568	80004c30	028165b3	rem	x11,x2,x8	  x2:0xfffffff0  x8:0xfff7fb4d x11=0xfffffff0
         113421	      5569	80004c34	865d	c.srai	x12,0x17	 x12:0xfffffbf5 x12=0xffffffff
         113441	      5570	80004c36	00c1a0b3	slt	x1,x3,x12	  x3:0x000002f2 x12:0xffffffff  x1=0x00000000
         113461	      5571	80004c3a	0029b4b3	sltu	x9,x19,x2	 x19:0x00001623  x2:0xfffffff0  x9=0x00000001
         113481	      5572	80004c3e	46cb2c13	slti	x24,x22,1132	 x22:0x00000007 x24=0x00000001
         113501	      5573	80004c42	09c2	c.slli	x19,0x10	 x19:0x00001623 x19=0x16230000
         113521	      5574	80004c44	99fd	c.andi	x11,-1	 x11:0xfffffff0 x11=0xfffffff0
         113541	      5575	80004c46	030a9063	bne	x21,x16,80004c66	 x21:0x00000000 x16:0xffffffff
         113741	      5585	80004c66	6161	c.addi16sp	x2,80	  x2:0xfffffff0  x2=0x00000040
         125181	      6157	80004c68	8779	c.srai	x14,0x1e	 x14:0xffffe9f5 x14=0xffffffff
         125201	      6158	80004c6a	03547d63	bgeu	x8,x21,80004ca4	  x8:0xfff7fb4d x21:0x00000000
         125281	      6162	80004ca4	0000100f	fence.i	
         125961	      6196	80004ca8	717d	c.addi16sp	x2,-16	  x2:0x00000040  x2=0x00000030
         126381	      6217	80004caa	002df3b3	and	x7,x27,x2	 x27:0x00013000  x2:0x00000030  x7=0x00000000
         127301	      6263	80004cae	02967d33	remu	x26,x12,x9	 x12:0xffffffff  x9:0x00000001 x26=0x00000000
         127321	      6264	80004cb2	495d	c.li	x18,23	 x18=0x00000017
         127341	      6265	80004cb4	9aba	c.add	x21,x14	 x21:0x00000000 x14:0xffffffff x21=0xffffffff
         127361	      6266	80004cb6	400f00b3	sub	x1,x30,x0	 x30:0x80025ce4  x0:0x00000000  x1=0x80025ce4
         127381	      6267	80004cba	9b8e	c.add	x23,x3	 x23:0x00000000  x3:0x000002f2 x23=0x000002f2
         127401	      6268	80004cbc	0c18	c.addi4spn	x14,x2,528	 x14=0x00000240
         127421	      6269	80004cbe	5b7d	c.li	x22,-1	 x22=0xffffffff
         127541	      6275	80004cc0	0000100f	fence.i	
         127921	      6294	80004cc4	0c86	c.slli	x25,0x1	 x25:0xfffffcad x25=0xfffff95a
         127941	      6295	80004cc6	8d3d	c.xor	x10,x15	 x10:0x00000000 x15:0x00000000 x10=0x00000000
         128241	      6310	80004cc8	0abfc713	xori	x14,x31,171	 x31:0x000016a1 x14=0x0000160a
         128261	      6311	80004ccc	7c1d9073	csrrw	x0,0x7c1,x27	 x27:0x00013000  x0=0x00000000
         128321	      6314	80004cd0	e58d	c.bnez	x11,80004cfa	 x11:0xfffffff0
         129001	      6348	80004cfa	02788fb3	mul	x31,x17,x7	 x17:0x80021e48  x7:0x00000000 x31=0x00000000
         129021	      6349	80004cfe	c919	c.beqz	x10,80004d14	 x10:0x00000000
         130381	      6417	80004d14	8e35	c.xor	x12,x13	 x12:0xffffffff x13:0x8010acbf x12=0x7fef5340
         130401	      6418	80004d16	1d18	c.addi4spn	x14,x2,688	 x14=0x000002e0
         130561	      6426	80004d18	8f19	c.sub	x14,x14	 x14:0x000002e0 x14:0x000002e0 x14=0x00000000
         130581	      6427	80004d1a	747027f3	csrrs	x15,0x747,x0	  x0:0x00000000 x15=0x00000004
         130601	      6428	80004d1e	323adff3	csrrwi	x31,mhpmevent3,21	 x31=0x00000001
         130661	      6431	80004d22	00f8b733	sltu	x14,x17,x15	 x17:0x80021e48 x15:0x00000004 x14=0x00000000
         130741	      6435	80004d26	292edc17	auipc	x24,0x292ed	 x24=0xa92f1d26
         130781	      6437	80004d2a	c35e8193	addi	x3,x29,-971	 x29:0x5972fe31  x3=0x5972fa66
         130801	      6438	80004d2e	033e01b3	mul	x3,x28,x19	 x28:0x80025eac x19:0x16230000  x3=0xb9840000
         130861	      6441	80004d32	00f89f93	slli	x31,x17,0xf	 x17:0x80021e48 x31=0x0f240000
         131281	      6462	80004d36	329875f3	csrrci	x11,mhpmevent9,16	 x11=0x00000040
         131341	      6465	80004d3a	8325	c.srli	x14,0x9	 x14:0x00000000 x14=0x00000000
         131361	      6466	80004d3c	00de34b3	sltu	x9,x28,x13	 x28:0x80025eac x13:0x8010acbf  x9=0x00000001
         131461	      6471	80004d40	41b00a33	sub	x20,x0,x27	  x0:0x00000000 x27:0x00013000 x20=0xfffed000
         131481	      6472	80004d44	7c00a6f3	csrrs	x13,0x7c0,x1	  x1:0x80025ce4 x13=0x00000100
         131541	      6475	80004d48	327239f3	csrrc	x19,mhpmevent7,x4	  x4:0x3b466fff x19=0x00000010
         132641	      6530	80004d4c	029ee033	rem	x0,x29,x9	 x29:0x5972fe31  x9:0x00000001  x0=0x00000000
         132661	      6531	80004d50	7c1f5473	csrrwi	x8,0x7c1,30	  x8=0x00000000
         132721	      6534	80004d54	02a69a63	bne	x13,x10,80004d88	 x13:0x00000100 x10:0x00000000
         132881	      6542	80004d88	82ee	c.mv	x5,x27	  x0:0x00000000 x27:0x00013000  x5=0x00013000
         132901	      6543	80004d8a	0080d433	srl	x8,x1,x8	  x1:0x80025ce4  x8:0x00000000  x8=0x80025ce4
         132921	      6544	80004d8e	0001	c.addi	x0,0	  x0:0x00000000  x0=0x00000000
         133021	      6549	80004d90	8fc9	c.or	x15,x10	 x15:0x00000004 x10:0x00000000 x15=0x00000004
         133041	      6550	80004d92	8c29	c.xor	x8,x10	  x8:0x80025ce4 x10:0x00000000  x8=0x80025ce4
         133881	      6592	80004d94	03b1d933	divu	x18,x3,x27	  x3:0xb9840000 x27:0x00013000 x18=0x00009c39
         133901	      6593	80004d98	02e65663	bge	x12,x14,80004dc4	 x12:0x7fef5340 x14:0x00000000
         133981	      6597	80004dc4	8175	c.srli	x10,0x1d	 x10:0x00000000 x10=0x00000000
         134001	      6598	80004dc6	09ee	c.slli	x19,0x1b	 x19:0x00000010 x19=0x80000000
         134381	      6617	80004dc8	b8441873	csrrw	x16,mhpmcounter4h,x8	  x8:0x80025ce4 x16=0x00000000
         135401	      6668	80004dcc	024bd833	divu	x16,x23,x4	 x23:0x000002f2  x4:0x3b466fff x16=0x00000000
         135421	      6669	80004dd0	082a0593	addi	x11,x20,130	 x20:0xfffed000 x11=0xfffed082
         135441	      6670	80004dd4	0ff0000f	fence	iorw,iorw	
         135461	      6671	80004dd8	0001	c.addi	x0,0	  x0:0x00000000  x0=0x00000000
         135481	      6672	80004dda	01522633	slt	x12,x4,x21	  x4:0x3b466fff x21:0xffffffff x12=0x00000000
         136221	      6709	80004dde	02f3ffb3	remu	x31,x7,x15	  x7:0x00000000 x15:0x00000004 x31=0x00000000
         136241	      6710	80004de2	01589e33	sll	x28,x17,x21	 x17:0x80021e48 x21:0xffffffff x28=0x00000000
         136261	      6711	80004de6	0ff0000f	fence	iorw,iorw	
         136281	      6712	80004dea	8efd	c.and	x13,x15	 x13:0x00000100 x15:0x00000004 x13=0x00000000
         136301	      6713	80004dec	e109	c.bnez	x10,80004dee	 x10:0x00000000
         136321	      6714	80004dee	717d	c.addi16sp	x2,-16	  x2:0x00000030  x2=0x00000020
         136341	      6715	80004df0	310074f3	csrrci	x9,0x310,0	  x9=0x00000000
         136361	      6716	80004df4	012377b3	and	x15,x6,x18	  x6:0x00000000 x18:0x00009c39 x15=0x00000000
         136581	      6727	80004df8	01e8f833	and	x16,x17,x30	 x17:0x80021e48 x30:0x80025ce4 x16=0x80021c40
         136601	      6728	80004dfc	6109	c.addi16sp	x2,128	  x2:0x00000020  x2=0x000000a0
         136941	      6745	80004dfe	30506273	csrrsi	x4,mtvec,0	  x4=0x80002501
         136961	      6746	80004e02	0001	c.addi	x0,0	  x0:0x00000000  x0=0x00000000
         136981	      6747	80004e04	00a7f833	and	x16,x15,x10	 x15:0x00000000 x10:0x00000000 x16=0x00000000
         137041	      6750	80004e08	590f3a93	sltiu	x21,x30,1424	 x30:0x80025ce4 x21=0x00000000
         137401	      6768	80004e0c	7e247c13	andi	x24,x8,2018	  x8:0x80025ce4 x24=0x000004e0
         137561	      6776	80004e10	00781513	slli	x10,x16,0x7	 x16:0x00000000 x10=0x00000000
         137721	      6784	80004e14	8dcd	c.or	x11,x11	 x11:0xfffed082 x11:0xfffed082 x11=0xfffed082
         138141	      6805	80004e16	49383713	sltiu	x14,x16,1171	 x16:0x00000000 x14=0x00000001
         138321	      6814	80004e1a	f1503573	csrrc	x10,0xf15,x0	  x0:0x00000000 x10=0x00000000
         138341	      6815	80004e1e	b00fab73	csrrs	x22,mcycle,x31	 x31:0x00000000 x22=0x00001a9c
         138401	      6818	80004e22	34135df3	csrrwi	x27,mepc,6	 x27=0x800002be
         138421	      6819	80004e26	0976	c.slli	x18,0x1d	 x18:0x00009c39 x18=0x20000000
         138441	      6820	80004e28	00526cb3	or	x25,x4,x5	  x4:0x80002501  x5:0x00013000 x25=0x80013501
         138461	      6821	80004e2c	0ebe4793	xori	x15,x28,235	 x28:0x00000000 x15=0x000000eb
         138661	      6831	80004e30	00c32c33	slt	x24,x6,x12	  x6:0x00000000 x12:0x00000000 x24=0x00000000
         139081	      6852	80004e34	01948033	add	x0,x9,x25	  x9:0x00000000 x25:0x80013501  x0=0x00000000
         139121	      6854	80004e38	415000b3	sub	x1,x0,x21	  x0:0x00000000 x21:0x00000000  x1=0x00000000
         139141	      6855	80004e3c	058d	c.addi	x11,3	 x11:0xfffed082 x11=0xfffed085
         139281	      6862	80004e3e	00f07863	bgeu	x0,x15,80004e4e	  x0:0x00000000 x15:0x000000eb
         140061	      6901	80004e42	03669033	mulh	x0,x13,x22	 x13:0x00000000 x22:0x00001a9c  x0=0x00000000
         140081	      6902	80004e46	7c03d3f3	csrrwi	x7,0x7c0,7	  x7=0x000001e4
         140161	      6906	80004e4a	02cb3fb3	mulhu	x31,x22,x12	 x22:0x00001a9c x12:0x00000000 x31=0x00000000
         140201	      6908	80004e4e	01b85363	bge	x16,x27,80004e54	 x16:0x00000000 x27:0x800002be
         141161	      6956	80004e54	01755cb3	srl	x25,x10,x23	 x10:0x00000000 x23:0x000002f2 x25=0x00000000
         141401	      6968	80004e58	03019963	bne	x3,x16,80004e8a	  x3:0xb9840000 x16:0x00000000
         141641	      6980	80004e8a	02aade63	bge	x21,x10,80004ec6	 x21:0x00000000 x10:0x00000000
         143281	      7062	80004ec6	0389bd33	mulhu	x26,x19,x24	 x19:0x80000000 x24:0x00000000 x26=0x00000000
         143301	      7063	80004eca	0a2d	c.addi	x20,11	 x20:0xfffed000 x20=0xfffed00b
         143681	      7082	80004ecc	00659b93	slli	x23,x11,0x6	 x11:0xfffed085 x23=0xffb42140
         143701	      7083	80004ed0	00dea133	slt	x2,x29,x13	 x29:0x5972fe31 x13:0x00000000  x2=0x00000000
         143721	      7084	80004ed4	00a699b3	sll	x19,x13,x10	 x13:0x00000000 x10:0x00000000 x19=0x00000000
         143741	      7085	80004ed8	011ea1b3	slt	x3,x29,x17	 x29:0x5972fe31 x17:0x80021e48  x3=0x00000000
         144081	      7102	80004edc	8e3d	c.xor	x12,x15	 x12:0x00000000 x15:0x000000eb x12=0x000000eb
         144101	      7103	80004ede	888d	c.andi	x9,3	  x9:0x00000000  x9=0x00000000
         144121	      7104	80004ee0	c6a1fd17	auipc	x26,0xc6a1f	 x26=0x46a23ee0
         144141	      7105	80004ee4	00951fb3	sll	x31,x10,x9	 x10:0x00000000  x9:0x00000000 x31=0x00000000
         144161	      7106	80004ee8	57fd	c.li	x15,-1	 x15=0xffffffff
         144181	      7107	80004eea	012f17b3	sll	x15,x30,x18	 x30:0x80025ce4 x18:0x20000000 x15=0x80025ce4
         144221	      7109	80004eee	eb99	c.bnez	x15,80004f04	 x15:0x80025ce4
         145721	      7184	80004f04	015e1663	bne	x28,x21,80004f10	 x28:0x00000000 x21:0x00000000
         147601	      7278	80004f08	03b9cc33	div	x24,x19,x27	 x19:0x00000000 x27:0x800002be x24=0x00000000
         147641	      7280	80004f0c	039f9633	mulh	x12,x31,x25	 x31:0x00000000 x25:0x00000000 x12=0x00000000
         147661	      7281	80004f10	071c	c.addi4spn	x15,x2,896	 x15=0x00000380
         147681	      7282	80004f12	01f62c33	slt	x24,x12,x31	 x12:0x00000000 x31:0x00000000 x24=0x00000000
         147701	      7283	80004f16	8c45	c.or	x8,x9	  x8:0x80025ce4  x9:0x00000000  x8=0x80025ce4
         147781	      7287	80004f18	8dd9	c.or	x11,x14	 x11:0xfffed085 x14:0x00000001 x11=0xfffed085
         148641	      7330	80004f1a	034a53b3	divu	x7,x20,x20	 x20:0xfffed00b x20:0xfffed00b  x7=0x00000001
         148661	      7331	80004f1e	8c41	c.or	x8,x8	  x8:0x80025ce4  x8:0x80025ce4  x8=0x80025ce4
         148681	      7332	80004f20	0ff0000f	fence	iorw,iorw	
         151721	      7484	80004f24	40195c33	sra	x24,x18,x1	 x18:0x20000000  x1:0x00000000 x24=0x20000000
         151741	      7485	80004f28	0ff0000f	fence	iorw,iorw	
         151761	      7486	80004f2c	0ff0000f	fence	iorw,iorw	
         151841	      7490	80004f30	ffdb0713	addi	x14,x22,-3	 x22:0x00001a9c x14=0x00001a99
         151861	      7491	80004f34	0001	c.addi	x0,0	  x0:0x00000000  x0=0x00000000
         151881	      7492	80004f36	8669	c.srai	x12,0x1a	 x12:0x00000000 x12=0x00000000
         152801	      7538	80004f38	02685ab3	divu	x21,x16,x6	 x16:0x00000000  x6:0x00000000 x21=0xffffffff
         152821	      7539	80004f3c	8cf9	c.and	x9,x14	  x9:0x00000000 x14:0x00001a99  x9=0x00000000
         152861	      7541	80004f3e	0361f263	bgeu	x3,x22,80004f62	  x3:0x00000000 x22:0x00001a9c
         152921	      7544	80004f42	4019dfb3	sra	x31,x19,x1	 x19:0x00000000  x1:0x00000000 x31=0x00000000
         152941	      7545	80004f46	01edd013	srli	x0,x27,0x1e	 x27:0x800002be  x0=0x00000000
         152961	      7546	80004f4a	02260c33	mul	x24,x12,x2	 x12:0x00000000  x2:0x00000000 x24=0x00000000
         153741	      7585	80004f4e	0331c2b3	div	x5,x3,x19	  x3:0x00000000 x19:0x00000000  x5=0xffffffff
         153761	      7586	80004f52	00cdbab3	sltu	x21,x27,x12	 x27:0x800002be x12:0x00000000 x21=0x00000000
         153781	      7587	80004f56	7b0075f3	csrrci	x0,dcsr,0	  x0=0x00000000
