UVM_FATAL /runtime_only_unique_aalg.sv(1) @ 1: runtime_only_unique_failure_aalg normalization resistant timing marker
RUNTIME_ONLY_CASE=319 SOURCE_A=benchmark_set_2:24
Mismatch[1]:
ibex[727] : pc[80000b98] remu x28,x20,x30: t3:00000fff
RUNTIME_ONLY_COMBINE SOURCE_B=benchmark_set_2:2
riscv_csr_test.0 : [FAILED]
000000000 RUNTIME_ONLY neutral retire case=00319 pc=0x8000a33c opcode=lw x31=0x8000a33c
000000001 RUNTIME_ONLY neutral retire case=00319 pc=0x8000a340 opcode=sw x0=0x8000a341
000000002 RUNTIME_ONLY neutral retire case=00319 pc=0x8000a344 opcode=beq x1=0x8000a346
000000003 RUNTIME_ONLY neutral retire case=00319 pc=0x8000a348 opcode=csrrw x2=0x8000a34b
000000004 RUNTIME_ONLY neutral retire case=00319 pc=0x8000a34c opcode=xor x3=0x8000a348
000000005 RUNTIME_ONLY neutral retire case=00319 pc=0x8000a350 opcode=addi x4=0x8000a355
000000006 RUNTIME_ONLY neutral retire case=00319 pc=0x8000a354 opcode=lw x5=0x8000a352
000000007 RUNTIME_ONLY neutral retire case=00319 pc=0x8000a358 opcode=sw x6=0x8000a35f
000000008 RUNTIME_ONLY neutral retire case=00319 pc=0x8000a35c opcode=beq x7=0x8000a354
000000009 RUNTIME_ONLY neutral retire case=00319 pc=0x8000a360 opcode=csrrw x8=0x8000a369
000000010 RUNTIME_ONLY neutral retire case=00319 pc=0x8000a364 opcode=xor x9=0x8000a36e
000000011 RUNTIME_ONLY neutral retire case=00319 pc=0x8000a368 opcode=addi x10=0x8000a363
000000012 RUNTIME_ONLY neutral retire case=00319 pc=0x8000a36c opcode=lw x11=0x8000a360
000000013 RUNTIME_ONLY neutral retire case=00319 pc=0x8000a370 opcode=sw x12=0x8000a37d
000000014 RUNTIME_ONLY neutral retire case=00319 pc=0x8000a374 opcode=beq x13=0x8000a37a
000000015 RUNTIME_ONLY neutral retire case=00319 pc=0x8000a378 opcode=csrrw x14=0x8000a377
