UVM_FATAL /runtime_only_unique_aabq.sv(1) @ 1: runtime_only_unique_failure_aabq normalization resistant timing marker
RUNTIME_ONLY_CASE=69 SOURCE_A=benchmark_set_1:5
riscv_single_interrupt_test.0 : [FAILED]
RUNTIME_ONLY_COMBINE SOURCE_B=benchmark_set_2:6
riscv_single_interrupt_test.0 : [FAILED]
000000000 RUNTIME_ONLY neutral retire case=00069 pc=0x8000234c opcode=beq x5=0x8000234c
000000001 RUNTIME_ONLY neutral retire case=00069 pc=0x80002350 opcode=csrrw x6=0x80002351
000000002 RUNTIME_ONLY neutral retire case=00069 pc=0x80002354 opcode=xor x7=0x80002356
000000003 RUNTIME_ONLY neutral retire case=00069 pc=0x80002358 opcode=addi x8=0x8000235b
000000004 RUNTIME_ONLY neutral retire case=00069 pc=0x8000235c opcode=lw x9=0x80002358
000000005 RUNTIME_ONLY neutral retire case=00069 pc=0x80002360 opcode=sw x10=0x80002365
000000006 RUNTIME_ONLY neutral retire case=00069 pc=0x80002364 opcode=beq x11=0x80002362
000000007 RUNTIME_ONLY neutral retire case=00069 pc=0x80002368 opcode=csrrw x12=0x8000236f
000000008 RUNTIME_ONLY neutral retire case=00069 pc=0x8000236c opcode=xor x13=0x80002364
000000009 RUNTIME_ONLY neutral retire case=00069 pc=0x80002370 opcode=addi x14=0x80002379
000000010 RUNTIME_ONLY neutral retire case=00069 pc=0x80002374 opcode=lw x15=0x8000237e
000000011 RUNTIME_ONLY neutral retire case=00069 pc=0x80002378 opcode=sw x16=0x80002373
000000012 RUNTIME_ONLY neutral retire case=00069 pc=0x8000237c opcode=beq x17=0x80002370
000000013 RUNTIME_ONLY neutral retire case=00069 pc=0x80002380 opcode=csrrw x18=0x8000238d
000000014 RUNTIME_ONLY neutral retire case=00069 pc=0x80002384 opcode=xor x19=0x8000238a
000000015 RUNTIME_ONLY neutral retire case=00069 pc=0x80002388 opcode=addi x20=0x80002387
000000016 RUNTIME_ONLY neutral retire case=00069 pc=0x8000238c opcode=lw x21=0x8000239c
000000017 RUNTIME_ONLY neutral retire case=00069 pc=0x80002390 opcode=sw x22=0x80002381
000000018 RUNTIME_ONLY neutral retire case=00069 pc=0x80002394 opcode=beq x23=0x80002386
000000019 RUNTIME_ONLY neutral retire case=00069 pc=0x80002398 opcode=csrrw x24=0x8000238b
000000020 RUNTIME_ONLY neutral retire case=00069 pc=0x8000239c opcode=xor x25=0x80002388
000000021 RUNTIME_ONLY neutral retire case=00069 pc=0x800023a0 opcode=addi x26=0x800023b5
000000022 RUNTIME_ONLY neutral retire case=00069 pc=0x800023a4 opcode=lw x27=0x800023b2
000000023 RUNTIME_ONLY neutral retire case=00069 pc=0x800023a8 opcode=sw x28=0x800023bf
000000024 RUNTIME_ONLY neutral retire case=00069 pc=0x800023ac opcode=beq x29=0x800023b4
000000025 RUNTIME_ONLY neutral retire case=00069 pc=0x800023b0 opcode=csrrw x30=0x800023a9
000000026 RUNTIME_ONLY neutral retire case=00069 pc=0x800023b4 opcode=xor x31=0x800023ae
000000027 RUNTIME_ONLY neutral retire case=00069 pc=0x800023b8 opcode=addi x0=0x800023a3
000000028 RUNTIME_ONLY neutral retire case=00069 pc=0x800023bc opcode=lw x1=0x800023a0
000000029 RUNTIME_ONLY neutral retire case=00069 pc=0x800023c0 opcode=sw x2=0x800023dd
000000030 RUNTIME_ONLY neutral retire case=00069 pc=0x800023c4 opcode=beq x3=0x800023da
000000031 RUNTIME_ONLY neutral retire case=00069 pc=0x800023c8 opcode=csrrw x4=0x800023d7
000000032 RUNTIME_ONLY neutral retire case=00069 pc=0x800023cc opcode=xor x5=0x800023ec
000000033 RUNTIME_ONLY neutral retire case=00069 pc=0x800023d0 opcode=addi x6=0x800023f1
000000034 RUNTIME_ONLY neutral retire case=00069 pc=0x800023d4 opcode=lw x7=0x800023f6
000000035 RUNTIME_ONLY neutral retire case=00069 pc=0x800023d8 opcode=sw x8=0x800023fb
000000036 RUNTIME_ONLY neutral retire case=00069 pc=0x800023dc opcode=beq x9=0x800023f8
000000037 RUNTIME_ONLY neutral retire case=00069 pc=0x800023e0 opcode=csrrw x10=0x800023c5
000000038 RUNTIME_ONLY neutral retire case=00069 pc=0x800023e4 opcode=xor x11=0x800023c2
000000039 RUNTIME_ONLY neutral retire case=00069 pc=0x800023e8 opcode=addi x12=0x800023cf
000000040 RUNTIME_ONLY neutral retire case=00069 pc=0x800023ec opcode=lw x13=0x800023c4
000000041 RUNTIME_ONLY neutral retire case=00069 pc=0x800023f0 opcode=sw x14=0x800023d9
000000042 RUNTIME_ONLY neutral retire case=00069 pc=0x800023f4 opcode=beq x15=0x800023de
000000043 RUNTIME_ONLY neutral retire case=00069 pc=0x800023f8 opcode=csrrw x16=0x800023d3
000000044 RUNTIME_ONLY neutral retire case=00069 pc=0x800023fc opcode=xor x17=0x800023d0
000000045 RUNTIME_ONLY neutral retire case=00069 pc=0x80002400 opcode=addi x18=0x8000242d
000000046 RUNTIME_ONLY neutral retire case=00069 pc=0x80002404 opcode=lw x19=0x8000242a
000000047 RUNTIME_ONLY neutral retire case=00069 pc=0x80002408 opcode=sw x20=0x80002427
000000048 RUNTIME_ONLY neutral retire case=00069 pc=0x8000240c opcode=beq x21=0x8000243c
000000049 RUNTIME_ONLY neutral retire case=00069 pc=0x80002410 opcode=csrrw x22=0x80002421
000000050 RUNTIME_ONLY neutral retire case=00069 pc=0x80002414 opcode=xor x23=0x80002426
000000051 RUNTIME_ONLY neutral retire case=00069 pc=0x80002418 opcode=addi x24=0x8000242b
000000052 RUNTIME_ONLY neutral retire case=00069 pc=0x8000241c opcode=lw x25=0x80002428
000000053 RUNTIME_ONLY neutral retire case=00069 pc=0x80002420 opcode=sw x26=0x80002415
000000054 RUNTIME_ONLY neutral retire case=00069 pc=0x80002424 opcode=beq x27=0x80002412
000000055 RUNTIME_ONLY neutral retire case=00069 pc=0x80002428 opcode=csrrw x28=0x8000241f
000000056 RUNTIME_ONLY neutral retire case=00069 pc=0x8000242c opcode=xor x29=0x80002414
000000057 RUNTIME_ONLY neutral retire case=00069 pc=0x80002430 opcode=addi x30=0x80002409
000000058 RUNTIME_ONLY neutral retire case=00069 pc=0x80002434 opcode=lw x31=0x8000240e
000000059 RUNTIME_ONLY neutral retire case=00069 pc=0x80002438 opcode=sw x0=0x80002403
000000060 RUNTIME_ONLY neutral retire case=00069 pc=0x8000243c opcode=beq x1=0x80002400
000000061 RUNTIME_ONLY neutral retire case=00069 pc=0x80002440 opcode=csrrw x2=0x8000247d
000000062 RUNTIME_ONLY neutral retire case=00069 pc=0x80002444 opcode=xor x3=0x8000247a
000000063 RUNTIME_ONLY neutral retire case=00069 pc=0x80002448 opcode=addi x4=0x80002477
000000064 RUNTIME_ONLY neutral retire case=00069 pc=0x8000244c opcode=lw x5=0x8000240c
000000065 RUNTIME_ONLY neutral retire case=00069 pc=0x80002450 opcode=sw x6=0x80002411
000000066 RUNTIME_ONLY neutral retire case=00069 pc=0x80002454 opcode=beq x7=0x80002416
000000067 RUNTIME_ONLY neutral retire case=00069 pc=0x80002458 opcode=csrrw x8=0x8000241b
000000068 RUNTIME_ONLY neutral retire case=00069 pc=0x8000245c opcode=xor x9=0x80002418
000000069 RUNTIME_ONLY neutral retire case=00069 pc=0x80002460 opcode=addi x10=0x80002425
000000070 RUNTIME_ONLY neutral retire case=00069 pc=0x80002464 opcode=lw x11=0x80002422
000000071 RUNTIME_ONLY neutral retire case=00069 pc=0x80002468 opcode=sw x12=0x8000242f
000000072 RUNTIME_ONLY neutral retire case=00069 pc=0x8000246c opcode=beq x13=0x80002424
000000073 RUNTIME_ONLY neutral retire case=00069 pc=0x80002470 opcode=csrrw x14=0x80002439
000000074 RUNTIME_ONLY neutral retire case=00069 pc=0x80002474 opcode=xor x15=0x8000243e
000000075 RUNTIME_ONLY neutral retire case=00069 pc=0x80002478 opcode=addi x16=0x80002433
000000076 RUNTIME_ONLY neutral retire case=00069 pc=0x8000247c opcode=lw x17=0x80002430
000000077 RUNTIME_ONLY neutral retire case=00069 pc=0x80002480 opcode=sw x18=0x800024cd
000000078 RUNTIME_ONLY neutral retire case=00069 pc=0x80002484 opcode=beq x19=0x800024ca
000000079 RUNTIME_ONLY neutral retire case=00069 pc=0x80002488 opcode=csrrw x20=0x800024c7
000000080 RUNTIME_ONLY neutral retire case=00069 pc=0x8000248c opcode=xor x21=0x800024dc
000000081 RUNTIME_ONLY neutral retire case=00069 pc=0x80002490 opcode=addi x22=0x800024c1
000000082 RUNTIME_ONLY neutral retire case=00069 pc=0x80002494 opcode=lw x23=0x800024c6
000000083 RUNTIME_ONLY neutral retire case=00069 pc=0x80002498 opcode=sw x24=0x800024cb
000000084 RUNTIME_ONLY neutral retire case=00069 pc=0x8000249c opcode=beq x25=0x800024c8
000000085 RUNTIME_ONLY neutral retire case=00069 pc=0x800024a0 opcode=csrrw x26=0x800024f5
000000086 RUNTIME_ONLY neutral retire case=00069 pc=0x800024a4 opcode=xor x27=0x800024f2
000000087 RUNTIME_ONLY neutral retire case=00069 pc=0x800024a8 opcode=addi x28=0x800024ff
000000088 RUNTIME_ONLY neutral retire case=00069 pc=0x800024ac opcode=lw x29=0x800024f4
000000089 RUNTIME_ONLY neutral retire case=00069 pc=0x800024b0 opcode=sw x30=0x800024e9
000000090 RUNTIME_ONLY neutral retire case=00069 pc=0x800024b4 opcode=beq x31=0x800024ee
000000091 RUNTIME_ONLY neutral retire case=00069 pc=0x800024b8 opcode=csrrw x0=0x800024e3
000000092 RUNTIME_ONLY neutral retire case=00069 pc=0x800024bc opcode=xor x1=0x800024e0
000000093 RUNTIME_ONLY neutral retire case=00069 pc=0x800024c0 opcode=addi x2=0x8000249d
000000094 RUNTIME_ONLY neutral retire case=00069 pc=0x800024c4 opcode=lw x3=0x8000249a
000000095 RUNTIME_ONLY neutral retire case=00069 pc=0x800024c8 opcode=sw x4=0x80002497
000000096 RUNTIME_ONLY neutral retire case=00069 pc=0x800024cc opcode=beq x5=0x800024ac
000000097 RUNTIME_ONLY neutral retire case=00069 pc=0x800024d0 opcode=csrrw x6=0x800024b1
000000098 RUNTIME_ONLY neutral retire case=00069 pc=0x800024d4 opcode=xor x7=0x800024b6
000000099 RUNTIME_ONLY neutral retire case=00069 pc=0x800024d8 opcode=addi x8=0x800024bb
000000100 RUNTIME_ONLY neutral retire case=00069 pc=0x800024dc opcode=lw x9=0x800024b8
000000101 RUNTIME_ONLY neutral retire case=00069 pc=0x800024e0 opcode=sw x10=0x80002485
000000102 RUNTIME_ONLY neutral retire case=00069 pc=0x800024e4 opcode=beq x11=0x80002482
000000103 RUNTIME_ONLY neutral retire case=00069 pc=0x800024e8 opcode=csrrw x12=0x8000248f
000000104 RUNTIME_ONLY neutral retire case=00069 pc=0x800024ec opcode=xor x13=0x80002484
000000105 RUNTIME_ONLY neutral retire case=00069 pc=0x800024f0 opcode=addi x14=0x80002499
000000106 RUNTIME_ONLY neutral retire case=00069 pc=0x800024f4 opcode=lw x15=0x8000249e
000000107 RUNTIME_ONLY neutral retire case=00069 pc=0x800024f8 opcode=sw x16=0x80002493
000000108 RUNTIME_ONLY neutral retire case=00069 pc=0x800024fc opcode=beq x17=0x80002490
000000109 RUNTIME_ONLY neutral retire case=00069 pc=0x80002500 opcode=csrrw x18=0x8000256d
000000110 RUNTIME_ONLY neutral retire case=00069 pc=0x80002504 opcode=xor x19=0x8000256a
000000111 RUNTIME_ONLY neutral retire case=00069 pc=0x80002508 opcode=addi x20=0x80002567
000000112 RUNTIME_ONLY neutral retire case=00069 pc=0x8000250c opcode=lw x21=0x8000257c
000000113 RUNTIME_ONLY neutral retire case=00069 pc=0x80002510 opcode=sw x22=0x80002561
000000114 RUNTIME_ONLY neutral retire case=00069 pc=0x80002514 opcode=beq x23=0x80002566
000000115 RUNTIME_ONLY neutral retire case=00069 pc=0x80002518 opcode=csrrw x24=0x8000256b
000000116 RUNTIME_ONLY neutral retire case=00069 pc=0x8000251c opcode=xor x25=0x80002568
000000117 RUNTIME_ONLY neutral retire case=00069 pc=0x80002520 opcode=addi x26=0x80002555
000000118 RUNTIME_ONLY neutral retire case=00069 pc=0x80002524 opcode=lw x27=0x80002552
000000119 RUNTIME_ONLY neutral retire case=00069 pc=0x80002528 opcode=sw x28=0x8000255f
000000120 RUNTIME_ONLY neutral retire case=00069 pc=0x8000252c opcode=beq x29=0x80002554
000000121 RUNTIME_ONLY neutral retire case=00069 pc=0x80002530 opcode=csrrw x30=0x80002549
000000122 RUNTIME_ONLY neutral retire case=00069 pc=0x80002534 opcode=xor x31=0x8000254e
000000123 RUNTIME_ONLY neutral retire case=00069 pc=0x80002538 opcode=addi x0=0x80002543
000000124 RUNTIME_ONLY neutral retire case=00069 pc=0x8000253c opcode=lw x1=0x80002540
000000125 RUNTIME_ONLY neutral retire case=00069 pc=0x80002540 opcode=sw x2=0x8000253d
000000126 RUNTIME_ONLY neutral retire case=00069 pc=0x80002544 opcode=beq x3=0x8000253a
000000127 RUNTIME_ONLY neutral retire case=00069 pc=0x80002548 opcode=csrrw x4=0x80002537
000000128 RUNTIME_ONLY neutral retire case=00069 pc=0x8000254c opcode=xor x5=0x800025cc
000000129 RUNTIME_ONLY neutral retire case=00069 pc=0x80002550 opcode=addi x6=0x800025d1
000000130 RUNTIME_ONLY neutral retire case=00069 pc=0x80002554 opcode=lw x7=0x800025d6
000000131 RUNTIME_ONLY neutral retire case=00069 pc=0x80002558 opcode=sw x8=0x800025db
000000132 RUNTIME_ONLY neutral retire case=00069 pc=0x8000255c opcode=beq x9=0x800025d8
000000133 RUNTIME_ONLY neutral retire case=00069 pc=0x80002560 opcode=csrrw x10=0x800025e5
000000134 RUNTIME_ONLY neutral retire case=00069 pc=0x80002564 opcode=xor x11=0x800025e2
000000135 RUNTIME_ONLY neutral retire case=00069 pc=0x80002568 opcode=addi x12=0x800025ef
000000136 RUNTIME_ONLY neutral retire case=00069 pc=0x8000256c opcode=lw x13=0x800025e4
000000137 RUNTIME_ONLY neutral retire case=00069 pc=0x80002570 opcode=sw x14=0x800025f9
000000138 RUNTIME_ONLY neutral retire case=00069 pc=0x80002574 opcode=beq x15=0x800025fe
000000139 RUNTIME_ONLY neutral retire case=00069 pc=0x80002578 opcode=csrrw x16=0x800025f3
000000140 RUNTIME_ONLY neutral retire case=00069 pc=0x8000257c opcode=xor x17=0x800025f0
000000141 RUNTIME_ONLY neutral retire case=00069 pc=0x80002580 opcode=addi x18=0x8000250d
000000142 RUNTIME_ONLY neutral retire case=00069 pc=0x80002584 opcode=lw x19=0x8000250a
000000143 RUNTIME_ONLY neutral retire case=00069 pc=0x80002588 opcode=sw x20=0x80002507
000000144 RUNTIME_ONLY neutral retire case=00069 pc=0x8000258c opcode=beq x21=0x8000251c
000000145 RUNTIME_ONLY neutral retire case=00069 pc=0x80002590 opcode=csrrw x22=0x80002501
000000146 RUNTIME_ONLY neutral retire case=00069 pc=0x80002594 opcode=xor x23=0x80002506
000000147 RUNTIME_ONLY neutral retire case=00069 pc=0x80002598 opcode=addi x24=0x8000250b
000000148 RUNTIME_ONLY neutral retire case=00069 pc=0x8000259c opcode=lw x25=0x80002508
000000149 RUNTIME_ONLY neutral retire case=00069 pc=0x800025a0 opcode=sw x26=0x80002535
000000150 RUNTIME_ONLY neutral retire case=00069 pc=0x800025a4 opcode=beq x27=0x80002532
000000151 RUNTIME_ONLY neutral retire case=00069 pc=0x800025a8 opcode=csrrw x28=0x8000253f
000000152 RUNTIME_ONLY neutral retire case=00069 pc=0x800025ac opcode=xor x29=0x80002534
000000153 RUNTIME_ONLY neutral retire case=00069 pc=0x800025b0 opcode=addi x30=0x80002529
000000154 RUNTIME_ONLY neutral retire case=00069 pc=0x800025b4 opcode=lw x31=0x8000252e
000000155 RUNTIME_ONLY neutral retire case=00069 pc=0x800025b8 opcode=sw x0=0x80002523
000000156 RUNTIME_ONLY neutral retire case=00069 pc=0x800025bc opcode=beq x1=0x80002520
000000157 RUNTIME_ONLY neutral retire case=00069 pc=0x800025c0 opcode=csrrw x2=0x8000255d
000000158 RUNTIME_ONLY neutral retire case=00069 pc=0x800025c4 opcode=xor x3=0x8000255a
000000159 RUNTIME_ONLY neutral retire case=00069 pc=0x800025c8 opcode=addi x4=0x80002557
000000160 RUNTIME_ONLY neutral retire case=00069 pc=0x800025cc opcode=lw x5=0x8000256c
000000161 RUNTIME_ONLY neutral retire case=00069 pc=0x800025d0 opcode=sw x6=0x80002571
000000162 RUNTIME_ONLY neutral retire case=00069 pc=0x800025d4 opcode=beq x7=0x80002576
000000163 RUNTIME_ONLY neutral retire case=00069 pc=0x800025d8 opcode=csrrw x8=0x8000257b
000000164 RUNTIME_ONLY neutral retire case=00069 pc=0x800025dc opcode=xor x9=0x80002578
000000165 RUNTIME_ONLY neutral retire case=00069 pc=0x800025e0 opcode=addi x10=0x80002545
000000166 RUNTIME_ONLY neutral retire case=00069 pc=0x800025e4 opcode=lw x11=0x80002542
000000167 RUNTIME_ONLY neutral retire case=00069 pc=0x800025e8 opcode=sw x12=0x8000254f
000000168 RUNTIME_ONLY neutral retire case=00069 pc=0x800025ec opcode=beq x13=0x80002544
000000169 RUNTIME_ONLY neutral retire case=00069 pc=0x800025f0 opcode=csrrw x14=0x80002559
000000170 RUNTIME_ONLY neutral retire case=00069 pc=0x800025f4 opcode=xor x15=0x8000255e
000000171 RUNTIME_ONLY neutral retire case=00069 pc=0x800025f8 opcode=addi x16=0x80002553
000000172 RUNTIME_ONLY neutral retire case=00069 pc=0x800025fc opcode=lw x17=0x80002550
000000173 RUNTIME_ONLY neutral retire case=00069 pc=0x80002600 opcode=sw x18=0x800026ad
000000174 RUNTIME_ONLY neutral retire case=00069 pc=0x80002604 opcode=beq x19=0x800026aa
000000175 RUNTIME_ONLY neutral retire case=00069 pc=0x80002608 opcode=csrrw x20=0x800026a7
000000176 RUNTIME_ONLY neutral retire case=00069 pc=0x8000260c opcode=xor x21=0x800026bc
000000177 RUNTIME_ONLY neutral retire case=00069 pc=0x80002610 opcode=addi x22=0x800026a1
000000178 RUNTIME_ONLY neutral retire case=00069 pc=0x80002614 opcode=lw x23=0x800026a6
000000179 RUNTIME_ONLY neutral retire case=00069 pc=0x80002618 opcode=sw x24=0x800026ab
000000180 RUNTIME_ONLY neutral retire case=00069 pc=0x8000261c opcode=beq x25=0x800026a8
000000181 RUNTIME_ONLY neutral retire case=00069 pc=0x80002620 opcode=csrrw x26=0x80002695
000000182 RUNTIME_ONLY neutral retire case=00069 pc=0x80002624 opcode=xor x27=0x80002692
000000183 RUNTIME_ONLY neutral retire case=00069 pc=0x80002628 opcode=addi x28=0x8000269f
000000184 RUNTIME_ONLY neutral retire case=00069 pc=0x8000262c opcode=lw x29=0x80002694
000000185 RUNTIME_ONLY neutral retire case=00069 pc=0x80002630 opcode=sw x30=0x80002689
000000186 RUNTIME_ONLY neutral retire case=00069 pc=0x80002634 opcode=beq x31=0x8000268e
000000187 RUNTIME_ONLY neutral retire case=00069 pc=0x80002638 opcode=csrrw x0=0x80002683
000000188 RUNTIME_ONLY neutral retire case=00069 pc=0x8000263c opcode=xor x1=0x80002680
000000189 RUNTIME_ONLY neutral retire case=00069 pc=0x80002640 opcode=addi x2=0x800026fd
000000190 RUNTIME_ONLY neutral retire case=00069 pc=0x80002644 opcode=lw x3=0x800026fa
000000191 RUNTIME_ONLY neutral retire case=00069 pc=0x80002648 opcode=sw x4=0x800026f7
000000192 RUNTIME_ONLY neutral retire case=00069 pc=0x8000264c opcode=beq x5=0x8000268c
000000193 RUNTIME_ONLY neutral retire case=00069 pc=0x80002650 opcode=csrrw x6=0x80002691
000000194 RUNTIME_ONLY neutral retire case=00069 pc=0x80002654 opcode=xor x7=0x80002696
000000195 RUNTIME_ONLY neutral retire case=00069 pc=0x80002658 opcode=addi x8=0x8000269b
000000196 RUNTIME_ONLY neutral retire case=00069 pc=0x8000265c opcode=lw x9=0x80002698
000000197 RUNTIME_ONLY neutral retire case=00069 pc=0x80002660 opcode=sw x10=0x800026a5
000000198 RUNTIME_ONLY neutral retire case=00069 pc=0x80002664 opcode=beq x11=0x800026a2
000000199 RUNTIME_ONLY neutral retire case=00069 pc=0x80002668 opcode=csrrw x12=0x800026af
000000200 RUNTIME_ONLY neutral retire case=00069 pc=0x8000266c opcode=xor x13=0x800026a4
000000201 RUNTIME_ONLY neutral retire case=00069 pc=0x80002670 opcode=addi x14=0x800026b9
000000202 RUNTIME_ONLY neutral retire case=00069 pc=0x80002674 opcode=lw x15=0x800026be
000000203 RUNTIME_ONLY neutral retire case=00069 pc=0x80002678 opcode=sw x16=0x800026b3
000000204 RUNTIME_ONLY neutral retire case=00069 pc=0x8000267c opcode=beq x17=0x800026b0
000000205 RUNTIME_ONLY neutral retire case=00069 pc=0x80002680 opcode=csrrw x18=0x8000264d
000000206 RUNTIME_ONLY neutral retire case=00069 pc=0x80002684 opcode=xor x19=0x8000264a
000000207 RUNTIME_ONLY neutral retire case=00069 pc=0x80002688 opcode=addi x20=0x80002647
000000208 RUNTIME_ONLY neutral retire case=00069 pc=0x8000268c opcode=lw x21=0x8000265c
000000209 RUNTIME_ONLY neutral retire case=00069 pc=0x80002690 opcode=sw x22=0x80002641
000000210 RUNTIME_ONLY neutral retire case=00069 pc=0x80002694 opcode=beq x23=0x80002646
000000211 RUNTIME_ONLY neutral retire case=00069 pc=0x80002698 opcode=csrrw x24=0x8000264b
000000212 RUNTIME_ONLY neutral retire case=00069 pc=0x8000269c opcode=xor x25=0x80002648
000000213 RUNTIME_ONLY neutral retire case=00069 pc=0x800026a0 opcode=addi x26=0x80002675
000000214 RUNTIME_ONLY neutral retire case=00069 pc=0x800026a4 opcode=lw x27=0x80002672
000000215 RUNTIME_ONLY neutral retire case=00069 pc=0x800026a8 opcode=sw x28=0x8000267f
000000216 RUNTIME_ONLY neutral retire case=00069 pc=0x800026ac opcode=beq x29=0x80002674
000000217 RUNTIME_ONLY neutral retire case=00069 pc=0x800026b0 opcode=csrrw x30=0x80002669
000000218 RUNTIME_ONLY neutral retire case=00069 pc=0x800026b4 opcode=xor x31=0x8000266e
000000219 RUNTIME_ONLY neutral retire case=00069 pc=0x800026b8 opcode=addi x0=0x80002663
000000220 RUNTIME_ONLY neutral retire case=00069 pc=0x800026bc opcode=lw x1=0x80002660
000000221 RUNTIME_ONLY neutral retire case=00069 pc=0x800026c0 opcode=sw x2=0x8000261d
000000222 RUNTIME_ONLY neutral retire case=00069 pc=0x800026c4 opcode=beq x3=0x8000261a
000000223 RUNTIME_ONLY neutral retire case=00069 pc=0x800026c8 opcode=csrrw x4=0x80002617
000000224 RUNTIME_ONLY neutral retire case=00069 pc=0x800026cc opcode=xor x5=0x8000262c
000000225 RUNTIME_ONLY neutral retire case=00069 pc=0x800026d0 opcode=addi x6=0x80002631
000000226 RUNTIME_ONLY neutral retire case=00069 pc=0x800026d4 opcode=lw x7=0x80002636
000000227 RUNTIME_ONLY neutral retire case=00069 pc=0x800026d8 opcode=sw x8=0x8000263b
000000228 RUNTIME_ONLY neutral retire case=00069 pc=0x800026dc opcode=beq x9=0x80002638
000000229 RUNTIME_ONLY neutral retire case=00069 pc=0x800026e0 opcode=csrrw x10=0x80002605
000000230 RUNTIME_ONLY neutral retire case=00069 pc=0x800026e4 opcode=xor x11=0x80002602
000000231 RUNTIME_ONLY neutral retire case=00069 pc=0x800026e8 opcode=addi x12=0x8000260f
000000232 RUNTIME_ONLY neutral retire case=00069 pc=0x800026ec opcode=lw x13=0x80002604
000000233 RUNTIME_ONLY neutral retire case=00069 pc=0x800026f0 opcode=sw x14=0x80002619
000000234 RUNTIME_ONLY neutral retire case=00069 pc=0x800026f4 opcode=beq x15=0x8000261e
000000235 RUNTIME_ONLY neutral retire case=00069 pc=0x800026f8 opcode=csrrw x16=0x80002613
000000236 RUNTIME_ONLY neutral retire case=00069 pc=0x800026fc opcode=xor x17=0x80002610
000000237 RUNTIME_ONLY neutral retire case=00069 pc=0x80002700 opcode=addi x18=0x800027ed
000000238 RUNTIME_ONLY neutral retire case=00069 pc=0x80002704 opcode=lw x19=0x800027ea
000000239 RUNTIME_ONLY neutral retire case=00069 pc=0x80002708 opcode=sw x20=0x800027e7
000000240 RUNTIME_ONLY neutral retire case=00069 pc=0x8000270c opcode=beq x21=0x800027fc
