UVM_FATAL /runtime_only_unique_aagr.sv(1) @ 1: runtime_only_unique_failure_aagr normalization resistant timing marker
RUNTIME_ONLY_CASE=200 SOURCE_A=benchmark_set_2:1
Mismatch[1]:
ibex[31157] : pc[8002c47c] ori x16,x3,903: a6:00000387
RUNTIME_ONLY_COMBINE SOURCE_B=benchmark_set_1:5
riscv_single_interrupt_test.0 : [FAILED]
000000000 RUNTIME_ONLY neutral retire case=00200 pc=0x80006658 opcode=sw x8=0x80006658
000000001 RUNTIME_ONLY neutral retire case=00200 pc=0x8000665c opcode=beq x9=0x8000665d
000000002 RUNTIME_ONLY neutral retire case=00200 pc=0x80006660 opcode=csrrw x10=0x80006662
000000003 RUNTIME_ONLY neutral retire case=00200 pc=0x80006664 opcode=xor x11=0x80006667
000000004 RUNTIME_ONLY neutral retire case=00200 pc=0x80006668 opcode=addi x12=0x8000666c
000000005 RUNTIME_ONLY neutral retire case=00200 pc=0x8000666c opcode=lw x13=0x80006669
000000006 RUNTIME_ONLY neutral retire case=00200 pc=0x80006670 opcode=sw x14=0x80006676
000000007 RUNTIME_ONLY neutral retire case=00200 pc=0x80006674 opcode=beq x15=0x80006673
000000008 RUNTIME_ONLY neutral retire case=00200 pc=0x80006678 opcode=csrrw x16=0x80006670
000000009 RUNTIME_ONLY neutral retire case=00200 pc=0x8000667c opcode=xor x17=0x80006675
000000010 RUNTIME_ONLY neutral retire case=00200 pc=0x80006680 opcode=addi x18=0x8000668a
000000011 RUNTIME_ONLY neutral retire case=00200 pc=0x80006684 opcode=lw x19=0x8000668f
000000012 RUNTIME_ONLY neutral retire case=00200 pc=0x80006688 opcode=sw x20=0x80006684
000000013 RUNTIME_ONLY neutral retire case=00200 pc=0x8000668c opcode=beq x21=0x80006681
000000014 RUNTIME_ONLY neutral retire case=00200 pc=0x80006690 opcode=csrrw x22=0x8000669e
000000015 RUNTIME_ONLY neutral retire case=00200 pc=0x80006694 opcode=xor x23=0x8000669b
000000016 RUNTIME_ONLY neutral retire case=00200 pc=0x80006698 opcode=addi x24=0x80006688
000000017 RUNTIME_ONLY neutral retire case=00200 pc=0x8000669c opcode=lw x25=0x8000668d
000000018 RUNTIME_ONLY neutral retire case=00200 pc=0x800066a0 opcode=sw x26=0x800066b2
000000019 RUNTIME_ONLY neutral retire case=00200 pc=0x800066a4 opcode=beq x27=0x800066b7
000000020 RUNTIME_ONLY neutral retire case=00200 pc=0x800066a8 opcode=csrrw x28=0x800066bc
000000021 RUNTIME_ONLY neutral retire case=00200 pc=0x800066ac opcode=xor x29=0x800066b9
000000022 RUNTIME_ONLY neutral retire case=00200 pc=0x800066b0 opcode=addi x30=0x800066a6
000000023 RUNTIME_ONLY neutral retire case=00200 pc=0x800066b4 opcode=lw x31=0x800066a3
000000024 RUNTIME_ONLY neutral retire case=00200 pc=0x800066b8 opcode=sw x0=0x800066a0
000000025 RUNTIME_ONLY neutral retire case=00200 pc=0x800066bc opcode=beq x1=0x800066a5
000000026 RUNTIME_ONLY neutral retire case=00200 pc=0x800066c0 opcode=csrrw x2=0x800066da
000000027 RUNTIME_ONLY neutral retire case=00200 pc=0x800066c4 opcode=xor x3=0x800066df
000000028 RUNTIME_ONLY neutral retire case=00200 pc=0x800066c8 opcode=addi x4=0x800066d4
000000029 RUNTIME_ONLY neutral retire case=00200 pc=0x800066cc opcode=lw x5=0x800066d1
000000030 RUNTIME_ONLY neutral retire case=00200 pc=0x800066d0 opcode=sw x6=0x800066ce
000000031 RUNTIME_ONLY neutral retire case=00200 pc=0x800066d4 opcode=beq x7=0x800066cb
000000032 RUNTIME_ONLY neutral retire case=00200 pc=0x800066d8 opcode=csrrw x8=0x800066f8
000000033 RUNTIME_ONLY neutral retire case=00200 pc=0x800066dc opcode=xor x9=0x800066fd
000000034 RUNTIME_ONLY neutral retire case=00200 pc=0x800066e0 opcode=addi x10=0x800066c2
000000035 RUNTIME_ONLY neutral retire case=00200 pc=0x800066e4 opcode=lw x11=0x800066c7
000000036 RUNTIME_ONLY neutral retire case=00200 pc=0x800066e8 opcode=sw x12=0x800066cc
000000037 RUNTIME_ONLY neutral retire case=00200 pc=0x800066ec opcode=beq x13=0x800066c9
000000038 RUNTIME_ONLY neutral retire case=00200 pc=0x800066f0 opcode=csrrw x14=0x800066d6
000000039 RUNTIME_ONLY neutral retire case=00200 pc=0x800066f4 opcode=xor x15=0x800066d3
000000040 RUNTIME_ONLY neutral retire case=00200 pc=0x800066f8 opcode=addi x16=0x800066d0
000000041 RUNTIME_ONLY neutral retire case=00200 pc=0x800066fc opcode=lw x17=0x800066d5
000000042 RUNTIME_ONLY neutral retire case=00200 pc=0x80006700 opcode=sw x18=0x8000672a
000000043 RUNTIME_ONLY neutral retire case=00200 pc=0x80006704 opcode=beq x19=0x8000672f
000000044 RUNTIME_ONLY neutral retire case=00200 pc=0x80006708 opcode=csrrw x20=0x80006724
000000045 RUNTIME_ONLY neutral retire case=00200 pc=0x8000670c opcode=xor x21=0x80006721
000000046 RUNTIME_ONLY neutral retire case=00200 pc=0x80006710 opcode=addi x22=0x8000673e
000000047 RUNTIME_ONLY neutral retire case=00200 pc=0x80006714 opcode=lw x23=0x8000673b
000000048 RUNTIME_ONLY neutral retire case=00200 pc=0x80006718 opcode=sw x24=0x80006728
000000049 RUNTIME_ONLY neutral retire case=00200 pc=0x8000671c opcode=beq x25=0x8000672d
000000050 RUNTIME_ONLY neutral retire case=00200 pc=0x80006720 opcode=csrrw x26=0x80006712
000000051 RUNTIME_ONLY neutral retire case=00200 pc=0x80006724 opcode=xor x27=0x80006717
000000052 RUNTIME_ONLY neutral retire case=00200 pc=0x80006728 opcode=addi x28=0x8000671c
000000053 RUNTIME_ONLY neutral retire case=00200 pc=0x8000672c opcode=lw x29=0x80006719
000000054 RUNTIME_ONLY neutral retire case=00200 pc=0x80006730 opcode=sw x30=0x80006706
000000055 RUNTIME_ONLY neutral retire case=00200 pc=0x80006734 opcode=beq x31=0x80006703
000000056 RUNTIME_ONLY neutral retire case=00200 pc=0x80006738 opcode=csrrw x0=0x80006700
000000057 RUNTIME_ONLY neutral retire case=00200 pc=0x8000673c opcode=xor x1=0x80006705
000000058 RUNTIME_ONLY neutral retire case=00200 pc=0x80006740 opcode=addi x2=0x8000677a
000000059 RUNTIME_ONLY neutral retire case=00200 pc=0x80006744 opcode=lw x3=0x8000677f
000000060 RUNTIME_ONLY neutral retire case=00200 pc=0x80006748 opcode=sw x4=0x80006774
000000061 RUNTIME_ONLY neutral retire case=00200 pc=0x8000674c opcode=beq x5=0x80006771
000000062 RUNTIME_ONLY neutral retire case=00200 pc=0x80006750 opcode=csrrw x6=0x8000676e
000000063 RUNTIME_ONLY neutral retire case=00200 pc=0x80006754 opcode=xor x7=0x8000676b
000000064 RUNTIME_ONLY neutral retire case=00200 pc=0x80006758 opcode=addi x8=0x80006718
000000065 RUNTIME_ONLY neutral retire case=00200 pc=0x8000675c opcode=lw x9=0x8000671d
000000066 RUNTIME_ONLY neutral retire case=00200 pc=0x80006760 opcode=sw x10=0x80006722
000000067 RUNTIME_ONLY neutral retire case=00200 pc=0x80006764 opcode=beq x11=0x80006727
000000068 RUNTIME_ONLY neutral retire case=00200 pc=0x80006768 opcode=csrrw x12=0x8000672c
000000069 RUNTIME_ONLY neutral retire case=00200 pc=0x8000676c opcode=xor x13=0x80006729
000000070 RUNTIME_ONLY neutral retire case=00200 pc=0x80006770 opcode=addi x14=0x80006736
000000071 RUNTIME_ONLY neutral retire case=00200 pc=0x80006774 opcode=lw x15=0x80006733
000000072 RUNTIME_ONLY neutral retire case=00200 pc=0x80006778 opcode=sw x16=0x80006730
000000073 RUNTIME_ONLY neutral retire case=00200 pc=0x8000677c opcode=beq x17=0x80006735
000000074 RUNTIME_ONLY neutral retire case=00200 pc=0x80006780 opcode=csrrw x18=0x800067ca
