UVM_FATAL /runtime_only_unique_aaaj.sv(1) @ 1: runtime_only_unique_failure_aaaj normalization resistant timing marker
RUNTIME_ONLY_CASE=10 SOURCE_A=benchmark_set_2:3
Mismatch[1]:
ibex[653] : pc[80000ab2] remu x26,x17,x10: s10:0000005d
RUNTIME_ONLY_COMBINE SOURCE_B=benchmark_set_2:12
riscv_mem_error_test.0 : [FAILED]
000000000 RUNTIME_ONLY neutral retire case=00010 pc=0x8000051c opcode=csrrw x10=0x8000051c
000000001 RUNTIME_ONLY neutral retire case=00010 pc=0x80000520 opcode=xor x11=0x80000521
000000002 RUNTIME_ONLY neutral retire case=00010 pc=0x80000524 opcode=addi x12=0x80000526
000000003 RUNTIME_ONLY neutral retire case=00010 pc=0x80000528 opcode=lw x13=0x8000052b
000000004 RUNTIME_ONLY neutral retire case=00010 pc=0x8000052c opcode=sw x14=0x80000528
000000005 RUNTIME_ONLY neutral retire case=00010 pc=0x80000530 opcode=beq x15=0x80000535
000000006 RUNTIME_ONLY neutral retire case=00010 pc=0x80000534 opcode=csrrw x16=0x80000532
000000007 RUNTIME_ONLY neutral retire case=00010 pc=0x80000538 opcode=xor x17=0x8000053f
000000008 RUNTIME_ONLY neutral retire case=00010 pc=0x8000053c opcode=addi x18=0x80000534
000000009 RUNTIME_ONLY neutral retire case=00010 pc=0x80000540 opcode=lw x19=0x80000549
000000010 RUNTIME_ONLY neutral retire case=00010 pc=0x80000544 opcode=sw x20=0x8000054e
000000011 RUNTIME_ONLY neutral retire case=00010 pc=0x80000548 opcode=beq x21=0x80000543
000000012 RUNTIME_ONLY neutral retire case=00010 pc=0x8000054c opcode=csrrw x22=0x80000540
000000013 RUNTIME_ONLY neutral retire case=00010 pc=0x80000550 opcode=xor x23=0x8000055d
000000014 RUNTIME_ONLY neutral retire case=00010 pc=0x80000554 opcode=addi x24=0x8000055a
000000015 RUNTIME_ONLY neutral retire case=00010 pc=0x80000558 opcode=lw x25=0x80000557
000000016 RUNTIME_ONLY neutral retire case=00010 pc=0x8000055c opcode=sw x26=0x8000054c
000000017 RUNTIME_ONLY neutral retire case=00010 pc=0x80000560 opcode=beq x27=0x80000571
000000018 RUNTIME_ONLY neutral retire case=00010 pc=0x80000564 opcode=csrrw x28=0x80000576
000000019 RUNTIME_ONLY neutral retire case=00010 pc=0x80000568 opcode=xor x29=0x8000057b
000000020 RUNTIME_ONLY neutral retire case=00010 pc=0x8000056c opcode=addi x30=0x80000578
000000021 RUNTIME_ONLY neutral retire case=00010 pc=0x80000570 opcode=lw x31=0x80000565
000000022 RUNTIME_ONLY neutral retire case=00010 pc=0x80000574 opcode=sw x0=0x80000562
000000023 RUNTIME_ONLY neutral retire case=00010 pc=0x80000578 opcode=beq x1=0x8000056f
000000024 RUNTIME_ONLY neutral retire case=00010 pc=0x8000057c opcode=csrrw x2=0x80000564
000000025 RUNTIME_ONLY neutral retire case=00010 pc=0x80000580 opcode=xor x3=0x80000599
000000026 RUNTIME_ONLY neutral retire case=00010 pc=0x80000584 opcode=addi x4=0x8000059e
000000027 RUNTIME_ONLY neutral retire case=00010 pc=0x80000588 opcode=lw x5=0x80000593
000000028 RUNTIME_ONLY neutral retire case=00010 pc=0x8000058c opcode=sw x6=0x80000590
000000029 RUNTIME_ONLY neutral retire case=00010 pc=0x80000590 opcode=beq x7=0x8000058d
000000030 RUNTIME_ONLY neutral retire case=00010 pc=0x80000594 opcode=csrrw x8=0x8000058a
000000031 RUNTIME_ONLY neutral retire case=00010 pc=0x80000598 opcode=xor x9=0x80000587
000000032 RUNTIME_ONLY neutral retire case=00010 pc=0x8000059c opcode=addi x10=0x800005bc
000000033 RUNTIME_ONLY neutral retire case=00010 pc=0x800005a0 opcode=lw x11=0x80000581
000000034 RUNTIME_ONLY neutral retire case=00010 pc=0x800005a4 opcode=sw x12=0x80000586
000000035 RUNTIME_ONLY neutral retire case=00010 pc=0x800005a8 opcode=beq x13=0x8000058b
000000036 RUNTIME_ONLY neutral retire case=00010 pc=0x800005ac opcode=csrrw x14=0x80000588
000000037 RUNTIME_ONLY neutral retire case=00010 pc=0x800005b0 opcode=xor x15=0x80000595
000000038 RUNTIME_ONLY neutral retire case=00010 pc=0x800005b4 opcode=addi x16=0x80000592
000000039 RUNTIME_ONLY neutral retire case=00010 pc=0x800005b8 opcode=lw x17=0x8000059f
000000040 RUNTIME_ONLY neutral retire case=00010 pc=0x800005bc opcode=sw x18=0x80000594
000000041 RUNTIME_ONLY neutral retire case=00010 pc=0x800005c0 opcode=beq x19=0x800005e9
000000042 RUNTIME_ONLY neutral retire case=00010 pc=0x800005c4 opcode=csrrw x20=0x800005ee
000000043 RUNTIME_ONLY neutral retire case=00010 pc=0x800005c8 opcode=xor x21=0x800005e3
000000044 RUNTIME_ONLY neutral retire case=00010 pc=0x800005cc opcode=addi x22=0x800005e0
000000045 RUNTIME_ONLY neutral retire case=00010 pc=0x800005d0 opcode=lw x23=0x800005fd
000000046 RUNTIME_ONLY neutral retire case=00010 pc=0x800005d4 opcode=sw x24=0x800005fa
000000047 RUNTIME_ONLY neutral retire case=00010 pc=0x800005d8 opcode=beq x25=0x800005f7
000000048 RUNTIME_ONLY neutral retire case=00010 pc=0x800005dc opcode=csrrw x26=0x800005ec
000000049 RUNTIME_ONLY neutral retire case=00010 pc=0x800005e0 opcode=xor x27=0x800005d1
000000050 RUNTIME_ONLY neutral retire case=00010 pc=0x800005e4 opcode=addi x28=0x800005d6
000000051 RUNTIME_ONLY neutral retire case=00010 pc=0x800005e8 opcode=lw x29=0x800005db
000000052 RUNTIME_ONLY neutral retire case=00010 pc=0x800005ec opcode=sw x30=0x800005d8
000000053 RUNTIME_ONLY neutral retire case=00010 pc=0x800005f0 opcode=beq x31=0x800005c5
000000054 RUNTIME_ONLY neutral retire case=00010 pc=0x800005f4 opcode=csrrw x0=0x800005c2
000000055 RUNTIME_ONLY neutral retire case=00010 pc=0x800005f8 opcode=xor x1=0x800005cf
000000056 RUNTIME_ONLY neutral retire case=00010 pc=0x800005fc opcode=addi x2=0x800005c4
000000057 RUNTIME_ONLY neutral retire case=00010 pc=0x80000600 opcode=lw x3=0x80000639
000000058 RUNTIME_ONLY neutral retire case=00010 pc=0x80000604 opcode=sw x4=0x8000063e
000000059 RUNTIME_ONLY neutral retire case=00010 pc=0x80000608 opcode=beq x5=0x80000633
000000060 RUNTIME_ONLY neutral retire case=00010 pc=0x8000060c opcode=csrrw x6=0x80000630
000000061 RUNTIME_ONLY neutral retire case=00010 pc=0x80000610 opcode=xor x7=0x8000062d
000000062 RUNTIME_ONLY neutral retire case=00010 pc=0x80000614 opcode=addi x8=0x8000062a
000000063 RUNTIME_ONLY neutral retire case=00010 pc=0x80000618 opcode=lw x9=0x80000627
000000064 RUNTIME_ONLY neutral retire case=00010 pc=0x8000061c opcode=sw x10=0x8000065c
000000065 RUNTIME_ONLY neutral retire case=00010 pc=0x80000620 opcode=beq x11=0x80000661
000000066 RUNTIME_ONLY neutral retire case=00010 pc=0x80000624 opcode=csrrw x12=0x80000666
000000067 RUNTIME_ONLY neutral retire case=00010 pc=0x80000628 opcode=xor x13=0x8000066b
000000068 RUNTIME_ONLY neutral retire case=00010 pc=0x8000062c opcode=addi x14=0x80000668
000000069 RUNTIME_ONLY neutral retire case=00010 pc=0x80000630 opcode=lw x15=0x80000675
000000070 RUNTIME_ONLY neutral retire case=00010 pc=0x80000634 opcode=sw x16=0x80000672
000000071 RUNTIME_ONLY neutral retire case=00010 pc=0x80000638 opcode=beq x17=0x8000067f
000000072 RUNTIME_ONLY neutral retire case=00010 pc=0x8000063c opcode=csrrw x18=0x80000674
000000073 RUNTIME_ONLY neutral retire case=00010 pc=0x80000640 opcode=xor x19=0x80000609
000000074 RUNTIME_ONLY neutral retire case=00010 pc=0x80000644 opcode=addi x20=0x8000060e
000000075 RUNTIME_ONLY neutral retire case=00010 pc=0x80000648 opcode=lw x21=0x80000603
