UVM_FATAL /runtime_only_unique_aakv.sv(1) @ 1: runtime_only_unique_failure_aakv normalization resistant timing marker
RUNTIME_ONLY_CASE=984 SOURCE_A=benchmark_set_2:17
Mismatch[1]:
ibex[79] : pc[8000021e] c.slli x20,0x4: s4:4b94f690
RUNTIME_ONLY_COMBINE SOURCE_B=benchmark_set_2:17
spike[79] : pc[ffffffff80000240] c.addi s9, 6: s9:00002006
[FAILED]: 77 matched, 4262 mismatch
000000000 RUNTIME_ONLY neutral retire case=00984 pc=0x8001f788 opcode=addi x24=0x8001f788
000000001 RUNTIME_ONLY neutral retire case=00984 pc=0x8001f78c opcode=lw x25=0x8001f78d
000000002 RUNTIME_ONLY neutral retire case=00984 pc=0x8001f790 opcode=sw x26=0x8001f792
000000003 RUNTIME_ONLY neutral retire case=00984 pc=0x8001f794 opcode=beq x27=0x8001f797
000000004 RUNTIME_ONLY neutral retire case=00984 pc=0x8001f798 opcode=csrrw x28=0x8001f79c
000000005 RUNTIME_ONLY neutral retire case=00984 pc=0x8001f79c opcode=xor x29=0x8001f799
000000006 RUNTIME_ONLY neutral retire case=00984 pc=0x8001f7a0 opcode=addi x30=0x8001f7a6
000000007 RUNTIME_ONLY neutral retire case=00984 pc=0x8001f7a4 opcode=lw x31=0x8001f7a3
000000008 RUNTIME_ONLY neutral retire case=00984 pc=0x8001f7a8 opcode=sw x0=0x8001f7a0
000000009 RUNTIME_ONLY neutral retire case=00984 pc=0x8001f7ac opcode=beq x1=0x8001f7a5
000000010 RUNTIME_ONLY neutral retire case=00984 pc=0x8001f7b0 opcode=csrrw x2=0x8001f7ba
000000011 RUNTIME_ONLY neutral retire case=00984 pc=0x8001f7b4 opcode=xor x3=0x8001f7bf
000000012 RUNTIME_ONLY neutral retire case=00984 pc=0x8001f7b8 opcode=addi x4=0x8001f7b4
000000013 RUNTIME_ONLY neutral retire case=00984 pc=0x8001f7bc opcode=lw x5=0x8001f7b1
000000014 RUNTIME_ONLY neutral retire case=00984 pc=0x8001f7c0 opcode=sw x6=0x8001f7ce
000000015 RUNTIME_ONLY neutral retire case=00984 pc=0x8001f7c4 opcode=beq x7=0x8001f7cb
000000016 RUNTIME_ONLY neutral retire case=00984 pc=0x8001f7c8 opcode=csrrw x8=0x8001f7d8
