UVM_FATAL /runtime_only_unique_aaui.sv(1) @ 1: runtime_only_unique_failure_aaui normalization resistant timing marker
RUNTIME_ONLY_CASE=555 SOURCE_A=benchmark_set_2:4
riscv_single_interrupt_test.0 : [FAILED]
RUNTIME_ONLY_COMBINE SOURCE_B=benchmark_set_2:22
spike[231] : pc[ffffffff80000464] c.lui t3, 0x9: t3:00009000
[FAILED]: 377 matched, 11187 mismatch
000000000 RUNTIME_ONLY neutral retire case=00555 pc=0x80011c00 opcode=beq x11=0x80011c00
000000001 RUNTIME_ONLY neutral retire case=00555 pc=0x80011c04 opcode=csrrw x12=0x80011c05
000000002 RUNTIME_ONLY neutral retire case=00555 pc=0x80011c08 opcode=xor x13=0x80011c0a
000000003 RUNTIME_ONLY neutral retire case=00555 pc=0x80011c0c opcode=addi x14=0x80011c0f
000000004 RUNTIME_ONLY neutral retire case=00555 pc=0x80011c10 opcode=lw x15=0x80011c14
000000005 RUNTIME_ONLY neutral retire case=00555 pc=0x80011c14 opcode=sw x16=0x80011c11
000000006 RUNTIME_ONLY neutral retire case=00555 pc=0x80011c18 opcode=beq x17=0x80011c1e
000000007 RUNTIME_ONLY neutral retire case=00555 pc=0x80011c1c opcode=csrrw x18=0x80011c1b
000000008 RUNTIME_ONLY neutral retire case=00555 pc=0x80011c20 opcode=xor x19=0x80011c28
000000009 RUNTIME_ONLY neutral retire case=00555 pc=0x80011c24 opcode=addi x20=0x80011c2d
000000010 RUNTIME_ONLY neutral retire case=00555 pc=0x80011c28 opcode=lw x21=0x80011c22
000000011 RUNTIME_ONLY neutral retire case=00555 pc=0x80011c2c opcode=sw x22=0x80011c27
000000012 RUNTIME_ONLY neutral retire case=00555 pc=0x80011c30 opcode=beq x23=0x80011c3c
000000013 RUNTIME_ONLY neutral retire case=00555 pc=0x80011c34 opcode=csrrw x24=0x80011c39
000000014 RUNTIME_ONLY neutral retire case=00555 pc=0x80011c38 opcode=xor x25=0x80011c36
000000015 RUNTIME_ONLY neutral retire case=00555 pc=0x80011c3c opcode=addi x26=0x80011c33
