UVM_FATAL /runtime_only_unique_aabr.sv(1) @ 1: runtime_only_unique_failure_aabr normalization resistant timing marker
RUNTIME_ONLY_CASE=70 SOURCE_A=benchmark_set_1:6
Mismatch[1]:
ibex[371] : pc[800005ae] sltu x29,x22,x26: t4:00000001
RUNTIME_ONLY_COMBINE SOURCE_B=benchmark_set_2:13
spike[151] : pc[ffffffff80010a1c] c.addi16sp sp, 400: sp:a019f190
[FAILED]: 453 matched, 16844 mismatch
000000000 RUNTIME_ONLY neutral retire case=00070 pc=0x800023d0 opcode=csrrw x6=0x800023d0
000000001 RUNTIME_ONLY neutral retire case=00070 pc=0x800023d4 opcode=xor x7=0x800023d5
000000002 RUNTIME_ONLY neutral retire case=00070 pc=0x800023d8 opcode=addi x8=0x800023da
000000003 RUNTIME_ONLY neutral retire case=00070 pc=0x800023dc opcode=lw x9=0x800023df
000000004 RUNTIME_ONLY neutral retire case=00070 pc=0x800023e0 opcode=sw x10=0x800023e4
000000005 RUNTIME_ONLY neutral retire case=00070 pc=0x800023e4 opcode=beq x11=0x800023e1
000000006 RUNTIME_ONLY neutral retire case=00070 pc=0x800023e8 opcode=csrrw x12=0x800023ee
000000007 RUNTIME_ONLY neutral retire case=00070 pc=0x800023ec opcode=xor x13=0x800023eb
000000008 RUNTIME_ONLY neutral retire case=00070 pc=0x800023f0 opcode=addi x14=0x800023f8
000000009 RUNTIME_ONLY neutral retire case=00070 pc=0x800023f4 opcode=lw x15=0x800023fd
000000010 RUNTIME_ONLY neutral retire case=00070 pc=0x800023f8 opcode=sw x16=0x800023f2
000000011 RUNTIME_ONLY neutral retire case=00070 pc=0x800023fc opcode=beq x17=0x800023f7
000000012 RUNTIME_ONLY neutral retire case=00070 pc=0x80002400 opcode=csrrw x18=0x8000240c
000000013 RUNTIME_ONLY neutral retire case=00070 pc=0x80002404 opcode=xor x19=0x80002409
000000014 RUNTIME_ONLY neutral retire case=00070 pc=0x80002408 opcode=addi x20=0x80002406
000000015 RUNTIME_ONLY neutral retire case=00070 pc=0x8000240c opcode=lw x21=0x80002403
000000016 RUNTIME_ONLY neutral retire case=00070 pc=0x80002410 opcode=sw x22=0x80002400
000000017 RUNTIME_ONLY neutral retire case=00070 pc=0x80002414 opcode=beq x23=0x80002405
000000018 RUNTIME_ONLY neutral retire case=00070 pc=0x80002418 opcode=csrrw x24=0x8000240a
000000019 RUNTIME_ONLY neutral retire case=00070 pc=0x8000241c opcode=xor x25=0x8000240f
000000020 RUNTIME_ONLY neutral retire case=00070 pc=0x80002420 opcode=addi x26=0x80002434
000000021 RUNTIME_ONLY neutral retire case=00070 pc=0x80002424 opcode=lw x27=0x80002431
000000022 RUNTIME_ONLY neutral retire case=00070 pc=0x80002428 opcode=sw x28=0x8000243e
000000023 RUNTIME_ONLY neutral retire case=00070 pc=0x8000242c opcode=beq x29=0x8000243b
000000024 RUNTIME_ONLY neutral retire case=00070 pc=0x80002430 opcode=csrrw x30=0x80002428
000000025 RUNTIME_ONLY neutral retire case=00070 pc=0x80002434 opcode=xor x31=0x8000242d
000000026 RUNTIME_ONLY neutral retire case=00070 pc=0x80002438 opcode=addi x0=0x80002422
000000027 RUNTIME_ONLY neutral retire case=00070 pc=0x8000243c opcode=lw x1=0x80002427
000000028 RUNTIME_ONLY neutral retire case=00070 pc=0x80002440 opcode=sw x2=0x8000245c
000000029 RUNTIME_ONLY neutral retire case=00070 pc=0x80002444 opcode=beq x3=0x80002459
000000030 RUNTIME_ONLY neutral retire case=00070 pc=0x80002448 opcode=csrrw x4=0x80002456
000000031 RUNTIME_ONLY neutral retire case=00070 pc=0x8000244c opcode=xor x5=0x80002453
000000032 RUNTIME_ONLY neutral retire case=00070 pc=0x80002450 opcode=addi x6=0x80002470
000000033 RUNTIME_ONLY neutral retire case=00070 pc=0x80002454 opcode=lw x7=0x80002475
000000034 RUNTIME_ONLY neutral retire case=00070 pc=0x80002458 opcode=sw x8=0x8000247a
000000035 RUNTIME_ONLY neutral retire case=00070 pc=0x8000245c opcode=beq x9=0x8000247f
000000036 RUNTIME_ONLY neutral retire case=00070 pc=0x80002460 opcode=csrrw x10=0x80002444
000000037 RUNTIME_ONLY neutral retire case=00070 pc=0x80002464 opcode=xor x11=0x80002441
000000038 RUNTIME_ONLY neutral retire case=00070 pc=0x80002468 opcode=addi x12=0x8000244e
000000039 RUNTIME_ONLY neutral retire case=00070 pc=0x8000246c opcode=lw x13=0x8000244b
000000040 RUNTIME_ONLY neutral retire case=00070 pc=0x80002470 opcode=sw x14=0x80002458
000000041 RUNTIME_ONLY neutral retire case=00070 pc=0x80002474 opcode=beq x15=0x8000245d
000000042 RUNTIME_ONLY neutral retire case=00070 pc=0x80002478 opcode=csrrw x16=0x80002452
000000043 RUNTIME_ONLY neutral retire case=00070 pc=0x8000247c opcode=xor x17=0x80002457
000000044 RUNTIME_ONLY neutral retire case=00070 pc=0x80002480 opcode=addi x18=0x800024ac
000000045 RUNTIME_ONLY neutral retire case=00070 pc=0x80002484 opcode=lw x19=0x800024a9
000000046 RUNTIME_ONLY neutral retire case=00070 pc=0x80002488 opcode=sw x20=0x800024a6
000000047 RUNTIME_ONLY neutral retire case=00070 pc=0x8000248c opcode=beq x21=0x800024a3
000000048 RUNTIME_ONLY neutral retire case=00070 pc=0x80002490 opcode=csrrw x22=0x800024a0
000000049 RUNTIME_ONLY neutral retire case=00070 pc=0x80002494 opcode=xor x23=0x800024a5
000000050 RUNTIME_ONLY neutral retire case=00070 pc=0x80002498 opcode=addi x24=0x800024aa
000000051 RUNTIME_ONLY neutral retire case=00070 pc=0x8000249c opcode=lw x25=0x800024af
000000052 RUNTIME_ONLY neutral retire case=00070 pc=0x800024a0 opcode=sw x26=0x80002494
000000053 RUNTIME_ONLY neutral retire case=00070 pc=0x800024a4 opcode=beq x27=0x80002491
000000054 RUNTIME_ONLY neutral retire case=00070 pc=0x800024a8 opcode=csrrw x28=0x8000249e
000000055 RUNTIME_ONLY neutral retire case=00070 pc=0x800024ac opcode=xor x29=0x8000249b
000000056 RUNTIME_ONLY neutral retire case=00070 pc=0x800024b0 opcode=addi x30=0x80002488
000000057 RUNTIME_ONLY neutral retire case=00070 pc=0x800024b4 opcode=lw x31=0x8000248d
000000058 RUNTIME_ONLY neutral retire case=00070 pc=0x800024b8 opcode=sw x0=0x80002482
000000059 RUNTIME_ONLY neutral retire case=00070 pc=0x800024bc opcode=beq x1=0x80002487
000000060 RUNTIME_ONLY neutral retire case=00070 pc=0x800024c0 opcode=csrrw x2=0x800024fc
000000061 RUNTIME_ONLY neutral retire case=00070 pc=0x800024c4 opcode=xor x3=0x800024f9
000000062 RUNTIME_ONLY neutral retire case=00070 pc=0x800024c8 opcode=addi x4=0x800024f6
000000063 RUNTIME_ONLY neutral retire case=00070 pc=0x800024cc opcode=lw x5=0x800024f3
000000064 RUNTIME_ONLY neutral retire case=00070 pc=0x800024d0 opcode=sw x6=0x80002490
000000065 RUNTIME_ONLY neutral retire case=00070 pc=0x800024d4 opcode=beq x7=0x80002495
000000066 RUNTIME_ONLY neutral retire case=00070 pc=0x800024d8 opcode=csrrw x8=0x8000249a
000000067 RUNTIME_ONLY neutral retire case=00070 pc=0x800024dc opcode=xor x9=0x8000249f
000000068 RUNTIME_ONLY neutral retire case=00070 pc=0x800024e0 opcode=addi x10=0x800024a4
000000069 RUNTIME_ONLY neutral retire case=00070 pc=0x800024e4 opcode=lw x11=0x800024a1
000000070 RUNTIME_ONLY neutral retire case=00070 pc=0x800024e8 opcode=sw x12=0x800024ae
000000071 RUNTIME_ONLY neutral retire case=00070 pc=0x800024ec opcode=beq x13=0x800024ab
000000072 RUNTIME_ONLY neutral retire case=00070 pc=0x800024f0 opcode=csrrw x14=0x800024b8
000000073 RUNTIME_ONLY neutral retire case=00070 pc=0x800024f4 opcode=xor x15=0x800024bd
000000074 RUNTIME_ONLY neutral retire case=00070 pc=0x800024f8 opcode=addi x16=0x800024b2
000000075 RUNTIME_ONLY neutral retire case=00070 pc=0x800024fc opcode=lw x17=0x800024b7
000000076 RUNTIME_ONLY neutral retire case=00070 pc=0x80002500 opcode=sw x18=0x8000254c
000000077 RUNTIME_ONLY neutral retire case=00070 pc=0x80002504 opcode=beq x19=0x80002549
000000078 RUNTIME_ONLY neutral retire case=00070 pc=0x80002508 opcode=csrrw x20=0x80002546
000000079 RUNTIME_ONLY neutral retire case=00070 pc=0x8000250c opcode=xor x21=0x80002543
000000080 RUNTIME_ONLY neutral retire case=00070 pc=0x80002510 opcode=addi x22=0x80002540
000000081 RUNTIME_ONLY neutral retire case=00070 pc=0x80002514 opcode=lw x23=0x80002545
000000082 RUNTIME_ONLY neutral retire case=00070 pc=0x80002518 opcode=sw x24=0x8000254a
000000083 RUNTIME_ONLY neutral retire case=00070 pc=0x8000251c opcode=beq x25=0x8000254f
000000084 RUNTIME_ONLY neutral retire case=00070 pc=0x80002520 opcode=csrrw x26=0x80002574
000000085 RUNTIME_ONLY neutral retire case=00070 pc=0x80002524 opcode=xor x27=0x80002571
000000086 RUNTIME_ONLY neutral retire case=00070 pc=0x80002528 opcode=addi x28=0x8000257e
000000087 RUNTIME_ONLY neutral retire case=00070 pc=0x8000252c opcode=lw x29=0x8000257b
000000088 RUNTIME_ONLY neutral retire case=00070 pc=0x80002530 opcode=sw x30=0x80002568
000000089 RUNTIME_ONLY neutral retire case=00070 pc=0x80002534 opcode=beq x31=0x8000256d
000000090 RUNTIME_ONLY neutral retire case=00070 pc=0x80002538 opcode=csrrw x0=0x80002562
000000091 RUNTIME_ONLY neutral retire case=00070 pc=0x8000253c opcode=xor x1=0x80002567
000000092 RUNTIME_ONLY neutral retire case=00070 pc=0x80002540 opcode=addi x2=0x8000251c
000000093 RUNTIME_ONLY neutral retire case=00070 pc=0x80002544 opcode=lw x3=0x80002519
000000094 RUNTIME_ONLY neutral retire case=00070 pc=0x80002548 opcode=sw x4=0x80002516
000000095 RUNTIME_ONLY neutral retire case=00070 pc=0x8000254c opcode=beq x5=0x80002513
000000096 RUNTIME_ONLY neutral retire case=00070 pc=0x80002550 opcode=csrrw x6=0x80002530
000000097 RUNTIME_ONLY neutral retire case=00070 pc=0x80002554 opcode=xor x7=0x80002535
000000098 RUNTIME_ONLY neutral retire case=00070 pc=0x80002558 opcode=addi x8=0x8000253a
000000099 RUNTIME_ONLY neutral retire case=00070 pc=0x8000255c opcode=lw x9=0x8000253f
000000100 RUNTIME_ONLY neutral retire case=00070 pc=0x80002560 opcode=sw x10=0x80002504
000000101 RUNTIME_ONLY neutral retire case=00070 pc=0x80002564 opcode=beq x11=0x80002501
000000102 RUNTIME_ONLY neutral retire case=00070 pc=0x80002568 opcode=csrrw x12=0x8000250e
000000103 RUNTIME_ONLY neutral retire case=00070 pc=0x8000256c opcode=xor x13=0x8000250b
000000104 RUNTIME_ONLY neutral retire case=00070 pc=0x80002570 opcode=addi x14=0x80002518
000000105 RUNTIME_ONLY neutral retire case=00070 pc=0x80002574 opcode=lw x15=0x8000251d
000000106 RUNTIME_ONLY neutral retire case=00070 pc=0x80002578 opcode=sw x16=0x80002512
000000107 RUNTIME_ONLY neutral retire case=00070 pc=0x8000257c opcode=beq x17=0x80002517
000000108 RUNTIME_ONLY neutral retire case=00070 pc=0x80002580 opcode=csrrw x18=0x800025ec
000000109 RUNTIME_ONLY neutral retire case=00070 pc=0x80002584 opcode=xor x19=0x800025e9
000000110 RUNTIME_ONLY neutral retire case=00070 pc=0x80002588 opcode=addi x20=0x800025e6
000000111 RUNTIME_ONLY neutral retire case=00070 pc=0x8000258c opcode=lw x21=0x800025e3
000000112 RUNTIME_ONLY neutral retire case=00070 pc=0x80002590 opcode=sw x22=0x800025e0
000000113 RUNTIME_ONLY neutral retire case=00070 pc=0x80002594 opcode=beq x23=0x800025e5
000000114 RUNTIME_ONLY neutral retire case=00070 pc=0x80002598 opcode=csrrw x24=0x800025ea
000000115 RUNTIME_ONLY neutral retire case=00070 pc=0x8000259c opcode=xor x25=0x800025ef
000000116 RUNTIME_ONLY neutral retire case=00070 pc=0x800025a0 opcode=addi x26=0x800025d4
000000117 RUNTIME_ONLY neutral retire case=00070 pc=0x800025a4 opcode=lw x27=0x800025d1
000000118 RUNTIME_ONLY neutral retire case=00070 pc=0x800025a8 opcode=sw x28=0x800025de
000000119 RUNTIME_ONLY neutral retire case=00070 pc=0x800025ac opcode=beq x29=0x800025db
000000120 RUNTIME_ONLY neutral retire case=00070 pc=0x800025b0 opcode=csrrw x30=0x800025c8
000000121 RUNTIME_ONLY neutral retire case=00070 pc=0x800025b4 opcode=xor x31=0x800025cd
000000122 RUNTIME_ONLY neutral retire case=00070 pc=0x800025b8 opcode=addi x0=0x800025c2
000000123 RUNTIME_ONLY neutral retire case=00070 pc=0x800025bc opcode=lw x1=0x800025c7
000000124 RUNTIME_ONLY neutral retire case=00070 pc=0x800025c0 opcode=sw x2=0x800025bc
000000125 RUNTIME_ONLY neutral retire case=00070 pc=0x800025c4 opcode=beq x3=0x800025b9
000000126 RUNTIME_ONLY neutral retire case=00070 pc=0x800025c8 opcode=csrrw x4=0x800025b6
000000127 RUNTIME_ONLY neutral retire case=00070 pc=0x800025cc opcode=xor x5=0x800025b3
000000128 RUNTIME_ONLY neutral retire case=00070 pc=0x800025d0 opcode=addi x6=0x80002550
000000129 RUNTIME_ONLY neutral retire case=00070 pc=0x800025d4 opcode=lw x7=0x80002555
000000130 RUNTIME_ONLY neutral retire case=00070 pc=0x800025d8 opcode=sw x8=0x8000255a
000000131 RUNTIME_ONLY neutral retire case=00070 pc=0x800025dc opcode=beq x9=0x8000255f
000000132 RUNTIME_ONLY neutral retire case=00070 pc=0x800025e0 opcode=csrrw x10=0x80002564
000000133 RUNTIME_ONLY neutral retire case=00070 pc=0x800025e4 opcode=xor x11=0x80002561
000000134 RUNTIME_ONLY neutral retire case=00070 pc=0x800025e8 opcode=addi x12=0x8000256e
000000135 RUNTIME_ONLY neutral retire case=00070 pc=0x800025ec opcode=lw x13=0x8000256b
000000136 RUNTIME_ONLY neutral retire case=00070 pc=0x800025f0 opcode=sw x14=0x80002578
000000137 RUNTIME_ONLY neutral retire case=00070 pc=0x800025f4 opcode=beq x15=0x8000257d
000000138 RUNTIME_ONLY neutral retire case=00070 pc=0x800025f8 opcode=csrrw x16=0x80002572
000000139 RUNTIME_ONLY neutral retire case=00070 pc=0x800025fc opcode=xor x17=0x80002577
000000140 RUNTIME_ONLY neutral retire case=00070 pc=0x80002600 opcode=addi x18=0x8000268c
000000141 RUNTIME_ONLY neutral retire case=00070 pc=0x80002604 opcode=lw x19=0x80002689
000000142 RUNTIME_ONLY neutral retire case=00070 pc=0x80002608 opcode=sw x20=0x80002686
000000143 RUNTIME_ONLY neutral retire case=00070 pc=0x8000260c opcode=beq x21=0x80002683
000000144 RUNTIME_ONLY neutral retire case=00070 pc=0x80002610 opcode=csrrw x22=0x80002680
000000145 RUNTIME_ONLY neutral retire case=00070 pc=0x80002614 opcode=xor x23=0x80002685
000000146 RUNTIME_ONLY neutral retire case=00070 pc=0x80002618 opcode=addi x24=0x8000268a
000000147 RUNTIME_ONLY neutral retire case=00070 pc=0x8000261c opcode=lw x25=0x8000268f
000000148 RUNTIME_ONLY neutral retire case=00070 pc=0x80002620 opcode=sw x26=0x800026b4
000000149 RUNTIME_ONLY neutral retire case=00070 pc=0x80002624 opcode=beq x27=0x800026b1
000000150 RUNTIME_ONLY neutral retire case=00070 pc=0x80002628 opcode=csrrw x28=0x800026be
000000151 RUNTIME_ONLY neutral retire case=00070 pc=0x8000262c opcode=xor x29=0x800026bb
000000152 RUNTIME_ONLY neutral retire case=00070 pc=0x80002630 opcode=addi x30=0x800026a8
000000153 RUNTIME_ONLY neutral retire case=00070 pc=0x80002634 opcode=lw x31=0x800026ad
000000154 RUNTIME_ONLY neutral retire case=00070 pc=0x80002638 opcode=sw x0=0x800026a2
000000155 RUNTIME_ONLY neutral retire case=00070 pc=0x8000263c opcode=beq x1=0x800026a7
000000156 RUNTIME_ONLY neutral retire case=00070 pc=0x80002640 opcode=csrrw x2=0x800026dc
000000157 RUNTIME_ONLY neutral retire case=00070 pc=0x80002644 opcode=xor x3=0x800026d9
000000158 RUNTIME_ONLY neutral retire case=00070 pc=0x80002648 opcode=addi x4=0x800026d6
000000159 RUNTIME_ONLY neutral retire case=00070 pc=0x8000264c opcode=lw x5=0x800026d3
000000160 RUNTIME_ONLY neutral retire case=00070 pc=0x80002650 opcode=sw x6=0x800026f0
000000161 RUNTIME_ONLY neutral retire case=00070 pc=0x80002654 opcode=beq x7=0x800026f5
000000162 RUNTIME_ONLY neutral retire case=00070 pc=0x80002658 opcode=csrrw x8=0x800026fa
000000163 RUNTIME_ONLY neutral retire case=00070 pc=0x8000265c opcode=xor x9=0x800026ff
000000164 RUNTIME_ONLY neutral retire case=00070 pc=0x80002660 opcode=addi x10=0x800026c4
000000165 RUNTIME_ONLY neutral retire case=00070 pc=0x80002664 opcode=lw x11=0x800026c1
000000166 RUNTIME_ONLY neutral retire case=00070 pc=0x80002668 opcode=sw x12=0x800026ce
000000167 RUNTIME_ONLY neutral retire case=00070 pc=0x8000266c opcode=beq x13=0x800026cb
000000168 RUNTIME_ONLY neutral retire case=00070 pc=0x80002670 opcode=csrrw x14=0x800026d8
000000169 RUNTIME_ONLY neutral retire case=00070 pc=0x80002674 opcode=xor x15=0x800026dd
000000170 RUNTIME_ONLY neutral retire case=00070 pc=0x80002678 opcode=addi x16=0x800026d2
000000171 RUNTIME_ONLY neutral retire case=00070 pc=0x8000267c opcode=lw x17=0x800026d7
000000172 RUNTIME_ONLY neutral retire case=00070 pc=0x80002680 opcode=sw x18=0x8000262c
000000173 RUNTIME_ONLY neutral retire case=00070 pc=0x80002684 opcode=beq x19=0x80002629
000000174 RUNTIME_ONLY neutral retire case=00070 pc=0x80002688 opcode=csrrw x20=0x80002626
000000175 RUNTIME_ONLY neutral retire case=00070 pc=0x8000268c opcode=xor x21=0x80002623
000000176 RUNTIME_ONLY neutral retire case=00070 pc=0x80002690 opcode=addi x22=0x80002620
000000177 RUNTIME_ONLY neutral retire case=00070 pc=0x80002694 opcode=lw x23=0x80002625
000000178 RUNTIME_ONLY neutral retire case=00070 pc=0x80002698 opcode=sw x24=0x8000262a
000000179 RUNTIME_ONLY neutral retire case=00070 pc=0x8000269c opcode=beq x25=0x8000262f
000000180 RUNTIME_ONLY neutral retire case=00070 pc=0x800026a0 opcode=csrrw x26=0x80002614
000000181 RUNTIME_ONLY neutral retire case=00070 pc=0x800026a4 opcode=xor x27=0x80002611
000000182 RUNTIME_ONLY neutral retire case=00070 pc=0x800026a8 opcode=addi x28=0x8000261e
000000183 RUNTIME_ONLY neutral retire case=00070 pc=0x800026ac opcode=lw x29=0x8000261b
000000184 RUNTIME_ONLY neutral retire case=00070 pc=0x800026b0 opcode=sw x30=0x80002608
000000185 RUNTIME_ONLY neutral retire case=00070 pc=0x800026b4 opcode=beq x31=0x8000260d
000000186 RUNTIME_ONLY neutral retire case=00070 pc=0x800026b8 opcode=csrrw x0=0x80002602
000000187 RUNTIME_ONLY neutral retire case=00070 pc=0x800026bc opcode=xor x1=0x80002607
000000188 RUNTIME_ONLY neutral retire case=00070 pc=0x800026c0 opcode=addi x2=0x8000267c
000000189 RUNTIME_ONLY neutral retire case=00070 pc=0x800026c4 opcode=lw x3=0x80002679
000000190 RUNTIME_ONLY neutral retire case=00070 pc=0x800026c8 opcode=sw x4=0x80002676
000000191 RUNTIME_ONLY neutral retire case=00070 pc=0x800026cc opcode=beq x5=0x80002673
000000192 RUNTIME_ONLY neutral retire case=00070 pc=0x800026d0 opcode=csrrw x6=0x80002610
000000193 RUNTIME_ONLY neutral retire case=00070 pc=0x800026d4 opcode=xor x7=0x80002615
000000194 RUNTIME_ONLY neutral retire case=00070 pc=0x800026d8 opcode=addi x8=0x8000261a
000000195 RUNTIME_ONLY neutral retire case=00070 pc=0x800026dc opcode=lw x9=0x8000261f
000000196 RUNTIME_ONLY neutral retire case=00070 pc=0x800026e0 opcode=sw x10=0x80002624
000000197 RUNTIME_ONLY neutral retire case=00070 pc=0x800026e4 opcode=beq x11=0x80002621
000000198 RUNTIME_ONLY neutral retire case=00070 pc=0x800026e8 opcode=csrrw x12=0x8000262e
000000199 RUNTIME_ONLY neutral retire case=00070 pc=0x800026ec opcode=xor x13=0x8000262b
000000200 RUNTIME_ONLY neutral retire case=00070 pc=0x800026f0 opcode=addi x14=0x80002638
000000201 RUNTIME_ONLY neutral retire case=00070 pc=0x800026f4 opcode=lw x15=0x8000263d
000000202 RUNTIME_ONLY neutral retire case=00070 pc=0x800026f8 opcode=sw x16=0x80002632
000000203 RUNTIME_ONLY neutral retire case=00070 pc=0x800026fc opcode=beq x17=0x80002637
000000204 RUNTIME_ONLY neutral retire case=00070 pc=0x80002700 opcode=csrrw x18=0x800027cc
000000205 RUNTIME_ONLY neutral retire case=00070 pc=0x80002704 opcode=xor x19=0x800027c9
000000206 RUNTIME_ONLY neutral retire case=00070 pc=0x80002708 opcode=addi x20=0x800027c6
000000207 RUNTIME_ONLY neutral retire case=00070 pc=0x8000270c opcode=lw x21=0x800027c3
000000208 RUNTIME_ONLY neutral retire case=00070 pc=0x80002710 opcode=sw x22=0x800027c0
000000209 RUNTIME_ONLY neutral retire case=00070 pc=0x80002714 opcode=beq x23=0x800027c5
000000210 RUNTIME_ONLY neutral retire case=00070 pc=0x80002718 opcode=csrrw x24=0x800027ca
000000211 RUNTIME_ONLY neutral retire case=00070 pc=0x8000271c opcode=xor x25=0x800027cf
000000212 RUNTIME_ONLY neutral retire case=00070 pc=0x80002720 opcode=addi x26=0x800027f4
000000213 RUNTIME_ONLY neutral retire case=00070 pc=0x80002724 opcode=lw x27=0x800027f1
000000214 RUNTIME_ONLY neutral retire case=00070 pc=0x80002728 opcode=sw x28=0x800027fe
000000215 RUNTIME_ONLY neutral retire case=00070 pc=0x8000272c opcode=beq x29=0x800027fb
000000216 RUNTIME_ONLY neutral retire case=00070 pc=0x80002730 opcode=csrrw x30=0x800027e8
000000217 RUNTIME_ONLY neutral retire case=00070 pc=0x80002734 opcode=xor x31=0x800027ed
000000218 RUNTIME_ONLY neutral retire case=00070 pc=0x80002738 opcode=addi x0=0x800027e2
000000219 RUNTIME_ONLY neutral retire case=00070 pc=0x8000273c opcode=lw x1=0x800027e7
000000220 RUNTIME_ONLY neutral retire case=00070 pc=0x80002740 opcode=sw x2=0x8000279c
000000221 RUNTIME_ONLY neutral retire case=00070 pc=0x80002744 opcode=beq x3=0x80002799
000000222 RUNTIME_ONLY neutral retire case=00070 pc=0x80002748 opcode=csrrw x4=0x80002796
000000223 RUNTIME_ONLY neutral retire case=00070 pc=0x8000274c opcode=xor x5=0x80002793
000000224 RUNTIME_ONLY neutral retire case=00070 pc=0x80002750 opcode=addi x6=0x800027b0
000000225 RUNTIME_ONLY neutral retire case=00070 pc=0x80002754 opcode=lw x7=0x800027b5
000000226 RUNTIME_ONLY neutral retire case=00070 pc=0x80002758 opcode=sw x8=0x800027ba
000000227 RUNTIME_ONLY neutral retire case=00070 pc=0x8000275c opcode=beq x9=0x800027bf
000000228 RUNTIME_ONLY neutral retire case=00070 pc=0x80002760 opcode=csrrw x10=0x80002784
000000229 RUNTIME_ONLY neutral retire case=00070 pc=0x80002764 opcode=xor x11=0x80002781
000000230 RUNTIME_ONLY neutral retire case=00070 pc=0x80002768 opcode=addi x12=0x8000278e
000000231 RUNTIME_ONLY neutral retire case=00070 pc=0x8000276c opcode=lw x13=0x8000278b
000000232 RUNTIME_ONLY neutral retire case=00070 pc=0x80002770 opcode=sw x14=0x80002798
000000233 RUNTIME_ONLY neutral retire case=00070 pc=0x80002774 opcode=beq x15=0x8000279d
000000234 RUNTIME_ONLY neutral retire case=00070 pc=0x80002778 opcode=csrrw x16=0x80002792
000000235 RUNTIME_ONLY neutral retire case=00070 pc=0x8000277c opcode=xor x17=0x80002797
000000236 RUNTIME_ONLY neutral retire case=00070 pc=0x80002780 opcode=addi x18=0x8000276c
000000237 RUNTIME_ONLY neutral retire case=00070 pc=0x80002784 opcode=lw x19=0x80002769
000000238 RUNTIME_ONLY neutral retire case=00070 pc=0x80002788 opcode=sw x20=0x80002766
000000239 RUNTIME_ONLY neutral retire case=00070 pc=0x8000278c opcode=beq x21=0x80002763
000000240 RUNTIME_ONLY neutral retire case=00070 pc=0x80002790 opcode=csrrw x22=0x80002760
000000241 RUNTIME_ONLY neutral retire case=00070 pc=0x80002794 opcode=xor x23=0x80002765
