UVM_FATAL /runtime_only_unique_aafv.sv(1) @ 1: runtime_only_unique_failure_aafv normalization resistant timing marker
RUNTIME_ONLY_CASE=178 SOURCE_A=benchmark_set_2:11
Mismatch[1]:
ibex[186] : pc[800002c4] rem x30,x5,x4: t5:8001de1c
RUNTIME_ONLY_COMBINE SOURCE_B=benchmark_set_2:4
riscv_single_interrupt_test.0 : [FAILED]
000000000 RUNTIME_ONLY neutral retire case=00178 pc=0x80005b14 opcode=csrrw x18=0x80005b14
000000001 RUNTIME_ONLY neutral retire case=00178 pc=0x80005b18 opcode=xor x19=0x80005b19
000000002 RUNTIME_ONLY neutral retire case=00178 pc=0x80005b1c opcode=addi x20=0x80005b1e
000000003 RUNTIME_ONLY neutral retire case=00178 pc=0x80005b20 opcode=lw x21=0x80005b23
000000004 RUNTIME_ONLY neutral retire case=00178 pc=0x80005b24 opcode=sw x22=0x80005b20
000000005 RUNTIME_ONLY neutral retire case=00178 pc=0x80005b28 opcode=beq x23=0x80005b2d
000000006 RUNTIME_ONLY neutral retire case=00178 pc=0x80005b2c opcode=csrrw x24=0x80005b2a
000000007 RUNTIME_ONLY neutral retire case=00178 pc=0x80005b30 opcode=xor x25=0x80005b37
000000008 RUNTIME_ONLY neutral retire case=00178 pc=0x80005b34 opcode=addi x26=0x80005b3c
000000009 RUNTIME_ONLY neutral retire case=00178 pc=0x80005b38 opcode=lw x27=0x80005b31
000000010 RUNTIME_ONLY neutral retire case=00178 pc=0x80005b3c opcode=sw x28=0x80005b36
000000011 RUNTIME_ONLY neutral retire case=00178 pc=0x80005b40 opcode=beq x29=0x80005b4b
000000012 RUNTIME_ONLY neutral retire case=00178 pc=0x80005b44 opcode=csrrw x30=0x80005b48
000000013 RUNTIME_ONLY neutral retire case=00178 pc=0x80005b48 opcode=xor x31=0x80005b45
000000014 RUNTIME_ONLY neutral retire case=00178 pc=0x80005b4c opcode=addi x0=0x80005b42
000000015 RUNTIME_ONLY neutral retire case=00178 pc=0x80005b50 opcode=lw x1=0x80005b5f
000000016 RUNTIME_ONLY neutral retire case=00178 pc=0x80005b54 opcode=sw x2=0x80005b44
000000017 RUNTIME_ONLY neutral retire case=00178 pc=0x80005b58 opcode=beq x3=0x80005b49
000000018 RUNTIME_ONLY neutral retire case=00178 pc=0x80005b5c opcode=csrrw x4=0x80005b4e
000000019 RUNTIME_ONLY neutral retire case=00178 pc=0x80005b60 opcode=xor x5=0x80005b73
000000020 RUNTIME_ONLY neutral retire case=00178 pc=0x80005b64 opcode=addi x6=0x80005b70
000000021 RUNTIME_ONLY neutral retire case=00178 pc=0x80005b68 opcode=lw x7=0x80005b7d
000000022 RUNTIME_ONLY neutral retire case=00178 pc=0x80005b6c opcode=sw x8=0x80005b7a
000000023 RUNTIME_ONLY neutral retire case=00178 pc=0x80005b70 opcode=beq x9=0x80005b67
000000024 RUNTIME_ONLY neutral retire case=00178 pc=0x80005b74 opcode=csrrw x10=0x80005b6c
000000025 RUNTIME_ONLY neutral retire case=00178 pc=0x80005b78 opcode=xor x11=0x80005b61
000000026 RUNTIME_ONLY neutral retire case=00178 pc=0x80005b7c opcode=addi x12=0x80005b66
000000027 RUNTIME_ONLY neutral retire case=00178 pc=0x80005b80 opcode=lw x13=0x80005b9b
000000028 RUNTIME_ONLY neutral retire case=00178 pc=0x80005b84 opcode=sw x14=0x80005b98
000000029 RUNTIME_ONLY neutral retire case=00178 pc=0x80005b88 opcode=beq x15=0x80005b95
000000030 RUNTIME_ONLY neutral retire case=00178 pc=0x80005b8c opcode=csrrw x16=0x80005b92
000000031 RUNTIME_ONLY neutral retire case=00178 pc=0x80005b90 opcode=xor x17=0x80005b8f
000000032 RUNTIME_ONLY neutral retire case=00178 pc=0x80005b94 opcode=addi x18=0x80005bb4
000000033 RUNTIME_ONLY neutral retire case=00178 pc=0x80005b98 opcode=lw x19=0x80005bb9
000000034 RUNTIME_ONLY neutral retire case=00178 pc=0x80005b9c opcode=sw x20=0x80005bbe
000000035 RUNTIME_ONLY neutral retire case=00178 pc=0x80005ba0 opcode=beq x21=0x80005b83
000000036 RUNTIME_ONLY neutral retire case=00178 pc=0x80005ba4 opcode=csrrw x22=0x80005b80
000000037 RUNTIME_ONLY neutral retire case=00178 pc=0x80005ba8 opcode=xor x23=0x80005b8d
000000038 RUNTIME_ONLY neutral retire case=00178 pc=0x80005bac opcode=addi x24=0x80005b8a
000000039 RUNTIME_ONLY neutral retire case=00178 pc=0x80005bb0 opcode=lw x25=0x80005b97
000000040 RUNTIME_ONLY neutral retire case=00178 pc=0x80005bb4 opcode=sw x26=0x80005b9c
000000041 RUNTIME_ONLY neutral retire case=00178 pc=0x80005bb8 opcode=beq x27=0x80005b91
000000042 RUNTIME_ONLY neutral retire case=00178 pc=0x80005bbc opcode=csrrw x28=0x80005b96
000000043 RUNTIME_ONLY neutral retire case=00178 pc=0x80005bc0 opcode=xor x29=0x80005beb
000000044 RUNTIME_ONLY neutral retire case=00178 pc=0x80005bc4 opcode=addi x30=0x80005be8
000000045 RUNTIME_ONLY neutral retire case=00178 pc=0x80005bc8 opcode=lw x31=0x80005be5
000000046 RUNTIME_ONLY neutral retire case=00178 pc=0x80005bcc opcode=sw x0=0x80005be2
000000047 RUNTIME_ONLY neutral retire case=00178 pc=0x80005bd0 opcode=beq x1=0x80005bff
000000048 RUNTIME_ONLY neutral retire case=00178 pc=0x80005bd4 opcode=csrrw x2=0x80005be4
000000049 RUNTIME_ONLY neutral retire case=00178 pc=0x80005bd8 opcode=xor x3=0x80005be9
000000050 RUNTIME_ONLY neutral retire case=00178 pc=0x80005bdc opcode=addi x4=0x80005bee
000000051 RUNTIME_ONLY neutral retire case=00178 pc=0x80005be0 opcode=lw x5=0x80005bd3
000000052 RUNTIME_ONLY neutral retire case=00178 pc=0x80005be4 opcode=sw x6=0x80005bd0
000000053 RUNTIME_ONLY neutral retire case=00178 pc=0x80005be8 opcode=beq x7=0x80005bdd
000000054 RUNTIME_ONLY neutral retire case=00178 pc=0x80005bec opcode=csrrw x8=0x80005bda
000000055 RUNTIME_ONLY neutral retire case=00178 pc=0x80005bf0 opcode=xor x9=0x80005bc7
000000056 RUNTIME_ONLY neutral retire case=00178 pc=0x80005bf4 opcode=addi x10=0x80005bcc
000000057 RUNTIME_ONLY neutral retire case=00178 pc=0x80005bf8 opcode=lw x11=0x80005bc1
000000058 RUNTIME_ONLY neutral retire case=00178 pc=0x80005bfc opcode=sw x12=0x80005bc6
000000059 RUNTIME_ONLY neutral retire case=00178 pc=0x80005c00 opcode=beq x13=0x80005c3b
000000060 RUNTIME_ONLY neutral retire case=00178 pc=0x80005c04 opcode=csrrw x14=0x80005c38
000000061 RUNTIME_ONLY neutral retire case=00178 pc=0x80005c08 opcode=xor x15=0x80005c35
000000062 RUNTIME_ONLY neutral retire case=00178 pc=0x80005c0c opcode=addi x16=0x80005c32
000000063 RUNTIME_ONLY neutral retire case=00178 pc=0x80005c10 opcode=lw x17=0x80005c2f
000000064 RUNTIME_ONLY neutral retire case=00178 pc=0x80005c14 opcode=sw x18=0x80005c54
000000065 RUNTIME_ONLY neutral retire case=00178 pc=0x80005c18 opcode=beq x19=0x80005c59
000000066 RUNTIME_ONLY neutral retire case=00178 pc=0x80005c1c opcode=csrrw x20=0x80005c5e
000000067 RUNTIME_ONLY neutral retire case=00178 pc=0x80005c20 opcode=xor x21=0x80005c63
000000068 RUNTIME_ONLY neutral retire case=00178 pc=0x80005c24 opcode=addi x22=0x80005c60
000000069 RUNTIME_ONLY neutral retire case=00178 pc=0x80005c28 opcode=lw x23=0x80005c6d
000000070 RUNTIME_ONLY neutral retire case=00178 pc=0x80005c2c opcode=sw x24=0x80005c6a
000000071 RUNTIME_ONLY neutral retire case=00178 pc=0x80005c30 opcode=beq x25=0x80005c77
000000072 RUNTIME_ONLY neutral retire case=00178 pc=0x80005c34 opcode=csrrw x26=0x80005c7c
000000073 RUNTIME_ONLY neutral retire case=00178 pc=0x80005c38 opcode=xor x27=0x80005c71
