UVM_FATAL /runtime_only_unique_aabi.sv(1) @ 1: runtime_only_unique_failure_aabi normalization resistant timing marker
RUNTIME_ONLY_CASE=61 SOURCE_A=benchmark_set_2:22
Mismatch[1]:
ibex[231] : pc[80000474] c.or x14,x8: a4:00ef9e4f
RUNTIME_ONLY_COMBINE SOURCE_B=benchmark_set_2:14
riscv_multiple_interrupt_test.0 : [FAILED]
000000000 RUNTIME_ONLY neutral retire case=00061 pc=0x80001f34 opcode=lw x29=0x80001f34
000000001 RUNTIME_ONLY neutral retire case=00061 pc=0x80001f38 opcode=sw x30=0x80001f39
000000002 RUNTIME_ONLY neutral retire case=00061 pc=0x80001f3c opcode=beq x31=0x80001f3e
000000003 RUNTIME_ONLY neutral retire case=00061 pc=0x80001f40 opcode=csrrw x0=0x80001f43
000000004 RUNTIME_ONLY neutral retire case=00061 pc=0x80001f44 opcode=xor x1=0x80001f40
000000005 RUNTIME_ONLY neutral retire case=00061 pc=0x80001f48 opcode=addi x2=0x80001f4d
000000006 RUNTIME_ONLY neutral retire case=00061 pc=0x80001f4c opcode=lw x3=0x80001f4a
000000007 RUNTIME_ONLY neutral retire case=00061 pc=0x80001f50 opcode=sw x4=0x80001f57
000000008 RUNTIME_ONLY neutral retire case=00061 pc=0x80001f54 opcode=beq x5=0x80001f5c
000000009 RUNTIME_ONLY neutral retire case=00061 pc=0x80001f58 opcode=csrrw x6=0x80001f51
000000010 RUNTIME_ONLY neutral retire case=00061 pc=0x80001f5c opcode=xor x7=0x80001f56
000000011 RUNTIME_ONLY neutral retire case=00061 pc=0x80001f60 opcode=addi x8=0x80001f6b
000000012 RUNTIME_ONLY neutral retire case=00061 pc=0x80001f64 opcode=lw x9=0x80001f68
000000013 RUNTIME_ONLY neutral retire case=00061 pc=0x80001f68 opcode=sw x10=0x80001f65
000000014 RUNTIME_ONLY neutral retire case=00061 pc=0x80001f6c opcode=beq x11=0x80001f62
000000015 RUNTIME_ONLY neutral retire case=00061 pc=0x80001f70 opcode=csrrw x12=0x80001f7f
000000016 RUNTIME_ONLY neutral retire case=00061 pc=0x80001f74 opcode=xor x13=0x80001f64
000000017 RUNTIME_ONLY neutral retire case=00061 pc=0x80001f78 opcode=addi x14=0x80001f69
000000018 RUNTIME_ONLY neutral retire case=00061 pc=0x80001f7c opcode=lw x15=0x80001f6e
000000019 RUNTIME_ONLY neutral retire case=00061 pc=0x80001f80 opcode=sw x16=0x80001f93
000000020 RUNTIME_ONLY neutral retire case=00061 pc=0x80001f84 opcode=beq x17=0x80001f90
000000021 RUNTIME_ONLY neutral retire case=00061 pc=0x80001f88 opcode=csrrw x18=0x80001f9d
000000022 RUNTIME_ONLY neutral retire case=00061 pc=0x80001f8c opcode=xor x19=0x80001f9a
000000023 RUNTIME_ONLY neutral retire case=00061 pc=0x80001f90 opcode=addi x20=0x80001f87
000000024 RUNTIME_ONLY neutral retire case=00061 pc=0x80001f94 opcode=lw x21=0x80001f8c
000000025 RUNTIME_ONLY neutral retire case=00061 pc=0x80001f98 opcode=sw x22=0x80001f81
000000026 RUNTIME_ONLY neutral retire case=00061 pc=0x80001f9c opcode=beq x23=0x80001f86
000000027 RUNTIME_ONLY neutral retire case=00061 pc=0x80001fa0 opcode=csrrw x24=0x80001fbb
000000028 RUNTIME_ONLY neutral retire case=00061 pc=0x80001fa4 opcode=xor x25=0x80001fb8
000000029 RUNTIME_ONLY neutral retire case=00061 pc=0x80001fa8 opcode=addi x26=0x80001fb5
000000030 RUNTIME_ONLY neutral retire case=00061 pc=0x80001fac opcode=lw x27=0x80001fb2
000000031 RUNTIME_ONLY neutral retire case=00061 pc=0x80001fb0 opcode=sw x28=0x80001faf
000000032 RUNTIME_ONLY neutral retire case=00061 pc=0x80001fb4 opcode=beq x29=0x80001f94
000000033 RUNTIME_ONLY neutral retire case=00061 pc=0x80001fb8 opcode=csrrw x30=0x80001f99
000000034 RUNTIME_ONLY neutral retire case=00061 pc=0x80001fbc opcode=xor x31=0x80001f9e
000000035 RUNTIME_ONLY neutral retire case=00061 pc=0x80001fc0 opcode=addi x0=0x80001fe3
000000036 RUNTIME_ONLY neutral retire case=00061 pc=0x80001fc4 opcode=lw x1=0x80001fe0
000000037 RUNTIME_ONLY neutral retire case=00061 pc=0x80001fc8 opcode=sw x2=0x80001fed
000000038 RUNTIME_ONLY neutral retire case=00061 pc=0x80001fcc opcode=beq x3=0x80001fea
000000039 RUNTIME_ONLY neutral retire case=00061 pc=0x80001fd0 opcode=csrrw x4=0x80001ff7
000000040 RUNTIME_ONLY neutral retire case=00061 pc=0x80001fd4 opcode=xor x5=0x80001ffc
000000041 RUNTIME_ONLY neutral retire case=00061 pc=0x80001fd8 opcode=addi x6=0x80001ff1
000000042 RUNTIME_ONLY neutral retire case=00061 pc=0x80001fdc opcode=lw x7=0x80001ff6
000000043 RUNTIME_ONLY neutral retire case=00061 pc=0x80001fe0 opcode=sw x8=0x80001fcb
000000044 RUNTIME_ONLY neutral retire case=00061 pc=0x80001fe4 opcode=beq x9=0x80001fc8
000000045 RUNTIME_ONLY neutral retire case=00061 pc=0x80001fe8 opcode=csrrw x10=0x80001fc5
000000046 RUNTIME_ONLY neutral retire case=00061 pc=0x80001fec opcode=xor x11=0x80001fc2
000000047 RUNTIME_ONLY neutral retire case=00061 pc=0x80001ff0 opcode=addi x12=0x80001fdf
000000048 RUNTIME_ONLY neutral retire case=00061 pc=0x80001ff4 opcode=lw x13=0x80001fc4
000000049 RUNTIME_ONLY neutral retire case=00061 pc=0x80001ff8 opcode=sw x14=0x80001fc9
000000050 RUNTIME_ONLY neutral retire case=00061 pc=0x80001ffc opcode=beq x15=0x80001fce
000000051 RUNTIME_ONLY neutral retire case=00061 pc=0x80002000 opcode=csrrw x16=0x80002033
000000052 RUNTIME_ONLY neutral retire case=00061 pc=0x80002004 opcode=xor x17=0x80002030
000000053 RUNTIME_ONLY neutral retire case=00061 pc=0x80002008 opcode=addi x18=0x8000203d
000000054 RUNTIME_ONLY neutral retire case=00061 pc=0x8000200c opcode=lw x19=0x8000203a
000000055 RUNTIME_ONLY neutral retire case=00061 pc=0x80002010 opcode=sw x20=0x80002027
000000056 RUNTIME_ONLY neutral retire case=00061 pc=0x80002014 opcode=beq x21=0x8000202c
000000057 RUNTIME_ONLY neutral retire case=00061 pc=0x80002018 opcode=csrrw x22=0x80002021
000000058 RUNTIME_ONLY neutral retire case=00061 pc=0x8000201c opcode=xor x23=0x80002026
000000059 RUNTIME_ONLY neutral retire case=00061 pc=0x80002020 opcode=addi x24=0x8000201b
000000060 RUNTIME_ONLY neutral retire case=00061 pc=0x80002024 opcode=lw x25=0x80002018
000000061 RUNTIME_ONLY neutral retire case=00061 pc=0x80002028 opcode=sw x26=0x80002015
000000062 RUNTIME_ONLY neutral retire case=00061 pc=0x8000202c opcode=beq x27=0x80002012
000000063 RUNTIME_ONLY neutral retire case=00061 pc=0x80002030 opcode=csrrw x28=0x8000200f
000000064 RUNTIME_ONLY neutral retire case=00061 pc=0x80002034 opcode=xor x29=0x80002074
000000065 RUNTIME_ONLY neutral retire case=00061 pc=0x80002038 opcode=addi x30=0x80002079
000000066 RUNTIME_ONLY neutral retire case=00061 pc=0x8000203c opcode=lw x31=0x8000207e
000000067 RUNTIME_ONLY neutral retire case=00061 pc=0x80002040 opcode=sw x0=0x80002003
000000068 RUNTIME_ONLY neutral retire case=00061 pc=0x80002044 opcode=beq x1=0x80002000
000000069 RUNTIME_ONLY neutral retire case=00061 pc=0x80002048 opcode=csrrw x2=0x8000200d
000000070 RUNTIME_ONLY neutral retire case=00061 pc=0x8000204c opcode=xor x3=0x8000200a
000000071 RUNTIME_ONLY neutral retire case=00061 pc=0x80002050 opcode=addi x4=0x80002017
000000072 RUNTIME_ONLY neutral retire case=00061 pc=0x80002054 opcode=lw x5=0x8000201c
000000073 RUNTIME_ONLY neutral retire case=00061 pc=0x80002058 opcode=sw x6=0x80002011
000000074 RUNTIME_ONLY neutral retire case=00061 pc=0x8000205c opcode=beq x7=0x80002016
000000075 RUNTIME_ONLY neutral retire case=00061 pc=0x80002060 opcode=csrrw x8=0x8000202b
000000076 RUNTIME_ONLY neutral retire case=00061 pc=0x80002064 opcode=xor x9=0x80002028
000000077 RUNTIME_ONLY neutral retire case=00061 pc=0x80002068 opcode=addi x10=0x80002025
000000078 RUNTIME_ONLY neutral retire case=00061 pc=0x8000206c opcode=lw x11=0x80002022
000000079 RUNTIME_ONLY neutral retire case=00061 pc=0x80002070 opcode=sw x12=0x8000203f
000000080 RUNTIME_ONLY neutral retire case=00061 pc=0x80002074 opcode=beq x13=0x80002024
000000081 RUNTIME_ONLY neutral retire case=00061 pc=0x80002078 opcode=csrrw x14=0x80002029
000000082 RUNTIME_ONLY neutral retire case=00061 pc=0x8000207c opcode=xor x15=0x8000202e
000000083 RUNTIME_ONLY neutral retire case=00061 pc=0x80002080 opcode=addi x16=0x800020d3
000000084 RUNTIME_ONLY neutral retire case=00061 pc=0x80002084 opcode=lw x17=0x800020d0
000000085 RUNTIME_ONLY neutral retire case=00061 pc=0x80002088 opcode=sw x18=0x800020dd
000000086 RUNTIME_ONLY neutral retire case=00061 pc=0x8000208c opcode=beq x19=0x800020da
000000087 RUNTIME_ONLY neutral retire case=00061 pc=0x80002090 opcode=csrrw x20=0x800020c7
000000088 RUNTIME_ONLY neutral retire case=00061 pc=0x80002094 opcode=xor x21=0x800020cc
000000089 RUNTIME_ONLY neutral retire case=00061 pc=0x80002098 opcode=addi x22=0x800020c1
000000090 RUNTIME_ONLY neutral retire case=00061 pc=0x8000209c opcode=lw x23=0x800020c6
000000091 RUNTIME_ONLY neutral retire case=00061 pc=0x800020a0 opcode=sw x24=0x800020fb
000000092 RUNTIME_ONLY neutral retire case=00061 pc=0x800020a4 opcode=beq x25=0x800020f8
000000093 RUNTIME_ONLY neutral retire case=00061 pc=0x800020a8 opcode=csrrw x26=0x800020f5
000000094 RUNTIME_ONLY neutral retire case=00061 pc=0x800020ac opcode=xor x27=0x800020f2
000000095 RUNTIME_ONLY neutral retire case=00061 pc=0x800020b0 opcode=addi x28=0x800020ef
000000096 RUNTIME_ONLY neutral retire case=00061 pc=0x800020b4 opcode=lw x29=0x800020d4
000000097 RUNTIME_ONLY neutral retire case=00061 pc=0x800020b8 opcode=sw x30=0x800020d9
000000098 RUNTIME_ONLY neutral retire case=00061 pc=0x800020bc opcode=beq x31=0x800020de
000000099 RUNTIME_ONLY neutral retire case=00061 pc=0x800020c0 opcode=csrrw x0=0x800020a3
000000100 RUNTIME_ONLY neutral retire case=00061 pc=0x800020c4 opcode=xor x1=0x800020a0
000000101 RUNTIME_ONLY neutral retire case=00061 pc=0x800020c8 opcode=addi x2=0x800020ad
000000102 RUNTIME_ONLY neutral retire case=00061 pc=0x800020cc opcode=lw x3=0x800020aa
000000103 RUNTIME_ONLY neutral retire case=00061 pc=0x800020d0 opcode=sw x4=0x800020b7
000000104 RUNTIME_ONLY neutral retire case=00061 pc=0x800020d4 opcode=beq x5=0x800020bc
000000105 RUNTIME_ONLY neutral retire case=00061 pc=0x800020d8 opcode=csrrw x6=0x800020b1
000000106 RUNTIME_ONLY neutral retire case=00061 pc=0x800020dc opcode=xor x7=0x800020b6
000000107 RUNTIME_ONLY neutral retire case=00061 pc=0x800020e0 opcode=addi x8=0x8000208b
000000108 RUNTIME_ONLY neutral retire case=00061 pc=0x800020e4 opcode=lw x9=0x80002088
000000109 RUNTIME_ONLY neutral retire case=00061 pc=0x800020e8 opcode=sw x10=0x80002085
000000110 RUNTIME_ONLY neutral retire case=00061 pc=0x800020ec opcode=beq x11=0x80002082
000000111 RUNTIME_ONLY neutral retire case=00061 pc=0x800020f0 opcode=csrrw x12=0x8000209f
000000112 RUNTIME_ONLY neutral retire case=00061 pc=0x800020f4 opcode=xor x13=0x80002084
000000113 RUNTIME_ONLY neutral retire case=00061 pc=0x800020f8 opcode=addi x14=0x80002089
000000114 RUNTIME_ONLY neutral retire case=00061 pc=0x800020fc opcode=lw x15=0x8000208e
000000115 RUNTIME_ONLY neutral retire case=00061 pc=0x80002100 opcode=sw x16=0x80002173
000000116 RUNTIME_ONLY neutral retire case=00061 pc=0x80002104 opcode=beq x17=0x80002170
000000117 RUNTIME_ONLY neutral retire case=00061 pc=0x80002108 opcode=csrrw x18=0x8000217d
000000118 RUNTIME_ONLY neutral retire case=00061 pc=0x8000210c opcode=xor x19=0x8000217a
000000119 RUNTIME_ONLY neutral retire case=00061 pc=0x80002110 opcode=addi x20=0x80002167
000000120 RUNTIME_ONLY neutral retire case=00061 pc=0x80002114 opcode=lw x21=0x8000216c
000000121 RUNTIME_ONLY neutral retire case=00061 pc=0x80002118 opcode=sw x22=0x80002161
000000122 RUNTIME_ONLY neutral retire case=00061 pc=0x8000211c opcode=beq x23=0x80002166
000000123 RUNTIME_ONLY neutral retire case=00061 pc=0x80002120 opcode=csrrw x24=0x8000215b
000000124 RUNTIME_ONLY neutral retire case=00061 pc=0x80002124 opcode=xor x25=0x80002158
000000125 RUNTIME_ONLY neutral retire case=00061 pc=0x80002128 opcode=addi x26=0x80002155
000000126 RUNTIME_ONLY neutral retire case=00061 pc=0x8000212c opcode=lw x27=0x80002152
000000127 RUNTIME_ONLY neutral retire case=00061 pc=0x80002130 opcode=sw x28=0x8000214f
000000128 RUNTIME_ONLY neutral retire case=00061 pc=0x80002134 opcode=beq x29=0x800021b4
000000129 RUNTIME_ONLY neutral retire case=00061 pc=0x80002138 opcode=csrrw x30=0x800021b9
000000130 RUNTIME_ONLY neutral retire case=00061 pc=0x8000213c opcode=xor x31=0x800021be
000000131 RUNTIME_ONLY neutral retire case=00061 pc=0x80002140 opcode=addi x0=0x800021c3
000000132 RUNTIME_ONLY neutral retire case=00061 pc=0x80002144 opcode=lw x1=0x800021c0
000000133 RUNTIME_ONLY neutral retire case=00061 pc=0x80002148 opcode=sw x2=0x800021cd
000000134 RUNTIME_ONLY neutral retire case=00061 pc=0x8000214c opcode=beq x3=0x800021ca
000000135 RUNTIME_ONLY neutral retire case=00061 pc=0x80002150 opcode=csrrw x4=0x800021d7
000000136 RUNTIME_ONLY neutral retire case=00061 pc=0x80002154 opcode=xor x5=0x800021dc
000000137 RUNTIME_ONLY neutral retire case=00061 pc=0x80002158 opcode=addi x6=0x800021d1
000000138 RUNTIME_ONLY neutral retire case=00061 pc=0x8000215c opcode=lw x7=0x800021d6
000000139 RUNTIME_ONLY neutral retire case=00061 pc=0x80002160 opcode=sw x8=0x800021eb
000000140 RUNTIME_ONLY neutral retire case=00061 pc=0x80002164 opcode=beq x9=0x800021e8
000000141 RUNTIME_ONLY neutral retire case=00061 pc=0x80002168 opcode=csrrw x10=0x800021e5
000000142 RUNTIME_ONLY neutral retire case=00061 pc=0x8000216c opcode=xor x11=0x800021e2
000000143 RUNTIME_ONLY neutral retire case=00061 pc=0x80002170 opcode=addi x12=0x800021ff
000000144 RUNTIME_ONLY neutral retire case=00061 pc=0x80002174 opcode=lw x13=0x800021e4
000000145 RUNTIME_ONLY neutral retire case=00061 pc=0x80002178 opcode=sw x14=0x800021e9
000000146 RUNTIME_ONLY neutral retire case=00061 pc=0x8000217c opcode=beq x15=0x800021ee
000000147 RUNTIME_ONLY neutral retire case=00061 pc=0x80002180 opcode=csrrw x16=0x80002113
000000148 RUNTIME_ONLY neutral retire case=00061 pc=0x80002184 opcode=xor x17=0x80002110
000000149 RUNTIME_ONLY neutral retire case=00061 pc=0x80002188 opcode=addi x18=0x8000211d
000000150 RUNTIME_ONLY neutral retire case=00061 pc=0x8000218c opcode=lw x19=0x8000211a
000000151 RUNTIME_ONLY neutral retire case=00061 pc=0x80002190 opcode=sw x20=0x80002107
000000152 RUNTIME_ONLY neutral retire case=00061 pc=0x80002194 opcode=beq x21=0x8000210c
000000153 RUNTIME_ONLY neutral retire case=00061 pc=0x80002198 opcode=csrrw x22=0x80002101
000000154 RUNTIME_ONLY neutral retire case=00061 pc=0x8000219c opcode=xor x23=0x80002106
000000155 RUNTIME_ONLY neutral retire case=00061 pc=0x800021a0 opcode=addi x24=0x8000213b
000000156 RUNTIME_ONLY neutral retire case=00061 pc=0x800021a4 opcode=lw x25=0x80002138
000000157 RUNTIME_ONLY neutral retire case=00061 pc=0x800021a8 opcode=sw x26=0x80002135
000000158 RUNTIME_ONLY neutral retire case=00061 pc=0x800021ac opcode=beq x27=0x80002132
000000159 RUNTIME_ONLY neutral retire case=00061 pc=0x800021b0 opcode=csrrw x28=0x8000212f
000000160 RUNTIME_ONLY neutral retire case=00061 pc=0x800021b4 opcode=xor x29=0x80002114
000000161 RUNTIME_ONLY neutral retire case=00061 pc=0x800021b8 opcode=addi x30=0x80002119
000000162 RUNTIME_ONLY neutral retire case=00061 pc=0x800021bc opcode=lw x31=0x8000211e
000000163 RUNTIME_ONLY neutral retire case=00061 pc=0x800021c0 opcode=sw x0=0x80002163
000000164 RUNTIME_ONLY neutral retire case=00061 pc=0x800021c4 opcode=beq x1=0x80002160
000000165 RUNTIME_ONLY neutral retire case=00061 pc=0x800021c8 opcode=csrrw x2=0x8000216d
000000166 RUNTIME_ONLY neutral retire case=00061 pc=0x800021cc opcode=xor x3=0x8000216a
000000167 RUNTIME_ONLY neutral retire case=00061 pc=0x800021d0 opcode=addi x4=0x80002177
000000168 RUNTIME_ONLY neutral retire case=00061 pc=0x800021d4 opcode=lw x5=0x8000217c
000000169 RUNTIME_ONLY neutral retire case=00061 pc=0x800021d8 opcode=sw x6=0x80002171
000000170 RUNTIME_ONLY neutral retire case=00061 pc=0x800021dc opcode=beq x7=0x80002176
000000171 RUNTIME_ONLY neutral retire case=00061 pc=0x800021e0 opcode=csrrw x8=0x8000214b
000000172 RUNTIME_ONLY neutral retire case=00061 pc=0x800021e4 opcode=xor x9=0x80002148
000000173 RUNTIME_ONLY neutral retire case=00061 pc=0x800021e8 opcode=addi x10=0x80002145
000000174 RUNTIME_ONLY neutral retire case=00061 pc=0x800021ec opcode=lw x11=0x80002142
000000175 RUNTIME_ONLY neutral retire case=00061 pc=0x800021f0 opcode=sw x12=0x8000215f
000000176 RUNTIME_ONLY neutral retire case=00061 pc=0x800021f4 opcode=beq x13=0x80002144
000000177 RUNTIME_ONLY neutral retire case=00061 pc=0x800021f8 opcode=csrrw x14=0x80002149
000000178 RUNTIME_ONLY neutral retire case=00061 pc=0x800021fc opcode=xor x15=0x8000214e
000000179 RUNTIME_ONLY neutral retire case=00061 pc=0x80002200 opcode=addi x16=0x800022b3
000000180 RUNTIME_ONLY neutral retire case=00061 pc=0x80002204 opcode=lw x17=0x800022b0
000000181 RUNTIME_ONLY neutral retire case=00061 pc=0x80002208 opcode=sw x18=0x800022bd
000000182 RUNTIME_ONLY neutral retire case=00061 pc=0x8000220c opcode=beq x19=0x800022ba
000000183 RUNTIME_ONLY neutral retire case=00061 pc=0x80002210 opcode=csrrw x20=0x800022a7
000000184 RUNTIME_ONLY neutral retire case=00061 pc=0x80002214 opcode=xor x21=0x800022ac
000000185 RUNTIME_ONLY neutral retire case=00061 pc=0x80002218 opcode=addi x22=0x800022a1
000000186 RUNTIME_ONLY neutral retire case=00061 pc=0x8000221c opcode=lw x23=0x800022a6
000000187 RUNTIME_ONLY neutral retire case=00061 pc=0x80002220 opcode=sw x24=0x8000229b
000000188 RUNTIME_ONLY neutral retire case=00061 pc=0x80002224 opcode=beq x25=0x80002298
000000189 RUNTIME_ONLY neutral retire case=00061 pc=0x80002228 opcode=csrrw x26=0x80002295
000000190 RUNTIME_ONLY neutral retire case=00061 pc=0x8000222c opcode=xor x27=0x80002292
000000191 RUNTIME_ONLY neutral retire case=00061 pc=0x80002230 opcode=addi x28=0x8000228f
000000192 RUNTIME_ONLY neutral retire case=00061 pc=0x80002234 opcode=lw x29=0x800022f4
000000193 RUNTIME_ONLY neutral retire case=00061 pc=0x80002238 opcode=sw x30=0x800022f9
000000194 RUNTIME_ONLY neutral retire case=00061 pc=0x8000223c opcode=beq x31=0x800022fe
000000195 RUNTIME_ONLY neutral retire case=00061 pc=0x80002240 opcode=csrrw x0=0x80002283
000000196 RUNTIME_ONLY neutral retire case=00061 pc=0x80002244 opcode=xor x1=0x80002280
000000197 RUNTIME_ONLY neutral retire case=00061 pc=0x80002248 opcode=addi x2=0x8000228d
000000198 RUNTIME_ONLY neutral retire case=00061 pc=0x8000224c opcode=lw x3=0x8000228a
000000199 RUNTIME_ONLY neutral retire case=00061 pc=0x80002250 opcode=sw x4=0x80002297
000000200 RUNTIME_ONLY neutral retire case=00061 pc=0x80002254 opcode=beq x5=0x8000229c
000000201 RUNTIME_ONLY neutral retire case=00061 pc=0x80002258 opcode=csrrw x6=0x80002291
000000202 RUNTIME_ONLY neutral retire case=00061 pc=0x8000225c opcode=xor x7=0x80002296
000000203 RUNTIME_ONLY neutral retire case=00061 pc=0x80002260 opcode=addi x8=0x800022ab
000000204 RUNTIME_ONLY neutral retire case=00061 pc=0x80002264 opcode=lw x9=0x800022a8
000000205 RUNTIME_ONLY neutral retire case=00061 pc=0x80002268 opcode=sw x10=0x800022a5
000000206 RUNTIME_ONLY neutral retire case=00061 pc=0x8000226c opcode=beq x11=0x800022a2
000000207 RUNTIME_ONLY neutral retire case=00061 pc=0x80002270 opcode=csrrw x12=0x800022bf
000000208 RUNTIME_ONLY neutral retire case=00061 pc=0x80002274 opcode=xor x13=0x800022a4
000000209 RUNTIME_ONLY neutral retire case=00061 pc=0x80002278 opcode=addi x14=0x800022a9
000000210 RUNTIME_ONLY neutral retire case=00061 pc=0x8000227c opcode=lw x15=0x800022ae
000000211 RUNTIME_ONLY neutral retire case=00061 pc=0x80002280 opcode=sw x16=0x80002253
000000212 RUNTIME_ONLY neutral retire case=00061 pc=0x80002284 opcode=beq x17=0x80002250
000000213 RUNTIME_ONLY neutral retire case=00061 pc=0x80002288 opcode=csrrw x18=0x8000225d
000000214 RUNTIME_ONLY neutral retire case=00061 pc=0x8000228c opcode=xor x19=0x8000225a
000000215 RUNTIME_ONLY neutral retire case=00061 pc=0x80002290 opcode=addi x20=0x80002247
000000216 RUNTIME_ONLY neutral retire case=00061 pc=0x80002294 opcode=lw x21=0x8000224c
000000217 RUNTIME_ONLY neutral retire case=00061 pc=0x80002298 opcode=sw x22=0x80002241
000000218 RUNTIME_ONLY neutral retire case=00061 pc=0x8000229c opcode=beq x23=0x80002246
000000219 RUNTIME_ONLY neutral retire case=00061 pc=0x800022a0 opcode=csrrw x24=0x8000227b
000000220 RUNTIME_ONLY neutral retire case=00061 pc=0x800022a4 opcode=xor x25=0x80002278
000000221 RUNTIME_ONLY neutral retire case=00061 pc=0x800022a8 opcode=addi x26=0x80002275
000000222 RUNTIME_ONLY neutral retire case=00061 pc=0x800022ac opcode=lw x27=0x80002272
000000223 RUNTIME_ONLY neutral retire case=00061 pc=0x800022b0 opcode=sw x28=0x8000226f
000000224 RUNTIME_ONLY neutral retire case=00061 pc=0x800022b4 opcode=beq x29=0x80002254
000000225 RUNTIME_ONLY neutral retire case=00061 pc=0x800022b8 opcode=csrrw x30=0x80002259
000000226 RUNTIME_ONLY neutral retire case=00061 pc=0x800022bc opcode=xor x31=0x8000225e
000000227 RUNTIME_ONLY neutral retire case=00061 pc=0x800022c0 opcode=addi x0=0x80002223
000000228 RUNTIME_ONLY neutral retire case=00061 pc=0x800022c4 opcode=lw x1=0x80002220
000000229 RUNTIME_ONLY neutral retire case=00061 pc=0x800022c8 opcode=sw x2=0x8000222d
000000230 RUNTIME_ONLY neutral retire case=00061 pc=0x800022cc opcode=beq x3=0x8000222a
000000231 RUNTIME_ONLY neutral retire case=00061 pc=0x800022d0 opcode=csrrw x4=0x80002237
000000232 RUNTIME_ONLY neutral retire case=00061 pc=0x800022d4 opcode=xor x5=0x8000223c
000000233 RUNTIME_ONLY neutral retire case=00061 pc=0x800022d8 opcode=addi x6=0x80002231
000000234 RUNTIME_ONLY neutral retire case=00061 pc=0x800022dc opcode=lw x7=0x80002236
000000235 RUNTIME_ONLY neutral retire case=00061 pc=0x800022e0 opcode=sw x8=0x8000220b
000000236 RUNTIME_ONLY neutral retire case=00061 pc=0x800022e4 opcode=beq x9=0x80002208
000000237 RUNTIME_ONLY neutral retire case=00061 pc=0x800022e8 opcode=csrrw x10=0x80002205
000000238 RUNTIME_ONLY neutral retire case=00061 pc=0x800022ec opcode=xor x11=0x80002202
000000239 RUNTIME_ONLY neutral retire case=00061 pc=0x800022f0 opcode=addi x12=0x8000221f
000000240 RUNTIME_ONLY neutral retire case=00061 pc=0x800022f4 opcode=lw x13=0x80002204
