UVM_FATAL /runtime_only_unique_aadu.sv(1) @ 1: runtime_only_unique_failure_aadu normalization resistant timing marker
RUNTIME_ONLY_CASE=801 SOURCE_A=benchmark_set_1:1
riscv_interrupt_csr_test.0 : [FAILED]
RUNTIME_ONLY_COMBINE SOURCE_B=benchmark_set_2:16
riscv_debug_ebreak_test.0 : [FAILED]
000000000 RUNTIME_ONLY neutral retire case=00801 pc=0x800199e0 opcode=beq x1=0x800199e0
000000001 RUNTIME_ONLY neutral retire case=00801 pc=0x800199e4 opcode=csrrw x2=0x800199e5
000000002 RUNTIME_ONLY neutral retire case=00801 pc=0x800199e8 opcode=xor x3=0x800199ea
000000003 RUNTIME_ONLY neutral retire case=00801 pc=0x800199ec opcode=addi x4=0x800199ef
000000004 RUNTIME_ONLY neutral retire case=00801 pc=0x800199f0 opcode=lw x5=0x800199f4
000000005 RUNTIME_ONLY neutral retire case=00801 pc=0x800199f4 opcode=sw x6=0x800199f1
000000006 RUNTIME_ONLY neutral retire case=00801 pc=0x800199f8 opcode=beq x7=0x800199fe
000000007 RUNTIME_ONLY neutral retire case=00801 pc=0x800199fc opcode=csrrw x8=0x800199fb
000000008 RUNTIME_ONLY neutral retire case=00801 pc=0x80019a00 opcode=xor x9=0x80019a08
000000009 RUNTIME_ONLY neutral retire case=00801 pc=0x80019a04 opcode=addi x10=0x80019a0d
000000010 RUNTIME_ONLY neutral retire case=00801 pc=0x80019a08 opcode=lw x11=0x80019a02
000000011 RUNTIME_ONLY neutral retire case=00801 pc=0x80019a0c opcode=sw x12=0x80019a07
000000012 RUNTIME_ONLY neutral retire case=00801 pc=0x80019a10 opcode=beq x13=0x80019a1c
000000013 RUNTIME_ONLY neutral retire case=00801 pc=0x80019a14 opcode=csrrw x14=0x80019a19
000000014 RUNTIME_ONLY neutral retire case=00801 pc=0x80019a18 opcode=xor x15=0x80019a16
000000015 RUNTIME_ONLY neutral retire case=00801 pc=0x80019a1c opcode=addi x16=0x80019a13
000000016 RUNTIME_ONLY neutral retire case=00801 pc=0x80019a20 opcode=lw x17=0x80019a30
