Time	Cycle	PC	Insn	Decoded instruction	Register and memory contents
          21909	       993	80000080	40001f37	lui	x30,0x40001	 x30=0x40001000
          21929	       994	80000084	106f0f13	addi	x30,x30,262	 x30:0x40001000 x30=0x40001106
          21949	       995	80000088	301f1073	csrrw	x0,misa,x30	 x30:0x40001106  x0=0x00000000
          22009	       998	8000008c	00026217	auipc	x4,0x26	  x4=0x8002608c
          22029	       999	80000090	c5820213	addi	x4,x4,-936	  x4:0x8002608c  x4=0x80025ce4
          22189	      1007	80000094	00002f17	auipc	x30,0x2	 x30=0x80002094
          22369	      1016	80000098	46cf0f13	addi	x30,x30,1132	 x30:0x80002094 x30=0x80002500
          22389	      1017	8000009c	001f6f13	ori	x30,x30,1	 x30:0x80002500 x30=0x80002501
          22409	      1018	800000a0	305f1073	csrrw	x0,mtvec,x30	 x30:0x80002501  x0=0x00000000
          22649	      1030	800000a4	74725073	csrrwi	x0,0x747,4	  x0=0x00000000
          22729	      1034	800000a8	00003d17	auipc	x26,0x3	 x26=0x800030a8
          22749	      1035	800000ac	204d0d13	addi	x26,x26,516	 x26:0x800030a8 x26=0x800032ac
          23069	      1051	800000b0	4f01	c.li	x30,0	 x30=0x00000000
          23089	      1052	800000b2	9d7a	c.add	x26,x30	 x26:0x800032ac x30:0x00000000 x26=0x800032ac
          23109	      1053	800000b4	002d5d13	srli	x26,x26,0x2	 x26:0x800032ac x26=0x20000cab
          23169	      1056	800000b8	3b0d1073	csrrw	x0,pmpaddr0,x26	 x26:0x20000cab  x0=0x00000000
          23229	      1059	800000bc	00003d17	auipc	x26,0x3	 x26=0x800030bc
          23249	      1060	800000c0	1f0d0d13	addi	x26,x26,496	 x26:0x800030bc x26=0x800032ac
          23349	      1065	800000c4	11111f37	lui	x30,0x11111	 x30=0x11111000
          23529	      1074	800000c8	111f0f13	addi	x30,x30,273	 x30:0x11111000 x30=0x11111111
          23949	      1095	800000cc	9d7a	c.add	x26,x30	 x26:0x800032ac x30:0x11111111 x26=0x911143bd
          24269	      1111	800000ce	002d5d13	srli	x26,x26,0x2	 x26:0x911143bd x26=0x244450ef
          24289	      1112	800000d2	3b1d1073	csrrw	x0,pmpaddr1,x26	 x26:0x244450ef  x0=0x00000000
          24709	      1133	800000d6	00003d17	auipc	x26,0x3	 x26=0x800030d6
          24729	      1134	800000da	1d6d0d13	addi	x26,x26,470	 x26:0x800030d6 x26=0x800032ac
          24749	      1135	800000de	22222f37	lui	x30,0x22222	 x30=0x22222000
          24829	      1139	800000e2	222f0f13	addi	x30,x30,546	 x30:0x22222000 x30=0x22222222
          24849	      1140	800000e6	9d7a	c.add	x26,x30	 x26:0x800032ac x30:0x22222222 x26=0xa22254ce
          25249	      1160	800000e8	002d5d13	srli	x26,x26,0x2	 x26:0xa22254ce x26=0x28889533
          25269	      1161	800000ec	3b2d1073	csrrw	x0,pmpaddr2,x26	 x26:0x28889533  x0=0x00000000
          25329	      1164	800000f0	00003d17	auipc	x26,0x3	 x26=0x800030f0
          25429	      1169	800000f4	1bcd0d13	addi	x26,x26,444	 x26:0x800030f0 x26=0x800032ac
          25449	      1170	800000f8	33333f37	lui	x30,0x33333	 x30=0x33333000
          25469	      1171	800000fc	333f0f13	addi	x30,x30,819	 x30:0x33333000 x30=0x33333333
          25889	      1192	80000100	9d7a	c.add	x26,x30	 x26:0x800032ac x30:0x33333333 x26=0xb33365df
          25909	      1193	80000102	002d5d13	srli	x26,x26,0x2	 x26:0xb33365df x26=0x2cccd977
          25929	      1194	80000106	3b3d1073	csrrw	x0,pmpaddr3,x26	 x26:0x2cccd977  x0=0x00000000
          26069	      1201	8000010a	0f0f1d37	lui	x26,0xf0f1	 x26=0x0f0f1000
          26089	      1202	8000010e	f0fd0d13	addi	x26,x26,-241	 x26:0x0f0f1000 x26=0x0f0f0f0f
          26109	      1203	80000112	3a0d1073	csrrw	x0,pmpcfg0,x26	 x26:0x0f0f0f0f  x0=0x00000000
          26189	      1207	80000116	00003d17	auipc	x26,0x3	 x26=0x80003116
          26389	      1217	8000011a	196d0d13	addi	x26,x26,406	 x26:0x80003116 x26=0x800032ac
          26409	      1218	8000011e	44444f37	lui	x30,0x44444	 x30=0x44444000
          26829	      1239	80000122	444f0f13	addi	x30,x30,1092	 x30:0x44444000 x30=0x44444444
          26849	      1240	80000126	9d7a	c.add	x26,x30	 x26:0x800032ac x30:0x44444444 x26=0xc44476f0
          27209	      1258	80000128	002d5d13	srli	x26,x26,0x2	 x26:0xc44476f0 x26=0x31111dbc
          27569	      1276	8000012c	3b4d1073	csrrw	x0,pmpaddr4,x26	 x26:0x31111dbc  x0=0x00000000
          27869	      1291	80000130	00003d17	auipc	x26,0x3	 x26=0x80003130
          27889	      1292	80000134	17cd0d13	addi	x26,x26,380	 x26:0x80003130 x26=0x800032ac
          28189	      1307	80000138	55555f37	lui	x30,0x55555	 x30=0x55555000
          28209	      1308	8000013c	555f0f13	addi	x30,x30,1365	 x30:0x55555000 x30=0x55555555
          28489	      1322	80000140	9d7a	c.add	x26,x30	 x26:0x800032ac x30:0x55555555 x26=0xd5558801
          28509	      1323	80000142	002d5d13	srli	x26,x26,0x2	 x26:0xd5558801 x26=0x35556200
          28529	      1324	80000146	3b5d1073	csrrw	x0,pmpaddr5,x26	 x26:0x35556200  x0=0x00000000
          28689	      1332	8000014a	00003d17	auipc	x26,0x3	 x26=0x8000314a
          28709	      1333	8000014e	162d0d13	addi	x26,x26,354	 x26:0x8000314a x26=0x800032ac
          28729	      1334	80000152	66666f37	lui	x30,0x66666	 x30=0x66666000
          28889	      1342	80000156	666f0f13	addi	x30,x30,1638	 x30:0x66666000 x30=0x66666666
          28909	      1343	8000015a	9d7a	c.add	x26,x30	 x26:0x800032ac x30:0x66666666 x26=0xe6669912
          28929	      1344	8000015c	002d5d13	srli	x26,x26,0x2	 x26:0xe6669912 x26=0x3999a644
          28989	      1347	80000160	3b6d1073	csrrw	x0,pmpaddr6,x26	 x26:0x3999a644  x0=0x00000000
          29049	      1350	80000164	00003d17	auipc	x26,0x3	 x26=0x80003164
          29069	      1351	80000168	148d0d13	addi	x26,x26,328	 x26:0x80003164 x26=0x800032ac
          29089	      1352	8000016c	77777f37	lui	x30,0x77777	 x30=0x77777000
          29269	      1361	80000170	777f0f13	addi	x30,x30,1911	 x30:0x77777000 x30=0x77777777
          29409	      1368	80000174	9d7a	c.add	x26,x30	 x26:0x800032ac x30:0x77777777 x26=0xf777aa23
          29429	      1369	80000176	002d5d13	srli	x26,x26,0x2	 x26:0xf777aa23 x26=0x3dddea88
          29489	      1372	8000017a	3b7d1073	csrrw	x0,pmpaddr7,x26	 x26:0x3dddea88  x0=0x00000000
          29549	      1375	8000017e	0f0f1d37	lui	x26,0xf0f1	 x26=0x0f0f1000
          29569	      1376	80000182	f0fd0d13	addi	x26,x26,-241	 x26:0x0f0f1000 x26=0x0f0f0f0f
          29589	      1377	80000186	3a1d1073	csrrw	x0,pmpcfg1,x26	 x26:0x0f0f0f0f  x0=0x00000000
          29689	      1382	8000018a	00003d17	auipc	x26,0x3	 x26=0x8000318a
          29709	      1383	8000018e	122d0d13	addi	x26,x26,290	 x26:0x8000318a x26=0x800032ac
          29729	      1384	80000192	88889f37	lui	x30,0x88889	 x30=0x88889000
          29749	      1385	80000196	888f0f13	addi	x30,x30,-1912	 x30:0x88889000 x30=0x88888888
          29769	      1386	8000019a	9d7a	c.add	x26,x30	 x26:0x800032ac x30:0x88888888 x26=0x0888bb34
          29809	      1388	8000019c	002d5d13	srli	x26,x26,0x2	 x26:0x0888bb34 x26=0x02222ecd
          30209	      1408	800001a0	3b8d1073	csrrw	x0,pmpaddr8,x26	 x26:0x02222ecd  x0=0x00000000
          30409	      1418	800001a4	00003d17	auipc	x26,0x3	 x26=0x800031a4
          30429	      1419	800001a8	108d0d13	addi	x26,x26,264	 x26:0x800031a4 x26=0x800032ac
          30449	      1420	800001ac	9999af37	lui	x30,0x9999a	 x30=0x9999a000
          30469	      1421	800001b0	999f0f13	addi	x30,x30,-1639	 x30:0x9999a000 x30=0x99999999
          30649	      1430	800001b4	9d7a	c.add	x26,x30	 x26:0x800032ac x30:0x99999999 x26=0x1999cc45
          30829	      1439	800001b6	002d5d13	srli	x26,x26,0x2	 x26:0x1999cc45 x26=0x06667311
          30849	      1440	800001ba	3b9d1073	csrrw	x0,pmpaddr9,x26	 x26:0x06667311  x0=0x00000000
          30969	      1446	800001be	00003d17	auipc	x26,0x3	 x26=0x800031be
          30989	      1447	800001c2	0eed0d13	addi	x26,x26,238	 x26:0x800031be x26=0x800032ac
          31049	      1450	800001c6	aaaabf37	lui	x30,0xaaaab	 x30=0xaaaab000
          31069	      1451	800001ca	aaaf0f13	addi	x30,x30,-1366	 x30:0xaaaab000 x30=0xaaaaaaaa
          31089	      1452	800001ce	9d7a	c.add	x26,x30	 x26:0x800032ac x30:0xaaaaaaaa x26=0x2aaadd56
          31109	      1453	800001d0	002d5d13	srli	x26,x26,0x2	 x26:0x2aaadd56 x26=0x0aaab755
          31129	      1454	800001d4	3bad1073	csrrw	x0,pmpaddr10,x26	 x26:0x0aaab755  x0=0x00000000
          31269	      1461	800001d8	00003d17	auipc	x26,0x3	 x26=0x800031d8
          31289	      1462	800001dc	0d4d0d13	addi	x26,x26,212	 x26:0x800031d8 x26=0x800032ac
          31309	      1463	800001e0	bbbbcf37	lui	x30,0xbbbbc	 x30=0xbbbbc000
          31389	      1467	800001e4	bbbf0f13	addi	x30,x30,-1093	 x30:0xbbbbc000 x30=0xbbbbbbbb
          31449	      1470	800001e8	9d7a	c.add	x26,x30	 x26:0x800032ac x30:0xbbbbbbbb x26=0x3bbbee67
          31609	      1478	800001ea	002d5d13	srli	x26,x26,0x2	 x26:0x3bbbee67 x26=0x0eeefb99
          32029	      1499	800001ee	3bbd1073	csrrw	x0,pmpaddr11,x26	 x26:0x0eeefb99  x0=0x00000000
          32089	      1502	800001f2	0f0f1d37	lui	x26,0xf0f1	 x26=0x0f0f1000
          32129	      1504	800001f6	f0fd0d13	addi	x26,x26,-241	 x26:0x0f0f1000 x26=0x0f0f0f0f
          32149	      1505	800001fa	3a2d1073	csrrw	x0,pmpcfg2,x26	 x26:0x0f0f0f0f  x0=0x00000000
          32569	      1526	800001fe	00003d17	auipc	x26,0x3	 x26=0x800031fe
          32689	      1532	80000202	0aed0d13	addi	x26,x26,174	 x26:0x800031fe x26=0x800032ac
          32709	      1533	80000206	ccccdf37	lui	x30,0xccccd	 x30=0xccccd000
          32729	      1534	8000020a	cccf0f13	addi	x30,x30,-820	 x30:0xccccd000 x30=0xcccccccc
          32749	      1535	8000020e	9d7a	c.add	x26,x30	 x26:0x800032ac x30:0xcccccccc x26=0x4cccff78
          32769	      1536	80000210	002d5d13	srli	x26,x26,0x2	 x26:0x4cccff78 x26=0x13333fde
          32789	      1537	80000214	3bcd1073	csrrw	x0,pmpaddr12,x26	 x26:0x13333fde  x0=0x00000000
          32969	      1546	80000218	00003d17	auipc	x26,0x3	 x26=0x80003218
          33389	      1567	8000021c	094d0d13	addi	x26,x26,148	 x26:0x80003218 x26=0x800032ac
          33749	      1585	80000220	ddddef37	lui	x30,0xdddde	 x30=0xdddde000
          33769	      1586	80000224	dddf0f13	addi	x30,x30,-547	 x30:0xdddde000 x30=0xdddddddd
          33789	      1587	80000228	9d7a	c.add	x26,x30	 x26:0x800032ac x30:0xdddddddd x26=0x5dde1089
          33809	      1588	8000022a	002d5d13	srli	x26,x26,0x2	 x26:0x5dde1089 x26=0x17778422
          33829	      1589	8000022e	3bdd1073	csrrw	x0,pmpaddr13,x26	 x26:0x17778422  x0=0x00000000
          33989	      1597	80000232	00003d17	auipc	x26,0x3	 x26=0x80003232
          34409	      1618	80000236	07ad0d13	addi	x26,x26,122	 x26:0x80003232 x26=0x800032ac
          34829	      1639	8000023a	eeeeff37	lui	x30,0xeeeef	 x30=0xeeeef000
          35029	      1649	8000023e	eeef0f13	addi	x30,x30,-274	 x30:0xeeeef000 x30=0xeeeeeeee
          35049	      1650	80000242	9d7a	c.add	x26,x30	 x26:0x800032ac x30:0xeeeeeeee x26=0x6eef219a
          35069	      1651	80000244	002d5d13	srli	x26,x26,0x2	 x26:0x6eef219a x26=0x1bbbc866
          35089	      1652	80000248	3bed1073	csrrw	x0,pmpaddr14,x26	 x26:0x1bbbc866  x0=0x00000000
          35269	      1661	8000024c	00003d17	auipc	x26,0x3	 x26=0x8000324c
          35609	      1678	80000250	060d0d13	addi	x26,x26,96	 x26:0x8000324c x26=0x800032ac
          35629	      1679	80000254	fff00f13	addi	x30,x0,-1	  x0:0x00000000 x30=0xffffffff
          35709	      1683	80000258	9d7a	c.add	x26,x30	 x26:0x800032ac x30:0xffffffff x26=0x800032ab
          35889	      1692	8000025a	002d5d13	srli	x26,x26,0x2	 x26:0x800032ab x26=0x20000caa
          36309	      1713	8000025e	3bfd1073	csrrw	x0,pmpaddr15,x26	 x26:0x20000caa  x0=0x00000000
          36369	      1716	80000262	0f0f1d37	lui	x26,0xf0f1	 x26=0x0f0f1000
          36549	      1725	80000266	f0fd0d13	addi	x26,x26,-241	 x26:0x0f0f1000 x26=0x0f0f0f0f
          36569	      1726	8000026a	3a3d1073	csrrw	x0,pmpcfg3,x26	 x26:0x0f0f0f0f  x0=0x00000000
          36829	      1739	8000026e	00000f17	auipc	x30,0x0	 x30=0x8000026e
          37069	      1751	80000272	058f0f13	addi	x30,x30,88	 x30:0x8000026e x30=0x800002c6
          37209	      1758	80000276	341f1073	csrrw	x0,mepc,x30	 x30:0x800002c6  x0=0x00000000
          37229	      1759	8000027a	7c00d073	csrrwi	x0,0x7c0,1	  x0=0x00000000
          37289	      1762	8000027e	6f09	c.lui	x30,0x2	 x30=0x00002000
          37309	      1763	80000280	800f0f13	addi	x30,x30,-2048	 x30:0x00002000 x30=0x00001800
          37329	      1764	80000284	300f1073	csrrw	x0,mstatus,x30	 x30:0x00001800  x0=0x00000000
          37389	      1767	80000288	4f01	c.li	x30,0	 x30=0x00000000
          37409	      1768	8000028a	304f1073	csrrw	x0,mie,x30	 x30:0x00000000  x0=0x00000000
          37469	      1771	8000028e	90000937	lui	x18,0x90000	 x18=0x90000000
          37489	      1772	80000292	1971	c.addi	x18,-4	 x18:0x90000000 x18=0x8ffffffc
          37769	      1786	80000294	30000f13	addi	x30,x0,768	  x0:0x00000000 x30=0x00000300
          38009	      1798	80000298	0f22	c.slli	x30,0x8	 x30:0x00000300 x30=0x00030000
          38029	      1799	8000029a	0f0d	c.addi	x30,3	 x30:0x00030000 x30=0x00030003
          38109	      1803	8000029c	01e92023	sw	x30,0(x18)	 x18:0x8ffffffc x30:0x00030003 PA:0x8ffffffc store:0x00030003
          38129	      1804	800002a0	30002f73	csrrs	x30,mstatus,x0	  x0:0x00000000 x30=0x00001800
          38629	      1829	800002a4	01e92023	sw	x30,0(x18)	 x18:0x8ffffffc x30:0x00001800 PA:0x8ffffffc store:0x00001800
          38769	      1836	800002a8	90000937	lui	x18,0x90000	 x18=0x90000000
          38969	      1846	800002ac	1971	c.addi	x18,-4	 x18:0x90000000 x18=0x8ffffffc
          38989	      1847	800002ae	30400f13	addi	x30,x0,772	  x0:0x00000000 x30=0x00000304
          39009	      1848	800002b2	0f22	c.slli	x30,0x8	 x30:0x00000304 x30=0x00030400
          39029	      1849	800002b4	0f0d	c.addi	x30,3	 x30:0x00030400 x30=0x00030403
          39349	      1865	800002b6	01e92023	sw	x30,0(x18)	 x18:0x8ffffffc x30:0x00030403 PA:0x8ffffffc store:0x00030403
          39369	      1866	800002ba	30402f73	csrrs	x30,mie,x0	  x0:0x00000000 x30=0x00000000
          39569	      1876	800002be	01e92023	sw	x30,0(x18)	 x18:0x8ffffffc x30:0x00000000 PA:0x8ffffffc store:0x00000000
          39589	      1877	800002c2	30200073	mret	
          39769	      1886	800002c6	f2f58037	lui	x0,0xf2f58	  x0=0x00000000
          39929	      1894	800002ca	4de00013	addi	x0,x0,1246	  x0:0x00000000  x0=0x00000000
          40289	      1912	800002ce	f7ae00b7	lui	x1,0xf7ae0	  x1=0xf7ae0000
          40309	      1913	800002d2	6a108093	addi	x1,x1,1697	  x1:0xf7ae0000  x1=0xf7ae06a1
          40489	      1922	800002d6	80000137	lui	x2,0x80000	  x2=0x80000000
          40509	      1923	800002da	41a5	c.li	x3,9	  x3=0x00000009
          40529	      1924	800002dc	fc9c52b7	lui	x5,0xfc9c5	  x5=0xfc9c5000
          40549	      1925	800002e0	21c28293	addi	x5,x5,540	  x5:0xfc9c5000  x5=0xfc9c521c
          40569	      1926	800002e4	4329	c.li	x6,10	  x6=0x0000000a
          40649	      1930	800002e6	800003b7	lui	x7,0x80000	  x7=0x80000000
          40669	      1931	800002ea	4401	c.li	x8,0	  x8=0x00000000
          40689	      1932	800002ec	1c4984b7	lui	x9,0x1c498	  x9=0x1c498000
          40849	      1940	800002f0	83748493	addi	x9,x9,-1993	  x9:0x1c498000  x9=0x1c497837
          40889	      1942	800002f4	0eecc537	lui	x10,0xeecc	 x10=0x0eecc000
          41169	      1956	800002f8	57450513	addi	x10,x10,1396	 x10:0x0eecc000 x10=0x0eecc574
          41289	      1962	800002fc	d35cb5b7	lui	x11,0xd35cb	 x11=0xd35cb000
          41309	      1963	80000300	6ea58593	addi	x11,x11,1770	 x11:0xd35cb000 x11=0xd35cb6ea
          41329	      1964	80000304	4601	c.li	x12,0	 x12=0x00000000
          41609	      1978	80000306	514226b7	lui	x13,0x51422	 x13=0x51422000
          41749	      1985	8000030a	73868693	addi	x13,x13,1848	 x13:0x51422000 x13=0x51422738
          41769	      1986	8000030e	4731	c.li	x14,12	 x14=0x0000000c
          41789	      1987	80000310	4815	c.li	x16,5	 x16=0x00000005
          41829	      1989	80000312	fca068b7	lui	x17,0xfca06	 x17=0xfca06000
          41849	      1990	80000316	f6b88893	addi	x17,x17,-149	 x17:0xfca06000 x17=0xfca05f6b
          41869	      1991	8000031a	4901	c.li	x18,0	 x18=0x00000000
          42069	      2001	8000031c	49b9	c.li	x19,14	 x19=0x0000000e
          42249	      2010	8000031e	80000a37	lui	x20,0x80000	 x20=0x80000000
          42669	      2031	80000322	f9c2cab7	lui	x21,0xf9c2c	 x21=0xf9c2c000
          42689	      2032	80000326	b41a8a93	addi	x21,x21,-1215	 x21:0xf9c2c000 x21=0xf9c2bb41
          42709	      2033	8000032a	80000b37	lui	x22,0x80000	 x22=0x80000000
          42889	      2042	8000032e	80000bb7	lui	x23,0x80000	 x23=0x80000000
          42909	      2043	80000332	4c01	c.li	x24,0	 x24=0x00000000
          42929	      2044	80000334	4c81	c.li	x25,0	 x25=0x00000000
          42949	      2045	80000336	4d09	c.li	x26,2	 x26=0x00000002
          43269	      2061	80000338	4d89	c.li	x27,2	 x27=0x00000002
          43289	      2062	8000033a	ff48fe37	lui	x28,0xff48f	 x28=0xff48f000
          43309	      2063	8000033e	0e05	c.addi	x28,1	 x28:0xff48f000 x28=0xff48f001
          43709	      2083	80000340	4e81	c.li	x29,0	 x29=0x00000000
          43729	      2084	80000342	fc228f37	lui	x30,0xfc228	 x30=0xfc228000
          44149	      2105	80000346	d8df0f13	addi	x30,x30,-627	 x30:0xfc228000 x30=0xfc227d8d
          44169	      2106	8000034a	4f81	c.li	x31,0	 x31=0x00000000
          44189	      2107	8000034c	00022797	auipc	x15,0x22	 x15=0x8002234c
          44209	      2108	80000350	b1878793	addi	x15,x15,-1256	 x15:0x8002234c x15=0x80021e64
          44229	      2109	80000354	90000937	lui	x18,0x90000	 x18=0x90000000
          44409	      2118	80000358	1971	c.addi	x18,-4	 x18:0x90000000 x18=0x8ffffffc
          44429	      2119	8000035a	4f01	c.li	x30,0	 x30=0x00000000
          44449	      2120	8000035c	0f22	c.slli	x30,0x8	 x30:0x00000000 x30=0x00000000
          44489	      2122	8000035e	000f0f13	addi	x30,x30,0	 x30:0x00000000 x30=0x00000000
          44549	      2125	80000362	01e92023	sw	x30,0(x18)	 x18:0x8ffffffc x30:0x00000000 PA:0x8ffffffc store:0x00000000
          44769	      2136	80000366	7470206f	jal	x0,800032ac	  x0=0x00000000
          45409	      2168	800032ac	00000517	auipc	x10,0x0	 x10=0x800032ac
          45609	      2178	800032b0	55050513	addi	x10,x10,1360	 x10:0x800032ac x10=0x800037fc
          46029	      2199	800032b4	2b250513	addi	x10,x10,690	 x10:0x800037fc x10=0x80003aae
          46109	      2203	800032b8	b0a8b0f3	csrrc	x1,mhpmcounter10,x17	 x17:0xfca05f6b  x1=0x0000002b
          46189	      2207	800032bc	01baee33	or	x28,x21,x27	 x21:0xf9c2bb41 x27:0x00000002 x28=0xf9c2bb43
          46229	      2209	800032c0	00698963	beq	x19,x6,800032d2	 x19:0x0000000e  x6:0x0000000a
          46589	      2227	800032c4	03189733	mulh	x14,x17,x17	 x17:0xfca05f6b x17:0xfca05f6b x14=0x000b617c
          46609	      2228	800032c8	7c13a6f3	csrrs	x13,0x7c1,x7	  x7:0x80000000 x13=0x00000000
          46669	      2231	800032cc	8255	c.srli	x12,0x15	 x12:0x00000000 x12=0x00000000
          46709	      2233	800032ce	03791c33	mulh	x24,x18,x23	 x18:0x8ffffffc x23:0x80000000 x24=0x38000002
          47049	      2250	800032d2	d4f50367	jalr	x6,-689(x10)	 x10:0x80003aae  x6=0x800032d6
          47309	      2263	800037fc	3b703873	csrrc	x16,pmpaddr7,x0	  x0:0x00000000 x16=0x3dddea88
          47529	      2274	80003800	17d1	c.addi	x15,-12	 x15:0x80021e64 x15=0x80021e58
          47669	      2281	80003802	40828833	sub	x16,x5,x8	  x5:0xfc9c521c  x8:0x00000000 x16=0xfc9c521c
          47729	      2284	80003806	0067a223	sw	x6,4(x15)	 x15:0x80021e58  x6:0x800032d6 PA:0x80021e5c store:0x800032d6
          48109	      2303	8000380a	f009ec93	ori	x25,x19,-256	 x19:0x0000000e x25=0xffffff0e
          48169	      2306	8000380e	f1565973	csrrwi	x0,0xf15,12	  x0=0x00000000
          48769	      2336	80002500	0800006f	jal	x0,80002580	  x0=0x00000000
          49529	      2374	80002580	1271	c.addi	x4,-4	  x4:0x80025ce4  x4=0x80025ce0
          50269	      2411	80002582	00f22023	sw	x15,0(x4)	  x4:0x80025ce0 x15:0x80021e58 PA:0x80025ce0 store:0x80021e58
          50289	      2412	80002586	000207b3	add	x15,x4,x0	  x4:0x80025ce0  x0:0x00000000 x15=0x80025ce0
          50309	      2413	8000258a	f8078793	addi	x15,x15,-128	 x15:0x80025ce0 x15=0x80025c60
          50509	      2423	8000258e	0017a223	sw	x1,4(x15)	 x15:0x80025c60  x1:0x0000002b PA:0x80025c64 store:0x0000002b
          50969	      2446	80002592	0027a423	sw	x2,8(x15)	 x15:0x80025c60  x2:0x80000000 PA:0x80025c68 store:0x80000000
          51029	      2449	80002596	0037a623	sw	x3,12(x15)	 x15:0x80025c60  x3:0x00000009 PA:0x80025c6c store:0x00000009
          51089	      2452	8000259a	0047a823	sw	x4,16(x15)	 x15:0x80025c60  x4:0x80025ce0 PA:0x80025c70 store:0x80025ce0
          51109	      2453	8000259e	0057aa23	sw	x5,20(x15)	 x15:0x80025c60  x5:0xfc9c521c PA:0x80025c74 store:0xfc9c521c
          51129	      2454	800025a2	0067ac23	sw	x6,24(x15)	 x15:0x80025c60  x6:0x800032d6 PA:0x80025c78 store:0x800032d6
          51249	      2460	800025a6	0077ae23	sw	x7,28(x15)	 x15:0x80025c60  x7:0x80000000 PA:0x80025c7c store:0x80000000
          51649	      2480	800025aa	d380	c.sw	x8,32(x15)	 x15:0x80025c60  x8:0x00000000 PA:0x80025c80 store:0x00000000
          51889	      2492	800025ac	d3c4	c.sw	x9,36(x15)	 x15:0x80025c60  x9:0x1c497837 PA:0x80025c84 store:0x1c497837
          52229	      2509	800025ae	d788	c.sw	x10,40(x15)	 x15:0x80025c60 x10:0x80003aae PA:0x80025c88 store:0x80003aae
          57089	      2752	800025b0	d7cc	c.sw	x11,44(x15)	 x15:0x80025c60 x11:0xd35cb6ea PA:0x80025c8c store:0xd35cb6ea
          57509	      2773	800025b2	db90	c.sw	x12,48(x15)	 x15:0x80025c60 x12:0x00000000 PA:0x80025c90 store:0x00000000
          57989	      2797	800025b4	dbd4	c.sw	x13,52(x15)	 x15:0x80025c60 x13:0x00000000 PA:0x80025c94 store:0x00000000
          58049	      2800	800025b6	df98	c.sw	x14,56(x15)	 x15:0x80025c60 x14:0x000b617c PA:0x80025c98 store:0x000b617c
          58069	      2801	800025b8	dfdc	c.sw	x15,60(x15)	 x15:0x80025c60 x15:0x80025c60 PA:0x80025c9c store:0x80025c60
          58089	      2802	800025ba	0507a023	sw	x16,64(x15)	 x15:0x80025c60 x16:0xfc9c521c PA:0x80025ca0 store:0xfc9c521c
          58109	      2803	800025be	0517a223	sw	x17,68(x15)	 x15:0x80025c60 x17:0xfca05f6b PA:0x80025ca4 store:0xfca05f6b
          58729	      2834	800025c2	0527a423	sw	x18,72(x15)	 x15:0x80025c60 x18:0x8ffffffc PA:0x80025ca8 store:0x8ffffffc
          58869	      2841	800025c6	0537a623	sw	x19,76(x15)	 x15:0x80025c60 x19:0x0000000e PA:0x80025cac store:0x0000000e
          59109	      2853	800025ca	0547a823	sw	x20,80(x15)	 x15:0x80025c60 x20:0x80000000 PA:0x80025cb0 store:0x80000000
          59369	      2866	800025ce	0557aa23	sw	x21,84(x15)	 x15:0x80025c60 x21:0xf9c2bb41 PA:0x80025cb4 store:0xf9c2bb41
          59669	      2881	800025d2	0567ac23	sw	x22,88(x15)	 x15:0x80025c60 x22:0x80000000 PA:0x80025cb8 store:0x80000000
          60089	      2902	800025d6	0577ae23	sw	x23,92(x15)	 x15:0x80025c60 x23:0x80000000 PA:0x80025cbc store:0x80000000
          60329	      2914	800025da	0787a023	sw	x24,96(x15)	 x15:0x80025c60 x24:0x38000002 PA:0x80025cc0 store:0x38000002
          60389	      2917	800025de	0797a223	sw	x25,100(x15)	 x15:0x80025c60 x25:0xffffff0e PA:0x80025cc4 store:0xffffff0e
          60769	      2936	800025e2	07a7a423	sw	x26,104(x15)	 x15:0x80025c60 x26:0x00000002 PA:0x80025cc8 store:0x00000002
          60829	      2939	800025e6	07b7a623	sw	x27,108(x15)	 x15:0x80025c60 x27:0x00000002 PA:0x80025ccc store:0x00000002
          60849	      2940	800025ea	07c7a823	sw	x28,112(x15)	 x15:0x80025c60 x28:0xf9c2bb43 PA:0x80025cd0 store:0xf9c2bb43
          60869	      2941	800025ee	07d7aa23	sw	x29,116(x15)	 x15:0x80025c60 x29:0x00000000 PA:0x80025cd4 store:0x00000000
          61289	      2962	800025f2	07e7ac23	sw	x30,120(x15)	 x15:0x80025c60 x30:0x00000000 PA:0x80025cd8 store:0x00000000
          61349	      2965	800025f6	07f7ae23	sw	x31,124(x15)	 x15:0x80025c60 x31:0x00000000 PA:0x80025cdc store:0x00000000
          61369	      2966	800025fa	00078233	add	x4,x15,x0	 x15:0x80025c60  x0:0x00000000  x4=0x80025c60
          61389	      2967	800025fe	90000937	lui	x18,0x90000	 x18=0x90000000
          61409	      2968	80002602	1971	c.addi	x18,-4	 x18:0x90000000 x18=0x8ffffffc
          61429	      2969	80002604	4f21	c.li	x30,8	 x30=0x00000008
          61449	      2970	80002606	0f22	c.slli	x30,0x8	 x30:0x00000008 x30=0x00000800
          61469	      2971	80002608	000f0f13	addi	x30,x30,0	 x30:0x00000800 x30=0x00000800
          61589	      2977	8000260c	01e92023	sw	x30,0(x18)	 x18:0x8ffffffc x30:0x00000800 PA:0x8ffffffc store:0x00000800
          61689	      2982	80002610	34102f73	csrrs	x30,mepc,x0	  x0:0x00000000 x30=0x8000380e
          61809	      2988	80002614	34202f73	csrrs	x30,mcause,x0	  x0:0x00000000 x30=0x00000002
          62229	      3009	80002618	490d	c.li	x18,3	 x18=0x00000003
          62289	      3012	8000261a	012f1463	bne	x30,x18,80002622	 x30:0x00000002 x18:0x00000003
          62789	      3037	80002622	4921	c.li	x18,8	 x18=0x00000008
          62969	      3046	80002624	052f0d63	beq	x30,x18,8000267e	 x30:0x00000002 x18:0x00000008
          62989	      3047	80002628	4925	c.li	x18,9	 x18=0x00000009
          63069	      3051	8000262a	052f0a63	beq	x30,x18,8000267e	 x30:0x00000002 x18:0x00000009
          63089	      3052	8000262e	492d	c.li	x18,11	 x18=0x0000000b
          63109	      3053	80002630	052f0763	beq	x30,x18,8000267e	 x30:0x00000002 x18:0x0000000b
          63269	      3061	80002634	4905	c.li	x18,1	 x18=0x00000001
          63689	      3082	80002636	352f0363	beq	x30,x18,8000297c	 x30:0x00000002 x18:0x00000001
          63709	      3083	8000263a	4915	c.li	x18,5	 x18=0x00000005
          64009	      3098	8000263c	632f0a63	beq	x30,x18,80002c70	 x30:0x00000002 x18:0x00000005
          64129	      3104	80002640	491d	c.li	x18,7	 x18=0x00000007
          64149	      3105	80002642	152f0ce3	beq	x30,x18,80002f9a	 x30:0x00000002 x18:0x00000007
          64169	      3106	80002646	4931	c.li	x18,12	 x18=0x0000000c
          64189	      3107	80002648	012f1463	bne	x30,x18,80002650	 x30:0x00000002 x18:0x0000000c
          64449	      3120	80002650	4935	c.li	x18,13	 x18=0x0000000d
          64729	      3134	80002652	012f1463	bne	x30,x18,8000265a	 x30:0x00000002 x18:0x0000000d
          65709	      3183	8000265a	493d	c.li	x18,15	 x18=0x0000000f
          65729	      3184	8000265c	012f1463	bne	x30,x18,80002664	 x30:0x00000002 x18:0x0000000f
          65769	      3186	80002664	4909	c.li	x18,2	 x18=0x00000002
          66309	      3213	80002666	012f1463	bne	x30,x18,8000266e	 x30:0x00000002 x18:0x00000002
          66329	      3214	8000266a	3ee0906f	jal	x0,8000ba58	  x0=0x00000000
          66449	      3220	8000ba58	90000937	lui	x18,0x90000	 x18=0x90000000
          66469	      3221	8000ba5c	1971	c.addi	x18,-4	 x18:0x90000000 x18=0x8ffffffc
          66489	      3222	8000ba5e	4f29	c.li	x30,10	 x30=0x0000000a
          66889	      3242	8000ba60	0f22	c.slli	x30,0x8	 x30:0x0000000a x30=0x00000a00
          66909	      3243	8000ba62	000f0f13	addi	x30,x30,0	 x30:0x00000a00 x30=0x00000a00
          66989	      3247	8000ba66	01e92023	sw	x30,0(x18)	 x18:0x8ffffffc x30:0x00000a00 PA:0x8ffffffc store:0x00000a00
          67009	      3248	8000ba6a	90000937	lui	x18,0x90000	 x18=0x90000000
          67029	      3249	8000ba6e	1971	c.addi	x18,-4	 x18:0x90000000 x18=0x8ffffffc
          67049	      3250	8000ba70	34200f13	addi	x30,x0,834	  x0:0x00000000 x30=0x00000342
          67069	      3251	8000ba74	0f22	c.slli	x30,0x8	 x30:0x00000342 x30=0x00034200
          67089	      3252	8000ba76	0f0d	c.addi	x30,3	 x30:0x00034200 x30=0x00034203
          67549	      3275	8000ba78	01e92023	sw	x30,0(x18)	 x18:0x8ffffffc x30:0x00034203 PA:0x8ffffffc store:0x00034203
          67569	      3276	8000ba7c	34202f73	csrrs	x30,mcause,x0	  x0:0x00000000 x30=0x00000002
          67789	      3287	8000ba80	01e92023	sw	x30,0(x18)	 x18:0x8ffffffc x30:0x00000002 PA:0x8ffffffc store:0x00000002
          67809	      3288	8000ba84	34102f73	csrrs	x30,mepc,x0	  x0:0x00000000 x30=0x8000380e
          67829	      3289	8000ba88	0f11	c.addi	x30,4	 x30:0x8000380e x30=0x80003812
          67849	      3290	8000ba8a	341f1073	csrrw	x0,mepc,x30	 x30:0x80003812  x0=0x00000000
          68209	      3308	8000ba8e	000207b3	add	x15,x4,x0	  x4:0x80025c60  x0:0x00000000 x15=0x80025c60
          68669	      3331	8000ba92	0047a083	lw	x1,4(x15)	 x15:0x80025c60  x1=0x0000002b PA:0x80025c64 load:0x0000002b
          69109	      3353	8000ba96	0087a103	lw	x2,8(x15)	 x15:0x80025c60  x2=0x80000000 PA:0x80025c68 load:0x80000000
          69169	      3356	8000ba9a	00c7a183	lw	x3,12(x15)	 x15:0x80025c60  x3=0x00000009 PA:0x80025c6c load:0x00000009
          69349	      3365	8000ba9e	0107a203	lw	x4,16(x15)	 x15:0x80025c60  x4=0x80025ce0 PA:0x80025c70 load:0x80025ce0
          69369	      3366	8000baa2	0147a283	lw	x5,20(x15)	 x15:0x80025c60  x5=0xfc9c521c PA:0x80025c74 load:0xfc9c521c
          69409	      3368	8000baa6	0187a303	lw	x6,24(x15)	 x15:0x80025c60  x6=0x800032d6 PA:0x80025c78 load:0x800032d6
          69629	      3379	8000baaa	01c7a383	lw	x7,28(x15)	 x15:0x80025c60  x7=0x80000000 PA:0x80025c7c load:0x80000000
          69769	      3386	8000baae	5380	c.lw	x8,32(x15)	 x15:0x80025c60  x8=0x00000000 PA:0x80025c80 load:0x00000000
          70109	      3403	8000bab0	53c4	c.lw	x9,36(x15)	 x15:0x80025c60  x9=0x1c497837 PA:0x80025c84 load:0x1c497837
          70169	      3406	8000bab2	5788	c.lw	x10,40(x15)	 x15:0x80025c60 x10=0x80003aae PA:0x80025c88 load:0x80003aae
          70189	      3407	8000bab4	57cc	c.lw	x11,44(x15)	 x15:0x80025c60 x11=0xd35cb6ea PA:0x80025c8c load:0xd35cb6ea
          70209	      3408	8000bab6	5b90	c.lw	x12,48(x15)	 x15:0x80025c60 x12=0x00000000 PA:0x80025c90 load:0x00000000
          70389	      3417	8000bab8	5bd4	c.lw	x13,52(x15)	 x15:0x80025c60 x13=0x00000000 PA:0x80025c94 load:0x00000000
          70449	      3420	8000baba	5f98	c.lw	x14,56(x15)	 x15:0x80025c60 x14=0x000b617c PA:0x80025c98 load:0x000b617c
          70469	      3421	8000babc	5fdc	c.lw	x15,60(x15)	 x15:0x80025c60 x15=0x80025c60 PA:0x80025c9c load:0x80025c60
          70509	      3423	8000babe	0407a803	lw	x16,64(x15)	 x15:0x80025c60 x16=0xfc9c521c PA:0x80025ca0 load:0xfc9c521c
          70549	      3425	8000bac2	0447a883	lw	x17,68(x15)	 x15:0x80025c60 x17=0xfca05f6b PA:0x80025ca4 load:0xfca05f6b
          70709	      3433	8000bac6	0487a903	lw	x18,72(x15)	 x15:0x80025c60 x18=0x8ffffffc PA:0x80025ca8 load:0x8ffffffc
          70809	      3438	8000baca	04c7a983	lw	x19,76(x15)	 x15:0x80025c60 x19=0x0000000e PA:0x80025cac load:0x0000000e
          70949	      3445	8000bace	0507aa03	lw	x20,80(x15)	 x15:0x80025c60 x20=0x80000000 PA:0x80025cb0 load:0x80000000
          71109	      3453	8000bad2	0547aa83	lw	x21,84(x15)	 x15:0x80025c60 x21=0xf9c2bb41 PA:0x80025cb4 load:0xf9c2bb41
          71289	      3462	8000bad6	0587ab03	lw	x22,88(x15)	 x15:0x80025c60 x22=0x80000000 PA:0x80025cb8 load:0x80000000
          71349	      3465	8000bada	05c7ab83	lw	x23,92(x15)	 x15:0x80025c60 x23=0x80000000 PA:0x80025cbc load:0x80000000
          71609	      3478	8000bade	0607ac03	lw	x24,96(x15)	 x15:0x80025c60 x24=0x38000002 PA:0x80025cc0 load:0x38000002
          71969	      3496	8000bae2	0647ac83	lw	x25,100(x15)	 x15:0x80025c60 x25=0xffffff0e PA:0x80025cc4 load:0xffffff0e
          72029	      3499	8000bae6	0687ad03	lw	x26,104(x15)	 x15:0x80025c60 x26=0x00000002 PA:0x80025cc8 load:0x00000002
          72329	      3514	8000baea	06c7ad83	lw	x27,108(x15)	 x15:0x80025c60 x27=0x00000002 PA:0x80025ccc load:0x00000002
          72489	      3522	8000baee	0707ae03	lw	x28,112(x15)	 x15:0x80025c60 x28=0xf9c2bb43 PA:0x80025cd0 load:0xf9c2bb43
          72749	      3535	8000baf2	0747ae83	lw	x29,116(x15)	 x15:0x80025c60 x29=0x00000000 PA:0x80025cd4 load:0x00000000
          72829	      3539	8000baf6	0787af03	lw	x30,120(x15)	 x15:0x80025c60 x30=0x00000000 PA:0x80025cd8 load:0x00000000
          73249	      3560	8000bafa	07c7af83	lw	x31,124(x15)	 x15:0x80025c60 x31=0x00000000 PA:0x80025cdc load:0x00000000
          73269	      3561	8000bafe	08078793	addi	x15,x15,128	 x15:0x80025c60 x15=0x80025ce0
          73289	      3562	8000bb02	00078233	add	x4,x15,x0	 x15:0x80025ce0  x0:0x00000000  x4=0x80025ce0
          73669	      3581	8000bb06	00022783	lw	x15,0(x4)	  x4:0x80025ce0 x15=0x80021e58 PA:0x80025ce0 load:0x80021e58
          73689	      3582	8000bb0a	0211	c.addi	x4,4	  x4:0x80025ce0  x4=0x80025ce4
          73709	      3583	8000bb0c	30200073	mret	
          73789	      3587	80003812	b8378593	addi	x11,x15,-1149	 x15:0x80021e58 x11=0x800219db
          73809	      3588	80003816	08023913	sltiu	x18,x4,128	  x4:0x80025ce4 x18=0x00000000
          73829	      3589	8000381a	952fa593	slti	x11,x31,-1710	 x31:0x00000000 x11=0x00000000
          73849	      3590	8000381e	00f10cb3	add	x25,x2,x15	  x2:0x80000000 x15:0x80021e58 x25=0x00021e58
          73869	      3591	80003822	8eb5	c.xor	x13,x13	 x13:0x00000000 x13:0x00000000 x13=0x00000000
          73889	      3592	80003824	0171da13	srli	x20,x3,0x17	  x3:0x00000009 x20=0x00000000
          74129	      3604	80003828	8cf5	c.and	x9,x13	  x9:0x1c497837 x13:0x00000000  x9=0x00000000
          74149	      3605	8000382a	e205	c.bnez	x12,8000384a	 x12:0x00000000
          74549	      3625	8000382c	8c1d	c.sub	x8,x15	  x8:0x00000000 x15:0x80021e58  x8=0x7ffde1a8
          74569	      3626	8000382e	b88754f3	csrrwi	x9,mhpmcounter8h,14	  x9=0x00000000
          74629	      3629	80003832	9a7d	c.andi	x12,-1	 x12:0x00000000 x12=0x00000000
          74989	      3647	80003834	0ff0000f	fence	iorw,iorw	
          75009	      3648	80003838	8da5	c.xor	x11,x9	 x11:0x00000000  x9:0x00000000 x11=0x00000000
          75449	      3670	8000383a	025fa733	mulhsu	x14,x31,x5	 x31:0x00000000  x5:0xfc9c521c x14=0x00000000
          75469	      3671	8000383e	01cd1093	slli	x1,x26,0x1c	 x26:0x00000002  x1=0x20000000
          75489	      3672	80003842	1e7d	c.addi	x28,-1	 x28:0xf9c2bb43 x28=0xf9c2bb42
          75609	      3678	80003844	993a	c.add	x18,x14	 x18:0x00000000 x14:0x00000000 x18=0x00000000
          75629	      3679	80003846	c681ba13	sltiu	x20,x3,-920	  x3:0x00000009 x20=0x00000001
          76049	      3700	8000384a	0ff0000f	fence	iorw,iorw	
          76789	      3737	8000384e	0344c2b3	div	x5,x9,x20	  x9:0x00000000 x20:0x00000001  x5=0x00000000
          76829	      3739	80003852	02d44c33	div	x24,x8,x13	  x8:0x7ffde1a8 x13:0x00000000 x24=0xffffffff
          76849	      3740	80003856	8d45	c.or	x10,x9	 x10:0x80003aae  x9:0x00000000 x10=0x80003aae
          76869	      3741	80003858	ec19	c.bnez	x8,80003876	  x8:0x7ffde1a8
          77849	      3790	80003876	f156f2f3	csrrci	x0,0xf15,13	  x0=0x00000000
          77909	      3793	80002500	0800006f	jal	x0,80002580	  x0=0x00000000
          77989	      3797	80002580	1271	c.addi	x4,-4	  x4:0x80025ce4  x4=0x80025ce0
          78049	      3800	80002582	00f22023	sw	x15,0(x4)	  x4:0x80025ce0 x15:0x80021e58 PA:0x80025ce0 store:0x80021e58
          78069	      3801	80002586	000207b3	add	x15,x4,x0	  x4:0x80025ce0  x0:0x00000000 x15=0x80025ce0
          78089	      3802	8000258a	f8078793	addi	x15,x15,-128	 x15:0x80025ce0 x15=0x80025c60
          78149	      3805	8000258e	0017a223	sw	x1,4(x15)	 x15:0x80025c60  x1:0x20000000 PA:0x80025c64 store:0x20000000
          78169	      3806	80002592	0027a423	sw	x2,8(x15)	 x15:0x80025c60  x2:0x80000000 PA:0x80025c68 store:0x80000000
          78189	      3807	80002596	0037a623	sw	x3,12(x15)	 x15:0x80025c60  x3:0x00000009 PA:0x80025c6c store:0x00000009
          78609	      3828	8000259a	0047a823	sw	x4,16(x15)	 x15:0x80025c60  x4:0x80025ce0 PA:0x80025c70 store:0x80025ce0
          78669	      3831	8000259e	0057aa23	sw	x5,20(x15)	 x15:0x80025c60  x5:0x00000000 PA:0x80025c74 store:0x00000000
          78689	      3832	800025a2	0067ac23	sw	x6,24(x15)	 x15:0x80025c60  x6:0x800032d6 PA:0x80025c78 store:0x800032d6
          78709	      3833	800025a6	0077ae23	sw	x7,28(x15)	 x15:0x80025c60  x7:0x80000000 PA:0x80025c7c store:0x80000000
          79009	      3848	800025aa	d380	c.sw	x8,32(x15)	 x15:0x80025c60  x8:0x7ffde1a8 PA:0x80025c80 store:0x7ffde1a8
          79069	      3851	800025ac	d3c4	c.sw	x9,36(x15)	 x15:0x80025c60  x9:0x00000000 PA:0x80025c84 store:0x00000000
          79089	      3852	800025ae	d788	c.sw	x10,40(x15)	 x15:0x80025c60 x10:0x80003aae PA:0x80025c88 store:0x80003aae
          79169	      3856	800025b0	d7cc	c.sw	x11,44(x15)	 x15:0x80025c60 x11:0x00000000 PA:0x80025c8c store:0x00000000
          79229	      3859	800025b2	db90	c.sw	x12,48(x15)	 x15:0x80025c60 x12:0x00000000 PA:0x80025c90 store:0x00000000
          79389	      3867	800025b4	dbd4	c.sw	x13,52(x15)	 x15:0x80025c60 x13:0x00000000 PA:0x80025c94 store:0x00000000
          79449	      3870	800025b6	df98	c.sw	x14,56(x15)	 x15:0x80025c60 x14:0x00000000 PA:0x80025c98 store:0x00000000
          79729	      3884	800025b8	dfdc	c.sw	x15,60(x15)	 x15:0x80025c60 x15:0x80025c60 PA:0x80025c9c store:0x80025c60
          79889	      3892	800025ba	0507a023	sw	x16,64(x15)	 x15:0x80025c60 x16:0xfc9c521c PA:0x80025ca0 store:0xfc9c521c
          80009	      3898	800025be	0517a223	sw	x17,68(x15)	 x15:0x80025c60 x17:0xfca05f6b PA:0x80025ca4 store:0xfca05f6b
          80029	      3899	800025c2	0527a423	sw	x18,72(x15)	 x15:0x80025c60 x18:0x00000000 PA:0x80025ca8 store:0x00000000
          80169	      3906	800025c6	0537a623	sw	x19,76(x15)	 x15:0x80025c60 x19:0x0000000e PA:0x80025cac store:0x0000000e
          80229	      3909	800025ca	0547a823	sw	x20,80(x15)	 x15:0x80025c60 x20:0x00000001 PA:0x80025cb0 store:0x00000001
          80609	      3928	800025ce	0557aa23	sw	x21,84(x15)	 x15:0x80025c60 x21:0xf9c2bb41 PA:0x80025cb4 store:0xf9c2bb41
          80869	      3941	800025d2	0567ac23	sw	x22,88(x15)	 x15:0x80025c60 x22:0x80000000 PA:0x80025cb8 store:0x80000000
          80889	      3942	800025d6	0577ae23	sw	x23,92(x15)	 x15:0x80025c60 x23:0x80000000 PA:0x80025cbc store:0x80000000
          81029	      3949	800025da	0787a023	sw	x24,96(x15)	 x15:0x80025c60 x24:0xffffffff PA:0x80025cc0 store:0xffffffff
          81469	      3971	800025de	0797a223	sw	x25,100(x15)	 x15:0x80025c60 x25:0x00021e58 PA:0x80025cc4 store:0x00021e58
          81529	      3974	800025e2	07a7a423	sw	x26,104(x15)	 x15:0x80025c60 x26:0x00000002 PA:0x80025cc8 store:0x00000002
          81949	      3995	800025e6	07b7a623	sw	x27,108(x15)	 x15:0x80025c60 x27:0x00000002 PA:0x80025ccc store:0x00000002
          82049	      4000	800025ea	07c7a823	sw	x28,112(x15)	 x15:0x80025c60 x28:0xf9c2bb42 PA:0x80025cd0 store:0xf9c2bb42
          82509	      4023	800025ee	07d7aa23	sw	x29,116(x15)	 x15:0x80025c60 x29:0x00000000 PA:0x80025cd4 store:0x00000000
          82569	      4026	800025f2	07e7ac23	sw	x30,120(x15)	 x15:0x80025c60 x30:0x00000000 PA:0x80025cd8 store:0x00000000
          82669	      4031	800025f6	07f7ae23	sw	x31,124(x15)	 x15:0x80025c60 x31:0x00000000 PA:0x80025cdc store:0x00000000
          82689	      4032	800025fa	00078233	add	x4,x15,x0	 x15:0x80025c60  x0:0x00000000  x4=0x80025c60
          82709	      4033	800025fe	90000937	lui	x18,0x90000	 x18=0x90000000
          82729	      4034	80002602	1971	c.addi	x18,-4	 x18:0x90000000 x18=0x8ffffffc
          82749	      4035	80002604	4f21	c.li	x30,8	 x30=0x00000008
          82769	      4036	80002606	0f22	c.slli	x30,0x8	 x30:0x00000008 x30=0x00000800
          82789	      4037	80002608	000f0f13	addi	x30,x30,0	 x30:0x00000800 x30=0x00000800
          82849	      4040	8000260c	01e92023	sw	x30,0(x18)	 x18:0x8ffffffc x30:0x00000800 PA:0x8ffffffc store:0x00000800
          82869	      4041	80002610	34102f73	csrrs	x30,mepc,x0	  x0:0x00000000 x30=0x80003876
          82889	      4042	80002614	34202f73	csrrs	x30,mcause,x0	  x0:0x00000000 x30=0x00000002
          82909	      4043	80002618	490d	c.li	x18,3	 x18=0x00000003
          82929	      4044	8000261a	012f1463	bne	x30,x18,80002622	 x30:0x00000002 x18:0x00000003
          82969	      4046	80002622	4921	c.li	x18,8	 x18=0x00000008
          82989	      4047	80002624	052f0d63	beq	x30,x18,8000267e	 x30:0x00000002 x18:0x00000008
          83009	      4048	80002628	4925	c.li	x18,9	 x18=0x00000009
          83029	      4049	8000262a	052f0a63	beq	x30,x18,8000267e	 x30:0x00000002 x18:0x00000009
          83049	      4050	8000262e	492d	c.li	x18,11	 x18=0x0000000b
          83069	      4051	80002630	052f0763	beq	x30,x18,8000267e	 x30:0x00000002 x18:0x0000000b
          83089	      4052	80002634	4905	c.li	x18,1	 x18=0x00000001
          83109	      4053	80002636	352f0363	beq	x30,x18,8000297c	 x30:0x00000002 x18:0x00000001
          83129	      4054	8000263a	4915	c.li	x18,5	 x18=0x00000005
          83149	      4055	8000263c	632f0a63	beq	x30,x18,80002c70	 x30:0x00000002 x18:0x00000005
          83169	      4056	80002640	491d	c.li	x18,7	 x18=0x00000007
          83189	      4057	80002642	152f0ce3	beq	x30,x18,80002f9a	 x30:0x00000002 x18:0x00000007
          83209	      4058	80002646	4931	c.li	x18,12	 x18=0x0000000c
          83229	      4059	80002648	012f1463	bne	x30,x18,80002650	 x30:0x00000002 x18:0x0000000c
          83269	      4061	80002650	4935	c.li	x18,13	 x18=0x0000000d
          83289	      4062	80002652	012f1463	bne	x30,x18,8000265a	 x30:0x00000002 x18:0x0000000d
          83329	      4064	8000265a	493d	c.li	x18,15	 x18=0x0000000f
          83349	      4065	8000265c	012f1463	bne	x30,x18,80002664	 x30:0x00000002 x18:0x0000000f
          83409	      4068	80002664	4909	c.li	x18,2	 x18=0x00000002
          83429	      4069	80002666	012f1463	bne	x30,x18,8000266e	 x30:0x00000002 x18:0x00000002
          83449	      4070	8000266a	3ee0906f	jal	x0,8000ba58	  x0=0x00000000
          83509	      4073	8000ba58	90000937	lui	x18,0x90000	 x18=0x90000000
          83529	      4074	8000ba5c	1971	c.addi	x18,-4	 x18:0x90000000 x18=0x8ffffffc
          83549	      4075	8000ba5e	4f29	c.li	x30,10	 x30=0x0000000a
          83569	      4076	8000ba60	0f22	c.slli	x30,0x8	 x30:0x0000000a x30=0x00000a00
          83589	      4077	8000ba62	000f0f13	addi	x30,x30,0	 x30:0x00000a00 x30=0x00000a00
          84169	      4106	8000ba66	01e92023	sw	x30,0(x18)	 x18:0x8ffffffc x30:0x00000a00 PA:0x8ffffffc store:0x00000a00
          84189	      4107	8000ba6a	90000937	lui	x18,0x90000	 x18=0x90000000
          84209	      4108	8000ba6e	1971	c.addi	x18,-4	 x18:0x90000000 x18=0x8ffffffc
          84229	      4109	8000ba70	34200f13	addi	x30,x0,834	  x0:0x00000000 x30=0x00000342
          84249	      4110	8000ba74	0f22	c.slli	x30,0x8	 x30:0x00000342 x30=0x00034200
          84269	      4111	8000ba76	0f0d	c.addi	x30,3	 x30:0x00034200 x30=0x00034203
          84489	      4122	8000ba78	01e92023	sw	x30,0(x18)	 x18:0x8ffffffc x30:0x00034203 PA:0x8ffffffc store:0x00034203
          84509	      4123	8000ba7c	34202f73	csrrs	x30,mcause,x0	  x0:0x00000000 x30=0x00000002
          84609	      4128	8000ba80	01e92023	sw	x30,0(x18)	 x18:0x8ffffffc x30:0x00000002 PA:0x8ffffffc store:0x00000002
          84629	      4129	8000ba84	34102f73	csrrs	x30,mepc,x0	  x0:0x00000000 x30=0x80003876
          84649	      4130	8000ba88	0f11	c.addi	x30,4	 x30:0x80003876 x30=0x8000387a
          84669	      4131	8000ba8a	341f1073	csrrw	x0,mepc,x30	 x30:0x8000387a  x0=0x00000000
          84689	      4132	8000ba8e	000207b3	add	x15,x4,x0	  x4:0x80025c60  x0:0x00000000 x15=0x80025c60
          85149	      4155	8000ba92	0047a083	lw	x1,4(x15)	 x15:0x80025c60  x1=0x20000000 PA:0x80025c64 load:0x20000000
          85609	      4178	8000ba96	0087a103	lw	x2,8(x15)	 x15:0x80025c60  x2=0x80000000 PA:0x80025c68 load:0x80000000
          85869	      4191	8000ba9a	00c7a183	lw	x3,12(x15)	 x15:0x80025c60  x3=0x00000009 PA:0x80025c6c load:0x00000009
          86029	      4199	8000ba9e	0107a203	lw	x4,16(x15)	 x15:0x80025c60  x4=0x80025ce0 PA:0x80025c70 load:0x80025ce0
          86249	      4210	8000baa2	0147a283	lw	x5,20(x15)	 x15:0x80025c60  x5=0x00000000 PA:0x80025c74 load:0x00000000
          86469	      4221	8000baa6	0187a303	lw	x6,24(x15)	 x15:0x80025c60  x6=0x800032d6 PA:0x80025c78 load:0x800032d6
          86569	      4226	8000baaa	01c7a383	lw	x7,28(x15)	 x15:0x80025c60  x7=0x80000000 PA:0x80025c7c load:0x80000000
          86689	      4232	8000baae	5380	c.lw	x8,32(x15)	 x15:0x80025c60  x8=0x7ffde1a8 PA:0x80025c80 load:0x7ffde1a8
          87109	      4253	8000bab0	53c4	c.lw	x9,36(x15)	 x15:0x80025c60  x9=0x00000000 PA:0x80025c84 load:0x00000000
          87569	      4276	8000bab2	5788	c.lw	x10,40(x15)	 x15:0x80025c60 x10=0x80003aae PA:0x80025c88 load:0x80003aae
          87709	      4283	8000bab4	57cc	c.lw	x11,44(x15)	 x15:0x80025c60 x11=0x00000000 PA:0x80025c8c load:0x00000000
          88149	      4305	8000bab6	5b90	c.lw	x12,48(x15)	 x15:0x80025c60 x12=0x00000000 PA:0x80025c90 load:0x00000000
          88609	      4328	8000bab8	5bd4	c.lw	x13,52(x15)	 x15:0x80025c60 x13=0x00000000 PA:0x80025c94 load:0x00000000
          88829	      4339	8000baba	5f98	c.lw	x14,56(x15)	 x15:0x80025c60 x14=0x00000000 PA:0x80025c98 load:0x00000000
          88889	      4342	8000babc	5fdc	c.lw	x15,60(x15)	 x15:0x80025c60 x15=0x80025c60 PA:0x80025c9c load:0x80025c60
          89129	      4354	8000babe	0407a803	lw	x16,64(x15)	 x15:0x80025c60 x16=0xfc9c521c PA:0x80025ca0 load:0xfc9c521c
          89249	      4360	8000bac2	0447a883	lw	x17,68(x15)	 x15:0x80025c60 x17=0xfca05f6b PA:0x80025ca4 load:0xfca05f6b
          89429	      4369	8000bac6	0487a903	lw	x18,72(x15)	 x15:0x80025c60 x18=0x00000000 PA:0x80025ca8 load:0x00000000
          89849	      4390	8000baca	04c7a983	lw	x19,76(x15)	 x15:0x80025c60 x19=0x0000000e PA:0x80025cac load:0x0000000e
          89909	      4393	8000bace	0507aa03	lw	x20,80(x15)	 x15:0x80025c60 x20=0x00000001 PA:0x80025cb0 load:0x00000001
          89929	      4394	8000bad2	0547aa83	lw	x21,84(x15)	 x15:0x80025c60 x21=0xf9c2bb41 PA:0x80025cb4 load:0xf9c2bb41
          89949	      4395	8000bad6	0587ab03	lw	x22,88(x15)	 x15:0x80025c60 x22=0x80000000 PA:0x80025cb8 load:0x80000000
          89969	      4396	8000bada	05c7ab83	lw	x23,92(x15)	 x15:0x80025c60 x23=0x80000000 PA:0x80025cbc load:0x80000000
          89989	      4397	8000bade	0607ac03	lw	x24,96(x15)	 x15:0x80025c60 x24=0xffffffff PA:0x80025cc0 load:0xffffffff
          90169	      4406	8000bae2	0647ac83	lw	x25,100(x15)	 x15:0x80025c60 x25=0x00021e58 PA:0x80025cc4 load:0x00021e58
          90269	      4411	8000bae6	0687ad03	lw	x26,104(x15)	 x15:0x80025c60 x26=0x00000002 PA:0x80025cc8 load:0x00000002
          90329	      4414	8000baea	06c7ad83	lw	x27,108(x15)	 x15:0x80025c60 x27=0x00000002 PA:0x80025ccc load:0x00000002
          90869	      4441	8000baee	0707ae03	lw	x28,112(x15)	 x15:0x80025c60 x28=0xf9c2bb42 PA:0x80025cd0 load:0xf9c2bb42
          91509	      4473	8000baf2	0747ae83	lw	x29,116(x15)	 x15:0x80025c60 x29=0x00000000 PA:0x80025cd4 load:0x00000000
          91569	      4476	8000baf6	0787af03	lw	x30,120(x15)	 x15:0x80025c60 x30=0x00000000 PA:0x80025cd8 load:0x00000000
          91589	      4477	8000bafa	07c7af83	lw	x31,124(x15)	 x15:0x80025c60 x31=0x00000000 PA:0x80025cdc load:0x00000000
          91609	      4478	8000bafe	08078793	addi	x15,x15,128	 x15:0x80025c60 x15=0x80025ce0
          91629	      4479	8000bb02	00078233	add	x4,x15,x0	 x15:0x80025ce0  x0:0x00000000  x4=0x80025ce0
          91749	      4485	8000bb06	00022783	lw	x15,0(x4)	  x4:0x80025ce0 x15=0x80021e58 PA:0x80025ce0 load:0x80021e58
          91769	      4486	8000bb0a	0211	c.addi	x4,4	  x4:0x80025ce0  x4=0x80025ce4
          91789	      4487	8000bb0c	30200073	mret	
          91869	      4491	8000387a	56688993	addi	x19,x17,1382	 x17:0xfca05f6b x19=0xfca064d1
          91889	      4492	8000387e	ce89	c.beqz	x13,80003898	 x13:0x00000000
          92829	      4539	80003898	01f300b3	add	x1,x6,x31	  x6:0x800032d6 x31:0x00000000  x1=0x800032d6
          92849	      4540	8000389c	8dd5	c.or	x11,x13	 x11:0x00000000 x13:0x00000000 x11=0x00000000
          92869	      4541	8000389e	4159dbb3	sra	x23,x19,x21	 x19:0xfca064d1 x21:0xf9c2bb41 x23=0xfe503268
          92889	      4542	800038a2	8c49	c.or	x8,x10	  x8:0x7ffde1a8 x10:0x80003aae  x8=0xfffdfbae
          92909	      4543	800038a4	717d	c.addi16sp	x2,-16	  x2:0x80000000  x2=0x7ffffff0
          92929	      4544	800038a6	10fd	c.addi	x1,-1	  x1:0x800032d6  x1=0x800032d5
          92949	      4545	800038a8	0001a533	slt	x10,x3,x0	  x3:0x00000009  x0:0x00000000 x10=0x00000000
          93109	      4553	800038ac	00589533	sll	x10,x17,x5	 x17:0xfca05f6b  x5:0x00000000 x10=0xfca05f6b
          93529	      4574	800038b0	cda1	c.beqz	x11,80003908	 x11:0x00000000
          94169	      4606	80003908	4165	c.li	x2,25	  x2=0x00000019
          94189	      4607	8000390a	d5a37f93	andi	x31,x6,-678	  x6:0x800032d6 x31=0x80003052
          94209	      4608	8000390e	6a31	c.lui	x20,0xc	 x20=0x0000c000
          94229	      4609	80003910	016229b3	slt	x19,x4,x22	  x4:0x80025ce4 x22:0x80000000 x19=0x00000000
          95149	      4655	80003914	028e76b3	remu	x13,x28,x8	 x28:0xf9c2bb42  x8:0xfffdfbae x13=0xf9c2bb42
          95169	      4656	80003918	0174eb33	or	x22,x9,x23	  x9:0x00000000 x23:0xfe503268 x22=0xfe503268
          95189	      4657	8000391c	e311	c.bnez	x14,80003920	 x14:0x00000000
          95209	      4658	8000391e	1afd	c.addi	x21,-1	 x21:0xf9c2bb41 x21=0xf9c2bb40
          95229	      4659	80003920	f13039f3	csrrc	x19,mimpid,x0	  x0:0x00000000 x19=0x00000000
          95249	      4660	80003924	1fea5737	lui	x14,0x1fea5	 x14=0x1fea5000
          95269	      4661	80003928	00d160b3	or	x1,x2,x13	  x2:0x00000019 x13:0xf9c2bb42  x1=0xf9c2bb5b
          95309	      4663	8000392c	032fd833	divu	x16,x31,x18	 x31:0x80003052 x18:0x00000000 x16=0xffffffff
          95449	      4670	80003930	c221	c.beqz	x12,80003970	 x12:0x00000000
          96549	      4725	80003970	02f1e163	bltu	x3,x15,80003992	  x3:0x00000009 x15:0x80021e58
          96989	      4747	80003992	5cdcc113	xori	x2,x25,1485	 x25:0x00021e58  x2=0x00021b95
          97409	      4768	80003996	00ddc463	blt	x27,x13,8000399e	 x27:0x00000002 x13:0xf9c2bb42
          97449	      4770	8000399a	00f7c4b3	xor	x9,x15,x15	 x15:0x80021e58 x15:0x80021e58  x9=0x00000000
          97469	      4771	8000399e	8b5d	c.andi	x14,23	 x14:0x1fea5000 x14=0x00000000
          97549	      4775	800039a0	00065d63	bge	x12,x0,800039ba	 x12:0x00000000  x0:0x00000000
          98509	      4823	800039ba	01a75b93	srli	x23,x14,0x1a	 x14:0x00000000 x23=0x00000000
          98929	      4844	800039be	40ad5c93	srai	x25,x26,0xa	 x26:0x00000002 x25=0x00000000
          98949	      4845	800039c2	bd6c8313	addi	x6,x25,-1066	 x25:0x00000000  x6=0xfffffbd6
          98989	      4847	800039c6	03668633	mul	x12,x13,x22	 x13:0xf9c2bb42 x22:0xfe503268 x12=0xf81d73d3
          99009	      4848	800039ca	8532	c.mv	x10,x12	  x0:0x00000000 x12:0xf81d73d3 x10=0xf81d73d3
