UVM_FATAL /runtime_only_unique_aagv.sv(1) @ 1: runtime_only_unique_failure_aagv normalization resistant timing marker
RUNTIME_ONLY_CASE=204 SOURCE_A=benchmark_set_2:5
Mismatch[1]:
ibex[937] : pc[80000c7e] srai x21,x28,0x1: s5:ffffff32
RUNTIME_ONLY_COMBINE SOURCE_B=benchmark_set_1:1
riscv_interrupt_csr_test.0 : [FAILED]
000000000 RUNTIME_ONLY neutral retire case=00204 pc=0x80006864 opcode=addi x12=0x80006864
000000001 RUNTIME_ONLY neutral retire case=00204 pc=0x80006868 opcode=lw x13=0x80006869
000000002 RUNTIME_ONLY neutral retire case=00204 pc=0x8000686c opcode=sw x14=0x8000686e
000000003 RUNTIME_ONLY neutral retire case=00204 pc=0x80006870 opcode=beq x15=0x80006873
000000004 RUNTIME_ONLY neutral retire case=00204 pc=0x80006874 opcode=csrrw x16=0x80006870
000000005 RUNTIME_ONLY neutral retire case=00204 pc=0x80006878 opcode=xor x17=0x8000687d
000000006 RUNTIME_ONLY neutral retire case=00204 pc=0x8000687c opcode=addi x18=0x8000687a
000000007 RUNTIME_ONLY neutral retire case=00204 pc=0x80006880 opcode=lw x19=0x80006887
000000008 RUNTIME_ONLY neutral retire case=00204 pc=0x80006884 opcode=sw x20=0x8000688c
000000009 RUNTIME_ONLY neutral retire case=00204 pc=0x80006888 opcode=beq x21=0x80006881
000000010 RUNTIME_ONLY neutral retire case=00204 pc=0x8000688c opcode=csrrw x22=0x80006886
000000011 RUNTIME_ONLY neutral retire case=00204 pc=0x80006890 opcode=xor x23=0x8000689b
000000012 RUNTIME_ONLY neutral retire case=00204 pc=0x80006894 opcode=addi x24=0x80006898
000000013 RUNTIME_ONLY neutral retire case=00204 pc=0x80006898 opcode=lw x25=0x80006895
000000014 RUNTIME_ONLY neutral retire case=00204 pc=0x8000689c opcode=sw x26=0x80006892
000000015 RUNTIME_ONLY neutral retire case=00204 pc=0x800068a0 opcode=beq x27=0x800068af
000000016 RUNTIME_ONLY neutral retire case=00204 pc=0x800068a4 opcode=csrrw x28=0x800068b4
000000017 RUNTIME_ONLY neutral retire case=00204 pc=0x800068a8 opcode=xor x29=0x800068b9
000000018 RUNTIME_ONLY neutral retire case=00204 pc=0x800068ac opcode=addi x30=0x800068be
000000019 RUNTIME_ONLY neutral retire case=00204 pc=0x800068b0 opcode=lw x31=0x800068a3
000000020 RUNTIME_ONLY neutral retire case=00204 pc=0x800068b4 opcode=sw x0=0x800068a0
000000021 RUNTIME_ONLY neutral retire case=00204 pc=0x800068b8 opcode=beq x1=0x800068ad
000000022 RUNTIME_ONLY neutral retire case=00204 pc=0x800068bc opcode=csrrw x2=0x800068aa
000000023 RUNTIME_ONLY neutral retire case=00204 pc=0x800068c0 opcode=xor x3=0x800068d7
000000024 RUNTIME_ONLY neutral retire case=00204 pc=0x800068c4 opcode=addi x4=0x800068dc
000000025 RUNTIME_ONLY neutral retire case=00204 pc=0x800068c8 opcode=lw x5=0x800068d1
000000026 RUNTIME_ONLY neutral retire case=00204 pc=0x800068cc opcode=sw x6=0x800068d6
000000027 RUNTIME_ONLY neutral retire case=00204 pc=0x800068d0 opcode=beq x7=0x800068cb
000000028 RUNTIME_ONLY neutral retire case=00204 pc=0x800068d4 opcode=csrrw x8=0x800068c8
000000029 RUNTIME_ONLY neutral retire case=00204 pc=0x800068d8 opcode=xor x9=0x800068c5
000000030 RUNTIME_ONLY neutral retire case=00204 pc=0x800068dc opcode=addi x10=0x800068c2
000000031 RUNTIME_ONLY neutral retire case=00204 pc=0x800068e0 opcode=lw x11=0x800068ff
000000032 RUNTIME_ONLY neutral retire case=00204 pc=0x800068e4 opcode=sw x12=0x800068c4
000000033 RUNTIME_ONLY neutral retire case=00204 pc=0x800068e8 opcode=beq x13=0x800068c9
000000034 RUNTIME_ONLY neutral retire case=00204 pc=0x800068ec opcode=csrrw x14=0x800068ce
000000035 RUNTIME_ONLY neutral retire case=00204 pc=0x800068f0 opcode=xor x15=0x800068d3
000000036 RUNTIME_ONLY neutral retire case=00204 pc=0x800068f4 opcode=addi x16=0x800068d0
000000037 RUNTIME_ONLY neutral retire case=00204 pc=0x800068f8 opcode=lw x17=0x800068dd
000000038 RUNTIME_ONLY neutral retire case=00204 pc=0x800068fc opcode=sw x18=0x800068da
000000039 RUNTIME_ONLY neutral retire case=00204 pc=0x80006900 opcode=beq x19=0x80006927
000000040 RUNTIME_ONLY neutral retire case=00204 pc=0x80006904 opcode=csrrw x20=0x8000692c
000000041 RUNTIME_ONLY neutral retire case=00204 pc=0x80006908 opcode=xor x21=0x80006921
000000042 RUNTIME_ONLY neutral retire case=00204 pc=0x8000690c opcode=addi x22=0x80006926
000000043 RUNTIME_ONLY neutral retire case=00204 pc=0x80006910 opcode=lw x23=0x8000693b
000000044 RUNTIME_ONLY neutral retire case=00204 pc=0x80006914 opcode=sw x24=0x80006938
000000045 RUNTIME_ONLY neutral retire case=00204 pc=0x80006918 opcode=beq x25=0x80006935
000000046 RUNTIME_ONLY neutral retire case=00204 pc=0x8000691c opcode=csrrw x26=0x80006932
000000047 RUNTIME_ONLY neutral retire case=00204 pc=0x80006920 opcode=xor x27=0x8000690f
000000048 RUNTIME_ONLY neutral retire case=00204 pc=0x80006924 opcode=addi x28=0x80006914
000000049 RUNTIME_ONLY neutral retire case=00204 pc=0x80006928 opcode=lw x29=0x80006919
000000050 RUNTIME_ONLY neutral retire case=00204 pc=0x8000692c opcode=sw x30=0x8000691e
000000051 RUNTIME_ONLY neutral retire case=00204 pc=0x80006930 opcode=beq x31=0x80006903
000000052 RUNTIME_ONLY neutral retire case=00204 pc=0x80006934 opcode=csrrw x0=0x80006900
000000053 RUNTIME_ONLY neutral retire case=00204 pc=0x80006938 opcode=xor x1=0x8000690d
000000054 RUNTIME_ONLY neutral retire case=00204 pc=0x8000693c opcode=addi x2=0x8000690a
000000055 RUNTIME_ONLY neutral retire case=00204 pc=0x80006940 opcode=lw x3=0x80006977
000000056 RUNTIME_ONLY neutral retire case=00204 pc=0x80006944 opcode=sw x4=0x8000697c
000000057 RUNTIME_ONLY neutral retire case=00204 pc=0x80006948 opcode=beq x5=0x80006971
000000058 RUNTIME_ONLY neutral retire case=00204 pc=0x8000694c opcode=csrrw x6=0x80006976
000000059 RUNTIME_ONLY neutral retire case=00204 pc=0x80006950 opcode=xor x7=0x8000696b
000000060 RUNTIME_ONLY neutral retire case=00204 pc=0x80006954 opcode=addi x8=0x80006968
000000061 RUNTIME_ONLY neutral retire case=00204 pc=0x80006958 opcode=lw x9=0x80006965
000000062 RUNTIME_ONLY neutral retire case=00204 pc=0x8000695c opcode=sw x10=0x80006962
000000063 RUNTIME_ONLY neutral retire case=00204 pc=0x80006960 opcode=beq x11=0x8000695f
000000064 RUNTIME_ONLY neutral retire case=00204 pc=0x80006964 opcode=csrrw x12=0x80006924
000000065 RUNTIME_ONLY neutral retire case=00204 pc=0x80006968 opcode=xor x13=0x80006929
000000066 RUNTIME_ONLY neutral retire case=00204 pc=0x8000696c opcode=addi x14=0x8000692e
000000067 RUNTIME_ONLY neutral retire case=00204 pc=0x80006970 opcode=lw x15=0x80006933
000000068 RUNTIME_ONLY neutral retire case=00204 pc=0x80006974 opcode=sw x16=0x80006930
000000069 RUNTIME_ONLY neutral retire case=00204 pc=0x80006978 opcode=beq x17=0x8000693d
000000070 RUNTIME_ONLY neutral retire case=00204 pc=0x8000697c opcode=csrrw x18=0x8000693a
000000071 RUNTIME_ONLY neutral retire case=00204 pc=0x80006980 opcode=xor x19=0x800069c7
000000072 RUNTIME_ONLY neutral retire case=00204 pc=0x80006984 opcode=addi x20=0x800069cc
000000073 RUNTIME_ONLY neutral retire case=00204 pc=0x80006988 opcode=lw x21=0x800069c1
