UVM_FATAL /runtime_only_unique_aasw.sv(1) @ 1: runtime_only_unique_failure_aasw normalization resistant timing marker
RUNTIME_ONLY_CASE=517 SOURCE_A=benchmark_set_1:5
riscv_single_interrupt_test.0 : [FAILED]
RUNTIME_ONLY_COMBINE SOURCE_B=benchmark_set_2:12
riscv_mem_error_test.0 : [FAILED]
000000000 RUNTIME_ONLY neutral retire case=00517 pc=0x8001088c opcode=lw x5=0x8001088c
000000001 RUNTIME_ONLY neutral retire case=00517 pc=0x80010890 opcode=sw x6=0x80010891
000000002 RUNTIME_ONLY neutral retire case=00517 pc=0x80010894 opcode=beq x7=0x80010896
000000003 RUNTIME_ONLY neutral retire case=00517 pc=0x80010898 opcode=csrrw x8=0x8001089b
000000004 RUNTIME_ONLY neutral retire case=00517 pc=0x8001089c opcode=xor x9=0x80010898
000000005 RUNTIME_ONLY neutral retire case=00517 pc=0x800108a0 opcode=addi x10=0x800108a5
000000006 RUNTIME_ONLY neutral retire case=00517 pc=0x800108a4 opcode=lw x11=0x800108a2
000000007 RUNTIME_ONLY neutral retire case=00517 pc=0x800108a8 opcode=sw x12=0x800108af
000000008 RUNTIME_ONLY neutral retire case=00517 pc=0x800108ac opcode=beq x13=0x800108a4
000000009 RUNTIME_ONLY neutral retire case=00517 pc=0x800108b0 opcode=csrrw x14=0x800108b9
000000010 RUNTIME_ONLY neutral retire case=00517 pc=0x800108b4 opcode=xor x15=0x800108be
000000011 RUNTIME_ONLY neutral retire case=00517 pc=0x800108b8 opcode=addi x16=0x800108b3
000000012 RUNTIME_ONLY neutral retire case=00517 pc=0x800108bc opcode=lw x17=0x800108b0
000000013 RUNTIME_ONLY neutral retire case=00517 pc=0x800108c0 opcode=sw x18=0x800108cd
000000014 RUNTIME_ONLY neutral retire case=00517 pc=0x800108c4 opcode=beq x19=0x800108ca
000000015 RUNTIME_ONLY neutral retire case=00517 pc=0x800108c8 opcode=csrrw x20=0x800108c7
000000016 RUNTIME_ONLY neutral retire case=00517 pc=0x800108cc opcode=xor x21=0x800108dc
