UVM_FATAL /runtime_only_unique_aabs.sv(1) @ 1: runtime_only_unique_failure_aabs normalization resistant timing marker
RUNTIME_ONLY_CASE=747 SOURCE_A=benchmark_set_2:4
riscv_single_interrupt_test.0 : [FAILED]
RUNTIME_ONLY_COMBINE SOURCE_B=benchmark_set_2:22
spike[231] : pc[ffffffff80000464] c.lui t3, 0x9: t3:00009000
[FAILED]: 377 matched, 11187 mismatch
000000000 RUNTIME_ONLY neutral retire case=00747 pc=0x80017e40 opcode=beq x11=0x80017e40
000000001 RUNTIME_ONLY neutral retire case=00747 pc=0x80017e44 opcode=csrrw x12=0x80017e45
000000002 RUNTIME_ONLY neutral retire case=00747 pc=0x80017e48 opcode=xor x13=0x80017e4a
000000003 RUNTIME_ONLY neutral retire case=00747 pc=0x80017e4c opcode=addi x14=0x80017e4f
000000004 RUNTIME_ONLY neutral retire case=00747 pc=0x80017e50 opcode=lw x15=0x80017e54
000000005 RUNTIME_ONLY neutral retire case=00747 pc=0x80017e54 opcode=sw x16=0x80017e51
000000006 RUNTIME_ONLY neutral retire case=00747 pc=0x80017e58 opcode=beq x17=0x80017e5e
000000007 RUNTIME_ONLY neutral retire case=00747 pc=0x80017e5c opcode=csrrw x18=0x80017e5b
000000008 RUNTIME_ONLY neutral retire case=00747 pc=0x80017e60 opcode=xor x19=0x80017e68
000000009 RUNTIME_ONLY neutral retire case=00747 pc=0x80017e64 opcode=addi x20=0x80017e6d
000000010 RUNTIME_ONLY neutral retire case=00747 pc=0x80017e68 opcode=lw x21=0x80017e62
000000011 RUNTIME_ONLY neutral retire case=00747 pc=0x80017e6c opcode=sw x22=0x80017e67
000000012 RUNTIME_ONLY neutral retire case=00747 pc=0x80017e70 opcode=beq x23=0x80017e7c
000000013 RUNTIME_ONLY neutral retire case=00747 pc=0x80017e74 opcode=csrrw x24=0x80017e79
000000014 RUNTIME_ONLY neutral retire case=00747 pc=0x80017e78 opcode=xor x25=0x80017e76
000000015 RUNTIME_ONLY neutral retire case=00747 pc=0x80017e7c opcode=addi x26=0x80017e73
