UVM_FATAL /runtime_only_unique_aahm.sv(1) @ 1: runtime_only_unique_failure_aahm normalization resistant timing marker
RUNTIME_ONLY_CASE=221 SOURCE_A=benchmark_set_2:22
Mismatch[1]:
ibex[231] : pc[80000474] c.or x14,x8: a4:00ef9e4f
RUNTIME_ONLY_COMBINE SOURCE_B=benchmark_set_2:17
spike[79] : pc[ffffffff80000240] c.addi s9, 6: s9:00002006
[FAILED]: 77 matched, 4262 mismatch
000000000 RUNTIME_ONLY neutral retire case=00221 pc=0x80007114 opcode=xor x29=0x80007114
000000001 RUNTIME_ONLY neutral retire case=00221 pc=0x80007118 opcode=addi x30=0x80007119
000000002 RUNTIME_ONLY neutral retire case=00221 pc=0x8000711c opcode=lw x31=0x8000711e
000000003 RUNTIME_ONLY neutral retire case=00221 pc=0x80007120 opcode=sw x0=0x80007123
000000004 RUNTIME_ONLY neutral retire case=00221 pc=0x80007124 opcode=beq x1=0x80007120
000000005 RUNTIME_ONLY neutral retire case=00221 pc=0x80007128 opcode=csrrw x2=0x8000712d
000000006 RUNTIME_ONLY neutral retire case=00221 pc=0x8000712c opcode=xor x3=0x8000712a
000000007 RUNTIME_ONLY neutral retire case=00221 pc=0x80007130 opcode=addi x4=0x80007137
000000008 RUNTIME_ONLY neutral retire case=00221 pc=0x80007134 opcode=lw x5=0x8000713c
000000009 RUNTIME_ONLY neutral retire case=00221 pc=0x80007138 opcode=sw x6=0x80007131
000000010 RUNTIME_ONLY neutral retire case=00221 pc=0x8000713c opcode=beq x7=0x80007136
000000011 RUNTIME_ONLY neutral retire case=00221 pc=0x80007140 opcode=csrrw x8=0x8000714b
000000012 RUNTIME_ONLY neutral retire case=00221 pc=0x80007144 opcode=xor x9=0x80007148
000000013 RUNTIME_ONLY neutral retire case=00221 pc=0x80007148 opcode=addi x10=0x80007145
000000014 RUNTIME_ONLY neutral retire case=00221 pc=0x8000714c opcode=lw x11=0x80007142
000000015 RUNTIME_ONLY neutral retire case=00221 pc=0x80007150 opcode=sw x12=0x8000715f
000000016 RUNTIME_ONLY neutral retire case=00221 pc=0x80007154 opcode=beq x13=0x80007144
000000017 RUNTIME_ONLY neutral retire case=00221 pc=0x80007158 opcode=csrrw x14=0x80007149
000000018 RUNTIME_ONLY neutral retire case=00221 pc=0x8000715c opcode=xor x15=0x8000714e
000000019 RUNTIME_ONLY neutral retire case=00221 pc=0x80007160 opcode=addi x16=0x80007173
000000020 RUNTIME_ONLY neutral retire case=00221 pc=0x80007164 opcode=lw x17=0x80007170
000000021 RUNTIME_ONLY neutral retire case=00221 pc=0x80007168 opcode=sw x18=0x8000717d
000000022 RUNTIME_ONLY neutral retire case=00221 pc=0x8000716c opcode=beq x19=0x8000717a
000000023 RUNTIME_ONLY neutral retire case=00221 pc=0x80007170 opcode=csrrw x20=0x80007167
000000024 RUNTIME_ONLY neutral retire case=00221 pc=0x80007174 opcode=xor x21=0x8000716c
000000025 RUNTIME_ONLY neutral retire case=00221 pc=0x80007178 opcode=addi x22=0x80007161
000000026 RUNTIME_ONLY neutral retire case=00221 pc=0x8000717c opcode=lw x23=0x80007166
000000027 RUNTIME_ONLY neutral retire case=00221 pc=0x80007180 opcode=sw x24=0x8000719b
000000028 RUNTIME_ONLY neutral retire case=00221 pc=0x80007184 opcode=beq x25=0x80007198
000000029 RUNTIME_ONLY neutral retire case=00221 pc=0x80007188 opcode=csrrw x26=0x80007195
000000030 RUNTIME_ONLY neutral retire case=00221 pc=0x8000718c opcode=xor x27=0x80007192
000000031 RUNTIME_ONLY neutral retire case=00221 pc=0x80007190 opcode=addi x28=0x8000718f
000000032 RUNTIME_ONLY neutral retire case=00221 pc=0x80007194 opcode=lw x29=0x800071b4
000000033 RUNTIME_ONLY neutral retire case=00221 pc=0x80007198 opcode=sw x30=0x800071b9
000000034 RUNTIME_ONLY neutral retire case=00221 pc=0x8000719c opcode=beq x31=0x800071be
000000035 RUNTIME_ONLY neutral retire case=00221 pc=0x800071a0 opcode=csrrw x0=0x80007183
000000036 RUNTIME_ONLY neutral retire case=00221 pc=0x800071a4 opcode=xor x1=0x80007180
000000037 RUNTIME_ONLY neutral retire case=00221 pc=0x800071a8 opcode=addi x2=0x8000718d
000000038 RUNTIME_ONLY neutral retire case=00221 pc=0x800071ac opcode=lw x3=0x8000718a
000000039 RUNTIME_ONLY neutral retire case=00221 pc=0x800071b0 opcode=sw x4=0x80007197
000000040 RUNTIME_ONLY neutral retire case=00221 pc=0x800071b4 opcode=beq x5=0x8000719c
000000041 RUNTIME_ONLY neutral retire case=00221 pc=0x800071b8 opcode=csrrw x6=0x80007191
000000042 RUNTIME_ONLY neutral retire case=00221 pc=0x800071bc opcode=xor x7=0x80007196
000000043 RUNTIME_ONLY neutral retire case=00221 pc=0x800071c0 opcode=addi x8=0x800071eb
000000044 RUNTIME_ONLY neutral retire case=00221 pc=0x800071c4 opcode=lw x9=0x800071e8
000000045 RUNTIME_ONLY neutral retire case=00221 pc=0x800071c8 opcode=sw x10=0x800071e5
000000046 RUNTIME_ONLY neutral retire case=00221 pc=0x800071cc opcode=beq x11=0x800071e2
000000047 RUNTIME_ONLY neutral retire case=00221 pc=0x800071d0 opcode=csrrw x12=0x800071ff
000000048 RUNTIME_ONLY neutral retire case=00221 pc=0x800071d4 opcode=xor x13=0x800071e4
000000049 RUNTIME_ONLY neutral retire case=00221 pc=0x800071d8 opcode=addi x14=0x800071e9
000000050 RUNTIME_ONLY neutral retire case=00221 pc=0x800071dc opcode=lw x15=0x800071ee
000000051 RUNTIME_ONLY neutral retire case=00221 pc=0x800071e0 opcode=sw x16=0x800071d3
000000052 RUNTIME_ONLY neutral retire case=00221 pc=0x800071e4 opcode=beq x17=0x800071d0
000000053 RUNTIME_ONLY neutral retire case=00221 pc=0x800071e8 opcode=csrrw x18=0x800071dd
000000054 RUNTIME_ONLY neutral retire case=00221 pc=0x800071ec opcode=xor x19=0x800071da
000000055 RUNTIME_ONLY neutral retire case=00221 pc=0x800071f0 opcode=addi x20=0x800071c7
000000056 RUNTIME_ONLY neutral retire case=00221 pc=0x800071f4 opcode=lw x21=0x800071cc
000000057 RUNTIME_ONLY neutral retire case=00221 pc=0x800071f8 opcode=sw x22=0x800071c1
000000058 RUNTIME_ONLY neutral retire case=00221 pc=0x800071fc opcode=beq x23=0x800071c6
000000059 RUNTIME_ONLY neutral retire case=00221 pc=0x80007200 opcode=csrrw x24=0x8000723b
000000060 RUNTIME_ONLY neutral retire case=00221 pc=0x80007204 opcode=xor x25=0x80007238
000000061 RUNTIME_ONLY neutral retire case=00221 pc=0x80007208 opcode=addi x26=0x80007235
000000062 RUNTIME_ONLY neutral retire case=00221 pc=0x8000720c opcode=lw x27=0x80007232
000000063 RUNTIME_ONLY neutral retire case=00221 pc=0x80007210 opcode=sw x28=0x8000722f
000000064 RUNTIME_ONLY neutral retire case=00221 pc=0x80007214 opcode=beq x29=0x80007254
000000065 RUNTIME_ONLY neutral retire case=00221 pc=0x80007218 opcode=csrrw x30=0x80007259
000000066 RUNTIME_ONLY neutral retire case=00221 pc=0x8000721c opcode=xor x31=0x8000725e
000000067 RUNTIME_ONLY neutral retire case=00221 pc=0x80007220 opcode=addi x0=0x80007263
000000068 RUNTIME_ONLY neutral retire case=00221 pc=0x80007224 opcode=lw x1=0x80007260
000000069 RUNTIME_ONLY neutral retire case=00221 pc=0x80007228 opcode=sw x2=0x8000726d
000000070 RUNTIME_ONLY neutral retire case=00221 pc=0x8000722c opcode=beq x3=0x8000726a
000000071 RUNTIME_ONLY neutral retire case=00221 pc=0x80007230 opcode=csrrw x4=0x80007277
000000072 RUNTIME_ONLY neutral retire case=00221 pc=0x80007234 opcode=xor x5=0x8000727c
000000073 RUNTIME_ONLY neutral retire case=00221 pc=0x80007238 opcode=addi x6=0x80007271
000000074 RUNTIME_ONLY neutral retire case=00221 pc=0x8000723c opcode=lw x7=0x80007276
000000075 RUNTIME_ONLY neutral retire case=00221 pc=0x80007240 opcode=sw x8=0x8000720b
