UVM_FATAL /runtime_only_unique_aads.sv(1) @ 1: runtime_only_unique_failure_aads normalization resistant timing marker
RUNTIME_ONLY_CASE=123 SOURCE_A=benchmark_set_2:20
riscv_multiple_interrupt_test.0 : [FAILED]
RUNTIME_ONLY_COMBINE SOURCE_B=benchmark_set_2:3
spike[653] : pc[ffffffff80000ab8] div ra, zero, a1: ra:00000000
[FAILED]: 647 matched, 34055 mismatch
000000000 RUNTIME_ONLY neutral retire case=00123 pc=0x80003ef0 opcode=beq x27=0x80003ef0
000000001 RUNTIME_ONLY neutral retire case=00123 pc=0x80003ef4 opcode=csrrw x28=0x80003ef5
000000002 RUNTIME_ONLY neutral retire case=00123 pc=0x80003ef8 opcode=xor x29=0x80003efa
000000003 RUNTIME_ONLY neutral retire case=00123 pc=0x80003efc opcode=addi x30=0x80003eff
000000004 RUNTIME_ONLY neutral retire case=00123 pc=0x80003f00 opcode=lw x31=0x80003f04
000000005 RUNTIME_ONLY neutral retire case=00123 pc=0x80003f04 opcode=sw x0=0x80003f01
000000006 RUNTIME_ONLY neutral retire case=00123 pc=0x80003f08 opcode=beq x1=0x80003f0e
000000007 RUNTIME_ONLY neutral retire case=00123 pc=0x80003f0c opcode=csrrw x2=0x80003f0b
000000008 RUNTIME_ONLY neutral retire case=00123 pc=0x80003f10 opcode=xor x3=0x80003f18
000000009 RUNTIME_ONLY neutral retire case=00123 pc=0x80003f14 opcode=addi x4=0x80003f1d
000000010 RUNTIME_ONLY neutral retire case=00123 pc=0x80003f18 opcode=lw x5=0x80003f12
000000011 RUNTIME_ONLY neutral retire case=00123 pc=0x80003f1c opcode=sw x6=0x80003f17
000000012 RUNTIME_ONLY neutral retire case=00123 pc=0x80003f20 opcode=beq x7=0x80003f2c
000000013 RUNTIME_ONLY neutral retire case=00123 pc=0x80003f24 opcode=csrrw x8=0x80003f29
000000014 RUNTIME_ONLY neutral retire case=00123 pc=0x80003f28 opcode=xor x9=0x80003f26
000000015 RUNTIME_ONLY neutral retire case=00123 pc=0x80003f2c opcode=addi x10=0x80003f23
000000016 RUNTIME_ONLY neutral retire case=00123 pc=0x80003f30 opcode=lw x11=0x80003f20
000000017 RUNTIME_ONLY neutral retire case=00123 pc=0x80003f34 opcode=sw x12=0x80003f25
000000018 RUNTIME_ONLY neutral retire case=00123 pc=0x80003f38 opcode=beq x13=0x80003f2a
000000019 RUNTIME_ONLY neutral retire case=00123 pc=0x80003f3c opcode=csrrw x14=0x80003f2f
000000020 RUNTIME_ONLY neutral retire case=00123 pc=0x80003f40 opcode=xor x15=0x80003f54
000000021 RUNTIME_ONLY neutral retire case=00123 pc=0x80003f44 opcode=addi x16=0x80003f51
000000022 RUNTIME_ONLY neutral retire case=00123 pc=0x80003f48 opcode=lw x17=0x80003f5e
000000023 RUNTIME_ONLY neutral retire case=00123 pc=0x80003f4c opcode=sw x18=0x80003f5b
000000024 RUNTIME_ONLY neutral retire case=00123 pc=0x80003f50 opcode=beq x19=0x80003f48
000000025 RUNTIME_ONLY neutral retire case=00123 pc=0x80003f54 opcode=csrrw x20=0x80003f4d
000000026 RUNTIME_ONLY neutral retire case=00123 pc=0x80003f58 opcode=xor x21=0x80003f42
000000027 RUNTIME_ONLY neutral retire case=00123 pc=0x80003f5c opcode=addi x22=0x80003f47
000000028 RUNTIME_ONLY neutral retire case=00123 pc=0x80003f60 opcode=lw x23=0x80003f7c
000000029 RUNTIME_ONLY neutral retire case=00123 pc=0x80003f64 opcode=sw x24=0x80003f79
000000030 RUNTIME_ONLY neutral retire case=00123 pc=0x80003f68 opcode=beq x25=0x80003f76
000000031 RUNTIME_ONLY neutral retire case=00123 pc=0x80003f6c opcode=csrrw x26=0x80003f73
000000032 RUNTIME_ONLY neutral retire case=00123 pc=0x80003f70 opcode=xor x27=0x80003f50
000000033 RUNTIME_ONLY neutral retire case=00123 pc=0x80003f74 opcode=addi x28=0x80003f55
000000034 RUNTIME_ONLY neutral retire case=00123 pc=0x80003f78 opcode=lw x29=0x80003f5a
000000035 RUNTIME_ONLY neutral retire case=00123 pc=0x80003f7c opcode=sw x30=0x80003f5f
000000036 RUNTIME_ONLY neutral retire case=00123 pc=0x80003f80 opcode=beq x31=0x80003fa4
000000037 RUNTIME_ONLY neutral retire case=00123 pc=0x80003f84 opcode=csrrw x0=0x80003fa1
000000038 RUNTIME_ONLY neutral retire case=00123 pc=0x80003f88 opcode=xor x1=0x80003fae
000000039 RUNTIME_ONLY neutral retire case=00123 pc=0x80003f8c opcode=addi x2=0x80003fab
000000040 RUNTIME_ONLY neutral retire case=00123 pc=0x80003f90 opcode=lw x3=0x80003fb8
000000041 RUNTIME_ONLY neutral retire case=00123 pc=0x80003f94 opcode=sw x4=0x80003fbd
000000042 RUNTIME_ONLY neutral retire case=00123 pc=0x80003f98 opcode=beq x5=0x80003fb2
000000043 RUNTIME_ONLY neutral retire case=00123 pc=0x80003f9c opcode=csrrw x6=0x80003fb7
000000044 RUNTIME_ONLY neutral retire case=00123 pc=0x80003fa0 opcode=xor x7=0x80003f8c
000000045 RUNTIME_ONLY neutral retire case=00123 pc=0x80003fa4 opcode=addi x8=0x80003f89
000000046 RUNTIME_ONLY neutral retire case=00123 pc=0x80003fa8 opcode=lw x9=0x80003f86
000000047 RUNTIME_ONLY neutral retire case=00123 pc=0x80003fac opcode=sw x10=0x80003f83
000000048 RUNTIME_ONLY neutral retire case=00123 pc=0x80003fb0 opcode=beq x11=0x80003f80
000000049 RUNTIME_ONLY neutral retire case=00123 pc=0x80003fb4 opcode=csrrw x12=0x80003f85
000000050 RUNTIME_ONLY neutral retire case=00123 pc=0x80003fb8 opcode=xor x13=0x80003f8a
000000051 RUNTIME_ONLY neutral retire case=00123 pc=0x80003fbc opcode=addi x14=0x80003f8f
000000052 RUNTIME_ONLY neutral retire case=00123 pc=0x80003fc0 opcode=lw x15=0x80003ff4
000000053 RUNTIME_ONLY neutral retire case=00123 pc=0x80003fc4 opcode=sw x16=0x80003ff1
000000054 RUNTIME_ONLY neutral retire case=00123 pc=0x80003fc8 opcode=beq x17=0x80003ffe
000000055 RUNTIME_ONLY neutral retire case=00123 pc=0x80003fcc opcode=csrrw x18=0x80003ffb
000000056 RUNTIME_ONLY neutral retire case=00123 pc=0x80003fd0 opcode=xor x19=0x80003fe8
000000057 RUNTIME_ONLY neutral retire case=00123 pc=0x80003fd4 opcode=addi x20=0x80003fed
000000058 RUNTIME_ONLY neutral retire case=00123 pc=0x80003fd8 opcode=lw x21=0x80003fe2
000000059 RUNTIME_ONLY neutral retire case=00123 pc=0x80003fdc opcode=sw x22=0x80003fe7
000000060 RUNTIME_ONLY neutral retire case=00123 pc=0x80003fe0 opcode=beq x23=0x80003fdc
000000061 RUNTIME_ONLY neutral retire case=00123 pc=0x80003fe4 opcode=csrrw x24=0x80003fd9
000000062 RUNTIME_ONLY neutral retire case=00123 pc=0x80003fe8 opcode=xor x25=0x80003fd6
000000063 RUNTIME_ONLY neutral retire case=00123 pc=0x80003fec opcode=addi x26=0x80003fd3
000000064 RUNTIME_ONLY neutral retire case=00123 pc=0x80003ff0 opcode=lw x27=0x80003fb0
000000065 RUNTIME_ONLY neutral retire case=00123 pc=0x80003ff4 opcode=sw x28=0x80003fb5
000000066 RUNTIME_ONLY neutral retire case=00123 pc=0x80003ff8 opcode=beq x29=0x80003fba
000000067 RUNTIME_ONLY neutral retire case=00123 pc=0x80003ffc opcode=csrrw x30=0x80003fbf
000000068 RUNTIME_ONLY neutral retire case=00123 pc=0x80004000 opcode=xor x31=0x80004044
000000069 RUNTIME_ONLY neutral retire case=00123 pc=0x80004004 opcode=addi x0=0x80004041
000000070 RUNTIME_ONLY neutral retire case=00123 pc=0x80004008 opcode=lw x1=0x8000404e
000000071 RUNTIME_ONLY neutral retire case=00123 pc=0x8000400c opcode=sw x2=0x8000404b
000000072 RUNTIME_ONLY neutral retire case=00123 pc=0x80004010 opcode=beq x3=0x80004058
000000073 RUNTIME_ONLY neutral retire case=00123 pc=0x80004014 opcode=csrrw x4=0x8000405d
000000074 RUNTIME_ONLY neutral retire case=00123 pc=0x80004018 opcode=xor x5=0x80004052
