UVM_FATAL /runtime_only_unique_aahr.sv(1) @ 1: runtime_only_unique_failure_aahr normalization resistant timing marker
RUNTIME_ONLY_CASE=226 SOURCE_A=benchmark_set_1:2
Mismatch[1]:
ibex[88] : pc[8000f8e0] addi x5,x5,-124: t0:80022da0
RUNTIME_ONLY_COMBINE SOURCE_B=benchmark_set_2:20
riscv_multiple_interrupt_test.0 : [FAILED]
000000000 RUNTIME_ONLY neutral retire case=00226 pc=0x800073a4 opcode=csrrw x2=0x800073a4
000000001 RUNTIME_ONLY neutral retire case=00226 pc=0x800073a8 opcode=xor x3=0x800073a9
000000002 RUNTIME_ONLY neutral retire case=00226 pc=0x800073ac opcode=addi x4=0x800073ae
000000003 RUNTIME_ONLY neutral retire case=00226 pc=0x800073b0 opcode=lw x5=0x800073b3
000000004 RUNTIME_ONLY neutral retire case=00226 pc=0x800073b4 opcode=sw x6=0x800073b0
000000005 RUNTIME_ONLY neutral retire case=00226 pc=0x800073b8 opcode=beq x7=0x800073bd
000000006 RUNTIME_ONLY neutral retire case=00226 pc=0x800073bc opcode=csrrw x8=0x800073ba
000000007 RUNTIME_ONLY neutral retire case=00226 pc=0x800073c0 opcode=xor x9=0x800073c7
000000008 RUNTIME_ONLY neutral retire case=00226 pc=0x800073c4 opcode=addi x10=0x800073cc
000000009 RUNTIME_ONLY neutral retire case=00226 pc=0x800073c8 opcode=lw x11=0x800073c1
000000010 RUNTIME_ONLY neutral retire case=00226 pc=0x800073cc opcode=sw x12=0x800073c6
000000011 RUNTIME_ONLY neutral retire case=00226 pc=0x800073d0 opcode=beq x13=0x800073db
000000012 RUNTIME_ONLY neutral retire case=00226 pc=0x800073d4 opcode=csrrw x14=0x800073d8
000000013 RUNTIME_ONLY neutral retire case=00226 pc=0x800073d8 opcode=xor x15=0x800073d5
000000014 RUNTIME_ONLY neutral retire case=00226 pc=0x800073dc opcode=addi x16=0x800073d2
000000015 RUNTIME_ONLY neutral retire case=00226 pc=0x800073e0 opcode=lw x17=0x800073ef
000000016 RUNTIME_ONLY neutral retire case=00226 pc=0x800073e4 opcode=sw x18=0x800073f4
000000017 RUNTIME_ONLY neutral retire case=00226 pc=0x800073e8 opcode=beq x19=0x800073f9
000000018 RUNTIME_ONLY neutral retire case=00226 pc=0x800073ec opcode=csrrw x20=0x800073fe
000000019 RUNTIME_ONLY neutral retire case=00226 pc=0x800073f0 opcode=xor x21=0x800073e3
000000020 RUNTIME_ONLY neutral retire case=00226 pc=0x800073f4 opcode=addi x22=0x800073e0
000000021 RUNTIME_ONLY neutral retire case=00226 pc=0x800073f8 opcode=lw x23=0x800073ed
000000022 RUNTIME_ONLY neutral retire case=00226 pc=0x800073fc opcode=sw x24=0x800073ea
000000023 RUNTIME_ONLY neutral retire case=00226 pc=0x80007400 opcode=beq x25=0x80007417
000000024 RUNTIME_ONLY neutral retire case=00226 pc=0x80007404 opcode=csrrw x26=0x8000741c
000000025 RUNTIME_ONLY neutral retire case=00226 pc=0x80007408 opcode=xor x27=0x80007411
000000026 RUNTIME_ONLY neutral retire case=00226 pc=0x8000740c opcode=addi x28=0x80007416
000000027 RUNTIME_ONLY neutral retire case=00226 pc=0x80007410 opcode=lw x29=0x8000740b
000000028 RUNTIME_ONLY neutral retire case=00226 pc=0x80007414 opcode=sw x30=0x80007408
000000029 RUNTIME_ONLY neutral retire case=00226 pc=0x80007418 opcode=beq x31=0x80007405
000000030 RUNTIME_ONLY neutral retire case=00226 pc=0x8000741c opcode=csrrw x0=0x80007402
000000031 RUNTIME_ONLY neutral retire case=00226 pc=0x80007420 opcode=xor x1=0x8000743f
000000032 RUNTIME_ONLY neutral retire case=00226 pc=0x80007424 opcode=addi x2=0x80007404
000000033 RUNTIME_ONLY neutral retire case=00226 pc=0x80007428 opcode=lw x3=0x80007409
000000034 RUNTIME_ONLY neutral retire case=00226 pc=0x8000742c opcode=sw x4=0x8000740e
000000035 RUNTIME_ONLY neutral retire case=00226 pc=0x80007430 opcode=beq x5=0x80007413
000000036 RUNTIME_ONLY neutral retire case=00226 pc=0x80007434 opcode=csrrw x6=0x80007410
000000037 RUNTIME_ONLY neutral retire case=00226 pc=0x80007438 opcode=xor x7=0x8000741d
000000038 RUNTIME_ONLY neutral retire case=00226 pc=0x8000743c opcode=addi x8=0x8000741a
000000039 RUNTIME_ONLY neutral retire case=00226 pc=0x80007440 opcode=lw x9=0x80007467
000000040 RUNTIME_ONLY neutral retire case=00226 pc=0x80007444 opcode=sw x10=0x8000746c
000000041 RUNTIME_ONLY neutral retire case=00226 pc=0x80007448 opcode=beq x11=0x80007461
000000042 RUNTIME_ONLY neutral retire case=00226 pc=0x8000744c opcode=csrrw x12=0x80007466
000000043 RUNTIME_ONLY neutral retire case=00226 pc=0x80007450 opcode=xor x13=0x8000747b
000000044 RUNTIME_ONLY neutral retire case=00226 pc=0x80007454 opcode=addi x14=0x80007478
000000045 RUNTIME_ONLY neutral retire case=00226 pc=0x80007458 opcode=lw x15=0x80007475
000000046 RUNTIME_ONLY neutral retire case=00226 pc=0x8000745c opcode=sw x16=0x80007472
000000047 RUNTIME_ONLY neutral retire case=00226 pc=0x80007460 opcode=beq x17=0x8000744f
000000048 RUNTIME_ONLY neutral retire case=00226 pc=0x80007464 opcode=csrrw x18=0x80007454
000000049 RUNTIME_ONLY neutral retire case=00226 pc=0x80007468 opcode=xor x19=0x80007459
000000050 RUNTIME_ONLY neutral retire case=00226 pc=0x8000746c opcode=addi x20=0x8000745e
000000051 RUNTIME_ONLY neutral retire case=00226 pc=0x80007470 opcode=lw x21=0x80007443
000000052 RUNTIME_ONLY neutral retire case=00226 pc=0x80007474 opcode=sw x22=0x80007440
000000053 RUNTIME_ONLY neutral retire case=00226 pc=0x80007478 opcode=beq x23=0x8000744d
000000054 RUNTIME_ONLY neutral retire case=00226 pc=0x8000747c opcode=csrrw x24=0x8000744a
000000055 RUNTIME_ONLY neutral retire case=00226 pc=0x80007480 opcode=xor x25=0x800074b7
000000056 RUNTIME_ONLY neutral retire case=00226 pc=0x80007484 opcode=addi x26=0x800074bc
000000057 RUNTIME_ONLY neutral retire case=00226 pc=0x80007488 opcode=lw x27=0x800074b1
000000058 RUNTIME_ONLY neutral retire case=00226 pc=0x8000748c opcode=sw x28=0x800074b6
000000059 RUNTIME_ONLY neutral retire case=00226 pc=0x80007490 opcode=beq x29=0x800074ab
000000060 RUNTIME_ONLY neutral retire case=00226 pc=0x80007494 opcode=csrrw x30=0x800074a8
000000061 RUNTIME_ONLY neutral retire case=00226 pc=0x80007498 opcode=xor x31=0x800074a5
000000062 RUNTIME_ONLY neutral retire case=00226 pc=0x8000749c opcode=addi x0=0x800074a2
000000063 RUNTIME_ONLY neutral retire case=00226 pc=0x800074a0 opcode=lw x1=0x8000749f
000000064 RUNTIME_ONLY neutral retire case=00226 pc=0x800074a4 opcode=sw x2=0x800074e4
000000065 RUNTIME_ONLY neutral retire case=00226 pc=0x800074a8 opcode=beq x3=0x800074e9
000000066 RUNTIME_ONLY neutral retire case=00226 pc=0x800074ac opcode=csrrw x4=0x800074ee
000000067 RUNTIME_ONLY neutral retire case=00226 pc=0x800074b0 opcode=xor x5=0x800074f3
000000068 RUNTIME_ONLY neutral retire case=00226 pc=0x800074b4 opcode=addi x6=0x800074f0
000000069 RUNTIME_ONLY neutral retire case=00226 pc=0x800074b8 opcode=lw x7=0x800074fd
000000070 RUNTIME_ONLY neutral retire case=00226 pc=0x800074bc opcode=sw x8=0x800074fa
000000071 RUNTIME_ONLY neutral retire case=00226 pc=0x800074c0 opcode=beq x9=0x80007487
000000072 RUNTIME_ONLY neutral retire case=00226 pc=0x800074c4 opcode=csrrw x10=0x8000748c
000000073 RUNTIME_ONLY neutral retire case=00226 pc=0x800074c8 opcode=xor x11=0x80007481
000000074 RUNTIME_ONLY neutral retire case=00226 pc=0x800074cc opcode=addi x12=0x80007486
