0.00% PASS 0 PASSED, 1 FAILED
riscv_debug_basic_test.5651: FAILED


################################################################################
# Details of failing tests
################################################################################

riscv_debug_basic_test.5651
---------------------------
binary:          test.bin
rtl_log:         rtl_sim.log
rtl_trace:       trace_core_00000000.log
iss_cosim_trace: spike_cosim_trace_core_00000000.log

[FAILED]: error seen in 'rtl_sim.log'
---------------*LOG-EXTRACT*----------------
    70: UVM_INFO /workspace/ibex/dv/uvm/core_ibex/common/ibex_mem_intf_agent/ibex_mem_intf_response_seq_lib.sv(44) @ 2027: uvm_test_top.env.instr_if_response_agent.sequencer@@instr_intf_seq [uvm_test_top.env.instr_if_response_agent.sequencer.instr_intf_seq] is_dmem_seq: 0x0
    71: UVM_INFO /workspace/ibex/dv/uvm/core_ibex/common/ibex_mem_intf_agent/ibex_mem_intf_response_seq_lib.sv(44) @ 2027: uvm_test_top.env.data_if_response_agent.sequencer@@data_intf_seq [uvm_test_top.env.data_if_response_agent.sequencer.data_intf_seq] is_dmem_seq: 0x1
    72: UVM_INFO /workspace/ibex/dv/uvm/core_ibex/tests/core_ibex_new_seq_lib.sv(65) @ 2027: reporter@@fetch_enable_seq_h [fetch_enable_seq_h] Running the "InfiniteRuns" schedule for stimulus generation
    73: core_ibex_tb_top.dut.u_ibex_tracer.unmblk2.unmblk1: Writing execution trace to /workspace/ibex/dv/uvm/out/run/tests/riscv_debug_basic_test.5651/trace_core_00000000.log
    74: UVM_INFO /workspace/ibex/dv/uvm/core_ibex/tests/core_ibex_seq_lib.sv(46) @ 47427: reporter@@debug_seq_stress_h [debug_seq_stress_h] Starting sequence...
[E] 75: UVM_FATAL /workspace/ibex/dv/uvm/core_ibex/common/ibex_cosim_agent/ibex_cosim_scoreboard.sv(172) @ 47547: uvm_test_top.env.cosim_agent.scoreboard [uvm_test_top.env.cosim_agent.scoreboard] Cosim mismatch PC mismatch, DUT retired : 800032be , but the ISS retired: 80000000
    76: 
    77: 
    78: --- RISC-V UVM TEST FAILED ---
    79: 
--------------------------------------------



################################################################################
# Details of passing tests
################################################################################
No passing tests. Hmmmm...
