UVM_FATAL /runtime_only_unique_aahf.sv(1) @ 1: runtime_only_unique_failure_aahf normalization resistant timing marker
RUNTIME_ONLY_CASE=214 SOURCE_A=benchmark_set_2:15
Mismatch[1]:
ibex[425] : pc[80001b38] mulhsu x30,x6,x11: t5:00000000
RUNTIME_ONLY_COMBINE SOURCE_B=benchmark_set_1:7
riscv_csr_test.0 : [FAILED]
000000000 RUNTIME_ONLY neutral retire case=00214 pc=0x80006d80 opcode=csrrw x22=0x80006d80
000000001 RUNTIME_ONLY neutral retire case=00214 pc=0x80006d84 opcode=xor x23=0x80006d85
000000002 RUNTIME_ONLY neutral retire case=00214 pc=0x80006d88 opcode=addi x24=0x80006d8a
000000003 RUNTIME_ONLY neutral retire case=00214 pc=0x80006d8c opcode=lw x25=0x80006d8f
000000004 RUNTIME_ONLY neutral retire case=00214 pc=0x80006d90 opcode=sw x26=0x80006d94
000000005 RUNTIME_ONLY neutral retire case=00214 pc=0x80006d94 opcode=beq x27=0x80006d91
000000006 RUNTIME_ONLY neutral retire case=00214 pc=0x80006d98 opcode=csrrw x28=0x80006d9e
000000007 RUNTIME_ONLY neutral retire case=00214 pc=0x80006d9c opcode=xor x29=0x80006d9b
000000008 RUNTIME_ONLY neutral retire case=00214 pc=0x80006da0 opcode=addi x30=0x80006da8
000000009 RUNTIME_ONLY neutral retire case=00214 pc=0x80006da4 opcode=lw x31=0x80006dad
000000010 RUNTIME_ONLY neutral retire case=00214 pc=0x80006da8 opcode=sw x0=0x80006da2
000000011 RUNTIME_ONLY neutral retire case=00214 pc=0x80006dac opcode=beq x1=0x80006da7
000000012 RUNTIME_ONLY neutral retire case=00214 pc=0x80006db0 opcode=csrrw x2=0x80006dbc
000000013 RUNTIME_ONLY neutral retire case=00214 pc=0x80006db4 opcode=xor x3=0x80006db9
000000014 RUNTIME_ONLY neutral retire case=00214 pc=0x80006db8 opcode=addi x4=0x80006db6
000000015 RUNTIME_ONLY neutral retire case=00214 pc=0x80006dbc opcode=lw x5=0x80006db3
000000016 RUNTIME_ONLY neutral retire case=00214 pc=0x80006dc0 opcode=sw x6=0x80006dd0
000000017 RUNTIME_ONLY neutral retire case=00214 pc=0x80006dc4 opcode=beq x7=0x80006dd5
000000018 RUNTIME_ONLY neutral retire case=00214 pc=0x80006dc8 opcode=csrrw x8=0x80006dda
000000019 RUNTIME_ONLY neutral retire case=00214 pc=0x80006dcc opcode=xor x9=0x80006ddf
000000020 RUNTIME_ONLY neutral retire case=00214 pc=0x80006dd0 opcode=addi x10=0x80006dc4
000000021 RUNTIME_ONLY neutral retire case=00214 pc=0x80006dd4 opcode=lw x11=0x80006dc1
000000022 RUNTIME_ONLY neutral retire case=00214 pc=0x80006dd8 opcode=sw x12=0x80006dce
000000023 RUNTIME_ONLY neutral retire case=00214 pc=0x80006ddc opcode=beq x13=0x80006dcb
000000024 RUNTIME_ONLY neutral retire case=00214 pc=0x80006de0 opcode=csrrw x14=0x80006df8
000000025 RUNTIME_ONLY neutral retire case=00214 pc=0x80006de4 opcode=xor x15=0x80006dfd
000000026 RUNTIME_ONLY neutral retire case=00214 pc=0x80006de8 opcode=addi x16=0x80006df2
000000027 RUNTIME_ONLY neutral retire case=00214 pc=0x80006dec opcode=lw x17=0x80006df7
000000028 RUNTIME_ONLY neutral retire case=00214 pc=0x80006df0 opcode=sw x18=0x80006dec
000000029 RUNTIME_ONLY neutral retire case=00214 pc=0x80006df4 opcode=beq x19=0x80006de9
000000030 RUNTIME_ONLY neutral retire case=00214 pc=0x80006df8 opcode=csrrw x20=0x80006de6
000000031 RUNTIME_ONLY neutral retire case=00214 pc=0x80006dfc opcode=xor x21=0x80006de3
000000032 RUNTIME_ONLY neutral retire case=00214 pc=0x80006e00 opcode=addi x22=0x80006e20
000000033 RUNTIME_ONLY neutral retire case=00214 pc=0x80006e04 opcode=lw x23=0x80006e25
000000034 RUNTIME_ONLY neutral retire case=00214 pc=0x80006e08 opcode=sw x24=0x80006e2a
000000035 RUNTIME_ONLY neutral retire case=00214 pc=0x80006e0c opcode=beq x25=0x80006e2f
000000036 RUNTIME_ONLY neutral retire case=00214 pc=0x80006e10 opcode=csrrw x26=0x80006e34
000000037 RUNTIME_ONLY neutral retire case=00214 pc=0x80006e14 opcode=xor x27=0x80006e31
000000038 RUNTIME_ONLY neutral retire case=00214 pc=0x80006e18 opcode=addi x28=0x80006e3e
000000039 RUNTIME_ONLY neutral retire case=00214 pc=0x80006e1c opcode=lw x29=0x80006e3b
000000040 RUNTIME_ONLY neutral retire case=00214 pc=0x80006e20 opcode=sw x30=0x80006e08
000000041 RUNTIME_ONLY neutral retire case=00214 pc=0x80006e24 opcode=beq x31=0x80006e0d
000000042 RUNTIME_ONLY neutral retire case=00214 pc=0x80006e28 opcode=csrrw x0=0x80006e02
000000043 RUNTIME_ONLY neutral retire case=00214 pc=0x80006e2c opcode=xor x1=0x80006e07
000000044 RUNTIME_ONLY neutral retire case=00214 pc=0x80006e30 opcode=addi x2=0x80006e1c
000000045 RUNTIME_ONLY neutral retire case=00214 pc=0x80006e34 opcode=lw x3=0x80006e19
000000046 RUNTIME_ONLY neutral retire case=00214 pc=0x80006e38 opcode=sw x4=0x80006e16
000000047 RUNTIME_ONLY neutral retire case=00214 pc=0x80006e3c opcode=beq x5=0x80006e13
000000048 RUNTIME_ONLY neutral retire case=00214 pc=0x80006e40 opcode=csrrw x6=0x80006e70
000000049 RUNTIME_ONLY neutral retire case=00214 pc=0x80006e44 opcode=xor x7=0x80006e75
000000050 RUNTIME_ONLY neutral retire case=00214 pc=0x80006e48 opcode=addi x8=0x80006e7a
000000051 RUNTIME_ONLY neutral retire case=00214 pc=0x80006e4c opcode=lw x9=0x80006e7f
000000052 RUNTIME_ONLY neutral retire case=00214 pc=0x80006e50 opcode=sw x10=0x80006e64
000000053 RUNTIME_ONLY neutral retire case=00214 pc=0x80006e54 opcode=beq x11=0x80006e61
000000054 RUNTIME_ONLY neutral retire case=00214 pc=0x80006e58 opcode=csrrw x12=0x80006e6e
000000055 RUNTIME_ONLY neutral retire case=00214 pc=0x80006e5c opcode=xor x13=0x80006e6b
000000056 RUNTIME_ONLY neutral retire case=00214 pc=0x80006e60 opcode=addi x14=0x80006e58
000000057 RUNTIME_ONLY neutral retire case=00214 pc=0x80006e64 opcode=lw x15=0x80006e5d
000000058 RUNTIME_ONLY neutral retire case=00214 pc=0x80006e68 opcode=sw x16=0x80006e52
000000059 RUNTIME_ONLY neutral retire case=00214 pc=0x80006e6c opcode=beq x17=0x80006e57
000000060 RUNTIME_ONLY neutral retire case=00214 pc=0x80006e70 opcode=csrrw x18=0x80006e4c
000000061 RUNTIME_ONLY neutral retire case=00214 pc=0x80006e74 opcode=xor x19=0x80006e49
000000062 RUNTIME_ONLY neutral retire case=00214 pc=0x80006e78 opcode=addi x20=0x80006e46
000000063 RUNTIME_ONLY neutral retire case=00214 pc=0x80006e7c opcode=lw x21=0x80006e43
000000064 RUNTIME_ONLY neutral retire case=00214 pc=0x80006e80 opcode=sw x22=0x80006ec0
000000065 RUNTIME_ONLY neutral retire case=00214 pc=0x80006e84 opcode=beq x23=0x80006ec5
000000066 RUNTIME_ONLY neutral retire case=00214 pc=0x80006e88 opcode=csrrw x24=0x80006eca
000000067 RUNTIME_ONLY neutral retire case=00214 pc=0x80006e8c opcode=xor x25=0x80006ecf
000000068 RUNTIME_ONLY neutral retire case=00214 pc=0x80006e90 opcode=addi x26=0x80006ed4
000000069 RUNTIME_ONLY neutral retire case=00214 pc=0x80006e94 opcode=lw x27=0x80006ed1
000000070 RUNTIME_ONLY neutral retire case=00214 pc=0x80006e98 opcode=sw x28=0x80006ede
000000071 RUNTIME_ONLY neutral retire case=00214 pc=0x80006e9c opcode=beq x29=0x80006edb
000000072 RUNTIME_ONLY neutral retire case=00214 pc=0x80006ea0 opcode=csrrw x30=0x80006ee8
000000073 RUNTIME_ONLY neutral retire case=00214 pc=0x80006ea4 opcode=xor x31=0x80006eed
