UVM_FATAL /runtime_only_unique_aamr.sv(1) @ 1: runtime_only_unique_failure_aamr normalization resistant timing marker
RUNTIME_ONLY_CASE=356 SOURCE_A=benchmark_set_1:4
riscv_debug_basic_test.0 : [FAILED]
RUNTIME_ONLY_COMBINE SOURCE_B=benchmark_set_2:5
spike[937] : pc[ffffffff80000ca2] c.mv s0, sp: s0:00000338
[FAILED]: 883 matched, 64810 mismatch
000000000 RUNTIME_ONLY neutral retire case=00356 pc=0x8000b62c opcode=sw x4=0x8000b62c
000000001 RUNTIME_ONLY neutral retire case=00356 pc=0x8000b630 opcode=beq x5=0x8000b631
000000002 RUNTIME_ONLY neutral retire case=00356 pc=0x8000b634 opcode=csrrw x6=0x8000b636
000000003 RUNTIME_ONLY neutral retire case=00356 pc=0x8000b638 opcode=xor x7=0x8000b63b
000000004 RUNTIME_ONLY neutral retire case=00356 pc=0x8000b63c opcode=addi x8=0x8000b638
000000005 RUNTIME_ONLY neutral retire case=00356 pc=0x8000b640 opcode=lw x9=0x8000b645
000000006 RUNTIME_ONLY neutral retire case=00356 pc=0x8000b644 opcode=sw x10=0x8000b642
000000007 RUNTIME_ONLY neutral retire case=00356 pc=0x8000b648 opcode=beq x11=0x8000b64f
000000008 RUNTIME_ONLY neutral retire case=00356 pc=0x8000b64c opcode=csrrw x12=0x8000b644
000000009 RUNTIME_ONLY neutral retire case=00356 pc=0x8000b650 opcode=xor x13=0x8000b659
000000010 RUNTIME_ONLY neutral retire case=00356 pc=0x8000b654 opcode=addi x14=0x8000b65e
000000011 RUNTIME_ONLY neutral retire case=00356 pc=0x8000b658 opcode=lw x15=0x8000b653
000000012 RUNTIME_ONLY neutral retire case=00356 pc=0x8000b65c opcode=sw x16=0x8000b650
000000013 RUNTIME_ONLY neutral retire case=00356 pc=0x8000b660 opcode=beq x17=0x8000b66d
000000014 RUNTIME_ONLY neutral retire case=00356 pc=0x8000b664 opcode=csrrw x18=0x8000b66a
000000015 RUNTIME_ONLY neutral retire case=00356 pc=0x8000b668 opcode=xor x19=0x8000b667
