UVM_FATAL /runtime_only_unique_aauk.sv(1) @ 1: runtime_only_unique_failure_aauk normalization resistant timing marker
RUNTIME_ONLY_CASE=557 SOURCE_A=benchmark_set_2:6
riscv_single_interrupt_test.0 : [FAILED]
RUNTIME_ONLY_COMBINE SOURCE_B=benchmark_set_2:4
riscv_single_interrupt_test.0 : [FAILED]
000000000 RUNTIME_ONLY neutral retire case=00557 pc=0x80011d04 opcode=xor x13=0x80011d04
000000001 RUNTIME_ONLY neutral retire case=00557 pc=0x80011d08 opcode=addi x14=0x80011d09
000000002 RUNTIME_ONLY neutral retire case=00557 pc=0x80011d0c opcode=lw x15=0x80011d0e
000000003 RUNTIME_ONLY neutral retire case=00557 pc=0x80011d10 opcode=sw x16=0x80011d13
000000004 RUNTIME_ONLY neutral retire case=00557 pc=0x80011d14 opcode=beq x17=0x80011d10
000000005 RUNTIME_ONLY neutral retire case=00557 pc=0x80011d18 opcode=csrrw x18=0x80011d1d
000000006 RUNTIME_ONLY neutral retire case=00557 pc=0x80011d1c opcode=xor x19=0x80011d1a
000000007 RUNTIME_ONLY neutral retire case=00557 pc=0x80011d20 opcode=addi x20=0x80011d27
000000008 RUNTIME_ONLY neutral retire case=00557 pc=0x80011d24 opcode=lw x21=0x80011d2c
000000009 RUNTIME_ONLY neutral retire case=00557 pc=0x80011d28 opcode=sw x22=0x80011d21
000000010 RUNTIME_ONLY neutral retire case=00557 pc=0x80011d2c opcode=beq x23=0x80011d26
000000011 RUNTIME_ONLY neutral retire case=00557 pc=0x80011d30 opcode=csrrw x24=0x80011d3b
000000012 RUNTIME_ONLY neutral retire case=00557 pc=0x80011d34 opcode=xor x25=0x80011d38
000000013 RUNTIME_ONLY neutral retire case=00557 pc=0x80011d38 opcode=addi x26=0x80011d35
000000014 RUNTIME_ONLY neutral retire case=00557 pc=0x80011d3c opcode=lw x27=0x80011d32
