UVM_FATAL /runtime_only_unique_aaec.sv(1) @ 1: runtime_only_unique_failure_aaec normalization resistant timing marker
RUNTIME_ONLY_CASE=809 SOURCE_A=benchmark_set_2:2
riscv_csr_test.0 : [FAILED]
RUNTIME_ONLY_COMBINE SOURCE_B=benchmark_set_2:8
riscv_debug_ebreakmu_test.0 : [FAILED]
000000000 RUNTIME_ONLY neutral retire case=00809 pc=0x80019df8 opcode=xor x9=0x80019df8
000000001 RUNTIME_ONLY neutral retire case=00809 pc=0x80019dfc opcode=addi x10=0x80019dfd
000000002 RUNTIME_ONLY neutral retire case=00809 pc=0x80019e00 opcode=lw x11=0x80019e02
000000003 RUNTIME_ONLY neutral retire case=00809 pc=0x80019e04 opcode=sw x12=0x80019e07
000000004 RUNTIME_ONLY neutral retire case=00809 pc=0x80019e08 opcode=beq x13=0x80019e0c
000000005 RUNTIME_ONLY neutral retire case=00809 pc=0x80019e0c opcode=csrrw x14=0x80019e09
000000006 RUNTIME_ONLY neutral retire case=00809 pc=0x80019e10 opcode=xor x15=0x80019e16
000000007 RUNTIME_ONLY neutral retire case=00809 pc=0x80019e14 opcode=addi x16=0x80019e13
000000008 RUNTIME_ONLY neutral retire case=00809 pc=0x80019e18 opcode=lw x17=0x80019e10
000000009 RUNTIME_ONLY neutral retire case=00809 pc=0x80019e1c opcode=sw x18=0x80019e15
000000010 RUNTIME_ONLY neutral retire case=00809 pc=0x80019e20 opcode=beq x19=0x80019e2a
000000011 RUNTIME_ONLY neutral retire case=00809 pc=0x80019e24 opcode=csrrw x20=0x80019e2f
000000012 RUNTIME_ONLY neutral retire case=00809 pc=0x80019e28 opcode=xor x21=0x80019e24
000000013 RUNTIME_ONLY neutral retire case=00809 pc=0x80019e2c opcode=addi x22=0x80019e21
000000014 RUNTIME_ONLY neutral retire case=00809 pc=0x80019e30 opcode=lw x23=0x80019e3e
000000015 RUNTIME_ONLY neutral retire case=00809 pc=0x80019e34 opcode=sw x24=0x80019e3b
