UVM_FATAL /runtime_only_unique_aaaz.sv(1) @ 1: runtime_only_unique_failure_aaaz normalization resistant timing marker
RUNTIME_ONLY_CASE=728 SOURCE_A=benchmark_set_2:17
Mismatch[1]:
ibex[79] : pc[8000021e] c.slli x20,0x4: s4:4b94f690
RUNTIME_ONLY_COMBINE SOURCE_B=benchmark_set_2:17
spike[79] : pc[ffffffff80000240] c.addi s9, 6: s9:00002006
[FAILED]: 77 matched, 4262 mismatch
000000000 RUNTIME_ONLY neutral retire case=00728 pc=0x80017488 opcode=sw x24=0x80017488
000000001 RUNTIME_ONLY neutral retire case=00728 pc=0x8001748c opcode=beq x25=0x8001748d
000000002 RUNTIME_ONLY neutral retire case=00728 pc=0x80017490 opcode=csrrw x26=0x80017492
000000003 RUNTIME_ONLY neutral retire case=00728 pc=0x80017494 opcode=xor x27=0x80017497
000000004 RUNTIME_ONLY neutral retire case=00728 pc=0x80017498 opcode=addi x28=0x8001749c
000000005 RUNTIME_ONLY neutral retire case=00728 pc=0x8001749c opcode=lw x29=0x80017499
000000006 RUNTIME_ONLY neutral retire case=00728 pc=0x800174a0 opcode=sw x30=0x800174a6
000000007 RUNTIME_ONLY neutral retire case=00728 pc=0x800174a4 opcode=beq x31=0x800174a3
000000008 RUNTIME_ONLY neutral retire case=00728 pc=0x800174a8 opcode=csrrw x0=0x800174a0
000000009 RUNTIME_ONLY neutral retire case=00728 pc=0x800174ac opcode=xor x1=0x800174a5
000000010 RUNTIME_ONLY neutral retire case=00728 pc=0x800174b0 opcode=addi x2=0x800174ba
000000011 RUNTIME_ONLY neutral retire case=00728 pc=0x800174b4 opcode=lw x3=0x800174bf
000000012 RUNTIME_ONLY neutral retire case=00728 pc=0x800174b8 opcode=sw x4=0x800174b4
000000013 RUNTIME_ONLY neutral retire case=00728 pc=0x800174bc opcode=beq x5=0x800174b1
000000014 RUNTIME_ONLY neutral retire case=00728 pc=0x800174c0 opcode=csrrw x6=0x800174ce
000000015 RUNTIME_ONLY neutral retire case=00728 pc=0x800174c4 opcode=xor x7=0x800174cb
000000016 RUNTIME_ONLY neutral retire case=00728 pc=0x800174c8 opcode=addi x8=0x800174d8
