UVM_FATAL /runtime_only_unique_aakm.sv(1) @ 1: runtime_only_unique_failure_aakm normalization resistant timing marker
RUNTIME_ONLY_CASE=975 SOURCE_A=benchmark_set_2:8
riscv_debug_ebreakmu_test.0 : [FAILED]
RUNTIME_ONLY_COMBINE SOURCE_B=benchmark_set_2:18
riscv_interrupt_csr_test.0 : [FAILED]
000000000 RUNTIME_ONLY neutral retire case=00975 pc=0x8001f2ec opcode=beq x15=0x8001f2ec
000000001 RUNTIME_ONLY neutral retire case=00975 pc=0x8001f2f0 opcode=csrrw x16=0x8001f2f1
000000002 RUNTIME_ONLY neutral retire case=00975 pc=0x8001f2f4 opcode=xor x17=0x8001f2f6
000000003 RUNTIME_ONLY neutral retire case=00975 pc=0x8001f2f8 opcode=addi x18=0x8001f2fb
000000004 RUNTIME_ONLY neutral retire case=00975 pc=0x8001f2fc opcode=lw x19=0x8001f2f8
000000005 RUNTIME_ONLY neutral retire case=00975 pc=0x8001f300 opcode=sw x20=0x8001f305
000000006 RUNTIME_ONLY neutral retire case=00975 pc=0x8001f304 opcode=beq x21=0x8001f302
000000007 RUNTIME_ONLY neutral retire case=00975 pc=0x8001f308 opcode=csrrw x22=0x8001f30f
000000008 RUNTIME_ONLY neutral retire case=00975 pc=0x8001f30c opcode=xor x23=0x8001f304
000000009 RUNTIME_ONLY neutral retire case=00975 pc=0x8001f310 opcode=addi x24=0x8001f319
000000010 RUNTIME_ONLY neutral retire case=00975 pc=0x8001f314 opcode=lw x25=0x8001f31e
000000011 RUNTIME_ONLY neutral retire case=00975 pc=0x8001f318 opcode=sw x26=0x8001f313
000000012 RUNTIME_ONLY neutral retire case=00975 pc=0x8001f31c opcode=beq x27=0x8001f310
000000013 RUNTIME_ONLY neutral retire case=00975 pc=0x8001f320 opcode=csrrw x28=0x8001f32d
000000014 RUNTIME_ONLY neutral retire case=00975 pc=0x8001f324 opcode=xor x29=0x8001f32a
000000015 RUNTIME_ONLY neutral retire case=00975 pc=0x8001f328 opcode=addi x30=0x8001f327
