UVM_FATAL /runtime_only_unique_aagk.sv(1) @ 1: runtime_only_unique_failure_aagk normalization resistant timing marker
RUNTIME_ONLY_CASE=193 SOURCE_A=benchmark_set_1:1
riscv_interrupt_csr_test.0 : [FAILED]
RUNTIME_ONLY_COMBINE SOURCE_B=benchmark_set_2:13
spike[151] : pc[ffffffff80010a1c] c.addi16sp sp, 400: sp:a019f190
[FAILED]: 453 matched, 16844 mismatch
000000000 RUNTIME_ONLY neutral retire case=00193 pc=0x800062c0 opcode=lw x1=0x800062c0
000000001 RUNTIME_ONLY neutral retire case=00193 pc=0x800062c4 opcode=sw x2=0x800062c5
000000002 RUNTIME_ONLY neutral retire case=00193 pc=0x800062c8 opcode=beq x3=0x800062ca
000000003 RUNTIME_ONLY neutral retire case=00193 pc=0x800062cc opcode=csrrw x4=0x800062cf
000000004 RUNTIME_ONLY neutral retire case=00193 pc=0x800062d0 opcode=xor x5=0x800062d4
000000005 RUNTIME_ONLY neutral retire case=00193 pc=0x800062d4 opcode=addi x6=0x800062d1
000000006 RUNTIME_ONLY neutral retire case=00193 pc=0x800062d8 opcode=lw x7=0x800062de
000000007 RUNTIME_ONLY neutral retire case=00193 pc=0x800062dc opcode=sw x8=0x800062db
000000008 RUNTIME_ONLY neutral retire case=00193 pc=0x800062e0 opcode=beq x9=0x800062e8
000000009 RUNTIME_ONLY neutral retire case=00193 pc=0x800062e4 opcode=csrrw x10=0x800062ed
000000010 RUNTIME_ONLY neutral retire case=00193 pc=0x800062e8 opcode=xor x11=0x800062e2
000000011 RUNTIME_ONLY neutral retire case=00193 pc=0x800062ec opcode=addi x12=0x800062e7
000000012 RUNTIME_ONLY neutral retire case=00193 pc=0x800062f0 opcode=lw x13=0x800062fc
000000013 RUNTIME_ONLY neutral retire case=00193 pc=0x800062f4 opcode=sw x14=0x800062f9
000000014 RUNTIME_ONLY neutral retire case=00193 pc=0x800062f8 opcode=beq x15=0x800062f6
000000015 RUNTIME_ONLY neutral retire case=00193 pc=0x800062fc opcode=csrrw x16=0x800062f3
000000016 RUNTIME_ONLY neutral retire case=00193 pc=0x80006300 opcode=xor x17=0x80006310
000000017 RUNTIME_ONLY neutral retire case=00193 pc=0x80006304 opcode=addi x18=0x80006315
000000018 RUNTIME_ONLY neutral retire case=00193 pc=0x80006308 opcode=lw x19=0x8000631a
000000019 RUNTIME_ONLY neutral retire case=00193 pc=0x8000630c opcode=sw x20=0x8000631f
000000020 RUNTIME_ONLY neutral retire case=00193 pc=0x80006310 opcode=beq x21=0x80006304
000000021 RUNTIME_ONLY neutral retire case=00193 pc=0x80006314 opcode=csrrw x22=0x80006301
000000022 RUNTIME_ONLY neutral retire case=00193 pc=0x80006318 opcode=xor x23=0x8000630e
000000023 RUNTIME_ONLY neutral retire case=00193 pc=0x8000631c opcode=addi x24=0x8000630b
000000024 RUNTIME_ONLY neutral retire case=00193 pc=0x80006320 opcode=lw x25=0x80006338
000000025 RUNTIME_ONLY neutral retire case=00193 pc=0x80006324 opcode=sw x26=0x8000633d
000000026 RUNTIME_ONLY neutral retire case=00193 pc=0x80006328 opcode=beq x27=0x80006332
000000027 RUNTIME_ONLY neutral retire case=00193 pc=0x8000632c opcode=csrrw x28=0x80006337
000000028 RUNTIME_ONLY neutral retire case=00193 pc=0x80006330 opcode=xor x29=0x8000632c
000000029 RUNTIME_ONLY neutral retire case=00193 pc=0x80006334 opcode=addi x30=0x80006329
000000030 RUNTIME_ONLY neutral retire case=00193 pc=0x80006338 opcode=lw x31=0x80006326
000000031 RUNTIME_ONLY neutral retire case=00193 pc=0x8000633c opcode=sw x0=0x80006323
000000032 RUNTIME_ONLY neutral retire case=00193 pc=0x80006340 opcode=beq x1=0x80006360
000000033 RUNTIME_ONLY neutral retire case=00193 pc=0x80006344 opcode=csrrw x2=0x80006365
000000034 RUNTIME_ONLY neutral retire case=00193 pc=0x80006348 opcode=xor x3=0x8000636a
000000035 RUNTIME_ONLY neutral retire case=00193 pc=0x8000634c opcode=addi x4=0x8000636f
000000036 RUNTIME_ONLY neutral retire case=00193 pc=0x80006350 opcode=lw x5=0x80006374
000000037 RUNTIME_ONLY neutral retire case=00193 pc=0x80006354 opcode=sw x6=0x80006371
000000038 RUNTIME_ONLY neutral retire case=00193 pc=0x80006358 opcode=beq x7=0x8000637e
000000039 RUNTIME_ONLY neutral retire case=00193 pc=0x8000635c opcode=csrrw x8=0x8000637b
000000040 RUNTIME_ONLY neutral retire case=00193 pc=0x80006360 opcode=xor x9=0x80006348
000000041 RUNTIME_ONLY neutral retire case=00193 pc=0x80006364 opcode=addi x10=0x8000634d
000000042 RUNTIME_ONLY neutral retire case=00193 pc=0x80006368 opcode=lw x11=0x80006342
000000043 RUNTIME_ONLY neutral retire case=00193 pc=0x8000636c opcode=sw x12=0x80006347
000000044 RUNTIME_ONLY neutral retire case=00193 pc=0x80006370 opcode=beq x13=0x8000635c
000000045 RUNTIME_ONLY neutral retire case=00193 pc=0x80006374 opcode=csrrw x14=0x80006359
000000046 RUNTIME_ONLY neutral retire case=00193 pc=0x80006378 opcode=xor x15=0x80006356
000000047 RUNTIME_ONLY neutral retire case=00193 pc=0x8000637c opcode=addi x16=0x80006353
000000048 RUNTIME_ONLY neutral retire case=00193 pc=0x80006380 opcode=lw x17=0x800063b0
000000049 RUNTIME_ONLY neutral retire case=00193 pc=0x80006384 opcode=sw x18=0x800063b5
000000050 RUNTIME_ONLY neutral retire case=00193 pc=0x80006388 opcode=beq x19=0x800063ba
000000051 RUNTIME_ONLY neutral retire case=00193 pc=0x8000638c opcode=csrrw x20=0x800063bf
000000052 RUNTIME_ONLY neutral retire case=00193 pc=0x80006390 opcode=xor x21=0x800063a4
000000053 RUNTIME_ONLY neutral retire case=00193 pc=0x80006394 opcode=addi x22=0x800063a1
000000054 RUNTIME_ONLY neutral retire case=00193 pc=0x80006398 opcode=lw x23=0x800063ae
000000055 RUNTIME_ONLY neutral retire case=00193 pc=0x8000639c opcode=sw x24=0x800063ab
000000056 RUNTIME_ONLY neutral retire case=00193 pc=0x800063a0 opcode=beq x25=0x80006398
000000057 RUNTIME_ONLY neutral retire case=00193 pc=0x800063a4 opcode=csrrw x26=0x8000639d
000000058 RUNTIME_ONLY neutral retire case=00193 pc=0x800063a8 opcode=xor x27=0x80006392
000000059 RUNTIME_ONLY neutral retire case=00193 pc=0x800063ac opcode=addi x28=0x80006397
000000060 RUNTIME_ONLY neutral retire case=00193 pc=0x800063b0 opcode=lw x29=0x8000638c
000000061 RUNTIME_ONLY neutral retire case=00193 pc=0x800063b4 opcode=sw x30=0x80006389
000000062 RUNTIME_ONLY neutral retire case=00193 pc=0x800063b8 opcode=beq x31=0x80006386
000000063 RUNTIME_ONLY neutral retire case=00193 pc=0x800063bc opcode=csrrw x0=0x80006383
000000064 RUNTIME_ONLY neutral retire case=00193 pc=0x800063c0 opcode=xor x1=0x80006380
000000065 RUNTIME_ONLY neutral retire case=00193 pc=0x800063c4 opcode=addi x2=0x80006385
000000066 RUNTIME_ONLY neutral retire case=00193 pc=0x800063c8 opcode=lw x3=0x8000638a
000000067 RUNTIME_ONLY neutral retire case=00193 pc=0x800063cc opcode=sw x4=0x8000638f
000000068 RUNTIME_ONLY neutral retire case=00193 pc=0x800063d0 opcode=beq x5=0x80006394
000000069 RUNTIME_ONLY neutral retire case=00193 pc=0x800063d4 opcode=csrrw x6=0x80006391
000000070 RUNTIME_ONLY neutral retire case=00193 pc=0x800063d8 opcode=xor x7=0x8000639e
000000071 RUNTIME_ONLY neutral retire case=00193 pc=0x800063dc opcode=addi x8=0x8000639b
000000072 RUNTIME_ONLY neutral retire case=00193 pc=0x800063e0 opcode=lw x9=0x800063a8
000000073 RUNTIME_ONLY neutral retire case=00193 pc=0x800063e4 opcode=sw x10=0x800063ad
000000074 RUNTIME_ONLY neutral retire case=00193 pc=0x800063e8 opcode=beq x11=0x800063a2
