UVM_FATAL /runtime_only_unique_aabh.sv(1) @ 1: runtime_only_unique_failure_aabh normalization resistant timing marker
RUNTIME_ONLY_CASE=60 SOURCE_A=benchmark_set_2:21
Mismatch[1]:
ibex[1194] : pc[800009aa] c.xor x8,x12: s0:800142d3
RUNTIME_ONLY_COMBINE SOURCE_B=benchmark_set_2:7
spike[167] : pc[ffffffff80000370] ori s7, zero, 190: s7:000000be
[FAILED]: 153 matched, 3219 mismatch
000000000 RUNTIME_ONLY neutral retire case=00060 pc=0x80001eb4 opcode=addi x28=0x80001eb4
000000001 RUNTIME_ONLY neutral retire case=00060 pc=0x80001eb8 opcode=lw x29=0x80001eb9
000000002 RUNTIME_ONLY neutral retire case=00060 pc=0x80001ebc opcode=sw x30=0x80001ebe
000000003 RUNTIME_ONLY neutral retire case=00060 pc=0x80001ec0 opcode=beq x31=0x80001ec3
000000004 RUNTIME_ONLY neutral retire case=00060 pc=0x80001ec4 opcode=csrrw x0=0x80001ec0
000000005 RUNTIME_ONLY neutral retire case=00060 pc=0x80001ec8 opcode=xor x1=0x80001ecd
000000006 RUNTIME_ONLY neutral retire case=00060 pc=0x80001ecc opcode=addi x2=0x80001eca
000000007 RUNTIME_ONLY neutral retire case=00060 pc=0x80001ed0 opcode=lw x3=0x80001ed7
000000008 RUNTIME_ONLY neutral retire case=00060 pc=0x80001ed4 opcode=sw x4=0x80001edc
000000009 RUNTIME_ONLY neutral retire case=00060 pc=0x80001ed8 opcode=beq x5=0x80001ed1
000000010 RUNTIME_ONLY neutral retire case=00060 pc=0x80001edc opcode=csrrw x6=0x80001ed6
000000011 RUNTIME_ONLY neutral retire case=00060 pc=0x80001ee0 opcode=xor x7=0x80001eeb
000000012 RUNTIME_ONLY neutral retire case=00060 pc=0x80001ee4 opcode=addi x8=0x80001ee8
000000013 RUNTIME_ONLY neutral retire case=00060 pc=0x80001ee8 opcode=lw x9=0x80001ee5
000000014 RUNTIME_ONLY neutral retire case=00060 pc=0x80001eec opcode=sw x10=0x80001ee2
000000015 RUNTIME_ONLY neutral retire case=00060 pc=0x80001ef0 opcode=beq x11=0x80001eff
000000016 RUNTIME_ONLY neutral retire case=00060 pc=0x80001ef4 opcode=csrrw x12=0x80001ee4
000000017 RUNTIME_ONLY neutral retire case=00060 pc=0x80001ef8 opcode=xor x13=0x80001ee9
000000018 RUNTIME_ONLY neutral retire case=00060 pc=0x80001efc opcode=addi x14=0x80001eee
000000019 RUNTIME_ONLY neutral retire case=00060 pc=0x80001f00 opcode=lw x15=0x80001f13
000000020 RUNTIME_ONLY neutral retire case=00060 pc=0x80001f04 opcode=sw x16=0x80001f10
000000021 RUNTIME_ONLY neutral retire case=00060 pc=0x80001f08 opcode=beq x17=0x80001f1d
000000022 RUNTIME_ONLY neutral retire case=00060 pc=0x80001f0c opcode=csrrw x18=0x80001f1a
000000023 RUNTIME_ONLY neutral retire case=00060 pc=0x80001f10 opcode=xor x19=0x80001f07
000000024 RUNTIME_ONLY neutral retire case=00060 pc=0x80001f14 opcode=addi x20=0x80001f0c
000000025 RUNTIME_ONLY neutral retire case=00060 pc=0x80001f18 opcode=lw x21=0x80001f01
000000026 RUNTIME_ONLY neutral retire case=00060 pc=0x80001f1c opcode=sw x22=0x80001f06
000000027 RUNTIME_ONLY neutral retire case=00060 pc=0x80001f20 opcode=beq x23=0x80001f3b
000000028 RUNTIME_ONLY neutral retire case=00060 pc=0x80001f24 opcode=csrrw x24=0x80001f38
000000029 RUNTIME_ONLY neutral retire case=00060 pc=0x80001f28 opcode=xor x25=0x80001f35
000000030 RUNTIME_ONLY neutral retire case=00060 pc=0x80001f2c opcode=addi x26=0x80001f32
000000031 RUNTIME_ONLY neutral retire case=00060 pc=0x80001f30 opcode=lw x27=0x80001f2f
000000032 RUNTIME_ONLY neutral retire case=00060 pc=0x80001f34 opcode=sw x28=0x80001f14
000000033 RUNTIME_ONLY neutral retire case=00060 pc=0x80001f38 opcode=beq x29=0x80001f19
000000034 RUNTIME_ONLY neutral retire case=00060 pc=0x80001f3c opcode=csrrw x30=0x80001f1e
000000035 RUNTIME_ONLY neutral retire case=00060 pc=0x80001f40 opcode=xor x31=0x80001f63
000000036 RUNTIME_ONLY neutral retire case=00060 pc=0x80001f44 opcode=addi x0=0x80001f60
000000037 RUNTIME_ONLY neutral retire case=00060 pc=0x80001f48 opcode=lw x1=0x80001f6d
000000038 RUNTIME_ONLY neutral retire case=00060 pc=0x80001f4c opcode=sw x2=0x80001f6a
000000039 RUNTIME_ONLY neutral retire case=00060 pc=0x80001f50 opcode=beq x3=0x80001f77
000000040 RUNTIME_ONLY neutral retire case=00060 pc=0x80001f54 opcode=csrrw x4=0x80001f7c
000000041 RUNTIME_ONLY neutral retire case=00060 pc=0x80001f58 opcode=xor x5=0x80001f71
000000042 RUNTIME_ONLY neutral retire case=00060 pc=0x80001f5c opcode=addi x6=0x80001f76
000000043 RUNTIME_ONLY neutral retire case=00060 pc=0x80001f60 opcode=lw x7=0x80001f4b
000000044 RUNTIME_ONLY neutral retire case=00060 pc=0x80001f64 opcode=sw x8=0x80001f48
000000045 RUNTIME_ONLY neutral retire case=00060 pc=0x80001f68 opcode=beq x9=0x80001f45
000000046 RUNTIME_ONLY neutral retire case=00060 pc=0x80001f6c opcode=csrrw x10=0x80001f42
000000047 RUNTIME_ONLY neutral retire case=00060 pc=0x80001f70 opcode=xor x11=0x80001f5f
000000048 RUNTIME_ONLY neutral retire case=00060 pc=0x80001f74 opcode=addi x12=0x80001f44
000000049 RUNTIME_ONLY neutral retire case=00060 pc=0x80001f78 opcode=lw x13=0x80001f49
000000050 RUNTIME_ONLY neutral retire case=00060 pc=0x80001f7c opcode=sw x14=0x80001f4e
000000051 RUNTIME_ONLY neutral retire case=00060 pc=0x80001f80 opcode=beq x15=0x80001fb3
000000052 RUNTIME_ONLY neutral retire case=00060 pc=0x80001f84 opcode=csrrw x16=0x80001fb0
000000053 RUNTIME_ONLY neutral retire case=00060 pc=0x80001f88 opcode=xor x17=0x80001fbd
000000054 RUNTIME_ONLY neutral retire case=00060 pc=0x80001f8c opcode=addi x18=0x80001fba
000000055 RUNTIME_ONLY neutral retire case=00060 pc=0x80001f90 opcode=lw x19=0x80001fa7
000000056 RUNTIME_ONLY neutral retire case=00060 pc=0x80001f94 opcode=sw x20=0x80001fac
000000057 RUNTIME_ONLY neutral retire case=00060 pc=0x80001f98 opcode=beq x21=0x80001fa1
000000058 RUNTIME_ONLY neutral retire case=00060 pc=0x80001f9c opcode=csrrw x22=0x80001fa6
000000059 RUNTIME_ONLY neutral retire case=00060 pc=0x80001fa0 opcode=xor x23=0x80001f9b
000000060 RUNTIME_ONLY neutral retire case=00060 pc=0x80001fa4 opcode=addi x24=0x80001f98
000000061 RUNTIME_ONLY neutral retire case=00060 pc=0x80001fa8 opcode=lw x25=0x80001f95
000000062 RUNTIME_ONLY neutral retire case=00060 pc=0x80001fac opcode=sw x26=0x80001f92
000000063 RUNTIME_ONLY neutral retire case=00060 pc=0x80001fb0 opcode=beq x27=0x80001f8f
000000064 RUNTIME_ONLY neutral retire case=00060 pc=0x80001fb4 opcode=csrrw x28=0x80001ff4
000000065 RUNTIME_ONLY neutral retire case=00060 pc=0x80001fb8 opcode=xor x29=0x80001ff9
000000066 RUNTIME_ONLY neutral retire case=00060 pc=0x80001fbc opcode=addi x30=0x80001ffe
000000067 RUNTIME_ONLY neutral retire case=00060 pc=0x80001fc0 opcode=lw x31=0x80001f83
000000068 RUNTIME_ONLY neutral retire case=00060 pc=0x80001fc4 opcode=sw x0=0x80001f80
000000069 RUNTIME_ONLY neutral retire case=00060 pc=0x80001fc8 opcode=beq x1=0x80001f8d
000000070 RUNTIME_ONLY neutral retire case=00060 pc=0x80001fcc opcode=csrrw x2=0x80001f8a
000000071 RUNTIME_ONLY neutral retire case=00060 pc=0x80001fd0 opcode=xor x3=0x80001f97
000000072 RUNTIME_ONLY neutral retire case=00060 pc=0x80001fd4 opcode=addi x4=0x80001f9c
000000073 RUNTIME_ONLY neutral retire case=00060 pc=0x80001fd8 opcode=lw x5=0x80001f91
000000074 RUNTIME_ONLY neutral retire case=00060 pc=0x80001fdc opcode=sw x6=0x80001f96
000000075 RUNTIME_ONLY neutral retire case=00060 pc=0x80001fe0 opcode=beq x7=0x80001fab
000000076 RUNTIME_ONLY neutral retire case=00060 pc=0x80001fe4 opcode=csrrw x8=0x80001fa8
000000077 RUNTIME_ONLY neutral retire case=00060 pc=0x80001fe8 opcode=xor x9=0x80001fa5
000000078 RUNTIME_ONLY neutral retire case=00060 pc=0x80001fec opcode=addi x10=0x80001fa2
000000079 RUNTIME_ONLY neutral retire case=00060 pc=0x80001ff0 opcode=lw x11=0x80001fbf
000000080 RUNTIME_ONLY neutral retire case=00060 pc=0x80001ff4 opcode=sw x12=0x80001fa4
000000081 RUNTIME_ONLY neutral retire case=00060 pc=0x80001ff8 opcode=beq x13=0x80001fa9
000000082 RUNTIME_ONLY neutral retire case=00060 pc=0x80001ffc opcode=csrrw x14=0x80001fae
000000083 RUNTIME_ONLY neutral retire case=00060 pc=0x80002000 opcode=xor x15=0x80002053
000000084 RUNTIME_ONLY neutral retire case=00060 pc=0x80002004 opcode=addi x16=0x80002050
000000085 RUNTIME_ONLY neutral retire case=00060 pc=0x80002008 opcode=lw x17=0x8000205d
000000086 RUNTIME_ONLY neutral retire case=00060 pc=0x8000200c opcode=sw x18=0x8000205a
000000087 RUNTIME_ONLY neutral retire case=00060 pc=0x80002010 opcode=beq x19=0x80002047
000000088 RUNTIME_ONLY neutral retire case=00060 pc=0x80002014 opcode=csrrw x20=0x8000204c
000000089 RUNTIME_ONLY neutral retire case=00060 pc=0x80002018 opcode=xor x21=0x80002041
000000090 RUNTIME_ONLY neutral retire case=00060 pc=0x8000201c opcode=addi x22=0x80002046
000000091 RUNTIME_ONLY neutral retire case=00060 pc=0x80002020 opcode=lw x23=0x8000207b
000000092 RUNTIME_ONLY neutral retire case=00060 pc=0x80002024 opcode=sw x24=0x80002078
000000093 RUNTIME_ONLY neutral retire case=00060 pc=0x80002028 opcode=beq x25=0x80002075
000000094 RUNTIME_ONLY neutral retire case=00060 pc=0x8000202c opcode=csrrw x26=0x80002072
000000095 RUNTIME_ONLY neutral retire case=00060 pc=0x80002030 opcode=xor x27=0x8000206f
000000096 RUNTIME_ONLY neutral retire case=00060 pc=0x80002034 opcode=addi x28=0x80002054
000000097 RUNTIME_ONLY neutral retire case=00060 pc=0x80002038 opcode=lw x29=0x80002059
000000098 RUNTIME_ONLY neutral retire case=00060 pc=0x8000203c opcode=sw x30=0x8000205e
000000099 RUNTIME_ONLY neutral retire case=00060 pc=0x80002040 opcode=beq x31=0x80002023
000000100 RUNTIME_ONLY neutral retire case=00060 pc=0x80002044 opcode=csrrw x0=0x80002020
000000101 RUNTIME_ONLY neutral retire case=00060 pc=0x80002048 opcode=xor x1=0x8000202d
000000102 RUNTIME_ONLY neutral retire case=00060 pc=0x8000204c opcode=addi x2=0x8000202a
000000103 RUNTIME_ONLY neutral retire case=00060 pc=0x80002050 opcode=lw x3=0x80002037
000000104 RUNTIME_ONLY neutral retire case=00060 pc=0x80002054 opcode=sw x4=0x8000203c
000000105 RUNTIME_ONLY neutral retire case=00060 pc=0x80002058 opcode=beq x5=0x80002031
000000106 RUNTIME_ONLY neutral retire case=00060 pc=0x8000205c opcode=csrrw x6=0x80002036
000000107 RUNTIME_ONLY neutral retire case=00060 pc=0x80002060 opcode=xor x7=0x8000200b
000000108 RUNTIME_ONLY neutral retire case=00060 pc=0x80002064 opcode=addi x8=0x80002008
000000109 RUNTIME_ONLY neutral retire case=00060 pc=0x80002068 opcode=lw x9=0x80002005
000000110 RUNTIME_ONLY neutral retire case=00060 pc=0x8000206c opcode=sw x10=0x80002002
000000111 RUNTIME_ONLY neutral retire case=00060 pc=0x80002070 opcode=beq x11=0x8000201f
000000112 RUNTIME_ONLY neutral retire case=00060 pc=0x80002074 opcode=csrrw x12=0x80002004
000000113 RUNTIME_ONLY neutral retire case=00060 pc=0x80002078 opcode=xor x13=0x80002009
000000114 RUNTIME_ONLY neutral retire case=00060 pc=0x8000207c opcode=addi x14=0x8000200e
000000115 RUNTIME_ONLY neutral retire case=00060 pc=0x80002080 opcode=lw x15=0x800020f3
000000116 RUNTIME_ONLY neutral retire case=00060 pc=0x80002084 opcode=sw x16=0x800020f0
000000117 RUNTIME_ONLY neutral retire case=00060 pc=0x80002088 opcode=beq x17=0x800020fd
000000118 RUNTIME_ONLY neutral retire case=00060 pc=0x8000208c opcode=csrrw x18=0x800020fa
000000119 RUNTIME_ONLY neutral retire case=00060 pc=0x80002090 opcode=xor x19=0x800020e7
000000120 RUNTIME_ONLY neutral retire case=00060 pc=0x80002094 opcode=addi x20=0x800020ec
000000121 RUNTIME_ONLY neutral retire case=00060 pc=0x80002098 opcode=lw x21=0x800020e1
000000122 RUNTIME_ONLY neutral retire case=00060 pc=0x8000209c opcode=sw x22=0x800020e6
000000123 RUNTIME_ONLY neutral retire case=00060 pc=0x800020a0 opcode=beq x23=0x800020db
000000124 RUNTIME_ONLY neutral retire case=00060 pc=0x800020a4 opcode=csrrw x24=0x800020d8
000000125 RUNTIME_ONLY neutral retire case=00060 pc=0x800020a8 opcode=xor x25=0x800020d5
000000126 RUNTIME_ONLY neutral retire case=00060 pc=0x800020ac opcode=addi x26=0x800020d2
000000127 RUNTIME_ONLY neutral retire case=00060 pc=0x800020b0 opcode=lw x27=0x800020cf
000000128 RUNTIME_ONLY neutral retire case=00060 pc=0x800020b4 opcode=sw x28=0x80002034
000000129 RUNTIME_ONLY neutral retire case=00060 pc=0x800020b8 opcode=beq x29=0x80002039
000000130 RUNTIME_ONLY neutral retire case=00060 pc=0x800020bc opcode=csrrw x30=0x8000203e
000000131 RUNTIME_ONLY neutral retire case=00060 pc=0x800020c0 opcode=xor x31=0x80002043
000000132 RUNTIME_ONLY neutral retire case=00060 pc=0x800020c4 opcode=addi x0=0x80002040
000000133 RUNTIME_ONLY neutral retire case=00060 pc=0x800020c8 opcode=lw x1=0x8000204d
000000134 RUNTIME_ONLY neutral retire case=00060 pc=0x800020cc opcode=sw x2=0x8000204a
000000135 RUNTIME_ONLY neutral retire case=00060 pc=0x800020d0 opcode=beq x3=0x80002057
000000136 RUNTIME_ONLY neutral retire case=00060 pc=0x800020d4 opcode=csrrw x4=0x8000205c
000000137 RUNTIME_ONLY neutral retire case=00060 pc=0x800020d8 opcode=xor x5=0x80002051
000000138 RUNTIME_ONLY neutral retire case=00060 pc=0x800020dc opcode=addi x6=0x80002056
000000139 RUNTIME_ONLY neutral retire case=00060 pc=0x800020e0 opcode=lw x7=0x8000206b
000000140 RUNTIME_ONLY neutral retire case=00060 pc=0x800020e4 opcode=sw x8=0x80002068
000000141 RUNTIME_ONLY neutral retire case=00060 pc=0x800020e8 opcode=beq x9=0x80002065
000000142 RUNTIME_ONLY neutral retire case=00060 pc=0x800020ec opcode=csrrw x10=0x80002062
000000143 RUNTIME_ONLY neutral retire case=00060 pc=0x800020f0 opcode=xor x11=0x8000207f
000000144 RUNTIME_ONLY neutral retire case=00060 pc=0x800020f4 opcode=addi x12=0x80002064
000000145 RUNTIME_ONLY neutral retire case=00060 pc=0x800020f8 opcode=lw x13=0x80002069
000000146 RUNTIME_ONLY neutral retire case=00060 pc=0x800020fc opcode=sw x14=0x8000206e
000000147 RUNTIME_ONLY neutral retire case=00060 pc=0x80002100 opcode=beq x15=0x80002193
000000148 RUNTIME_ONLY neutral retire case=00060 pc=0x80002104 opcode=csrrw x16=0x80002190
000000149 RUNTIME_ONLY neutral retire case=00060 pc=0x80002108 opcode=xor x17=0x8000219d
000000150 RUNTIME_ONLY neutral retire case=00060 pc=0x8000210c opcode=addi x18=0x8000219a
000000151 RUNTIME_ONLY neutral retire case=00060 pc=0x80002110 opcode=lw x19=0x80002187
000000152 RUNTIME_ONLY neutral retire case=00060 pc=0x80002114 opcode=sw x20=0x8000218c
000000153 RUNTIME_ONLY neutral retire case=00060 pc=0x80002118 opcode=beq x21=0x80002181
000000154 RUNTIME_ONLY neutral retire case=00060 pc=0x8000211c opcode=csrrw x22=0x80002186
000000155 RUNTIME_ONLY neutral retire case=00060 pc=0x80002120 opcode=xor x23=0x800021bb
000000156 RUNTIME_ONLY neutral retire case=00060 pc=0x80002124 opcode=addi x24=0x800021b8
000000157 RUNTIME_ONLY neutral retire case=00060 pc=0x80002128 opcode=lw x25=0x800021b5
000000158 RUNTIME_ONLY neutral retire case=00060 pc=0x8000212c opcode=sw x26=0x800021b2
000000159 RUNTIME_ONLY neutral retire case=00060 pc=0x80002130 opcode=beq x27=0x800021af
000000160 RUNTIME_ONLY neutral retire case=00060 pc=0x80002134 opcode=csrrw x28=0x80002194
000000161 RUNTIME_ONLY neutral retire case=00060 pc=0x80002138 opcode=xor x29=0x80002199
000000162 RUNTIME_ONLY neutral retire case=00060 pc=0x8000213c opcode=addi x30=0x8000219e
000000163 RUNTIME_ONLY neutral retire case=00060 pc=0x80002140 opcode=lw x31=0x800021e3
000000164 RUNTIME_ONLY neutral retire case=00060 pc=0x80002144 opcode=sw x0=0x800021e0
000000165 RUNTIME_ONLY neutral retire case=00060 pc=0x80002148 opcode=beq x1=0x800021ed
000000166 RUNTIME_ONLY neutral retire case=00060 pc=0x8000214c opcode=csrrw x2=0x800021ea
000000167 RUNTIME_ONLY neutral retire case=00060 pc=0x80002150 opcode=xor x3=0x800021f7
000000168 RUNTIME_ONLY neutral retire case=00060 pc=0x80002154 opcode=addi x4=0x800021fc
000000169 RUNTIME_ONLY neutral retire case=00060 pc=0x80002158 opcode=lw x5=0x800021f1
000000170 RUNTIME_ONLY neutral retire case=00060 pc=0x8000215c opcode=sw x6=0x800021f6
000000171 RUNTIME_ONLY neutral retire case=00060 pc=0x80002160 opcode=beq x7=0x800021cb
000000172 RUNTIME_ONLY neutral retire case=00060 pc=0x80002164 opcode=csrrw x8=0x800021c8
000000173 RUNTIME_ONLY neutral retire case=00060 pc=0x80002168 opcode=xor x9=0x800021c5
000000174 RUNTIME_ONLY neutral retire case=00060 pc=0x8000216c opcode=addi x10=0x800021c2
000000175 RUNTIME_ONLY neutral retire case=00060 pc=0x80002170 opcode=lw x11=0x800021df
000000176 RUNTIME_ONLY neutral retire case=00060 pc=0x80002174 opcode=sw x12=0x800021c4
000000177 RUNTIME_ONLY neutral retire case=00060 pc=0x80002178 opcode=beq x13=0x800021c9
000000178 RUNTIME_ONLY neutral retire case=00060 pc=0x8000217c opcode=csrrw x14=0x800021ce
000000179 RUNTIME_ONLY neutral retire case=00060 pc=0x80002180 opcode=xor x15=0x80002133
000000180 RUNTIME_ONLY neutral retire case=00060 pc=0x80002184 opcode=addi x16=0x80002130
000000181 RUNTIME_ONLY neutral retire case=00060 pc=0x80002188 opcode=lw x17=0x8000213d
000000182 RUNTIME_ONLY neutral retire case=00060 pc=0x8000218c opcode=sw x18=0x8000213a
000000183 RUNTIME_ONLY neutral retire case=00060 pc=0x80002190 opcode=beq x19=0x80002127
000000184 RUNTIME_ONLY neutral retire case=00060 pc=0x80002194 opcode=csrrw x20=0x8000212c
000000185 RUNTIME_ONLY neutral retire case=00060 pc=0x80002198 opcode=xor x21=0x80002121
000000186 RUNTIME_ONLY neutral retire case=00060 pc=0x8000219c opcode=addi x22=0x80002126
000000187 RUNTIME_ONLY neutral retire case=00060 pc=0x800021a0 opcode=lw x23=0x8000211b
000000188 RUNTIME_ONLY neutral retire case=00060 pc=0x800021a4 opcode=sw x24=0x80002118
000000189 RUNTIME_ONLY neutral retire case=00060 pc=0x800021a8 opcode=beq x25=0x80002115
000000190 RUNTIME_ONLY neutral retire case=00060 pc=0x800021ac opcode=csrrw x26=0x80002112
000000191 RUNTIME_ONLY neutral retire case=00060 pc=0x800021b0 opcode=xor x27=0x8000210f
000000192 RUNTIME_ONLY neutral retire case=00060 pc=0x800021b4 opcode=addi x28=0x80002174
000000193 RUNTIME_ONLY neutral retire case=00060 pc=0x800021b8 opcode=lw x29=0x80002179
000000194 RUNTIME_ONLY neutral retire case=00060 pc=0x800021bc opcode=sw x30=0x8000217e
000000195 RUNTIME_ONLY neutral retire case=00060 pc=0x800021c0 opcode=beq x31=0x80002103
000000196 RUNTIME_ONLY neutral retire case=00060 pc=0x800021c4 opcode=csrrw x0=0x80002100
000000197 RUNTIME_ONLY neutral retire case=00060 pc=0x800021c8 opcode=xor x1=0x8000210d
000000198 RUNTIME_ONLY neutral retire case=00060 pc=0x800021cc opcode=addi x2=0x8000210a
000000199 RUNTIME_ONLY neutral retire case=00060 pc=0x800021d0 opcode=lw x3=0x80002117
000000200 RUNTIME_ONLY neutral retire case=00060 pc=0x800021d4 opcode=sw x4=0x8000211c
000000201 RUNTIME_ONLY neutral retire case=00060 pc=0x800021d8 opcode=beq x5=0x80002111
000000202 RUNTIME_ONLY neutral retire case=00060 pc=0x800021dc opcode=csrrw x6=0x80002116
000000203 RUNTIME_ONLY neutral retire case=00060 pc=0x800021e0 opcode=xor x7=0x8000212b
000000204 RUNTIME_ONLY neutral retire case=00060 pc=0x800021e4 opcode=addi x8=0x80002128
000000205 RUNTIME_ONLY neutral retire case=00060 pc=0x800021e8 opcode=lw x9=0x80002125
000000206 RUNTIME_ONLY neutral retire case=00060 pc=0x800021ec opcode=sw x10=0x80002122
000000207 RUNTIME_ONLY neutral retire case=00060 pc=0x800021f0 opcode=beq x11=0x8000213f
000000208 RUNTIME_ONLY neutral retire case=00060 pc=0x800021f4 opcode=csrrw x12=0x80002124
000000209 RUNTIME_ONLY neutral retire case=00060 pc=0x800021f8 opcode=xor x13=0x80002129
000000210 RUNTIME_ONLY neutral retire case=00060 pc=0x800021fc opcode=addi x14=0x8000212e
000000211 RUNTIME_ONLY neutral retire case=00060 pc=0x80002200 opcode=lw x15=0x800022d3
000000212 RUNTIME_ONLY neutral retire case=00060 pc=0x80002204 opcode=sw x16=0x800022d0
000000213 RUNTIME_ONLY neutral retire case=00060 pc=0x80002208 opcode=beq x17=0x800022dd
000000214 RUNTIME_ONLY neutral retire case=00060 pc=0x8000220c opcode=csrrw x18=0x800022da
000000215 RUNTIME_ONLY neutral retire case=00060 pc=0x80002210 opcode=xor x19=0x800022c7
000000216 RUNTIME_ONLY neutral retire case=00060 pc=0x80002214 opcode=addi x20=0x800022cc
000000217 RUNTIME_ONLY neutral retire case=00060 pc=0x80002218 opcode=lw x21=0x800022c1
000000218 RUNTIME_ONLY neutral retire case=00060 pc=0x8000221c opcode=sw x22=0x800022c6
000000219 RUNTIME_ONLY neutral retire case=00060 pc=0x80002220 opcode=beq x23=0x800022fb
000000220 RUNTIME_ONLY neutral retire case=00060 pc=0x80002224 opcode=csrrw x24=0x800022f8
000000221 RUNTIME_ONLY neutral retire case=00060 pc=0x80002228 opcode=xor x25=0x800022f5
000000222 RUNTIME_ONLY neutral retire case=00060 pc=0x8000222c opcode=addi x26=0x800022f2
000000223 RUNTIME_ONLY neutral retire case=00060 pc=0x80002230 opcode=lw x27=0x800022ef
000000224 RUNTIME_ONLY neutral retire case=00060 pc=0x80002234 opcode=sw x28=0x800022d4
000000225 RUNTIME_ONLY neutral retire case=00060 pc=0x80002238 opcode=beq x29=0x800022d9
000000226 RUNTIME_ONLY neutral retire case=00060 pc=0x8000223c opcode=csrrw x30=0x800022de
000000227 RUNTIME_ONLY neutral retire case=00060 pc=0x80002240 opcode=xor x31=0x800022a3
000000228 RUNTIME_ONLY neutral retire case=00060 pc=0x80002244 opcode=addi x0=0x800022a0
000000229 RUNTIME_ONLY neutral retire case=00060 pc=0x80002248 opcode=lw x1=0x800022ad
000000230 RUNTIME_ONLY neutral retire case=00060 pc=0x8000224c opcode=sw x2=0x800022aa
000000231 RUNTIME_ONLY neutral retire case=00060 pc=0x80002250 opcode=beq x3=0x800022b7
000000232 RUNTIME_ONLY neutral retire case=00060 pc=0x80002254 opcode=csrrw x4=0x800022bc
000000233 RUNTIME_ONLY neutral retire case=00060 pc=0x80002258 opcode=xor x5=0x800022b1
000000234 RUNTIME_ONLY neutral retire case=00060 pc=0x8000225c opcode=addi x6=0x800022b6
000000235 RUNTIME_ONLY neutral retire case=00060 pc=0x80002260 opcode=lw x7=0x8000228b
000000236 RUNTIME_ONLY neutral retire case=00060 pc=0x80002264 opcode=sw x8=0x80002288
000000237 RUNTIME_ONLY neutral retire case=00060 pc=0x80002268 opcode=beq x9=0x80002285
000000238 RUNTIME_ONLY neutral retire case=00060 pc=0x8000226c opcode=csrrw x10=0x80002282
000000239 RUNTIME_ONLY neutral retire case=00060 pc=0x80002270 opcode=xor x11=0x8000229f
000000240 RUNTIME_ONLY neutral retire case=00060 pc=0x80002274 opcode=addi x12=0x80002284
000000241 RUNTIME_ONLY neutral retire case=00060 pc=0x80002278 opcode=lw x13=0x80002289
