UVM_FATAL /runtime_only_unique_aahy.sv(1) @ 1: runtime_only_unique_failure_aahy normalization resistant timing marker
RUNTIME_ONLY_CASE=233 SOURCE_A=benchmark_set_2:2
riscv_csr_test.0 : [FAILED]
RUNTIME_ONLY_COMBINE SOURCE_B=benchmark_set_2:5
spike[937] : pc[ffffffff80000ca2] c.mv s0, sp: s0:00000338
[FAILED]: 883 matched, 64810 mismatch
000000000 RUNTIME_ONLY neutral retire case=00233 pc=0x80007738 opcode=xor x9=0x80007738
000000001 RUNTIME_ONLY neutral retire case=00233 pc=0x8000773c opcode=addi x10=0x8000773d
000000002 RUNTIME_ONLY neutral retire case=00233 pc=0x80007740 opcode=lw x11=0x80007742
000000003 RUNTIME_ONLY neutral retire case=00233 pc=0x80007744 opcode=sw x12=0x80007747
000000004 RUNTIME_ONLY neutral retire case=00233 pc=0x80007748 opcode=beq x13=0x8000774c
000000005 RUNTIME_ONLY neutral retire case=00233 pc=0x8000774c opcode=csrrw x14=0x80007749
000000006 RUNTIME_ONLY neutral retire case=00233 pc=0x80007750 opcode=xor x15=0x80007756
000000007 RUNTIME_ONLY neutral retire case=00233 pc=0x80007754 opcode=addi x16=0x80007753
000000008 RUNTIME_ONLY neutral retire case=00233 pc=0x80007758 opcode=lw x17=0x80007750
000000009 RUNTIME_ONLY neutral retire case=00233 pc=0x8000775c opcode=sw x18=0x80007755
000000010 RUNTIME_ONLY neutral retire case=00233 pc=0x80007760 opcode=beq x19=0x8000776a
000000011 RUNTIME_ONLY neutral retire case=00233 pc=0x80007764 opcode=csrrw x20=0x8000776f
000000012 RUNTIME_ONLY neutral retire case=00233 pc=0x80007768 opcode=xor x21=0x80007764
000000013 RUNTIME_ONLY neutral retire case=00233 pc=0x8000776c opcode=addi x22=0x80007761
000000014 RUNTIME_ONLY neutral retire case=00233 pc=0x80007770 opcode=lw x23=0x8000777e
000000015 RUNTIME_ONLY neutral retire case=00233 pc=0x80007774 opcode=sw x24=0x8000777b
000000016 RUNTIME_ONLY neutral retire case=00233 pc=0x80007778 opcode=beq x25=0x80007768
000000017 RUNTIME_ONLY neutral retire case=00233 pc=0x8000777c opcode=csrrw x26=0x8000776d
000000018 RUNTIME_ONLY neutral retire case=00233 pc=0x80007780 opcode=xor x27=0x80007792
000000019 RUNTIME_ONLY neutral retire case=00233 pc=0x80007784 opcode=addi x28=0x80007797
000000020 RUNTIME_ONLY neutral retire case=00233 pc=0x80007788 opcode=lw x29=0x8000779c
000000021 RUNTIME_ONLY neutral retire case=00233 pc=0x8000778c opcode=sw x30=0x80007799
000000022 RUNTIME_ONLY neutral retire case=00233 pc=0x80007790 opcode=beq x31=0x80007786
000000023 RUNTIME_ONLY neutral retire case=00233 pc=0x80007794 opcode=csrrw x0=0x80007783
000000024 RUNTIME_ONLY neutral retire case=00233 pc=0x80007798 opcode=xor x1=0x80007780
000000025 RUNTIME_ONLY neutral retire case=00233 pc=0x8000779c opcode=addi x2=0x80007785
000000026 RUNTIME_ONLY neutral retire case=00233 pc=0x800077a0 opcode=lw x3=0x800077ba
000000027 RUNTIME_ONLY neutral retire case=00233 pc=0x800077a4 opcode=sw x4=0x800077bf
000000028 RUNTIME_ONLY neutral retire case=00233 pc=0x800077a8 opcode=beq x5=0x800077b4
000000029 RUNTIME_ONLY neutral retire case=00233 pc=0x800077ac opcode=csrrw x6=0x800077b1
000000030 RUNTIME_ONLY neutral retire case=00233 pc=0x800077b0 opcode=xor x7=0x800077ae
000000031 RUNTIME_ONLY neutral retire case=00233 pc=0x800077b4 opcode=addi x8=0x800077ab
000000032 RUNTIME_ONLY neutral retire case=00233 pc=0x800077b8 opcode=lw x9=0x80007798
000000033 RUNTIME_ONLY neutral retire case=00233 pc=0x800077bc opcode=sw x10=0x8000779d
000000034 RUNTIME_ONLY neutral retire case=00233 pc=0x800077c0 opcode=beq x11=0x800077e2
000000035 RUNTIME_ONLY neutral retire case=00233 pc=0x800077c4 opcode=csrrw x12=0x800077e7
000000036 RUNTIME_ONLY neutral retire case=00233 pc=0x800077c8 opcode=xor x13=0x800077ec
000000037 RUNTIME_ONLY neutral retire case=00233 pc=0x800077cc opcode=addi x14=0x800077e9
000000038 RUNTIME_ONLY neutral retire case=00233 pc=0x800077d0 opcode=lw x15=0x800077f6
000000039 RUNTIME_ONLY neutral retire case=00233 pc=0x800077d4 opcode=sw x16=0x800077f3
000000040 RUNTIME_ONLY neutral retire case=00233 pc=0x800077d8 opcode=beq x17=0x800077f0
000000041 RUNTIME_ONLY neutral retire case=00233 pc=0x800077dc opcode=csrrw x18=0x800077f5
000000042 RUNTIME_ONLY neutral retire case=00233 pc=0x800077e0 opcode=xor x19=0x800077ca
000000043 RUNTIME_ONLY neutral retire case=00233 pc=0x800077e4 opcode=addi x20=0x800077cf
000000044 RUNTIME_ONLY neutral retire case=00233 pc=0x800077e8 opcode=lw x21=0x800077c4
000000045 RUNTIME_ONLY neutral retire case=00233 pc=0x800077ec opcode=sw x22=0x800077c1
000000046 RUNTIME_ONLY neutral retire case=00233 pc=0x800077f0 opcode=beq x23=0x800077de
000000047 RUNTIME_ONLY neutral retire case=00233 pc=0x800077f4 opcode=csrrw x24=0x800077db
000000048 RUNTIME_ONLY neutral retire case=00233 pc=0x800077f8 opcode=xor x25=0x800077c8
000000049 RUNTIME_ONLY neutral retire case=00233 pc=0x800077fc opcode=addi x26=0x800077cd
000000050 RUNTIME_ONLY neutral retire case=00233 pc=0x80007800 opcode=lw x27=0x80007832
000000051 RUNTIME_ONLY neutral retire case=00233 pc=0x80007804 opcode=sw x28=0x80007837
000000052 RUNTIME_ONLY neutral retire case=00233 pc=0x80007808 opcode=beq x29=0x8000783c
000000053 RUNTIME_ONLY neutral retire case=00233 pc=0x8000780c opcode=csrrw x30=0x80007839
000000054 RUNTIME_ONLY neutral retire case=00233 pc=0x80007810 opcode=xor x31=0x80007826
000000055 RUNTIME_ONLY neutral retire case=00233 pc=0x80007814 opcode=addi x0=0x80007823
000000056 RUNTIME_ONLY neutral retire case=00233 pc=0x80007818 opcode=lw x1=0x80007820
000000057 RUNTIME_ONLY neutral retire case=00233 pc=0x8000781c opcode=sw x2=0x80007825
000000058 RUNTIME_ONLY neutral retire case=00233 pc=0x80007820 opcode=beq x3=0x8000781a
000000059 RUNTIME_ONLY neutral retire case=00233 pc=0x80007824 opcode=csrrw x4=0x8000781f
000000060 RUNTIME_ONLY neutral retire case=00233 pc=0x80007828 opcode=xor x5=0x80007814
000000061 RUNTIME_ONLY neutral retire case=00233 pc=0x8000782c opcode=addi x6=0x80007811
000000062 RUNTIME_ONLY neutral retire case=00233 pc=0x80007830 opcode=lw x7=0x8000780e
000000063 RUNTIME_ONLY neutral retire case=00233 pc=0x80007834 opcode=sw x8=0x8000780b
000000064 RUNTIME_ONLY neutral retire case=00233 pc=0x80007838 opcode=beq x9=0x80007878
000000065 RUNTIME_ONLY neutral retire case=00233 pc=0x8000783c opcode=csrrw x10=0x8000787d
000000066 RUNTIME_ONLY neutral retire case=00233 pc=0x80007840 opcode=xor x11=0x80007802
000000067 RUNTIME_ONLY neutral retire case=00233 pc=0x80007844 opcode=addi x12=0x80007807
000000068 RUNTIME_ONLY neutral retire case=00233 pc=0x80007848 opcode=lw x13=0x8000780c
000000069 RUNTIME_ONLY neutral retire case=00233 pc=0x8000784c opcode=sw x14=0x80007809
000000070 RUNTIME_ONLY neutral retire case=00233 pc=0x80007850 opcode=beq x15=0x80007816
000000071 RUNTIME_ONLY neutral retire case=00233 pc=0x80007854 opcode=csrrw x16=0x80007813
000000072 RUNTIME_ONLY neutral retire case=00233 pc=0x80007858 opcode=xor x17=0x80007810
