UVM_FATAL /runtime_only_unique_aaji.sv(1) @ 1: runtime_only_unique_failure_aaji normalization resistant timing marker
RUNTIME_ONLY_CASE=945 SOURCE_A=benchmark_set_2:10
Mismatch[1]:
ibex[74] : pc[8000019c] c.addi x29,6: t4:00000000
RUNTIME_ONLY_COMBINE SOURCE_B=benchmark_set_1:7
riscv_csr_test.0 : [FAILED]
000000000 RUNTIME_ONLY neutral retire case=00945 pc=0x8001e390 opcode=beq x17=0x8001e390
000000001 RUNTIME_ONLY neutral retire case=00945 pc=0x8001e394 opcode=csrrw x18=0x8001e395
000000002 RUNTIME_ONLY neutral retire case=00945 pc=0x8001e398 opcode=xor x19=0x8001e39a
000000003 RUNTIME_ONLY neutral retire case=00945 pc=0x8001e39c opcode=addi x20=0x8001e39f
000000004 RUNTIME_ONLY neutral retire case=00945 pc=0x8001e3a0 opcode=lw x21=0x8001e3a4
000000005 RUNTIME_ONLY neutral retire case=00945 pc=0x8001e3a4 opcode=sw x22=0x8001e3a1
000000006 RUNTIME_ONLY neutral retire case=00945 pc=0x8001e3a8 opcode=beq x23=0x8001e3ae
000000007 RUNTIME_ONLY neutral retire case=00945 pc=0x8001e3ac opcode=csrrw x24=0x8001e3ab
000000008 RUNTIME_ONLY neutral retire case=00945 pc=0x8001e3b0 opcode=xor x25=0x8001e3b8
000000009 RUNTIME_ONLY neutral retire case=00945 pc=0x8001e3b4 opcode=addi x26=0x8001e3bd
000000010 RUNTIME_ONLY neutral retire case=00945 pc=0x8001e3b8 opcode=lw x27=0x8001e3b2
000000011 RUNTIME_ONLY neutral retire case=00945 pc=0x8001e3bc opcode=sw x28=0x8001e3b7
000000012 RUNTIME_ONLY neutral retire case=00945 pc=0x8001e3c0 opcode=beq x29=0x8001e3cc
000000013 RUNTIME_ONLY neutral retire case=00945 pc=0x8001e3c4 opcode=csrrw x30=0x8001e3c9
000000014 RUNTIME_ONLY neutral retire case=00945 pc=0x8001e3c8 opcode=xor x31=0x8001e3c6
000000015 RUNTIME_ONLY neutral retire case=00945 pc=0x8001e3cc opcode=addi x0=0x8001e3c3
