UVM_FATAL /runtime_only_unique_aabg.sv(1) @ 1: runtime_only_unique_failure_aabg normalization resistant timing marker
RUNTIME_ONLY_CASE=735 SOURCE_A=benchmark_set_2:24
Mismatch[1]:
ibex[727] : pc[80000b98] remu x28,x20,x30: t3:00000fff
RUNTIME_ONLY_COMBINE SOURCE_B=benchmark_set_2:2
riscv_csr_test.0 : [FAILED]
000000000 RUNTIME_ONLY neutral retire case=00735 pc=0x8001781c opcode=beq x31=0x8001781c
000000001 RUNTIME_ONLY neutral retire case=00735 pc=0x80017820 opcode=csrrw x0=0x80017821
000000002 RUNTIME_ONLY neutral retire case=00735 pc=0x80017824 opcode=xor x1=0x80017826
000000003 RUNTIME_ONLY neutral retire case=00735 pc=0x80017828 opcode=addi x2=0x8001782b
000000004 RUNTIME_ONLY neutral retire case=00735 pc=0x8001782c opcode=lw x3=0x80017828
000000005 RUNTIME_ONLY neutral retire case=00735 pc=0x80017830 opcode=sw x4=0x80017835
000000006 RUNTIME_ONLY neutral retire case=00735 pc=0x80017834 opcode=beq x5=0x80017832
000000007 RUNTIME_ONLY neutral retire case=00735 pc=0x80017838 opcode=csrrw x6=0x8001783f
000000008 RUNTIME_ONLY neutral retire case=00735 pc=0x8001783c opcode=xor x7=0x80017834
000000009 RUNTIME_ONLY neutral retire case=00735 pc=0x80017840 opcode=addi x8=0x80017849
000000010 RUNTIME_ONLY neutral retire case=00735 pc=0x80017844 opcode=lw x9=0x8001784e
000000011 RUNTIME_ONLY neutral retire case=00735 pc=0x80017848 opcode=sw x10=0x80017843
000000012 RUNTIME_ONLY neutral retire case=00735 pc=0x8001784c opcode=beq x11=0x80017840
000000013 RUNTIME_ONLY neutral retire case=00735 pc=0x80017850 opcode=csrrw x12=0x8001785d
000000014 RUNTIME_ONLY neutral retire case=00735 pc=0x80017854 opcode=xor x13=0x8001785a
000000015 RUNTIME_ONLY neutral retire case=00735 pc=0x80017858 opcode=addi x14=0x80017857
