UVM_FATAL /runtime_only_unique_aapn.sv(1) @ 1: runtime_only_unique_failure_aapn normalization resistant timing marker
RUNTIME_ONLY_CASE=430 SOURCE_A=benchmark_set_2:7
Mismatch[1]:
ibex[167] : pc[80000378] mulhsu x10,x13,x11: a0:00802801
RUNTIME_ONLY_COMBINE SOURCE_B=benchmark_set_2:11
spike[186] : pc[ffffffff800002be] c.addi tp, -2: tp:fffffffe
[FAILED]: 228 matched, 7623 mismatch
000000000 RUNTIME_ONLY neutral retire case=00430 pc=0x8000dc08 opcode=csrrw x14=0x8000dc08
000000001 RUNTIME_ONLY neutral retire case=00430 pc=0x8000dc0c opcode=xor x15=0x8000dc0d
000000002 RUNTIME_ONLY neutral retire case=00430 pc=0x8000dc10 opcode=addi x16=0x8000dc12
000000003 RUNTIME_ONLY neutral retire case=00430 pc=0x8000dc14 opcode=lw x17=0x8000dc17
000000004 RUNTIME_ONLY neutral retire case=00430 pc=0x8000dc18 opcode=sw x18=0x8000dc1c
000000005 RUNTIME_ONLY neutral retire case=00430 pc=0x8000dc1c opcode=beq x19=0x8000dc19
000000006 RUNTIME_ONLY neutral retire case=00430 pc=0x8000dc20 opcode=csrrw x20=0x8000dc26
000000007 RUNTIME_ONLY neutral retire case=00430 pc=0x8000dc24 opcode=xor x21=0x8000dc23
000000008 RUNTIME_ONLY neutral retire case=00430 pc=0x8000dc28 opcode=addi x22=0x8000dc20
000000009 RUNTIME_ONLY neutral retire case=00430 pc=0x8000dc2c opcode=lw x23=0x8000dc25
000000010 RUNTIME_ONLY neutral retire case=00430 pc=0x8000dc30 opcode=sw x24=0x8000dc3a
000000011 RUNTIME_ONLY neutral retire case=00430 pc=0x8000dc34 opcode=beq x25=0x8000dc3f
000000012 RUNTIME_ONLY neutral retire case=00430 pc=0x8000dc38 opcode=csrrw x26=0x8000dc34
000000013 RUNTIME_ONLY neutral retire case=00430 pc=0x8000dc3c opcode=xor x27=0x8000dc31
000000014 RUNTIME_ONLY neutral retire case=00430 pc=0x8000dc40 opcode=addi x28=0x8000dc4e
000000015 RUNTIME_ONLY neutral retire case=00430 pc=0x8000dc44 opcode=lw x29=0x8000dc4b
000000016 RUNTIME_ONLY neutral retire case=00430 pc=0x8000dc48 opcode=sw x30=0x8000dc58
