UVM_FATAL /runtime_only_unique_aabw.sv(1) @ 1: runtime_only_unique_failure_aabw normalization resistant timing marker
RUNTIME_ONLY_CASE=75 SOURCE_A=benchmark_set_2:4
riscv_single_interrupt_test.0 : [FAILED]
RUNTIME_ONLY_COMBINE SOURCE_B=benchmark_set_2:16
riscv_debug_ebreak_test.0 : [FAILED]
000000000 RUNTIME_ONLY neutral retire case=00075 pc=0x80002660 opcode=beq x11=0x80002660
000000001 RUNTIME_ONLY neutral retire case=00075 pc=0x80002664 opcode=csrrw x12=0x80002665
000000002 RUNTIME_ONLY neutral retire case=00075 pc=0x80002668 opcode=xor x13=0x8000266a
000000003 RUNTIME_ONLY neutral retire case=00075 pc=0x8000266c opcode=addi x14=0x8000266f
000000004 RUNTIME_ONLY neutral retire case=00075 pc=0x80002670 opcode=lw x15=0x80002674
000000005 RUNTIME_ONLY neutral retire case=00075 pc=0x80002674 opcode=sw x16=0x80002671
000000006 RUNTIME_ONLY neutral retire case=00075 pc=0x80002678 opcode=beq x17=0x8000267e
000000007 RUNTIME_ONLY neutral retire case=00075 pc=0x8000267c opcode=csrrw x18=0x8000267b
000000008 RUNTIME_ONLY neutral retire case=00075 pc=0x80002680 opcode=xor x19=0x80002688
000000009 RUNTIME_ONLY neutral retire case=00075 pc=0x80002684 opcode=addi x20=0x8000268d
000000010 RUNTIME_ONLY neutral retire case=00075 pc=0x80002688 opcode=lw x21=0x80002682
000000011 RUNTIME_ONLY neutral retire case=00075 pc=0x8000268c opcode=sw x22=0x80002687
000000012 RUNTIME_ONLY neutral retire case=00075 pc=0x80002690 opcode=beq x23=0x8000269c
000000013 RUNTIME_ONLY neutral retire case=00075 pc=0x80002694 opcode=csrrw x24=0x80002699
000000014 RUNTIME_ONLY neutral retire case=00075 pc=0x80002698 opcode=xor x25=0x80002696
000000015 RUNTIME_ONLY neutral retire case=00075 pc=0x8000269c opcode=addi x26=0x80002693
000000016 RUNTIME_ONLY neutral retire case=00075 pc=0x800026a0 opcode=lw x27=0x800026b0
000000017 RUNTIME_ONLY neutral retire case=00075 pc=0x800026a4 opcode=sw x28=0x800026b5
000000018 RUNTIME_ONLY neutral retire case=00075 pc=0x800026a8 opcode=beq x29=0x800026ba
000000019 RUNTIME_ONLY neutral retire case=00075 pc=0x800026ac opcode=csrrw x30=0x800026bf
000000020 RUNTIME_ONLY neutral retire case=00075 pc=0x800026b0 opcode=xor x31=0x800026a4
000000021 RUNTIME_ONLY neutral retire case=00075 pc=0x800026b4 opcode=addi x0=0x800026a1
000000022 RUNTIME_ONLY neutral retire case=00075 pc=0x800026b8 opcode=lw x1=0x800026ae
000000023 RUNTIME_ONLY neutral retire case=00075 pc=0x800026bc opcode=sw x2=0x800026ab
000000024 RUNTIME_ONLY neutral retire case=00075 pc=0x800026c0 opcode=beq x3=0x800026d8
000000025 RUNTIME_ONLY neutral retire case=00075 pc=0x800026c4 opcode=csrrw x4=0x800026dd
000000026 RUNTIME_ONLY neutral retire case=00075 pc=0x800026c8 opcode=xor x5=0x800026d2
000000027 RUNTIME_ONLY neutral retire case=00075 pc=0x800026cc opcode=addi x6=0x800026d7
000000028 RUNTIME_ONLY neutral retire case=00075 pc=0x800026d0 opcode=lw x7=0x800026cc
000000029 RUNTIME_ONLY neutral retire case=00075 pc=0x800026d4 opcode=sw x8=0x800026c9
000000030 RUNTIME_ONLY neutral retire case=00075 pc=0x800026d8 opcode=beq x9=0x800026c6
000000031 RUNTIME_ONLY neutral retire case=00075 pc=0x800026dc opcode=csrrw x10=0x800026c3
000000032 RUNTIME_ONLY neutral retire case=00075 pc=0x800026e0 opcode=xor x11=0x800026c0
000000033 RUNTIME_ONLY neutral retire case=00075 pc=0x800026e4 opcode=addi x12=0x800026c5
000000034 RUNTIME_ONLY neutral retire case=00075 pc=0x800026e8 opcode=lw x13=0x800026ca
000000035 RUNTIME_ONLY neutral retire case=00075 pc=0x800026ec opcode=sw x14=0x800026cf
000000036 RUNTIME_ONLY neutral retire case=00075 pc=0x800026f0 opcode=beq x15=0x800026d4
000000037 RUNTIME_ONLY neutral retire case=00075 pc=0x800026f4 opcode=csrrw x16=0x800026d1
000000038 RUNTIME_ONLY neutral retire case=00075 pc=0x800026f8 opcode=xor x17=0x800026de
000000039 RUNTIME_ONLY neutral retire case=00075 pc=0x800026fc opcode=addi x18=0x800026db
000000040 RUNTIME_ONLY neutral retire case=00075 pc=0x80002700 opcode=lw x19=0x80002728
000000041 RUNTIME_ONLY neutral retire case=00075 pc=0x80002704 opcode=sw x20=0x8000272d
000000042 RUNTIME_ONLY neutral retire case=00075 pc=0x80002708 opcode=beq x21=0x80002722
000000043 RUNTIME_ONLY neutral retire case=00075 pc=0x8000270c opcode=csrrw x22=0x80002727
000000044 RUNTIME_ONLY neutral retire case=00075 pc=0x80002710 opcode=xor x23=0x8000273c
000000045 RUNTIME_ONLY neutral retire case=00075 pc=0x80002714 opcode=addi x24=0x80002739
000000046 RUNTIME_ONLY neutral retire case=00075 pc=0x80002718 opcode=lw x25=0x80002736
000000047 RUNTIME_ONLY neutral retire case=00075 pc=0x8000271c opcode=sw x26=0x80002733
000000048 RUNTIME_ONLY neutral retire case=00075 pc=0x80002720 opcode=beq x27=0x80002710
000000049 RUNTIME_ONLY neutral retire case=00075 pc=0x80002724 opcode=csrrw x28=0x80002715
000000050 RUNTIME_ONLY neutral retire case=00075 pc=0x80002728 opcode=xor x29=0x8000271a
000000051 RUNTIME_ONLY neutral retire case=00075 pc=0x8000272c opcode=addi x30=0x8000271f
000000052 RUNTIME_ONLY neutral retire case=00075 pc=0x80002730 opcode=lw x31=0x80002704
000000053 RUNTIME_ONLY neutral retire case=00075 pc=0x80002734 opcode=sw x0=0x80002701
000000054 RUNTIME_ONLY neutral retire case=00075 pc=0x80002738 opcode=beq x1=0x8000270e
000000055 RUNTIME_ONLY neutral retire case=00075 pc=0x8000273c opcode=csrrw x2=0x8000270b
000000056 RUNTIME_ONLY neutral retire case=00075 pc=0x80002740 opcode=xor x3=0x80002778
000000057 RUNTIME_ONLY neutral retire case=00075 pc=0x80002744 opcode=addi x4=0x8000277d
000000058 RUNTIME_ONLY neutral retire case=00075 pc=0x80002748 opcode=lw x5=0x80002772
000000059 RUNTIME_ONLY neutral retire case=00075 pc=0x8000274c opcode=sw x6=0x80002777
000000060 RUNTIME_ONLY neutral retire case=00075 pc=0x80002750 opcode=beq x7=0x8000276c
000000061 RUNTIME_ONLY neutral retire case=00075 pc=0x80002754 opcode=csrrw x8=0x80002769
000000062 RUNTIME_ONLY neutral retire case=00075 pc=0x80002758 opcode=xor x9=0x80002766
000000063 RUNTIME_ONLY neutral retire case=00075 pc=0x8000275c opcode=addi x10=0x80002763
000000064 RUNTIME_ONLY neutral retire case=00075 pc=0x80002760 opcode=lw x11=0x80002720
000000065 RUNTIME_ONLY neutral retire case=00075 pc=0x80002764 opcode=sw x12=0x80002725
000000066 RUNTIME_ONLY neutral retire case=00075 pc=0x80002768 opcode=beq x13=0x8000272a
000000067 RUNTIME_ONLY neutral retire case=00075 pc=0x8000276c opcode=csrrw x14=0x8000272f
000000068 RUNTIME_ONLY neutral retire case=00075 pc=0x80002770 opcode=xor x15=0x80002734
000000069 RUNTIME_ONLY neutral retire case=00075 pc=0x80002774 opcode=addi x16=0x80002731
000000070 RUNTIME_ONLY neutral retire case=00075 pc=0x80002778 opcode=lw x17=0x8000273e
000000071 RUNTIME_ONLY neutral retire case=00075 pc=0x8000277c opcode=sw x18=0x8000273b
000000072 RUNTIME_ONLY neutral retire case=00075 pc=0x80002780 opcode=beq x19=0x800027c8
000000073 RUNTIME_ONLY neutral retire case=00075 pc=0x80002784 opcode=csrrw x20=0x800027cd
000000074 RUNTIME_ONLY neutral retire case=00075 pc=0x80002788 opcode=xor x21=0x800027c2
000000075 RUNTIME_ONLY neutral retire case=00075 pc=0x8000278c opcode=addi x22=0x800027c7
000000076 RUNTIME_ONLY neutral retire case=00075 pc=0x80002790 opcode=lw x23=0x800027dc
000000077 RUNTIME_ONLY neutral retire case=00075 pc=0x80002794 opcode=sw x24=0x800027d9
000000078 RUNTIME_ONLY neutral retire case=00075 pc=0x80002798 opcode=beq x25=0x800027d6
000000079 RUNTIME_ONLY neutral retire case=00075 pc=0x8000279c opcode=csrrw x26=0x800027d3
000000080 RUNTIME_ONLY neutral retire case=00075 pc=0x800027a0 opcode=xor x27=0x800027f0
000000081 RUNTIME_ONLY neutral retire case=00075 pc=0x800027a4 opcode=addi x28=0x800027f5
000000082 RUNTIME_ONLY neutral retire case=00075 pc=0x800027a8 opcode=lw x29=0x800027fa
000000083 RUNTIME_ONLY neutral retire case=00075 pc=0x800027ac opcode=sw x30=0x800027ff
000000084 RUNTIME_ONLY neutral retire case=00075 pc=0x800027b0 opcode=beq x31=0x800027e4
000000085 RUNTIME_ONLY neutral retire case=00075 pc=0x800027b4 opcode=csrrw x0=0x800027e1
000000086 RUNTIME_ONLY neutral retire case=00075 pc=0x800027b8 opcode=xor x1=0x800027ee
000000087 RUNTIME_ONLY neutral retire case=00075 pc=0x800027bc opcode=addi x2=0x800027eb
000000088 RUNTIME_ONLY neutral retire case=00075 pc=0x800027c0 opcode=lw x3=0x80002798
000000089 RUNTIME_ONLY neutral retire case=00075 pc=0x800027c4 opcode=sw x4=0x8000279d
000000090 RUNTIME_ONLY neutral retire case=00075 pc=0x800027c8 opcode=beq x5=0x80002792
000000091 RUNTIME_ONLY neutral retire case=00075 pc=0x800027cc opcode=csrrw x6=0x80002797
000000092 RUNTIME_ONLY neutral retire case=00075 pc=0x800027d0 opcode=xor x7=0x8000278c
000000093 RUNTIME_ONLY neutral retire case=00075 pc=0x800027d4 opcode=addi x8=0x80002789
000000094 RUNTIME_ONLY neutral retire case=00075 pc=0x800027d8 opcode=lw x9=0x80002786
000000095 RUNTIME_ONLY neutral retire case=00075 pc=0x800027dc opcode=sw x10=0x80002783
000000096 RUNTIME_ONLY neutral retire case=00075 pc=0x800027e0 opcode=beq x11=0x80002780
000000097 RUNTIME_ONLY neutral retire case=00075 pc=0x800027e4 opcode=csrrw x12=0x80002785
000000098 RUNTIME_ONLY neutral retire case=00075 pc=0x800027e8 opcode=xor x13=0x8000278a
000000099 RUNTIME_ONLY neutral retire case=00075 pc=0x800027ec opcode=addi x14=0x8000278f
000000100 RUNTIME_ONLY neutral retire case=00075 pc=0x800027f0 opcode=lw x15=0x80002794
000000101 RUNTIME_ONLY neutral retire case=00075 pc=0x800027f4 opcode=sw x16=0x80002791
000000102 RUNTIME_ONLY neutral retire case=00075 pc=0x800027f8 opcode=beq x17=0x8000279e
000000103 RUNTIME_ONLY neutral retire case=00075 pc=0x800027fc opcode=csrrw x18=0x8000279b
000000104 RUNTIME_ONLY neutral retire case=00075 pc=0x80002800 opcode=xor x19=0x80002868
000000105 RUNTIME_ONLY neutral retire case=00075 pc=0x80002804 opcode=addi x20=0x8000286d
000000106 RUNTIME_ONLY neutral retire case=00075 pc=0x80002808 opcode=lw x21=0x80002862
000000107 RUNTIME_ONLY neutral retire case=00075 pc=0x8000280c opcode=sw x22=0x80002867
000000108 RUNTIME_ONLY neutral retire case=00075 pc=0x80002810 opcode=beq x23=0x8000287c
000000109 RUNTIME_ONLY neutral retire case=00075 pc=0x80002814 opcode=csrrw x24=0x80002879
000000110 RUNTIME_ONLY neutral retire case=00075 pc=0x80002818 opcode=xor x25=0x80002876
000000111 RUNTIME_ONLY neutral retire case=00075 pc=0x8000281c opcode=addi x26=0x80002873
000000112 RUNTIME_ONLY neutral retire case=00075 pc=0x80002820 opcode=lw x27=0x80002850
000000113 RUNTIME_ONLY neutral retire case=00075 pc=0x80002824 opcode=sw x28=0x80002855
000000114 RUNTIME_ONLY neutral retire case=00075 pc=0x80002828 opcode=beq x29=0x8000285a
000000115 RUNTIME_ONLY neutral retire case=00075 pc=0x8000282c opcode=csrrw x30=0x8000285f
000000116 RUNTIME_ONLY neutral retire case=00075 pc=0x80002830 opcode=xor x31=0x80002844
000000117 RUNTIME_ONLY neutral retire case=00075 pc=0x80002834 opcode=addi x0=0x80002841
000000118 RUNTIME_ONLY neutral retire case=00075 pc=0x80002838 opcode=lw x1=0x8000284e
000000119 RUNTIME_ONLY neutral retire case=00075 pc=0x8000283c opcode=sw x2=0x8000284b
000000120 RUNTIME_ONLY neutral retire case=00075 pc=0x80002840 opcode=beq x3=0x80002838
000000121 RUNTIME_ONLY neutral retire case=00075 pc=0x80002844 opcode=csrrw x4=0x8000283d
000000122 RUNTIME_ONLY neutral retire case=00075 pc=0x80002848 opcode=xor x5=0x80002832
000000123 RUNTIME_ONLY neutral retire case=00075 pc=0x8000284c opcode=addi x6=0x80002837
000000124 RUNTIME_ONLY neutral retire case=00075 pc=0x80002850 opcode=lw x7=0x8000282c
000000125 RUNTIME_ONLY neutral retire case=00075 pc=0x80002854 opcode=sw x8=0x80002829
000000126 RUNTIME_ONLY neutral retire case=00075 pc=0x80002858 opcode=beq x9=0x80002826
000000127 RUNTIME_ONLY neutral retire case=00075 pc=0x8000285c opcode=csrrw x10=0x80002823
000000128 RUNTIME_ONLY neutral retire case=00075 pc=0x80002860 opcode=xor x11=0x800028e0
000000129 RUNTIME_ONLY neutral retire case=00075 pc=0x80002864 opcode=addi x12=0x800028e5
000000130 RUNTIME_ONLY neutral retire case=00075 pc=0x80002868 opcode=lw x13=0x800028ea
000000131 RUNTIME_ONLY neutral retire case=00075 pc=0x8000286c opcode=sw x14=0x800028ef
000000132 RUNTIME_ONLY neutral retire case=00075 pc=0x80002870 opcode=beq x15=0x800028f4
000000133 RUNTIME_ONLY neutral retire case=00075 pc=0x80002874 opcode=csrrw x16=0x800028f1
000000134 RUNTIME_ONLY neutral retire case=00075 pc=0x80002878 opcode=xor x17=0x800028fe
000000135 RUNTIME_ONLY neutral retire case=00075 pc=0x8000287c opcode=addi x18=0x800028fb
000000136 RUNTIME_ONLY neutral retire case=00075 pc=0x80002880 opcode=lw x19=0x80002808
000000137 RUNTIME_ONLY neutral retire case=00075 pc=0x80002884 opcode=sw x20=0x8000280d
000000138 RUNTIME_ONLY neutral retire case=00075 pc=0x80002888 opcode=beq x21=0x80002802
000000139 RUNTIME_ONLY neutral retire case=00075 pc=0x8000288c opcode=csrrw x22=0x80002807
000000140 RUNTIME_ONLY neutral retire case=00075 pc=0x80002890 opcode=xor x23=0x8000281c
000000141 RUNTIME_ONLY neutral retire case=00075 pc=0x80002894 opcode=addi x24=0x80002819
000000142 RUNTIME_ONLY neutral retire case=00075 pc=0x80002898 opcode=lw x25=0x80002816
000000143 RUNTIME_ONLY neutral retire case=00075 pc=0x8000289c opcode=sw x26=0x80002813
000000144 RUNTIME_ONLY neutral retire case=00075 pc=0x800028a0 opcode=beq x27=0x80002830
000000145 RUNTIME_ONLY neutral retire case=00075 pc=0x800028a4 opcode=csrrw x28=0x80002835
000000146 RUNTIME_ONLY neutral retire case=00075 pc=0x800028a8 opcode=xor x29=0x8000283a
000000147 RUNTIME_ONLY neutral retire case=00075 pc=0x800028ac opcode=addi x30=0x8000283f
000000148 RUNTIME_ONLY neutral retire case=00075 pc=0x800028b0 opcode=lw x31=0x80002824
000000149 RUNTIME_ONLY neutral retire case=00075 pc=0x800028b4 opcode=sw x0=0x80002821
000000150 RUNTIME_ONLY neutral retire case=00075 pc=0x800028b8 opcode=beq x1=0x8000282e
000000151 RUNTIME_ONLY neutral retire case=00075 pc=0x800028bc opcode=csrrw x2=0x8000282b
000000152 RUNTIME_ONLY neutral retire case=00075 pc=0x800028c0 opcode=xor x3=0x80002858
000000153 RUNTIME_ONLY neutral retire case=00075 pc=0x800028c4 opcode=addi x4=0x8000285d
000000154 RUNTIME_ONLY neutral retire case=00075 pc=0x800028c8 opcode=lw x5=0x80002852
000000155 RUNTIME_ONLY neutral retire case=00075 pc=0x800028cc opcode=sw x6=0x80002857
000000156 RUNTIME_ONLY neutral retire case=00075 pc=0x800028d0 opcode=beq x7=0x8000284c
000000157 RUNTIME_ONLY neutral retire case=00075 pc=0x800028d4 opcode=csrrw x8=0x80002849
000000158 RUNTIME_ONLY neutral retire case=00075 pc=0x800028d8 opcode=xor x9=0x80002846
000000159 RUNTIME_ONLY neutral retire case=00075 pc=0x800028dc opcode=addi x10=0x80002843
000000160 RUNTIME_ONLY neutral retire case=00075 pc=0x800028e0 opcode=lw x11=0x80002840
000000161 RUNTIME_ONLY neutral retire case=00075 pc=0x800028e4 opcode=sw x12=0x80002845
000000162 RUNTIME_ONLY neutral retire case=00075 pc=0x800028e8 opcode=beq x13=0x8000284a
000000163 RUNTIME_ONLY neutral retire case=00075 pc=0x800028ec opcode=csrrw x14=0x8000284f
000000164 RUNTIME_ONLY neutral retire case=00075 pc=0x800028f0 opcode=xor x15=0x80002854
000000165 RUNTIME_ONLY neutral retire case=00075 pc=0x800028f4 opcode=addi x16=0x80002851
000000166 RUNTIME_ONLY neutral retire case=00075 pc=0x800028f8 opcode=lw x17=0x8000285e
000000167 RUNTIME_ONLY neutral retire case=00075 pc=0x800028fc opcode=sw x18=0x8000285b
000000168 RUNTIME_ONLY neutral retire case=00075 pc=0x80002900 opcode=beq x19=0x800029a8
000000169 RUNTIME_ONLY neutral retire case=00075 pc=0x80002904 opcode=csrrw x20=0x800029ad
000000170 RUNTIME_ONLY neutral retire case=00075 pc=0x80002908 opcode=xor x21=0x800029a2
000000171 RUNTIME_ONLY neutral retire case=00075 pc=0x8000290c opcode=addi x22=0x800029a7
000000172 RUNTIME_ONLY neutral retire case=00075 pc=0x80002910 opcode=lw x23=0x800029bc
000000173 RUNTIME_ONLY neutral retire case=00075 pc=0x80002914 opcode=sw x24=0x800029b9
000000174 RUNTIME_ONLY neutral retire case=00075 pc=0x80002918 opcode=beq x25=0x800029b6
000000175 RUNTIME_ONLY neutral retire case=00075 pc=0x8000291c opcode=csrrw x26=0x800029b3
000000176 RUNTIME_ONLY neutral retire case=00075 pc=0x80002920 opcode=xor x27=0x80002990
000000177 RUNTIME_ONLY neutral retire case=00075 pc=0x80002924 opcode=addi x28=0x80002995
000000178 RUNTIME_ONLY neutral retire case=00075 pc=0x80002928 opcode=lw x29=0x8000299a
000000179 RUNTIME_ONLY neutral retire case=00075 pc=0x8000292c opcode=sw x30=0x8000299f
000000180 RUNTIME_ONLY neutral retire case=00075 pc=0x80002930 opcode=beq x31=0x80002984
000000181 RUNTIME_ONLY neutral retire case=00075 pc=0x80002934 opcode=csrrw x0=0x80002981
000000182 RUNTIME_ONLY neutral retire case=00075 pc=0x80002938 opcode=xor x1=0x8000298e
000000183 RUNTIME_ONLY neutral retire case=00075 pc=0x8000293c opcode=addi x2=0x8000298b
000000184 RUNTIME_ONLY neutral retire case=00075 pc=0x80002940 opcode=lw x3=0x800029f8
000000185 RUNTIME_ONLY neutral retire case=00075 pc=0x80002944 opcode=sw x4=0x800029fd
000000186 RUNTIME_ONLY neutral retire case=00075 pc=0x80002948 opcode=beq x5=0x800029f2
000000187 RUNTIME_ONLY neutral retire case=00075 pc=0x8000294c opcode=csrrw x6=0x800029f7
000000188 RUNTIME_ONLY neutral retire case=00075 pc=0x80002950 opcode=xor x7=0x800029ec
000000189 RUNTIME_ONLY neutral retire case=00075 pc=0x80002954 opcode=addi x8=0x800029e9
000000190 RUNTIME_ONLY neutral retire case=00075 pc=0x80002958 opcode=lw x9=0x800029e6
000000191 RUNTIME_ONLY neutral retire case=00075 pc=0x8000295c opcode=sw x10=0x800029e3
000000192 RUNTIME_ONLY neutral retire case=00075 pc=0x80002960 opcode=beq x11=0x800029a0
000000193 RUNTIME_ONLY neutral retire case=00075 pc=0x80002964 opcode=csrrw x12=0x800029a5
000000194 RUNTIME_ONLY neutral retire case=00075 pc=0x80002968 opcode=xor x13=0x800029aa
000000195 RUNTIME_ONLY neutral retire case=00075 pc=0x8000296c opcode=addi x14=0x800029af
000000196 RUNTIME_ONLY neutral retire case=00075 pc=0x80002970 opcode=lw x15=0x800029b4
000000197 RUNTIME_ONLY neutral retire case=00075 pc=0x80002974 opcode=sw x16=0x800029b1
000000198 RUNTIME_ONLY neutral retire case=00075 pc=0x80002978 opcode=beq x17=0x800029be
000000199 RUNTIME_ONLY neutral retire case=00075 pc=0x8000297c opcode=csrrw x18=0x800029bb
000000200 RUNTIME_ONLY neutral retire case=00075 pc=0x80002980 opcode=xor x19=0x80002948
000000201 RUNTIME_ONLY neutral retire case=00075 pc=0x80002984 opcode=addi x20=0x8000294d
000000202 RUNTIME_ONLY neutral retire case=00075 pc=0x80002988 opcode=lw x21=0x80002942
000000203 RUNTIME_ONLY neutral retire case=00075 pc=0x8000298c opcode=sw x22=0x80002947
000000204 RUNTIME_ONLY neutral retire case=00075 pc=0x80002990 opcode=beq x23=0x8000295c
000000205 RUNTIME_ONLY neutral retire case=00075 pc=0x80002994 opcode=csrrw x24=0x80002959
000000206 RUNTIME_ONLY neutral retire case=00075 pc=0x80002998 opcode=xor x25=0x80002956
000000207 RUNTIME_ONLY neutral retire case=00075 pc=0x8000299c opcode=addi x26=0x80002953
000000208 RUNTIME_ONLY neutral retire case=00075 pc=0x800029a0 opcode=lw x27=0x80002970
000000209 RUNTIME_ONLY neutral retire case=00075 pc=0x800029a4 opcode=sw x28=0x80002975
000000210 RUNTIME_ONLY neutral retire case=00075 pc=0x800029a8 opcode=beq x29=0x8000297a
000000211 RUNTIME_ONLY neutral retire case=00075 pc=0x800029ac opcode=csrrw x30=0x8000297f
000000212 RUNTIME_ONLY neutral retire case=00075 pc=0x800029b0 opcode=xor x31=0x80002964
000000213 RUNTIME_ONLY neutral retire case=00075 pc=0x800029b4 opcode=addi x0=0x80002961
000000214 RUNTIME_ONLY neutral retire case=00075 pc=0x800029b8 opcode=lw x1=0x8000296e
000000215 RUNTIME_ONLY neutral retire case=00075 pc=0x800029bc opcode=sw x2=0x8000296b
000000216 RUNTIME_ONLY neutral retire case=00075 pc=0x800029c0 opcode=beq x3=0x80002918
000000217 RUNTIME_ONLY neutral retire case=00075 pc=0x800029c4 opcode=csrrw x4=0x8000291d
000000218 RUNTIME_ONLY neutral retire case=00075 pc=0x800029c8 opcode=xor x5=0x80002912
000000219 RUNTIME_ONLY neutral retire case=00075 pc=0x800029cc opcode=addi x6=0x80002917
000000220 RUNTIME_ONLY neutral retire case=00075 pc=0x800029d0 opcode=lw x7=0x8000290c
000000221 RUNTIME_ONLY neutral retire case=00075 pc=0x800029d4 opcode=sw x8=0x80002909
000000222 RUNTIME_ONLY neutral retire case=00075 pc=0x800029d8 opcode=beq x9=0x80002906
000000223 RUNTIME_ONLY neutral retire case=00075 pc=0x800029dc opcode=csrrw x10=0x80002903
000000224 RUNTIME_ONLY neutral retire case=00075 pc=0x800029e0 opcode=xor x11=0x80002900
000000225 RUNTIME_ONLY neutral retire case=00075 pc=0x800029e4 opcode=addi x12=0x80002905
000000226 RUNTIME_ONLY neutral retire case=00075 pc=0x800029e8 opcode=lw x13=0x8000290a
000000227 RUNTIME_ONLY neutral retire case=00075 pc=0x800029ec opcode=sw x14=0x8000290f
000000228 RUNTIME_ONLY neutral retire case=00075 pc=0x800029f0 opcode=beq x15=0x80002914
000000229 RUNTIME_ONLY neutral retire case=00075 pc=0x800029f4 opcode=csrrw x16=0x80002911
000000230 RUNTIME_ONLY neutral retire case=00075 pc=0x800029f8 opcode=xor x17=0x8000291e
000000231 RUNTIME_ONLY neutral retire case=00075 pc=0x800029fc opcode=addi x18=0x8000291b
000000232 RUNTIME_ONLY neutral retire case=00075 pc=0x80002a00 opcode=lw x19=0x80002ae8
000000233 RUNTIME_ONLY neutral retire case=00075 pc=0x80002a04 opcode=sw x20=0x80002aed
000000234 RUNTIME_ONLY neutral retire case=00075 pc=0x80002a08 opcode=beq x21=0x80002ae2
000000235 RUNTIME_ONLY neutral retire case=00075 pc=0x80002a0c opcode=csrrw x22=0x80002ae7
000000236 RUNTIME_ONLY neutral retire case=00075 pc=0x80002a10 opcode=xor x23=0x80002afc
000000237 RUNTIME_ONLY neutral retire case=00075 pc=0x80002a14 opcode=addi x24=0x80002af9
000000238 RUNTIME_ONLY neutral retire case=00075 pc=0x80002a18 opcode=lw x25=0x80002af6
000000239 RUNTIME_ONLY neutral retire case=00075 pc=0x80002a1c opcode=sw x26=0x80002af3
000000240 RUNTIME_ONLY neutral retire case=00075 pc=0x80002a20 opcode=beq x27=0x80002ad0
