UVM_FATAL /runtime_only_unique_aaof.sv(1) @ 1: runtime_only_unique_failure_aaof normalization resistant timing marker
RUNTIME_ONLY_CASE=396 SOURCE_A=benchmark_set_2:5
Mismatch[1]:
ibex[937] : pc[80000c7e] srai x21,x28,0x1: s5:ffffff32
RUNTIME_ONLY_COMBINE SOURCE_B=benchmark_set_1:4
riscv_debug_basic_test.0 : [FAILED]
000000000 RUNTIME_ONLY neutral retire case=00396 pc=0x8000caa4 opcode=addi x12=0x8000caa4
000000001 RUNTIME_ONLY neutral retire case=00396 pc=0x8000caa8 opcode=lw x13=0x8000caa9
000000002 RUNTIME_ONLY neutral retire case=00396 pc=0x8000caac opcode=sw x14=0x8000caae
000000003 RUNTIME_ONLY neutral retire case=00396 pc=0x8000cab0 opcode=beq x15=0x8000cab3
000000004 RUNTIME_ONLY neutral retire case=00396 pc=0x8000cab4 opcode=csrrw x16=0x8000cab0
000000005 RUNTIME_ONLY neutral retire case=00396 pc=0x8000cab8 opcode=xor x17=0x8000cabd
000000006 RUNTIME_ONLY neutral retire case=00396 pc=0x8000cabc opcode=addi x18=0x8000caba
000000007 RUNTIME_ONLY neutral retire case=00396 pc=0x8000cac0 opcode=lw x19=0x8000cac7
000000008 RUNTIME_ONLY neutral retire case=00396 pc=0x8000cac4 opcode=sw x20=0x8000cacc
000000009 RUNTIME_ONLY neutral retire case=00396 pc=0x8000cac8 opcode=beq x21=0x8000cac1
000000010 RUNTIME_ONLY neutral retire case=00396 pc=0x8000cacc opcode=csrrw x22=0x8000cac6
000000011 RUNTIME_ONLY neutral retire case=00396 pc=0x8000cad0 opcode=xor x23=0x8000cadb
000000012 RUNTIME_ONLY neutral retire case=00396 pc=0x8000cad4 opcode=addi x24=0x8000cad8
000000013 RUNTIME_ONLY neutral retire case=00396 pc=0x8000cad8 opcode=lw x25=0x8000cad5
000000014 RUNTIME_ONLY neutral retire case=00396 pc=0x8000cadc opcode=sw x26=0x8000cad2
000000015 RUNTIME_ONLY neutral retire case=00396 pc=0x8000cae0 opcode=beq x27=0x8000caef
