Time	Cycle	PC	Insn	Decoded instruction	Register and memory contents
           7897	       293	80000080	40001a37	lui	x20,0x40001	 x20=0x40001000
           8097	       303	80000084	106a0a13	addi	x20,x20,262	 x20:0x40001000 x20=0x40001106
           8117	       304	80000088	301a1073	csrrw	x0,misa,x20	 x20:0x40001106  x0=0x00000000
           8177	       307	8000008c	00026217	auipc	x4,0x26	  x4=0x8002608c
           8197	       308	80000090	c5820213	addi	x4,x4,-936	  x4:0x8002608c  x4=0x80025ce4
           8217	       309	80000094	00002a17	auipc	x20,0x2	 x20=0x80002094
           8597	       328	80000098	56ca0a13	addi	x20,x20,1388	 x20:0x80002094 x20=0x80002600
           8617	       329	8000009c	001a6a13	ori	x20,x20,1	 x20:0x80002600 x20=0x80002601
           8857	       341	800000a0	305a1073	csrrw	x0,mtvec,x20	 x20:0x80002601  x0=0x00000000
           9277	       362	800000a4	74725073	csrrwi	x0,0x747,4	  x0=0x00000000
           9337	       365	800000a8	00003c97	auipc	x25,0x3	 x25=0x800030a8
           9437	       370	800000ac	304c8c93	addi	x25,x25,772	 x25:0x800030a8 x25=0x800033ac
           9497	       373	800000b0	4a01	c.li	x20,0	 x20=0x00000000
           9517	       374	800000b2	9cd2	c.add	x25,x20	 x25:0x800033ac x20:0x00000000 x25=0x800033ac
           9917	       394	800000b4	002cdc93	srli	x25,x25,0x2	 x25:0x800033ac x25=0x20000ceb
           9937	       395	800000b8	3b0c9073	csrrw	x0,pmpaddr0,x25	 x25:0x20000ceb  x0=0x00000000
           9997	       398	800000bc	00003c97	auipc	x25,0x3	 x25=0x800030bc
          10377	       417	800000c0	2f0c8c93	addi	x25,x25,752	 x25:0x800030bc x25=0x800033ac
          10397	       418	800000c4	11111a37	lui	x20,0x11111	 x20=0x11111000
          10677	       432	800000c8	111a0a13	addi	x20,x20,273	 x20:0x11111000 x20=0x11111111
          10757	       436	800000cc	9cd2	c.add	x25,x20	 x25:0x800033ac x20:0x11111111 x25=0x911144bd
          11057	       451	800000ce	002cdc93	srli	x25,x25,0x2	 x25:0x911144bd x25=0x2444512f
          11077	       452	800000d2	3b1c9073	csrrw	x0,pmpaddr1,x25	 x25:0x2444512f  x0=0x00000000
          11397	       468	800000d6	00003c97	auipc	x25,0x3	 x25=0x800030d6
          11417	       469	800000da	2d6c8c93	addi	x25,x25,726	 x25:0x800030d6 x25=0x800033ac
          11597	       478	800000de	22222a37	lui	x20,0x22222	 x20=0x22222000
          11777	       487	800000e2	222a0a13	addi	x20,x20,546	 x20:0x22222000 x20=0x22222222
          11797	       488	800000e6	9cd2	c.add	x25,x20	 x25:0x800033ac x20:0x22222222 x25=0xa22255ce
          12057	       501	800000e8	002cdc93	srli	x25,x25,0x2	 x25:0xa22255ce x25=0x28889573
          12077	       502	800000ec	3b2c9073	csrrw	x0,pmpaddr2,x25	 x25:0x28889573  x0=0x00000000
          12417	       519	800000f0	00003c97	auipc	x25,0x3	 x25=0x800030f0
          12557	       526	800000f4	2bcc8c93	addi	x25,x25,700	 x25:0x800030f0 x25=0x800033ac
          12577	       527	800000f8	33333a37	lui	x20,0x33333	 x20=0x33333000
          12597	       528	800000fc	333a0a13	addi	x20,x20,819	 x20:0x33333000 x20=0x33333333
          12657	       531	80000100	9cd2	c.add	x25,x20	 x25:0x800033ac x20:0x33333333 x25=0xb33366df
          12677	       532	80000102	002cdc93	srli	x25,x25,0x2	 x25:0xb33366df x25=0x2cccd9b7
          12697	       533	80000106	3b3c9073	csrrw	x0,pmpaddr3,x25	 x25:0x2cccd9b7  x0=0x00000000
          12757	       536	8000010a	0f0f1cb7	lui	x25,0xf0f1	 x25=0x0f0f1000
          12777	       537	8000010e	f0fc8c93	addi	x25,x25,-241	 x25:0x0f0f1000 x25=0x0f0f0f0f
          13017	       549	80000112	3a0c9073	csrrw	x0,pmpcfg0,x25	 x25:0x0f0f0f0f  x0=0x00000000
          13077	       552	80000116	00003c97	auipc	x25,0x3	 x25=0x80003116
          13097	       553	8000011a	296c8c93	addi	x25,x25,662	 x25:0x80003116 x25=0x800033ac
          13117	       554	8000011e	44444a37	lui	x20,0x44444	 x20=0x44444000
          13177	       557	80000122	444a0a13	addi	x20,x20,1092	 x20:0x44444000 x20=0x44444444
          13197	       558	80000126	9cd2	c.add	x25,x20	 x25:0x800033ac x20:0x44444444 x25=0xc44477f0
          13217	       559	80000128	002cdc93	srli	x25,x25,0x2	 x25:0xc44477f0 x25=0x31111dfc
          13237	       560	8000012c	3b4c9073	csrrw	x0,pmpaddr4,x25	 x25:0x31111dfc  x0=0x00000000
          13357	       566	80000130	00003c97	auipc	x25,0x3	 x25=0x80003130
          13397	       568	80000134	27cc8c93	addi	x25,x25,636	 x25:0x80003130 x25=0x800033ac
          13817	       589	80000138	55555a37	lui	x20,0x55555	 x20=0x55555000
          13837	       590	8000013c	555a0a13	addi	x20,x20,1365	 x20:0x55555000 x20=0x55555555
          13877	       592	80000140	9cd2	c.add	x25,x20	 x25:0x800033ac x20:0x55555555 x25=0xd5558901
          13937	       595	80000142	002cdc93	srli	x25,x25,0x2	 x25:0xd5558901 x25=0x35556240
          13957	       596	80000146	3b5c9073	csrrw	x0,pmpaddr5,x25	 x25:0x35556240  x0=0x00000000
          14017	       599	8000014a	00003c97	auipc	x25,0x3	 x25=0x8000314a
          14037	       600	8000014e	262c8c93	addi	x25,x25,610	 x25:0x8000314a x25=0x800033ac
          14057	       601	80000152	66666a37	lui	x20,0x66666	 x20=0x66666000
          14257	       611	80000156	666a0a13	addi	x20,x20,1638	 x20:0x66666000 x20=0x66666666
          14277	       612	8000015a	9cd2	c.add	x25,x20	 x25:0x800033ac x20:0x66666666 x25=0xe6669a12
          14677	       632	8000015c	002cdc93	srli	x25,x25,0x2	 x25:0xe6669a12 x25=0x3999a684
          15077	       652	80000160	3b6c9073	csrrw	x0,pmpaddr6,x25	 x25:0x3999a684  x0=0x00000000
          15137	       655	80000164	00003c97	auipc	x25,0x3	 x25=0x80003164
          15157	       656	80000168	248c8c93	addi	x25,x25,584	 x25:0x80003164 x25=0x800033ac
          15177	       657	8000016c	77777a37	lui	x20,0x77777	 x20=0x77777000
          15197	       658	80000170	777a0a13	addi	x20,x20,1911	 x20:0x77777000 x20=0x77777777
          15217	       659	80000174	9cd2	c.add	x25,x20	 x25:0x800033ac x20:0x77777777 x25=0xf777ab23
          15237	       660	80000176	002cdc93	srli	x25,x25,0x2	 x25:0xf777ab23 x25=0x3dddeac8
          15397	       668	8000017a	3b7c9073	csrrw	x0,pmpaddr7,x25	 x25:0x3dddeac8  x0=0x00000000
          15537	       675	8000017e	0f0f1cb7	lui	x25,0xf0f1	 x25=0x0f0f1000
          15557	       676	80000182	f0fc8c93	addi	x25,x25,-241	 x25:0x0f0f1000 x25=0x0f0f0f0f
          15577	       677	80000186	3a1c9073	csrrw	x0,pmpcfg1,x25	 x25:0x0f0f0f0f  x0=0x00000000
          15637	       680	8000018a	00003c97	auipc	x25,0x3	 x25=0x8000318a
          15657	       681	8000018e	222c8c93	addi	x25,x25,546	 x25:0x8000318a x25=0x800033ac
          15677	       682	80000192	88889a37	lui	x20,0x88889	 x20=0x88889000
          16057	       701	80000196	888a0a13	addi	x20,x20,-1912	 x20:0x88889000 x20=0x88888888
          16077	       702	8000019a	9cd2	c.add	x25,x20	 x25:0x800033ac x20:0x88888888 x25=0x0888bc34
          16097	       703	8000019c	002cdc93	srli	x25,x25,0x2	 x25:0x0888bc34 x25=0x02222f0d
          16117	       704	800001a0	3b8c9073	csrrw	x0,pmpaddr8,x25	 x25:0x02222f0d  x0=0x00000000
          16517	       724	800001a4	00003c97	auipc	x25,0x3	 x25=0x800031a4
          16937	       745	800001a8	208c8c93	addi	x25,x25,520	 x25:0x800031a4 x25=0x800033ac
          17357	       766	800001ac	9999aa37	lui	x20,0x9999a	 x20=0x9999a000
          17377	       767	800001b0	999a0a13	addi	x20,x20,-1639	 x20:0x9999a000 x20=0x99999999
          17397	       768	800001b4	9cd2	c.add	x25,x20	 x25:0x800033ac x20:0x99999999 x25=0x1999cd45
          17417	       769	800001b6	002cdc93	srli	x25,x25,0x2	 x25:0x1999cd45 x25=0x06667351
          17437	       770	800001ba	3b9c9073	csrrw	x0,pmpaddr9,x25	 x25:0x06667351  x0=0x00000000
          17497	       773	800001be	00003c97	auipc	x25,0x3	 x25=0x800031be
          17777	       787	800001c2	1eec8c93	addi	x25,x25,494	 x25:0x800031be x25=0x800033ac
          18197	       808	800001c6	aaaaba37	lui	x20,0xaaaab	 x20=0xaaaab000
          18217	       809	800001ca	aaaa0a13	addi	x20,x20,-1366	 x20:0xaaaab000 x20=0xaaaaaaaa
          18237	       810	800001ce	9cd2	c.add	x25,x20	 x25:0x800033ac x20:0xaaaaaaaa x25=0x2aaade56
          18257	       811	800001d0	002cdc93	srli	x25,x25,0x2	 x25:0x2aaade56 x25=0x0aaab795
          18357	       816	800001d4	3bac9073	csrrw	x0,pmpaddr10,x25	 x25:0x0aaab795  x0=0x00000000
          18477	       822	800001d8	00003c97	auipc	x25,0x3	 x25=0x800031d8
          18497	       823	800001dc	1d4c8c93	addi	x25,x25,468	 x25:0x800031d8 x25=0x800033ac
          18637	       830	800001e0	bbbbca37	lui	x20,0xbbbbc	 x20=0xbbbbc000
          18657	       831	800001e4	bbba0a13	addi	x20,x20,-1093	 x20:0xbbbbc000 x20=0xbbbbbbbb
          18677	       832	800001e8	9cd2	c.add	x25,x20	 x25:0x800033ac x20:0xbbbbbbbb x25=0x3bbbef67
          18697	       833	800001ea	002cdc93	srli	x25,x25,0x2	 x25:0x3bbbef67 x25=0x0eeefbd9
          18717	       834	800001ee	3bbc9073	csrrw	x0,pmpaddr11,x25	 x25:0x0eeefbd9  x0=0x00000000
          19017	       849	800001f2	0f0f1cb7	lui	x25,0xf0f1	 x25=0x0f0f1000
          19097	       853	800001f6	f0fc8c93	addi	x25,x25,-241	 x25:0x0f0f1000 x25=0x0f0f0f0f
          19117	       854	800001fa	3a2c9073	csrrw	x0,pmpcfg2,x25	 x25:0x0f0f0f0f  x0=0x00000000
          19537	       875	800001fe	00003c97	auipc	x25,0x3	 x25=0x800031fe
          19557	       876	80000202	1aec8c93	addi	x25,x25,430	 x25:0x800031fe x25=0x800033ac
          19677	       882	80000206	ccccda37	lui	x20,0xccccd	 x20=0xccccd000
          19697	       883	8000020a	ccca0a13	addi	x20,x20,-820	 x20:0xccccd000 x20=0xcccccccc
          19717	       884	8000020e	9cd2	c.add	x25,x20	 x25:0x800033ac x20:0xcccccccc x25=0x4ccd0078
          19817	       889	80000210	002cdc93	srli	x25,x25,0x2	 x25:0x4ccd0078 x25=0x1333401e
          19837	       890	80000214	3bcc9073	csrrw	x0,pmpaddr12,x25	 x25:0x1333401e  x0=0x00000000
          19897	       893	80000218	00003c97	auipc	x25,0x3	 x25=0x80003218
          20057	       901	8000021c	194c8c93	addi	x25,x25,404	 x25:0x80003218 x25=0x800033ac
          20217	       909	80000220	ddddea37	lui	x20,0xdddde	 x20=0xdddde000
          20237	       910	80000224	ddda0a13	addi	x20,x20,-547	 x20:0xdddde000 x20=0xdddddddd
          20457	       921	80000228	9cd2	c.add	x25,x20	 x25:0x800033ac x20:0xdddddddd x25=0x5dde1189
          20477	       922	8000022a	002cdc93	srli	x25,x25,0x2	 x25:0x5dde1189 x25=0x17778462
          20677	       932	8000022e	3bdc9073	csrrw	x0,pmpaddr13,x25	 x25:0x17778462  x0=0x00000000
          20737	       935	80000232	00003c97	auipc	x25,0x3	 x25=0x80003232
          20757	       936	80000236	17ac8c93	addi	x25,x25,378	 x25:0x80003232 x25=0x800033ac
          20777	       937	8000023a	eeeefa37	lui	x20,0xeeeef	 x20=0xeeeef000
          20897	       943	8000023e	eeea0a13	addi	x20,x20,-274	 x20:0xeeeef000 x20=0xeeeeeeee
          20917	       944	80000242	9cd2	c.add	x25,x20	 x25:0x800033ac x20:0xeeeeeeee x25=0x6eef229a
          20937	       945	80000244	002cdc93	srli	x25,x25,0x2	 x25:0x6eef229a x25=0x1bbbc8a6
          21337	       965	80000248	3bec9073	csrrw	x0,pmpaddr14,x25	 x25:0x1bbbc8a6  x0=0x00000000
          21397	       968	8000024c	00003c97	auipc	x25,0x3	 x25=0x8000324c
          21417	       969	80000250	160c8c93	addi	x25,x25,352	 x25:0x8000324c x25=0x800033ac
          21437	       970	80000254	fff00a13	addi	x20,x0,-1	  x0:0x00000000 x20=0xffffffff
          21577	       977	80000258	9cd2	c.add	x25,x20	 x25:0x800033ac x20:0xffffffff x25=0x800033ab
          21997	       998	8000025a	002cdc93	srli	x25,x25,0x2	 x25:0x800033ab x25=0x20000cea
          22017	       999	8000025e	3bfc9073	csrrw	x0,pmpaddr15,x25	 x25:0x20000cea  x0=0x00000000
          22077	      1002	80000262	0f0f1cb7	lui	x25,0xf0f1	 x25=0x0f0f1000
          22097	      1003	80000266	f0fc8c93	addi	x25,x25,-241	 x25:0x0f0f1000 x25=0x0f0f0f0f
          22117	      1004	8000026a	3a3c9073	csrrw	x0,pmpcfg3,x25	 x25:0x0f0f0f0f  x0=0x00000000
          22177	      1007	8000026e	00000a17	auipc	x20,0x0	 x20=0x8000026e
          22377	      1017	80000272	058a0a13	addi	x20,x20,88	 x20:0x8000026e x20=0x800002c6
          22397	      1018	80000276	341a1073	csrrw	x0,mepc,x20	 x20:0x800002c6  x0=0x00000000
          22517	      1024	8000027a	7c00d073	csrrwi	x0,0x7c0,1	  x0=0x00000000
          22577	      1027	8000027e	6a09	c.lui	x20,0x2	 x20=0x00002000
          22597	      1028	80000280	800a0a13	addi	x20,x20,-2048	 x20:0x00002000 x20=0x00001800
          22617	      1029	80000284	300a1073	csrrw	x0,mstatus,x20	 x20:0x00001800  x0=0x00000000
          22677	      1032	80000288	4a01	c.li	x20,0	 x20=0x00000000
          22697	      1033	8000028a	304a1073	csrrw	x0,mie,x20	 x20:0x00000000  x0=0x00000000
          22937	      1045	8000028e	90000c37	lui	x24,0x90000	 x24=0x90000000
          22957	      1046	80000292	1c71	c.addi	x24,-4	 x24:0x90000000 x24=0x8ffffffc
          22977	      1047	80000294	30000a13	addi	x20,x0,768	  x0:0x00000000 x20=0x00000300
          23237	      1060	80000298	0a22	c.slli	x20,0x8	 x20:0x00000300 x20=0x00030000
          23257	      1061	8000029a	0a0d	c.addi	x20,3	 x20:0x00030000 x20=0x00030003
          23497	      1073	8000029c	014c2023	sw	x20,0(x24)	 x24:0x8ffffffc x20:0x00030003 PA:0x8ffffffc store:0x00030003
          23577	      1077	800002a0	30002a73	csrrs	x20,mstatus,x0	  x0:0x00000000 x20=0x00001800
          23797	      1088	800002a4	014c2023	sw	x20,0(x24)	 x24:0x8ffffffc x20:0x00001800 PA:0x8ffffffc store:0x00001800
          23817	      1089	800002a8	90000c37	lui	x24,0x90000	 x24=0x90000000
          23877	      1092	800002ac	1c71	c.addi	x24,-4	 x24:0x90000000 x24=0x8ffffffc
          24297	      1113	800002ae	30400a13	addi	x20,x0,772	  x0:0x00000000 x20=0x00000304
          24317	      1114	800002b2	0a22	c.slli	x20,0x8	 x20:0x00000304 x20=0x00030400
          24337	      1115	800002b4	0a0d	c.addi	x20,3	 x20:0x00030400 x20=0x00030403
          24397	      1118	800002b6	014c2023	sw	x20,0(x24)	 x24:0x8ffffffc x20:0x00030403 PA:0x8ffffffc store:0x00030403
          24437	      1120	800002ba	30402a73	csrrs	x20,mie,x0	  x0:0x00000000 x20=0x00000000
          24937	      1145	800002be	014c2023	sw	x20,0(x24)	 x24:0x8ffffffc x20:0x00000000 PA:0x8ffffffc store:0x00000000
          24957	      1146	800002c2	30200073	mret	
          25037	      1150	800002c6	00400013	addi	x0,x0,4	  x0:0x00000000  x0=0x00000000
          25057	      1151	800002ca	faaa70b7	lui	x1,0xfaaa7	  x1=0xfaaa7000
          25877	      1192	800002ce	ecd08093	addi	x1,x1,-307	  x1:0xfaaa7000  x1=0xfaaa6ecd
          25897	      1193	800002d2	4125	c.li	x2,9	  x2=0x00000009
          26257	      1211	800002d4	4181	c.li	x3,0	  x3=0x00000000
          26277	      1212	800002d6	0a2fb2b7	lui	x5,0xa2fb	  x5=0x0a2fb000
          26297	      1213	800002da	f7528293	addi	x5,x5,-139	  x5:0x0a2fb000  x5=0x0a2faf75
          26317	      1214	800002de	f32a7337	lui	x6,0xf32a7	  x6=0xf32a7000
          26637	      1230	800002e2	d4730313	addi	x6,x6,-697	  x6:0xf32a7000  x6=0xf32a6d47
          26817	      1239	800002e6	fe9b13b7	lui	x7,0xfe9b1	  x7=0xfe9b1000
          26837	      1240	800002ea	03d9	c.addi	x7,22	  x7:0xfe9b1000  x7=0xfe9b1016
          26897	      1243	800002ec	a4614437	lui	x8,0xa4614	  x8=0xa4614000
          26917	      1244	800002f0	2a040413	addi	x8,x8,672	  x8:0xa4614000  x8=0xa46142a0
          26937	      1245	800002f4	800004b7	lui	x9,0x80000	  x9=0x80000000
          27357	      1266	800002f8	cf367537	lui	x10,0xcf367	 x10=0xcf367000
          27557	      1276	800002fc	09c50513	addi	x10,x10,156	 x10:0xcf367000 x10=0xcf36709c
          27577	      1277	80000300	45a5	c.li	x11,9	 x11=0x00000009
          27597	      1278	80000302	4681	c.li	x13,0	 x13=0x00000000
          27617	      1279	80000304	f8c2c737	lui	x14,0xf8c2c	 x14=0xf8c2c000
          28017	      1299	80000308	a6c70713	addi	x14,x14,-1428	 x14:0xf8c2c000 x14=0xf8c2ba6c
          28037	      1300	8000030c	800007b7	lui	x15,0x80000	 x15=0x80000000
          28157	      1306	80000310	848ff837	lui	x16,0x848ff	 x16=0x848ff000
          28217	      1309	80000314	90f80813	addi	x16,x16,-1777	 x16:0x848ff000 x16=0x848fe90f
          28237	      1310	80000318	fb21d8b7	lui	x17,0xfb21d	 x17=0xfb21d000
          28557	      1326	8000031c	e8488893	addi	x17,x17,-380	 x17:0xfb21d000 x17=0xfb21ce84
          28577	      1327	80000320	40dd8937	lui	x18,0x40dd8	 x18=0x40dd8000
          28777	      1337	80000324	38490913	addi	x18,x18,900	 x18:0x40dd8000 x18=0x40dd8384
          28797	      1338	80000328	4981	c.li	x19,0	 x19=0x00000000
          28817	      1339	8000032a	4a01	c.li	x20,0	 x20=0x00000000
          28837	      1340	8000032c	4a81	c.li	x21,0	 x21=0x00000000
          28857	      1341	8000032e	4b39	c.li	x22,14	 x22=0x0000000e
          28937	      1345	80000330	6488ebb7	lui	x23,0x6488e	 x23=0x6488e000
          29017	      1349	80000334	577b8b93	addi	x23,x23,1399	 x23:0x6488e000 x23=0x6488e577
          29037	      1350	80000338	a992ac37	lui	x24,0xa992a	 x24=0xa992a000
          29057	      1351	8000033c	9f4c0c13	addi	x24,x24,-1548	 x24:0xa992a000 x24=0xa99299f4
          29237	      1360	80000340	34223cb7	lui	x25,0x34223	 x25=0x34223000
          29277	      1362	80000344	450c8c93	addi	x25,x25,1104	 x25:0x34223000 x25=0x34223450
          29297	      1363	80000348	f01a6d37	lui	x26,0xf01a6	 x26=0xf01a6000
          29417	      1369	8000034c	e0ed0d13	addi	x26,x26,-498	 x26:0xf01a6000 x26=0xf01a5e0e
          29437	      1370	80000350	f96c4db7	lui	x27,0xf96c4	 x27=0xf96c4000
          29457	      1371	80000354	e3bd8d93	addi	x27,x27,-453	 x27:0xf96c4000 x27=0xf96c3e3b
          29877	      1392	80000358	fae11e37	lui	x28,0xfae11	 x28=0xfae11000
          29977	      1397	8000035c	158e0e13	addi	x28,x28,344	 x28:0xfae11000 x28=0xfae11158
          30297	      1413	80000360	ad2e2eb7	lui	x29,0xad2e2	 x29=0xad2e2000
          30357	      1416	80000364	ea9e8e93	addi	x29,x29,-343	 x29:0xad2e2000 x29=0xad2e1ea9
          30377	      1417	80000368	4f1d	c.li	x30,7	 x30=0x00000007
          30397	      1418	8000036a	8fde9fb7	lui	x31,0x8fde9	 x31=0x8fde9000
          30457	      1421	8000036e	d66f8f93	addi	x31,x31,-666	 x31:0x8fde9000 x31=0x8fde8d66
          30757	      1436	80000372	00022617	auipc	x12,0x22	 x12=0x80022372
          31077	      1452	80000376	af260613	addi	x12,x12,-1294	 x12:0x80022372 x12=0x80021e64
          31237	      1460	8000037a	90000c37	lui	x24,0x90000	 x24=0x90000000
          31257	      1461	8000037e	1c71	c.addi	x24,-4	 x24:0x90000000 x24=0x8ffffffc
          31277	      1462	80000380	4a01	c.li	x20,0	 x20=0x00000000
          31297	      1463	80000382	0a22	c.slli	x20,0x8	 x20:0x00000000 x20=0x00000000
          31317	      1464	80000384	000a0a13	addi	x20,x20,0	 x20:0x00000000 x20=0x00000000
          31557	      1476	80000388	014c2023	sw	x20,0(x24)	 x24:0x8ffffffc x20:0x00000000 PA:0x8ffffffc store:0x00000000
          31577	      1477	8000038c	0200306f	jal	x0,800033ac	  x0=0x00000000
          32277	      1512	800033ac	02b93a33	mulhu	x20,x18,x11	 x18:0x40dd8384 x11:0x00000009 x20=0x00000002
          32297	      1513	800033b0	6171	c.addi16sp	x2,336	  x2:0x00000009  x2=0x00000159
          33337	      1565	800033b2	0270c9b3	div	x19,x1,x7	  x1:0xfaaa6ecd  x7:0xfe9b1016 x19=0x00000003
          34077	      1602	800033b6	02495b33	divu	x22,x18,x4	 x18:0x40dd8384  x4:0x80025ce4 x22=0x00000000
          34097	      1603	800033ba	0f1a	c.slli	x30,0x6	 x30:0x00000007 x30=0x000001c0
          34117	      1604	800033bc	68ad	c.lui	x17,0xb	 x17=0x0000b000
          34137	      1605	800033be	37e1b013	sltiu	x0,x3,894	  x3:0x00000000  x0=0x00000000
          34157	      1606	800033c2	00f32333	slt	x6,x6,x15	  x6:0xf32a6d47 x15:0x80000000  x6=0x00000000
          34177	      1607	800033c6	8539	c.srai	x10,0xe	 x10:0xcf36709c x10=0xffff3cd9
          34197	      1608	800033c8	09f9	c.addi	x19,30	 x19:0x00000003 x19=0x00000021
          34217	      1609	800033ca	976f7793	andi	x15,x30,-1674	 x30:0x000001c0 x15=0x00000140
          34237	      1610	800033ce	8691	c.srai	x13,0x4	 x13:0x00000000 x13=0x00000000
          34277	      1612	800033d0	02d869b3	rem	x19,x16,x13	 x16:0x848fe90f x13:0x00000000 x19=0x848fe90f
          34437	      1620	800033d4	8fad	c.xor	x15,x11	 x15:0x00000140 x11:0x00000009 x15=0x00000149
          34457	      1621	800033d6	5bfd	c.li	x23,-1	 x23=0xffffffff
          34477	      1622	800033d8	0092d693	srli	x13,x5,0x9	  x5:0x0a2faf75 x13=0x000517d7
          34557	      1626	800033dc	066d7837	lui	x16,0x66d7	 x16=0x066d7000
          34577	      1627	800033e0	3bb025f3	csrrs	x11,pmpaddr11,x0	  x0:0x00000000 x11=0x0eeefbd9
          34657	      1631	800033e4	03c46b63	bltu	x8,x28,8000341a	  x8:0xa46142a0 x28:0xfae11158
          35357	      1666	8000341a	0000100f	fence.i	
          36057	      1701	8000341e	03ae0a33	mul	x20,x28,x26	 x28:0xfae11158 x26:0xf01a5e0e x20=0x9f9d42d0
          36077	      1702	80003422	557d	c.li	x10,-1	 x10=0xffffffff
          36097	      1703	80003424	025786b3	mul	x13,x15,x5	 x15:0x00000149  x5:0x0a2faf75 x13=0x17487d5d
          36417	      1719	80003428	00f16263	bltu	x2,x15,8000342c	  x2:0x00000159 x15:0x00000149
          36457	      1721	8000342c	02049933	mulh	x18,x9,x0	  x9:0x80000000  x0:0x00000000 x18=0x00000000
          36557	      1726	80003430	00c54fb3	xor	x31,x10,x12	 x10:0xffffffff x12:0x80021e64 x31=0x7ffde19b
          36657	      1731	80003434	0ff0000f	fence	iorw,iorw	
          36777	      1737	80003438	410c8333	sub	x6,x25,x16	 x25:0x34223450 x16:0x066d7000  x6=0x2db4c450
          36997	      1748	8000343c	004a9a33	sll	x20,x21,x4	 x21:0x00000000  x4:0x80025ce4 x20=0x00000000
          37097	      1753	80003440	00644763	blt	x8,x6,8000344e	  x8:0xa46142a0  x6:0x2db4c450
          37597	      1778	8000344e	8c81	c.sub	x9,x8	  x9:0x80000000  x8:0xa46142a0  x9=0xdb9ebd60
          37617	      1779	80003450	00c588b3	add	x17,x11,x12	 x11:0x0eeefbd9 x12:0x80021e64 x17=0x8ef11a3d
          37637	      1780	80003454	34402d73	csrrs	x26,mip,x0	  x0:0x00000000 x26=0x00000000
          37657	      1781	80003458	b86028f3	csrrs	x17,mhpmcounter6h,x0	  x0:0x00000000 x17=0x00000000
          37677	      1782	8000345c	00c4fbb3	and	x23,x9,x12	  x9:0xdb9ebd60 x12:0x80021e64 x23=0x80021c60
          37717	      1784	80003460	eabe8313	addi	x6,x29,-341	 x29:0xad2e1ea9  x6=0xad2e1d54
          37737	      1785	80003464	3289f973	csrrci	x18,mhpmevent8,19	 x18=0x00000020
          38877	      1842	80003468	021fde33	divu	x28,x31,x1	 x31:0x7ffde19b  x1:0xfaaa6ecd x28=0x00000000
          38897	      1843	8000346c	017d9193	slli	x3,x27,0x17	 x27:0xf96c3e3b  x3=0x1d800000
          38917	      1844	80003470	0001	c.addi	x0,0	  x0:0x00000000  x0=0x00000000
          38937	      1845	80003472	64f9	c.lui	x9,0x1e	  x9=0x0001e000
          38957	      1846	80003474	8d6a	c.mv	x26,x26	  x0:0x00000000 x26:0x00000000 x26=0x00000000
          38977	      1847	80003476	8cb5	c.xor	x9,x13	  x9:0x0001e000 x13:0x17487d5d  x9=0x17499d5d
          38997	      1848	80003478	0108d7b3	srl	x15,x17,x16	 x17:0x00000000 x16:0x066d7000 x15=0x00000000
          39017	      1849	8000347c	908a	c.add	x1,x2	  x1:0xfaaa6ecd  x2:0x00000159  x1=0xfaaa7026
          39037	      1850	8000347e	f779f597	auipc	x11,0xf779f	 x11=0x777a247e
          39057	      1851	80003482	1bfd	c.addi	x23,-1	 x23:0x80021c60 x23=0x80021c5f
          39437	      1870	80003484	018ecc63	blt	x29,x24,8000349c	 x29:0xad2e1ea9 x24:0x8ffffffc
          39457	      1871	80003488	8e85	c.sub	x13,x9	 x13:0x17487d5d  x9:0x17499d5d x13=0xfffee000
          39477	      1872	8000348a	99fd	c.andi	x11,-1	 x11:0x777a247e x11=0x777a247e
          39497	      1873	8000348c	b8409573	csrrw	x10,mhpmcounter4h,x1	  x1:0xfaaa7026 x10=0x00000000
          39557	      1876	80003490	006d1c33	sll	x24,x26,x6	 x26:0x00000000  x6:0xad2e1d54 x24=0x00000000
          39577	      1877	80003494	01f75e63	bge	x14,x31,800034b0	 x14:0xf8c2ba6c x31:0x7ffde19b
          39637	      1880	80003498	0ff0000f	fence	iorw,iorw	
          39657	      1881	8000349c	05f6	c.slli	x11,0x1d	 x11:0x777a247e x11=0xc0000000
          39737	      1885	8000349e	329fd873	csrrwi	x16,mhpmevent9,31	 x16=0x00000040
          39797	      1888	800034a2	0001	c.addi	x0,0	  x0:0x00000000  x0=0x00000000
          39817	      1889	800034a4	e995	c.bnez	x11,800034d8	 x11:0xc0000000
          40217	      1909	800034d8	88c1	c.andi	x9,16	  x9:0x17499d5d  x9=0x00000010
          40277	      1912	800034da	0031f763	bgeu	x3,x3,800034e8	  x3:0x1d800000  x3:0x1d800000
          41297	      1963	800034e8	000aeeb3	or	x29,x21,x0	 x21:0x00000000  x0:0x00000000 x29=0x00000000
          41317	      1964	800034ec	8d25	c.xor	x10,x9	 x10:0x00000000  x9:0x00000010 x10=0x00000010
          41337	      1965	800034ee	01ad39b3	sltu	x19,x26,x26	 x26:0x00000000 x26:0x00000000 x19=0x00000000
          41657	      1981	800034f2	b0892df3	csrrs	x27,mhpmcounter8,x18	 x18:0x00000020 x27=0x00000007
          41857	      1991	800034f6	41c55933	sra	x18,x10,x28	 x10:0x00000010 x28:0x00000000 x18=0x00000010
          41877	      1992	800034fa	8b0d	c.andi	x14,3	 x14:0xf8c2ba6c x14=0x00000000
          42617	      2029	800034fc	03f764b3	rem	x9,x14,x31	 x14:0x00000000 x31:0x7ffde19b  x9=0x00000000
          42637	      2030	80003500	8a323d13	sltiu	x26,x4,-1885	  x4:0x80025ce4 x26=0x00000001
          42657	      2031	80003504	6f19	c.lui	x30,0x6	 x30=0x00006000
          42677	      2032	80003506	8ed1	c.or	x13,x12	 x13:0xfffee000 x12:0x80021e64 x13=0xfffefe64
          42697	      2033	80003508	b099dff3	csrrwi	x31,mhpmcounter9,19	 x31=0x00000004
          42757	      2036	8000350c	010a1893	slli	x17,x20,0x10	 x20:0x00000000 x17=0x00000000
          42777	      2037	80003510	406d01b3	sub	x3,x26,x6	 x26:0x00000001  x6:0xad2e1d54  x3=0x52d1e2ad
          42797	      2038	80003514	8045	c.srli	x8,0x11	  x8:0xa46142a0  x8=0x00005230
          43017	      2049	80003516	b8099d73	csrrw	x26,mcycleh,x19	 x19:0x00000000 x26=0x00000000
          43117	      2054	8000351a	02fcd163	bge	x25,x15,8000353c	 x25:0x34223450 x15:0x00000000
          44597	      2128	8000353c	0001	c.addi	x0,0	  x0:0x00000000  x0=0x00000000
          44797	      2138	8000353e	40c98733	sub	x14,x19,x12	 x19:0x00000000 x12:0x80021e64 x14=0x7ffde19c
          44817	      2139	80003542	868d	c.srai	x13,0x3	 x13:0xfffefe64 x13=0xffffdfcc
          44837	      2140	80003544	9d2e	c.add	x26,x11	 x26:0x00000000 x11:0xc0000000 x26=0xc0000000
          44857	      2141	80003546	613d	c.addi16sp	x2,480	  x2:0x00000159  x2=0x00000339
          44877	      2142	80003548	40bb5533	sra	x10,x22,x11	 x22:0x00000000 x11:0xc0000000 x10=0x00000000
          44897	      2143	8000354c	8e89	c.sub	x13,x10	 x13:0xffffdfcc x10:0x00000000 x13=0xffffdfcc
          44917	      2144	8000354e	8e91	c.sub	x13,x12	 x13:0xffffdfcc x12:0x80021e64 x13=0x7ffdc168
          44937	      2145	80003550	00798ab3	add	x21,x19,x7	 x19:0x00000000  x7:0xfe9b1016 x21=0xfe9b1016
          46057	      2201	80003554	0397ffb3	remu	x31,x15,x25	 x15:0x00000000 x25:0x34223450 x31=0x00000000
          46077	      2202	80003558	41550d33	sub	x26,x10,x21	 x10:0x00000000 x21:0xfe9b1016 x26=0x0164efea
          46097	      2203	8000355c	0001	c.addi	x0,0	  x0:0x00000000  x0=0x00000000
          46117	      2204	8000355e	9b06	c.add	x22,x1	 x22:0x00000000  x1:0xfaaa7026 x22=0xfaaa7026
          46137	      2205	80003560	0000100f	fence.i	
          46237	      2210	80003564	8fa5	c.xor	x15,x9	 x15:0x00000000  x9:0x00000000 x15=0x00000000
          46257	      2211	80003566	05b5	c.addi	x11,13	 x11:0xc0000000 x11=0xc000000d
          46497	      2223	80003568	8711	c.srai	x14,0x4	 x14:0x7ffde19c x14=0x07ffde19
          46517	      2224	8000356a	8551	c.srai	x10,0x14	 x10:0x00000000 x10=0x00000000
          47637	      2280	8000356c	0223ca33	div	x20,x7,x2	  x7:0xfe9b1016  x2:0x00000339 x20=0xffff913e
          59457	      2871	80003570	02270563	beq	x14,x2,8000359a	 x14:0x07ffde19  x2:0x00000339
          59477	      2872	80003574	41478eb3	sub	x29,x15,x20	 x15:0x00000000 x20:0xffff913e x29=0x00006ec2
          60217	      2909	80003578	03d8e6b3	rem	x13,x17,x29	 x17:0x00000000 x29:0x00006ec2 x13=0x00000000
          60237	      2910	8000357c	99f6	c.add	x19,x29	 x19:0x00000000 x29:0x00006ec2 x19=0x00006ec2
          60257	      2911	8000357e	01f0e2b3	or	x5,x1,x31	  x1:0xfaaa7026 x31:0x00000000  x5=0xfaaa7026
          60997	      2948	80003582	027bf433	remu	x8,x23,x7	 x23:0x80021c5f  x7:0xfe9b1016  x8=0x80021c5f
          61017	      2949	80003586	0000100f	fence.i	
          61557	      2976	8000358a	8ea1	c.xor	x13,x8	 x13:0x00000000  x8:0x80021c5f x13=0x80021c5f
          61577	      2977	8000358c	83e9	c.srli	x15,0x1a	 x15:0x00000000 x15=0x00000000
          61717	      2984	8000358e	01a95c13	srli	x24,x18,0x1a	 x18:0x00000010 x24=0x00000000
          62857	      3041	80003592	03b37333	remu	x6,x6,x27	  x6:0xad2e1d54 x27:0x00000007  x6=0x00000003
          62877	      3042	80003596	0001	c.addi	x0,0	  x0:0x00000000  x0=0x00000000
          62897	      3043	80003598	81e9	c.srli	x11,0x1a	 x11:0xc000000d x11=0x00000030
          62917	      3044	8000359a	9afd	c.andi	x13,-1	 x13:0x80021c5f x13=0x80021c5f
          62977	      3047	8000359c	03f2e933	rem	x18,x5,x31	  x5:0xfaaa7026 x31:0x00000000 x18=0xfaaa7026
          62997	      3048	800035a0	4e0ff913	andi	x18,x31,1248	 x31:0x00000000 x18=0x00000000
          63077	      3052	800035a4	e49d	c.bnez	x9,800035d2	  x9:0x00000000
          63497	      3073	800035a6	01105813	srli	x16,x0,0x11	  x0:0x00000000 x16=0x00000000
          63517	      3074	800035aa	90ba	c.add	x1,x14	  x1:0xfaaa7026 x14:0x07ffde19  x1=0x02aa4e3f
          63537	      3075	800035ac	8623b1b7	lui	x3,0x8623b	  x3=0x8623b000
          63557	      3076	800035b0	537d	c.li	x6,-1	  x6=0xffffffff
          63577	      3077	800035b2	003f3833	sltu	x16,x30,x3	 x30:0x00006000  x3:0x8623b000 x16=0x00000001
          63597	      3078	800035b6	0746	c.slli	x14,0x11	 x14:0x07ffde19 x14=0xbc320000
          64397	      3118	800035b8	039453b3	divu	x7,x8,x25	  x8:0x80021c5f x25:0x34223450  x7=0x00000002
          64417	      3119	800035bc	00b6abb3	slt	x23,x13,x11	 x13:0x80021c5f x11:0x00000030 x23=0x00000001
          64437	      3120	800035c0	3a302f73	csrrs	x30,pmpcfg3,x0	  x0:0x00000000 x30=0x0f0f0f0f
          64457	      3121	800035c4	8c09	c.sub	x8,x10	  x8:0x80021c5f x10:0x00000000  x8=0x80021c5f
          64477	      3122	800035c6	30a016f3	csrrw	x13,0x30a,x0	  x0:0x00000000 x13=0x00000000
          65257	      3161	800035ca	0277cab3	div	x21,x15,x7	 x15:0x00000000  x7:0x00000002 x21=0x00000000
          65277	      3162	800035ce	01046ab3	or	x21,x8,x16	  x8:0x80021c5f x16:0x00000001 x21=0x80021c5f
          65297	      3163	800035d2	8a52	c.mv	x20,x20	  x0:0x00000000 x20:0xffff913e x20=0xffff913e
          65317	      3164	800035d4	3bd02af3	csrrs	x21,pmpaddr13,x0	  x0:0x00000000 x21=0x17778462
          65337	      3165	800035d8	841a	c.mv	x8,x6	  x0:0x00000000  x6:0xffffffff  x8=0xffffffff
          65357	      3166	800035da	98fd	c.andi	x9,-1	  x9:0x00000000  x9=0x00000000
          65377	      3167	800035dc	02370fb3	mul	x31,x14,x3	 x14:0xbc320000  x3:0x8623b000 x31=0x60000000
          66117	      3204	800035e0	03e067b3	rem	x15,x0,x30	  x0:0x00000000 x30:0x0f0f0f0f x15=0x00000000
          66137	      3205	800035e4	0000100f	fence.i	
          66217	      3209	800035e8	00dcf963	bgeu	x25,x13,800035fa	 x25:0x34223450 x13:0x00000000
          66677	      3232	800035fa	b890daf3	csrrwi	x21,mhpmcounter9h,1	 x21=0x00000000
          67097	      3253	800035fe	007a0c33	add	x24,x20,x7	 x20:0xffff913e  x7:0x00000002 x24=0xffff9140
          67277	      3262	80003602	005ba0b3	slt	x1,x23,x5	 x23:0x00000001  x5:0xfaaa7026  x1=0x00000000
          67297	      3263	80003606	8c25	c.xor	x8,x9	  x8:0xffffffff  x9:0x00000000  x8=0xffffffff
          67317	      3264	80003608	8e4a	c.mv	x28,x18	  x0:0x00000000 x18:0x00000000 x28=0x00000000
          67337	      3265	8000360a	ed01	c.bnez	x10,80003622	 x10:0x00000000
          67397	      3268	8000360c	32c02973	csrrs	x18,mhpmevent12,x0	  x0:0x00000000 x18=0x00000200
          67477	      3272	80003610	b07b93f3	csrrw	x7,mhpmcounter7,x23	 x23:0x00000001  x7=0x00000005
          68257	      3311	80003614	03486bb3	rem	x23,x16,x20	 x16:0x00000001 x20:0xffff913e x23=0x00000001
          68277	      3312	80003618	b4288d93	addi	x27,x17,-1214	 x17:0x00000000 x27=0xfffffb42
          68297	      3313	8000361c	6129	c.addi16sp	x2,192	  x2:0x00000339  x2=0x000003f9
          68317	      3314	8000361e	57eebd13	sltiu	x26,x29,1406	 x29:0x00006ec2 x26=0x00000000
          68337	      3315	80003622	b00a15f3	csrrw	x11,mcycle,x20	 x20:0xffff913e x11=0x00000cef
          68397	      3318	80003626	0001	c.addi	x0,0	  x0:0x00000000  x0=0x00000000
          68497	      3323	80003628	e885	c.bnez	x9,80003658	  x9:0x00000000
          68917	      3344	8000362a	0000100f	fence.i	
          70377	      3417	8000362e	0384c2b3	div	x5,x9,x24	  x9:0x00000000 x24:0xffff9140  x5=0x00000000
          70397	      3418	80003632	fa76e713	ori	x14,x13,-89	 x13:0x00000000 x14=0xffffffa7
          70417	      3419	80003636	c61f7b93	andi	x23,x30,-927	 x30:0x0f0f0f0f x23=0x0f0f0c01
          70437	      3420	8000363a	014df433	and	x8,x27,x20	 x27:0xfffffb42 x20:0xffff913e  x8=0xffff9102
          70457	      3421	8000363e	01a81393	slli	x7,x16,0x1a	 x16:0x00000001  x7=0x04000000
          70477	      3422	80003642	017d1663	bne	x26,x23,8000364e	 x26:0x00000000 x23:0x0f0f0c01
          71057	      3451	8000364e	209c6a93	ori	x21,x24,521	 x24:0xffff9140 x21=0xffff9349
          71077	      3452	80003652	e184e5b7	lui	x11,0xe184e	 x11=0xe184e000
          71097	      3453	80003656	80c5	c.srli	x9,0x11	  x9:0x00000000  x9=0x00000000
          71117	      3454	80003658	0286d563	bge	x13,x8,80003682	 x13:0x00000000  x8:0xffff9102
          71957	      3496	80003682	ddece517	auipc	x10,0xddece	 x10=0x5ded1682
          71977	      3497	80003686	0ff0000f	fence	iorw,iorw	
          71997	      3498	8000368a	b8806b73	csrrsi	x22,mhpmcounter8h,0	 x22=0x00000000
          72057	      3501	8000368e	037e2d33	mulhsu	x26,x28,x23	 x28:0x00000000 x23:0x0f0f0c01 x26=0x00000000
          72217	      3509	80003692	01281b13	slli	x22,x16,0x12	 x16:0x00000001 x22=0x00040000
          72277	      3512	80003696	000ae733	or	x14,x21,x0	 x21:0xffff9349  x0:0x00000000 x14=0xffff9349
          72297	      3513	8000369a	32807ff3	csrrci	x31,mhpmevent8,0	 x31=0x00000020
          72437	      3520	8000369e	fd4ef293	andi	x5,x29,-44	 x29:0x00006ec2  x5=0x00006ec0
          72457	      3521	800036a2	7c106ef3	csrrsi	x29,0x7c1,0	 x29=0x00000000
          72477	      3522	800036a6	0001	c.addi	x0,0	  x0:0x00000000  x0=0x00000000
          72497	      3523	800036a8	00040bb3	add	x23,x8,x0	  x8:0xffff9102  x0:0x00000000 x23=0xffff9102
          72517	      3524	800036ac	8dd5	c.or	x11,x13	 x11:0xe184e000 x13:0x00000000 x11=0xe184e000
          72557	      3526	800036ae	02a720b3	mulhsu	x1,x14,x10	 x14:0xffff9349 x10:0x5ded1682  x1=0xffffd81c
          72577	      3527	800036b2	8cbd	c.xor	x9,x15	  x9:0x00000000 x15:0x00000000  x9=0x00000000
          72597	      3528	800036b4	9347ba13	sltiu	x20,x15,-1740	 x15:0x00000000 x20=0x00000001
          73337	      3565	800036b8	0343cb33	div	x22,x7,x20	  x7:0x04000000 x20:0x00000001 x22=0x04000000
          73357	      3566	800036bc	b839a5f3	csrrs	x11,mhpmcounter3h,x19	 x19:0x00006ec2 x11=0x00000000
          73417	      3569	800036c0	003cb2b3	sltu	x5,x25,x3	 x25:0x34223450  x3:0x8623b000  x5=0x00000001
          74157	      3606	800036c4	03f166b3	rem	x13,x2,x31	  x2:0x000003f9 x31:0x00000020 x13=0x00000019
          74177	      3607	800036c8	1c80	c.addi4spn	x8,x2,624	  x8=0x00000669
          74197	      3608	800036ca	973a	c.add	x14,x14	 x14:0xffff9349 x14:0xffff9349 x14=0xffff2692
          74217	      3609	800036cc	717d	c.addi16sp	x2,-16	  x2:0x000003f9  x2=0x000003e9
          74237	      3610	800036ce	86842c13	slti	x24,x8,-1944	  x8:0x00000669 x24=0x00000000
          74257	      3611	800036d2	df902793	slti	x15,x0,-519	  x0:0x00000000 x15=0x00000000
          74277	      3612	800036d6	30a6d073	csrrwi	x0,0x30a,13	  x0=0x00000000
          74337	      3615	800036da	83b9	c.srli	x15,0xe	 x15:0x00000000 x15=0x00000000
          74357	      3616	800036dc	400f8833	sub	x16,x31,x0	 x31:0x00000020  x0:0x00000000 x16=0x00000020
          74737	      3635	800036e0	034f5863	bge	x30,x20,80003710	 x30:0x0f0f0f0f x20:0x00000001
          75197	      3658	80003710	88cd	c.andi	x9,19	  x9:0x00000000  x9=0x00000000
          75217	      3659	80003712	8f4d	c.or	x14,x11	 x14:0xffff2692 x11:0x00000000 x14=0xffff2692
          75437	      3670	80003714	0326b3b3	mulhu	x7,x13,x18	 x13:0x00000019 x18:0x00000200  x7=0x00000000
          75477	      3672	80003718	0ac6	c.slli	x21,0x11	 x21:0xffff9349 x21=0x26920000
          75897	      3693	8000371a	8a9cff93	andi	x31,x25,-1879	 x25:0x34223450 x31=0x34223000
          76217	      3709	8000371e	007ff933	and	x18,x31,x7	 x31:0x34223000  x7:0x00000000 x18=0x00000000
          76317	      3714	80003722	01a363b3	or	x7,x6,x26	  x6:0xffffffff x26:0x00000000  x7=0xffffffff
          76337	      3715	80003726	cd0d	c.beqz	x10,80003760	 x10:0x5ded1682
          76357	      3716	80003728	00c67db3	and	x27,x12,x12	 x12:0x80021e64 x12:0x80021e64 x27=0x80021e64
          76377	      3717	8000372c	0b0c	c.addi4spn	x11,x2,400	 x11=0x00000579
          76397	      3718	8000372e	04bb8163	beq	x23,x11,80003770	 x23:0xffff9102 x11:0x00000579
          76417	      3719	80003732	8d1d	c.sub	x10,x15	 x10:0x5ded1682 x15:0x00000000 x10=0x5ded1682
          76457	      3721	80003734	01141c13	slli	x24,x8,0x11	  x8:0x00000669 x24=0x0cd20000
          76477	      3722	80003738	03b502b3	mul	x5,x10,x27	 x10:0x5ded1682 x27:0x80021e64  x5=0xa64406c8
          76497	      3723	8000373c	41320133	sub	x2,x4,x19	  x4:0x80025ce4 x19:0x00006ec2  x2=0x8001ee22
          76637	      3730	80003740	00b31593	slli	x11,x6,0xb	  x6:0xffffffff x11=0xfffff800
          76657	      3731	80003744	f63ae793	ori	x15,x21,-157	 x21:0x26920000 x15=0xffffff63
          76677	      3732	80003748	407e5e13	srai	x28,x28,0x7	 x28:0x00000000 x28=0x00000000
          76717	      3734	8000374c	03903db3	mulhu	x27,x0,x25	  x0:0x00000000 x25:0x34223450 x27=0x00000000
          76837	      3740	80003750	0000100f	fence.i	
          77737	      3785	80003754	0000100f	fence.i	
          78397	      3818	80003758	0259b6b3	mulhu	x13,x19,x5	 x19:0x00006ec2  x5:0xa64406c8 x13=0x000047ef
          79137	      3855	8000375c	0264c6b3	div	x13,x9,x6	  x9:0x00000000  x6:0xffffffff x13=0x00000000
          79157	      3856	80003760	008af4b3	and	x9,x21,x8	 x21:0x26920000  x8:0x00000669  x9=0x00000000
          79177	      3857	80003764	8f91	c.sub	x15,x12	 x15:0xffffff63 x12:0x80021e64 x15=0x7ffde0ff
          79917	      3894	80003766	0391fab3	remu	x21,x3,x25	  x3:0x8623b000 x25:0x34223450 x21=0x1ddf4760
          79937	      3895	8000376a	0001	c.addi	x0,0	  x0:0x00000000  x0=0x00000000
          80677	      3932	8000376c	037dc3b3	div	x7,x27,x23	 x27:0x00000000 x23:0xffff9102  x7=0x00000000
          80697	      3933	80003770	07840313	addi	x6,x8,120	  x8:0x00000669  x6=0x000006e1
          80717	      3934	80003774	99213817	auipc	x16,0x99213	 x16=0x19216774
          80737	      3935	80003778	40495493	srai	x9,x18,0x4	 x18:0x00000000  x9=0x00000000
          80757	      3936	8000377c	03eddf63	bge	x27,x30,800037ba	 x27:0x00000000 x30:0x0f0f0f0f
          80777	      3937	80003780	c740ed17	auipc	x26,0xc740e	 x26=0x47411780
          81517	      3974	80003784	03f34c33	div	x24,x6,x31	  x6:0x000006e1 x31:0x34223000 x24=0x00000000
          81537	      3975	80003788	01ec05b3	add	x11,x24,x30	 x24:0x00000000 x30:0x0f0f0f0f x11=0x0f0f0f0f
          81557	      3976	8000378c	c614bb13	sltiu	x22,x9,-927	  x9:0x00000000 x22=0x00000001
          82297	      4013	80003790	0346df33	divu	x30,x13,x20	 x13:0x00000000 x20:0x00000001 x30=0x00000000
          82317	      4014	80003794	00196963	bltu	x18,x1,800037a6	 x18:0x00000000  x1:0xffffd81c
          82617	      4029	800037a6	00753433	sltu	x8,x10,x7	 x10:0x5ded1682  x7:0x00000000  x8=0x00000000
          82757	      4036	800037aa	0ff0000f	fence	iorw,iorw	
          82777	      4037	800037ae	890d	c.andi	x10,3	 x10:0x5ded1682 x10=0x00000002
          82797	      4038	800037b0	62c5	c.lui	x5,0x11	  x5=0x00011000
          82817	      4039	800037b2	02d002b3	mul	x5,x0,x13	  x0:0x00000000 x13:0x00000000  x5=0x00000000
          82837	      4040	800037b6	987d	c.andi	x8,-1	  x8:0x00000000  x8=0x00000000
          82857	      4041	800037b8	8d81	c.sub	x11,x8	 x11:0x0f0f0f0f  x8:0x00000000 x11=0x0f0f0f0f
          83077	      4052	800037ba	00721d33	sll	x26,x4,x7	  x4:0x80025ce4  x7:0x00000000 x26=0x80025ce4
          83097	      4053	800037be	0c84	c.addi4spn	x9,x2,592	  x9=0x8001f072
          83497	      4073	800037c0	8f81	c.sub	x15,x8	 x15:0x7ffde0ff  x8:0x00000000 x15=0x7ffde0ff
          83517	      4074	800037c2	610d	c.addi16sp	x2,160	  x2:0x8001ee22  x2=0x8001eec2
          83917	      4094	800037c4	02ba8433	mul	x8,x21,x11	 x21:0x1ddf4760 x11:0x0f0f0f0f  x8=0xa3e3cea0
          84217	      4109	800037c8	7a207873	csrrci	x16,tdata2,0	 x16=0x00000000
          84377	      4117	800037cc	41cfdf13	srai	x30,x31,0x1c	 x31:0x34223000 x30=0x00000003
          84397	      4118	800037d0	00159eb3	sll	x29,x11,x1	 x11:0x0f0f0f0f  x1:0xffffd81c x29=0xf0000000
          84417	      4119	800037d4	0001	c.addi	x0,0	  x0:0x00000000  x0=0x00000000
          84437	      4120	800037d6	019b2533	slt	x10,x22,x25	 x22:0x00000001 x25:0x34223450 x10=0x00000001
          84577	      4127	800037da	cae4b413	sltiu	x8,x9,-850	  x9:0x8001f072  x8=0x00000001
          84597	      4128	800037de	8ea9	c.xor	x13,x10	 x13:0x00000000 x10:0x00000001 x13=0x00000001
          84637	      4130	800037e0	0000100f	fence.i	
          85217	      4159	800037e4	03fa0ab3	mul	x21,x20,x31	 x20:0x00000001 x31:0x34223000 x21=0x34223000
          85337	      4165	800037e8	001a65b3	or	x11,x20,x1	 x20:0x00000001  x1:0xffffd81c x11=0xffffd81d
          85577	      4177	800037ec	02c69d33	mulh	x26,x13,x12	 x13:0x00000001 x12:0x80021e64 x26=0xffffffff
          85597	      4178	800037f0	0001	c.addi	x0,0	  x0:0x00000000  x0=0x00000000
          85617	      4179	800037f2	0ff0000f	fence	iorw,iorw	
          85637	      4180	800037f6	41298133	sub	x2,x19,x18	 x19:0x00006ec2 x18:0x00000000  x2=0x00006ec2
          86377	      4217	800037fa	0261ec33	rem	x24,x3,x6	  x3:0x8623b000  x6:0x000006e1 x24=0xfffffbf1
          86397	      4218	800037fe	8ef1	c.and	x13,x12	 x13:0x00000001 x12:0x80021e64 x13=0x00000000
          86417	      4219	80003800	309b2413	slti	x8,x22,777	 x22:0x00000001  x8=0x00000001
          86437	      4220	80003804	39c4c413	xori	x8,x9,924	  x9:0x8001f072  x8=0x8001f3ee
          86457	      4221	80003808	ca8d	c.beqz	x13,8000383a	 x13:0x00000000
          87457	      4271	8000383a	b8007373	csrrci	x6,mcycleh,0	  x6=0x00000000
          87477	      4272	8000383e	717d	c.addi16sp	x2,-16	  x2:0x00006ec2  x2=0x00006eb2
          87517	      4274	80003840	159f2493	slti	x9,x30,345	 x30:0x00000003  x9=0x00000001
          87677	      4282	80003844	0001	c.addi	x0,0	  x0:0x00000000  x0=0x00000000
          87697	      4283	80003846	8cb5	c.xor	x9,x13	  x9:0x00000001 x13:0x00000000  x9=0x00000001
          87837	      4290	80003848	011a8d33	add	x26,x21,x17	 x21:0x34223000 x17:0x00000000 x26=0x34223000
          88017	      4299	8000384c	6339	c.lui	x6,0xe	  x6=0x0000e000
          88037	      4300	8000384e	0387c463	blt	x15,x24,80003876	 x15:0x7ffde0ff x24:0xfffffbf1
          88057	      4301	80003852	577d	c.li	x14,-1	 x14=0xffffffff
          88117	      4304	80003854	6ba5	c.lui	x23,0x9	 x23=0x00009000
          88137	      4305	80003856	8f61	c.and	x14,x8	 x14:0xffffffff  x8:0x8001f3ee x14=0x8001f3ee
          88157	      4306	80003858	00cc44b3	xor	x9,x24,x12	 x24:0xfffffbf1 x12:0x80021e64  x9=0x7ffde595
          88177	      4307	8000385c	c415	c.beqz	x8,80003888	  x8:0x8001f3ee
          88197	      4308	8000385e	415a89b3	sub	x19,x21,x21	 x21:0x34223000 x21:0x34223000 x19=0x00000000
          88357	      4316	80003862	41e90b33	sub	x22,x18,x30	 x18:0x00000000 x30:0x00000003 x22=0xfffffffd
          88677	      4332	80003866	01321c63	bne	x4,x19,8000387e	  x4:0x80025ce4 x19:0x00000000
          89997	      4398	8000387e	017f5f63	bge	x30,x23,8000389c	 x30:0x00000003 x23:0x00009000
          90017	      4399	80003882	ed85	c.bnez	x11,800038ba	 x11:0xffffd81d
          91877	      4492	800038ba	03f77eb3	remu	x29,x14,x31	 x14:0x8001f3ee x31:0x34223000 x29=0x17bd93ee
          91897	      4493	800038be	8d1d	c.sub	x10,x15	 x10:0x00000001 x15:0x7ffde0ff x10=0x80021f02
          91917	      4494	800038c0	00f0c933	xor	x18,x1,x15	  x1:0xffffd81c x15:0x7ffde0ff x18=0x800238e3
          91937	      4495	800038c4	03d51a63	bne	x10,x29,800038f8	 x10:0x80021f02 x29:0x17bd93ee
          92217	      4509	800038f8	4018de33	sra	x28,x17,x1	 x17:0x00000000  x1:0xffffd81c x28=0x00000000
          92237	      4510	800038fc	029fd263	bge	x31,x9,80003920	 x31:0x34223000  x9:0x7ffde595
          92257	      4511	80003900	0ff0000f	fence	iorw,iorw	
          92277	      4512	80003904	0001	c.addi	x0,0	  x0:0x00000000  x0=0x00000000
          92297	      4513	80003906	340dd573	csrrwi	x10,mscratch,27	 x10=0x00000000
          92317	      4514	8000390a	41f953b3	sra	x7,x18,x31	 x18:0x800238e3 x31:0x34223000  x7=0x800238e3
          93457	      4571	8000390e	02e0d333	divu	x6,x1,x14	  x1:0xffffd81c x14:0x8001f3ee  x6=0x00000001
          93497	      4573	80003912	031a65b3	rem	x11,x20,x17	 x20:0x00000001 x17:0x00000000 x11=0x00000001
          93517	      4574	80003916	279a4813	xori	x16,x20,633	 x20:0x00000001 x16=0x00000278
          93537	      4575	8000391a	9afd	c.andi	x13,-1	 x13:0x00000000 x13=0x00000000
          93577	      4577	8000391c	03d73b33	mulhu	x22,x14,x29	 x14:0x8001f3ee x29:0x17bd93ee x22=0x0bdef853
          93597	      4578	80003920	12fd	c.addi	x5,-1	  x5:0x00000000  x5=0xffffffff
          93617	      4579	80003922	b8f93193	sltiu	x3,x18,-1137	 x18:0x800238e3  x3=0x00000001
          93637	      4580	80003926	90fe	c.add	x1,x31	  x1:0xffffd81c x31:0x34223000  x1=0x3422081c
          93657	      4581	80003928	00a4b3b3	sltu	x7,x9,x10	  x9:0x7ffde595 x10:0x00000000  x7=0x00000000
          93957	      4596	8000392c	8597ed13	ori	x26,x15,-1959	 x15:0x7ffde0ff x26=0xfffff8ff
          94037	      4600	80003930	0aed7493	andi	x9,x26,174	 x26:0xfffff8ff  x9=0x000000ae
          94337	      4615	80003934	3a103873	csrrc	x16,pmpcfg1,x0	  x0:0x00000000 x16=0x0f0f0f0f
          94437	      4620	80003938	8bc2	c.mv	x23,x16	  x0:0x00000000 x16:0x0f0f0f0f x23=0x0f0f0f0f
          94457	      4621	8000393a	329d9af3	csrrw	x21,mhpmevent9,x27	 x27:0x00000000 x21=0x00000040
          94517	      4624	8000393e	00a32c33	slt	x24,x6,x10	  x6:0x00000001 x10:0x00000000 x24=0x00000000
          94537	      4625	80003942	8cf1	c.and	x9,x12	  x9:0x000000ae x12:0x80021e64  x9=0x00000024
          94557	      4626	80003944	6105	c.addi16sp	x2,32	  x2:0x00006eb2  x2=0x00006ed2
          94577	      4627	80003946	af60a093	slti	x1,x1,-1290	  x1:0x3422081c  x1=0x00000000
          94597	      4628	8000394a	0409	c.addi	x8,2	  x8:0x8001f3ee  x8=0x8001f3f0
          94637	      4630	8000394c	035a1433	mulh	x8,x20,x21	 x20:0x00000001 x21:0x00000040  x8=0x00000000
         105337	      5165	80003950	b077d5f3	csrrwi	x11,mhpmcounter7,15	 x11=0x00000005
         105417	      5169	80003954	038473b3	remu	x7,x8,x24	  x8:0x00000000 x24:0x00000000  x7=0x00000000
         105437	      5170	80003958	40208d33	sub	x26,x1,x2	  x1:0x00000000  x2:0x00006ed2 x26=0xffff912e
         105457	      5171	8000395c	e59d	c.bnez	x11,8000398a	 x11:0x00000005
         105717	      5184	8000398a	00876c33	or	x24,x14,x8	 x14:0x8001f3ee  x8:0x00000000 x24=0x8001f3ee
         105917	      5194	8000398e	00a22bb3	slt	x23,x4,x10	  x4:0x80025ce4 x10:0x00000000 x23=0x00000001
         105937	      5195	80003992	1380	c.addi4spn	x8,x2,480	  x8=0x000070b2
         105957	      5196	80003994	0000100f	fence.i	
         106877	      5242	80003998	0001	c.addi	x0,0	  x0:0x00000000  x0=0x00000000
         106957	      5246	8000399a	4b6f3013	sltiu	x0,x30,1206	 x30:0x00000003  x0=0x00000000
         106977	      5247	8000399e	8df9	c.and	x11,x14	 x11:0x00000005 x14:0x8001f3ee x11=0x00000004
         107077	      5252	800039a0	0000100f	fence.i	
         108097	      5303	800039a4	022929b3	mulhsu	x19,x18,x2	 x18:0x800238e3  x2:0x00006ed2 x19=0xffffc897
         108117	      5304	800039a8	14fd	c.addi	x9,-1	  x9:0x00000024  x9=0x00000023
         108277	      5312	800039aa	37f68493	addi	x9,x13,895	 x13:0x00000000  x9=0x0000037f
         108517	      5324	800039ae	00b63433	sltu	x8,x12,x11	 x12:0x80021e64 x11:0x00000004  x8=0x00000000
         108537	      5325	800039b2	e59d	c.bnez	x11,800039e0	 x11:0x00000004
         108997	      5348	800039e0	81e9	c.srli	x11,0x1a	 x11:0x00000004 x11=0x00000000
         109117	      5354	800039e2	250aa893	slti	x17,x21,592	 x21:0x00000040 x17=0x00000001
         109137	      5355	800039e6	01d2	c.slli	x3,0x14	  x3:0x00000001  x3=0x00100000
         109157	      5356	800039e8	00b70663	beq	x14,x11,800039f4	 x14:0x8001f3ee x11:0x00000000
         109177	      5357	800039ec	4b3f2293	slti	x5,x30,1203	 x30:0x00000003  x5=0x00000001
         109577	      5377	800039f0	006382b3	add	x5,x7,x6	  x7:0x00000000  x6:0x00000001  x5=0x00000001
         109597	      5378	800039f4	40bb01b3	sub	x3,x22,x11	 x22:0x0bdef853 x11:0x00000000  x3=0x0bdef853
         109777	      5387	800039f8	b4982c13	slti	x24,x16,-1207	 x16:0x0f0f0f0f x24=0x00000000
         110197	      5408	800039fc	e851e513	ori	x10,x3,-379	  x3:0x0bdef853 x10=0xfffffed7
         110517	      5424	80003a00	006d7fb3	and	x31,x26,x6	 x26:0xffff912e  x6:0x00000001 x31=0x00000000
         110537	      5425	80003a04	8721	c.srai	x14,0x8	 x14:0x8001f3ee x14=0xff8001f3
         110557	      5426	80003a06	0ff0000f	fence	iorw,iorw	
         110577	      5427	80003a0a	0000100f	fence.i	
         110657	      5431	80003a0e	0001	c.addi	x0,0	  x0:0x00000000  x0=0x00000000
         110677	      5432	80003a10	027c4963	blt	x24,x7,80003a42	 x24:0x00000000  x7:0x00000000
         110697	      5433	80003a14	94bc88b7	lui	x17,0x94bc8	 x17=0x94bc8000
         110717	      5434	80003a18	03e38963	beq	x7,x30,80003a4a	  x7:0x00000000 x30:0x00000003
         110757	      5436	80003a1c	0461e263	bltu	x3,x6,80003a60	  x3:0x0bdef853  x6:0x00000001
         111117	      5454	80003a20	0346b4b3	mulhu	x9,x13,x20	 x13:0x00000000 x20:0x00000001  x9=0x00000000
         111177	      5457	80003a24	0286f1b3	remu	x3,x13,x8	 x13:0x00000000  x8:0x00000000  x3=0x00000000
         111577	      5477	80003a28	5815ab13	slti	x22,x11,1409	 x11:0x00000000 x22=0x00000001
         111677	      5482	80003a2c	03e4b3b3	mulhu	x7,x9,x30	  x9:0x00000000 x30:0x00000003  x7=0x00000000
         111697	      5483	80003a30	b00859f3	csrrwi	x19,mcycle,16	 x19=0xffff99b5
         111757	      5486	80003a34	0001	c.addi	x0,0	  x0:0x00000000  x0=0x00000000
         111897	      5493	80003a36	01689033	sll	x0,x17,x22	 x17:0x94bc8000 x22:0x00000001  x0=0x00000000
         111977	      5497	80003a3a	00399533	sll	x10,x19,x3	 x19:0xffff99b5  x3:0x00000000 x10=0xffff99b5
         111997	      5498	80003a3e	327d97f3	csrrw	x15,mhpmevent7,x27	 x27:0x00000000 x15=0x00000010
         112057	      5501	80003a42	0043dc63	bge	x7,x4,80003a5a	  x7:0x00000000  x4:0x80025ce4
         112117	      5504	80003a5a	03aa	c.slli	x7,0xa	  x7:0x00000000  x7=0x00000000
         112377	      5517	80003a5c	01b517b3	sll	x15,x10,x27	 x10:0xffff99b5 x27:0x00000000 x15=0xffff99b5
         112797	      5538	80003a60	0000100f	fence.i	
         113317	      5564	80003a64	012a9963	bne	x21,x18,80003a76	 x21:0x00000040 x18:0x800238e3
         114037	      5600	80003a76	02f78eb3	mul	x29,x15,x15	 x15:0xffff99b5 x15:0xffff99b5 x29=0x28dfd9f9
         114077	      5602	80003a7a	0209df33	divu	x30,x19,x0	 x19:0xffff99b5  x0:0x00000000 x30=0xffffffff
         114097	      5603	80003a7e	0ac9	c.addi	x21,18	 x21:0x00000040 x21=0x00000052
         114117	      5604	80003a80	0c84	c.addi4spn	x9,x2,592	  x9=0x00007122
         114137	      5605	80003a82	0097a8b3	slt	x17,x15,x9	 x15:0xffff99b5  x9:0x00007122 x17=0x00000001
         114237	      5610	80003a86	01836833	or	x16,x6,x24	  x6:0x00000001 x24:0x00000000 x16=0x00000001
         114337	      5615	80003a8a	036c8163	beq	x25,x22,80003aac	 x25:0x34223450 x22:0x00000001
         114557	      5626	80003a8e	3b807873	csrrci	x16,pmpaddr8,0	 x16=0x02222f0d
         114577	      5627	80003a92	01458d63	beq	x11,x20,80003aac	 x11:0x00000000 x20:0x00000001
         115317	      5664	80003a96	0308d933	divu	x18,x17,x16	 x17:0x00000001 x16:0x02222f0d x18=0x00000000
         115357	      5666	80003a9a	03f4e9b3	rem	x19,x9,x31	  x9:0x00007122 x31:0x00000000 x19=0x00007122
         115377	      5667	80003a9e	3b903d73	csrrc	x26,pmpaddr9,x0	  x0:0x00000000 x26=0x06667351
         115397	      5668	80003aa2	02e89763	bne	x17,x14,80003ad0	 x17:0x00000001 x14:0xff8001f3
         116057	      5701	80003ad0	c0c36397	auipc	x7,0xc0c36	  x7=0x40c39ad0
         116097	      5703	80003ad4	32c022f3	csrrs	x5,mhpmevent12,x0	  x0:0x00000000  x5=0x00000200
         116117	      5704	80003ad8	305071f3	csrrci	x3,mtvec,0	  x3=0x80002601
         116137	      5705	80003adc	8cad	c.xor	x9,x11	  x9:0x00007122 x11:0x00000000  x9=0x00007122
         116157	      5706	80003ade	611d	c.addi16sp	x2,416	  x2:0x00006ed2  x2=0x00007072
         116177	      5707	80003ae0	603d0713	addi	x14,x26,1539	 x26:0x06667351 x14=0x06667954
         116197	      5708	80003ae4	0ff0000f	fence	iorw,iorw	
         116617	      5729	80003ae8	7b202a73	csrrs	x0,dscratch,x0	  x0:0x00000000  x0=0x00000000
         116637	      5730	80003aec	499d	c.li	x19,7	 x19=0x00000007
