UVM_FATAL /runtime_only_unique_aavk.sv(1) @ 1: runtime_only_unique_failure_aavk normalization resistant timing marker
RUNTIME_ONLY_CASE=583 SOURCE_A=benchmark_set_1:7
riscv_csr_test.0 : [FAILED]
RUNTIME_ONLY_COMBINE SOURCE_B=benchmark_set_1:1
riscv_interrupt_csr_test.0 : [FAILED]
000000000 RUNTIME_ONLY neutral retire case=00583 pc=0x80012a54 opcode=lw x7=0x80012a54
000000001 RUNTIME_ONLY neutral retire case=00583 pc=0x80012a58 opcode=sw x8=0x80012a59
000000002 RUNTIME_ONLY neutral retire case=00583 pc=0x80012a5c opcode=beq x9=0x80012a5e
000000003 RUNTIME_ONLY neutral retire case=00583 pc=0x80012a60 opcode=csrrw x10=0x80012a63
000000004 RUNTIME_ONLY neutral retire case=00583 pc=0x80012a64 opcode=xor x11=0x80012a60
000000005 RUNTIME_ONLY neutral retire case=00583 pc=0x80012a68 opcode=addi x12=0x80012a6d
000000006 RUNTIME_ONLY neutral retire case=00583 pc=0x80012a6c opcode=lw x13=0x80012a6a
000000007 RUNTIME_ONLY neutral retire case=00583 pc=0x80012a70 opcode=sw x14=0x80012a77
000000008 RUNTIME_ONLY neutral retire case=00583 pc=0x80012a74 opcode=beq x15=0x80012a7c
000000009 RUNTIME_ONLY neutral retire case=00583 pc=0x80012a78 opcode=csrrw x16=0x80012a71
000000010 RUNTIME_ONLY neutral retire case=00583 pc=0x80012a7c opcode=xor x17=0x80012a76
000000011 RUNTIME_ONLY neutral retire case=00583 pc=0x80012a80 opcode=addi x18=0x80012a8b
000000012 RUNTIME_ONLY neutral retire case=00583 pc=0x80012a84 opcode=lw x19=0x80012a88
000000013 RUNTIME_ONLY neutral retire case=00583 pc=0x80012a88 opcode=sw x20=0x80012a85
000000014 RUNTIME_ONLY neutral retire case=00583 pc=0x80012a8c opcode=beq x21=0x80012a82
