UVM_FATAL /runtime_only_unique_aabt.sv(1) @ 1: runtime_only_unique_failure_aabt normalization resistant timing marker
RUNTIME_ONLY_CASE=72 SOURCE_A=benchmark_set_2:1
Mismatch[1]:
ibex[31157] : pc[8002c47c] ori x16,x3,903: a6:00000387
RUNTIME_ONLY_COMBINE SOURCE_B=benchmark_set_1:5
riscv_single_interrupt_test.0 : [FAILED]
000000000 RUNTIME_ONLY neutral retire case=00072 pc=0x800024d8 opcode=addi x8=0x800024d8
000000001 RUNTIME_ONLY neutral retire case=00072 pc=0x800024dc opcode=lw x9=0x800024dd
000000002 RUNTIME_ONLY neutral retire case=00072 pc=0x800024e0 opcode=sw x10=0x800024e2
000000003 RUNTIME_ONLY neutral retire case=00072 pc=0x800024e4 opcode=beq x11=0x800024e7
000000004 RUNTIME_ONLY neutral retire case=00072 pc=0x800024e8 opcode=csrrw x12=0x800024ec
000000005 RUNTIME_ONLY neutral retire case=00072 pc=0x800024ec opcode=xor x13=0x800024e9
000000006 RUNTIME_ONLY neutral retire case=00072 pc=0x800024f0 opcode=addi x14=0x800024f6
000000007 RUNTIME_ONLY neutral retire case=00072 pc=0x800024f4 opcode=lw x15=0x800024f3
000000008 RUNTIME_ONLY neutral retire case=00072 pc=0x800024f8 opcode=sw x16=0x800024f0
000000009 RUNTIME_ONLY neutral retire case=00072 pc=0x800024fc opcode=beq x17=0x800024f5
000000010 RUNTIME_ONLY neutral retire case=00072 pc=0x80002500 opcode=csrrw x18=0x8000250a
000000011 RUNTIME_ONLY neutral retire case=00072 pc=0x80002504 opcode=xor x19=0x8000250f
000000012 RUNTIME_ONLY neutral retire case=00072 pc=0x80002508 opcode=addi x20=0x80002504
000000013 RUNTIME_ONLY neutral retire case=00072 pc=0x8000250c opcode=lw x21=0x80002501
000000014 RUNTIME_ONLY neutral retire case=00072 pc=0x80002510 opcode=sw x22=0x8000251e
000000015 RUNTIME_ONLY neutral retire case=00072 pc=0x80002514 opcode=beq x23=0x8000251b
000000016 RUNTIME_ONLY neutral retire case=00072 pc=0x80002518 opcode=csrrw x24=0x80002508
000000017 RUNTIME_ONLY neutral retire case=00072 pc=0x8000251c opcode=xor x25=0x8000250d
000000018 RUNTIME_ONLY neutral retire case=00072 pc=0x80002520 opcode=addi x26=0x80002532
000000019 RUNTIME_ONLY neutral retire case=00072 pc=0x80002524 opcode=lw x27=0x80002537
000000020 RUNTIME_ONLY neutral retire case=00072 pc=0x80002528 opcode=sw x28=0x8000253c
000000021 RUNTIME_ONLY neutral retire case=00072 pc=0x8000252c opcode=beq x29=0x80002539
000000022 RUNTIME_ONLY neutral retire case=00072 pc=0x80002530 opcode=csrrw x30=0x80002526
000000023 RUNTIME_ONLY neutral retire case=00072 pc=0x80002534 opcode=xor x31=0x80002523
000000024 RUNTIME_ONLY neutral retire case=00072 pc=0x80002538 opcode=addi x0=0x80002520
000000025 RUNTIME_ONLY neutral retire case=00072 pc=0x8000253c opcode=lw x1=0x80002525
000000026 RUNTIME_ONLY neutral retire case=00072 pc=0x80002540 opcode=sw x2=0x8000255a
000000027 RUNTIME_ONLY neutral retire case=00072 pc=0x80002544 opcode=beq x3=0x8000255f
000000028 RUNTIME_ONLY neutral retire case=00072 pc=0x80002548 opcode=csrrw x4=0x80002554
000000029 RUNTIME_ONLY neutral retire case=00072 pc=0x8000254c opcode=xor x5=0x80002551
000000030 RUNTIME_ONLY neutral retire case=00072 pc=0x80002550 opcode=addi x6=0x8000254e
000000031 RUNTIME_ONLY neutral retire case=00072 pc=0x80002554 opcode=lw x7=0x8000254b
000000032 RUNTIME_ONLY neutral retire case=00072 pc=0x80002558 opcode=sw x8=0x80002578
000000033 RUNTIME_ONLY neutral retire case=00072 pc=0x8000255c opcode=beq x9=0x8000257d
000000034 RUNTIME_ONLY neutral retire case=00072 pc=0x80002560 opcode=csrrw x10=0x80002542
000000035 RUNTIME_ONLY neutral retire case=00072 pc=0x80002564 opcode=xor x11=0x80002547
000000036 RUNTIME_ONLY neutral retire case=00072 pc=0x80002568 opcode=addi x12=0x8000254c
000000037 RUNTIME_ONLY neutral retire case=00072 pc=0x8000256c opcode=lw x13=0x80002549
000000038 RUNTIME_ONLY neutral retire case=00072 pc=0x80002570 opcode=sw x14=0x80002556
000000039 RUNTIME_ONLY neutral retire case=00072 pc=0x80002574 opcode=beq x15=0x80002553
000000040 RUNTIME_ONLY neutral retire case=00072 pc=0x80002578 opcode=csrrw x16=0x80002550
000000041 RUNTIME_ONLY neutral retire case=00072 pc=0x8000257c opcode=xor x17=0x80002555
000000042 RUNTIME_ONLY neutral retire case=00072 pc=0x80002580 opcode=addi x18=0x800025aa
000000043 RUNTIME_ONLY neutral retire case=00072 pc=0x80002584 opcode=lw x19=0x800025af
000000044 RUNTIME_ONLY neutral retire case=00072 pc=0x80002588 opcode=sw x20=0x800025a4
000000045 RUNTIME_ONLY neutral retire case=00072 pc=0x8000258c opcode=beq x21=0x800025a1
000000046 RUNTIME_ONLY neutral retire case=00072 pc=0x80002590 opcode=csrrw x22=0x800025be
000000047 RUNTIME_ONLY neutral retire case=00072 pc=0x80002594 opcode=xor x23=0x800025bb
000000048 RUNTIME_ONLY neutral retire case=00072 pc=0x80002598 opcode=addi x24=0x800025a8
000000049 RUNTIME_ONLY neutral retire case=00072 pc=0x8000259c opcode=lw x25=0x800025ad
000000050 RUNTIME_ONLY neutral retire case=00072 pc=0x800025a0 opcode=sw x26=0x80002592
000000051 RUNTIME_ONLY neutral retire case=00072 pc=0x800025a4 opcode=beq x27=0x80002597
000000052 RUNTIME_ONLY neutral retire case=00072 pc=0x800025a8 opcode=csrrw x28=0x8000259c
000000053 RUNTIME_ONLY neutral retire case=00072 pc=0x800025ac opcode=xor x29=0x80002599
000000054 RUNTIME_ONLY neutral retire case=00072 pc=0x800025b0 opcode=addi x30=0x80002586
000000055 RUNTIME_ONLY neutral retire case=00072 pc=0x800025b4 opcode=lw x31=0x80002583
000000056 RUNTIME_ONLY neutral retire case=00072 pc=0x800025b8 opcode=sw x0=0x80002580
000000057 RUNTIME_ONLY neutral retire case=00072 pc=0x800025bc opcode=beq x1=0x80002585
000000058 RUNTIME_ONLY neutral retire case=00072 pc=0x800025c0 opcode=csrrw x2=0x800025fa
000000059 RUNTIME_ONLY neutral retire case=00072 pc=0x800025c4 opcode=xor x3=0x800025ff
000000060 RUNTIME_ONLY neutral retire case=00072 pc=0x800025c8 opcode=addi x4=0x800025f4
000000061 RUNTIME_ONLY neutral retire case=00072 pc=0x800025cc opcode=lw x5=0x800025f1
000000062 RUNTIME_ONLY neutral retire case=00072 pc=0x800025d0 opcode=sw x6=0x800025ee
000000063 RUNTIME_ONLY neutral retire case=00072 pc=0x800025d4 opcode=beq x7=0x800025eb
000000064 RUNTIME_ONLY neutral retire case=00072 pc=0x800025d8 opcode=csrrw x8=0x80002598
000000065 RUNTIME_ONLY neutral retire case=00072 pc=0x800025dc opcode=xor x9=0x8000259d
000000066 RUNTIME_ONLY neutral retire case=00072 pc=0x800025e0 opcode=addi x10=0x800025a2
000000067 RUNTIME_ONLY neutral retire case=00072 pc=0x800025e4 opcode=lw x11=0x800025a7
000000068 RUNTIME_ONLY neutral retire case=00072 pc=0x800025e8 opcode=sw x12=0x800025ac
000000069 RUNTIME_ONLY neutral retire case=00072 pc=0x800025ec opcode=beq x13=0x800025a9
000000070 RUNTIME_ONLY neutral retire case=00072 pc=0x800025f0 opcode=csrrw x14=0x800025b6
000000071 RUNTIME_ONLY neutral retire case=00072 pc=0x800025f4 opcode=xor x15=0x800025b3
000000072 RUNTIME_ONLY neutral retire case=00072 pc=0x800025f8 opcode=addi x16=0x800025b0
000000073 RUNTIME_ONLY neutral retire case=00072 pc=0x800025fc opcode=lw x17=0x800025b5
000000074 RUNTIME_ONLY neutral retire case=00072 pc=0x80002600 opcode=sw x18=0x8000264a
