UVM_FATAL /runtime_only_unique_aabt.sv(1) @ 1: runtime_only_unique_failure_aabt normalization resistant timing marker
RUNTIME_ONLY_CASE=748 SOURCE_A=benchmark_set_2:5
Mismatch[1]:
ibex[937] : pc[80000c7e] srai x21,x28,0x1: s5:ffffff32
RUNTIME_ONLY_COMBINE SOURCE_B=benchmark_set_1:4
riscv_debug_basic_test.0 : [FAILED]
000000000 RUNTIME_ONLY neutral retire case=00748 pc=0x80017ec4 opcode=csrrw x12=0x80017ec4
000000001 RUNTIME_ONLY neutral retire case=00748 pc=0x80017ec8 opcode=xor x13=0x80017ec9
000000002 RUNTIME_ONLY neutral retire case=00748 pc=0x80017ecc opcode=addi x14=0x80017ece
000000003 RUNTIME_ONLY neutral retire case=00748 pc=0x80017ed0 opcode=lw x15=0x80017ed3
000000004 RUNTIME_ONLY neutral retire case=00748 pc=0x80017ed4 opcode=sw x16=0x80017ed0
000000005 RUNTIME_ONLY neutral retire case=00748 pc=0x80017ed8 opcode=beq x17=0x80017edd
000000006 RUNTIME_ONLY neutral retire case=00748 pc=0x80017edc opcode=csrrw x18=0x80017eda
000000007 RUNTIME_ONLY neutral retire case=00748 pc=0x80017ee0 opcode=xor x19=0x80017ee7
000000008 RUNTIME_ONLY neutral retire case=00748 pc=0x80017ee4 opcode=addi x20=0x80017eec
000000009 RUNTIME_ONLY neutral retire case=00748 pc=0x80017ee8 opcode=lw x21=0x80017ee1
000000010 RUNTIME_ONLY neutral retire case=00748 pc=0x80017eec opcode=sw x22=0x80017ee6
000000011 RUNTIME_ONLY neutral retire case=00748 pc=0x80017ef0 opcode=beq x23=0x80017efb
000000012 RUNTIME_ONLY neutral retire case=00748 pc=0x80017ef4 opcode=csrrw x24=0x80017ef8
000000013 RUNTIME_ONLY neutral retire case=00748 pc=0x80017ef8 opcode=xor x25=0x80017ef5
000000014 RUNTIME_ONLY neutral retire case=00748 pc=0x80017efc opcode=addi x26=0x80017ef2
000000015 RUNTIME_ONLY neutral retire case=00748 pc=0x80017f00 opcode=lw x27=0x80017f0f
