UVM_FATAL /runtime_only_unique_aabf.sv(1) @ 1: runtime_only_unique_failure_aabf normalization resistant timing marker
RUNTIME_ONLY_CASE=58 SOURCE_A=benchmark_set_2:19
Mismatch[1]:
ibex[633] : pc[80000aa0] remu x26,x17,x10: s10:0000005d
RUNTIME_ONLY_COMBINE SOURCE_B=benchmark_set_2:25
spike[11266] : pc[ffffffff80011c28] srl s7, s1, a3: s7:ffffffff
[FAILED]: 10898 matched, 18570 mismatch
000000000 RUNTIME_ONLY neutral retire case=00058 pc=0x80001dac opcode=csrrw x26=0x80001dac
000000001 RUNTIME_ONLY neutral retire case=00058 pc=0x80001db0 opcode=xor x27=0x80001db1
000000002 RUNTIME_ONLY neutral retire case=00058 pc=0x80001db4 opcode=addi x28=0x80001db6
000000003 RUNTIME_ONLY neutral retire case=00058 pc=0x80001db8 opcode=lw x29=0x80001dbb
000000004 RUNTIME_ONLY neutral retire case=00058 pc=0x80001dbc opcode=sw x30=0x80001db8
000000005 RUNTIME_ONLY neutral retire case=00058 pc=0x80001dc0 opcode=beq x31=0x80001dc5
000000006 RUNTIME_ONLY neutral retire case=00058 pc=0x80001dc4 opcode=csrrw x0=0x80001dc2
000000007 RUNTIME_ONLY neutral retire case=00058 pc=0x80001dc8 opcode=xor x1=0x80001dcf
000000008 RUNTIME_ONLY neutral retire case=00058 pc=0x80001dcc opcode=addi x2=0x80001dc4
000000009 RUNTIME_ONLY neutral retire case=00058 pc=0x80001dd0 opcode=lw x3=0x80001dd9
000000010 RUNTIME_ONLY neutral retire case=00058 pc=0x80001dd4 opcode=sw x4=0x80001dde
000000011 RUNTIME_ONLY neutral retire case=00058 pc=0x80001dd8 opcode=beq x5=0x80001dd3
000000012 RUNTIME_ONLY neutral retire case=00058 pc=0x80001ddc opcode=csrrw x6=0x80001dd0
000000013 RUNTIME_ONLY neutral retire case=00058 pc=0x80001de0 opcode=xor x7=0x80001ded
000000014 RUNTIME_ONLY neutral retire case=00058 pc=0x80001de4 opcode=addi x8=0x80001dea
000000015 RUNTIME_ONLY neutral retire case=00058 pc=0x80001de8 opcode=lw x9=0x80001de7
000000016 RUNTIME_ONLY neutral retire case=00058 pc=0x80001dec opcode=sw x10=0x80001dfc
000000017 RUNTIME_ONLY neutral retire case=00058 pc=0x80001df0 opcode=beq x11=0x80001de1
000000018 RUNTIME_ONLY neutral retire case=00058 pc=0x80001df4 opcode=csrrw x12=0x80001de6
000000019 RUNTIME_ONLY neutral retire case=00058 pc=0x80001df8 opcode=xor x13=0x80001deb
000000020 RUNTIME_ONLY neutral retire case=00058 pc=0x80001dfc opcode=addi x14=0x80001de8
000000021 RUNTIME_ONLY neutral retire case=00058 pc=0x80001e00 opcode=lw x15=0x80001e15
000000022 RUNTIME_ONLY neutral retire case=00058 pc=0x80001e04 opcode=sw x16=0x80001e12
000000023 RUNTIME_ONLY neutral retire case=00058 pc=0x80001e08 opcode=beq x17=0x80001e1f
000000024 RUNTIME_ONLY neutral retire case=00058 pc=0x80001e0c opcode=csrrw x18=0x80001e14
000000025 RUNTIME_ONLY neutral retire case=00058 pc=0x80001e10 opcode=xor x19=0x80001e09
000000026 RUNTIME_ONLY neutral retire case=00058 pc=0x80001e14 opcode=addi x20=0x80001e0e
000000027 RUNTIME_ONLY neutral retire case=00058 pc=0x80001e18 opcode=lw x21=0x80001e03
000000028 RUNTIME_ONLY neutral retire case=00058 pc=0x80001e1c opcode=sw x22=0x80001e00
000000029 RUNTIME_ONLY neutral retire case=00058 pc=0x80001e20 opcode=beq x23=0x80001e3d
000000030 RUNTIME_ONLY neutral retire case=00058 pc=0x80001e24 opcode=csrrw x24=0x80001e3a
000000031 RUNTIME_ONLY neutral retire case=00058 pc=0x80001e28 opcode=xor x25=0x80001e37
000000032 RUNTIME_ONLY neutral retire case=00058 pc=0x80001e2c opcode=addi x26=0x80001e0c
000000033 RUNTIME_ONLY neutral retire case=00058 pc=0x80001e30 opcode=lw x27=0x80001e11
000000034 RUNTIME_ONLY neutral retire case=00058 pc=0x80001e34 opcode=sw x28=0x80001e16
000000035 RUNTIME_ONLY neutral retire case=00058 pc=0x80001e38 opcode=beq x29=0x80001e1b
000000036 RUNTIME_ONLY neutral retire case=00058 pc=0x80001e3c opcode=csrrw x30=0x80001e18
000000037 RUNTIME_ONLY neutral retire case=00058 pc=0x80001e40 opcode=xor x31=0x80001e65
000000038 RUNTIME_ONLY neutral retire case=00058 pc=0x80001e44 opcode=addi x0=0x80001e62
000000039 RUNTIME_ONLY neutral retire case=00058 pc=0x80001e48 opcode=lw x1=0x80001e6f
000000040 RUNTIME_ONLY neutral retire case=00058 pc=0x80001e4c opcode=sw x2=0x80001e64
000000041 RUNTIME_ONLY neutral retire case=00058 pc=0x80001e50 opcode=beq x3=0x80001e79
000000042 RUNTIME_ONLY neutral retire case=00058 pc=0x80001e54 opcode=csrrw x4=0x80001e7e
000000043 RUNTIME_ONLY neutral retire case=00058 pc=0x80001e58 opcode=xor x5=0x80001e73
000000044 RUNTIME_ONLY neutral retire case=00058 pc=0x80001e5c opcode=addi x6=0x80001e70
000000045 RUNTIME_ONLY neutral retire case=00058 pc=0x80001e60 opcode=lw x7=0x80001e4d
000000046 RUNTIME_ONLY neutral retire case=00058 pc=0x80001e64 opcode=sw x8=0x80001e4a
000000047 RUNTIME_ONLY neutral retire case=00058 pc=0x80001e68 opcode=beq x9=0x80001e47
000000048 RUNTIME_ONLY neutral retire case=00058 pc=0x80001e6c opcode=csrrw x10=0x80001e5c
000000049 RUNTIME_ONLY neutral retire case=00058 pc=0x80001e70 opcode=xor x11=0x80001e41
000000050 RUNTIME_ONLY neutral retire case=00058 pc=0x80001e74 opcode=addi x12=0x80001e46
000000051 RUNTIME_ONLY neutral retire case=00058 pc=0x80001e78 opcode=lw x13=0x80001e4b
000000052 RUNTIME_ONLY neutral retire case=00058 pc=0x80001e7c opcode=sw x14=0x80001e48
000000053 RUNTIME_ONLY neutral retire case=00058 pc=0x80001e80 opcode=beq x15=0x80001eb5
000000054 RUNTIME_ONLY neutral retire case=00058 pc=0x80001e84 opcode=csrrw x16=0x80001eb2
000000055 RUNTIME_ONLY neutral retire case=00058 pc=0x80001e88 opcode=xor x17=0x80001ebf
000000056 RUNTIME_ONLY neutral retire case=00058 pc=0x80001e8c opcode=addi x18=0x80001eb4
000000057 RUNTIME_ONLY neutral retire case=00058 pc=0x80001e90 opcode=lw x19=0x80001ea9
000000058 RUNTIME_ONLY neutral retire case=00058 pc=0x80001e94 opcode=sw x20=0x80001eae
000000059 RUNTIME_ONLY neutral retire case=00058 pc=0x80001e98 opcode=beq x21=0x80001ea3
000000060 RUNTIME_ONLY neutral retire case=00058 pc=0x80001e9c opcode=csrrw x22=0x80001ea0
000000061 RUNTIME_ONLY neutral retire case=00058 pc=0x80001ea0 opcode=xor x23=0x80001e9d
000000062 RUNTIME_ONLY neutral retire case=00058 pc=0x80001ea4 opcode=addi x24=0x80001e9a
000000063 RUNTIME_ONLY neutral retire case=00058 pc=0x80001ea8 opcode=lw x25=0x80001e97
000000064 RUNTIME_ONLY neutral retire case=00058 pc=0x80001eac opcode=sw x26=0x80001eec
000000065 RUNTIME_ONLY neutral retire case=00058 pc=0x80001eb0 opcode=beq x27=0x80001ef1
000000066 RUNTIME_ONLY neutral retire case=00058 pc=0x80001eb4 opcode=csrrw x28=0x80001ef6
000000067 RUNTIME_ONLY neutral retire case=00058 pc=0x80001eb8 opcode=xor x29=0x80001efb
000000068 RUNTIME_ONLY neutral retire case=00058 pc=0x80001ebc opcode=addi x30=0x80001ef8
000000069 RUNTIME_ONLY neutral retire case=00058 pc=0x80001ec0 opcode=lw x31=0x80001e85
000000070 RUNTIME_ONLY neutral retire case=00058 pc=0x80001ec4 opcode=sw x0=0x80001e82
000000071 RUNTIME_ONLY neutral retire case=00058 pc=0x80001ec8 opcode=beq x1=0x80001e8f
000000072 RUNTIME_ONLY neutral retire case=00058 pc=0x80001ecc opcode=csrrw x2=0x80001e84
000000073 RUNTIME_ONLY neutral retire case=00058 pc=0x80001ed0 opcode=xor x3=0x80001e99
000000074 RUNTIME_ONLY neutral retire case=00058 pc=0x80001ed4 opcode=addi x4=0x80001e9e
000000075 RUNTIME_ONLY neutral retire case=00058 pc=0x80001ed8 opcode=lw x5=0x80001e93
000000076 RUNTIME_ONLY neutral retire case=00058 pc=0x80001edc opcode=sw x6=0x80001e90
000000077 RUNTIME_ONLY neutral retire case=00058 pc=0x80001ee0 opcode=beq x7=0x80001ead
000000078 RUNTIME_ONLY neutral retire case=00058 pc=0x80001ee4 opcode=csrrw x8=0x80001eaa
000000079 RUNTIME_ONLY neutral retire case=00058 pc=0x80001ee8 opcode=xor x9=0x80001ea7
000000080 RUNTIME_ONLY neutral retire case=00058 pc=0x80001eec opcode=addi x10=0x80001ebc
000000081 RUNTIME_ONLY neutral retire case=00058 pc=0x80001ef0 opcode=lw x11=0x80001ea1
000000082 RUNTIME_ONLY neutral retire case=00058 pc=0x80001ef4 opcode=sw x12=0x80001ea6
000000083 RUNTIME_ONLY neutral retire case=00058 pc=0x80001ef8 opcode=beq x13=0x80001eab
000000084 RUNTIME_ONLY neutral retire case=00058 pc=0x80001efc opcode=csrrw x14=0x80001ea8
000000085 RUNTIME_ONLY neutral retire case=00058 pc=0x80001f00 opcode=xor x15=0x80001f55
000000086 RUNTIME_ONLY neutral retire case=00058 pc=0x80001f04 opcode=addi x16=0x80001f52
000000087 RUNTIME_ONLY neutral retire case=00058 pc=0x80001f08 opcode=lw x17=0x80001f5f
000000088 RUNTIME_ONLY neutral retire case=00058 pc=0x80001f0c opcode=sw x18=0x80001f54
000000089 RUNTIME_ONLY neutral retire case=00058 pc=0x80001f10 opcode=beq x19=0x80001f49
000000090 RUNTIME_ONLY neutral retire case=00058 pc=0x80001f14 opcode=csrrw x20=0x80001f4e
000000091 RUNTIME_ONLY neutral retire case=00058 pc=0x80001f18 opcode=xor x21=0x80001f43
000000092 RUNTIME_ONLY neutral retire case=00058 pc=0x80001f1c opcode=addi x22=0x80001f40
000000093 RUNTIME_ONLY neutral retire case=00058 pc=0x80001f20 opcode=lw x23=0x80001f7d
000000094 RUNTIME_ONLY neutral retire case=00058 pc=0x80001f24 opcode=sw x24=0x80001f7a
000000095 RUNTIME_ONLY neutral retire case=00058 pc=0x80001f28 opcode=beq x25=0x80001f77
000000096 RUNTIME_ONLY neutral retire case=00058 pc=0x80001f2c opcode=csrrw x26=0x80001f4c
000000097 RUNTIME_ONLY neutral retire case=00058 pc=0x80001f30 opcode=xor x27=0x80001f51
000000098 RUNTIME_ONLY neutral retire case=00058 pc=0x80001f34 opcode=addi x28=0x80001f56
000000099 RUNTIME_ONLY neutral retire case=00058 pc=0x80001f38 opcode=lw x29=0x80001f5b
000000100 RUNTIME_ONLY neutral retire case=00058 pc=0x80001f3c opcode=sw x30=0x80001f58
000000101 RUNTIME_ONLY neutral retire case=00058 pc=0x80001f40 opcode=beq x31=0x80001f25
000000102 RUNTIME_ONLY neutral retire case=00058 pc=0x80001f44 opcode=csrrw x0=0x80001f22
000000103 RUNTIME_ONLY neutral retire case=00058 pc=0x80001f48 opcode=xor x1=0x80001f2f
000000104 RUNTIME_ONLY neutral retire case=00058 pc=0x80001f4c opcode=addi x2=0x80001f24
000000105 RUNTIME_ONLY neutral retire case=00058 pc=0x80001f50 opcode=lw x3=0x80001f39
000000106 RUNTIME_ONLY neutral retire case=00058 pc=0x80001f54 opcode=sw x4=0x80001f3e
000000107 RUNTIME_ONLY neutral retire case=00058 pc=0x80001f58 opcode=beq x5=0x80001f33
000000108 RUNTIME_ONLY neutral retire case=00058 pc=0x80001f5c opcode=csrrw x6=0x80001f30
000000109 RUNTIME_ONLY neutral retire case=00058 pc=0x80001f60 opcode=xor x7=0x80001f0d
000000110 RUNTIME_ONLY neutral retire case=00058 pc=0x80001f64 opcode=addi x8=0x80001f0a
000000111 RUNTIME_ONLY neutral retire case=00058 pc=0x80001f68 opcode=lw x9=0x80001f07
000000112 RUNTIME_ONLY neutral retire case=00058 pc=0x80001f6c opcode=sw x10=0x80001f1c
000000113 RUNTIME_ONLY neutral retire case=00058 pc=0x80001f70 opcode=beq x11=0x80001f01
000000114 RUNTIME_ONLY neutral retire case=00058 pc=0x80001f74 opcode=csrrw x12=0x80001f06
000000115 RUNTIME_ONLY neutral retire case=00058 pc=0x80001f78 opcode=xor x13=0x80001f0b
000000116 RUNTIME_ONLY neutral retire case=00058 pc=0x80001f7c opcode=addi x14=0x80001f08
000000117 RUNTIME_ONLY neutral retire case=00058 pc=0x80001f80 opcode=lw x15=0x80001ff5
000000118 RUNTIME_ONLY neutral retire case=00058 pc=0x80001f84 opcode=sw x16=0x80001ff2
000000119 RUNTIME_ONLY neutral retire case=00058 pc=0x80001f88 opcode=beq x17=0x80001fff
000000120 RUNTIME_ONLY neutral retire case=00058 pc=0x80001f8c opcode=csrrw x18=0x80001ff4
000000121 RUNTIME_ONLY neutral retire case=00058 pc=0x80001f90 opcode=xor x19=0x80001fe9
000000122 RUNTIME_ONLY neutral retire case=00058 pc=0x80001f94 opcode=addi x20=0x80001fee
000000123 RUNTIME_ONLY neutral retire case=00058 pc=0x80001f98 opcode=lw x21=0x80001fe3
000000124 RUNTIME_ONLY neutral retire case=00058 pc=0x80001f9c opcode=sw x22=0x80001fe0
000000125 RUNTIME_ONLY neutral retire case=00058 pc=0x80001fa0 opcode=beq x23=0x80001fdd
000000126 RUNTIME_ONLY neutral retire case=00058 pc=0x80001fa4 opcode=csrrw x24=0x80001fda
000000127 RUNTIME_ONLY neutral retire case=00058 pc=0x80001fa8 opcode=xor x25=0x80001fd7
000000128 RUNTIME_ONLY neutral retire case=00058 pc=0x80001fac opcode=addi x26=0x80001f2c
000000129 RUNTIME_ONLY neutral retire case=00058 pc=0x80001fb0 opcode=lw x27=0x80001f31
000000130 RUNTIME_ONLY neutral retire case=00058 pc=0x80001fb4 opcode=sw x28=0x80001f36
000000131 RUNTIME_ONLY neutral retire case=00058 pc=0x80001fb8 opcode=beq x29=0x80001f3b
000000132 RUNTIME_ONLY neutral retire case=00058 pc=0x80001fbc opcode=csrrw x30=0x80001f38
000000133 RUNTIME_ONLY neutral retire case=00058 pc=0x80001fc0 opcode=xor x31=0x80001f45
000000134 RUNTIME_ONLY neutral retire case=00058 pc=0x80001fc4 opcode=addi x0=0x80001f42
000000135 RUNTIME_ONLY neutral retire case=00058 pc=0x80001fc8 opcode=lw x1=0x80001f4f
000000136 RUNTIME_ONLY neutral retire case=00058 pc=0x80001fcc opcode=sw x2=0x80001f44
000000137 RUNTIME_ONLY neutral retire case=00058 pc=0x80001fd0 opcode=beq x3=0x80001f59
000000138 RUNTIME_ONLY neutral retire case=00058 pc=0x80001fd4 opcode=csrrw x4=0x80001f5e
000000139 RUNTIME_ONLY neutral retire case=00058 pc=0x80001fd8 opcode=xor x5=0x80001f53
000000140 RUNTIME_ONLY neutral retire case=00058 pc=0x80001fdc opcode=addi x6=0x80001f50
000000141 RUNTIME_ONLY neutral retire case=00058 pc=0x80001fe0 opcode=lw x7=0x80001f6d
000000142 RUNTIME_ONLY neutral retire case=00058 pc=0x80001fe4 opcode=sw x8=0x80001f6a
000000143 RUNTIME_ONLY neutral retire case=00058 pc=0x80001fe8 opcode=beq x9=0x80001f67
000000144 RUNTIME_ONLY neutral retire case=00058 pc=0x80001fec opcode=csrrw x10=0x80001f7c
000000145 RUNTIME_ONLY neutral retire case=00058 pc=0x80001ff0 opcode=xor x11=0x80001f61
000000146 RUNTIME_ONLY neutral retire case=00058 pc=0x80001ff4 opcode=addi x12=0x80001f66
000000147 RUNTIME_ONLY neutral retire case=00058 pc=0x80001ff8 opcode=lw x13=0x80001f6b
000000148 RUNTIME_ONLY neutral retire case=00058 pc=0x80001ffc opcode=sw x14=0x80001f68
000000149 RUNTIME_ONLY neutral retire case=00058 pc=0x80002000 opcode=beq x15=0x80002095
000000150 RUNTIME_ONLY neutral retire case=00058 pc=0x80002004 opcode=csrrw x16=0x80002092
000000151 RUNTIME_ONLY neutral retire case=00058 pc=0x80002008 opcode=xor x17=0x8000209f
000000152 RUNTIME_ONLY neutral retire case=00058 pc=0x8000200c opcode=addi x18=0x80002094
000000153 RUNTIME_ONLY neutral retire case=00058 pc=0x80002010 opcode=lw x19=0x80002089
000000154 RUNTIME_ONLY neutral retire case=00058 pc=0x80002014 opcode=sw x20=0x8000208e
000000155 RUNTIME_ONLY neutral retire case=00058 pc=0x80002018 opcode=beq x21=0x80002083
000000156 RUNTIME_ONLY neutral retire case=00058 pc=0x8000201c opcode=csrrw x22=0x80002080
000000157 RUNTIME_ONLY neutral retire case=00058 pc=0x80002020 opcode=xor x23=0x800020bd
000000158 RUNTIME_ONLY neutral retire case=00058 pc=0x80002024 opcode=addi x24=0x800020ba
000000159 RUNTIME_ONLY neutral retire case=00058 pc=0x80002028 opcode=lw x25=0x800020b7
000000160 RUNTIME_ONLY neutral retire case=00058 pc=0x8000202c opcode=sw x26=0x8000208c
000000161 RUNTIME_ONLY neutral retire case=00058 pc=0x80002030 opcode=beq x27=0x80002091
000000162 RUNTIME_ONLY neutral retire case=00058 pc=0x80002034 opcode=csrrw x28=0x80002096
000000163 RUNTIME_ONLY neutral retire case=00058 pc=0x80002038 opcode=xor x29=0x8000209b
000000164 RUNTIME_ONLY neutral retire case=00058 pc=0x8000203c opcode=addi x30=0x80002098
000000165 RUNTIME_ONLY neutral retire case=00058 pc=0x80002040 opcode=lw x31=0x800020e5
000000166 RUNTIME_ONLY neutral retire case=00058 pc=0x80002044 opcode=sw x0=0x800020e2
000000167 RUNTIME_ONLY neutral retire case=00058 pc=0x80002048 opcode=beq x1=0x800020ef
000000168 RUNTIME_ONLY neutral retire case=00058 pc=0x8000204c opcode=csrrw x2=0x800020e4
000000169 RUNTIME_ONLY neutral retire case=00058 pc=0x80002050 opcode=xor x3=0x800020f9
000000170 RUNTIME_ONLY neutral retire case=00058 pc=0x80002054 opcode=addi x4=0x800020fe
000000171 RUNTIME_ONLY neutral retire case=00058 pc=0x80002058 opcode=lw x5=0x800020f3
000000172 RUNTIME_ONLY neutral retire case=00058 pc=0x8000205c opcode=sw x6=0x800020f0
000000173 RUNTIME_ONLY neutral retire case=00058 pc=0x80002060 opcode=beq x7=0x800020cd
000000174 RUNTIME_ONLY neutral retire case=00058 pc=0x80002064 opcode=csrrw x8=0x800020ca
000000175 RUNTIME_ONLY neutral retire case=00058 pc=0x80002068 opcode=xor x9=0x800020c7
000000176 RUNTIME_ONLY neutral retire case=00058 pc=0x8000206c opcode=addi x10=0x800020dc
000000177 RUNTIME_ONLY neutral retire case=00058 pc=0x80002070 opcode=lw x11=0x800020c1
000000178 RUNTIME_ONLY neutral retire case=00058 pc=0x80002074 opcode=sw x12=0x800020c6
000000179 RUNTIME_ONLY neutral retire case=00058 pc=0x80002078 opcode=beq x13=0x800020cb
000000180 RUNTIME_ONLY neutral retire case=00058 pc=0x8000207c opcode=csrrw x14=0x800020c8
000000181 RUNTIME_ONLY neutral retire case=00058 pc=0x80002080 opcode=xor x15=0x80002035
000000182 RUNTIME_ONLY neutral retire case=00058 pc=0x80002084 opcode=addi x16=0x80002032
000000183 RUNTIME_ONLY neutral retire case=00058 pc=0x80002088 opcode=lw x17=0x8000203f
000000184 RUNTIME_ONLY neutral retire case=00058 pc=0x8000208c opcode=sw x18=0x80002034
000000185 RUNTIME_ONLY neutral retire case=00058 pc=0x80002090 opcode=beq x19=0x80002029
000000186 RUNTIME_ONLY neutral retire case=00058 pc=0x80002094 opcode=csrrw x20=0x8000202e
000000187 RUNTIME_ONLY neutral retire case=00058 pc=0x80002098 opcode=xor x21=0x80002023
000000188 RUNTIME_ONLY neutral retire case=00058 pc=0x8000209c opcode=addi x22=0x80002020
000000189 RUNTIME_ONLY neutral retire case=00058 pc=0x800020a0 opcode=lw x23=0x8000201d
000000190 RUNTIME_ONLY neutral retire case=00058 pc=0x800020a4 opcode=sw x24=0x8000201a
000000191 RUNTIME_ONLY neutral retire case=00058 pc=0x800020a8 opcode=beq x25=0x80002017
000000192 RUNTIME_ONLY neutral retire case=00058 pc=0x800020ac opcode=csrrw x26=0x8000206c
000000193 RUNTIME_ONLY neutral retire case=00058 pc=0x800020b0 opcode=xor x27=0x80002071
000000194 RUNTIME_ONLY neutral retire case=00058 pc=0x800020b4 opcode=addi x28=0x80002076
000000195 RUNTIME_ONLY neutral retire case=00058 pc=0x800020b8 opcode=lw x29=0x8000207b
000000196 RUNTIME_ONLY neutral retire case=00058 pc=0x800020bc opcode=sw x30=0x80002078
000000197 RUNTIME_ONLY neutral retire case=00058 pc=0x800020c0 opcode=beq x31=0x80002005
000000198 RUNTIME_ONLY neutral retire case=00058 pc=0x800020c4 opcode=csrrw x0=0x80002002
000000199 RUNTIME_ONLY neutral retire case=00058 pc=0x800020c8 opcode=xor x1=0x8000200f
000000200 RUNTIME_ONLY neutral retire case=00058 pc=0x800020cc opcode=addi x2=0x80002004
000000201 RUNTIME_ONLY neutral retire case=00058 pc=0x800020d0 opcode=lw x3=0x80002019
000000202 RUNTIME_ONLY neutral retire case=00058 pc=0x800020d4 opcode=sw x4=0x8000201e
000000203 RUNTIME_ONLY neutral retire case=00058 pc=0x800020d8 opcode=beq x5=0x80002013
000000204 RUNTIME_ONLY neutral retire case=00058 pc=0x800020dc opcode=csrrw x6=0x80002010
000000205 RUNTIME_ONLY neutral retire case=00058 pc=0x800020e0 opcode=xor x7=0x8000202d
000000206 RUNTIME_ONLY neutral retire case=00058 pc=0x800020e4 opcode=addi x8=0x8000202a
000000207 RUNTIME_ONLY neutral retire case=00058 pc=0x800020e8 opcode=lw x9=0x80002027
000000208 RUNTIME_ONLY neutral retire case=00058 pc=0x800020ec opcode=sw x10=0x8000203c
000000209 RUNTIME_ONLY neutral retire case=00058 pc=0x800020f0 opcode=beq x11=0x80002021
000000210 RUNTIME_ONLY neutral retire case=00058 pc=0x800020f4 opcode=csrrw x12=0x80002026
000000211 RUNTIME_ONLY neutral retire case=00058 pc=0x800020f8 opcode=xor x13=0x8000202b
000000212 RUNTIME_ONLY neutral retire case=00058 pc=0x800020fc opcode=addi x14=0x80002028
000000213 RUNTIME_ONLY neutral retire case=00058 pc=0x80002100 opcode=lw x15=0x800021d5
000000214 RUNTIME_ONLY neutral retire case=00058 pc=0x80002104 opcode=sw x16=0x800021d2
000000215 RUNTIME_ONLY neutral retire case=00058 pc=0x80002108 opcode=beq x17=0x800021df
000000216 RUNTIME_ONLY neutral retire case=00058 pc=0x8000210c opcode=csrrw x18=0x800021d4
000000217 RUNTIME_ONLY neutral retire case=00058 pc=0x80002110 opcode=xor x19=0x800021c9
000000218 RUNTIME_ONLY neutral retire case=00058 pc=0x80002114 opcode=addi x20=0x800021ce
000000219 RUNTIME_ONLY neutral retire case=00058 pc=0x80002118 opcode=lw x21=0x800021c3
000000220 RUNTIME_ONLY neutral retire case=00058 pc=0x8000211c opcode=sw x22=0x800021c0
000000221 RUNTIME_ONLY neutral retire case=00058 pc=0x80002120 opcode=beq x23=0x800021fd
000000222 RUNTIME_ONLY neutral retire case=00058 pc=0x80002124 opcode=csrrw x24=0x800021fa
000000223 RUNTIME_ONLY neutral retire case=00058 pc=0x80002128 opcode=xor x25=0x800021f7
000000224 RUNTIME_ONLY neutral retire case=00058 pc=0x8000212c opcode=addi x26=0x800021cc
000000225 RUNTIME_ONLY neutral retire case=00058 pc=0x80002130 opcode=lw x27=0x800021d1
000000226 RUNTIME_ONLY neutral retire case=00058 pc=0x80002134 opcode=sw x28=0x800021d6
000000227 RUNTIME_ONLY neutral retire case=00058 pc=0x80002138 opcode=beq x29=0x800021db
000000228 RUNTIME_ONLY neutral retire case=00058 pc=0x8000213c opcode=csrrw x30=0x800021d8
000000229 RUNTIME_ONLY neutral retire case=00058 pc=0x80002140 opcode=xor x31=0x800021a5
000000230 RUNTIME_ONLY neutral retire case=00058 pc=0x80002144 opcode=addi x0=0x800021a2
000000231 RUNTIME_ONLY neutral retire case=00058 pc=0x80002148 opcode=lw x1=0x800021af
000000232 RUNTIME_ONLY neutral retire case=00058 pc=0x8000214c opcode=sw x2=0x800021a4
000000233 RUNTIME_ONLY neutral retire case=00058 pc=0x80002150 opcode=beq x3=0x800021b9
000000234 RUNTIME_ONLY neutral retire case=00058 pc=0x80002154 opcode=csrrw x4=0x800021be
000000235 RUNTIME_ONLY neutral retire case=00058 pc=0x80002158 opcode=xor x5=0x800021b3
000000236 RUNTIME_ONLY neutral retire case=00058 pc=0x8000215c opcode=addi x6=0x800021b0
000000237 RUNTIME_ONLY neutral retire case=00058 pc=0x80002160 opcode=lw x7=0x8000218d
000000238 RUNTIME_ONLY neutral retire case=00058 pc=0x80002164 opcode=sw x8=0x8000218a
000000239 RUNTIME_ONLY neutral retire case=00058 pc=0x80002168 opcode=beq x9=0x80002187
000000240 RUNTIME_ONLY neutral retire case=00058 pc=0x8000216c opcode=csrrw x10=0x8000219c
000000241 RUNTIME_ONLY neutral retire case=00058 pc=0x80002170 opcode=xor x11=0x80002181
