UVM_FATAL /runtime_only_unique_aaka.sv(1) @ 1: runtime_only_unique_failure_aaka normalization resistant timing marker
RUNTIME_ONLY_CASE=963 SOURCE_A=benchmark_set_1:3
riscv_multiple_interrupt_test.0 : [FAILED]
RUNTIME_ONLY_COMBINE SOURCE_B=benchmark_set_1:5
riscv_single_interrupt_test.0 : [FAILED]
000000000 RUNTIME_ONLY neutral retire case=00963 pc=0x8001ecc8 opcode=beq x3=0x8001ecc8
000000001 RUNTIME_ONLY neutral retire case=00963 pc=0x8001eccc opcode=csrrw x4=0x8001eccd
000000002 RUNTIME_ONLY neutral retire case=00963 pc=0x8001ecd0 opcode=xor x5=0x8001ecd2
000000003 RUNTIME_ONLY neutral retire case=00963 pc=0x8001ecd4 opcode=addi x6=0x8001ecd7
000000004 RUNTIME_ONLY neutral retire case=00963 pc=0x8001ecd8 opcode=lw x7=0x8001ecdc
000000005 RUNTIME_ONLY neutral retire case=00963 pc=0x8001ecdc opcode=sw x8=0x8001ecd9
000000006 RUNTIME_ONLY neutral retire case=00963 pc=0x8001ece0 opcode=beq x9=0x8001ece6
000000007 RUNTIME_ONLY neutral retire case=00963 pc=0x8001ece4 opcode=csrrw x10=0x8001ece3
000000008 RUNTIME_ONLY neutral retire case=00963 pc=0x8001ece8 opcode=xor x11=0x8001ece0
000000009 RUNTIME_ONLY neutral retire case=00963 pc=0x8001ecec opcode=addi x12=0x8001ece5
000000010 RUNTIME_ONLY neutral retire case=00963 pc=0x8001ecf0 opcode=lw x13=0x8001ecfa
000000011 RUNTIME_ONLY neutral retire case=00963 pc=0x8001ecf4 opcode=sw x14=0x8001ecff
000000012 RUNTIME_ONLY neutral retire case=00963 pc=0x8001ecf8 opcode=beq x15=0x8001ecf4
000000013 RUNTIME_ONLY neutral retire case=00963 pc=0x8001ecfc opcode=csrrw x16=0x8001ecf1
000000014 RUNTIME_ONLY neutral retire case=00963 pc=0x8001ed00 opcode=xor x17=0x8001ed0e
