UVM_FATAL /runtime_only_unique_aawe.sv(1) @ 1: runtime_only_unique_failure_aawe normalization resistant timing marker
RUNTIME_ONLY_CASE=603 SOURCE_A=benchmark_set_2:20
riscv_multiple_interrupt_test.0 : [FAILED]
RUNTIME_ONLY_COMBINE SOURCE_B=benchmark_set_2:6
riscv_single_interrupt_test.0 : [FAILED]
000000000 RUNTIME_ONLY neutral retire case=00603 pc=0x80013490 opcode=beq x27=0x80013490
000000001 RUNTIME_ONLY neutral retire case=00603 pc=0x80013494 opcode=csrrw x28=0x80013495
000000002 RUNTIME_ONLY neutral retire case=00603 pc=0x80013498 opcode=xor x29=0x8001349a
000000003 RUNTIME_ONLY neutral retire case=00603 pc=0x8001349c opcode=addi x30=0x8001349f
000000004 RUNTIME_ONLY neutral retire case=00603 pc=0x800134a0 opcode=lw x31=0x800134a4
000000005 RUNTIME_ONLY neutral retire case=00603 pc=0x800134a4 opcode=sw x0=0x800134a1
000000006 RUNTIME_ONLY neutral retire case=00603 pc=0x800134a8 opcode=beq x1=0x800134ae
000000007 RUNTIME_ONLY neutral retire case=00603 pc=0x800134ac opcode=csrrw x2=0x800134ab
000000008 RUNTIME_ONLY neutral retire case=00603 pc=0x800134b0 opcode=xor x3=0x800134b8
000000009 RUNTIME_ONLY neutral retire case=00603 pc=0x800134b4 opcode=addi x4=0x800134bd
000000010 RUNTIME_ONLY neutral retire case=00603 pc=0x800134b8 opcode=lw x5=0x800134b2
000000011 RUNTIME_ONLY neutral retire case=00603 pc=0x800134bc opcode=sw x6=0x800134b7
000000012 RUNTIME_ONLY neutral retire case=00603 pc=0x800134c0 opcode=beq x7=0x800134cc
000000013 RUNTIME_ONLY neutral retire case=00603 pc=0x800134c4 opcode=csrrw x8=0x800134c9
000000014 RUNTIME_ONLY neutral retire case=00603 pc=0x800134c8 opcode=xor x9=0x800134c6
000000015 RUNTIME_ONLY neutral retire case=00603 pc=0x800134cc opcode=addi x10=0x800134c3
