UVM_FATAL /runtime_only_unique_aacv.sv(1) @ 1: runtime_only_unique_failure_aacv normalization resistant timing marker
RUNTIME_ONLY_CASE=100 SOURCE_A=benchmark_set_1:4
riscv_debug_basic_test.0 : [FAILED]
RUNTIME_ONLY_COMBINE SOURCE_B=benchmark_set_2:2
riscv_csr_test.0 : [FAILED]
000000000 RUNTIME_ONLY neutral retire case=00100 pc=0x8000332c opcode=csrrw x4=0x8000332c
000000001 RUNTIME_ONLY neutral retire case=00100 pc=0x80003330 opcode=xor x5=0x80003331
000000002 RUNTIME_ONLY neutral retire case=00100 pc=0x80003334 opcode=addi x6=0x80003336
000000003 RUNTIME_ONLY neutral retire case=00100 pc=0x80003338 opcode=lw x7=0x8000333b
000000004 RUNTIME_ONLY neutral retire case=00100 pc=0x8000333c opcode=sw x8=0x80003338
000000005 RUNTIME_ONLY neutral retire case=00100 pc=0x80003340 opcode=beq x9=0x80003345
000000006 RUNTIME_ONLY neutral retire case=00100 pc=0x80003344 opcode=csrrw x10=0x80003342
000000007 RUNTIME_ONLY neutral retire case=00100 pc=0x80003348 opcode=xor x11=0x8000334f
000000008 RUNTIME_ONLY neutral retire case=00100 pc=0x8000334c opcode=addi x12=0x80003344
000000009 RUNTIME_ONLY neutral retire case=00100 pc=0x80003350 opcode=lw x13=0x80003359
000000010 RUNTIME_ONLY neutral retire case=00100 pc=0x80003354 opcode=sw x14=0x8000335e
000000011 RUNTIME_ONLY neutral retire case=00100 pc=0x80003358 opcode=beq x15=0x80003353
000000012 RUNTIME_ONLY neutral retire case=00100 pc=0x8000335c opcode=csrrw x16=0x80003350
000000013 RUNTIME_ONLY neutral retire case=00100 pc=0x80003360 opcode=xor x17=0x8000336d
000000014 RUNTIME_ONLY neutral retire case=00100 pc=0x80003364 opcode=addi x18=0x8000336a
000000015 RUNTIME_ONLY neutral retire case=00100 pc=0x80003368 opcode=lw x19=0x80003367
000000016 RUNTIME_ONLY neutral retire case=00100 pc=0x8000336c opcode=sw x20=0x8000337c
000000017 RUNTIME_ONLY neutral retire case=00100 pc=0x80003370 opcode=beq x21=0x80003361
000000018 RUNTIME_ONLY neutral retire case=00100 pc=0x80003374 opcode=csrrw x22=0x80003366
000000019 RUNTIME_ONLY neutral retire case=00100 pc=0x80003378 opcode=xor x23=0x8000336b
000000020 RUNTIME_ONLY neutral retire case=00100 pc=0x8000337c opcode=addi x24=0x80003368
000000021 RUNTIME_ONLY neutral retire case=00100 pc=0x80003380 opcode=lw x25=0x80003395
000000022 RUNTIME_ONLY neutral retire case=00100 pc=0x80003384 opcode=sw x26=0x80003392
000000023 RUNTIME_ONLY neutral retire case=00100 pc=0x80003388 opcode=beq x27=0x8000339f
000000024 RUNTIME_ONLY neutral retire case=00100 pc=0x8000338c opcode=csrrw x28=0x80003394
000000025 RUNTIME_ONLY neutral retire case=00100 pc=0x80003390 opcode=xor x29=0x80003389
000000026 RUNTIME_ONLY neutral retire case=00100 pc=0x80003394 opcode=addi x30=0x8000338e
000000027 RUNTIME_ONLY neutral retire case=00100 pc=0x80003398 opcode=lw x31=0x80003383
000000028 RUNTIME_ONLY neutral retire case=00100 pc=0x8000339c opcode=sw x0=0x80003380
000000029 RUNTIME_ONLY neutral retire case=00100 pc=0x800033a0 opcode=beq x1=0x800033bd
000000030 RUNTIME_ONLY neutral retire case=00100 pc=0x800033a4 opcode=csrrw x2=0x800033ba
000000031 RUNTIME_ONLY neutral retire case=00100 pc=0x800033a8 opcode=xor x3=0x800033b7
000000032 RUNTIME_ONLY neutral retire case=00100 pc=0x800033ac opcode=addi x4=0x8000338c
000000033 RUNTIME_ONLY neutral retire case=00100 pc=0x800033b0 opcode=lw x5=0x80003391
000000034 RUNTIME_ONLY neutral retire case=00100 pc=0x800033b4 opcode=sw x6=0x80003396
000000035 RUNTIME_ONLY neutral retire case=00100 pc=0x800033b8 opcode=beq x7=0x8000339b
000000036 RUNTIME_ONLY neutral retire case=00100 pc=0x800033bc opcode=csrrw x8=0x80003398
000000037 RUNTIME_ONLY neutral retire case=00100 pc=0x800033c0 opcode=xor x9=0x800033e5
000000038 RUNTIME_ONLY neutral retire case=00100 pc=0x800033c4 opcode=addi x10=0x800033e2
000000039 RUNTIME_ONLY neutral retire case=00100 pc=0x800033c8 opcode=lw x11=0x800033ef
000000040 RUNTIME_ONLY neutral retire case=00100 pc=0x800033cc opcode=sw x12=0x800033e4
000000041 RUNTIME_ONLY neutral retire case=00100 pc=0x800033d0 opcode=beq x13=0x800033f9
000000042 RUNTIME_ONLY neutral retire case=00100 pc=0x800033d4 opcode=csrrw x14=0x800033fe
000000043 RUNTIME_ONLY neutral retire case=00100 pc=0x800033d8 opcode=xor x15=0x800033f3
000000044 RUNTIME_ONLY neutral retire case=00100 pc=0x800033dc opcode=addi x16=0x800033f0
000000045 RUNTIME_ONLY neutral retire case=00100 pc=0x800033e0 opcode=lw x17=0x800033cd
000000046 RUNTIME_ONLY neutral retire case=00100 pc=0x800033e4 opcode=sw x18=0x800033ca
000000047 RUNTIME_ONLY neutral retire case=00100 pc=0x800033e8 opcode=beq x19=0x800033c7
000000048 RUNTIME_ONLY neutral retire case=00100 pc=0x800033ec opcode=csrrw x20=0x800033dc
000000049 RUNTIME_ONLY neutral retire case=00100 pc=0x800033f0 opcode=xor x21=0x800033c1
000000050 RUNTIME_ONLY neutral retire case=00100 pc=0x800033f4 opcode=addi x22=0x800033c6
000000051 RUNTIME_ONLY neutral retire case=00100 pc=0x800033f8 opcode=lw x23=0x800033cb
000000052 RUNTIME_ONLY neutral retire case=00100 pc=0x800033fc opcode=sw x24=0x800033c8
000000053 RUNTIME_ONLY neutral retire case=00100 pc=0x80003400 opcode=beq x25=0x80003435
000000054 RUNTIME_ONLY neutral retire case=00100 pc=0x80003404 opcode=csrrw x26=0x80003432
000000055 RUNTIME_ONLY neutral retire case=00100 pc=0x80003408 opcode=xor x27=0x8000343f
000000056 RUNTIME_ONLY neutral retire case=00100 pc=0x8000340c opcode=addi x28=0x80003434
000000057 RUNTIME_ONLY neutral retire case=00100 pc=0x80003410 opcode=lw x29=0x80003429
000000058 RUNTIME_ONLY neutral retire case=00100 pc=0x80003414 opcode=sw x30=0x8000342e
000000059 RUNTIME_ONLY neutral retire case=00100 pc=0x80003418 opcode=beq x31=0x80003423
000000060 RUNTIME_ONLY neutral retire case=00100 pc=0x8000341c opcode=csrrw x0=0x80003420
000000061 RUNTIME_ONLY neutral retire case=00100 pc=0x80003420 opcode=xor x1=0x8000341d
000000062 RUNTIME_ONLY neutral retire case=00100 pc=0x80003424 opcode=addi x2=0x8000341a
000000063 RUNTIME_ONLY neutral retire case=00100 pc=0x80003428 opcode=lw x3=0x80003417
000000064 RUNTIME_ONLY neutral retire case=00100 pc=0x8000342c opcode=sw x4=0x8000346c
000000065 RUNTIME_ONLY neutral retire case=00100 pc=0x80003430 opcode=beq x5=0x80003471
000000066 RUNTIME_ONLY neutral retire case=00100 pc=0x80003434 opcode=csrrw x6=0x80003476
000000067 RUNTIME_ONLY neutral retire case=00100 pc=0x80003438 opcode=xor x7=0x8000347b
000000068 RUNTIME_ONLY neutral retire case=00100 pc=0x8000343c opcode=addi x8=0x80003478
000000069 RUNTIME_ONLY neutral retire case=00100 pc=0x80003440 opcode=lw x9=0x80003405
000000070 RUNTIME_ONLY neutral retire case=00100 pc=0x80003444 opcode=sw x10=0x80003402
000000071 RUNTIME_ONLY neutral retire case=00100 pc=0x80003448 opcode=beq x11=0x8000340f
000000072 RUNTIME_ONLY neutral retire case=00100 pc=0x8000344c opcode=csrrw x12=0x80003404
000000073 RUNTIME_ONLY neutral retire case=00100 pc=0x80003450 opcode=xor x13=0x80003419
