UVM_FATAL /runtime_only_unique_aaau.sv(1) @ 1: runtime_only_unique_failure_aaau normalization resistant timing marker
RUNTIME_ONLY_CASE=723 SOURCE_A=benchmark_set_2:12
riscv_mem_error_test.0 : [FAILED]
RUNTIME_ONLY_COMBINE SOURCE_B=benchmark_set_2:14
riscv_multiple_interrupt_test.0 : [FAILED]
000000000 RUNTIME_ONLY neutral retire case=00723 pc=0x800171f8 opcode=beq x19=0x800171f8
000000001 RUNTIME_ONLY neutral retire case=00723 pc=0x800171fc opcode=csrrw x20=0x800171fd
000000002 RUNTIME_ONLY neutral retire case=00723 pc=0x80017200 opcode=xor x21=0x80017202
000000003 RUNTIME_ONLY neutral retire case=00723 pc=0x80017204 opcode=addi x22=0x80017207
000000004 RUNTIME_ONLY neutral retire case=00723 pc=0x80017208 opcode=lw x23=0x8001720c
000000005 RUNTIME_ONLY neutral retire case=00723 pc=0x8001720c opcode=sw x24=0x80017209
000000006 RUNTIME_ONLY neutral retire case=00723 pc=0x80017210 opcode=beq x25=0x80017216
000000007 RUNTIME_ONLY neutral retire case=00723 pc=0x80017214 opcode=csrrw x26=0x80017213
000000008 RUNTIME_ONLY neutral retire case=00723 pc=0x80017218 opcode=xor x27=0x80017210
000000009 RUNTIME_ONLY neutral retire case=00723 pc=0x8001721c opcode=addi x28=0x80017215
000000010 RUNTIME_ONLY neutral retire case=00723 pc=0x80017220 opcode=lw x29=0x8001722a
000000011 RUNTIME_ONLY neutral retire case=00723 pc=0x80017224 opcode=sw x30=0x8001722f
000000012 RUNTIME_ONLY neutral retire case=00723 pc=0x80017228 opcode=beq x31=0x80017224
000000013 RUNTIME_ONLY neutral retire case=00723 pc=0x8001722c opcode=csrrw x0=0x80017221
000000014 RUNTIME_ONLY neutral retire case=00723 pc=0x80017230 opcode=xor x1=0x8001723e
000000015 RUNTIME_ONLY neutral retire case=00723 pc=0x80017234 opcode=addi x2=0x8001723b
