UVM_FATAL /runtime_only_unique_aads.sv(1) @ 1: runtime_only_unique_failure_aads normalization resistant timing marker
RUNTIME_ONLY_CASE=123 SOURCE_A=benchmark_set_2:20
riscv_multiple_interrupt_test.0 : [FAILED]
RUNTIME_ONLY_COMBINE SOURCE_B=benchmark_set_2:6
riscv_single_interrupt_test.0 : [FAILED]
000000000 RUNTIME_ONLY neutral retire case=00123 pc=0x80003ef0 opcode=beq x27=0x80003ef0
000000001 RUNTIME_ONLY neutral retire case=00123 pc=0x80003ef4 opcode=csrrw x28=0x80003ef5
000000002 RUNTIME_ONLY neutral retire case=00123 pc=0x80003ef8 opcode=xor x29=0x80003efa
000000003 RUNTIME_ONLY neutral retire case=00123 pc=0x80003efc opcode=addi x30=0x80003eff
000000004 RUNTIME_ONLY neutral retire case=00123 pc=0x80003f00 opcode=lw x31=0x80003f04
000000005 RUNTIME_ONLY neutral retire case=00123 pc=0x80003f04 opcode=sw x0=0x80003f01
000000006 RUNTIME_ONLY neutral retire case=00123 pc=0x80003f08 opcode=beq x1=0x80003f0e
000000007 RUNTIME_ONLY neutral retire case=00123 pc=0x80003f0c opcode=csrrw x2=0x80003f0b
000000008 RUNTIME_ONLY neutral retire case=00123 pc=0x80003f10 opcode=xor x3=0x80003f18
000000009 RUNTIME_ONLY neutral retire case=00123 pc=0x80003f14 opcode=addi x4=0x80003f1d
000000010 RUNTIME_ONLY neutral retire case=00123 pc=0x80003f18 opcode=lw x5=0x80003f12
000000011 RUNTIME_ONLY neutral retire case=00123 pc=0x80003f1c opcode=sw x6=0x80003f17
000000012 RUNTIME_ONLY neutral retire case=00123 pc=0x80003f20 opcode=beq x7=0x80003f2c
000000013 RUNTIME_ONLY neutral retire case=00123 pc=0x80003f24 opcode=csrrw x8=0x80003f29
000000014 RUNTIME_ONLY neutral retire case=00123 pc=0x80003f28 opcode=xor x9=0x80003f26
000000015 RUNTIME_ONLY neutral retire case=00123 pc=0x80003f2c opcode=addi x10=0x80003f23
