UVM_FATAL /runtime_only_unique_aafw.sv(1) @ 1: runtime_only_unique_failure_aafw normalization resistant timing marker
RUNTIME_ONLY_CASE=179 SOURCE_A=benchmark_set_2:12
riscv_mem_error_test.0 : [FAILED]
RUNTIME_ONLY_COMBINE SOURCE_B=benchmark_set_2:11
spike[186] : pc[ffffffff800002be] c.addi tp, -2: tp:fffffffe
[FAILED]: 228 matched, 7623 mismatch
000000000 RUNTIME_ONLY neutral retire case=00179 pc=0x80005b98 opcode=xor x19=0x80005b98
000000001 RUNTIME_ONLY neutral retire case=00179 pc=0x80005b9c opcode=addi x20=0x80005b9d
000000002 RUNTIME_ONLY neutral retire case=00179 pc=0x80005ba0 opcode=lw x21=0x80005ba2
000000003 RUNTIME_ONLY neutral retire case=00179 pc=0x80005ba4 opcode=sw x22=0x80005ba7
000000004 RUNTIME_ONLY neutral retire case=00179 pc=0x80005ba8 opcode=beq x23=0x80005bac
000000005 RUNTIME_ONLY neutral retire case=00179 pc=0x80005bac opcode=csrrw x24=0x80005ba9
000000006 RUNTIME_ONLY neutral retire case=00179 pc=0x80005bb0 opcode=xor x25=0x80005bb6
000000007 RUNTIME_ONLY neutral retire case=00179 pc=0x80005bb4 opcode=addi x26=0x80005bb3
000000008 RUNTIME_ONLY neutral retire case=00179 pc=0x80005bb8 opcode=lw x27=0x80005bb0
000000009 RUNTIME_ONLY neutral retire case=00179 pc=0x80005bbc opcode=sw x28=0x80005bb5
000000010 RUNTIME_ONLY neutral retire case=00179 pc=0x80005bc0 opcode=beq x29=0x80005bca
000000011 RUNTIME_ONLY neutral retire case=00179 pc=0x80005bc4 opcode=csrrw x30=0x80005bcf
000000012 RUNTIME_ONLY neutral retire case=00179 pc=0x80005bc8 opcode=xor x31=0x80005bc4
000000013 RUNTIME_ONLY neutral retire case=00179 pc=0x80005bcc opcode=addi x0=0x80005bc1
000000014 RUNTIME_ONLY neutral retire case=00179 pc=0x80005bd0 opcode=lw x1=0x80005bde
000000015 RUNTIME_ONLY neutral retire case=00179 pc=0x80005bd4 opcode=sw x2=0x80005bdb
000000016 RUNTIME_ONLY neutral retire case=00179 pc=0x80005bd8 opcode=beq x3=0x80005bc8
000000017 RUNTIME_ONLY neutral retire case=00179 pc=0x80005bdc opcode=csrrw x4=0x80005bcd
000000018 RUNTIME_ONLY neutral retire case=00179 pc=0x80005be0 opcode=xor x5=0x80005bf2
000000019 RUNTIME_ONLY neutral retire case=00179 pc=0x80005be4 opcode=addi x6=0x80005bf7
000000020 RUNTIME_ONLY neutral retire case=00179 pc=0x80005be8 opcode=lw x7=0x80005bfc
000000021 RUNTIME_ONLY neutral retire case=00179 pc=0x80005bec opcode=sw x8=0x80005bf9
000000022 RUNTIME_ONLY neutral retire case=00179 pc=0x80005bf0 opcode=beq x9=0x80005be6
000000023 RUNTIME_ONLY neutral retire case=00179 pc=0x80005bf4 opcode=csrrw x10=0x80005be3
000000024 RUNTIME_ONLY neutral retire case=00179 pc=0x80005bf8 opcode=xor x11=0x80005be0
000000025 RUNTIME_ONLY neutral retire case=00179 pc=0x80005bfc opcode=addi x12=0x80005be5
000000026 RUNTIME_ONLY neutral retire case=00179 pc=0x80005c00 opcode=lw x13=0x80005c1a
000000027 RUNTIME_ONLY neutral retire case=00179 pc=0x80005c04 opcode=sw x14=0x80005c1f
000000028 RUNTIME_ONLY neutral retire case=00179 pc=0x80005c08 opcode=beq x15=0x80005c14
000000029 RUNTIME_ONLY neutral retire case=00179 pc=0x80005c0c opcode=csrrw x16=0x80005c11
000000030 RUNTIME_ONLY neutral retire case=00179 pc=0x80005c10 opcode=xor x17=0x80005c0e
000000031 RUNTIME_ONLY neutral retire case=00179 pc=0x80005c14 opcode=addi x18=0x80005c0b
000000032 RUNTIME_ONLY neutral retire case=00179 pc=0x80005c18 opcode=lw x19=0x80005c38
000000033 RUNTIME_ONLY neutral retire case=00179 pc=0x80005c1c opcode=sw x20=0x80005c3d
000000034 RUNTIME_ONLY neutral retire case=00179 pc=0x80005c20 opcode=beq x21=0x80005c02
000000035 RUNTIME_ONLY neutral retire case=00179 pc=0x80005c24 opcode=csrrw x22=0x80005c07
000000036 RUNTIME_ONLY neutral retire case=00179 pc=0x80005c28 opcode=xor x23=0x80005c0c
000000037 RUNTIME_ONLY neutral retire case=00179 pc=0x80005c2c opcode=addi x24=0x80005c09
000000038 RUNTIME_ONLY neutral retire case=00179 pc=0x80005c30 opcode=lw x25=0x80005c16
000000039 RUNTIME_ONLY neutral retire case=00179 pc=0x80005c34 opcode=sw x26=0x80005c13
000000040 RUNTIME_ONLY neutral retire case=00179 pc=0x80005c38 opcode=beq x27=0x80005c10
000000041 RUNTIME_ONLY neutral retire case=00179 pc=0x80005c3c opcode=csrrw x28=0x80005c15
000000042 RUNTIME_ONLY neutral retire case=00179 pc=0x80005c40 opcode=xor x29=0x80005c6a
000000043 RUNTIME_ONLY neutral retire case=00179 pc=0x80005c44 opcode=addi x30=0x80005c6f
000000044 RUNTIME_ONLY neutral retire case=00179 pc=0x80005c48 opcode=lw x31=0x80005c64
000000045 RUNTIME_ONLY neutral retire case=00179 pc=0x80005c4c opcode=sw x0=0x80005c61
000000046 RUNTIME_ONLY neutral retire case=00179 pc=0x80005c50 opcode=beq x1=0x80005c7e
000000047 RUNTIME_ONLY neutral retire case=00179 pc=0x80005c54 opcode=csrrw x2=0x80005c7b
000000048 RUNTIME_ONLY neutral retire case=00179 pc=0x80005c58 opcode=xor x3=0x80005c68
000000049 RUNTIME_ONLY neutral retire case=00179 pc=0x80005c5c opcode=addi x4=0x80005c6d
000000050 RUNTIME_ONLY neutral retire case=00179 pc=0x80005c60 opcode=lw x5=0x80005c52
000000051 RUNTIME_ONLY neutral retire case=00179 pc=0x80005c64 opcode=sw x6=0x80005c57
000000052 RUNTIME_ONLY neutral retire case=00179 pc=0x80005c68 opcode=beq x7=0x80005c5c
000000053 RUNTIME_ONLY neutral retire case=00179 pc=0x80005c6c opcode=csrrw x8=0x80005c59
000000054 RUNTIME_ONLY neutral retire case=00179 pc=0x80005c70 opcode=xor x9=0x80005c46
000000055 RUNTIME_ONLY neutral retire case=00179 pc=0x80005c74 opcode=addi x10=0x80005c43
000000056 RUNTIME_ONLY neutral retire case=00179 pc=0x80005c78 opcode=lw x11=0x80005c40
000000057 RUNTIME_ONLY neutral retire case=00179 pc=0x80005c7c opcode=sw x12=0x80005c45
000000058 RUNTIME_ONLY neutral retire case=00179 pc=0x80005c80 opcode=beq x13=0x80005cba
000000059 RUNTIME_ONLY neutral retire case=00179 pc=0x80005c84 opcode=csrrw x14=0x80005cbf
000000060 RUNTIME_ONLY neutral retire case=00179 pc=0x80005c88 opcode=xor x15=0x80005cb4
000000061 RUNTIME_ONLY neutral retire case=00179 pc=0x80005c8c opcode=addi x16=0x80005cb1
000000062 RUNTIME_ONLY neutral retire case=00179 pc=0x80005c90 opcode=lw x17=0x80005cae
000000063 RUNTIME_ONLY neutral retire case=00179 pc=0x80005c94 opcode=sw x18=0x80005cab
000000064 RUNTIME_ONLY neutral retire case=00179 pc=0x80005c98 opcode=beq x19=0x80005cd8
000000065 RUNTIME_ONLY neutral retire case=00179 pc=0x80005c9c opcode=csrrw x20=0x80005cdd
000000066 RUNTIME_ONLY neutral retire case=00179 pc=0x80005ca0 opcode=xor x21=0x80005ce2
000000067 RUNTIME_ONLY neutral retire case=00179 pc=0x80005ca4 opcode=addi x22=0x80005ce7
000000068 RUNTIME_ONLY neutral retire case=00179 pc=0x80005ca8 opcode=lw x23=0x80005cec
000000069 RUNTIME_ONLY neutral retire case=00179 pc=0x80005cac opcode=sw x24=0x80005ce9
000000070 RUNTIME_ONLY neutral retire case=00179 pc=0x80005cb0 opcode=beq x25=0x80005cf6
000000071 RUNTIME_ONLY neutral retire case=00179 pc=0x80005cb4 opcode=csrrw x26=0x80005cf3
000000072 RUNTIME_ONLY neutral retire case=00179 pc=0x80005cb8 opcode=xor x27=0x80005cf0
000000073 RUNTIME_ONLY neutral retire case=00179 pc=0x80005cbc opcode=addi x28=0x80005cf5
000000074 RUNTIME_ONLY neutral retire case=00179 pc=0x80005cc0 opcode=lw x29=0x80005c8a
000000075 RUNTIME_ONLY neutral retire case=00179 pc=0x80005cc4 opcode=sw x30=0x80005c8f
