UVM_FATAL /runtime_only_unique_aabz.sv(1) @ 1: runtime_only_unique_failure_aabz normalization resistant timing marker
RUNTIME_ONLY_CASE=78 SOURCE_A=benchmark_set_2:7
Mismatch[1]:
ibex[167] : pc[80000378] mulhsu x10,x13,x11: a0:00802801
RUNTIME_ONLY_COMBINE SOURCE_B=benchmark_set_2:8
riscv_debug_ebreakmu_test.0 : [FAILED]
000000000 RUNTIME_ONLY neutral retire case=00078 pc=0x800027e8 opcode=addi x14=0x800027e8
000000001 RUNTIME_ONLY neutral retire case=00078 pc=0x800027ec opcode=lw x15=0x800027ed
000000002 RUNTIME_ONLY neutral retire case=00078 pc=0x800027f0 opcode=sw x16=0x800027f2
000000003 RUNTIME_ONLY neutral retire case=00078 pc=0x800027f4 opcode=beq x17=0x800027f7
000000004 RUNTIME_ONLY neutral retire case=00078 pc=0x800027f8 opcode=csrrw x18=0x800027fc
000000005 RUNTIME_ONLY neutral retire case=00078 pc=0x800027fc opcode=xor x19=0x800027f9
000000006 RUNTIME_ONLY neutral retire case=00078 pc=0x80002800 opcode=addi x20=0x80002806
000000007 RUNTIME_ONLY neutral retire case=00078 pc=0x80002804 opcode=lw x21=0x80002803
000000008 RUNTIME_ONLY neutral retire case=00078 pc=0x80002808 opcode=sw x22=0x80002800
000000009 RUNTIME_ONLY neutral retire case=00078 pc=0x8000280c opcode=beq x23=0x80002805
000000010 RUNTIME_ONLY neutral retire case=00078 pc=0x80002810 opcode=csrrw x24=0x8000281a
000000011 RUNTIME_ONLY neutral retire case=00078 pc=0x80002814 opcode=xor x25=0x8000281f
000000012 RUNTIME_ONLY neutral retire case=00078 pc=0x80002818 opcode=addi x26=0x80002814
000000013 RUNTIME_ONLY neutral retire case=00078 pc=0x8000281c opcode=lw x27=0x80002811
000000014 RUNTIME_ONLY neutral retire case=00078 pc=0x80002820 opcode=sw x28=0x8000282e
000000015 RUNTIME_ONLY neutral retire case=00078 pc=0x80002824 opcode=beq x29=0x8000282b
000000016 RUNTIME_ONLY neutral retire case=00078 pc=0x80002828 opcode=csrrw x30=0x80002838
000000017 RUNTIME_ONLY neutral retire case=00078 pc=0x8000282c opcode=xor x31=0x8000283d
000000018 RUNTIME_ONLY neutral retire case=00078 pc=0x80002830 opcode=addi x0=0x80002822
000000019 RUNTIME_ONLY neutral retire case=00078 pc=0x80002834 opcode=lw x1=0x80002827
000000020 RUNTIME_ONLY neutral retire case=00078 pc=0x80002838 opcode=sw x2=0x8000282c
000000021 RUNTIME_ONLY neutral retire case=00078 pc=0x8000283c opcode=beq x3=0x80002829
000000022 RUNTIME_ONLY neutral retire case=00078 pc=0x80002840 opcode=csrrw x4=0x80002856
000000023 RUNTIME_ONLY neutral retire case=00078 pc=0x80002844 opcode=xor x5=0x80002853
000000024 RUNTIME_ONLY neutral retire case=00078 pc=0x80002848 opcode=addi x6=0x80002850
000000025 RUNTIME_ONLY neutral retire case=00078 pc=0x8000284c opcode=lw x7=0x80002855
000000026 RUNTIME_ONLY neutral retire case=00078 pc=0x80002850 opcode=sw x8=0x8000284a
000000027 RUNTIME_ONLY neutral retire case=00078 pc=0x80002854 opcode=beq x9=0x8000284f
000000028 RUNTIME_ONLY neutral retire case=00078 pc=0x80002858 opcode=csrrw x10=0x80002844
000000029 RUNTIME_ONLY neutral retire case=00078 pc=0x8000285c opcode=xor x11=0x80002841
000000030 RUNTIME_ONLY neutral retire case=00078 pc=0x80002860 opcode=addi x12=0x8000287e
000000031 RUNTIME_ONLY neutral retire case=00078 pc=0x80002864 opcode=lw x13=0x8000287b
000000032 RUNTIME_ONLY neutral retire case=00078 pc=0x80002868 opcode=sw x14=0x80002848
000000033 RUNTIME_ONLY neutral retire case=00078 pc=0x8000286c opcode=beq x15=0x8000284d
000000034 RUNTIME_ONLY neutral retire case=00078 pc=0x80002870 opcode=csrrw x16=0x80002852
000000035 RUNTIME_ONLY neutral retire case=00078 pc=0x80002874 opcode=xor x17=0x80002857
000000036 RUNTIME_ONLY neutral retire case=00078 pc=0x80002878 opcode=addi x18=0x8000285c
000000037 RUNTIME_ONLY neutral retire case=00078 pc=0x8000287c opcode=lw x19=0x80002859
000000038 RUNTIME_ONLY neutral retire case=00078 pc=0x80002880 opcode=sw x20=0x800028a6
000000039 RUNTIME_ONLY neutral retire case=00078 pc=0x80002884 opcode=beq x21=0x800028a3
000000040 RUNTIME_ONLY neutral retire case=00078 pc=0x80002888 opcode=csrrw x22=0x800028a0
000000041 RUNTIME_ONLY neutral retire case=00078 pc=0x8000288c opcode=xor x23=0x800028a5
000000042 RUNTIME_ONLY neutral retire case=00078 pc=0x80002890 opcode=addi x24=0x800028ba
000000043 RUNTIME_ONLY neutral retire case=00078 pc=0x80002894 opcode=lw x25=0x800028bf
000000044 RUNTIME_ONLY neutral retire case=00078 pc=0x80002898 opcode=sw x26=0x800028b4
000000045 RUNTIME_ONLY neutral retire case=00078 pc=0x8000289c opcode=beq x27=0x800028b1
000000046 RUNTIME_ONLY neutral retire case=00078 pc=0x800028a0 opcode=csrrw x28=0x8000288e
000000047 RUNTIME_ONLY neutral retire case=00078 pc=0x800028a4 opcode=xor x29=0x8000288b
000000048 RUNTIME_ONLY neutral retire case=00078 pc=0x800028a8 opcode=addi x30=0x80002898
000000049 RUNTIME_ONLY neutral retire case=00078 pc=0x800028ac opcode=lw x31=0x8000289d
000000050 RUNTIME_ONLY neutral retire case=00078 pc=0x800028b0 opcode=sw x0=0x80002882
000000051 RUNTIME_ONLY neutral retire case=00078 pc=0x800028b4 opcode=beq x1=0x80002887
000000052 RUNTIME_ONLY neutral retire case=00078 pc=0x800028b8 opcode=csrrw x2=0x8000288c
000000053 RUNTIME_ONLY neutral retire case=00078 pc=0x800028bc opcode=xor x3=0x80002889
000000054 RUNTIME_ONLY neutral retire case=00078 pc=0x800028c0 opcode=addi x4=0x800028f6
000000055 RUNTIME_ONLY neutral retire case=00078 pc=0x800028c4 opcode=lw x5=0x800028f3
000000056 RUNTIME_ONLY neutral retire case=00078 pc=0x800028c8 opcode=sw x6=0x800028f0
000000057 RUNTIME_ONLY neutral retire case=00078 pc=0x800028cc opcode=beq x7=0x800028f5
000000058 RUNTIME_ONLY neutral retire case=00078 pc=0x800028d0 opcode=csrrw x8=0x800028ea
000000059 RUNTIME_ONLY neutral retire case=00078 pc=0x800028d4 opcode=xor x9=0x800028ef
000000060 RUNTIME_ONLY neutral retire case=00078 pc=0x800028d8 opcode=addi x10=0x800028e4
000000061 RUNTIME_ONLY neutral retire case=00078 pc=0x800028dc opcode=lw x11=0x800028e1
000000062 RUNTIME_ONLY neutral retire case=00078 pc=0x800028e0 opcode=sw x12=0x800028de
000000063 RUNTIME_ONLY neutral retire case=00078 pc=0x800028e4 opcode=beq x13=0x800028db
000000064 RUNTIME_ONLY neutral retire case=00078 pc=0x800028e8 opcode=csrrw x14=0x800028a8
000000065 RUNTIME_ONLY neutral retire case=00078 pc=0x800028ec opcode=xor x15=0x800028ad
000000066 RUNTIME_ONLY neutral retire case=00078 pc=0x800028f0 opcode=addi x16=0x800028b2
000000067 RUNTIME_ONLY neutral retire case=00078 pc=0x800028f4 opcode=lw x17=0x800028b7
000000068 RUNTIME_ONLY neutral retire case=00078 pc=0x800028f8 opcode=sw x18=0x800028bc
000000069 RUNTIME_ONLY neutral retire case=00078 pc=0x800028fc opcode=beq x19=0x800028b9
000000070 RUNTIME_ONLY neutral retire case=00078 pc=0x80002900 opcode=csrrw x20=0x80002946
000000071 RUNTIME_ONLY neutral retire case=00078 pc=0x80002904 opcode=xor x21=0x80002943
000000072 RUNTIME_ONLY neutral retire case=00078 pc=0x80002908 opcode=addi x22=0x80002940
000000073 RUNTIME_ONLY neutral retire case=00078 pc=0x8000290c opcode=lw x23=0x80002945
000000074 RUNTIME_ONLY neutral retire case=00078 pc=0x80002910 opcode=sw x24=0x8000295a
000000075 RUNTIME_ONLY neutral retire case=00078 pc=0x80002914 opcode=beq x25=0x8000295f
