UVM_FATAL /runtime_only_unique_aaar.sv(1) @ 1: runtime_only_unique_failure_aaar normalization resistant timing marker
RUNTIME_ONLY_CASE=18 SOURCE_A=benchmark_set_2:11
Mismatch[1]:
ibex[186] : pc[800002c4] rem x30,x5,x4: t5:8001de1c
RUNTIME_ONLY_COMBINE SOURCE_B=benchmark_set_2:1
spike[31157] : pc[ffffffff8002c484] add s10, s8, a5: s10:b38e86a1
[FAILED]: 29586 matched, 106747 mismatch
000000000 RUNTIME_ONLY neutral retire case=00018 pc=0x80000934 opcode=addi x18=0x80000934
000000001 RUNTIME_ONLY neutral retire case=00018 pc=0x80000938 opcode=lw x19=0x80000939
000000002 RUNTIME_ONLY neutral retire case=00018 pc=0x8000093c opcode=sw x20=0x8000093e
000000003 RUNTIME_ONLY neutral retire case=00018 pc=0x80000940 opcode=beq x21=0x80000943
000000004 RUNTIME_ONLY neutral retire case=00018 pc=0x80000944 opcode=csrrw x22=0x80000940
000000005 RUNTIME_ONLY neutral retire case=00018 pc=0x80000948 opcode=xor x23=0x8000094d
000000006 RUNTIME_ONLY neutral retire case=00018 pc=0x8000094c opcode=addi x24=0x8000094a
000000007 RUNTIME_ONLY neutral retire case=00018 pc=0x80000950 opcode=lw x25=0x80000957
000000008 RUNTIME_ONLY neutral retire case=00018 pc=0x80000954 opcode=sw x26=0x8000095c
000000009 RUNTIME_ONLY neutral retire case=00018 pc=0x80000958 opcode=beq x27=0x80000951
000000010 RUNTIME_ONLY neutral retire case=00018 pc=0x8000095c opcode=csrrw x28=0x80000956
000000011 RUNTIME_ONLY neutral retire case=00018 pc=0x80000960 opcode=xor x29=0x8000096b
000000012 RUNTIME_ONLY neutral retire case=00018 pc=0x80000964 opcode=addi x30=0x80000968
000000013 RUNTIME_ONLY neutral retire case=00018 pc=0x80000968 opcode=lw x31=0x80000965
000000014 RUNTIME_ONLY neutral retire case=00018 pc=0x8000096c opcode=sw x0=0x80000962
000000015 RUNTIME_ONLY neutral retire case=00018 pc=0x80000970 opcode=beq x1=0x8000097f
000000016 RUNTIME_ONLY neutral retire case=00018 pc=0x80000974 opcode=csrrw x2=0x80000964
000000017 RUNTIME_ONLY neutral retire case=00018 pc=0x80000978 opcode=xor x3=0x80000969
000000018 RUNTIME_ONLY neutral retire case=00018 pc=0x8000097c opcode=addi x4=0x8000096e
000000019 RUNTIME_ONLY neutral retire case=00018 pc=0x80000980 opcode=lw x5=0x80000993
000000020 RUNTIME_ONLY neutral retire case=00018 pc=0x80000984 opcode=sw x6=0x80000990
000000021 RUNTIME_ONLY neutral retire case=00018 pc=0x80000988 opcode=beq x7=0x8000099d
000000022 RUNTIME_ONLY neutral retire case=00018 pc=0x8000098c opcode=csrrw x8=0x8000099a
000000023 RUNTIME_ONLY neutral retire case=00018 pc=0x80000990 opcode=xor x9=0x80000987
000000024 RUNTIME_ONLY neutral retire case=00018 pc=0x80000994 opcode=addi x10=0x8000098c
000000025 RUNTIME_ONLY neutral retire case=00018 pc=0x80000998 opcode=lw x11=0x80000981
000000026 RUNTIME_ONLY neutral retire case=00018 pc=0x8000099c opcode=sw x12=0x80000986
000000027 RUNTIME_ONLY neutral retire case=00018 pc=0x800009a0 opcode=beq x13=0x800009bb
000000028 RUNTIME_ONLY neutral retire case=00018 pc=0x800009a4 opcode=csrrw x14=0x800009b8
000000029 RUNTIME_ONLY neutral retire case=00018 pc=0x800009a8 opcode=xor x15=0x800009b5
000000030 RUNTIME_ONLY neutral retire case=00018 pc=0x800009ac opcode=addi x16=0x800009b2
000000031 RUNTIME_ONLY neutral retire case=00018 pc=0x800009b0 opcode=lw x17=0x800009af
000000032 RUNTIME_ONLY neutral retire case=00018 pc=0x800009b4 opcode=sw x18=0x80000994
000000033 RUNTIME_ONLY neutral retire case=00018 pc=0x800009b8 opcode=beq x19=0x80000999
000000034 RUNTIME_ONLY neutral retire case=00018 pc=0x800009bc opcode=csrrw x20=0x8000099e
000000035 RUNTIME_ONLY neutral retire case=00018 pc=0x800009c0 opcode=xor x21=0x800009e3
000000036 RUNTIME_ONLY neutral retire case=00018 pc=0x800009c4 opcode=addi x22=0x800009e0
000000037 RUNTIME_ONLY neutral retire case=00018 pc=0x800009c8 opcode=lw x23=0x800009ed
000000038 RUNTIME_ONLY neutral retire case=00018 pc=0x800009cc opcode=sw x24=0x800009ea
000000039 RUNTIME_ONLY neutral retire case=00018 pc=0x800009d0 opcode=beq x25=0x800009f7
000000040 RUNTIME_ONLY neutral retire case=00018 pc=0x800009d4 opcode=csrrw x26=0x800009fc
000000041 RUNTIME_ONLY neutral retire case=00018 pc=0x800009d8 opcode=xor x27=0x800009f1
000000042 RUNTIME_ONLY neutral retire case=00018 pc=0x800009dc opcode=addi x28=0x800009f6
000000043 RUNTIME_ONLY neutral retire case=00018 pc=0x800009e0 opcode=lw x29=0x800009cb
000000044 RUNTIME_ONLY neutral retire case=00018 pc=0x800009e4 opcode=sw x30=0x800009c8
000000045 RUNTIME_ONLY neutral retire case=00018 pc=0x800009e8 opcode=beq x31=0x800009c5
000000046 RUNTIME_ONLY neutral retire case=00018 pc=0x800009ec opcode=csrrw x0=0x800009c2
000000047 RUNTIME_ONLY neutral retire case=00018 pc=0x800009f0 opcode=xor x1=0x800009df
000000048 RUNTIME_ONLY neutral retire case=00018 pc=0x800009f4 opcode=addi x2=0x800009c4
000000049 RUNTIME_ONLY neutral retire case=00018 pc=0x800009f8 opcode=lw x3=0x800009c9
000000050 RUNTIME_ONLY neutral retire case=00018 pc=0x800009fc opcode=sw x4=0x800009ce
000000051 RUNTIME_ONLY neutral retire case=00018 pc=0x80000a00 opcode=beq x5=0x80000a33
000000052 RUNTIME_ONLY neutral retire case=00018 pc=0x80000a04 opcode=csrrw x6=0x80000a30
000000053 RUNTIME_ONLY neutral retire case=00018 pc=0x80000a08 opcode=xor x7=0x80000a3d
000000054 RUNTIME_ONLY neutral retire case=00018 pc=0x80000a0c opcode=addi x8=0x80000a3a
000000055 RUNTIME_ONLY neutral retire case=00018 pc=0x80000a10 opcode=lw x9=0x80000a27
000000056 RUNTIME_ONLY neutral retire case=00018 pc=0x80000a14 opcode=sw x10=0x80000a2c
000000057 RUNTIME_ONLY neutral retire case=00018 pc=0x80000a18 opcode=beq x11=0x80000a21
000000058 RUNTIME_ONLY neutral retire case=00018 pc=0x80000a1c opcode=csrrw x12=0x80000a26
000000059 RUNTIME_ONLY neutral retire case=00018 pc=0x80000a20 opcode=xor x13=0x80000a1b
000000060 RUNTIME_ONLY neutral retire case=00018 pc=0x80000a24 opcode=addi x14=0x80000a18
000000061 RUNTIME_ONLY neutral retire case=00018 pc=0x80000a28 opcode=lw x15=0x80000a15
000000062 RUNTIME_ONLY neutral retire case=00018 pc=0x80000a2c opcode=sw x16=0x80000a12
000000063 RUNTIME_ONLY neutral retire case=00018 pc=0x80000a30 opcode=beq x17=0x80000a0f
000000064 RUNTIME_ONLY neutral retire case=00018 pc=0x80000a34 opcode=csrrw x18=0x80000a74
000000065 RUNTIME_ONLY neutral retire case=00018 pc=0x80000a38 opcode=xor x19=0x80000a79
000000066 RUNTIME_ONLY neutral retire case=00018 pc=0x80000a3c opcode=addi x20=0x80000a7e
000000067 RUNTIME_ONLY neutral retire case=00018 pc=0x80000a40 opcode=lw x21=0x80000a03
000000068 RUNTIME_ONLY neutral retire case=00018 pc=0x80000a44 opcode=sw x22=0x80000a00
000000069 RUNTIME_ONLY neutral retire case=00018 pc=0x80000a48 opcode=beq x23=0x80000a0d
000000070 RUNTIME_ONLY neutral retire case=00018 pc=0x80000a4c opcode=csrrw x24=0x80000a0a
000000071 RUNTIME_ONLY neutral retire case=00018 pc=0x80000a50 opcode=xor x25=0x80000a17
000000072 RUNTIME_ONLY neutral retire case=00018 pc=0x80000a54 opcode=addi x26=0x80000a1c
000000073 RUNTIME_ONLY neutral retire case=00018 pc=0x80000a58 opcode=lw x27=0x80000a11
000000074 RUNTIME_ONLY neutral retire case=00018 pc=0x80000a5c opcode=sw x28=0x80000a16
000000075 RUNTIME_ONLY neutral retire case=00018 pc=0x80000a60 opcode=beq x29=0x80000a2b
000000076 RUNTIME_ONLY neutral retire case=00018 pc=0x80000a64 opcode=csrrw x30=0x80000a28
000000077 RUNTIME_ONLY neutral retire case=00018 pc=0x80000a68 opcode=xor x31=0x80000a25
000000078 RUNTIME_ONLY neutral retire case=00018 pc=0x80000a6c opcode=addi x0=0x80000a22
000000079 RUNTIME_ONLY neutral retire case=00018 pc=0x80000a70 opcode=lw x1=0x80000a3f
000000080 RUNTIME_ONLY neutral retire case=00018 pc=0x80000a74 opcode=sw x2=0x80000a24
000000081 RUNTIME_ONLY neutral retire case=00018 pc=0x80000a78 opcode=beq x3=0x80000a29
000000082 RUNTIME_ONLY neutral retire case=00018 pc=0x80000a7c opcode=csrrw x4=0x80000a2e
000000083 RUNTIME_ONLY neutral retire case=00018 pc=0x80000a80 opcode=xor x5=0x80000ad3
000000084 RUNTIME_ONLY neutral retire case=00018 pc=0x80000a84 opcode=addi x6=0x80000ad0
000000085 RUNTIME_ONLY neutral retire case=00018 pc=0x80000a88 opcode=lw x7=0x80000add
000000086 RUNTIME_ONLY neutral retire case=00018 pc=0x80000a8c opcode=sw x8=0x80000ada
000000087 RUNTIME_ONLY neutral retire case=00018 pc=0x80000a90 opcode=beq x9=0x80000ac7
000000088 RUNTIME_ONLY neutral retire case=00018 pc=0x80000a94 opcode=csrrw x10=0x80000acc
000000089 RUNTIME_ONLY neutral retire case=00018 pc=0x80000a98 opcode=xor x11=0x80000ac1
000000090 RUNTIME_ONLY neutral retire case=00018 pc=0x80000a9c opcode=addi x12=0x80000ac6
000000091 RUNTIME_ONLY neutral retire case=00018 pc=0x80000aa0 opcode=lw x13=0x80000afb
000000092 RUNTIME_ONLY neutral retire case=00018 pc=0x80000aa4 opcode=sw x14=0x80000af8
000000093 RUNTIME_ONLY neutral retire case=00018 pc=0x80000aa8 opcode=beq x15=0x80000af5
000000094 RUNTIME_ONLY neutral retire case=00018 pc=0x80000aac opcode=csrrw x16=0x80000af2
000000095 RUNTIME_ONLY neutral retire case=00018 pc=0x80000ab0 opcode=xor x17=0x80000aef
000000096 RUNTIME_ONLY neutral retire case=00018 pc=0x80000ab4 opcode=addi x18=0x80000ad4
000000097 RUNTIME_ONLY neutral retire case=00018 pc=0x80000ab8 opcode=lw x19=0x80000ad9
000000098 RUNTIME_ONLY neutral retire case=00018 pc=0x80000abc opcode=sw x20=0x80000ade
000000099 RUNTIME_ONLY neutral retire case=00018 pc=0x80000ac0 opcode=beq x21=0x80000aa3
000000100 RUNTIME_ONLY neutral retire case=00018 pc=0x80000ac4 opcode=csrrw x22=0x80000aa0
000000101 RUNTIME_ONLY neutral retire case=00018 pc=0x80000ac8 opcode=xor x23=0x80000aad
000000102 RUNTIME_ONLY neutral retire case=00018 pc=0x80000acc opcode=addi x24=0x80000aaa
000000103 RUNTIME_ONLY neutral retire case=00018 pc=0x80000ad0 opcode=lw x25=0x80000ab7
000000104 RUNTIME_ONLY neutral retire case=00018 pc=0x80000ad4 opcode=sw x26=0x80000abc
000000105 RUNTIME_ONLY neutral retire case=00018 pc=0x80000ad8 opcode=beq x27=0x80000ab1
000000106 RUNTIME_ONLY neutral retire case=00018 pc=0x80000adc opcode=csrrw x28=0x80000ab6
000000107 RUNTIME_ONLY neutral retire case=00018 pc=0x80000ae0 opcode=xor x29=0x80000a8b
000000108 RUNTIME_ONLY neutral retire case=00018 pc=0x80000ae4 opcode=addi x30=0x80000a88
000000109 RUNTIME_ONLY neutral retire case=00018 pc=0x80000ae8 opcode=lw x31=0x80000a85
000000110 RUNTIME_ONLY neutral retire case=00018 pc=0x80000aec opcode=sw x0=0x80000a82
000000111 RUNTIME_ONLY neutral retire case=00018 pc=0x80000af0 opcode=beq x1=0x80000a9f
000000112 RUNTIME_ONLY neutral retire case=00018 pc=0x80000af4 opcode=csrrw x2=0x80000a84
000000113 RUNTIME_ONLY neutral retire case=00018 pc=0x80000af8 opcode=xor x3=0x80000a89
000000114 RUNTIME_ONLY neutral retire case=00018 pc=0x80000afc opcode=addi x4=0x80000a8e
000000115 RUNTIME_ONLY neutral retire case=00018 pc=0x80000b00 opcode=lw x5=0x80000b73
000000116 RUNTIME_ONLY neutral retire case=00018 pc=0x80000b04 opcode=sw x6=0x80000b70
000000117 RUNTIME_ONLY neutral retire case=00018 pc=0x80000b08 opcode=beq x7=0x80000b7d
000000118 RUNTIME_ONLY neutral retire case=00018 pc=0x80000b0c opcode=csrrw x8=0x80000b7a
000000119 RUNTIME_ONLY neutral retire case=00018 pc=0x80000b10 opcode=xor x9=0x80000b67
000000120 RUNTIME_ONLY neutral retire case=00018 pc=0x80000b14 opcode=addi x10=0x80000b6c
000000121 RUNTIME_ONLY neutral retire case=00018 pc=0x80000b18 opcode=lw x11=0x80000b61
000000122 RUNTIME_ONLY neutral retire case=00018 pc=0x80000b1c opcode=sw x12=0x80000b66
000000123 RUNTIME_ONLY neutral retire case=00018 pc=0x80000b20 opcode=beq x13=0x80000b5b
000000124 RUNTIME_ONLY neutral retire case=00018 pc=0x80000b24 opcode=csrrw x14=0x80000b58
000000125 RUNTIME_ONLY neutral retire case=00018 pc=0x80000b28 opcode=xor x15=0x80000b55
000000126 RUNTIME_ONLY neutral retire case=00018 pc=0x80000b2c opcode=addi x16=0x80000b52
000000127 RUNTIME_ONLY neutral retire case=00018 pc=0x80000b30 opcode=lw x17=0x80000b4f
000000128 RUNTIME_ONLY neutral retire case=00018 pc=0x80000b34 opcode=sw x18=0x80000bb4
000000129 RUNTIME_ONLY neutral retire case=00018 pc=0x80000b38 opcode=beq x19=0x80000bb9
000000130 RUNTIME_ONLY neutral retire case=00018 pc=0x80000b3c opcode=csrrw x20=0x80000bbe
000000131 RUNTIME_ONLY neutral retire case=00018 pc=0x80000b40 opcode=xor x21=0x80000bc3
000000132 RUNTIME_ONLY neutral retire case=00018 pc=0x80000b44 opcode=addi x22=0x80000bc0
000000133 RUNTIME_ONLY neutral retire case=00018 pc=0x80000b48 opcode=lw x23=0x80000bcd
000000134 RUNTIME_ONLY neutral retire case=00018 pc=0x80000b4c opcode=sw x24=0x80000bca
000000135 RUNTIME_ONLY neutral retire case=00018 pc=0x80000b50 opcode=beq x25=0x80000bd7
000000136 RUNTIME_ONLY neutral retire case=00018 pc=0x80000b54 opcode=csrrw x26=0x80000bdc
000000137 RUNTIME_ONLY neutral retire case=00018 pc=0x80000b58 opcode=xor x27=0x80000bd1
000000138 RUNTIME_ONLY neutral retire case=00018 pc=0x80000b5c opcode=addi x28=0x80000bd6
000000139 RUNTIME_ONLY neutral retire case=00018 pc=0x80000b60 opcode=lw x29=0x80000beb
000000140 RUNTIME_ONLY neutral retire case=00018 pc=0x80000b64 opcode=sw x30=0x80000be8
000000141 RUNTIME_ONLY neutral retire case=00018 pc=0x80000b68 opcode=beq x31=0x80000be5
000000142 RUNTIME_ONLY neutral retire case=00018 pc=0x80000b6c opcode=csrrw x0=0x80000be2
000000143 RUNTIME_ONLY neutral retire case=00018 pc=0x80000b70 opcode=xor x1=0x80000bff
000000144 RUNTIME_ONLY neutral retire case=00018 pc=0x80000b74 opcode=addi x2=0x80000be4
000000145 RUNTIME_ONLY neutral retire case=00018 pc=0x80000b78 opcode=lw x3=0x80000be9
000000146 RUNTIME_ONLY neutral retire case=00018 pc=0x80000b7c opcode=sw x4=0x80000bee
000000147 RUNTIME_ONLY neutral retire case=00018 pc=0x80000b80 opcode=beq x5=0x80000b13
000000148 RUNTIME_ONLY neutral retire case=00018 pc=0x80000b84 opcode=csrrw x6=0x80000b10
000000149 RUNTIME_ONLY neutral retire case=00018 pc=0x80000b88 opcode=xor x7=0x80000b1d
000000150 RUNTIME_ONLY neutral retire case=00018 pc=0x80000b8c opcode=addi x8=0x80000b1a
000000151 RUNTIME_ONLY neutral retire case=00018 pc=0x80000b90 opcode=lw x9=0x80000b07
000000152 RUNTIME_ONLY neutral retire case=00018 pc=0x80000b94 opcode=sw x10=0x80000b0c
000000153 RUNTIME_ONLY neutral retire case=00018 pc=0x80000b98 opcode=beq x11=0x80000b01
000000154 RUNTIME_ONLY neutral retire case=00018 pc=0x80000b9c opcode=csrrw x12=0x80000b06
000000155 RUNTIME_ONLY neutral retire case=00018 pc=0x80000ba0 opcode=xor x13=0x80000b3b
000000156 RUNTIME_ONLY neutral retire case=00018 pc=0x80000ba4 opcode=addi x14=0x80000b38
000000157 RUNTIME_ONLY neutral retire case=00018 pc=0x80000ba8 opcode=lw x15=0x80000b35
000000158 RUNTIME_ONLY neutral retire case=00018 pc=0x80000bac opcode=sw x16=0x80000b32
000000159 RUNTIME_ONLY neutral retire case=00018 pc=0x80000bb0 opcode=beq x17=0x80000b2f
000000160 RUNTIME_ONLY neutral retire case=00018 pc=0x80000bb4 opcode=csrrw x18=0x80000b14
000000161 RUNTIME_ONLY neutral retire case=00018 pc=0x80000bb8 opcode=xor x19=0x80000b19
000000162 RUNTIME_ONLY neutral retire case=00018 pc=0x80000bbc opcode=addi x20=0x80000b1e
000000163 RUNTIME_ONLY neutral retire case=00018 pc=0x80000bc0 opcode=lw x21=0x80000b63
000000164 RUNTIME_ONLY neutral retire case=00018 pc=0x80000bc4 opcode=sw x22=0x80000b60
000000165 RUNTIME_ONLY neutral retire case=00018 pc=0x80000bc8 opcode=beq x23=0x80000b6d
000000166 RUNTIME_ONLY neutral retire case=00018 pc=0x80000bcc opcode=csrrw x24=0x80000b6a
000000167 RUNTIME_ONLY neutral retire case=00018 pc=0x80000bd0 opcode=xor x25=0x80000b77
000000168 RUNTIME_ONLY neutral retire case=00018 pc=0x80000bd4 opcode=addi x26=0x80000b7c
000000169 RUNTIME_ONLY neutral retire case=00018 pc=0x80000bd8 opcode=lw x27=0x80000b71
000000170 RUNTIME_ONLY neutral retire case=00018 pc=0x80000bdc opcode=sw x28=0x80000b76
000000171 RUNTIME_ONLY neutral retire case=00018 pc=0x80000be0 opcode=beq x29=0x80000b4b
000000172 RUNTIME_ONLY neutral retire case=00018 pc=0x80000be4 opcode=csrrw x30=0x80000b48
000000173 RUNTIME_ONLY neutral retire case=00018 pc=0x80000be8 opcode=xor x31=0x80000b45
000000174 RUNTIME_ONLY neutral retire case=00018 pc=0x80000bec opcode=addi x0=0x80000b42
000000175 RUNTIME_ONLY neutral retire case=00018 pc=0x80000bf0 opcode=lw x1=0x80000b5f
000000176 RUNTIME_ONLY neutral retire case=00018 pc=0x80000bf4 opcode=sw x2=0x80000b44
000000177 RUNTIME_ONLY neutral retire case=00018 pc=0x80000bf8 opcode=beq x3=0x80000b49
000000178 RUNTIME_ONLY neutral retire case=00018 pc=0x80000bfc opcode=csrrw x4=0x80000b4e
000000179 RUNTIME_ONLY neutral retire case=00018 pc=0x80000c00 opcode=xor x5=0x80000cb3
000000180 RUNTIME_ONLY neutral retire case=00018 pc=0x80000c04 opcode=addi x6=0x80000cb0
000000181 RUNTIME_ONLY neutral retire case=00018 pc=0x80000c08 opcode=lw x7=0x80000cbd
000000182 RUNTIME_ONLY neutral retire case=00018 pc=0x80000c0c opcode=sw x8=0x80000cba
000000183 RUNTIME_ONLY neutral retire case=00018 pc=0x80000c10 opcode=beq x9=0x80000ca7
000000184 RUNTIME_ONLY neutral retire case=00018 pc=0x80000c14 opcode=csrrw x10=0x80000cac
000000185 RUNTIME_ONLY neutral retire case=00018 pc=0x80000c18 opcode=xor x11=0x80000ca1
000000186 RUNTIME_ONLY neutral retire case=00018 pc=0x80000c1c opcode=addi x12=0x80000ca6
000000187 RUNTIME_ONLY neutral retire case=00018 pc=0x80000c20 opcode=lw x13=0x80000c9b
000000188 RUNTIME_ONLY neutral retire case=00018 pc=0x80000c24 opcode=sw x14=0x80000c98
000000189 RUNTIME_ONLY neutral retire case=00018 pc=0x80000c28 opcode=beq x15=0x80000c95
000000190 RUNTIME_ONLY neutral retire case=00018 pc=0x80000c2c opcode=csrrw x16=0x80000c92
000000191 RUNTIME_ONLY neutral retire case=00018 pc=0x80000c30 opcode=xor x17=0x80000c8f
000000192 RUNTIME_ONLY neutral retire case=00018 pc=0x80000c34 opcode=addi x18=0x80000cf4
000000193 RUNTIME_ONLY neutral retire case=00018 pc=0x80000c38 opcode=lw x19=0x80000cf9
000000194 RUNTIME_ONLY neutral retire case=00018 pc=0x80000c3c opcode=sw x20=0x80000cfe
000000195 RUNTIME_ONLY neutral retire case=00018 pc=0x80000c40 opcode=beq x21=0x80000c83
000000196 RUNTIME_ONLY neutral retire case=00018 pc=0x80000c44 opcode=csrrw x22=0x80000c80
000000197 RUNTIME_ONLY neutral retire case=00018 pc=0x80000c48 opcode=xor x23=0x80000c8d
000000198 RUNTIME_ONLY neutral retire case=00018 pc=0x80000c4c opcode=addi x24=0x80000c8a
000000199 RUNTIME_ONLY neutral retire case=00018 pc=0x80000c50 opcode=lw x25=0x80000c97
000000200 RUNTIME_ONLY neutral retire case=00018 pc=0x80000c54 opcode=sw x26=0x80000c9c
000000201 RUNTIME_ONLY neutral retire case=00018 pc=0x80000c58 opcode=beq x27=0x80000c91
000000202 RUNTIME_ONLY neutral retire case=00018 pc=0x80000c5c opcode=csrrw x28=0x80000c96
000000203 RUNTIME_ONLY neutral retire case=00018 pc=0x80000c60 opcode=xor x29=0x80000cab
000000204 RUNTIME_ONLY neutral retire case=00018 pc=0x80000c64 opcode=addi x30=0x80000ca8
000000205 RUNTIME_ONLY neutral retire case=00018 pc=0x80000c68 opcode=lw x31=0x80000ca5
000000206 RUNTIME_ONLY neutral retire case=00018 pc=0x80000c6c opcode=sw x0=0x80000ca2
000000207 RUNTIME_ONLY neutral retire case=00018 pc=0x80000c70 opcode=beq x1=0x80000cbf
000000208 RUNTIME_ONLY neutral retire case=00018 pc=0x80000c74 opcode=csrrw x2=0x80000ca4
000000209 RUNTIME_ONLY neutral retire case=00018 pc=0x80000c78 opcode=xor x3=0x80000ca9
000000210 RUNTIME_ONLY neutral retire case=00018 pc=0x80000c7c opcode=addi x4=0x80000cae
000000211 RUNTIME_ONLY neutral retire case=00018 pc=0x80000c80 opcode=lw x5=0x80000c53
000000212 RUNTIME_ONLY neutral retire case=00018 pc=0x80000c84 opcode=sw x6=0x80000c50
000000213 RUNTIME_ONLY neutral retire case=00018 pc=0x80000c88 opcode=beq x7=0x80000c5d
000000214 RUNTIME_ONLY neutral retire case=00018 pc=0x80000c8c opcode=csrrw x8=0x80000c5a
000000215 RUNTIME_ONLY neutral retire case=00018 pc=0x80000c90 opcode=xor x9=0x80000c47
000000216 RUNTIME_ONLY neutral retire case=00018 pc=0x80000c94 opcode=addi x10=0x80000c4c
000000217 RUNTIME_ONLY neutral retire case=00018 pc=0x80000c98 opcode=lw x11=0x80000c41
000000218 RUNTIME_ONLY neutral retire case=00018 pc=0x80000c9c opcode=sw x12=0x80000c46
000000219 RUNTIME_ONLY neutral retire case=00018 pc=0x80000ca0 opcode=beq x13=0x80000c7b
000000220 RUNTIME_ONLY neutral retire case=00018 pc=0x80000ca4 opcode=csrrw x14=0x80000c78
000000221 RUNTIME_ONLY neutral retire case=00018 pc=0x80000ca8 opcode=xor x15=0x80000c75
000000222 RUNTIME_ONLY neutral retire case=00018 pc=0x80000cac opcode=addi x16=0x80000c72
000000223 RUNTIME_ONLY neutral retire case=00018 pc=0x80000cb0 opcode=lw x17=0x80000c6f
000000224 RUNTIME_ONLY neutral retire case=00018 pc=0x80000cb4 opcode=sw x18=0x80000c54
000000225 RUNTIME_ONLY neutral retire case=00018 pc=0x80000cb8 opcode=beq x19=0x80000c59
000000226 RUNTIME_ONLY neutral retire case=00018 pc=0x80000cbc opcode=csrrw x20=0x80000c5e
000000227 RUNTIME_ONLY neutral retire case=00018 pc=0x80000cc0 opcode=xor x21=0x80000c23
000000228 RUNTIME_ONLY neutral retire case=00018 pc=0x80000cc4 opcode=addi x22=0x80000c20
000000229 RUNTIME_ONLY neutral retire case=00018 pc=0x80000cc8 opcode=lw x23=0x80000c2d
000000230 RUNTIME_ONLY neutral retire case=00018 pc=0x80000ccc opcode=sw x24=0x80000c2a
000000231 RUNTIME_ONLY neutral retire case=00018 pc=0x80000cd0 opcode=beq x25=0x80000c37
000000232 RUNTIME_ONLY neutral retire case=00018 pc=0x80000cd4 opcode=csrrw x26=0x80000c3c
000000233 RUNTIME_ONLY neutral retire case=00018 pc=0x80000cd8 opcode=xor x27=0x80000c31
000000234 RUNTIME_ONLY neutral retire case=00018 pc=0x80000cdc opcode=addi x28=0x80000c36
000000235 RUNTIME_ONLY neutral retire case=00018 pc=0x80000ce0 opcode=lw x29=0x80000c0b
000000236 RUNTIME_ONLY neutral retire case=00018 pc=0x80000ce4 opcode=sw x30=0x80000c08
000000237 RUNTIME_ONLY neutral retire case=00018 pc=0x80000ce8 opcode=beq x31=0x80000c05
000000238 RUNTIME_ONLY neutral retire case=00018 pc=0x80000cec opcode=csrrw x0=0x80000c02
000000239 RUNTIME_ONLY neutral retire case=00018 pc=0x80000cf0 opcode=xor x1=0x80000c1f
000000240 RUNTIME_ONLY neutral retire case=00018 pc=0x80000cf4 opcode=addi x2=0x80000c04
000000241 RUNTIME_ONLY neutral retire case=00018 pc=0x80000cf8 opcode=lw x3=0x80000c09
