UVM_FATAL /runtime_only_unique_aabf.sv(1) @ 1: runtime_only_unique_failure_aabf normalization resistant timing marker
RUNTIME_ONLY_CASE=58 SOURCE_A=benchmark_set_2:19
Mismatch[1]:
ibex[633] : pc[80000aa0] remu x26,x17,x10: s10:0000005d
RUNTIME_ONLY_COMBINE SOURCE_B=benchmark_set_1:3
riscv_multiple_interrupt_test.0 : [FAILED]
000000000 RUNTIME_ONLY neutral retire case=00058 pc=0x80001dac opcode=csrrw x26=0x80001dac
000000001 RUNTIME_ONLY neutral retire case=00058 pc=0x80001db0 opcode=xor x27=0x80001db1
000000002 RUNTIME_ONLY neutral retire case=00058 pc=0x80001db4 opcode=addi x28=0x80001db6
000000003 RUNTIME_ONLY neutral retire case=00058 pc=0x80001db8 opcode=lw x29=0x80001dbb
000000004 RUNTIME_ONLY neutral retire case=00058 pc=0x80001dbc opcode=sw x30=0x80001db8
000000005 RUNTIME_ONLY neutral retire case=00058 pc=0x80001dc0 opcode=beq x31=0x80001dc5
000000006 RUNTIME_ONLY neutral retire case=00058 pc=0x80001dc4 opcode=csrrw x0=0x80001dc2
000000007 RUNTIME_ONLY neutral retire case=00058 pc=0x80001dc8 opcode=xor x1=0x80001dcf
000000008 RUNTIME_ONLY neutral retire case=00058 pc=0x80001dcc opcode=addi x2=0x80001dc4
000000009 RUNTIME_ONLY neutral retire case=00058 pc=0x80001dd0 opcode=lw x3=0x80001dd9
000000010 RUNTIME_ONLY neutral retire case=00058 pc=0x80001dd4 opcode=sw x4=0x80001dde
000000011 RUNTIME_ONLY neutral retire case=00058 pc=0x80001dd8 opcode=beq x5=0x80001dd3
000000012 RUNTIME_ONLY neutral retire case=00058 pc=0x80001ddc opcode=csrrw x6=0x80001dd0
000000013 RUNTIME_ONLY neutral retire case=00058 pc=0x80001de0 opcode=xor x7=0x80001ded
000000014 RUNTIME_ONLY neutral retire case=00058 pc=0x80001de4 opcode=addi x8=0x80001dea
000000015 RUNTIME_ONLY neutral retire case=00058 pc=0x80001de8 opcode=lw x9=0x80001de7
000000016 RUNTIME_ONLY neutral retire case=00058 pc=0x80001dec opcode=sw x10=0x80001dfc
000000017 RUNTIME_ONLY neutral retire case=00058 pc=0x80001df0 opcode=beq x11=0x80001de1
000000018 RUNTIME_ONLY neutral retire case=00058 pc=0x80001df4 opcode=csrrw x12=0x80001de6
000000019 RUNTIME_ONLY neutral retire case=00058 pc=0x80001df8 opcode=xor x13=0x80001deb
000000020 RUNTIME_ONLY neutral retire case=00058 pc=0x80001dfc opcode=addi x14=0x80001de8
000000021 RUNTIME_ONLY neutral retire case=00058 pc=0x80001e00 opcode=lw x15=0x80001e15
000000022 RUNTIME_ONLY neutral retire case=00058 pc=0x80001e04 opcode=sw x16=0x80001e12
000000023 RUNTIME_ONLY neutral retire case=00058 pc=0x80001e08 opcode=beq x17=0x80001e1f
000000024 RUNTIME_ONLY neutral retire case=00058 pc=0x80001e0c opcode=csrrw x18=0x80001e14
000000025 RUNTIME_ONLY neutral retire case=00058 pc=0x80001e10 opcode=xor x19=0x80001e09
000000026 RUNTIME_ONLY neutral retire case=00058 pc=0x80001e14 opcode=addi x20=0x80001e0e
000000027 RUNTIME_ONLY neutral retire case=00058 pc=0x80001e18 opcode=lw x21=0x80001e03
000000028 RUNTIME_ONLY neutral retire case=00058 pc=0x80001e1c opcode=sw x22=0x80001e00
000000029 RUNTIME_ONLY neutral retire case=00058 pc=0x80001e20 opcode=beq x23=0x80001e3d
000000030 RUNTIME_ONLY neutral retire case=00058 pc=0x80001e24 opcode=csrrw x24=0x80001e3a
000000031 RUNTIME_ONLY neutral retire case=00058 pc=0x80001e28 opcode=xor x25=0x80001e37
000000032 RUNTIME_ONLY neutral retire case=00058 pc=0x80001e2c opcode=addi x26=0x80001e0c
000000033 RUNTIME_ONLY neutral retire case=00058 pc=0x80001e30 opcode=lw x27=0x80001e11
000000034 RUNTIME_ONLY neutral retire case=00058 pc=0x80001e34 opcode=sw x28=0x80001e16
000000035 RUNTIME_ONLY neutral retire case=00058 pc=0x80001e38 opcode=beq x29=0x80001e1b
000000036 RUNTIME_ONLY neutral retire case=00058 pc=0x80001e3c opcode=csrrw x30=0x80001e18
000000037 RUNTIME_ONLY neutral retire case=00058 pc=0x80001e40 opcode=xor x31=0x80001e65
000000038 RUNTIME_ONLY neutral retire case=00058 pc=0x80001e44 opcode=addi x0=0x80001e62
000000039 RUNTIME_ONLY neutral retire case=00058 pc=0x80001e48 opcode=lw x1=0x80001e6f
000000040 RUNTIME_ONLY neutral retire case=00058 pc=0x80001e4c opcode=sw x2=0x80001e64
000000041 RUNTIME_ONLY neutral retire case=00058 pc=0x80001e50 opcode=beq x3=0x80001e79
000000042 RUNTIME_ONLY neutral retire case=00058 pc=0x80001e54 opcode=csrrw x4=0x80001e7e
000000043 RUNTIME_ONLY neutral retire case=00058 pc=0x80001e58 opcode=xor x5=0x80001e73
000000044 RUNTIME_ONLY neutral retire case=00058 pc=0x80001e5c opcode=addi x6=0x80001e70
000000045 RUNTIME_ONLY neutral retire case=00058 pc=0x80001e60 opcode=lw x7=0x80001e4d
000000046 RUNTIME_ONLY neutral retire case=00058 pc=0x80001e64 opcode=sw x8=0x80001e4a
000000047 RUNTIME_ONLY neutral retire case=00058 pc=0x80001e68 opcode=beq x9=0x80001e47
000000048 RUNTIME_ONLY neutral retire case=00058 pc=0x80001e6c opcode=csrrw x10=0x80001e5c
000000049 RUNTIME_ONLY neutral retire case=00058 pc=0x80001e70 opcode=xor x11=0x80001e41
000000050 RUNTIME_ONLY neutral retire case=00058 pc=0x80001e74 opcode=addi x12=0x80001e46
000000051 RUNTIME_ONLY neutral retire case=00058 pc=0x80001e78 opcode=lw x13=0x80001e4b
000000052 RUNTIME_ONLY neutral retire case=00058 pc=0x80001e7c opcode=sw x14=0x80001e48
000000053 RUNTIME_ONLY neutral retire case=00058 pc=0x80001e80 opcode=beq x15=0x80001eb5
000000054 RUNTIME_ONLY neutral retire case=00058 pc=0x80001e84 opcode=csrrw x16=0x80001eb2
000000055 RUNTIME_ONLY neutral retire case=00058 pc=0x80001e88 opcode=xor x17=0x80001ebf
000000056 RUNTIME_ONLY neutral retire case=00058 pc=0x80001e8c opcode=addi x18=0x80001eb4
000000057 RUNTIME_ONLY neutral retire case=00058 pc=0x80001e90 opcode=lw x19=0x80001ea9
000000058 RUNTIME_ONLY neutral retire case=00058 pc=0x80001e94 opcode=sw x20=0x80001eae
000000059 RUNTIME_ONLY neutral retire case=00058 pc=0x80001e98 opcode=beq x21=0x80001ea3
000000060 RUNTIME_ONLY neutral retire case=00058 pc=0x80001e9c opcode=csrrw x22=0x80001ea0
000000061 RUNTIME_ONLY neutral retire case=00058 pc=0x80001ea0 opcode=xor x23=0x80001e9d
000000062 RUNTIME_ONLY neutral retire case=00058 pc=0x80001ea4 opcode=addi x24=0x80001e9a
000000063 RUNTIME_ONLY neutral retire case=00058 pc=0x80001ea8 opcode=lw x25=0x80001e97
000000064 RUNTIME_ONLY neutral retire case=00058 pc=0x80001eac opcode=sw x26=0x80001eec
000000065 RUNTIME_ONLY neutral retire case=00058 pc=0x80001eb0 opcode=beq x27=0x80001ef1
000000066 RUNTIME_ONLY neutral retire case=00058 pc=0x80001eb4 opcode=csrrw x28=0x80001ef6
000000067 RUNTIME_ONLY neutral retire case=00058 pc=0x80001eb8 opcode=xor x29=0x80001efb
000000068 RUNTIME_ONLY neutral retire case=00058 pc=0x80001ebc opcode=addi x30=0x80001ef8
000000069 RUNTIME_ONLY neutral retire case=00058 pc=0x80001ec0 opcode=lw x31=0x80001e85
000000070 RUNTIME_ONLY neutral retire case=00058 pc=0x80001ec4 opcode=sw x0=0x80001e82
000000071 RUNTIME_ONLY neutral retire case=00058 pc=0x80001ec8 opcode=beq x1=0x80001e8f
000000072 RUNTIME_ONLY neutral retire case=00058 pc=0x80001ecc opcode=csrrw x2=0x80001e84
000000073 RUNTIME_ONLY neutral retire case=00058 pc=0x80001ed0 opcode=xor x3=0x80001e99
