UVM_FATAL /runtime_only_unique_aaju.sv(1) @ 1: runtime_only_unique_failure_aaju normalization resistant timing marker
RUNTIME_ONLY_CASE=957 SOURCE_A=benchmark_set_2:22
Mismatch[1]:
ibex[231] : pc[80000474] c.or x14,x8: a4:00ef9e4f
RUNTIME_ONLY_COMBINE SOURCE_B=benchmark_set_2:20
riscv_multiple_interrupt_test.0 : [FAILED]
000000000 RUNTIME_ONLY neutral retire case=00957 pc=0x8001e9b4 opcode=beq x29=0x8001e9b4
000000001 RUNTIME_ONLY neutral retire case=00957 pc=0x8001e9b8 opcode=csrrw x30=0x8001e9b9
000000002 RUNTIME_ONLY neutral retire case=00957 pc=0x8001e9bc opcode=xor x31=0x8001e9be
000000003 RUNTIME_ONLY neutral retire case=00957 pc=0x8001e9c0 opcode=addi x0=0x8001e9c3
000000004 RUNTIME_ONLY neutral retire case=00957 pc=0x8001e9c4 opcode=lw x1=0x8001e9c0
000000005 RUNTIME_ONLY neutral retire case=00957 pc=0x8001e9c8 opcode=sw x2=0x8001e9cd
000000006 RUNTIME_ONLY neutral retire case=00957 pc=0x8001e9cc opcode=beq x3=0x8001e9ca
000000007 RUNTIME_ONLY neutral retire case=00957 pc=0x8001e9d0 opcode=csrrw x4=0x8001e9d7
000000008 RUNTIME_ONLY neutral retire case=00957 pc=0x8001e9d4 opcode=xor x5=0x8001e9dc
000000009 RUNTIME_ONLY neutral retire case=00957 pc=0x8001e9d8 opcode=addi x6=0x8001e9d1
000000010 RUNTIME_ONLY neutral retire case=00957 pc=0x8001e9dc opcode=lw x7=0x8001e9d6
000000011 RUNTIME_ONLY neutral retire case=00957 pc=0x8001e9e0 opcode=sw x8=0x8001e9eb
000000012 RUNTIME_ONLY neutral retire case=00957 pc=0x8001e9e4 opcode=beq x9=0x8001e9e8
000000013 RUNTIME_ONLY neutral retire case=00957 pc=0x8001e9e8 opcode=csrrw x10=0x8001e9e5
000000014 RUNTIME_ONLY neutral retire case=00957 pc=0x8001e9ec opcode=xor x11=0x8001e9e2
000000015 RUNTIME_ONLY neutral retire case=00957 pc=0x8001e9f0 opcode=addi x12=0x8001e9ff
000000016 RUNTIME_ONLY neutral retire case=00957 pc=0x8001e9f4 opcode=lw x13=0x8001e9e4
