Time	Cycle	PC	Insn	Decoded instruction	Register and memory contents
           2261	        11	80000080	40001cb7	lui	x25,0x40001	 x25=0x40001000
           2281	        12	80000084	106c8c93	addi	x25,x25,262	 x25:0x40001000 x25=0x40001106
           2541	        25	80000088	301c9073	csrrw	x0,misa,x25	 x25:0x40001106  x0=0x00000000
           2601	        28	8000008c	00026297	auipc	x5,0x26	  x5=0x8002608c
           2621	        29	80000090	c5828293	addi	x5,x5,-936	  x5:0x8002608c  x5=0x80025ce4
           2641	        30	80000094	00002c97	auipc	x25,0x2	 x25=0x80002094
           2661	        31	80000098	46cc8c93	addi	x25,x25,1132	 x25:0x80002094 x25=0x80002500
           3041	        50	8000009c	001cec93	ori	x25,x25,1	 x25:0x80002500 x25=0x80002501
           3061	        51	800000a0	305c9073	csrrw	x0,mtvec,x25	 x25:0x80002501  x0=0x00000000
           3121	        54	800000a4	74725073	csrrwi	x0,0x747,4	  x0=0x00000000
           3181	        57	800000a8	00003c17	auipc	x24,0x3	 x24=0x800030a8
           3201	        58	800000ac	204c0c13	addi	x24,x24,516	 x24:0x800030a8 x24=0x800032ac
           3221	        59	800000b0	4c81	c.li	x25,0	 x25=0x00000000
           3241	        60	800000b2	9c66	c.add	x24,x25	 x24:0x800032ac x25:0x00000000 x24=0x800032ac
           3361	        66	800000b4	002c5c13	srli	x24,x24,0x2	 x24:0x800032ac x24=0x20000cab
           3381	        67	800000b8	3b0c1073	csrrw	x0,pmpaddr0,x24	 x24:0x20000cab  x0=0x00000000
           3441	        70	800000bc	00003c17	auipc	x24,0x3	 x24=0x800030bc
           3821	        89	800000c0	1f0c0c13	addi	x24,x24,496	 x24:0x800030bc x24=0x800032ac
           3941	        95	800000c4	11111cb7	lui	x25,0x11111	 x25=0x11111000
           3961	        96	800000c8	111c8c93	addi	x25,x25,273	 x25:0x11111000 x25=0x11111111
           3981	        97	800000cc	9c66	c.add	x24,x25	 x24:0x800032ac x25:0x11111111 x24=0x911143bd
           4321	       114	800000ce	002c5c13	srli	x24,x24,0x2	 x24:0x911143bd x24=0x244450ef
           4341	       115	800000d2	3b1c1073	csrrw	x0,pmpaddr1,x24	 x24:0x244450ef  x0=0x00000000
           4401	       118	800000d6	00003c17	auipc	x24,0x3	 x24=0x800030d6
           4461	       121	800000da	1d6c0c13	addi	x24,x24,470	 x24:0x800030d6 x24=0x800032ac
           4561	       126	800000de	22222cb7	lui	x25,0x22222	 x25=0x22222000
           4581	       127	800000e2	222c8c93	addi	x25,x25,546	 x25:0x22222000 x25=0x22222222
           4601	       128	800000e6	9c66	c.add	x24,x25	 x24:0x800032ac x25:0x22222222 x24=0xa22254ce
           4621	       129	800000e8	002c5c13	srli	x24,x24,0x2	 x24:0xa22254ce x24=0x28889533
           4641	       130	800000ec	3b2c1073	csrrw	x0,pmpaddr2,x24	 x24:0x28889533  x0=0x00000000
           4701	       133	800000f0	00003c17	auipc	x24,0x3	 x24=0x800030f0
           4721	       134	800000f4	1bcc0c13	addi	x24,x24,444	 x24:0x800030f0 x24=0x800032ac
           4741	       135	800000f8	33333cb7	lui	x25,0x33333	 x25=0x33333000
           4761	       136	800000fc	333c8c93	addi	x25,x25,819	 x25:0x33333000 x25=0x33333333
           4781	       137	80000100	9c66	c.add	x24,x25	 x24:0x800032ac x25:0x33333333 x24=0xb33365df
           4801	       138	80000102	002c5c13	srli	x24,x24,0x2	 x24:0xb33365df x24=0x2cccd977
           4941	       145	80000106	3b3c1073	csrrw	x0,pmpaddr3,x24	 x24:0x2cccd977  x0=0x00000000
           5001	       148	8000010a	0f0f1c37	lui	x24,0xf0f1	 x24=0x0f0f1000
           5021	       149	8000010e	f0fc0c13	addi	x24,x24,-241	 x24:0x0f0f1000 x24=0x0f0f0f0f
           5261	       161	80000112	3a0c1073	csrrw	x0,pmpcfg0,x24	 x24:0x0f0f0f0f  x0=0x00000000
           5681	       182	80000116	00003c17	auipc	x24,0x3	 x24=0x80003116
           5821	       189	8000011a	196c0c13	addi	x24,x24,406	 x24:0x80003116 x24=0x800032ac
           6121	       204	8000011e	44444cb7	lui	x25,0x44444	 x25=0x44444000
           6141	       205	80000122	444c8c93	addi	x25,x25,1092	 x25:0x44444000 x25=0x44444444
           6161	       206	80000126	9c66	c.add	x24,x25	 x24:0x800032ac x25:0x44444444 x24=0xc44476f0
           6341	       215	80000128	002c5c13	srli	x24,x24,0x2	 x24:0xc44476f0 x24=0x31111dbc
           6461	       221	8000012c	3b4c1073	csrrw	x0,pmpaddr4,x24	 x24:0x31111dbc  x0=0x00000000
           6541	       225	80000130	00003c17	auipc	x24,0x3	 x24=0x80003130
           6561	       226	80000134	17cc0c13	addi	x24,x24,380	 x24:0x80003130 x24=0x800032ac
           6581	       227	80000138	55555cb7	lui	x25,0x55555	 x25=0x55555000
           6881	       242	8000013c	555c8c93	addi	x25,x25,1365	 x25:0x55555000 x25=0x55555555
           6901	       243	80000140	9c66	c.add	x24,x25	 x24:0x800032ac x25:0x55555555 x24=0xd5558801
           6921	       244	80000142	002c5c13	srli	x24,x24,0x2	 x24:0xd5558801 x24=0x35556200
           7041	       250	80000146	3b5c1073	csrrw	x0,pmpaddr5,x24	 x24:0x35556200  x0=0x00000000
           7101	       253	8000014a	00003c17	auipc	x24,0x3	 x24=0x8000314a
           7121	       254	8000014e	162c0c13	addi	x24,x24,354	 x24:0x8000314a x24=0x800032ac
           7141	       255	80000152	66666cb7	lui	x25,0x66666	 x25=0x66666000
           7161	       256	80000156	666c8c93	addi	x25,x25,1638	 x25:0x66666000 x25=0x66666666
           7181	       257	8000015a	9c66	c.add	x24,x25	 x24:0x800032ac x25:0x66666666 x24=0xe6669912
           7261	       261	8000015c	002c5c13	srli	x24,x24,0x2	 x24:0xe6669912 x24=0x3999a644
           7521	       274	80000160	3b6c1073	csrrw	x0,pmpaddr6,x24	 x24:0x3999a644  x0=0x00000000
           7581	       277	80000164	00003c17	auipc	x24,0x3	 x24=0x80003164
           7601	       278	80000168	148c0c13	addi	x24,x24,328	 x24:0x80003164 x24=0x800032ac
           7621	       279	8000016c	77777cb7	lui	x25,0x77777	 x25=0x77777000
           7961	       296	80000170	777c8c93	addi	x25,x25,1911	 x25:0x77777000 x25=0x77777777
           7981	       297	80000174	9c66	c.add	x24,x25	 x24:0x800032ac x25:0x77777777 x24=0xf777aa23
           8401	       318	80000176	002c5c13	srli	x24,x24,0x2	 x24:0xf777aa23 x24=0x3dddea88
           8421	       319	8000017a	3b7c1073	csrrw	x0,pmpaddr7,x24	 x24:0x3dddea88  x0=0x00000000
           8581	       327	8000017e	0f0f1c37	lui	x24,0xf0f1	 x24=0x0f0f1000
           8781	       337	80000182	f0fc0c13	addi	x24,x24,-241	 x24:0x0f0f1000 x24=0x0f0f0f0f
           8881	       342	80000186	3a1c1073	csrrw	x0,pmpcfg1,x24	 x24:0x0f0f0f0f  x0=0x00000000
           8941	       345	8000018a	00003c17	auipc	x24,0x3	 x24=0x8000318a
           8961	       346	8000018e	122c0c13	addi	x24,x24,290	 x24:0x8000318a x24=0x800032ac
           9061	       351	80000192	88889cb7	lui	x25,0x88889	 x25=0x88889000
           9221	       359	80000196	888c8c93	addi	x25,x25,-1912	 x25:0x88889000 x25=0x88888888
           9241	       360	8000019a	9c66	c.add	x24,x25	 x24:0x800032ac x25:0x88888888 x24=0x0888bb34
           9261	       361	8000019c	002c5c13	srli	x24,x24,0x2	 x24:0x0888bb34 x24=0x02222ecd
           9421	       369	800001a0	3b8c1073	csrrw	x0,pmpaddr8,x24	 x24:0x02222ecd  x0=0x00000000
           9481	       372	800001a4	00003c17	auipc	x24,0x3	 x24=0x800031a4
           9501	       373	800001a8	108c0c13	addi	x24,x24,264	 x24:0x800031a4 x24=0x800032ac
           9581	       377	800001ac	9999acb7	lui	x25,0x9999a	 x25=0x9999a000
           9601	       378	800001b0	999c8c93	addi	x25,x25,-1639	 x25:0x9999a000 x25=0x99999999
           9621	       379	800001b4	9c66	c.add	x24,x25	 x24:0x800032ac x25:0x99999999 x24=0x1999cc45
          10041	       400	800001b6	002c5c13	srli	x24,x24,0x2	 x24:0x1999cc45 x24=0x06667311
          10061	       401	800001ba	3b9c1073	csrrw	x0,pmpaddr9,x24	 x24:0x06667311  x0=0x00000000
          10121	       404	800001be	00003c17	auipc	x24,0x3	 x24=0x800031be
          10141	       405	800001c2	0eec0c13	addi	x24,x24,238	 x24:0x800031be x24=0x800032ac
          10161	       406	800001c6	aaaabcb7	lui	x25,0xaaaab	 x25=0xaaaab000
          10541	       425	800001ca	aaac8c93	addi	x25,x25,-1366	 x25:0xaaaab000 x25=0xaaaaaaaa
          10561	       426	800001ce	9c66	c.add	x24,x25	 x24:0x800032ac x25:0xaaaaaaaa x24=0x2aaadd56
          10621	       429	800001d0	002c5c13	srli	x24,x24,0x2	 x24:0x2aaadd56 x24=0x0aaab755
          11041	       450	800001d4	3bac1073	csrrw	x0,pmpaddr10,x24	 x24:0x0aaab755  x0=0x00000000
          11101	       453	800001d8	00003c17	auipc	x24,0x3	 x24=0x800031d8
          11121	       454	800001dc	0d4c0c13	addi	x24,x24,212	 x24:0x800031d8 x24=0x800032ac
          11201	       458	800001e0	bbbbccb7	lui	x25,0xbbbbc	 x25=0xbbbbc000
          11221	       459	800001e4	bbbc8c93	addi	x25,x25,-1093	 x25:0xbbbbc000 x25=0xbbbbbbbb
          11241	       460	800001e8	9c66	c.add	x24,x25	 x24:0x800032ac x25:0xbbbbbbbb x24=0x3bbbee67
          11421	       469	800001ea	002c5c13	srli	x24,x24,0x2	 x24:0x3bbbee67 x24=0x0eeefb99
          11441	       470	800001ee	3bbc1073	csrrw	x0,pmpaddr11,x24	 x24:0x0eeefb99  x0=0x00000000
          11501	       473	800001f2	0f0f1c37	lui	x24,0xf0f1	 x24=0x0f0f1000
          11521	       474	800001f6	f0fc0c13	addi	x24,x24,-241	 x24:0x0f0f1000 x24=0x0f0f0f0f
          11541	       475	800001fa	3a2c1073	csrrw	x0,pmpcfg2,x24	 x24:0x0f0f0f0f  x0=0x00000000
          11601	       478	800001fe	00003c17	auipc	x24,0x3	 x24=0x800031fe
          11981	       497	80000202	0aec0c13	addi	x24,x24,174	 x24:0x800031fe x24=0x800032ac
          12101	       503	80000206	ccccdcb7	lui	x25,0xccccd	 x25=0xccccd000
          12521	       524	8000020a	cccc8c93	addi	x25,x25,-820	 x25:0xccccd000 x25=0xcccccccc
          12541	       525	8000020e	9c66	c.add	x24,x25	 x24:0x800032ac x25:0xcccccccc x24=0x4cccff78
          12801	       538	80000210	002c5c13	srli	x24,x24,0x2	 x24:0x4cccff78 x24=0x13333fde
          12821	       539	80000214	3bcc1073	csrrw	x0,pmpaddr12,x24	 x24:0x13333fde  x0=0x00000000
          12881	       542	80000218	00003c17	auipc	x24,0x3	 x24=0x80003218
          13221	       559	8000021c	094c0c13	addi	x24,x24,148	 x24:0x80003218 x24=0x800032ac
          13581	       577	80000220	ddddecb7	lui	x25,0xdddde	 x25=0xdddde000
          13601	       578	80000224	dddc8c93	addi	x25,x25,-547	 x25:0xdddde000 x25=0xdddddddd
          13781	       587	80000228	9c66	c.add	x24,x25	 x24:0x800032ac x25:0xdddddddd x24=0x5dde1089
          13821	       589	8000022a	002c5c13	srli	x24,x24,0x2	 x24:0x5dde1089 x24=0x17778422
          13941	       595	8000022e	3bdc1073	csrrw	x0,pmpaddr13,x24	 x24:0x17778422  x0=0x00000000
          14361	       616	80000232	00003c17	auipc	x24,0x3	 x24=0x80003232
          14381	       617	80000236	07ac0c13	addi	x24,x24,122	 x24:0x80003232 x24=0x800032ac
          14801	       638	8000023a	eeeefcb7	lui	x25,0xeeeef	 x25=0xeeeef000
          14821	       639	8000023e	eeec8c93	addi	x25,x25,-274	 x25:0xeeeef000 x25=0xeeeeeeee
          14841	       640	80000242	9c66	c.add	x24,x25	 x24:0x800032ac x25:0xeeeeeeee x24=0x6eef219a
          14861	       641	80000244	002c5c13	srli	x24,x24,0x2	 x24:0x6eef219a x24=0x1bbbc866
          14881	       642	80000248	3bec1073	csrrw	x0,pmpaddr14,x24	 x24:0x1bbbc866  x0=0x00000000
          14981	       647	8000024c	00003c17	auipc	x24,0x3	 x24=0x8000324c
          15001	       648	80000250	060c0c13	addi	x24,x24,96	 x24:0x8000324c x24=0x800032ac
          15181	       657	80000254	fff00c93	addi	x25,x0,-1	  x0:0x00000000 x25=0xffffffff
          15581	       677	80000258	9c66	c.add	x24,x25	 x24:0x800032ac x25:0xffffffff x24=0x800032ab
          15601	       678	8000025a	002c5c13	srli	x24,x24,0x2	 x24:0x800032ab x24=0x20000caa
          15621	       679	8000025e	3bfc1073	csrrw	x0,pmpaddr15,x24	 x24:0x20000caa  x0=0x00000000
          16041	       700	80000262	0f0f1c37	lui	x24,0xf0f1	 x24=0x0f0f1000
          16061	       701	80000266	f0fc0c13	addi	x24,x24,-241	 x24:0x0f0f1000 x24=0x0f0f0f0f
          16081	       702	8000026a	3a3c1073	csrrw	x0,pmpcfg3,x24	 x24:0x0f0f0f0f  x0=0x00000000
          16221	       709	8000026e	00000c97	auipc	x25,0x0	 x25=0x8000026e
          16241	       710	80000272	058c8c93	addi	x25,x25,88	 x25:0x8000026e x25=0x800002c6
          16261	       711	80000276	341c9073	csrrw	x0,mepc,x25	 x25:0x800002c6  x0=0x00000000
          16681	       732	8000027a	7c00d073	csrrwi	x0,0x7c0,1	  x0=0x00000000
          16741	       735	8000027e	6c89	c.lui	x25,0x2	 x25=0x00002000
          17101	       753	80000280	800c8c93	addi	x25,x25,-2048	 x25:0x00002000 x25=0x00001800
          17121	       754	80000284	300c9073	csrrw	x0,mstatus,x25	 x25:0x00001800  x0=0x00000000
          17241	       760	80000288	4c81	c.li	x25,0	 x25=0x00000000
          17661	       781	8000028a	304c9073	csrrw	x0,mie,x25	 x25:0x00000000  x0=0x00000000
          17861	       791	8000028e	90000db7	lui	x27,0x90000	 x27=0x90000000
          17881	       792	80000292	1df1	c.addi	x27,-4	 x27:0x90000000 x27=0x8ffffffc
          17901	       793	80000294	30000c93	addi	x25,x0,768	  x0:0x00000000 x25=0x00000300
          18281	       812	80000298	0ca2	c.slli	x25,0x8	 x25:0x00000300 x25=0x00030000
          18301	       813	8000029a	0c8d	c.addi	x25,3	 x25:0x00030000 x25=0x00030003
          18701	       833	8000029c	019da023	sw	x25,0(x27)	 x27:0x8ffffffc x25:0x00030003 PA:0x8ffffffc store:0x00030003
          19021	       849	800002a0	30002cf3	csrrs	x25,mstatus,x0	  x0:0x00000000 x25=0x00001800
          19361	       866	800002a4	019da023	sw	x25,0(x27)	 x27:0x8ffffffc x25:0x00001800 PA:0x8ffffffc store:0x00001800
          19381	       867	800002a8	90000db7	lui	x27,0x90000	 x27=0x90000000
          19761	       886	800002ac	1df1	c.addi	x27,-4	 x27:0x90000000 x27=0x8ffffffc
          19861	       891	800002ae	30400c93	addi	x25,x0,772	  x0:0x00000000 x25=0x00000304
          19881	       892	800002b2	0ca2	c.slli	x25,0x8	 x25:0x00000304 x25=0x00030400
          19901	       893	800002b4	0c8d	c.addi	x25,3	 x25:0x00030400 x25=0x00030403
          20141	       905	800002b6	019da023	sw	x25,0(x27)	 x27:0x8ffffffc x25:0x00030403 PA:0x8ffffffc store:0x00030403
          20161	       906	800002ba	30402cf3	csrrs	x25,mie,x0	  x0:0x00000000 x25=0x00000000
          20321	       914	800002be	019da023	sw	x25,0(x27)	 x27:0x8ffffffc x25:0x00000000 PA:0x8ffffffc store:0x00000000
          20341	       915	800002c2	30200073	mret	
          20641	       930	800002c6	00000013	addi	x0,x0,0	  x0:0x00000000  x0=0x00000000
          20661	       931	800002ca	800000b7	lui	x1,0x80000	  x1=0x80000000
          20681	       932	800002ce	4109	c.li	x2,2	  x2=0x00000002
          21261	       961	800002d0	41a5	c.li	x3,9	  x3=0x00000009
          21281	       962	800002d2	4201	c.li	x4,0	  x4=0x00000000
          21421	       969	800002d4	433d	c.li	x6,15	  x6=0x0000000f
          21441	       970	800002d6	674623b7	lui	x7,0x67462	  x7=0x67462000
          21461	       971	800002da	73938393	addi	x7,x7,1849	  x7:0x67462000  x7=0x67462739
          21481	       972	800002de	fbe3b437	lui	x8,0xfbe3b	  x8=0xfbe3b000
          21501	       973	800002e2	e8840413	addi	x8,x8,-376	  x8:0xfbe3b000  x8=0xfbe3ae88
          21521	       974	800002e6	4499	c.li	x9,6	  x9=0x00000006
          21701	       983	800002e8	4539	c.li	x10,14	 x10=0x0000000e
          22001	       998	800002ea	800005b7	lui	x11,0x80000	 x11=0x80000000
          22021	       999	800002ee	4601	c.li	x12,0	 x12=0x00000000
          22041	      1000	800002f0	069e26b7	lui	x13,0x69e2	 x13=0x069e2000
          22061	      1001	800002f4	c8868693	addi	x13,x13,-888	 x13:0x069e2000 x13=0x069e1c88
          22081	      1002	800002f8	4781	c.li	x15,0	 x15=0x00000000
          22101	      1003	800002fa	4801	c.li	x16,0	 x16=0x00000000
          22121	      1004	800002fc	488d	c.li	x17,3	 x17=0x00000003
          22141	      1005	800002fe	4931	c.li	x18,12	 x18=0x0000000c
          22481	      1022	80000300	4981	c.li	x19,0	 x19=0x00000000
          22901	      1043	80000302	80000a37	lui	x20,0x80000	 x20=0x80000000
          22921	      1044	80000306	0ab44ab7	lui	x21,0xab44	 x21=0x0ab44000
          23241	      1060	8000030a	dd9a8a93	addi	x21,x21,-551	 x21:0x0ab44000 x21=0x0ab43dd9
          23261	      1061	8000030e	f6595b37	lui	x22,0xf6595	 x22=0xf6595000
          23441	      1070	80000312	638b0b13	addi	x22,x22,1592	 x22:0xf6595000 x22=0xf6595638
          23701	      1083	80000316	c3dcdbb7	lui	x23,0xc3dcd	 x23=0xc3dcd000
          24121	      1104	8000031a	128b8b93	addi	x23,x23,296	 x23:0xc3dcd000 x23=0xc3dcd128
          24141	      1105	8000031e	4c01	c.li	x24,0	 x24=0x00000000
          24161	      1106	80000320	4c81	c.li	x25,0	 x25=0x00000000
          24181	      1107	80000322	4d01	c.li	x26,0	 x26=0x00000000
          24261	      1111	80000324	6b300db7	lui	x27,0x6b300	 x27=0x6b300000
          24281	      1112	80000328	6a4d8d93	addi	x27,x27,1700	 x27:0x6b300000 x27=0x6b3006a4
          24301	      1113	8000032c	6d783e37	lui	x28,0x6d783	 x28=0x6d783000
          24721	      1134	80000330	50be0e13	addi	x28,x28,1291	 x28:0x6d783000 x28=0x6d78350b
          24741	      1135	80000334	4ea1	c.li	x29,8	 x29=0x00000008
          24761	      1136	80000336	f8b0ff37	lui	x30,0xf8b0f	 x30=0xf8b0f000
          24981	      1147	8000033a	651f0f13	addi	x30,x30,1617	 x30:0xf8b0f000 x30=0xf8b0f651
          25001	      1148	8000033e	f9a36fb7	lui	x31,0xf9a36	 x31=0xf9a36000
          25021	      1149	80000342	32af8f93	addi	x31,x31,810	 x31:0xf9a36000 x31=0xf9a3632a
          25361	      1166	80000346	00022717	auipc	x14,0x22	 x14=0x80022346
          25521	      1174	8000034a	b1e70713	addi	x14,x14,-1250	 x14:0x80022346 x14=0x80021e64
          25941	      1195	8000034e	90000db7	lui	x27,0x90000	 x27=0x90000000
          25961	      1196	80000352	1df1	c.addi	x27,-4	 x27:0x90000000 x27=0x8ffffffc
          25981	      1197	80000354	4c81	c.li	x25,0	 x25=0x00000000
          26001	      1198	80000356	0ca2	c.slli	x25,0x8	 x25:0x00000000 x25=0x00000000
          26161	      1206	80000358	000c8c93	addi	x25,x25,0	 x25:0x00000000 x25=0x00000000
          26341	      1215	8000035c	019da023	sw	x25,0(x27)	 x27:0x8ffffffc x25:0x00000000 PA:0x8ffffffc store:0x00000000
          26361	      1216	80000360	74d0206f	jal	x0,800032ac	  x0=0x00000000
          27621	      1279	800032ac	03634133	div	x2,x6,x22	  x6:0x0000000f x22:0xf6595638  x2=0x00000000
          27641	      1280	800032b0	6139	c.addi16sp	x2,448	  x2:0x00000000  x2=0x000001c0
          27661	      1281	800032b2	01ed54b3	srl	x9,x26,x30	 x26:0x00000000 x30:0xf8b0f651  x9=0x00000000
          27681	      1282	800032b6	3406d6f3	csrrwi	x13,mscratch,13	 x13=0x00000000
          27701	      1283	800032ba	e557fe13	andi	x28,x15,-427	 x15:0x00000000 x28=0x00000000
          27721	      1284	800032be	f0917c93	andi	x25,x2,-247	  x2:0x000001c0 x25=0x00000100
          28041	      1300	800032c2	41e35193	srai	x3,x6,0x1e	  x6:0x0000000f  x3=0x00000000
          28061	      1301	800032c6	010fc493	xori	x9,x31,16	 x31:0xf9a3632a  x9=0xf9a3633a
          28081	      1302	800032ca	01d967b3	or	x15,x18,x29	 x18:0x0000000c x29:0x00000008 x15=0x0000000c
          28101	      1303	800032ce	86e1	c.srai	x13,0x18	 x13:0x00000000 x13=0x00000000
          28221	      1309	800032d0	3e2fea13	ori	x20,x31,994	 x31:0xf9a3632a x20=0xf9a363ea
          28301	      1313	800032d4	0166ce63	blt	x13,x22,800032f0	 x13:0x00000000 x22:0xf6595638
          28481	      1322	800032d8	0000100f	fence.i	
          29261	      1361	800032dc	0be50693	addi	x13,x10,190	 x10:0x0000000e x13=0x000000cc
          29281	      1362	800032e0	0000100f	fence.i	
          29781	      1387	800032e4	01481d63	bne	x16,x20,800032fe	 x16:0x00000000 x20:0xf9a363ea
          30141	      1405	800842f8	0000	c.unimp	
