UVM_FATAL /runtime_only_unique_aaas.sv(1) @ 1: runtime_only_unique_failure_aaas normalization resistant timing marker
RUNTIME_ONLY_CASE=721 SOURCE_A=benchmark_set_2:10
Mismatch[1]:
ibex[74] : pc[8000019c] c.addi x29,6: t4:00000000
RUNTIME_ONLY_COMBINE SOURCE_B=benchmark_set_1:7
riscv_csr_test.0 : [FAILED]
000000000 RUNTIME_ONLY neutral retire case=00721 pc=0x800170f0 opcode=lw x17=0x800170f0
000000001 RUNTIME_ONLY neutral retire case=00721 pc=0x800170f4 opcode=sw x18=0x800170f5
000000002 RUNTIME_ONLY neutral retire case=00721 pc=0x800170f8 opcode=beq x19=0x800170fa
000000003 RUNTIME_ONLY neutral retire case=00721 pc=0x800170fc opcode=csrrw x20=0x800170ff
000000004 RUNTIME_ONLY neutral retire case=00721 pc=0x80017100 opcode=xor x21=0x80017104
000000005 RUNTIME_ONLY neutral retire case=00721 pc=0x80017104 opcode=addi x22=0x80017101
000000006 RUNTIME_ONLY neutral retire case=00721 pc=0x80017108 opcode=lw x23=0x8001710e
000000007 RUNTIME_ONLY neutral retire case=00721 pc=0x8001710c opcode=sw x24=0x8001710b
000000008 RUNTIME_ONLY neutral retire case=00721 pc=0x80017110 opcode=beq x25=0x80017118
000000009 RUNTIME_ONLY neutral retire case=00721 pc=0x80017114 opcode=csrrw x26=0x8001711d
000000010 RUNTIME_ONLY neutral retire case=00721 pc=0x80017118 opcode=xor x27=0x80017112
000000011 RUNTIME_ONLY neutral retire case=00721 pc=0x8001711c opcode=addi x28=0x80017117
000000012 RUNTIME_ONLY neutral retire case=00721 pc=0x80017120 opcode=lw x29=0x8001712c
000000013 RUNTIME_ONLY neutral retire case=00721 pc=0x80017124 opcode=sw x30=0x80017129
000000014 RUNTIME_ONLY neutral retire case=00721 pc=0x80017128 opcode=beq x31=0x80017126
000000015 RUNTIME_ONLY neutral retire case=00721 pc=0x8001712c opcode=csrrw x0=0x80017123
