UVM_FATAL /runtime_only_unique_aahj.sv(1) @ 1: runtime_only_unique_failure_aahj normalization resistant timing marker
RUNTIME_ONLY_CASE=218 SOURCE_A=benchmark_set_2:19
Mismatch[1]:
ibex[633] : pc[80000aa0] remu x26,x17,x10: s10:0000005d
RUNTIME_ONLY_COMBINE SOURCE_B=benchmark_set_1:3
riscv_multiple_interrupt_test.0 : [FAILED]
000000000 RUNTIME_ONLY neutral retire case=00218 pc=0x80006f8c opcode=sw x26=0x80006f8c
000000001 RUNTIME_ONLY neutral retire case=00218 pc=0x80006f90 opcode=beq x27=0x80006f91
000000002 RUNTIME_ONLY neutral retire case=00218 pc=0x80006f94 opcode=csrrw x28=0x80006f96
000000003 RUNTIME_ONLY neutral retire case=00218 pc=0x80006f98 opcode=xor x29=0x80006f9b
000000004 RUNTIME_ONLY neutral retire case=00218 pc=0x80006f9c opcode=addi x30=0x80006f98
000000005 RUNTIME_ONLY neutral retire case=00218 pc=0x80006fa0 opcode=lw x31=0x80006fa5
000000006 RUNTIME_ONLY neutral retire case=00218 pc=0x80006fa4 opcode=sw x0=0x80006fa2
000000007 RUNTIME_ONLY neutral retire case=00218 pc=0x80006fa8 opcode=beq x1=0x80006faf
000000008 RUNTIME_ONLY neutral retire case=00218 pc=0x80006fac opcode=csrrw x2=0x80006fa4
000000009 RUNTIME_ONLY neutral retire case=00218 pc=0x80006fb0 opcode=xor x3=0x80006fb9
000000010 RUNTIME_ONLY neutral retire case=00218 pc=0x80006fb4 opcode=addi x4=0x80006fbe
000000011 RUNTIME_ONLY neutral retire case=00218 pc=0x80006fb8 opcode=lw x5=0x80006fb3
000000012 RUNTIME_ONLY neutral retire case=00218 pc=0x80006fbc opcode=sw x6=0x80006fb0
000000013 RUNTIME_ONLY neutral retire case=00218 pc=0x80006fc0 opcode=beq x7=0x80006fcd
000000014 RUNTIME_ONLY neutral retire case=00218 pc=0x80006fc4 opcode=csrrw x8=0x80006fca
000000015 RUNTIME_ONLY neutral retire case=00218 pc=0x80006fc8 opcode=xor x9=0x80006fc7
000000016 RUNTIME_ONLY neutral retire case=00218 pc=0x80006fcc opcode=addi x10=0x80006fdc
000000017 RUNTIME_ONLY neutral retire case=00218 pc=0x80006fd0 opcode=lw x11=0x80006fc1
000000018 RUNTIME_ONLY neutral retire case=00218 pc=0x80006fd4 opcode=sw x12=0x80006fc6
000000019 RUNTIME_ONLY neutral retire case=00218 pc=0x80006fd8 opcode=beq x13=0x80006fcb
000000020 RUNTIME_ONLY neutral retire case=00218 pc=0x80006fdc opcode=csrrw x14=0x80006fc8
000000021 RUNTIME_ONLY neutral retire case=00218 pc=0x80006fe0 opcode=xor x15=0x80006ff5
000000022 RUNTIME_ONLY neutral retire case=00218 pc=0x80006fe4 opcode=addi x16=0x80006ff2
000000023 RUNTIME_ONLY neutral retire case=00218 pc=0x80006fe8 opcode=lw x17=0x80006fff
000000024 RUNTIME_ONLY neutral retire case=00218 pc=0x80006fec opcode=sw x18=0x80006ff4
000000025 RUNTIME_ONLY neutral retire case=00218 pc=0x80006ff0 opcode=beq x19=0x80006fe9
000000026 RUNTIME_ONLY neutral retire case=00218 pc=0x80006ff4 opcode=csrrw x20=0x80006fee
000000027 RUNTIME_ONLY neutral retire case=00218 pc=0x80006ff8 opcode=xor x21=0x80006fe3
000000028 RUNTIME_ONLY neutral retire case=00218 pc=0x80006ffc opcode=addi x22=0x80006fe0
000000029 RUNTIME_ONLY neutral retire case=00218 pc=0x80007000 opcode=lw x23=0x8000701d
000000030 RUNTIME_ONLY neutral retire case=00218 pc=0x80007004 opcode=sw x24=0x8000701a
000000031 RUNTIME_ONLY neutral retire case=00218 pc=0x80007008 opcode=beq x25=0x80007017
000000032 RUNTIME_ONLY neutral retire case=00218 pc=0x8000700c opcode=csrrw x26=0x8000702c
000000033 RUNTIME_ONLY neutral retire case=00218 pc=0x80007010 opcode=xor x27=0x80007031
000000034 RUNTIME_ONLY neutral retire case=00218 pc=0x80007014 opcode=addi x28=0x80007036
000000035 RUNTIME_ONLY neutral retire case=00218 pc=0x80007018 opcode=lw x29=0x8000703b
000000036 RUNTIME_ONLY neutral retire case=00218 pc=0x8000701c opcode=sw x30=0x80007038
000000037 RUNTIME_ONLY neutral retire case=00218 pc=0x80007020 opcode=beq x31=0x80007005
000000038 RUNTIME_ONLY neutral retire case=00218 pc=0x80007024 opcode=csrrw x0=0x80007002
000000039 RUNTIME_ONLY neutral retire case=00218 pc=0x80007028 opcode=xor x1=0x8000700f
000000040 RUNTIME_ONLY neutral retire case=00218 pc=0x8000702c opcode=addi x2=0x80007004
000000041 RUNTIME_ONLY neutral retire case=00218 pc=0x80007030 opcode=lw x3=0x80007019
000000042 RUNTIME_ONLY neutral retire case=00218 pc=0x80007034 opcode=sw x4=0x8000701e
000000043 RUNTIME_ONLY neutral retire case=00218 pc=0x80007038 opcode=beq x5=0x80007013
000000044 RUNTIME_ONLY neutral retire case=00218 pc=0x8000703c opcode=csrrw x6=0x80007010
000000045 RUNTIME_ONLY neutral retire case=00218 pc=0x80007040 opcode=xor x7=0x8000706d
000000046 RUNTIME_ONLY neutral retire case=00218 pc=0x80007044 opcode=addi x8=0x8000706a
000000047 RUNTIME_ONLY neutral retire case=00218 pc=0x80007048 opcode=lw x9=0x80007067
000000048 RUNTIME_ONLY neutral retire case=00218 pc=0x8000704c opcode=sw x10=0x8000707c
000000049 RUNTIME_ONLY neutral retire case=00218 pc=0x80007050 opcode=beq x11=0x80007061
000000050 RUNTIME_ONLY neutral retire case=00218 pc=0x80007054 opcode=csrrw x12=0x80007066
000000051 RUNTIME_ONLY neutral retire case=00218 pc=0x80007058 opcode=xor x13=0x8000706b
000000052 RUNTIME_ONLY neutral retire case=00218 pc=0x8000705c opcode=addi x14=0x80007068
000000053 RUNTIME_ONLY neutral retire case=00218 pc=0x80007060 opcode=lw x15=0x80007055
000000054 RUNTIME_ONLY neutral retire case=00218 pc=0x80007064 opcode=sw x16=0x80007052
000000055 RUNTIME_ONLY neutral retire case=00218 pc=0x80007068 opcode=beq x17=0x8000705f
000000056 RUNTIME_ONLY neutral retire case=00218 pc=0x8000706c opcode=csrrw x18=0x80007054
000000057 RUNTIME_ONLY neutral retire case=00218 pc=0x80007070 opcode=xor x19=0x80007049
000000058 RUNTIME_ONLY neutral retire case=00218 pc=0x80007074 opcode=addi x20=0x8000704e
000000059 RUNTIME_ONLY neutral retire case=00218 pc=0x80007078 opcode=lw x21=0x80007043
000000060 RUNTIME_ONLY neutral retire case=00218 pc=0x8000707c opcode=sw x22=0x80007040
000000061 RUNTIME_ONLY neutral retire case=00218 pc=0x80007080 opcode=beq x23=0x800070bd
000000062 RUNTIME_ONLY neutral retire case=00218 pc=0x80007084 opcode=csrrw x24=0x800070ba
000000063 RUNTIME_ONLY neutral retire case=00218 pc=0x80007088 opcode=xor x25=0x800070b7
000000064 RUNTIME_ONLY neutral retire case=00218 pc=0x8000708c opcode=addi x26=0x800070cc
000000065 RUNTIME_ONLY neutral retire case=00218 pc=0x80007090 opcode=lw x27=0x800070d1
000000066 RUNTIME_ONLY neutral retire case=00218 pc=0x80007094 opcode=sw x28=0x800070d6
000000067 RUNTIME_ONLY neutral retire case=00218 pc=0x80007098 opcode=beq x29=0x800070db
000000068 RUNTIME_ONLY neutral retire case=00218 pc=0x8000709c opcode=csrrw x30=0x800070d8
000000069 RUNTIME_ONLY neutral retire case=00218 pc=0x800070a0 opcode=xor x31=0x800070e5
000000070 RUNTIME_ONLY neutral retire case=00218 pc=0x800070a4 opcode=addi x0=0x800070e2
000000071 RUNTIME_ONLY neutral retire case=00218 pc=0x800070a8 opcode=lw x1=0x800070ef
000000072 RUNTIME_ONLY neutral retire case=00218 pc=0x800070ac opcode=sw x2=0x800070e4
000000073 RUNTIME_ONLY neutral retire case=00218 pc=0x800070b0 opcode=beq x3=0x800070f9
