UVM_FATAL /runtime_only_unique_aajj.sv(1) @ 1: runtime_only_unique_failure_aajj normalization resistant timing marker
RUNTIME_ONLY_CASE=270 SOURCE_A=benchmark_set_2:7
Mismatch[1]:
ibex[167] : pc[80000378] mulhsu x10,x13,x11: a0:00802801
RUNTIME_ONLY_COMBINE SOURCE_B=benchmark_set_2:11
spike[186] : pc[ffffffff800002be] c.addi tp, -2: tp:fffffffe
[FAILED]: 228 matched, 7623 mismatch
000000000 RUNTIME_ONLY neutral retire case=00270 pc=0x80008a28 opcode=addi x14=0x80008a28
000000001 RUNTIME_ONLY neutral retire case=00270 pc=0x80008a2c opcode=lw x15=0x80008a2d
000000002 RUNTIME_ONLY neutral retire case=00270 pc=0x80008a30 opcode=sw x16=0x80008a32
000000003 RUNTIME_ONLY neutral retire case=00270 pc=0x80008a34 opcode=beq x17=0x80008a37
000000004 RUNTIME_ONLY neutral retire case=00270 pc=0x80008a38 opcode=csrrw x18=0x80008a3c
000000005 RUNTIME_ONLY neutral retire case=00270 pc=0x80008a3c opcode=xor x19=0x80008a39
000000006 RUNTIME_ONLY neutral retire case=00270 pc=0x80008a40 opcode=addi x20=0x80008a46
000000007 RUNTIME_ONLY neutral retire case=00270 pc=0x80008a44 opcode=lw x21=0x80008a43
000000008 RUNTIME_ONLY neutral retire case=00270 pc=0x80008a48 opcode=sw x22=0x80008a40
000000009 RUNTIME_ONLY neutral retire case=00270 pc=0x80008a4c opcode=beq x23=0x80008a45
000000010 RUNTIME_ONLY neutral retire case=00270 pc=0x80008a50 opcode=csrrw x24=0x80008a5a
000000011 RUNTIME_ONLY neutral retire case=00270 pc=0x80008a54 opcode=xor x25=0x80008a5f
000000012 RUNTIME_ONLY neutral retire case=00270 pc=0x80008a58 opcode=addi x26=0x80008a54
000000013 RUNTIME_ONLY neutral retire case=00270 pc=0x80008a5c opcode=lw x27=0x80008a51
000000014 RUNTIME_ONLY neutral retire case=00270 pc=0x80008a60 opcode=sw x28=0x80008a6e
000000015 RUNTIME_ONLY neutral retire case=00270 pc=0x80008a64 opcode=beq x29=0x80008a6b
000000016 RUNTIME_ONLY neutral retire case=00270 pc=0x80008a68 opcode=csrrw x30=0x80008a78
