UVM_FATAL /runtime_only_unique_aana.sv(1) @ 1: runtime_only_unique_failure_aana normalization resistant timing marker
RUNTIME_ONLY_CASE=365 SOURCE_A=benchmark_set_2:6
riscv_single_interrupt_test.0 : [FAILED]
RUNTIME_ONLY_COMBINE SOURCE_B=benchmark_set_2:4
riscv_single_interrupt_test.0 : [FAILED]
000000000 RUNTIME_ONLY neutral retire case=00365 pc=0x8000bac4 opcode=xor x13=0x8000bac4
000000001 RUNTIME_ONLY neutral retire case=00365 pc=0x8000bac8 opcode=addi x14=0x8000bac9
000000002 RUNTIME_ONLY neutral retire case=00365 pc=0x8000bacc opcode=lw x15=0x8000bace
000000003 RUNTIME_ONLY neutral retire case=00365 pc=0x8000bad0 opcode=sw x16=0x8000bad3
000000004 RUNTIME_ONLY neutral retire case=00365 pc=0x8000bad4 opcode=beq x17=0x8000bad0
000000005 RUNTIME_ONLY neutral retire case=00365 pc=0x8000bad8 opcode=csrrw x18=0x8000badd
000000006 RUNTIME_ONLY neutral retire case=00365 pc=0x8000badc opcode=xor x19=0x8000bada
000000007 RUNTIME_ONLY neutral retire case=00365 pc=0x8000bae0 opcode=addi x20=0x8000bae7
000000008 RUNTIME_ONLY neutral retire case=00365 pc=0x8000bae4 opcode=lw x21=0x8000baec
000000009 RUNTIME_ONLY neutral retire case=00365 pc=0x8000bae8 opcode=sw x22=0x8000bae1
000000010 RUNTIME_ONLY neutral retire case=00365 pc=0x8000baec opcode=beq x23=0x8000bae6
000000011 RUNTIME_ONLY neutral retire case=00365 pc=0x8000baf0 opcode=csrrw x24=0x8000bafb
000000012 RUNTIME_ONLY neutral retire case=00365 pc=0x8000baf4 opcode=xor x25=0x8000baf8
000000013 RUNTIME_ONLY neutral retire case=00365 pc=0x8000baf8 opcode=addi x26=0x8000baf5
000000014 RUNTIME_ONLY neutral retire case=00365 pc=0x8000bafc opcode=lw x27=0x8000baf2
