UVM_FATAL /runtime_only_unique_aabw.sv(1) @ 1: runtime_only_unique_failure_aabw normalization resistant timing marker
RUNTIME_ONLY_CASE=75 SOURCE_A=benchmark_set_2:4
riscv_single_interrupt_test.0 : [FAILED]
RUNTIME_ONLY_COMBINE SOURCE_B=benchmark_set_2:22
spike[231] : pc[ffffffff80000464] c.lui t3, 0x9: t3:00009000
[FAILED]: 377 matched, 11187 mismatch
000000000 RUNTIME_ONLY neutral retire case=00075 pc=0x80002660 opcode=beq x11=0x80002660
000000001 RUNTIME_ONLY neutral retire case=00075 pc=0x80002664 opcode=csrrw x12=0x80002665
000000002 RUNTIME_ONLY neutral retire case=00075 pc=0x80002668 opcode=xor x13=0x8000266a
000000003 RUNTIME_ONLY neutral retire case=00075 pc=0x8000266c opcode=addi x14=0x8000266f
000000004 RUNTIME_ONLY neutral retire case=00075 pc=0x80002670 opcode=lw x15=0x80002674
000000005 RUNTIME_ONLY neutral retire case=00075 pc=0x80002674 opcode=sw x16=0x80002671
000000006 RUNTIME_ONLY neutral retire case=00075 pc=0x80002678 opcode=beq x17=0x8000267e
000000007 RUNTIME_ONLY neutral retire case=00075 pc=0x8000267c opcode=csrrw x18=0x8000267b
000000008 RUNTIME_ONLY neutral retire case=00075 pc=0x80002680 opcode=xor x19=0x80002688
000000009 RUNTIME_ONLY neutral retire case=00075 pc=0x80002684 opcode=addi x20=0x8000268d
000000010 RUNTIME_ONLY neutral retire case=00075 pc=0x80002688 opcode=lw x21=0x80002682
000000011 RUNTIME_ONLY neutral retire case=00075 pc=0x8000268c opcode=sw x22=0x80002687
000000012 RUNTIME_ONLY neutral retire case=00075 pc=0x80002690 opcode=beq x23=0x8000269c
000000013 RUNTIME_ONLY neutral retire case=00075 pc=0x80002694 opcode=csrrw x24=0x80002699
000000014 RUNTIME_ONLY neutral retire case=00075 pc=0x80002698 opcode=xor x25=0x80002696
000000015 RUNTIME_ONLY neutral retire case=00075 pc=0x8000269c opcode=addi x26=0x80002693
