UVM_FATAL /runtime_only_unique_aaad.sv(1) @ 1: runtime_only_unique_failure_aaad normalization resistant timing marker
RUNTIME_ONLY_CASE=4 SOURCE_A=benchmark_set_1:4
riscv_debug_basic_test.0 : [FAILED]
RUNTIME_ONLY_COMBINE SOURCE_B=benchmark_set_1:3
riscv_multiple_interrupt_test.0 : [FAILED]
000000000 RUNTIME_ONLY neutral retire case=00004 pc=0x8000020c opcode=csrrw x4=0x8000020c
000000001 RUNTIME_ONLY neutral retire case=00004 pc=0x80000210 opcode=xor x5=0x80000211
000000002 RUNTIME_ONLY neutral retire case=00004 pc=0x80000214 opcode=addi x6=0x80000216
000000003 RUNTIME_ONLY neutral retire case=00004 pc=0x80000218 opcode=lw x7=0x8000021b
000000004 RUNTIME_ONLY neutral retire case=00004 pc=0x8000021c opcode=sw x8=0x80000218
000000005 RUNTIME_ONLY neutral retire case=00004 pc=0x80000220 opcode=beq x9=0x80000225
000000006 RUNTIME_ONLY neutral retire case=00004 pc=0x80000224 opcode=csrrw x10=0x80000222
000000007 RUNTIME_ONLY neutral retire case=00004 pc=0x80000228 opcode=xor x11=0x8000022f
000000008 RUNTIME_ONLY neutral retire case=00004 pc=0x8000022c opcode=addi x12=0x80000224
000000009 RUNTIME_ONLY neutral retire case=00004 pc=0x80000230 opcode=lw x13=0x80000239
000000010 RUNTIME_ONLY neutral retire case=00004 pc=0x80000234 opcode=sw x14=0x8000023e
000000011 RUNTIME_ONLY neutral retire case=00004 pc=0x80000238 opcode=beq x15=0x80000233
000000012 RUNTIME_ONLY neutral retire case=00004 pc=0x8000023c opcode=csrrw x16=0x80000230
000000013 RUNTIME_ONLY neutral retire case=00004 pc=0x80000240 opcode=xor x17=0x8000024d
000000014 RUNTIME_ONLY neutral retire case=00004 pc=0x80000244 opcode=addi x18=0x8000024a
000000015 RUNTIME_ONLY neutral retire case=00004 pc=0x80000248 opcode=lw x19=0x80000247
000000016 RUNTIME_ONLY neutral retire case=00004 pc=0x8000024c opcode=sw x20=0x8000025c
000000017 RUNTIME_ONLY neutral retire case=00004 pc=0x80000250 opcode=beq x21=0x80000241
000000018 RUNTIME_ONLY neutral retire case=00004 pc=0x80000254 opcode=csrrw x22=0x80000246
000000019 RUNTIME_ONLY neutral retire case=00004 pc=0x80000258 opcode=xor x23=0x8000024b
000000020 RUNTIME_ONLY neutral retire case=00004 pc=0x8000025c opcode=addi x24=0x80000248
000000021 RUNTIME_ONLY neutral retire case=00004 pc=0x80000260 opcode=lw x25=0x80000275
000000022 RUNTIME_ONLY neutral retire case=00004 pc=0x80000264 opcode=sw x26=0x80000272
000000023 RUNTIME_ONLY neutral retire case=00004 pc=0x80000268 opcode=beq x27=0x8000027f
000000024 RUNTIME_ONLY neutral retire case=00004 pc=0x8000026c opcode=csrrw x28=0x80000274
000000025 RUNTIME_ONLY neutral retire case=00004 pc=0x80000270 opcode=xor x29=0x80000269
000000026 RUNTIME_ONLY neutral retire case=00004 pc=0x80000274 opcode=addi x30=0x8000026e
000000027 RUNTIME_ONLY neutral retire case=00004 pc=0x80000278 opcode=lw x31=0x80000263
000000028 RUNTIME_ONLY neutral retire case=00004 pc=0x8000027c opcode=sw x0=0x80000260
000000029 RUNTIME_ONLY neutral retire case=00004 pc=0x80000280 opcode=beq x1=0x8000029d
000000030 RUNTIME_ONLY neutral retire case=00004 pc=0x80000284 opcode=csrrw x2=0x8000029a
000000031 RUNTIME_ONLY neutral retire case=00004 pc=0x80000288 opcode=xor x3=0x80000297
000000032 RUNTIME_ONLY neutral retire case=00004 pc=0x8000028c opcode=addi x4=0x800002ac
000000033 RUNTIME_ONLY neutral retire case=00004 pc=0x80000290 opcode=lw x5=0x800002b1
000000034 RUNTIME_ONLY neutral retire case=00004 pc=0x80000294 opcode=sw x6=0x800002b6
000000035 RUNTIME_ONLY neutral retire case=00004 pc=0x80000298 opcode=beq x7=0x800002bb
000000036 RUNTIME_ONLY neutral retire case=00004 pc=0x8000029c opcode=csrrw x8=0x800002b8
000000037 RUNTIME_ONLY neutral retire case=00004 pc=0x800002a0 opcode=xor x9=0x80000285
000000038 RUNTIME_ONLY neutral retire case=00004 pc=0x800002a4 opcode=addi x10=0x80000282
000000039 RUNTIME_ONLY neutral retire case=00004 pc=0x800002a8 opcode=lw x11=0x8000028f
000000040 RUNTIME_ONLY neutral retire case=00004 pc=0x800002ac opcode=sw x12=0x80000284
000000041 RUNTIME_ONLY neutral retire case=00004 pc=0x800002b0 opcode=beq x13=0x80000299
000000042 RUNTIME_ONLY neutral retire case=00004 pc=0x800002b4 opcode=csrrw x14=0x8000029e
000000043 RUNTIME_ONLY neutral retire case=00004 pc=0x800002b8 opcode=xor x15=0x80000293
000000044 RUNTIME_ONLY neutral retire case=00004 pc=0x800002bc opcode=addi x16=0x80000290
000000045 RUNTIME_ONLY neutral retire case=00004 pc=0x800002c0 opcode=lw x17=0x800002ed
000000046 RUNTIME_ONLY neutral retire case=00004 pc=0x800002c4 opcode=sw x18=0x800002ea
000000047 RUNTIME_ONLY neutral retire case=00004 pc=0x800002c8 opcode=beq x19=0x800002e7
000000048 RUNTIME_ONLY neutral retire case=00004 pc=0x800002cc opcode=csrrw x20=0x800002fc
000000049 RUNTIME_ONLY neutral retire case=00004 pc=0x800002d0 opcode=xor x21=0x800002e1
000000050 RUNTIME_ONLY neutral retire case=00004 pc=0x800002d4 opcode=addi x22=0x800002e6
000000051 RUNTIME_ONLY neutral retire case=00004 pc=0x800002d8 opcode=lw x23=0x800002eb
000000052 RUNTIME_ONLY neutral retire case=00004 pc=0x800002dc opcode=sw x24=0x800002e8
000000053 RUNTIME_ONLY neutral retire case=00004 pc=0x800002e0 opcode=beq x25=0x800002d5
000000054 RUNTIME_ONLY neutral retire case=00004 pc=0x800002e4 opcode=csrrw x26=0x800002d2
000000055 RUNTIME_ONLY neutral retire case=00004 pc=0x800002e8 opcode=xor x27=0x800002df
000000056 RUNTIME_ONLY neutral retire case=00004 pc=0x800002ec opcode=addi x28=0x800002d4
000000057 RUNTIME_ONLY neutral retire case=00004 pc=0x800002f0 opcode=lw x29=0x800002c9
000000058 RUNTIME_ONLY neutral retire case=00004 pc=0x800002f4 opcode=sw x30=0x800002ce
000000059 RUNTIME_ONLY neutral retire case=00004 pc=0x800002f8 opcode=beq x31=0x800002c3
000000060 RUNTIME_ONLY neutral retire case=00004 pc=0x800002fc opcode=csrrw x0=0x800002c0
000000061 RUNTIME_ONLY neutral retire case=00004 pc=0x80000300 opcode=xor x1=0x8000033d
000000062 RUNTIME_ONLY neutral retire case=00004 pc=0x80000304 opcode=addi x2=0x8000033a
000000063 RUNTIME_ONLY neutral retire case=00004 pc=0x80000308 opcode=lw x3=0x80000337
000000064 RUNTIME_ONLY neutral retire case=00004 pc=0x8000030c opcode=sw x4=0x8000034c
000000065 RUNTIME_ONLY neutral retire case=00004 pc=0x80000310 opcode=beq x5=0x80000351
000000066 RUNTIME_ONLY neutral retire case=00004 pc=0x80000314 opcode=csrrw x6=0x80000356
000000067 RUNTIME_ONLY neutral retire case=00004 pc=0x80000318 opcode=xor x7=0x8000035b
000000068 RUNTIME_ONLY neutral retire case=00004 pc=0x8000031c opcode=addi x8=0x80000358
000000069 RUNTIME_ONLY neutral retire case=00004 pc=0x80000320 opcode=lw x9=0x80000365
000000070 RUNTIME_ONLY neutral retire case=00004 pc=0x80000324 opcode=sw x10=0x80000362
000000071 RUNTIME_ONLY neutral retire case=00004 pc=0x80000328 opcode=beq x11=0x8000036f
000000072 RUNTIME_ONLY neutral retire case=00004 pc=0x8000032c opcode=csrrw x12=0x80000364
000000073 RUNTIME_ONLY neutral retire case=00004 pc=0x80000330 opcode=xor x13=0x80000379
000000074 RUNTIME_ONLY neutral retire case=00004 pc=0x80000334 opcode=addi x14=0x8000037e
000000075 RUNTIME_ONLY neutral retire case=00004 pc=0x80000338 opcode=lw x15=0x80000373
000000076 RUNTIME_ONLY neutral retire case=00004 pc=0x8000033c opcode=sw x16=0x80000370
000000077 RUNTIME_ONLY neutral retire case=00004 pc=0x80000340 opcode=beq x17=0x8000030d
000000078 RUNTIME_ONLY neutral retire case=00004 pc=0x80000344 opcode=csrrw x18=0x8000030a
000000079 RUNTIME_ONLY neutral retire case=00004 pc=0x80000348 opcode=xor x19=0x80000307
000000080 RUNTIME_ONLY neutral retire case=00004 pc=0x8000034c opcode=addi x20=0x8000031c
000000081 RUNTIME_ONLY neutral retire case=00004 pc=0x80000350 opcode=lw x21=0x80000301
000000082 RUNTIME_ONLY neutral retire case=00004 pc=0x80000354 opcode=sw x22=0x80000306
000000083 RUNTIME_ONLY neutral retire case=00004 pc=0x80000358 opcode=beq x23=0x8000030b
000000084 RUNTIME_ONLY neutral retire case=00004 pc=0x8000035c opcode=csrrw x24=0x80000308
000000085 RUNTIME_ONLY neutral retire case=00004 pc=0x80000360 opcode=xor x25=0x80000335
000000086 RUNTIME_ONLY neutral retire case=00004 pc=0x80000364 opcode=addi x26=0x80000332
000000087 RUNTIME_ONLY neutral retire case=00004 pc=0x80000368 opcode=lw x27=0x8000033f
000000088 RUNTIME_ONLY neutral retire case=00004 pc=0x8000036c opcode=sw x28=0x80000334
000000089 RUNTIME_ONLY neutral retire case=00004 pc=0x80000370 opcode=beq x29=0x80000329
000000090 RUNTIME_ONLY neutral retire case=00004 pc=0x80000374 opcode=csrrw x30=0x8000032e
000000091 RUNTIME_ONLY neutral retire case=00004 pc=0x80000378 opcode=xor x31=0x80000323
000000092 RUNTIME_ONLY neutral retire case=00004 pc=0x8000037c opcode=addi x0=0x80000320
000000093 RUNTIME_ONLY neutral retire case=00004 pc=0x80000380 opcode=lw x1=0x800003dd
000000094 RUNTIME_ONLY neutral retire case=00004 pc=0x80000384 opcode=sw x2=0x800003da
000000095 RUNTIME_ONLY neutral retire case=00004 pc=0x80000388 opcode=beq x3=0x800003d7
000000096 RUNTIME_ONLY neutral retire case=00004 pc=0x8000038c opcode=csrrw x4=0x800003ec
000000097 RUNTIME_ONLY neutral retire case=00004 pc=0x80000390 opcode=xor x5=0x800003f1
000000098 RUNTIME_ONLY neutral retire case=00004 pc=0x80000394 opcode=addi x6=0x800003f6
000000099 RUNTIME_ONLY neutral retire case=00004 pc=0x80000398 opcode=lw x7=0x800003fb
000000100 RUNTIME_ONLY neutral retire case=00004 pc=0x8000039c opcode=sw x8=0x800003f8
000000101 RUNTIME_ONLY neutral retire case=00004 pc=0x800003a0 opcode=beq x9=0x800003c5
000000102 RUNTIME_ONLY neutral retire case=00004 pc=0x800003a4 opcode=csrrw x10=0x800003c2
000000103 RUNTIME_ONLY neutral retire case=00004 pc=0x800003a8 opcode=xor x11=0x800003cf
000000104 RUNTIME_ONLY neutral retire case=00004 pc=0x800003ac opcode=addi x12=0x800003c4
000000105 RUNTIME_ONLY neutral retire case=00004 pc=0x800003b0 opcode=lw x13=0x800003d9
000000106 RUNTIME_ONLY neutral retire case=00004 pc=0x800003b4 opcode=sw x14=0x800003de
000000107 RUNTIME_ONLY neutral retire case=00004 pc=0x800003b8 opcode=beq x15=0x800003d3
000000108 RUNTIME_ONLY neutral retire case=00004 pc=0x800003bc opcode=csrrw x16=0x800003d0
000000109 RUNTIME_ONLY neutral retire case=00004 pc=0x800003c0 opcode=xor x17=0x800003ad
000000110 RUNTIME_ONLY neutral retire case=00004 pc=0x800003c4 opcode=addi x18=0x800003aa
000000111 RUNTIME_ONLY neutral retire case=00004 pc=0x800003c8 opcode=lw x19=0x800003a7
000000112 RUNTIME_ONLY neutral retire case=00004 pc=0x800003cc opcode=sw x20=0x800003bc
000000113 RUNTIME_ONLY neutral retire case=00004 pc=0x800003d0 opcode=beq x21=0x800003a1
000000114 RUNTIME_ONLY neutral retire case=00004 pc=0x800003d4 opcode=csrrw x22=0x800003a6
000000115 RUNTIME_ONLY neutral retire case=00004 pc=0x800003d8 opcode=xor x23=0x800003ab
000000116 RUNTIME_ONLY neutral retire case=00004 pc=0x800003dc opcode=addi x24=0x800003a8
000000117 RUNTIME_ONLY neutral retire case=00004 pc=0x800003e0 opcode=lw x25=0x80000395
000000118 RUNTIME_ONLY neutral retire case=00004 pc=0x800003e4 opcode=sw x26=0x80000392
000000119 RUNTIME_ONLY neutral retire case=00004 pc=0x800003e8 opcode=beq x27=0x8000039f
000000120 RUNTIME_ONLY neutral retire case=00004 pc=0x800003ec opcode=csrrw x28=0x80000394
000000121 RUNTIME_ONLY neutral retire case=00004 pc=0x800003f0 opcode=xor x29=0x80000389
000000122 RUNTIME_ONLY neutral retire case=00004 pc=0x800003f4 opcode=addi x30=0x8000038e
000000123 RUNTIME_ONLY neutral retire case=00004 pc=0x800003f8 opcode=lw x31=0x80000383
000000124 RUNTIME_ONLY neutral retire case=00004 pc=0x800003fc opcode=sw x0=0x80000380
000000125 RUNTIME_ONLY neutral retire case=00004 pc=0x80000400 opcode=beq x1=0x8000047d
000000126 RUNTIME_ONLY neutral retire case=00004 pc=0x80000404 opcode=csrrw x2=0x8000047a
000000127 RUNTIME_ONLY neutral retire case=00004 pc=0x80000408 opcode=xor x3=0x80000477
000000128 RUNTIME_ONLY neutral retire case=00004 pc=0x8000040c opcode=addi x4=0x8000048c
000000129 RUNTIME_ONLY neutral retire case=00004 pc=0x80000410 opcode=lw x5=0x80000491
000000130 RUNTIME_ONLY neutral retire case=00004 pc=0x80000414 opcode=sw x6=0x80000496
000000131 RUNTIME_ONLY neutral retire case=00004 pc=0x80000418 opcode=beq x7=0x8000049b
000000132 RUNTIME_ONLY neutral retire case=00004 pc=0x8000041c opcode=csrrw x8=0x80000498
000000133 RUNTIME_ONLY neutral retire case=00004 pc=0x80000420 opcode=xor x9=0x800004a5
000000134 RUNTIME_ONLY neutral retire case=00004 pc=0x80000424 opcode=addi x10=0x800004a2
000000135 RUNTIME_ONLY neutral retire case=00004 pc=0x80000428 opcode=lw x11=0x800004af
000000136 RUNTIME_ONLY neutral retire case=00004 pc=0x8000042c opcode=sw x12=0x800004a4
000000137 RUNTIME_ONLY neutral retire case=00004 pc=0x80000430 opcode=beq x13=0x800004b9
000000138 RUNTIME_ONLY neutral retire case=00004 pc=0x80000434 opcode=csrrw x14=0x800004be
000000139 RUNTIME_ONLY neutral retire case=00004 pc=0x80000438 opcode=xor x15=0x800004b3
000000140 RUNTIME_ONLY neutral retire case=00004 pc=0x8000043c opcode=addi x16=0x800004b0
000000141 RUNTIME_ONLY neutral retire case=00004 pc=0x80000440 opcode=lw x17=0x800004cd
000000142 RUNTIME_ONLY neutral retire case=00004 pc=0x80000444 opcode=sw x18=0x800004ca
000000143 RUNTIME_ONLY neutral retire case=00004 pc=0x80000448 opcode=beq x19=0x800004c7
000000144 RUNTIME_ONLY neutral retire case=00004 pc=0x8000044c opcode=csrrw x20=0x800004dc
000000145 RUNTIME_ONLY neutral retire case=00004 pc=0x80000450 opcode=xor x21=0x800004c1
000000146 RUNTIME_ONLY neutral retire case=00004 pc=0x80000454 opcode=addi x22=0x800004c6
000000147 RUNTIME_ONLY neutral retire case=00004 pc=0x80000458 opcode=lw x23=0x800004cb
000000148 RUNTIME_ONLY neutral retire case=00004 pc=0x8000045c opcode=sw x24=0x800004c8
000000149 RUNTIME_ONLY neutral retire case=00004 pc=0x80000460 opcode=beq x25=0x800004f5
000000150 RUNTIME_ONLY neutral retire case=00004 pc=0x80000464 opcode=csrrw x26=0x800004f2
000000151 RUNTIME_ONLY neutral retire case=00004 pc=0x80000468 opcode=xor x27=0x800004ff
000000152 RUNTIME_ONLY neutral retire case=00004 pc=0x8000046c opcode=addi x28=0x800004f4
000000153 RUNTIME_ONLY neutral retire case=00004 pc=0x80000470 opcode=lw x29=0x800004e9
000000154 RUNTIME_ONLY neutral retire case=00004 pc=0x80000474 opcode=sw x30=0x800004ee
000000155 RUNTIME_ONLY neutral retire case=00004 pc=0x80000478 opcode=beq x31=0x800004e3
000000156 RUNTIME_ONLY neutral retire case=00004 pc=0x8000047c opcode=csrrw x0=0x800004e0
000000157 RUNTIME_ONLY neutral retire case=00004 pc=0x80000480 opcode=xor x1=0x8000041d
000000158 RUNTIME_ONLY neutral retire case=00004 pc=0x80000484 opcode=addi x2=0x8000041a
000000159 RUNTIME_ONLY neutral retire case=00004 pc=0x80000488 opcode=lw x3=0x80000417
000000160 RUNTIME_ONLY neutral retire case=00004 pc=0x8000048c opcode=sw x4=0x8000042c
000000161 RUNTIME_ONLY neutral retire case=00004 pc=0x80000490 opcode=beq x5=0x80000431
000000162 RUNTIME_ONLY neutral retire case=00004 pc=0x80000494 opcode=csrrw x6=0x80000436
000000163 RUNTIME_ONLY neutral retire case=00004 pc=0x80000498 opcode=xor x7=0x8000043b
000000164 RUNTIME_ONLY neutral retire case=00004 pc=0x8000049c opcode=addi x8=0x80000438
000000165 RUNTIME_ONLY neutral retire case=00004 pc=0x800004a0 opcode=lw x9=0x80000405
000000166 RUNTIME_ONLY neutral retire case=00004 pc=0x800004a4 opcode=sw x10=0x80000402
000000167 RUNTIME_ONLY neutral retire case=00004 pc=0x800004a8 opcode=beq x11=0x8000040f
000000168 RUNTIME_ONLY neutral retire case=00004 pc=0x800004ac opcode=csrrw x12=0x80000404
000000169 RUNTIME_ONLY neutral retire case=00004 pc=0x800004b0 opcode=xor x13=0x80000419
000000170 RUNTIME_ONLY neutral retire case=00004 pc=0x800004b4 opcode=addi x14=0x8000041e
000000171 RUNTIME_ONLY neutral retire case=00004 pc=0x800004b8 opcode=lw x15=0x80000413
000000172 RUNTIME_ONLY neutral retire case=00004 pc=0x800004bc opcode=sw x16=0x80000410
000000173 RUNTIME_ONLY neutral retire case=00004 pc=0x800004c0 opcode=beq x17=0x8000046d
000000174 RUNTIME_ONLY neutral retire case=00004 pc=0x800004c4 opcode=csrrw x18=0x8000046a
000000175 RUNTIME_ONLY neutral retire case=00004 pc=0x800004c8 opcode=xor x19=0x80000467
000000176 RUNTIME_ONLY neutral retire case=00004 pc=0x800004cc opcode=addi x20=0x8000047c
000000177 RUNTIME_ONLY neutral retire case=00004 pc=0x800004d0 opcode=lw x21=0x80000461
000000178 RUNTIME_ONLY neutral retire case=00004 pc=0x800004d4 opcode=sw x22=0x80000466
000000179 RUNTIME_ONLY neutral retire case=00004 pc=0x800004d8 opcode=beq x23=0x8000046b
000000180 RUNTIME_ONLY neutral retire case=00004 pc=0x800004dc opcode=csrrw x24=0x80000468
000000181 RUNTIME_ONLY neutral retire case=00004 pc=0x800004e0 opcode=xor x25=0x80000455
000000182 RUNTIME_ONLY neutral retire case=00004 pc=0x800004e4 opcode=addi x26=0x80000452
000000183 RUNTIME_ONLY neutral retire case=00004 pc=0x800004e8 opcode=lw x27=0x8000045f
000000184 RUNTIME_ONLY neutral retire case=00004 pc=0x800004ec opcode=sw x28=0x80000454
000000185 RUNTIME_ONLY neutral retire case=00004 pc=0x800004f0 opcode=beq x29=0x80000449
000000186 RUNTIME_ONLY neutral retire case=00004 pc=0x800004f4 opcode=csrrw x30=0x8000044e
000000187 RUNTIME_ONLY neutral retire case=00004 pc=0x800004f8 opcode=xor x31=0x80000443
000000188 RUNTIME_ONLY neutral retire case=00004 pc=0x800004fc opcode=addi x0=0x80000440
000000189 RUNTIME_ONLY neutral retire case=00004 pc=0x80000500 opcode=lw x1=0x800005bd
000000190 RUNTIME_ONLY neutral retire case=00004 pc=0x80000504 opcode=sw x2=0x800005ba
000000191 RUNTIME_ONLY neutral retire case=00004 pc=0x80000508 opcode=beq x3=0x800005b7
000000192 RUNTIME_ONLY neutral retire case=00004 pc=0x8000050c opcode=csrrw x4=0x800005cc
000000193 RUNTIME_ONLY neutral retire case=00004 pc=0x80000510 opcode=xor x5=0x800005d1
000000194 RUNTIME_ONLY neutral retire case=00004 pc=0x80000514 opcode=addi x6=0x800005d6
000000195 RUNTIME_ONLY neutral retire case=00004 pc=0x80000518 opcode=lw x7=0x800005db
000000196 RUNTIME_ONLY neutral retire case=00004 pc=0x8000051c opcode=sw x8=0x800005d8
000000197 RUNTIME_ONLY neutral retire case=00004 pc=0x80000520 opcode=beq x9=0x800005e5
000000198 RUNTIME_ONLY neutral retire case=00004 pc=0x80000524 opcode=csrrw x10=0x800005e2
000000199 RUNTIME_ONLY neutral retire case=00004 pc=0x80000528 opcode=xor x11=0x800005ef
000000200 RUNTIME_ONLY neutral retire case=00004 pc=0x8000052c opcode=addi x12=0x800005e4
000000201 RUNTIME_ONLY neutral retire case=00004 pc=0x80000530 opcode=lw x13=0x800005f9
000000202 RUNTIME_ONLY neutral retire case=00004 pc=0x80000534 opcode=sw x14=0x800005fe
000000203 RUNTIME_ONLY neutral retire case=00004 pc=0x80000538 opcode=beq x15=0x800005f3
000000204 RUNTIME_ONLY neutral retire case=00004 pc=0x8000053c opcode=csrrw x16=0x800005f0
000000205 RUNTIME_ONLY neutral retire case=00004 pc=0x80000540 opcode=xor x17=0x8000058d
000000206 RUNTIME_ONLY neutral retire case=00004 pc=0x80000544 opcode=addi x18=0x8000058a
000000207 RUNTIME_ONLY neutral retire case=00004 pc=0x80000548 opcode=lw x19=0x80000587
000000208 RUNTIME_ONLY neutral retire case=00004 pc=0x8000054c opcode=sw x20=0x8000059c
000000209 RUNTIME_ONLY neutral retire case=00004 pc=0x80000550 opcode=beq x21=0x80000581
000000210 RUNTIME_ONLY neutral retire case=00004 pc=0x80000554 opcode=csrrw x22=0x80000586
000000211 RUNTIME_ONLY neutral retire case=00004 pc=0x80000558 opcode=xor x23=0x8000058b
000000212 RUNTIME_ONLY neutral retire case=00004 pc=0x8000055c opcode=addi x24=0x80000588
000000213 RUNTIME_ONLY neutral retire case=00004 pc=0x80000560 opcode=lw x25=0x800005b5
000000214 RUNTIME_ONLY neutral retire case=00004 pc=0x80000564 opcode=sw x26=0x800005b2
000000215 RUNTIME_ONLY neutral retire case=00004 pc=0x80000568 opcode=beq x27=0x800005bf
000000216 RUNTIME_ONLY neutral retire case=00004 pc=0x8000056c opcode=csrrw x28=0x800005b4
000000217 RUNTIME_ONLY neutral retire case=00004 pc=0x80000570 opcode=xor x29=0x800005a9
000000218 RUNTIME_ONLY neutral retire case=00004 pc=0x80000574 opcode=addi x30=0x800005ae
000000219 RUNTIME_ONLY neutral retire case=00004 pc=0x80000578 opcode=lw x31=0x800005a3
000000220 RUNTIME_ONLY neutral retire case=00004 pc=0x8000057c opcode=sw x0=0x800005a0
000000221 RUNTIME_ONLY neutral retire case=00004 pc=0x80000580 opcode=beq x1=0x8000055d
000000222 RUNTIME_ONLY neutral retire case=00004 pc=0x80000584 opcode=csrrw x2=0x8000055a
000000223 RUNTIME_ONLY neutral retire case=00004 pc=0x80000588 opcode=xor x3=0x80000557
000000224 RUNTIME_ONLY neutral retire case=00004 pc=0x8000058c opcode=addi x4=0x8000056c
000000225 RUNTIME_ONLY neutral retire case=00004 pc=0x80000590 opcode=lw x5=0x80000571
000000226 RUNTIME_ONLY neutral retire case=00004 pc=0x80000594 opcode=sw x6=0x80000576
000000227 RUNTIME_ONLY neutral retire case=00004 pc=0x80000598 opcode=beq x7=0x8000057b
000000228 RUNTIME_ONLY neutral retire case=00004 pc=0x8000059c opcode=csrrw x8=0x80000578
000000229 RUNTIME_ONLY neutral retire case=00004 pc=0x800005a0 opcode=xor x9=0x80000545
000000230 RUNTIME_ONLY neutral retire case=00004 pc=0x800005a4 opcode=addi x10=0x80000542
000000231 RUNTIME_ONLY neutral retire case=00004 pc=0x800005a8 opcode=lw x11=0x8000054f
000000232 RUNTIME_ONLY neutral retire case=00004 pc=0x800005ac opcode=sw x12=0x80000544
000000233 RUNTIME_ONLY neutral retire case=00004 pc=0x800005b0 opcode=beq x13=0x80000559
000000234 RUNTIME_ONLY neutral retire case=00004 pc=0x800005b4 opcode=csrrw x14=0x8000055e
000000235 RUNTIME_ONLY neutral retire case=00004 pc=0x800005b8 opcode=xor x15=0x80000553
000000236 RUNTIME_ONLY neutral retire case=00004 pc=0x800005bc opcode=addi x16=0x80000550
000000237 RUNTIME_ONLY neutral retire case=00004 pc=0x800005c0 opcode=lw x17=0x8000052d
000000238 RUNTIME_ONLY neutral retire case=00004 pc=0x800005c4 opcode=sw x18=0x8000052a
000000239 RUNTIME_ONLY neutral retire case=00004 pc=0x800005c8 opcode=beq x19=0x80000527
000000240 RUNTIME_ONLY neutral retire case=00004 pc=0x800005cc opcode=csrrw x20=0x8000053c
000000241 RUNTIME_ONLY neutral retire case=00004 pc=0x800005d0 opcode=xor x21=0x80000521
000000242 RUNTIME_ONLY neutral retire case=00004 pc=0x800005d4 opcode=addi x22=0x80000526
000000243 RUNTIME_ONLY neutral retire case=00004 pc=0x800005d8 opcode=lw x23=0x8000052b
000000244 RUNTIME_ONLY neutral retire case=00004 pc=0x800005dc opcode=sw x24=0x80000528
000000245 RUNTIME_ONLY neutral retire case=00004 pc=0x800005e0 opcode=beq x25=0x80000515
000000246 RUNTIME_ONLY neutral retire case=00004 pc=0x800005e4 opcode=csrrw x26=0x80000512
000000247 RUNTIME_ONLY neutral retire case=00004 pc=0x800005e8 opcode=xor x27=0x8000051f
000000248 RUNTIME_ONLY neutral retire case=00004 pc=0x800005ec opcode=addi x28=0x80000514
000000249 RUNTIME_ONLY neutral retire case=00004 pc=0x800005f0 opcode=lw x29=0x80000509
000000250 RUNTIME_ONLY neutral retire case=00004 pc=0x800005f4 opcode=sw x30=0x8000050e
000000251 RUNTIME_ONLY neutral retire case=00004 pc=0x800005f8 opcode=beq x31=0x80000503
000000252 RUNTIME_ONLY neutral retire case=00004 pc=0x800005fc opcode=csrrw x0=0x80000500
000000253 RUNTIME_ONLY neutral retire case=00004 pc=0x80000600 opcode=xor x1=0x800006fd
000000254 RUNTIME_ONLY neutral retire case=00004 pc=0x80000604 opcode=addi x2=0x800006fa
000000255 RUNTIME_ONLY neutral retire case=00004 pc=0x80000608 opcode=lw x3=0x800006f7
000000256 RUNTIME_ONLY neutral retire case=00004 pc=0x8000060c opcode=sw x4=0x8000070c
000000257 RUNTIME_ONLY neutral retire case=00004 pc=0x80000610 opcode=beq x5=0x80000711
000000258 RUNTIME_ONLY neutral retire case=00004 pc=0x80000614 opcode=csrrw x6=0x80000716
000000259 RUNTIME_ONLY neutral retire case=00004 pc=0x80000618 opcode=xor x7=0x8000071b
000000260 RUNTIME_ONLY neutral retire case=00004 pc=0x8000061c opcode=addi x8=0x80000718
000000261 RUNTIME_ONLY neutral retire case=00004 pc=0x80000620 opcode=lw x9=0x80000725
000000262 RUNTIME_ONLY neutral retire case=00004 pc=0x80000624 opcode=sw x10=0x80000722
000000263 RUNTIME_ONLY neutral retire case=00004 pc=0x80000628 opcode=beq x11=0x8000072f
000000264 RUNTIME_ONLY neutral retire case=00004 pc=0x8000062c opcode=csrrw x12=0x80000724
000000265 RUNTIME_ONLY neutral retire case=00004 pc=0x80000630 opcode=xor x13=0x80000739
000000266 RUNTIME_ONLY neutral retire case=00004 pc=0x80000634 opcode=addi x14=0x8000073e
000000267 RUNTIME_ONLY neutral retire case=00004 pc=0x80000638 opcode=lw x15=0x80000733
000000268 RUNTIME_ONLY neutral retire case=00004 pc=0x8000063c opcode=sw x16=0x80000730
000000269 RUNTIME_ONLY neutral retire case=00004 pc=0x80000640 opcode=beq x17=0x8000074d
000000270 RUNTIME_ONLY neutral retire case=00004 pc=0x80000644 opcode=csrrw x18=0x8000074a
000000271 RUNTIME_ONLY neutral retire case=00004 pc=0x80000648 opcode=xor x19=0x80000747
000000272 RUNTIME_ONLY neutral retire case=00004 pc=0x8000064c opcode=addi x20=0x8000075c
000000273 RUNTIME_ONLY neutral retire case=00004 pc=0x80000650 opcode=lw x21=0x80000741
000000274 RUNTIME_ONLY neutral retire case=00004 pc=0x80000654 opcode=sw x22=0x80000746
000000275 RUNTIME_ONLY neutral retire case=00004 pc=0x80000658 opcode=beq x23=0x8000074b
000000276 RUNTIME_ONLY neutral retire case=00004 pc=0x8000065c opcode=csrrw x24=0x80000748
000000277 RUNTIME_ONLY neutral retire case=00004 pc=0x80000660 opcode=xor x25=0x80000775
000000278 RUNTIME_ONLY neutral retire case=00004 pc=0x80000664 opcode=addi x26=0x80000772
000000279 RUNTIME_ONLY neutral retire case=00004 pc=0x80000668 opcode=lw x27=0x8000077f
000000280 RUNTIME_ONLY neutral retire case=00004 pc=0x8000066c opcode=sw x28=0x80000774
000000281 RUNTIME_ONLY neutral retire case=00004 pc=0x80000670 opcode=beq x29=0x80000769
000000282 RUNTIME_ONLY neutral retire case=00004 pc=0x80000674 opcode=csrrw x30=0x8000076e
000000283 RUNTIME_ONLY neutral retire case=00004 pc=0x80000678 opcode=xor x31=0x80000763
000000284 RUNTIME_ONLY neutral retire case=00004 pc=0x8000067c opcode=addi x0=0x80000760
000000285 RUNTIME_ONLY neutral retire case=00004 pc=0x80000680 opcode=lw x1=0x8000079d
000000286 RUNTIME_ONLY neutral retire case=00004 pc=0x80000684 opcode=sw x2=0x8000079a
000000287 RUNTIME_ONLY neutral retire case=00004 pc=0x80000688 opcode=beq x3=0x80000797
000000288 RUNTIME_ONLY neutral retire case=00004 pc=0x8000068c opcode=csrrw x4=0x800007ac
000000289 RUNTIME_ONLY neutral retire case=00004 pc=0x80000690 opcode=xor x5=0x800007b1
000000290 RUNTIME_ONLY neutral retire case=00004 pc=0x80000694 opcode=addi x6=0x800007b6
000000291 RUNTIME_ONLY neutral retire case=00004 pc=0x80000698 opcode=lw x7=0x800007bb
000000292 RUNTIME_ONLY neutral retire case=00004 pc=0x8000069c opcode=sw x8=0x800007b8
000000293 RUNTIME_ONLY neutral retire case=00004 pc=0x800006a0 opcode=beq x9=0x80000785
000000294 RUNTIME_ONLY neutral retire case=00004 pc=0x800006a4 opcode=csrrw x10=0x80000782
000000295 RUNTIME_ONLY neutral retire case=00004 pc=0x800006a8 opcode=xor x11=0x8000078f
000000296 RUNTIME_ONLY neutral retire case=00004 pc=0x800006ac opcode=addi x12=0x80000784
000000297 RUNTIME_ONLY neutral retire case=00004 pc=0x800006b0 opcode=lw x13=0x80000799
000000298 RUNTIME_ONLY neutral retire case=00004 pc=0x800006b4 opcode=sw x14=0x8000079e
000000299 RUNTIME_ONLY neutral retire case=00004 pc=0x800006b8 opcode=beq x15=0x80000793
000000300 RUNTIME_ONLY neutral retire case=00004 pc=0x800006bc opcode=csrrw x16=0x80000790
000000301 RUNTIME_ONLY neutral retire case=00004 pc=0x800006c0 opcode=xor x17=0x800007ed
000000302 RUNTIME_ONLY neutral retire case=00004 pc=0x800006c4 opcode=addi x18=0x800007ea
000000303 RUNTIME_ONLY neutral retire case=00004 pc=0x800006c8 opcode=lw x19=0x800007e7
000000304 RUNTIME_ONLY neutral retire case=00004 pc=0x800006cc opcode=sw x20=0x800007fc
000000305 RUNTIME_ONLY neutral retire case=00004 pc=0x800006d0 opcode=beq x21=0x800007e1
000000306 RUNTIME_ONLY neutral retire case=00004 pc=0x800006d4 opcode=csrrw x22=0x800007e6
000000307 RUNTIME_ONLY neutral retire case=00004 pc=0x800006d8 opcode=xor x23=0x800007eb
000000308 RUNTIME_ONLY neutral retire case=00004 pc=0x800006dc opcode=addi x24=0x800007e8
000000309 RUNTIME_ONLY neutral retire case=00004 pc=0x800006e0 opcode=lw x25=0x800007d5
000000310 RUNTIME_ONLY neutral retire case=00004 pc=0x800006e4 opcode=sw x26=0x800007d2
000000311 RUNTIME_ONLY neutral retire case=00004 pc=0x800006e8 opcode=beq x27=0x800007df
000000312 RUNTIME_ONLY neutral retire case=00004 pc=0x800006ec opcode=csrrw x28=0x800007d4
000000313 RUNTIME_ONLY neutral retire case=00004 pc=0x800006f0 opcode=xor x29=0x800007c9
000000314 RUNTIME_ONLY neutral retire case=00004 pc=0x800006f4 opcode=addi x30=0x800007ce
000000315 RUNTIME_ONLY neutral retire case=00004 pc=0x800006f8 opcode=lw x31=0x800007c3
000000316 RUNTIME_ONLY neutral retire case=00004 pc=0x800006fc opcode=sw x0=0x800007c0
000000317 RUNTIME_ONLY neutral retire case=00004 pc=0x80000700 opcode=beq x1=0x8000063d
000000318 RUNTIME_ONLY neutral retire case=00004 pc=0x80000704 opcode=csrrw x2=0x8000063a
000000319 RUNTIME_ONLY neutral retire case=00004 pc=0x80000708 opcode=xor x3=0x80000637
000000320 RUNTIME_ONLY neutral retire case=00004 pc=0x8000070c opcode=addi x4=0x8000064c
000000321 RUNTIME_ONLY neutral retire case=00004 pc=0x80000710 opcode=lw x5=0x80000651
000000322 RUNTIME_ONLY neutral retire case=00004 pc=0x80000714 opcode=sw x6=0x80000656
000000323 RUNTIME_ONLY neutral retire case=00004 pc=0x80000718 opcode=beq x7=0x8000065b
000000324 RUNTIME_ONLY neutral retire case=00004 pc=0x8000071c opcode=csrrw x8=0x80000658
000000325 RUNTIME_ONLY neutral retire case=00004 pc=0x80000720 opcode=xor x9=0x80000665
000000326 RUNTIME_ONLY neutral retire case=00004 pc=0x80000724 opcode=addi x10=0x80000662
000000327 RUNTIME_ONLY neutral retire case=00004 pc=0x80000728 opcode=lw x11=0x8000066f
000000328 RUNTIME_ONLY neutral retire case=00004 pc=0x8000072c opcode=sw x12=0x80000664
000000329 RUNTIME_ONLY neutral retire case=00004 pc=0x80000730 opcode=beq x13=0x80000679
000000330 RUNTIME_ONLY neutral retire case=00004 pc=0x80000734 opcode=csrrw x14=0x8000067e
000000331 RUNTIME_ONLY neutral retire case=00004 pc=0x80000738 opcode=xor x15=0x80000673
000000332 RUNTIME_ONLY neutral retire case=00004 pc=0x8000073c opcode=addi x16=0x80000670
000000333 RUNTIME_ONLY neutral retire case=00004 pc=0x80000740 opcode=lw x17=0x8000060d
000000334 RUNTIME_ONLY neutral retire case=00004 pc=0x80000744 opcode=sw x18=0x8000060a
000000335 RUNTIME_ONLY neutral retire case=00004 pc=0x80000748 opcode=beq x19=0x80000607
000000336 RUNTIME_ONLY neutral retire case=00004 pc=0x8000074c opcode=csrrw x20=0x8000061c
000000337 RUNTIME_ONLY neutral retire case=00004 pc=0x80000750 opcode=xor x21=0x80000601
000000338 RUNTIME_ONLY neutral retire case=00004 pc=0x80000754 opcode=addi x22=0x80000606
000000339 RUNTIME_ONLY neutral retire case=00004 pc=0x80000758 opcode=lw x23=0x8000060b
000000340 RUNTIME_ONLY neutral retire case=00004 pc=0x8000075c opcode=sw x24=0x80000608
000000341 RUNTIME_ONLY neutral retire case=00004 pc=0x80000760 opcode=beq x25=0x80000635
000000342 RUNTIME_ONLY neutral retire case=00004 pc=0x80000764 opcode=csrrw x26=0x80000632
000000343 RUNTIME_ONLY neutral retire case=00004 pc=0x80000768 opcode=xor x27=0x8000063f
000000344 RUNTIME_ONLY neutral retire case=00004 pc=0x8000076c opcode=addi x28=0x80000634
000000345 RUNTIME_ONLY neutral retire case=00004 pc=0x80000770 opcode=lw x29=0x80000629
000000346 RUNTIME_ONLY neutral retire case=00004 pc=0x80000774 opcode=sw x30=0x8000062e
000000347 RUNTIME_ONLY neutral retire case=00004 pc=0x80000778 opcode=beq x31=0x80000623
000000348 RUNTIME_ONLY neutral retire case=00004 pc=0x8000077c opcode=csrrw x0=0x80000620
000000349 RUNTIME_ONLY neutral retire case=00004 pc=0x80000780 opcode=xor x1=0x800006dd
000000350 RUNTIME_ONLY neutral retire case=00004 pc=0x80000784 opcode=addi x2=0x800006da
000000351 RUNTIME_ONLY neutral retire case=00004 pc=0x80000788 opcode=lw x3=0x800006d7
000000352 RUNTIME_ONLY neutral retire case=00004 pc=0x8000078c opcode=sw x4=0x800006ec
000000353 RUNTIME_ONLY neutral retire case=00004 pc=0x80000790 opcode=beq x5=0x800006f1
000000354 RUNTIME_ONLY neutral retire case=00004 pc=0x80000794 opcode=csrrw x6=0x800006f6
000000355 RUNTIME_ONLY neutral retire case=00004 pc=0x80000798 opcode=xor x7=0x800006fb
000000356 RUNTIME_ONLY neutral retire case=00004 pc=0x8000079c opcode=addi x8=0x800006f8
000000357 RUNTIME_ONLY neutral retire case=00004 pc=0x800007a0 opcode=lw x9=0x800006c5
000000358 RUNTIME_ONLY neutral retire case=00004 pc=0x800007a4 opcode=sw x10=0x800006c2
000000359 RUNTIME_ONLY neutral retire case=00004 pc=0x800007a8 opcode=beq x11=0x800006cf
000000360 RUNTIME_ONLY neutral retire case=00004 pc=0x800007ac opcode=csrrw x12=0x800006c4
000000361 RUNTIME_ONLY neutral retire case=00004 pc=0x800007b0 opcode=xor x13=0x800006d9
000000362 RUNTIME_ONLY neutral retire case=00004 pc=0x800007b4 opcode=addi x14=0x800006de
000000363 RUNTIME_ONLY neutral retire case=00004 pc=0x800007b8 opcode=lw x15=0x800006d3
000000364 RUNTIME_ONLY neutral retire case=00004 pc=0x800007bc opcode=sw x16=0x800006d0
000000365 RUNTIME_ONLY neutral retire case=00004 pc=0x800007c0 opcode=beq x17=0x800006ad
000000366 RUNTIME_ONLY neutral retire case=00004 pc=0x800007c4 opcode=csrrw x18=0x800006aa
000000367 RUNTIME_ONLY neutral retire case=00004 pc=0x800007c8 opcode=xor x19=0x800006a7
000000368 RUNTIME_ONLY neutral retire case=00004 pc=0x800007cc opcode=addi x20=0x800006bc
000000369 RUNTIME_ONLY neutral retire case=00004 pc=0x800007d0 opcode=lw x21=0x800006a1
000000370 RUNTIME_ONLY neutral retire case=00004 pc=0x800007d4 opcode=sw x22=0x800006a6
000000371 RUNTIME_ONLY neutral retire case=00004 pc=0x800007d8 opcode=beq x23=0x800006ab
000000372 RUNTIME_ONLY neutral retire case=00004 pc=0x800007dc opcode=csrrw x24=0x800006a8
000000373 RUNTIME_ONLY neutral retire case=00004 pc=0x800007e0 opcode=xor x25=0x80000695
000000374 RUNTIME_ONLY neutral retire case=00004 pc=0x800007e4 opcode=addi x26=0x80000692
000000375 RUNTIME_ONLY neutral retire case=00004 pc=0x800007e8 opcode=lw x27=0x8000069f
000000376 RUNTIME_ONLY neutral retire case=00004 pc=0x800007ec opcode=sw x28=0x80000694
000000377 RUNTIME_ONLY neutral retire case=00004 pc=0x800007f0 opcode=beq x29=0x80000689
000000378 RUNTIME_ONLY neutral retire case=00004 pc=0x800007f4 opcode=csrrw x30=0x8000068e
000000379 RUNTIME_ONLY neutral retire case=00004 pc=0x800007f8 opcode=xor x31=0x80000683
000000380 RUNTIME_ONLY neutral retire case=00004 pc=0x800007fc opcode=addi x0=0x80000680
000000381 RUNTIME_ONLY neutral retire case=00004 pc=0x80000800 opcode=lw x1=0x8000097d
000000382 RUNTIME_ONLY neutral retire case=00004 pc=0x80000804 opcode=sw x2=0x8000097a
000000383 RUNTIME_ONLY neutral retire case=00004 pc=0x80000808 opcode=beq x3=0x80000977
000000384 RUNTIME_ONLY neutral retire case=00004 pc=0x8000080c opcode=csrrw x4=0x8000098c
000000385 RUNTIME_ONLY neutral retire case=00004 pc=0x80000810 opcode=xor x5=0x80000991
000000386 RUNTIME_ONLY neutral retire case=00004 pc=0x80000814 opcode=addi x6=0x80000996
000000387 RUNTIME_ONLY neutral retire case=00004 pc=0x80000818 opcode=lw x7=0x8000099b
000000388 RUNTIME_ONLY neutral retire case=00004 pc=0x8000081c opcode=sw x8=0x80000998
000000389 RUNTIME_ONLY neutral retire case=00004 pc=0x80000820 opcode=beq x9=0x800009a5
000000390 RUNTIME_ONLY neutral retire case=00004 pc=0x80000824 opcode=csrrw x10=0x800009a2
000000391 RUNTIME_ONLY neutral retire case=00004 pc=0x80000828 opcode=xor x11=0x800009af
000000392 RUNTIME_ONLY neutral retire case=00004 pc=0x8000082c opcode=addi x12=0x800009a4
000000393 RUNTIME_ONLY neutral retire case=00004 pc=0x80000830 opcode=lw x13=0x800009b9
000000394 RUNTIME_ONLY neutral retire case=00004 pc=0x80000834 opcode=sw x14=0x800009be
000000395 RUNTIME_ONLY neutral retire case=00004 pc=0x80000838 opcode=beq x15=0x800009b3
000000396 RUNTIME_ONLY neutral retire case=00004 pc=0x8000083c opcode=csrrw x16=0x800009b0
000000397 RUNTIME_ONLY neutral retire case=00004 pc=0x80000840 opcode=xor x17=0x800009cd
000000398 RUNTIME_ONLY neutral retire case=00004 pc=0x80000844 opcode=addi x18=0x800009ca
000000399 RUNTIME_ONLY neutral retire case=00004 pc=0x80000848 opcode=lw x19=0x800009c7
000000400 RUNTIME_ONLY neutral retire case=00004 pc=0x8000084c opcode=sw x20=0x800009dc
000000401 RUNTIME_ONLY neutral retire case=00004 pc=0x80000850 opcode=beq x21=0x800009c1
000000402 RUNTIME_ONLY neutral retire case=00004 pc=0x80000854 opcode=csrrw x22=0x800009c6
000000403 RUNTIME_ONLY neutral retire case=00004 pc=0x80000858 opcode=xor x23=0x800009cb
000000404 RUNTIME_ONLY neutral retire case=00004 pc=0x8000085c opcode=addi x24=0x800009c8
000000405 RUNTIME_ONLY neutral retire case=00004 pc=0x80000860 opcode=lw x25=0x800009f5
000000406 RUNTIME_ONLY neutral retire case=00004 pc=0x80000864 opcode=sw x26=0x800009f2
000000407 RUNTIME_ONLY neutral retire case=00004 pc=0x80000868 opcode=beq x27=0x800009ff
000000408 RUNTIME_ONLY neutral retire case=00004 pc=0x8000086c opcode=csrrw x28=0x800009f4
000000409 RUNTIME_ONLY neutral retire case=00004 pc=0x80000870 opcode=xor x29=0x800009e9
000000410 RUNTIME_ONLY neutral retire case=00004 pc=0x80000874 opcode=addi x30=0x800009ee
000000411 RUNTIME_ONLY neutral retire case=00004 pc=0x80000878 opcode=lw x31=0x800009e3
000000412 RUNTIME_ONLY neutral retire case=00004 pc=0x8000087c opcode=sw x0=0x800009e0
000000413 RUNTIME_ONLY neutral retire case=00004 pc=0x80000880 opcode=beq x1=0x8000091d
000000414 RUNTIME_ONLY neutral retire case=00004 pc=0x80000884 opcode=csrrw x2=0x8000091a
000000415 RUNTIME_ONLY neutral retire case=00004 pc=0x80000888 opcode=xor x3=0x80000917
000000416 RUNTIME_ONLY neutral retire case=00004 pc=0x8000088c opcode=addi x4=0x8000092c
000000417 RUNTIME_ONLY neutral retire case=00004 pc=0x80000890 opcode=lw x5=0x80000931
000000418 RUNTIME_ONLY neutral retire case=00004 pc=0x80000894 opcode=sw x6=0x80000936
000000419 RUNTIME_ONLY neutral retire case=00004 pc=0x80000898 opcode=beq x7=0x8000093b
000000420 RUNTIME_ONLY neutral retire case=00004 pc=0x8000089c opcode=csrrw x8=0x80000938
000000421 RUNTIME_ONLY neutral retire case=00004 pc=0x800008a0 opcode=xor x9=0x80000905
000000422 RUNTIME_ONLY neutral retire case=00004 pc=0x800008a4 opcode=addi x10=0x80000902
000000423 RUNTIME_ONLY neutral retire case=00004 pc=0x800008a8 opcode=lw x11=0x8000090f
000000424 RUNTIME_ONLY neutral retire case=00004 pc=0x800008ac opcode=sw x12=0x80000904
000000425 RUNTIME_ONLY neutral retire case=00004 pc=0x800008b0 opcode=beq x13=0x80000919
000000426 RUNTIME_ONLY neutral retire case=00004 pc=0x800008b4 opcode=csrrw x14=0x8000091e
000000427 RUNTIME_ONLY neutral retire case=00004 pc=0x800008b8 opcode=xor x15=0x80000913
000000428 RUNTIME_ONLY neutral retire case=00004 pc=0x800008bc opcode=addi x16=0x80000910
000000429 RUNTIME_ONLY neutral retire case=00004 pc=0x800008c0 opcode=lw x17=0x8000096d
000000430 RUNTIME_ONLY neutral retire case=00004 pc=0x800008c4 opcode=sw x18=0x8000096a
000000431 RUNTIME_ONLY neutral retire case=00004 pc=0x800008c8 opcode=beq x19=0x80000967
000000432 RUNTIME_ONLY neutral retire case=00004 pc=0x800008cc opcode=csrrw x20=0x8000097c
000000433 RUNTIME_ONLY neutral retire case=00004 pc=0x800008d0 opcode=xor x21=0x80000961
000000434 RUNTIME_ONLY neutral retire case=00004 pc=0x800008d4 opcode=addi x22=0x80000966
000000435 RUNTIME_ONLY neutral retire case=00004 pc=0x800008d8 opcode=lw x23=0x8000096b
000000436 RUNTIME_ONLY neutral retire case=00004 pc=0x800008dc opcode=sw x24=0x80000968
000000437 RUNTIME_ONLY neutral retire case=00004 pc=0x800008e0 opcode=beq x25=0x80000955
000000438 RUNTIME_ONLY neutral retire case=00004 pc=0x800008e4 opcode=csrrw x26=0x80000952
000000439 RUNTIME_ONLY neutral retire case=00004 pc=0x800008e8 opcode=xor x27=0x8000095f
000000440 RUNTIME_ONLY neutral retire case=00004 pc=0x800008ec opcode=addi x28=0x80000954
000000441 RUNTIME_ONLY neutral retire case=00004 pc=0x800008f0 opcode=lw x29=0x80000949
000000442 RUNTIME_ONLY neutral retire case=00004 pc=0x800008f4 opcode=sw x30=0x8000094e
000000443 RUNTIME_ONLY neutral retire case=00004 pc=0x800008f8 opcode=beq x31=0x80000943
000000444 RUNTIME_ONLY neutral retire case=00004 pc=0x800008fc opcode=csrrw x0=0x80000940
000000445 RUNTIME_ONLY neutral retire case=00004 pc=0x80000900 opcode=xor x1=0x800008bd
000000446 RUNTIME_ONLY neutral retire case=00004 pc=0x80000904 opcode=addi x2=0x800008ba
000000447 RUNTIME_ONLY neutral retire case=00004 pc=0x80000908 opcode=lw x3=0x800008b7
000000448 RUNTIME_ONLY neutral retire case=00004 pc=0x8000090c opcode=sw x4=0x800008cc
000000449 RUNTIME_ONLY neutral retire case=00004 pc=0x80000910 opcode=beq x5=0x800008d1
000000450 RUNTIME_ONLY neutral retire case=00004 pc=0x80000914 opcode=csrrw x6=0x800008d6
000000451 RUNTIME_ONLY neutral retire case=00004 pc=0x80000918 opcode=xor x7=0x800008db
000000452 RUNTIME_ONLY neutral retire case=00004 pc=0x8000091c opcode=addi x8=0x800008d8
000000453 RUNTIME_ONLY neutral retire case=00004 pc=0x80000920 opcode=lw x9=0x800008e5
000000454 RUNTIME_ONLY neutral retire case=00004 pc=0x80000924 opcode=sw x10=0x800008e2
000000455 RUNTIME_ONLY neutral retire case=00004 pc=0x80000928 opcode=beq x11=0x800008ef
000000456 RUNTIME_ONLY neutral retire case=00004 pc=0x8000092c opcode=csrrw x12=0x800008e4
000000457 RUNTIME_ONLY neutral retire case=00004 pc=0x80000930 opcode=xor x13=0x800008f9
000000458 RUNTIME_ONLY neutral retire case=00004 pc=0x80000934 opcode=addi x14=0x800008fe
000000459 RUNTIME_ONLY neutral retire case=00004 pc=0x80000938 opcode=lw x15=0x800008f3
000000460 RUNTIME_ONLY neutral retire case=00004 pc=0x8000093c opcode=sw x16=0x800008f0
000000461 RUNTIME_ONLY neutral retire case=00004 pc=0x80000940 opcode=beq x17=0x8000088d
000000462 RUNTIME_ONLY neutral retire case=00004 pc=0x80000944 opcode=csrrw x18=0x8000088a
000000463 RUNTIME_ONLY neutral retire case=00004 pc=0x80000948 opcode=xor x19=0x80000887
000000464 RUNTIME_ONLY neutral retire case=00004 pc=0x8000094c opcode=addi x20=0x8000089c
000000465 RUNTIME_ONLY neutral retire case=00004 pc=0x80000950 opcode=lw x21=0x80000881
000000466 RUNTIME_ONLY neutral retire case=00004 pc=0x80000954 opcode=sw x22=0x80000886
000000467 RUNTIME_ONLY neutral retire case=00004 pc=0x80000958 opcode=beq x23=0x8000088b
000000468 RUNTIME_ONLY neutral retire case=00004 pc=0x8000095c opcode=csrrw x24=0x80000888
000000469 RUNTIME_ONLY neutral retire case=00004 pc=0x80000960 opcode=xor x25=0x800008b5
000000470 RUNTIME_ONLY neutral retire case=00004 pc=0x80000964 opcode=addi x26=0x800008b2
000000471 RUNTIME_ONLY neutral retire case=00004 pc=0x80000968 opcode=lw x27=0x800008bf
000000472 RUNTIME_ONLY neutral retire case=00004 pc=0x8000096c opcode=sw x28=0x800008b4
000000473 RUNTIME_ONLY neutral retire case=00004 pc=0x80000970 opcode=beq x29=0x800008a9
000000474 RUNTIME_ONLY neutral retire case=00004 pc=0x80000974 opcode=csrrw x30=0x800008ae
000000475 RUNTIME_ONLY neutral retire case=00004 pc=0x80000978 opcode=xor x31=0x800008a3
000000476 RUNTIME_ONLY neutral retire case=00004 pc=0x8000097c opcode=addi x0=0x800008a0
000000477 RUNTIME_ONLY neutral retire case=00004 pc=0x80000980 opcode=lw x1=0x8000085d
000000478 RUNTIME_ONLY neutral retire case=00004 pc=0x80000984 opcode=sw x2=0x8000085a
000000479 RUNTIME_ONLY neutral retire case=00004 pc=0x80000988 opcode=beq x3=0x80000857
000000480 RUNTIME_ONLY neutral retire case=00004 pc=0x8000098c opcode=csrrw x4=0x8000086c
000000481 RUNTIME_ONLY neutral retire case=00004 pc=0x80000990 opcode=xor x5=0x80000871
000000482 RUNTIME_ONLY neutral retire case=00004 pc=0x80000994 opcode=addi x6=0x80000876
000000483 RUNTIME_ONLY neutral retire case=00004 pc=0x80000998 opcode=lw x7=0x8000087b
000000484 RUNTIME_ONLY neutral retire case=00004 pc=0x8000099c opcode=sw x8=0x80000878
000000485 RUNTIME_ONLY neutral retire case=00004 pc=0x800009a0 opcode=beq x9=0x80000845
000000486 RUNTIME_ONLY neutral retire case=00004 pc=0x800009a4 opcode=csrrw x10=0x80000842
000000487 RUNTIME_ONLY neutral retire case=00004 pc=0x800009a8 opcode=xor x11=0x8000084f
000000488 RUNTIME_ONLY neutral retire case=00004 pc=0x800009ac opcode=addi x12=0x80000844
000000489 RUNTIME_ONLY neutral retire case=00004 pc=0x800009b0 opcode=lw x13=0x80000859
000000490 RUNTIME_ONLY neutral retire case=00004 pc=0x800009b4 opcode=sw x14=0x8000085e
000000491 RUNTIME_ONLY neutral retire case=00004 pc=0x800009b8 opcode=beq x15=0x80000853
000000492 RUNTIME_ONLY neutral retire case=00004 pc=0x800009bc opcode=csrrw x16=0x80000850
000000493 RUNTIME_ONLY neutral retire case=00004 pc=0x800009c0 opcode=xor x17=0x8000082d
000000494 RUNTIME_ONLY neutral retire case=00004 pc=0x800009c4 opcode=addi x18=0x8000082a
000000495 RUNTIME_ONLY neutral retire case=00004 pc=0x800009c8 opcode=lw x19=0x80000827
000000496 RUNTIME_ONLY neutral retire case=00004 pc=0x800009cc opcode=sw x20=0x8000083c
000000497 RUNTIME_ONLY neutral retire case=00004 pc=0x800009d0 opcode=beq x21=0x80000821
000000498 RUNTIME_ONLY neutral retire case=00004 pc=0x800009d4 opcode=csrrw x22=0x80000826
000000499 RUNTIME_ONLY neutral retire case=00004 pc=0x800009d8 opcode=xor x23=0x8000082b
000000500 RUNTIME_ONLY neutral retire case=00004 pc=0x800009dc opcode=addi x24=0x80000828
000000501 RUNTIME_ONLY neutral retire case=00004 pc=0x800009e0 opcode=lw x25=0x80000815
000000502 RUNTIME_ONLY neutral retire case=00004 pc=0x800009e4 opcode=sw x26=0x80000812
000000503 RUNTIME_ONLY neutral retire case=00004 pc=0x800009e8 opcode=beq x27=0x8000081f
000000504 RUNTIME_ONLY neutral retire case=00004 pc=0x800009ec opcode=csrrw x28=0x80000814
000000505 RUNTIME_ONLY neutral retire case=00004 pc=0x800009f0 opcode=xor x29=0x80000809
000000506 RUNTIME_ONLY neutral retire case=00004 pc=0x800009f4 opcode=addi x30=0x8000080e
000000507 RUNTIME_ONLY neutral retire case=00004 pc=0x800009f8 opcode=lw x31=0x80000803
000000508 RUNTIME_ONLY neutral retire case=00004 pc=0x800009fc opcode=sw x0=0x80000800
000000509 RUNTIME_ONLY neutral retire case=00004 pc=0x80000a00 opcode=beq x1=0x80000bfd
000000510 RUNTIME_ONLY neutral retire case=00004 pc=0x80000a04 opcode=csrrw x2=0x80000bfa
000000511 RUNTIME_ONLY neutral retire case=00004 pc=0x80000a08 opcode=xor x3=0x80000bf7
000000512 RUNTIME_ONLY neutral retire case=00004 pc=0x80000a0c opcode=addi x4=0x8000080c
000000513 RUNTIME_ONLY neutral retire case=00004 pc=0x80000a10 opcode=lw x5=0x80000811
000000514 RUNTIME_ONLY neutral retire case=00004 pc=0x80000a14 opcode=sw x6=0x80000816
000000515 RUNTIME_ONLY neutral retire case=00004 pc=0x80000a18 opcode=beq x7=0x8000081b
000000516 RUNTIME_ONLY neutral retire case=00004 pc=0x80000a1c opcode=csrrw x8=0x80000818
000000517 RUNTIME_ONLY neutral retire case=00004 pc=0x80000a20 opcode=xor x9=0x80000825
000000518 RUNTIME_ONLY neutral retire case=00004 pc=0x80000a24 opcode=addi x10=0x80000822
000000519 RUNTIME_ONLY neutral retire case=00004 pc=0x80000a28 opcode=lw x11=0x8000082f
000000520 RUNTIME_ONLY neutral retire case=00004 pc=0x80000a2c opcode=sw x12=0x80000824
000000521 RUNTIME_ONLY neutral retire case=00004 pc=0x80000a30 opcode=beq x13=0x80000839
000000522 RUNTIME_ONLY neutral retire case=00004 pc=0x80000a34 opcode=csrrw x14=0x8000083e
000000523 RUNTIME_ONLY neutral retire case=00004 pc=0x80000a38 opcode=xor x15=0x80000833
000000524 RUNTIME_ONLY neutral retire case=00004 pc=0x80000a3c opcode=addi x16=0x80000830
000000525 RUNTIME_ONLY neutral retire case=00004 pc=0x80000a40 opcode=lw x17=0x8000084d
000000526 RUNTIME_ONLY neutral retire case=00004 pc=0x80000a44 opcode=sw x18=0x8000084a
000000527 RUNTIME_ONLY neutral retire case=00004 pc=0x80000a48 opcode=beq x19=0x80000847
000000528 RUNTIME_ONLY neutral retire case=00004 pc=0x80000a4c opcode=csrrw x20=0x8000085c
000000529 RUNTIME_ONLY neutral retire case=00004 pc=0x80000a50 opcode=xor x21=0x80000841
000000530 RUNTIME_ONLY neutral retire case=00004 pc=0x80000a54 opcode=addi x22=0x80000846
000000531 RUNTIME_ONLY neutral retire case=00004 pc=0x80000a58 opcode=lw x23=0x8000084b
000000532 RUNTIME_ONLY neutral retire case=00004 pc=0x80000a5c opcode=sw x24=0x80000848
000000533 RUNTIME_ONLY neutral retire case=00004 pc=0x80000a60 opcode=beq x25=0x80000875
000000534 RUNTIME_ONLY neutral retire case=00004 pc=0x80000a64 opcode=csrrw x26=0x80000872
000000535 RUNTIME_ONLY neutral retire case=00004 pc=0x80000a68 opcode=xor x27=0x8000087f
000000536 RUNTIME_ONLY neutral retire case=00004 pc=0x80000a6c opcode=addi x28=0x80000874
000000537 RUNTIME_ONLY neutral retire case=00004 pc=0x80000a70 opcode=lw x29=0x80000869
000000538 RUNTIME_ONLY neutral retire case=00004 pc=0x80000a74 opcode=sw x30=0x8000086e
000000539 RUNTIME_ONLY neutral retire case=00004 pc=0x80000a78 opcode=beq x31=0x80000863
000000540 RUNTIME_ONLY neutral retire case=00004 pc=0x80000a7c opcode=csrrw x0=0x80000860
000000541 RUNTIME_ONLY neutral retire case=00004 pc=0x80000a80 opcode=xor x1=0x8000089d
000000542 RUNTIME_ONLY neutral retire case=00004 pc=0x80000a84 opcode=addi x2=0x8000089a
000000543 RUNTIME_ONLY neutral retire case=00004 pc=0x80000a88 opcode=lw x3=0x80000897
000000544 RUNTIME_ONLY neutral retire case=00004 pc=0x80000a8c opcode=sw x4=0x800008ac
000000545 RUNTIME_ONLY neutral retire case=00004 pc=0x80000a90 opcode=beq x5=0x800008b1
000000546 RUNTIME_ONLY neutral retire case=00004 pc=0x80000a94 opcode=csrrw x6=0x800008b6
000000547 RUNTIME_ONLY neutral retire case=00004 pc=0x80000a98 opcode=xor x7=0x800008bb
000000548 RUNTIME_ONLY neutral retire case=00004 pc=0x80000a9c opcode=addi x8=0x800008b8
000000549 RUNTIME_ONLY neutral retire case=00004 pc=0x80000aa0 opcode=lw x9=0x80000885
000000550 RUNTIME_ONLY neutral retire case=00004 pc=0x80000aa4 opcode=sw x10=0x80000882
000000551 RUNTIME_ONLY neutral retire case=00004 pc=0x80000aa8 opcode=beq x11=0x8000088f
000000552 RUNTIME_ONLY neutral retire case=00004 pc=0x80000aac opcode=csrrw x12=0x80000884
000000553 RUNTIME_ONLY neutral retire case=00004 pc=0x80000ab0 opcode=xor x13=0x80000899
000000554 RUNTIME_ONLY neutral retire case=00004 pc=0x80000ab4 opcode=addi x14=0x8000089e
000000555 RUNTIME_ONLY neutral retire case=00004 pc=0x80000ab8 opcode=lw x15=0x80000893
000000556 RUNTIME_ONLY neutral retire case=00004 pc=0x80000abc opcode=sw x16=0x80000890
000000557 RUNTIME_ONLY neutral retire case=00004 pc=0x80000ac0 opcode=beq x17=0x800008ed
000000558 RUNTIME_ONLY neutral retire case=00004 pc=0x80000ac4 opcode=csrrw x18=0x800008ea
000000559 RUNTIME_ONLY neutral retire case=00004 pc=0x80000ac8 opcode=xor x19=0x800008e7
000000560 RUNTIME_ONLY neutral retire case=00004 pc=0x80000acc opcode=addi x20=0x800008fc
000000561 RUNTIME_ONLY neutral retire case=00004 pc=0x80000ad0 opcode=lw x21=0x800008e1
000000562 RUNTIME_ONLY neutral retire case=00004 pc=0x80000ad4 opcode=sw x22=0x800008e6
000000563 RUNTIME_ONLY neutral retire case=00004 pc=0x80000ad8 opcode=beq x23=0x800008eb
000000564 RUNTIME_ONLY neutral retire case=00004 pc=0x80000adc opcode=csrrw x24=0x800008e8
000000565 RUNTIME_ONLY neutral retire case=00004 pc=0x80000ae0 opcode=xor x25=0x800008d5
000000566 RUNTIME_ONLY neutral retire case=00004 pc=0x80000ae4 opcode=addi x26=0x800008d2
000000567 RUNTIME_ONLY neutral retire case=00004 pc=0x80000ae8 opcode=lw x27=0x800008df
000000568 RUNTIME_ONLY neutral retire case=00004 pc=0x80000aec opcode=sw x28=0x800008d4
000000569 RUNTIME_ONLY neutral retire case=00004 pc=0x80000af0 opcode=beq x29=0x800008c9
000000570 RUNTIME_ONLY neutral retire case=00004 pc=0x80000af4 opcode=csrrw x30=0x800008ce
000000571 RUNTIME_ONLY neutral retire case=00004 pc=0x80000af8 opcode=xor x31=0x800008c3
000000572 RUNTIME_ONLY neutral retire case=00004 pc=0x80000afc opcode=addi x0=0x800008c0
000000573 RUNTIME_ONLY neutral retire case=00004 pc=0x80000b00 opcode=lw x1=0x8000093d
000000574 RUNTIME_ONLY neutral retire case=00004 pc=0x80000b04 opcode=sw x2=0x8000093a
000000575 RUNTIME_ONLY neutral retire case=00004 pc=0x80000b08 opcode=beq x3=0x80000937
000000576 RUNTIME_ONLY neutral retire case=00004 pc=0x80000b0c opcode=csrrw x4=0x8000094c
000000577 RUNTIME_ONLY neutral retire case=00004 pc=0x80000b10 opcode=xor x5=0x80000951
000000578 RUNTIME_ONLY neutral retire case=00004 pc=0x80000b14 opcode=addi x6=0x80000956
000000579 RUNTIME_ONLY neutral retire case=00004 pc=0x80000b18 opcode=lw x7=0x8000095b
000000580 RUNTIME_ONLY neutral retire case=00004 pc=0x80000b1c opcode=sw x8=0x80000958
000000581 RUNTIME_ONLY neutral retire case=00004 pc=0x80000b20 opcode=beq x9=0x80000965
000000582 RUNTIME_ONLY neutral retire case=00004 pc=0x80000b24 opcode=csrrw x10=0x80000962
000000583 RUNTIME_ONLY neutral retire case=00004 pc=0x80000b28 opcode=xor x11=0x8000096f
000000584 RUNTIME_ONLY neutral retire case=00004 pc=0x80000b2c opcode=addi x12=0x80000964
000000585 RUNTIME_ONLY neutral retire case=00004 pc=0x80000b30 opcode=lw x13=0x80000979
000000586 RUNTIME_ONLY neutral retire case=00004 pc=0x80000b34 opcode=sw x14=0x8000097e
000000587 RUNTIME_ONLY neutral retire case=00004 pc=0x80000b38 opcode=beq x15=0x80000973
000000588 RUNTIME_ONLY neutral retire case=00004 pc=0x80000b3c opcode=csrrw x16=0x80000970
000000589 RUNTIME_ONLY neutral retire case=00004 pc=0x80000b40 opcode=xor x17=0x8000090d
000000590 RUNTIME_ONLY neutral retire case=00004 pc=0x80000b44 opcode=addi x18=0x8000090a
000000591 RUNTIME_ONLY neutral retire case=00004 pc=0x80000b48 opcode=lw x19=0x80000907
000000592 RUNTIME_ONLY neutral retire case=00004 pc=0x80000b4c opcode=sw x20=0x8000091c
000000593 RUNTIME_ONLY neutral retire case=00004 pc=0x80000b50 opcode=beq x21=0x80000901
000000594 RUNTIME_ONLY neutral retire case=00004 pc=0x80000b54 opcode=csrrw x22=0x80000906
000000595 RUNTIME_ONLY neutral retire case=00004 pc=0x80000b58 opcode=xor x23=0x8000090b
000000596 RUNTIME_ONLY neutral retire case=00004 pc=0x80000b5c opcode=addi x24=0x80000908
000000597 RUNTIME_ONLY neutral retire case=00004 pc=0x80000b60 opcode=lw x25=0x80000935
000000598 RUNTIME_ONLY neutral retire case=00004 pc=0x80000b64 opcode=sw x26=0x80000932
000000599 RUNTIME_ONLY neutral retire case=00004 pc=0x80000b68 opcode=beq x27=0x8000093f
000000600 RUNTIME_ONLY neutral retire case=00004 pc=0x80000b6c opcode=csrrw x28=0x80000934
000000601 RUNTIME_ONLY neutral retire case=00004 pc=0x80000b70 opcode=xor x29=0x80000929
000000602 RUNTIME_ONLY neutral retire case=00004 pc=0x80000b74 opcode=addi x30=0x8000092e
000000603 RUNTIME_ONLY neutral retire case=00004 pc=0x80000b78 opcode=lw x31=0x80000923
000000604 RUNTIME_ONLY neutral retire case=00004 pc=0x80000b7c opcode=sw x0=0x80000920
000000605 RUNTIME_ONLY neutral retire case=00004 pc=0x80000b80 opcode=beq x1=0x800009dd
000000606 RUNTIME_ONLY neutral retire case=00004 pc=0x80000b84 opcode=csrrw x2=0x800009da
000000607 RUNTIME_ONLY neutral retire case=00004 pc=0x80000b88 opcode=xor x3=0x800009d7
000000608 RUNTIME_ONLY neutral retire case=00004 pc=0x80000b8c opcode=addi x4=0x800009ec
000000609 RUNTIME_ONLY neutral retire case=00004 pc=0x80000b90 opcode=lw x5=0x800009f1
000000610 RUNTIME_ONLY neutral retire case=00004 pc=0x80000b94 opcode=sw x6=0x800009f6
000000611 RUNTIME_ONLY neutral retire case=00004 pc=0x80000b98 opcode=beq x7=0x800009fb
000000612 RUNTIME_ONLY neutral retire case=00004 pc=0x80000b9c opcode=csrrw x8=0x800009f8
000000613 RUNTIME_ONLY neutral retire case=00004 pc=0x80000ba0 opcode=xor x9=0x800009c5
000000614 RUNTIME_ONLY neutral retire case=00004 pc=0x80000ba4 opcode=addi x10=0x800009c2
000000615 RUNTIME_ONLY neutral retire case=00004 pc=0x80000ba8 opcode=lw x11=0x800009cf
000000616 RUNTIME_ONLY neutral retire case=00004 pc=0x80000bac opcode=sw x12=0x800009c4
000000617 RUNTIME_ONLY neutral retire case=00004 pc=0x80000bb0 opcode=beq x13=0x800009d9
000000618 RUNTIME_ONLY neutral retire case=00004 pc=0x80000bb4 opcode=csrrw x14=0x800009de
000000619 RUNTIME_ONLY neutral retire case=00004 pc=0x80000bb8 opcode=xor x15=0x800009d3
000000620 RUNTIME_ONLY neutral retire case=00004 pc=0x80000bbc opcode=addi x16=0x800009d0
000000621 RUNTIME_ONLY neutral retire case=00004 pc=0x80000bc0 opcode=lw x17=0x800009ad
000000622 RUNTIME_ONLY neutral retire case=00004 pc=0x80000bc4 opcode=sw x18=0x800009aa
000000623 RUNTIME_ONLY neutral retire case=00004 pc=0x80000bc8 opcode=beq x19=0x800009a7
000000624 RUNTIME_ONLY neutral retire case=00004 pc=0x80000bcc opcode=csrrw x20=0x800009bc
000000625 RUNTIME_ONLY neutral retire case=00004 pc=0x80000bd0 opcode=xor x21=0x800009a1
000000626 RUNTIME_ONLY neutral retire case=00004 pc=0x80000bd4 opcode=addi x22=0x800009a6
000000627 RUNTIME_ONLY neutral retire case=00004 pc=0x80000bd8 opcode=lw x23=0x800009ab
000000628 RUNTIME_ONLY neutral retire case=00004 pc=0x80000bdc opcode=sw x24=0x800009a8
000000629 RUNTIME_ONLY neutral retire case=00004 pc=0x80000be0 opcode=beq x25=0x80000995
000000630 RUNTIME_ONLY neutral retire case=00004 pc=0x80000be4 opcode=csrrw x26=0x80000992
000000631 RUNTIME_ONLY neutral retire case=00004 pc=0x80000be8 opcode=xor x27=0x8000099f
000000632 RUNTIME_ONLY neutral retire case=00004 pc=0x80000bec opcode=addi x28=0x80000994
000000633 RUNTIME_ONLY neutral retire case=00004 pc=0x80000bf0 opcode=lw x29=0x80000989
000000634 RUNTIME_ONLY neutral retire case=00004 pc=0x80000bf4 opcode=sw x30=0x8000098e
000000635 RUNTIME_ONLY neutral retire case=00004 pc=0x80000bf8 opcode=beq x31=0x80000983
000000636 RUNTIME_ONLY neutral retire case=00004 pc=0x80000bfc opcode=csrrw x0=0x80000980
000000637 RUNTIME_ONLY neutral retire case=00004 pc=0x80000c00 opcode=xor x1=0x80000e7d
000000638 RUNTIME_ONLY neutral retire case=00004 pc=0x80000c04 opcode=addi x2=0x80000e7a
000000639 RUNTIME_ONLY neutral retire case=00004 pc=0x80000c08 opcode=lw x3=0x80000e77
000000640 RUNTIME_ONLY neutral retire case=00004 pc=0x80000c0c opcode=sw x4=0x80000e8c
000000641 RUNTIME_ONLY neutral retire case=00004 pc=0x80000c10 opcode=beq x5=0x80000e91
000000642 RUNTIME_ONLY neutral retire case=00004 pc=0x80000c14 opcode=csrrw x6=0x80000e96
000000643 RUNTIME_ONLY neutral retire case=00004 pc=0x80000c18 opcode=xor x7=0x80000e9b
000000644 RUNTIME_ONLY neutral retire case=00004 pc=0x80000c1c opcode=addi x8=0x80000e98
000000645 RUNTIME_ONLY neutral retire case=00004 pc=0x80000c20 opcode=lw x9=0x80000ea5
000000646 RUNTIME_ONLY neutral retire case=00004 pc=0x80000c24 opcode=sw x10=0x80000ea2
000000647 RUNTIME_ONLY neutral retire case=00004 pc=0x80000c28 opcode=beq x11=0x80000eaf
000000648 RUNTIME_ONLY neutral retire case=00004 pc=0x80000c2c opcode=csrrw x12=0x80000ea4
000000649 RUNTIME_ONLY neutral retire case=00004 pc=0x80000c30 opcode=xor x13=0x80000eb9
000000650 RUNTIME_ONLY neutral retire case=00004 pc=0x80000c34 opcode=addi x14=0x80000ebe
000000651 RUNTIME_ONLY neutral retire case=00004 pc=0x80000c38 opcode=lw x15=0x80000eb3
000000652 RUNTIME_ONLY neutral retire case=00004 pc=0x80000c3c opcode=sw x16=0x80000eb0
000000653 RUNTIME_ONLY neutral retire case=00004 pc=0x80000c40 opcode=beq x17=0x80000ecd
000000654 RUNTIME_ONLY neutral retire case=00004 pc=0x80000c44 opcode=csrrw x18=0x80000eca
000000655 RUNTIME_ONLY neutral retire case=00004 pc=0x80000c48 opcode=xor x19=0x80000ec7
000000656 RUNTIME_ONLY neutral retire case=00004 pc=0x80000c4c opcode=addi x20=0x80000edc
000000657 RUNTIME_ONLY neutral retire case=00004 pc=0x80000c50 opcode=lw x21=0x80000ec1
000000658 RUNTIME_ONLY neutral retire case=00004 pc=0x80000c54 opcode=sw x22=0x80000ec6
000000659 RUNTIME_ONLY neutral retire case=00004 pc=0x80000c58 opcode=beq x23=0x80000ecb
000000660 RUNTIME_ONLY neutral retire case=00004 pc=0x80000c5c opcode=csrrw x24=0x80000ec8
000000661 RUNTIME_ONLY neutral retire case=00004 pc=0x80000c60 opcode=xor x25=0x80000ef5
000000662 RUNTIME_ONLY neutral retire case=00004 pc=0x80000c64 opcode=addi x26=0x80000ef2
000000663 RUNTIME_ONLY neutral retire case=00004 pc=0x80000c68 opcode=lw x27=0x80000eff
000000664 RUNTIME_ONLY neutral retire case=00004 pc=0x80000c6c opcode=sw x28=0x80000ef4
000000665 RUNTIME_ONLY neutral retire case=00004 pc=0x80000c70 opcode=beq x29=0x80000ee9
000000666 RUNTIME_ONLY neutral retire case=00004 pc=0x80000c74 opcode=csrrw x30=0x80000eee
000000667 RUNTIME_ONLY neutral retire case=00004 pc=0x80000c78 opcode=xor x31=0x80000ee3
000000668 RUNTIME_ONLY neutral retire case=00004 pc=0x80000c7c opcode=addi x0=0x80000ee0
000000669 RUNTIME_ONLY neutral retire case=00004 pc=0x80000c80 opcode=lw x1=0x80000e1d
000000670 RUNTIME_ONLY neutral retire case=00004 pc=0x80000c84 opcode=sw x2=0x80000e1a
000000671 RUNTIME_ONLY neutral retire case=00004 pc=0x80000c88 opcode=beq x3=0x80000e17
000000672 RUNTIME_ONLY neutral retire case=00004 pc=0x80000c8c opcode=csrrw x4=0x80000e2c
000000673 RUNTIME_ONLY neutral retire case=00004 pc=0x80000c90 opcode=xor x5=0x80000e31
000000674 RUNTIME_ONLY neutral retire case=00004 pc=0x80000c94 opcode=addi x6=0x80000e36
000000675 RUNTIME_ONLY neutral retire case=00004 pc=0x80000c98 opcode=lw x7=0x80000e3b
000000676 RUNTIME_ONLY neutral retire case=00004 pc=0x80000c9c opcode=sw x8=0x80000e38
000000677 RUNTIME_ONLY neutral retire case=00004 pc=0x80000ca0 opcode=beq x9=0x80000e05
000000678 RUNTIME_ONLY neutral retire case=00004 pc=0x80000ca4 opcode=csrrw x10=0x80000e02
000000679 RUNTIME_ONLY neutral retire case=00004 pc=0x80000ca8 opcode=xor x11=0x80000e0f
000000680 RUNTIME_ONLY neutral retire case=00004 pc=0x80000cac opcode=addi x12=0x80000e04
000000681 RUNTIME_ONLY neutral retire case=00004 pc=0x80000cb0 opcode=lw x13=0x80000e19
000000682 RUNTIME_ONLY neutral retire case=00004 pc=0x80000cb4 opcode=sw x14=0x80000e1e
000000683 RUNTIME_ONLY neutral retire case=00004 pc=0x80000cb8 opcode=beq x15=0x80000e13
000000684 RUNTIME_ONLY neutral retire case=00004 pc=0x80000cbc opcode=csrrw x16=0x80000e10
000000685 RUNTIME_ONLY neutral retire case=00004 pc=0x80000cc0 opcode=xor x17=0x80000e6d
000000686 RUNTIME_ONLY neutral retire case=00004 pc=0x80000cc4 opcode=addi x18=0x80000e6a
000000687 RUNTIME_ONLY neutral retire case=00004 pc=0x80000cc8 opcode=lw x19=0x80000e67
000000688 RUNTIME_ONLY neutral retire case=00004 pc=0x80000ccc opcode=sw x20=0x80000e7c
000000689 RUNTIME_ONLY neutral retire case=00004 pc=0x80000cd0 opcode=beq x21=0x80000e61
000000690 RUNTIME_ONLY neutral retire case=00004 pc=0x80000cd4 opcode=csrrw x22=0x80000e66
000000691 RUNTIME_ONLY neutral retire case=00004 pc=0x80000cd8 opcode=xor x23=0x80000e6b
000000692 RUNTIME_ONLY neutral retire case=00004 pc=0x80000cdc opcode=addi x24=0x80000e68
000000693 RUNTIME_ONLY neutral retire case=00004 pc=0x80000ce0 opcode=lw x25=0x80000e55
000000694 RUNTIME_ONLY neutral retire case=00004 pc=0x80000ce4 opcode=sw x26=0x80000e52
000000695 RUNTIME_ONLY neutral retire case=00004 pc=0x80000ce8 opcode=beq x27=0x80000e5f
000000696 RUNTIME_ONLY neutral retire case=00004 pc=0x80000cec opcode=csrrw x28=0x80000e54
000000697 RUNTIME_ONLY neutral retire case=00004 pc=0x80000cf0 opcode=xor x29=0x80000e49
000000698 RUNTIME_ONLY neutral retire case=00004 pc=0x80000cf4 opcode=addi x30=0x80000e4e
000000699 RUNTIME_ONLY neutral retire case=00004 pc=0x80000cf8 opcode=lw x31=0x80000e43
000000700 RUNTIME_ONLY neutral retire case=00004 pc=0x80000cfc opcode=sw x0=0x80000e40
000000701 RUNTIME_ONLY neutral retire case=00004 pc=0x80000d00 opcode=beq x1=0x80000fbd
000000702 RUNTIME_ONLY neutral retire case=00004 pc=0x80000d04 opcode=csrrw x2=0x80000fba
000000703 RUNTIME_ONLY neutral retire case=00004 pc=0x80000d08 opcode=xor x3=0x80000fb7
000000704 RUNTIME_ONLY neutral retire case=00004 pc=0x80000d0c opcode=addi x4=0x80000fcc
000000705 RUNTIME_ONLY neutral retire case=00004 pc=0x80000d10 opcode=lw x5=0x80000fd1
000000706 RUNTIME_ONLY neutral retire case=00004 pc=0x80000d14 opcode=sw x6=0x80000fd6
000000707 RUNTIME_ONLY neutral retire case=00004 pc=0x80000d18 opcode=beq x7=0x80000fdb
000000708 RUNTIME_ONLY neutral retire case=00004 pc=0x80000d1c opcode=csrrw x8=0x80000fd8
000000709 RUNTIME_ONLY neutral retire case=00004 pc=0x80000d20 opcode=xor x9=0x80000fe5
000000710 RUNTIME_ONLY neutral retire case=00004 pc=0x80000d24 opcode=addi x10=0x80000fe2
000000711 RUNTIME_ONLY neutral retire case=00004 pc=0x80000d28 opcode=lw x11=0x80000fef
000000712 RUNTIME_ONLY neutral retire case=00004 pc=0x80000d2c opcode=sw x12=0x80000fe4
000000713 RUNTIME_ONLY neutral retire case=00004 pc=0x80000d30 opcode=beq x13=0x80000ff9
000000714 RUNTIME_ONLY neutral retire case=00004 pc=0x80000d34 opcode=csrrw x14=0x80000ffe
000000715 RUNTIME_ONLY neutral retire case=00004 pc=0x80000d38 opcode=xor x15=0x80000ff3
000000716 RUNTIME_ONLY neutral retire case=00004 pc=0x80000d3c opcode=addi x16=0x80000ff0
000000717 RUNTIME_ONLY neutral retire case=00004 pc=0x80000d40 opcode=lw x17=0x80000f8d
000000718 RUNTIME_ONLY neutral retire case=00004 pc=0x80000d44 opcode=sw x18=0x80000f8a
000000719 RUNTIME_ONLY neutral retire case=00004 pc=0x80000d48 opcode=beq x19=0x80000f87
000000720 RUNTIME_ONLY neutral retire case=00004 pc=0x80000d4c opcode=csrrw x20=0x80000f9c
000000721 RUNTIME_ONLY neutral retire case=00004 pc=0x80000d50 opcode=xor x21=0x80000f81
000000722 RUNTIME_ONLY neutral retire case=00004 pc=0x80000d54 opcode=addi x22=0x80000f86
000000723 RUNTIME_ONLY neutral retire case=00004 pc=0x80000d58 opcode=lw x23=0x80000f8b
000000724 RUNTIME_ONLY neutral retire case=00004 pc=0x80000d5c opcode=sw x24=0x80000f88
000000725 RUNTIME_ONLY neutral retire case=00004 pc=0x80000d60 opcode=beq x25=0x80000fb5
000000726 RUNTIME_ONLY neutral retire case=00004 pc=0x80000d64 opcode=csrrw x26=0x80000fb2
000000727 RUNTIME_ONLY neutral retire case=00004 pc=0x80000d68 opcode=xor x27=0x80000fbf
000000728 RUNTIME_ONLY neutral retire case=00004 pc=0x80000d6c opcode=addi x28=0x80000fb4
000000729 RUNTIME_ONLY neutral retire case=00004 pc=0x80000d70 opcode=lw x29=0x80000fa9
000000730 RUNTIME_ONLY neutral retire case=00004 pc=0x80000d74 opcode=sw x30=0x80000fae
000000731 RUNTIME_ONLY neutral retire case=00004 pc=0x80000d78 opcode=beq x31=0x80000fa3
000000732 RUNTIME_ONLY neutral retire case=00004 pc=0x80000d7c opcode=csrrw x0=0x80000fa0
000000733 RUNTIME_ONLY neutral retire case=00004 pc=0x80000d80 opcode=xor x1=0x80000f5d
000000734 RUNTIME_ONLY neutral retire case=00004 pc=0x80000d84 opcode=addi x2=0x80000f5a
000000735 RUNTIME_ONLY neutral retire case=00004 pc=0x80000d88 opcode=lw x3=0x80000f57
000000736 RUNTIME_ONLY neutral retire case=00004 pc=0x80000d8c opcode=sw x4=0x80000f6c
000000737 RUNTIME_ONLY neutral retire case=00004 pc=0x80000d90 opcode=beq x5=0x80000f71
000000738 RUNTIME_ONLY neutral retire case=00004 pc=0x80000d94 opcode=csrrw x6=0x80000f76
000000739 RUNTIME_ONLY neutral retire case=00004 pc=0x80000d98 opcode=xor x7=0x80000f7b
000000740 RUNTIME_ONLY neutral retire case=00004 pc=0x80000d9c opcode=addi x8=0x80000f78
000000741 RUNTIME_ONLY neutral retire case=00004 pc=0x80000da0 opcode=lw x9=0x80000f45
000000742 RUNTIME_ONLY neutral retire case=00004 pc=0x80000da4 opcode=sw x10=0x80000f42
000000743 RUNTIME_ONLY neutral retire case=00004 pc=0x80000da8 opcode=beq x11=0x80000f4f
000000744 RUNTIME_ONLY neutral retire case=00004 pc=0x80000dac opcode=csrrw x12=0x80000f44
000000745 RUNTIME_ONLY neutral retire case=00004 pc=0x80000db0 opcode=xor x13=0x80000f59
000000746 RUNTIME_ONLY neutral retire case=00004 pc=0x80000db4 opcode=addi x14=0x80000f5e
000000747 RUNTIME_ONLY neutral retire case=00004 pc=0x80000db8 opcode=lw x15=0x80000f53
000000748 RUNTIME_ONLY neutral retire case=00004 pc=0x80000dbc opcode=sw x16=0x80000f50
000000749 RUNTIME_ONLY neutral retire case=00004 pc=0x80000dc0 opcode=beq x17=0x80000f2d
000000750 RUNTIME_ONLY neutral retire case=00004 pc=0x80000dc4 opcode=csrrw x18=0x80000f2a
000000751 RUNTIME_ONLY neutral retire case=00004 pc=0x80000dc8 opcode=xor x19=0x80000f27
000000752 RUNTIME_ONLY neutral retire case=00004 pc=0x80000dcc opcode=addi x20=0x80000f3c
000000753 RUNTIME_ONLY neutral retire case=00004 pc=0x80000dd0 opcode=lw x21=0x80000f21
000000754 RUNTIME_ONLY neutral retire case=00004 pc=0x80000dd4 opcode=sw x22=0x80000f26
000000755 RUNTIME_ONLY neutral retire case=00004 pc=0x80000dd8 opcode=beq x23=0x80000f2b
000000756 RUNTIME_ONLY neutral retire case=00004 pc=0x80000ddc opcode=csrrw x24=0x80000f28
000000757 RUNTIME_ONLY neutral retire case=00004 pc=0x80000de0 opcode=xor x25=0x80000f15
000000758 RUNTIME_ONLY neutral retire case=00004 pc=0x80000de4 opcode=addi x26=0x80000f12
000000759 RUNTIME_ONLY neutral retire case=00004 pc=0x80000de8 opcode=lw x27=0x80000f1f
000000760 RUNTIME_ONLY neutral retire case=00004 pc=0x80000dec opcode=sw x28=0x80000f14
000000761 RUNTIME_ONLY neutral retire case=00004 pc=0x80000df0 opcode=beq x29=0x80000f09
000000762 RUNTIME_ONLY neutral retire case=00004 pc=0x80000df4 opcode=csrrw x30=0x80000f0e
000000763 RUNTIME_ONLY neutral retire case=00004 pc=0x80000df8 opcode=xor x31=0x80000f03
000000764 RUNTIME_ONLY neutral retire case=00004 pc=0x80000dfc opcode=addi x0=0x80000f00
000000765 RUNTIME_ONLY neutral retire case=00004 pc=0x80000e00 opcode=lw x1=0x80000cfd
000000766 RUNTIME_ONLY neutral retire case=00004 pc=0x80000e04 opcode=sw x2=0x80000cfa
000000767 RUNTIME_ONLY neutral retire case=00004 pc=0x80000e08 opcode=beq x3=0x80000cf7
000000768 RUNTIME_ONLY neutral retire case=00004 pc=0x80000e0c opcode=csrrw x4=0x80000d0c
000000769 RUNTIME_ONLY neutral retire case=00004 pc=0x80000e10 opcode=xor x5=0x80000d11
000000770 RUNTIME_ONLY neutral retire case=00004 pc=0x80000e14 opcode=addi x6=0x80000d16
000000771 RUNTIME_ONLY neutral retire case=00004 pc=0x80000e18 opcode=lw x7=0x80000d1b
000000772 RUNTIME_ONLY neutral retire case=00004 pc=0x80000e1c opcode=sw x8=0x80000d18
000000773 RUNTIME_ONLY neutral retire case=00004 pc=0x80000e20 opcode=beq x9=0x80000d25
000000774 RUNTIME_ONLY neutral retire case=00004 pc=0x80000e24 opcode=csrrw x10=0x80000d22
000000775 RUNTIME_ONLY neutral retire case=00004 pc=0x80000e28 opcode=xor x11=0x80000d2f
000000776 RUNTIME_ONLY neutral retire case=00004 pc=0x80000e2c opcode=addi x12=0x80000d24
000000777 RUNTIME_ONLY neutral retire case=00004 pc=0x80000e30 opcode=lw x13=0x80000d39
000000778 RUNTIME_ONLY neutral retire case=00004 pc=0x80000e34 opcode=sw x14=0x80000d3e
000000779 RUNTIME_ONLY neutral retire case=00004 pc=0x80000e38 opcode=beq x15=0x80000d33
000000780 RUNTIME_ONLY neutral retire case=00004 pc=0x80000e3c opcode=csrrw x16=0x80000d30
000000781 RUNTIME_ONLY neutral retire case=00004 pc=0x80000e40 opcode=xor x17=0x80000d4d
000000782 RUNTIME_ONLY neutral retire case=00004 pc=0x80000e44 opcode=addi x18=0x80000d4a
000000783 RUNTIME_ONLY neutral retire case=00004 pc=0x80000e48 opcode=lw x19=0x80000d47
000000784 RUNTIME_ONLY neutral retire case=00004 pc=0x80000e4c opcode=sw x20=0x80000d5c
000000785 RUNTIME_ONLY neutral retire case=00004 pc=0x80000e50 opcode=beq x21=0x80000d41
000000786 RUNTIME_ONLY neutral retire case=00004 pc=0x80000e54 opcode=csrrw x22=0x80000d46
000000787 RUNTIME_ONLY neutral retire case=00004 pc=0x80000e58 opcode=xor x23=0x80000d4b
000000788 RUNTIME_ONLY neutral retire case=00004 pc=0x80000e5c opcode=addi x24=0x80000d48
000000789 RUNTIME_ONLY neutral retire case=00004 pc=0x80000e60 opcode=lw x25=0x80000d75
000000790 RUNTIME_ONLY neutral retire case=00004 pc=0x80000e64 opcode=sw x26=0x80000d72
000000791 RUNTIME_ONLY neutral retire case=00004 pc=0x80000e68 opcode=beq x27=0x80000d7f
000000792 RUNTIME_ONLY neutral retire case=00004 pc=0x80000e6c opcode=csrrw x28=0x80000d74
000000793 RUNTIME_ONLY neutral retire case=00004 pc=0x80000e70 opcode=xor x29=0x80000d69
000000794 RUNTIME_ONLY neutral retire case=00004 pc=0x80000e74 opcode=addi x30=0x80000d6e
000000795 RUNTIME_ONLY neutral retire case=00004 pc=0x80000e78 opcode=lw x31=0x80000d63
000000796 RUNTIME_ONLY neutral retire case=00004 pc=0x80000e7c opcode=sw x0=0x80000d60
000000797 RUNTIME_ONLY neutral retire case=00004 pc=0x80000e80 opcode=beq x1=0x80000d9d
000000798 RUNTIME_ONLY neutral retire case=00004 pc=0x80000e84 opcode=csrrw x2=0x80000d9a
000000799 RUNTIME_ONLY neutral retire case=00004 pc=0x80000e88 opcode=xor x3=0x80000d97
000000800 RUNTIME_ONLY neutral retire case=00004 pc=0x80000e8c opcode=addi x4=0x80000dac
000000801 RUNTIME_ONLY neutral retire case=00004 pc=0x80000e90 opcode=lw x5=0x80000db1
000000802 RUNTIME_ONLY neutral retire case=00004 pc=0x80000e94 opcode=sw x6=0x80000db6
000000803 RUNTIME_ONLY neutral retire case=00004 pc=0x80000e98 opcode=beq x7=0x80000dbb
000000804 RUNTIME_ONLY neutral retire case=00004 pc=0x80000e9c opcode=csrrw x8=0x80000db8
000000805 RUNTIME_ONLY neutral retire case=00004 pc=0x80000ea0 opcode=xor x9=0x80000d85
000000806 RUNTIME_ONLY neutral retire case=00004 pc=0x80000ea4 opcode=addi x10=0x80000d82
000000807 RUNTIME_ONLY neutral retire case=00004 pc=0x80000ea8 opcode=lw x11=0x80000d8f
000000808 RUNTIME_ONLY neutral retire case=00004 pc=0x80000eac opcode=sw x12=0x80000d84
000000809 RUNTIME_ONLY neutral retire case=00004 pc=0x80000eb0 opcode=beq x13=0x80000d99
000000810 RUNTIME_ONLY neutral retire case=00004 pc=0x80000eb4 opcode=csrrw x14=0x80000d9e
000000811 RUNTIME_ONLY neutral retire case=00004 pc=0x80000eb8 opcode=xor x15=0x80000d93
000000812 RUNTIME_ONLY neutral retire case=00004 pc=0x80000ebc opcode=addi x16=0x80000d90
000000813 RUNTIME_ONLY neutral retire case=00004 pc=0x80000ec0 opcode=lw x17=0x80000ded
000000814 RUNTIME_ONLY neutral retire case=00004 pc=0x80000ec4 opcode=sw x18=0x80000dea
000000815 RUNTIME_ONLY neutral retire case=00004 pc=0x80000ec8 opcode=beq x19=0x80000de7
000000816 RUNTIME_ONLY neutral retire case=00004 pc=0x80000ecc opcode=csrrw x20=0x80000dfc
000000817 RUNTIME_ONLY neutral retire case=00004 pc=0x80000ed0 opcode=xor x21=0x80000de1
000000818 RUNTIME_ONLY neutral retire case=00004 pc=0x80000ed4 opcode=addi x22=0x80000de6
000000819 RUNTIME_ONLY neutral retire case=00004 pc=0x80000ed8 opcode=lw x23=0x80000deb
000000820 RUNTIME_ONLY neutral retire case=00004 pc=0x80000edc opcode=sw x24=0x80000de8
000000821 RUNTIME_ONLY neutral retire case=00004 pc=0x80000ee0 opcode=beq x25=0x80000dd5
000000822 RUNTIME_ONLY neutral retire case=00004 pc=0x80000ee4 opcode=csrrw x26=0x80000dd2
000000823 RUNTIME_ONLY neutral retire case=00004 pc=0x80000ee8 opcode=xor x27=0x80000ddf
