Time	Cycle	PC	Insn	Decoded instruction	Register and memory contents
           2253	        11	80000080	40001437	lui	x8,0x40001	  x8=0x40001000
           2473	        22	80000084	10640413	addi	x8,x8,262	  x8:0x40001000  x8=0x40001106
           2493	        23	80000088	30141073	csrrw	x0,misa,x8	  x8:0x40001106  x0=0x00000000
           2913	        44	8000008c	00026797	auipc	x15,0x26	 x15=0x8002608c
           3333	        65	80000090	c5878793	addi	x15,x15,-936	 x15:0x8002608c x15=0x80025ce4
           3593	        78	80000094	00002417	auipc	x8,0x2	  x8=0x80002094
           3753	        86	80000098	66c40413	addi	x8,x8,1644	  x8:0x80002094  x8=0x80002700
           3833	        90	8000009c	00146413	ori	x8,x8,1	  x8:0x80002700  x8=0x80002701
           3853	        91	800000a0	30541073	csrrw	x0,mtvec,x8	  x8:0x80002701  x0=0x00000000
           3913	        94	800000a4	74725073	csrrwi	x0,0x747,4	  x0=0x00000000
           3973	        97	800000a8	00003217	auipc	x4,0x3	  x4=0x800030a8
           4093	       103	800000ac	40020213	addi	x4,x4,1024	  x4:0x800030a8  x4=0x800034a8
           4273	       112	800000b0	4401	c.li	x8,0	  x8=0x00000000
           4293	       113	800000b2	9222	c.add	x4,x8	  x4:0x800034a8  x8:0x00000000  x4=0x800034a8
           4693	       133	800000b4	00225213	srli	x4,x4,0x2	  x4:0x800034a8  x4=0x20000d2a
           4953	       146	800000b8	3b021073	csrrw	x0,pmpaddr0,x4	  x4:0x20000d2a  x0=0x00000000
           5013	       149	800000bc	00003217	auipc	x4,0x3	  x4=0x800030bc
           5033	       150	800000c0	3ec20213	addi	x4,x4,1004	  x4:0x800030bc  x4=0x800034a8
           5053	       151	800000c4	11111437	lui	x8,0x11111	  x8=0x11111000
           5173	       157	800000c8	11140413	addi	x8,x8,273	  x8:0x11111000  x8=0x11111111
           5193	       158	800000cc	9222	c.add	x4,x8	  x4:0x800034a8  x8:0x11111111  x4=0x911145b9
           5253	       161	800000ce	00225213	srli	x4,x4,0x2	  x4:0x911145b9  x4=0x2444516e
           5353	       166	800000d2	3b121073	csrrw	x0,pmpaddr1,x4	  x4:0x2444516e  x0=0x00000000
           5413	       169	800000d6	00003217	auipc	x4,0x3	  x4=0x800030d6
           5713	       184	800000da	3d220213	addi	x4,x4,978	  x4:0x800030d6  x4=0x800034a8
           5733	       185	800000de	22222437	lui	x8,0x22222	  x8=0x22222000
           5893	       193	800000e2	22240413	addi	x8,x8,546	  x8:0x22222000  x8=0x22222222
           5913	       194	800000e6	9222	c.add	x4,x8	  x4:0x800034a8  x8:0x22222222  x4=0xa22256ca
           6013	       199	800000e8	00225213	srli	x4,x4,0x2	  x4:0xa22256ca  x4=0x288895b2
           6273	       212	800000ec	3b221073	csrrw	x0,pmpaddr2,x4	  x4:0x288895b2  x0=0x00000000
           6333	       215	800000f0	00003217	auipc	x4,0x3	  x4=0x800030f0
           6733	       235	800000f4	3b820213	addi	x4,x4,952	  x4:0x800030f0  x4=0x800034a8
           6753	       236	800000f8	33333437	lui	x8,0x33333	  x8=0x33333000
           6773	       237	800000fc	33340413	addi	x8,x8,819	  x8:0x33333000  x8=0x33333333
           6793	       238	80000100	9222	c.add	x4,x8	  x4:0x800034a8  x8:0x33333333  x4=0xb33367db
           7133	       255	80000102	00225213	srli	x4,x4,0x2	  x4:0xb33367db  x4=0x2cccd9f6
           7153	       256	80000106	3b321073	csrrw	x0,pmpaddr3,x4	  x4:0x2cccd9f6  x0=0x00000000
           7573	       277	8000010a	0f0f1237	lui	x4,0xf0f1	  x4=0x0f0f1000
           7613	       279	8000010e	f0f20213	addi	x4,x4,-241	  x4:0x0f0f1000  x4=0x0f0f0f0f
           7633	       280	80000112	3a021073	csrrw	x0,pmpcfg0,x4	  x4:0x0f0f0f0f  x0=0x00000000
           7693	       283	80000116	00003217	auipc	x4,0x3	  x4=0x80003116
           8073	       302	8000011a	39220213	addi	x4,x4,914	  x4:0x80003116  x4=0x800034a8
           8113	       304	8000011e	44444437	lui	x8,0x44444	  x8=0x44444000
           8133	       305	80000122	44440413	addi	x8,x8,1092	  x8:0x44444000  x8=0x44444444
           8153	       306	80000126	9222	c.add	x4,x8	  x4:0x800034a8  x8:0x44444444  x4=0xc44478ec
           8173	       307	80000128	00225213	srli	x4,x4,0x2	  x4:0xc44478ec  x4=0x31111e3b
           8193	       308	8000012c	3b421073	csrrw	x0,pmpaddr4,x4	  x4:0x31111e3b  x0=0x00000000
           8253	       311	80000130	00003217	auipc	x4,0x3	  x4=0x80003130
           8273	       312	80000134	37820213	addi	x4,x4,888	  x4:0x80003130  x4=0x800034a8
           8293	       313	80000138	55555437	lui	x8,0x55555	  x8=0x55555000
           8313	       314	8000013c	55540413	addi	x8,x8,1365	  x8:0x55555000  x8=0x55555555
           8333	       315	80000140	9222	c.add	x4,x8	  x4:0x800034a8  x8:0x55555555  x4=0xd55589fd
           8353	       316	80000142	00225213	srli	x4,x4,0x2	  x4:0xd55589fd  x4=0x3555627f
           8373	       317	80000146	3b521073	csrrw	x0,pmpaddr5,x4	  x4:0x3555627f  x0=0x00000000
           8433	       320	8000014a	00003217	auipc	x4,0x3	  x4=0x8000314a
           8453	       321	8000014e	35e20213	addi	x4,x4,862	  x4:0x8000314a  x4=0x800034a8
           8833	       340	80000152	66666437	lui	x8,0x66666	  x8=0x66666000
           8853	       341	80000156	66640413	addi	x8,x8,1638	  x8:0x66666000  x8=0x66666666
           8873	       342	8000015a	9222	c.add	x4,x8	  x4:0x800034a8  x8:0x66666666  x4=0xe6669b0e
           8893	       343	8000015c	00225213	srli	x4,x4,0x2	  x4:0xe6669b0e  x4=0x3999a6c3
           9233	       360	80000160	3b621073	csrrw	x0,pmpaddr6,x4	  x4:0x3999a6c3  x0=0x00000000
           9293	       363	80000164	00003217	auipc	x4,0x3	  x4=0x80003164
           9313	       364	80000168	34420213	addi	x4,x4,836	  x4:0x80003164  x4=0x800034a8
           9333	       365	8000016c	77777437	lui	x8,0x77777	  x8=0x77777000
           9353	       366	80000170	77740413	addi	x8,x8,1911	  x8:0x77777000  x8=0x77777777
           9373	       367	80000174	9222	c.add	x4,x8	  x4:0x800034a8  x8:0x77777777  x4=0xf777ac1f
           9393	       368	80000176	00225213	srli	x4,x4,0x2	  x4:0xf777ac1f  x4=0x3dddeb07
           9413	       369	8000017a	3b721073	csrrw	x0,pmpaddr7,x4	  x4:0x3dddeb07  x0=0x00000000
           9593	       378	8000017e	0f0f1237	lui	x4,0xf0f1	  x4=0x0f0f1000
           9773	       387	80000182	f0f20213	addi	x4,x4,-241	  x4:0x0f0f1000  x4=0x0f0f0f0f
          10033	       400	80000186	3a121073	csrrw	x0,pmpcfg1,x4	  x4:0x0f0f0f0f  x0=0x00000000
          10093	       403	8000018a	00003217	auipc	x4,0x3	  x4=0x8000318a
          10113	       404	8000018e	31e20213	addi	x4,x4,798	  x4:0x8000318a  x4=0x800034a8
          10133	       405	80000192	88889437	lui	x8,0x88889	  x8=0x88889000
          10213	       409	80000196	88840413	addi	x8,x8,-1912	  x8:0x88889000  x8=0x88888888
          10233	       410	8000019a	9222	c.add	x4,x8	  x4:0x800034a8  x8:0x88888888  x4=0x0888bd30
          10273	       412	8000019c	00225213	srli	x4,x4,0x2	  x4:0x0888bd30  x4=0x02222f4c
          10293	       413	800001a0	3b821073	csrrw	x0,pmpaddr8,x4	  x4:0x02222f4c  x0=0x00000000
          10493	       423	800001a4	00003217	auipc	x4,0x3	  x4=0x800031a4
          10893	       443	800001a8	30420213	addi	x4,x4,772	  x4:0x800031a4  x4=0x800034a8
          10913	       444	800001ac	9999a437	lui	x8,0x9999a	  x8=0x9999a000
          11153	       456	800001b0	99940413	addi	x8,x8,-1639	  x8:0x9999a000  x8=0x99999999
          11213	       459	800001b4	9222	c.add	x4,x8	  x4:0x800034a8  x8:0x99999999  x4=0x1999ce41
          11353	       466	800001b6	00225213	srli	x4,x4,0x2	  x4:0x1999ce41  x4=0x06667390
          11553	       476	800001ba	3b921073	csrrw	x0,pmpaddr9,x4	  x4:0x06667390  x0=0x00000000
          11613	       479	800001be	00003217	auipc	x4,0x3	  x4=0x800031be
          11873	       492	800001c2	2ea20213	addi	x4,x4,746	  x4:0x800031be  x4=0x800034a8
          11893	       493	800001c6	aaaab437	lui	x8,0xaaaab	  x8=0xaaaab000
          12013	       499	800001ca	aaa40413	addi	x8,x8,-1366	  x8:0xaaaab000  x8=0xaaaaaaaa
          12033	       500	800001ce	9222	c.add	x4,x8	  x4:0x800034a8  x8:0xaaaaaaaa  x4=0x2aaadf52
          12293	       513	800001d0	00225213	srli	x4,x4,0x2	  x4:0x2aaadf52  x4=0x0aaab7d4
          12313	       514	800001d4	3ba21073	csrrw	x0,pmpaddr10,x4	  x4:0x0aaab7d4  x0=0x00000000
          12373	       517	800001d8	00003217	auipc	x4,0x3	  x4=0x800031d8
          12393	       518	800001dc	2d020213	addi	x4,x4,720	  x4:0x800031d8  x4=0x800034a8
          12413	       519	800001e0	bbbbc437	lui	x8,0xbbbbc	  x8=0xbbbbc000
          12653	       531	800001e4	bbb40413	addi	x8,x8,-1093	  x8:0xbbbbc000  x8=0xbbbbbbbb
          13073	       552	800001e8	9222	c.add	x4,x8	  x4:0x800034a8  x8:0xbbbbbbbb  x4=0x3bbbf063
          13173	       557	800001ea	00225213	srli	x4,x4,0x2	  x4:0x3bbbf063  x4=0x0eeefc18
          13193	       558	800001ee	3bb21073	csrrw	x0,pmpaddr11,x4	  x4:0x0eeefc18  x0=0x00000000
          13513	       574	800001f2	0f0f1237	lui	x4,0xf0f1	  x4=0x0f0f1000
          13533	       575	800001f6	f0f20213	addi	x4,x4,-241	  x4:0x0f0f1000  x4=0x0f0f0f0f
          13713	       584	800001fa	3a221073	csrrw	x0,pmpcfg2,x4	  x4:0x0f0f0f0f  x0=0x00000000
          13773	       587	800001fe	00003217	auipc	x4,0x3	  x4=0x800031fe
          13793	       588	80000202	2aa20213	addi	x4,x4,682	  x4:0x800031fe  x4=0x800034a8
          13813	       589	80000206	ccccd437	lui	x8,0xccccd	  x8=0xccccd000
          13833	       590	8000020a	ccc40413	addi	x8,x8,-820	  x8:0xccccd000  x8=0xcccccccc
          13853	       591	8000020e	9222	c.add	x4,x8	  x4:0x800034a8  x8:0xcccccccc  x4=0x4ccd0174
          13873	       592	80000210	00225213	srli	x4,x4,0x2	  x4:0x4ccd0174  x4=0x1333405d
          13893	       593	80000214	3bc21073	csrrw	x0,pmpaddr12,x4	  x4:0x1333405d  x0=0x00000000
          14053	       601	80000218	00003217	auipc	x4,0x3	  x4=0x80003218
          14073	       602	8000021c	29020213	addi	x4,x4,656	  x4:0x80003218  x4=0x800034a8
          14313	       614	80000220	dddde437	lui	x8,0xdddde	  x8=0xdddde000
          14333	       615	80000224	ddd40413	addi	x8,x8,-547	  x8:0xdddde000  x8=0xdddddddd
          14393	       618	80000228	9222	c.add	x4,x8	  x4:0x800034a8  x8:0xdddddddd  x4=0x5dde1285
          14413	       619	8000022a	00225213	srli	x4,x4,0x2	  x4:0x5dde1285  x4=0x177784a1
          14433	       620	8000022e	3bd21073	csrrw	x0,pmpaddr13,x4	  x4:0x177784a1  x0=0x00000000
          14713	       634	80000232	00003217	auipc	x4,0x3	  x4=0x80003232
          14733	       635	80000236	27620213	addi	x4,x4,630	  x4:0x80003232  x4=0x800034a8
          14993	       648	8000023a	eeeef437	lui	x8,0xeeeef	  x8=0xeeeef000
          15013	       649	8000023e	eee40413	addi	x8,x8,-274	  x8:0xeeeef000  x8=0xeeeeeeee
          15033	       650	80000242	9222	c.add	x4,x8	  x4:0x800034a8  x8:0xeeeeeeee  x4=0x6eef2396
          15293	       663	80000244	00225213	srli	x4,x4,0x2	  x4:0x6eef2396  x4=0x1bbbc8e5
          15433	       670	80000248	3be21073	csrrw	x0,pmpaddr14,x4	  x4:0x1bbbc8e5  x0=0x00000000
          15513	       674	8000024c	00003217	auipc	x4,0x3	  x4=0x8000324c
          15673	       682	80000250	25c20213	addi	x4,x4,604	  x4:0x8000324c  x4=0x800034a8
          15693	       683	80000254	fff00413	addi	x8,x0,-1	  x0:0x00000000  x8=0xffffffff
          15713	       684	80000258	9222	c.add	x4,x8	  x4:0x800034a8  x8:0xffffffff  x4=0x800034a7
          15813	       689	8000025a	00225213	srli	x4,x4,0x2	  x4:0x800034a7  x4=0x20000d29
          15833	       690	8000025e	3bf21073	csrrw	x0,pmpaddr15,x4	  x4:0x20000d29  x0=0x00000000
          16093	       703	80000262	0f0f1237	lui	x4,0xf0f1	  x4=0x0f0f1000
          16273	       712	80000266	f0f20213	addi	x4,x4,-241	  x4:0x0f0f1000  x4=0x0f0f0f0f
          16293	       713	8000026a	3a321073	csrrw	x0,pmpcfg3,x4	  x4:0x0f0f0f0f  x0=0x00000000
          16473	       722	8000026e	00000417	auipc	x8,0x0	  x8=0x8000026e
          16633	       730	80000272	05840413	addi	x8,x8,88	  x8:0x8000026e  x8=0x800002c6
          16653	       731	80000276	34141073	csrrw	x0,mepc,x8	  x8:0x800002c6  x0=0x00000000
          16893	       743	8000027a	7c00d073	csrrwi	x0,0x7c0,1	  x0=0x00000000
          16953	       746	8000027e	6409	c.lui	x8,0x2	  x8=0x00002000
          17073	       752	80000280	80040413	addi	x8,x8,-2048	  x8:0x00002000  x8=0x00001800
          17313	       764	80000284	30041073	csrrw	x0,mstatus,x8	  x8:0x00001800  x0=0x00000000
          17733	       785	80000288	4401	c.li	x8,0	  x8=0x00000000
          17953	       796	8000028a	30441073	csrrw	x0,mie,x8	  x8:0x00000000  x0=0x00000000
          18373	       817	8000028e	90000fb7	lui	x31,0x90000	 x31=0x90000000
          18393	       818	80000292	1ff1	c.addi	x31,-4	 x31:0x90000000 x31=0x8ffffffc
          18413	       819	80000294	30000413	addi	x8,x0,768	  x0:0x00000000  x8=0x00000300
          18433	       820	80000298	0422	c.slli	x8,0x8	  x8:0x00000300  x8=0x00030000
          18453	       821	8000029a	040d	c.addi	x8,3	  x8:0x00030000  x8=0x00030003
          18533	       825	8000029c	008fa023	sw	x8,0(x31)	 x31:0x8ffffffc  x8:0x00030003 PA:0x8ffffffc store:0x00030003
          18553	       826	800002a0	30002473	csrrs	x8,mstatus,x0	  x0:0x00000000  x8=0x00001800
          18993	       848	800002a4	008fa023	sw	x8,0(x31)	 x31:0x8ffffffc  x8:0x00001800 PA:0x8ffffffc store:0x00001800
          19013	       849	800002a8	90000fb7	lui	x31,0x90000	 x31=0x90000000
          19033	       850	800002ac	1ff1	c.addi	x31,-4	 x31:0x90000000 x31=0x8ffffffc
          19053	       851	800002ae	30400413	addi	x8,x0,772	  x0:0x00000000  x8=0x00000304
          19073	       852	800002b2	0422	c.slli	x8,0x8	  x8:0x00000304  x8=0x00030400
          19093	       853	800002b4	040d	c.addi	x8,3	  x8:0x00030400  x8=0x00030403
          19393	       868	800002b6	008fa023	sw	x8,0(x31)	 x31:0x8ffffffc  x8:0x00030403 PA:0x8ffffffc store:0x00030403
          19413	       869	800002ba	30402473	csrrs	x8,mie,x0	  x0:0x00000000  x8=0x00000000
          19473	       872	800002be	008fa023	sw	x8,0(x31)	 x31:0x8ffffffc  x8:0x00000000 PA:0x8ffffffc store:0x00000000
          19493	       873	800002c2	30200073	mret	
          20353	       916	800002c6	00000013	addi	x0,x0,0	  x0:0x00000000  x0=0x00000000
          20373	       917	800002ca	fa2990b7	lui	x1,0xfa299	  x1=0xfa299000
          20393	       918	800002ce	2f408093	addi	x1,x1,756	  x1:0xfa299000  x1=0xfa2992f4
          20473	       922	800002d2	80000137	lui	x2,0x80000	  x2=0x80000000
          20593	       928	800002d6	b91541b7	lui	x3,0xb9154	  x3=0xb9154000
          20613	       929	800002da	fc618193	addi	x3,x3,-58	  x3:0xb9154000  x3=0xb9153fc6
          20633	       930	800002de	f542f237	lui	x4,0xf542f	  x4=0xf542f000
          20653	       931	800002e2	66920213	addi	x4,x4,1641	  x4:0xf542f000  x4=0xf542f669
          20673	       932	800002e6	4309	c.li	x6,2	  x6=0x00000002
          20693	       933	800002e8	4381	c.li	x7,0	  x7=0x00000000
          20713	       934	800002ea	4401	c.li	x8,0	  x8=0x00000000
          20733	       935	800002ec	f169c4b7	lui	x9,0xf169c	  x9=0xf169c000
          20893	       943	800002f0	02948493	addi	x9,x9,41	  x9:0xf169c000  x9=0xf169c029
          20913	       944	800002f4	4501	c.li	x10,0	 x10=0x00000000
          20933	       945	800002f6	800005b7	lui	x11,0x80000	 x11=0x80000000
          21113	       954	800002fa	80000637	lui	x12,0x80000	 x12=0x80000000
          21133	       955	800002fe	46b9	c.li	x13,14	 x13=0x0000000e
          21433	       970	80000300	80000737	lui	x14,0x80000	 x14=0x80000000
          21533	       975	80000304	482d	c.li	x16,11	 x16=0x0000000b
          21553	       976	80000306	e1d678b7	lui	x17,0xe1d67	 x17=0xe1d67000
          21573	       977	8000030a	f3d88893	addi	x17,x17,-195	 x17:0xe1d67000 x17=0xe1d66f3d
          21993	       998	8000030e	f1dca937	lui	x18,0xf1dca	 x18=0xf1dca000
          22013	       999	80000312	4d890913	addi	x18,x18,1240	 x18:0xf1dca000 x18=0xf1dca4d8
          22033	      1000	80000316	49a9	c.li	x19,10	 x19=0x0000000a
          22173	      1007	80000318	80000a37	lui	x20,0x80000	 x20=0x80000000
          22533	      1025	8000031c	fc3adab7	lui	x21,0xfc3ad	 x21=0xfc3ad000
          22653	      1031	80000320	a78a8a93	addi	x21,x21,-1416	 x21:0xfc3ad000 x21=0xfc3aca78
          22673	      1032	80000324	ee973b37	lui	x22,0xee973	 x22=0xee973000
          23093	      1053	80000328	642b0b13	addi	x22,x22,1602	 x22:0xee973000 x22=0xee973642
          23293	      1063	8000032c	4b81	c.li	x23,0	 x23=0x00000000
          23693	      1083	8000032e	648bbc37	lui	x24,0x648bb	 x24=0x648bb000
          23853	      1091	80000332	450c0c13	addi	x24,x24,1104	 x24:0x648bb000 x24=0x648bb450
          23873	      1092	80000336	4c81	c.li	x25,0	 x25=0x00000000
          23893	      1093	80000338	8a34ad37	lui	x26,0x8a34a	 x26=0x8a34a000
          23913	      1094	8000033c	28fd0d13	addi	x26,x26,655	 x26:0x8a34a000 x26=0x8a34a28f
          24313	      1114	80000340	4da9	c.li	x27,10	 x27=0x0000000a
          24333	      1115	80000342	4e01	c.li	x28,0	 x28=0x00000000
          24353	      1116	80000344	4e81	c.li	x29,0	 x29=0x00000000
          24493	      1123	80000346	f3fe7f37	lui	x30,0xf3fe7	 x30=0xf3fe7000
          24593	      1128	8000034a	e16f0f13	addi	x30,x30,-490	 x30:0xf3fe7000 x30=0xf3fe6e16
          25013	      1149	8000034e	251b6fb7	lui	x31,0x251b6	 x31=0x251b6000
          25033	      1150	80000352	193f8f93	addi	x31,x31,403	 x31:0x251b6000 x31=0x251b6193
          25053	      1151	80000356	00022297	auipc	x5,0x22	  x5=0x80022356
          25073	      1152	8000035a	b0e28293	addi	x5,x5,-1266	  x5:0x80022356  x5=0x80021e64
          25313	      1164	8000035e	90000fb7	lui	x31,0x90000	 x31=0x90000000
          25333	      1165	80000362	1ff1	c.addi	x31,-4	 x31:0x90000000 x31=0x8ffffffc
          25353	      1166	80000364	4401	c.li	x8,0	  x8=0x00000000
          25373	      1167	80000366	0422	c.slli	x8,0x8	  x8:0x00000000  x8=0x00000000
          25693	      1183	80000368	00040413	addi	x8,x8,0	  x8:0x00000000  x8=0x00000000
          25753	      1186	8000036c	008fa023	sw	x8,0(x31)	 x31:0x8ffffffc  x8:0x00000000 PA:0x8ffffffc store:0x00000000
          25773	      1187	80000370	1380306f	jal	x0,80000490	  x0=0x00000000
          26473	      1222	80000490	0fb7008f	fence	iorw,irw	
