UVM_FATAL /runtime_only_unique_aaeg.sv(1) @ 1: runtime_only_unique_failure_aaeg normalization resistant timing marker
RUNTIME_ONLY_CASE=137 SOURCE_A=benchmark_set_2:2
riscv_csr_test.0 : [FAILED]
RUNTIME_ONLY_COMBINE SOURCE_B=benchmark_set_2:5
spike[937] : pc[ffffffff80000ca2] c.mv s0, sp: s0:00000338
[FAILED]: 883 matched, 64810 mismatch
000000000 RUNTIME_ONLY neutral retire case=00137 pc=0x80004618 opcode=xor x9=0x80004618
000000001 RUNTIME_ONLY neutral retire case=00137 pc=0x8000461c opcode=addi x10=0x8000461d
000000002 RUNTIME_ONLY neutral retire case=00137 pc=0x80004620 opcode=lw x11=0x80004622
000000003 RUNTIME_ONLY neutral retire case=00137 pc=0x80004624 opcode=sw x12=0x80004627
000000004 RUNTIME_ONLY neutral retire case=00137 pc=0x80004628 opcode=beq x13=0x8000462c
000000005 RUNTIME_ONLY neutral retire case=00137 pc=0x8000462c opcode=csrrw x14=0x80004629
000000006 RUNTIME_ONLY neutral retire case=00137 pc=0x80004630 opcode=xor x15=0x80004636
000000007 RUNTIME_ONLY neutral retire case=00137 pc=0x80004634 opcode=addi x16=0x80004633
000000008 RUNTIME_ONLY neutral retire case=00137 pc=0x80004638 opcode=lw x17=0x80004630
000000009 RUNTIME_ONLY neutral retire case=00137 pc=0x8000463c opcode=sw x18=0x80004635
000000010 RUNTIME_ONLY neutral retire case=00137 pc=0x80004640 opcode=beq x19=0x8000464a
000000011 RUNTIME_ONLY neutral retire case=00137 pc=0x80004644 opcode=csrrw x20=0x8000464f
000000012 RUNTIME_ONLY neutral retire case=00137 pc=0x80004648 opcode=xor x21=0x80004644
000000013 RUNTIME_ONLY neutral retire case=00137 pc=0x8000464c opcode=addi x22=0x80004641
000000014 RUNTIME_ONLY neutral retire case=00137 pc=0x80004650 opcode=lw x23=0x8000465e
000000015 RUNTIME_ONLY neutral retire case=00137 pc=0x80004654 opcode=sw x24=0x8000465b
000000016 RUNTIME_ONLY neutral retire case=00137 pc=0x80004658 opcode=beq x25=0x80004648
000000017 RUNTIME_ONLY neutral retire case=00137 pc=0x8000465c opcode=csrrw x26=0x8000464d
000000018 RUNTIME_ONLY neutral retire case=00137 pc=0x80004660 opcode=xor x27=0x80004672
000000019 RUNTIME_ONLY neutral retire case=00137 pc=0x80004664 opcode=addi x28=0x80004677
000000020 RUNTIME_ONLY neutral retire case=00137 pc=0x80004668 opcode=lw x29=0x8000467c
000000021 RUNTIME_ONLY neutral retire case=00137 pc=0x8000466c opcode=sw x30=0x80004679
000000022 RUNTIME_ONLY neutral retire case=00137 pc=0x80004670 opcode=beq x31=0x80004666
000000023 RUNTIME_ONLY neutral retire case=00137 pc=0x80004674 opcode=csrrw x0=0x80004663
000000024 RUNTIME_ONLY neutral retire case=00137 pc=0x80004678 opcode=xor x1=0x80004660
000000025 RUNTIME_ONLY neutral retire case=00137 pc=0x8000467c opcode=addi x2=0x80004665
000000026 RUNTIME_ONLY neutral retire case=00137 pc=0x80004680 opcode=lw x3=0x8000469a
000000027 RUNTIME_ONLY neutral retire case=00137 pc=0x80004684 opcode=sw x4=0x8000469f
000000028 RUNTIME_ONLY neutral retire case=00137 pc=0x80004688 opcode=beq x5=0x80004694
000000029 RUNTIME_ONLY neutral retire case=00137 pc=0x8000468c opcode=csrrw x6=0x80004691
000000030 RUNTIME_ONLY neutral retire case=00137 pc=0x80004690 opcode=xor x7=0x8000468e
000000031 RUNTIME_ONLY neutral retire case=00137 pc=0x80004694 opcode=addi x8=0x8000468b
000000032 RUNTIME_ONLY neutral retire case=00137 pc=0x80004698 opcode=lw x9=0x800046b8
000000033 RUNTIME_ONLY neutral retire case=00137 pc=0x8000469c opcode=sw x10=0x800046bd
000000034 RUNTIME_ONLY neutral retire case=00137 pc=0x800046a0 opcode=beq x11=0x80004682
000000035 RUNTIME_ONLY neutral retire case=00137 pc=0x800046a4 opcode=csrrw x12=0x80004687
000000036 RUNTIME_ONLY neutral retire case=00137 pc=0x800046a8 opcode=xor x13=0x8000468c
000000037 RUNTIME_ONLY neutral retire case=00137 pc=0x800046ac opcode=addi x14=0x80004689
000000038 RUNTIME_ONLY neutral retire case=00137 pc=0x800046b0 opcode=lw x15=0x80004696
000000039 RUNTIME_ONLY neutral retire case=00137 pc=0x800046b4 opcode=sw x16=0x80004693
000000040 RUNTIME_ONLY neutral retire case=00137 pc=0x800046b8 opcode=beq x17=0x80004690
000000041 RUNTIME_ONLY neutral retire case=00137 pc=0x800046bc opcode=csrrw x18=0x80004695
000000042 RUNTIME_ONLY neutral retire case=00137 pc=0x800046c0 opcode=xor x19=0x800046ea
000000043 RUNTIME_ONLY neutral retire case=00137 pc=0x800046c4 opcode=addi x20=0x800046ef
000000044 RUNTIME_ONLY neutral retire case=00137 pc=0x800046c8 opcode=lw x21=0x800046e4
000000045 RUNTIME_ONLY neutral retire case=00137 pc=0x800046cc opcode=sw x22=0x800046e1
000000046 RUNTIME_ONLY neutral retire case=00137 pc=0x800046d0 opcode=beq x23=0x800046fe
000000047 RUNTIME_ONLY neutral retire case=00137 pc=0x800046d4 opcode=csrrw x24=0x800046fb
000000048 RUNTIME_ONLY neutral retire case=00137 pc=0x800046d8 opcode=xor x25=0x800046e8
000000049 RUNTIME_ONLY neutral retire case=00137 pc=0x800046dc opcode=addi x26=0x800046ed
000000050 RUNTIME_ONLY neutral retire case=00137 pc=0x800046e0 opcode=lw x27=0x800046d2
000000051 RUNTIME_ONLY neutral retire case=00137 pc=0x800046e4 opcode=sw x28=0x800046d7
000000052 RUNTIME_ONLY neutral retire case=00137 pc=0x800046e8 opcode=beq x29=0x800046dc
000000053 RUNTIME_ONLY neutral retire case=00137 pc=0x800046ec opcode=csrrw x30=0x800046d9
000000054 RUNTIME_ONLY neutral retire case=00137 pc=0x800046f0 opcode=xor x31=0x800046c6
000000055 RUNTIME_ONLY neutral retire case=00137 pc=0x800046f4 opcode=addi x0=0x800046c3
000000056 RUNTIME_ONLY neutral retire case=00137 pc=0x800046f8 opcode=lw x1=0x800046c0
000000057 RUNTIME_ONLY neutral retire case=00137 pc=0x800046fc opcode=sw x2=0x800046c5
000000058 RUNTIME_ONLY neutral retire case=00137 pc=0x80004700 opcode=beq x3=0x8000473a
000000059 RUNTIME_ONLY neutral retire case=00137 pc=0x80004704 opcode=csrrw x4=0x8000473f
000000060 RUNTIME_ONLY neutral retire case=00137 pc=0x80004708 opcode=xor x5=0x80004734
000000061 RUNTIME_ONLY neutral retire case=00137 pc=0x8000470c opcode=addi x6=0x80004731
000000062 RUNTIME_ONLY neutral retire case=00137 pc=0x80004710 opcode=lw x7=0x8000472e
000000063 RUNTIME_ONLY neutral retire case=00137 pc=0x80004714 opcode=sw x8=0x8000472b
000000064 RUNTIME_ONLY neutral retire case=00137 pc=0x80004718 opcode=beq x9=0x80004758
000000065 RUNTIME_ONLY neutral retire case=00137 pc=0x8000471c opcode=csrrw x10=0x8000475d
000000066 RUNTIME_ONLY neutral retire case=00137 pc=0x80004720 opcode=xor x11=0x80004762
000000067 RUNTIME_ONLY neutral retire case=00137 pc=0x80004724 opcode=addi x12=0x80004767
000000068 RUNTIME_ONLY neutral retire case=00137 pc=0x80004728 opcode=lw x13=0x8000476c
000000069 RUNTIME_ONLY neutral retire case=00137 pc=0x8000472c opcode=sw x14=0x80004769
000000070 RUNTIME_ONLY neutral retire case=00137 pc=0x80004730 opcode=beq x15=0x80004776
000000071 RUNTIME_ONLY neutral retire case=00137 pc=0x80004734 opcode=csrrw x16=0x80004773
000000072 RUNTIME_ONLY neutral retire case=00137 pc=0x80004738 opcode=xor x17=0x80004770
