UVM_FATAL /runtime_only_unique_aael.sv(1) @ 1: runtime_only_unique_failure_aael normalization resistant timing marker
RUNTIME_ONLY_CASE=142 SOURCE_A=benchmark_set_2:7
Mismatch[1]:
ibex[167] : pc[80000378] mulhsu x10,x13,x11: a0:00802801
RUNTIME_ONLY_COMBINE SOURCE_B=benchmark_set_2:8
riscv_debug_ebreakmu_test.0 : [FAILED]
000000000 RUNTIME_ONLY neutral retire case=00142 pc=0x800048a8 opcode=csrrw x14=0x800048a8
000000001 RUNTIME_ONLY neutral retire case=00142 pc=0x800048ac opcode=xor x15=0x800048ad
000000002 RUNTIME_ONLY neutral retire case=00142 pc=0x800048b0 opcode=addi x16=0x800048b2
000000003 RUNTIME_ONLY neutral retire case=00142 pc=0x800048b4 opcode=lw x17=0x800048b7
000000004 RUNTIME_ONLY neutral retire case=00142 pc=0x800048b8 opcode=sw x18=0x800048bc
000000005 RUNTIME_ONLY neutral retire case=00142 pc=0x800048bc opcode=beq x19=0x800048b9
000000006 RUNTIME_ONLY neutral retire case=00142 pc=0x800048c0 opcode=csrrw x20=0x800048c6
000000007 RUNTIME_ONLY neutral retire case=00142 pc=0x800048c4 opcode=xor x21=0x800048c3
000000008 RUNTIME_ONLY neutral retire case=00142 pc=0x800048c8 opcode=addi x22=0x800048c0
000000009 RUNTIME_ONLY neutral retire case=00142 pc=0x800048cc opcode=lw x23=0x800048c5
000000010 RUNTIME_ONLY neutral retire case=00142 pc=0x800048d0 opcode=sw x24=0x800048da
000000011 RUNTIME_ONLY neutral retire case=00142 pc=0x800048d4 opcode=beq x25=0x800048df
000000012 RUNTIME_ONLY neutral retire case=00142 pc=0x800048d8 opcode=csrrw x26=0x800048d4
000000013 RUNTIME_ONLY neutral retire case=00142 pc=0x800048dc opcode=xor x27=0x800048d1
000000014 RUNTIME_ONLY neutral retire case=00142 pc=0x800048e0 opcode=addi x28=0x800048ee
000000015 RUNTIME_ONLY neutral retire case=00142 pc=0x800048e4 opcode=lw x29=0x800048eb
000000016 RUNTIME_ONLY neutral retire case=00142 pc=0x800048e8 opcode=sw x30=0x800048f8
000000017 RUNTIME_ONLY neutral retire case=00142 pc=0x800048ec opcode=beq x31=0x800048fd
000000018 RUNTIME_ONLY neutral retire case=00142 pc=0x800048f0 opcode=csrrw x0=0x800048e2
000000019 RUNTIME_ONLY neutral retire case=00142 pc=0x800048f4 opcode=xor x1=0x800048e7
000000020 RUNTIME_ONLY neutral retire case=00142 pc=0x800048f8 opcode=addi x2=0x800048ec
000000021 RUNTIME_ONLY neutral retire case=00142 pc=0x800048fc opcode=lw x3=0x800048e9
000000022 RUNTIME_ONLY neutral retire case=00142 pc=0x80004900 opcode=sw x4=0x80004916
000000023 RUNTIME_ONLY neutral retire case=00142 pc=0x80004904 opcode=beq x5=0x80004913
000000024 RUNTIME_ONLY neutral retire case=00142 pc=0x80004908 opcode=csrrw x6=0x80004910
000000025 RUNTIME_ONLY neutral retire case=00142 pc=0x8000490c opcode=xor x7=0x80004915
000000026 RUNTIME_ONLY neutral retire case=00142 pc=0x80004910 opcode=addi x8=0x8000490a
000000027 RUNTIME_ONLY neutral retire case=00142 pc=0x80004914 opcode=lw x9=0x8000490f
000000028 RUNTIME_ONLY neutral retire case=00142 pc=0x80004918 opcode=sw x10=0x80004904
000000029 RUNTIME_ONLY neutral retire case=00142 pc=0x8000491c opcode=beq x11=0x80004901
000000030 RUNTIME_ONLY neutral retire case=00142 pc=0x80004920 opcode=csrrw x12=0x8000493e
000000031 RUNTIME_ONLY neutral retire case=00142 pc=0x80004924 opcode=xor x13=0x8000493b
000000032 RUNTIME_ONLY neutral retire case=00142 pc=0x80004928 opcode=addi x14=0x80004908
000000033 RUNTIME_ONLY neutral retire case=00142 pc=0x8000492c opcode=lw x15=0x8000490d
000000034 RUNTIME_ONLY neutral retire case=00142 pc=0x80004930 opcode=sw x16=0x80004912
000000035 RUNTIME_ONLY neutral retire case=00142 pc=0x80004934 opcode=beq x17=0x80004917
000000036 RUNTIME_ONLY neutral retire case=00142 pc=0x80004938 opcode=csrrw x18=0x8000491c
000000037 RUNTIME_ONLY neutral retire case=00142 pc=0x8000493c opcode=xor x19=0x80004919
000000038 RUNTIME_ONLY neutral retire case=00142 pc=0x80004940 opcode=addi x20=0x80004966
000000039 RUNTIME_ONLY neutral retire case=00142 pc=0x80004944 opcode=lw x21=0x80004963
000000040 RUNTIME_ONLY neutral retire case=00142 pc=0x80004948 opcode=sw x22=0x80004960
000000041 RUNTIME_ONLY neutral retire case=00142 pc=0x8000494c opcode=beq x23=0x80004965
000000042 RUNTIME_ONLY neutral retire case=00142 pc=0x80004950 opcode=csrrw x24=0x8000497a
000000043 RUNTIME_ONLY neutral retire case=00142 pc=0x80004954 opcode=xor x25=0x8000497f
000000044 RUNTIME_ONLY neutral retire case=00142 pc=0x80004958 opcode=addi x26=0x80004974
000000045 RUNTIME_ONLY neutral retire case=00142 pc=0x8000495c opcode=lw x27=0x80004971
000000046 RUNTIME_ONLY neutral retire case=00142 pc=0x80004960 opcode=sw x28=0x8000494e
000000047 RUNTIME_ONLY neutral retire case=00142 pc=0x80004964 opcode=beq x29=0x8000494b
000000048 RUNTIME_ONLY neutral retire case=00142 pc=0x80004968 opcode=csrrw x30=0x80004958
000000049 RUNTIME_ONLY neutral retire case=00142 pc=0x8000496c opcode=xor x31=0x8000495d
000000050 RUNTIME_ONLY neutral retire case=00142 pc=0x80004970 opcode=addi x0=0x80004942
000000051 RUNTIME_ONLY neutral retire case=00142 pc=0x80004974 opcode=lw x1=0x80004947
000000052 RUNTIME_ONLY neutral retire case=00142 pc=0x80004978 opcode=sw x2=0x8000494c
000000053 RUNTIME_ONLY neutral retire case=00142 pc=0x8000497c opcode=beq x3=0x80004949
000000054 RUNTIME_ONLY neutral retire case=00142 pc=0x80004980 opcode=csrrw x4=0x800049b6
000000055 RUNTIME_ONLY neutral retire case=00142 pc=0x80004984 opcode=xor x5=0x800049b3
000000056 RUNTIME_ONLY neutral retire case=00142 pc=0x80004988 opcode=addi x6=0x800049b0
000000057 RUNTIME_ONLY neutral retire case=00142 pc=0x8000498c opcode=lw x7=0x800049b5
000000058 RUNTIME_ONLY neutral retire case=00142 pc=0x80004990 opcode=sw x8=0x800049aa
000000059 RUNTIME_ONLY neutral retire case=00142 pc=0x80004994 opcode=beq x9=0x800049af
000000060 RUNTIME_ONLY neutral retire case=00142 pc=0x80004998 opcode=csrrw x10=0x800049a4
000000061 RUNTIME_ONLY neutral retire case=00142 pc=0x8000499c opcode=xor x11=0x800049a1
000000062 RUNTIME_ONLY neutral retire case=00142 pc=0x800049a0 opcode=addi x12=0x8000499e
000000063 RUNTIME_ONLY neutral retire case=00142 pc=0x800049a4 opcode=lw x13=0x8000499b
000000064 RUNTIME_ONLY neutral retire case=00142 pc=0x800049a8 opcode=sw x14=0x800049e8
000000065 RUNTIME_ONLY neutral retire case=00142 pc=0x800049ac opcode=beq x15=0x800049ed
000000066 RUNTIME_ONLY neutral retire case=00142 pc=0x800049b0 opcode=csrrw x16=0x800049f2
000000067 RUNTIME_ONLY neutral retire case=00142 pc=0x800049b4 opcode=xor x17=0x800049f7
000000068 RUNTIME_ONLY neutral retire case=00142 pc=0x800049b8 opcode=addi x18=0x800049fc
000000069 RUNTIME_ONLY neutral retire case=00142 pc=0x800049bc opcode=lw x19=0x800049f9
000000070 RUNTIME_ONLY neutral retire case=00142 pc=0x800049c0 opcode=sw x20=0x80004986
000000071 RUNTIME_ONLY neutral retire case=00142 pc=0x800049c4 opcode=beq x21=0x80004983
000000072 RUNTIME_ONLY neutral retire case=00142 pc=0x800049c8 opcode=csrrw x22=0x80004980
000000073 RUNTIME_ONLY neutral retire case=00142 pc=0x800049cc opcode=xor x23=0x80004985
000000074 RUNTIME_ONLY neutral retire case=00142 pc=0x800049d0 opcode=addi x24=0x8000499a
000000075 RUNTIME_ONLY neutral retire case=00142 pc=0x800049d4 opcode=lw x25=0x8000499f
