UVM_FATAL /runtime_only_unique_aaab.sv(1) @ 1: runtime_only_unique_failure_aaab normalization resistant timing marker
RUNTIME_ONLY_CASE=2 SOURCE_A=benchmark_set_1:2
Mismatch[1]:
ibex[88] : pc[8000f8e0] addi x5,x5,-124: t0:80022da0
RUNTIME_ONLY_COMBINE SOURCE_B=benchmark_set_2:20
riscv_multiple_interrupt_test.0 : [FAILED]
000000000 RUNTIME_ONLY neutral retire case=00002 pc=0x80000104 opcode=sw x2=0x80000104
000000001 RUNTIME_ONLY neutral retire case=00002 pc=0x80000108 opcode=beq x3=0x80000109
000000002 RUNTIME_ONLY neutral retire case=00002 pc=0x8000010c opcode=csrrw x4=0x8000010e
000000003 RUNTIME_ONLY neutral retire case=00002 pc=0x80000110 opcode=xor x5=0x80000113
000000004 RUNTIME_ONLY neutral retire case=00002 pc=0x80000114 opcode=addi x6=0x80000110
000000005 RUNTIME_ONLY neutral retire case=00002 pc=0x80000118 opcode=lw x7=0x8000011d
000000006 RUNTIME_ONLY neutral retire case=00002 pc=0x8000011c opcode=sw x8=0x8000011a
000000007 RUNTIME_ONLY neutral retire case=00002 pc=0x80000120 opcode=beq x9=0x80000127
000000008 RUNTIME_ONLY neutral retire case=00002 pc=0x80000124 opcode=csrrw x10=0x8000012c
000000009 RUNTIME_ONLY neutral retire case=00002 pc=0x80000128 opcode=xor x11=0x80000121
000000010 RUNTIME_ONLY neutral retire case=00002 pc=0x8000012c opcode=addi x12=0x80000126
000000011 RUNTIME_ONLY neutral retire case=00002 pc=0x80000130 opcode=lw x13=0x8000013b
000000012 RUNTIME_ONLY neutral retire case=00002 pc=0x80000134 opcode=sw x14=0x80000138
000000013 RUNTIME_ONLY neutral retire case=00002 pc=0x80000138 opcode=beq x15=0x80000135
000000014 RUNTIME_ONLY neutral retire case=00002 pc=0x8000013c opcode=csrrw x16=0x80000132
000000015 RUNTIME_ONLY neutral retire case=00002 pc=0x80000140 opcode=xor x17=0x8000014f
000000016 RUNTIME_ONLY neutral retire case=00002 pc=0x80000144 opcode=addi x18=0x80000154
000000017 RUNTIME_ONLY neutral retire case=00002 pc=0x80000148 opcode=lw x19=0x80000159
000000018 RUNTIME_ONLY neutral retire case=00002 pc=0x8000014c opcode=sw x20=0x8000015e
000000019 RUNTIME_ONLY neutral retire case=00002 pc=0x80000150 opcode=beq x21=0x80000143
000000020 RUNTIME_ONLY neutral retire case=00002 pc=0x80000154 opcode=csrrw x22=0x80000140
000000021 RUNTIME_ONLY neutral retire case=00002 pc=0x80000158 opcode=xor x23=0x8000014d
000000022 RUNTIME_ONLY neutral retire case=00002 pc=0x8000015c opcode=addi x24=0x8000014a
000000023 RUNTIME_ONLY neutral retire case=00002 pc=0x80000160 opcode=lw x25=0x80000177
000000024 RUNTIME_ONLY neutral retire case=00002 pc=0x80000164 opcode=sw x26=0x8000017c
000000025 RUNTIME_ONLY neutral retire case=00002 pc=0x80000168 opcode=beq x27=0x80000171
000000026 RUNTIME_ONLY neutral retire case=00002 pc=0x8000016c opcode=csrrw x28=0x80000176
000000027 RUNTIME_ONLY neutral retire case=00002 pc=0x80000170 opcode=xor x29=0x8000016b
000000028 RUNTIME_ONLY neutral retire case=00002 pc=0x80000174 opcode=addi x30=0x80000168
000000029 RUNTIME_ONLY neutral retire case=00002 pc=0x80000178 opcode=lw x31=0x80000165
000000030 RUNTIME_ONLY neutral retire case=00002 pc=0x8000017c opcode=sw x0=0x80000162
000000031 RUNTIME_ONLY neutral retire case=00002 pc=0x80000180 opcode=beq x1=0x8000019f
000000032 RUNTIME_ONLY neutral retire case=00002 pc=0x80000184 opcode=csrrw x2=0x800001a4
000000033 RUNTIME_ONLY neutral retire case=00002 pc=0x80000188 opcode=xor x3=0x800001a9
000000034 RUNTIME_ONLY neutral retire case=00002 pc=0x8000018c opcode=addi x4=0x800001ae
000000035 RUNTIME_ONLY neutral retire case=00002 pc=0x80000190 opcode=lw x5=0x800001b3
000000036 RUNTIME_ONLY neutral retire case=00002 pc=0x80000194 opcode=sw x6=0x800001b0
000000037 RUNTIME_ONLY neutral retire case=00002 pc=0x80000198 opcode=beq x7=0x800001bd
000000038 RUNTIME_ONLY neutral retire case=00002 pc=0x8000019c opcode=csrrw x8=0x800001ba
000000039 RUNTIME_ONLY neutral retire case=00002 pc=0x800001a0 opcode=xor x9=0x80000187
000000040 RUNTIME_ONLY neutral retire case=00002 pc=0x800001a4 opcode=addi x10=0x8000018c
000000041 RUNTIME_ONLY neutral retire case=00002 pc=0x800001a8 opcode=lw x11=0x80000181
000000042 RUNTIME_ONLY neutral retire case=00002 pc=0x800001ac opcode=sw x12=0x80000186
000000043 RUNTIME_ONLY neutral retire case=00002 pc=0x800001b0 opcode=beq x13=0x8000019b
000000044 RUNTIME_ONLY neutral retire case=00002 pc=0x800001b4 opcode=csrrw x14=0x80000198
000000045 RUNTIME_ONLY neutral retire case=00002 pc=0x800001b8 opcode=xor x15=0x80000195
000000046 RUNTIME_ONLY neutral retire case=00002 pc=0x800001bc opcode=addi x16=0x80000192
000000047 RUNTIME_ONLY neutral retire case=00002 pc=0x800001c0 opcode=lw x17=0x800001ef
000000048 RUNTIME_ONLY neutral retire case=00002 pc=0x800001c4 opcode=sw x18=0x800001f4
000000049 RUNTIME_ONLY neutral retire case=00002 pc=0x800001c8 opcode=beq x19=0x800001f9
000000050 RUNTIME_ONLY neutral retire case=00002 pc=0x800001cc opcode=csrrw x20=0x800001fe
000000051 RUNTIME_ONLY neutral retire case=00002 pc=0x800001d0 opcode=xor x21=0x800001e3
000000052 RUNTIME_ONLY neutral retire case=00002 pc=0x800001d4 opcode=addi x22=0x800001e0
000000053 RUNTIME_ONLY neutral retire case=00002 pc=0x800001d8 opcode=lw x23=0x800001ed
000000054 RUNTIME_ONLY neutral retire case=00002 pc=0x800001dc opcode=sw x24=0x800001ea
000000055 RUNTIME_ONLY neutral retire case=00002 pc=0x800001e0 opcode=beq x25=0x800001d7
000000056 RUNTIME_ONLY neutral retire case=00002 pc=0x800001e4 opcode=csrrw x26=0x800001dc
000000057 RUNTIME_ONLY neutral retire case=00002 pc=0x800001e8 opcode=xor x27=0x800001d1
000000058 RUNTIME_ONLY neutral retire case=00002 pc=0x800001ec opcode=addi x28=0x800001d6
000000059 RUNTIME_ONLY neutral retire case=00002 pc=0x800001f0 opcode=lw x29=0x800001cb
000000060 RUNTIME_ONLY neutral retire case=00002 pc=0x800001f4 opcode=sw x30=0x800001c8
000000061 RUNTIME_ONLY neutral retire case=00002 pc=0x800001f8 opcode=beq x31=0x800001c5
000000062 RUNTIME_ONLY neutral retire case=00002 pc=0x800001fc opcode=csrrw x0=0x800001c2
000000063 RUNTIME_ONLY neutral retire case=00002 pc=0x80000200 opcode=xor x1=0x8000023f
000000064 RUNTIME_ONLY neutral retire case=00002 pc=0x80000204 opcode=addi x2=0x80000244
000000065 RUNTIME_ONLY neutral retire case=00002 pc=0x80000208 opcode=lw x3=0x80000249
000000066 RUNTIME_ONLY neutral retire case=00002 pc=0x8000020c opcode=sw x4=0x8000024e
000000067 RUNTIME_ONLY neutral retire case=00002 pc=0x80000210 opcode=beq x5=0x80000253
000000068 RUNTIME_ONLY neutral retire case=00002 pc=0x80000214 opcode=csrrw x6=0x80000250
000000069 RUNTIME_ONLY neutral retire case=00002 pc=0x80000218 opcode=xor x7=0x8000025d
000000070 RUNTIME_ONLY neutral retire case=00002 pc=0x8000021c opcode=addi x8=0x8000025a
000000071 RUNTIME_ONLY neutral retire case=00002 pc=0x80000220 opcode=lw x9=0x80000267
000000072 RUNTIME_ONLY neutral retire case=00002 pc=0x80000224 opcode=sw x10=0x8000026c
000000073 RUNTIME_ONLY neutral retire case=00002 pc=0x80000228 opcode=beq x11=0x80000261
000000074 RUNTIME_ONLY neutral retire case=00002 pc=0x8000022c opcode=csrrw x12=0x80000266
