UVM_FATAL /runtime_only_unique_aakk.sv(1) @ 1: runtime_only_unique_failure_aakk normalization resistant timing marker
RUNTIME_ONLY_CASE=297 SOURCE_A=benchmark_set_2:2
riscv_csr_test.0 : [FAILED]
RUNTIME_ONLY_COMBINE SOURCE_B=benchmark_set_2:5
spike[937] : pc[ffffffff80000ca2] c.mv s0, sp: s0:00000338
[FAILED]: 883 matched, 64810 mismatch
000000000 RUNTIME_ONLY neutral retire case=00297 pc=0x800097f8 opcode=beq x9=0x800097f8
000000001 RUNTIME_ONLY neutral retire case=00297 pc=0x800097fc opcode=csrrw x10=0x800097fd
000000002 RUNTIME_ONLY neutral retire case=00297 pc=0x80009800 opcode=xor x11=0x80009802
000000003 RUNTIME_ONLY neutral retire case=00297 pc=0x80009804 opcode=addi x12=0x80009807
000000004 RUNTIME_ONLY neutral retire case=00297 pc=0x80009808 opcode=lw x13=0x8000980c
000000005 RUNTIME_ONLY neutral retire case=00297 pc=0x8000980c opcode=sw x14=0x80009809
000000006 RUNTIME_ONLY neutral retire case=00297 pc=0x80009810 opcode=beq x15=0x80009816
000000007 RUNTIME_ONLY neutral retire case=00297 pc=0x80009814 opcode=csrrw x16=0x80009813
000000008 RUNTIME_ONLY neutral retire case=00297 pc=0x80009818 opcode=xor x17=0x80009810
000000009 RUNTIME_ONLY neutral retire case=00297 pc=0x8000981c opcode=addi x18=0x80009815
000000010 RUNTIME_ONLY neutral retire case=00297 pc=0x80009820 opcode=lw x19=0x8000982a
000000011 RUNTIME_ONLY neutral retire case=00297 pc=0x80009824 opcode=sw x20=0x8000982f
000000012 RUNTIME_ONLY neutral retire case=00297 pc=0x80009828 opcode=beq x21=0x80009824
000000013 RUNTIME_ONLY neutral retire case=00297 pc=0x8000982c opcode=csrrw x22=0x80009821
000000014 RUNTIME_ONLY neutral retire case=00297 pc=0x80009830 opcode=xor x23=0x8000983e
000000015 RUNTIME_ONLY neutral retire case=00297 pc=0x80009834 opcode=addi x24=0x8000983b
000000016 RUNTIME_ONLY neutral retire case=00297 pc=0x80009838 opcode=lw x25=0x80009828
000000017 RUNTIME_ONLY neutral retire case=00297 pc=0x8000983c opcode=sw x26=0x8000982d
000000018 RUNTIME_ONLY neutral retire case=00297 pc=0x80009840 opcode=beq x27=0x80009852
000000019 RUNTIME_ONLY neutral retire case=00297 pc=0x80009844 opcode=csrrw x28=0x80009857
000000020 RUNTIME_ONLY neutral retire case=00297 pc=0x80009848 opcode=xor x29=0x8000985c
000000021 RUNTIME_ONLY neutral retire case=00297 pc=0x8000984c opcode=addi x30=0x80009859
000000022 RUNTIME_ONLY neutral retire case=00297 pc=0x80009850 opcode=lw x31=0x80009846
000000023 RUNTIME_ONLY neutral retire case=00297 pc=0x80009854 opcode=sw x0=0x80009843
000000024 RUNTIME_ONLY neutral retire case=00297 pc=0x80009858 opcode=beq x1=0x80009840
000000025 RUNTIME_ONLY neutral retire case=00297 pc=0x8000985c opcode=csrrw x2=0x80009845
000000026 RUNTIME_ONLY neutral retire case=00297 pc=0x80009860 opcode=xor x3=0x8000987a
000000027 RUNTIME_ONLY neutral retire case=00297 pc=0x80009864 opcode=addi x4=0x8000987f
000000028 RUNTIME_ONLY neutral retire case=00297 pc=0x80009868 opcode=lw x5=0x80009874
000000029 RUNTIME_ONLY neutral retire case=00297 pc=0x8000986c opcode=sw x6=0x80009871
000000030 RUNTIME_ONLY neutral retire case=00297 pc=0x80009870 opcode=beq x7=0x8000986e
000000031 RUNTIME_ONLY neutral retire case=00297 pc=0x80009874 opcode=csrrw x8=0x8000986b
000000032 RUNTIME_ONLY neutral retire case=00297 pc=0x80009878 opcode=xor x9=0x80009858
000000033 RUNTIME_ONLY neutral retire case=00297 pc=0x8000987c opcode=addi x10=0x8000985d
000000034 RUNTIME_ONLY neutral retire case=00297 pc=0x80009880 opcode=lw x11=0x800098a2
000000035 RUNTIME_ONLY neutral retire case=00297 pc=0x80009884 opcode=sw x12=0x800098a7
000000036 RUNTIME_ONLY neutral retire case=00297 pc=0x80009888 opcode=beq x13=0x800098ac
000000037 RUNTIME_ONLY neutral retire case=00297 pc=0x8000988c opcode=csrrw x14=0x800098a9
000000038 RUNTIME_ONLY neutral retire case=00297 pc=0x80009890 opcode=xor x15=0x800098b6
000000039 RUNTIME_ONLY neutral retire case=00297 pc=0x80009894 opcode=addi x16=0x800098b3
000000040 RUNTIME_ONLY neutral retire case=00297 pc=0x80009898 opcode=lw x17=0x800098b0
000000041 RUNTIME_ONLY neutral retire case=00297 pc=0x8000989c opcode=sw x18=0x800098b5
000000042 RUNTIME_ONLY neutral retire case=00297 pc=0x800098a0 opcode=beq x19=0x8000988a
000000043 RUNTIME_ONLY neutral retire case=00297 pc=0x800098a4 opcode=csrrw x20=0x8000988f
000000044 RUNTIME_ONLY neutral retire case=00297 pc=0x800098a8 opcode=xor x21=0x80009884
000000045 RUNTIME_ONLY neutral retire case=00297 pc=0x800098ac opcode=addi x22=0x80009881
000000046 RUNTIME_ONLY neutral retire case=00297 pc=0x800098b0 opcode=lw x23=0x8000989e
000000047 RUNTIME_ONLY neutral retire case=00297 pc=0x800098b4 opcode=sw x24=0x8000989b
000000048 RUNTIME_ONLY neutral retire case=00297 pc=0x800098b8 opcode=beq x25=0x80009888
000000049 RUNTIME_ONLY neutral retire case=00297 pc=0x800098bc opcode=csrrw x26=0x8000988d
000000050 RUNTIME_ONLY neutral retire case=00297 pc=0x800098c0 opcode=xor x27=0x800098f2
000000051 RUNTIME_ONLY neutral retire case=00297 pc=0x800098c4 opcode=addi x28=0x800098f7
000000052 RUNTIME_ONLY neutral retire case=00297 pc=0x800098c8 opcode=lw x29=0x800098fc
000000053 RUNTIME_ONLY neutral retire case=00297 pc=0x800098cc opcode=sw x30=0x800098f9
000000054 RUNTIME_ONLY neutral retire case=00297 pc=0x800098d0 opcode=beq x31=0x800098e6
000000055 RUNTIME_ONLY neutral retire case=00297 pc=0x800098d4 opcode=csrrw x0=0x800098e3
000000056 RUNTIME_ONLY neutral retire case=00297 pc=0x800098d8 opcode=xor x1=0x800098e0
000000057 RUNTIME_ONLY neutral retire case=00297 pc=0x800098dc opcode=addi x2=0x800098e5
000000058 RUNTIME_ONLY neutral retire case=00297 pc=0x800098e0 opcode=lw x3=0x800098da
000000059 RUNTIME_ONLY neutral retire case=00297 pc=0x800098e4 opcode=sw x4=0x800098df
000000060 RUNTIME_ONLY neutral retire case=00297 pc=0x800098e8 opcode=beq x5=0x800098d4
000000061 RUNTIME_ONLY neutral retire case=00297 pc=0x800098ec opcode=csrrw x6=0x800098d1
000000062 RUNTIME_ONLY neutral retire case=00297 pc=0x800098f0 opcode=xor x7=0x800098ce
000000063 RUNTIME_ONLY neutral retire case=00297 pc=0x800098f4 opcode=addi x8=0x800098cb
000000064 RUNTIME_ONLY neutral retire case=00297 pc=0x800098f8 opcode=lw x9=0x800098b8
000000065 RUNTIME_ONLY neutral retire case=00297 pc=0x800098fc opcode=sw x10=0x800098bd
000000066 RUNTIME_ONLY neutral retire case=00297 pc=0x80009900 opcode=beq x11=0x80009942
000000067 RUNTIME_ONLY neutral retire case=00297 pc=0x80009904 opcode=csrrw x12=0x80009947
000000068 RUNTIME_ONLY neutral retire case=00297 pc=0x80009908 opcode=xor x13=0x8000994c
000000069 RUNTIME_ONLY neutral retire case=00297 pc=0x8000990c opcode=addi x14=0x80009949
000000070 RUNTIME_ONLY neutral retire case=00297 pc=0x80009910 opcode=lw x15=0x80009956
000000071 RUNTIME_ONLY neutral retire case=00297 pc=0x80009914 opcode=sw x16=0x80009953
000000072 RUNTIME_ONLY neutral retire case=00297 pc=0x80009918 opcode=beq x17=0x80009950
