0.00% PASS 0 PASSED, 1 FAILED
riscv_rand_instr_test.2065: FAILED


################################################################################
# Details of failing tests
################################################################################

riscv_rand_instr_test.2065
--------------------------
binary:          test.bin
rtl_log:         rtl_sim.log
rtl_trace:       trace_core_00000000.log
iss_cosim_trace: spike_cosim_trace_core_00000000.log

[FAILED]: error seen in 'rtl_sim.log'
---------------*LOG-EXTRACT*----------------
    94: 670965: Illegal instruction (hart 0) at PC 0x80008d36: 0xf1283af3
    95: 801165: Illegal instruction (hart 0) at PC 0x8000975a: 0x7b203573
    96: 801185: Illegal instruction (hart 0) at PC 0x8000975a: 0x7b203573
    97: 852225: Illegal instruction (hart 0) at PC 0x80009966: 0x7b3023f3
    98: 852245: Illegal instruction (hart 0) at PC 0x80009966: 0x7b3023f3
[E] 99: UVM_FATAL /home/meow/iccad/repos/ibex_expand_test2/dv/uvm/core_ibex/common/ibex_cosim_agent/ibex_cosim_scoreboard.sv(172) @ 878535: uvm_test_top.env.cosim_agent.scoreboard [uvm_test_top.env.cosim_agent.scoreboard] Cosim mismatch Register write data mismatch to x6 DUT: 0 expected: 1d
    100: 
    101: 
    102: --- RISC-V UVM TEST FAILED ---
    103: 
--------------------------------------------



################################################################################
# Details of passing tests
################################################################################
No passing tests. Hmmmm...
