UVM_FATAL /runtime_only_unique_aari.sv(1) @ 1: runtime_only_unique_failure_aari normalization resistant timing marker
RUNTIME_ONLY_CASE=477 SOURCE_A=benchmark_set_2:22
Mismatch[1]:
ibex[231] : pc[80000474] c.or x14,x8: a4:00ef9e4f
RUNTIME_ONLY_COMBINE SOURCE_B=benchmark_set_2:20
riscv_multiple_interrupt_test.0 : [FAILED]
000000000 RUNTIME_ONLY neutral retire case=00477 pc=0x8000f414 opcode=beq x29=0x8000f414
000000001 RUNTIME_ONLY neutral retire case=00477 pc=0x8000f418 opcode=csrrw x30=0x8000f419
000000002 RUNTIME_ONLY neutral retire case=00477 pc=0x8000f41c opcode=xor x31=0x8000f41e
000000003 RUNTIME_ONLY neutral retire case=00477 pc=0x8000f420 opcode=addi x0=0x8000f423
000000004 RUNTIME_ONLY neutral retire case=00477 pc=0x8000f424 opcode=lw x1=0x8000f420
000000005 RUNTIME_ONLY neutral retire case=00477 pc=0x8000f428 opcode=sw x2=0x8000f42d
000000006 RUNTIME_ONLY neutral retire case=00477 pc=0x8000f42c opcode=beq x3=0x8000f42a
000000007 RUNTIME_ONLY neutral retire case=00477 pc=0x8000f430 opcode=csrrw x4=0x8000f437
000000008 RUNTIME_ONLY neutral retire case=00477 pc=0x8000f434 opcode=xor x5=0x8000f43c
000000009 RUNTIME_ONLY neutral retire case=00477 pc=0x8000f438 opcode=addi x6=0x8000f431
000000010 RUNTIME_ONLY neutral retire case=00477 pc=0x8000f43c opcode=lw x7=0x8000f436
000000011 RUNTIME_ONLY neutral retire case=00477 pc=0x8000f440 opcode=sw x8=0x8000f44b
000000012 RUNTIME_ONLY neutral retire case=00477 pc=0x8000f444 opcode=beq x9=0x8000f448
000000013 RUNTIME_ONLY neutral retire case=00477 pc=0x8000f448 opcode=csrrw x10=0x8000f445
000000014 RUNTIME_ONLY neutral retire case=00477 pc=0x8000f44c opcode=xor x11=0x8000f442
000000015 RUNTIME_ONLY neutral retire case=00477 pc=0x8000f450 opcode=addi x12=0x8000f45f
000000016 RUNTIME_ONLY neutral retire case=00477 pc=0x8000f454 opcode=lw x13=0x8000f444
