Time	Cycle	PC	Insn	Decoded instruction	Register and memory contents
           7561	       276	80000080	40001f37	lui	x30,0x40001	 x30=0x40001000
           7581	       277	80000084	106f0f13	addi	x30,x30,262	 x30:0x40001000 x30=0x40001106
           7681	       282	80000088	301f1073	csrrw	x0,misa,x30	 x30:0x40001106  x0=0x00000000
           7741	       285	8000008c	00026417	auipc	x8,0x26	  x8=0x8002608c
           7841	       290	80000090	c5840413	addi	x8,x8,-936	  x8:0x8002608c  x8=0x80025ce4
           8261	       311	80000094	00002f17	auipc	x30,0x2	 x30=0x80002094
           8481	       322	80000098	46cf0f13	addi	x30,x30,1132	 x30:0x80002094 x30=0x80002500
           8501	       323	8000009c	001f6f13	ori	x30,x30,1	 x30:0x80002500 x30=0x80002501
           8521	       324	800000a0	305f1073	csrrw	x0,mtvec,x30	 x30:0x80002501  x0=0x00000000
           8581	       327	800000a4	74725073	csrrwi	x0,0x747,4	  x0=0x00000000
           8661	       331	800000a8	00003997	auipc	x19,0x3	 x19=0x800030a8
           8681	       332	800000ac	1fc98993	addi	x19,x19,508	 x19:0x800030a8 x19=0x800032a4
           8921	       344	800000b0	4f01	c.li	x30,0	 x30=0x00000000
           8941	       345	800000b2	99fa	c.add	x19,x30	 x19:0x800032a4 x30:0x00000000 x19=0x800032a4
           8961	       346	800000b4	0029d993	srli	x19,x19,0x2	 x19:0x800032a4 x19=0x20000ca9
           8981	       347	800000b8	3b099073	csrrw	x0,pmpaddr0,x19	 x19:0x20000ca9  x0=0x00000000
           9041	       350	800000bc	00003997	auipc	x19,0x3	 x19=0x800030bc
           9361	       366	800000c0	1e898993	addi	x19,x19,488	 x19:0x800030bc x19=0x800032a4
           9781	       387	800000c4	11111f37	lui	x30,0x11111	 x30=0x11111000
           9801	       388	800000c8	111f0f13	addi	x30,x30,273	 x30:0x11111000 x30=0x11111111
           9821	       389	800000cc	99fa	c.add	x19,x30	 x19:0x800032a4 x30:0x11111111 x19=0x911143b5
           9961	       396	800000ce	0029d993	srli	x19,x19,0x2	 x19:0x911143b5 x19=0x244450ed
          10001	       398	800000d2	3b199073	csrrw	x0,pmpaddr1,x19	 x19:0x244450ed  x0=0x00000000
          10101	       403	800000d6	00003997	auipc	x19,0x3	 x19=0x800030d6
          10121	       404	800000da	1ce98993	addi	x19,x19,462	 x19:0x800030d6 x19=0x800032a4
          10261	       411	800000de	22222f37	lui	x30,0x22222	 x30=0x22222000
          10281	       412	800000e2	222f0f13	addi	x30,x30,546	 x30:0x22222000 x30=0x22222222
          10301	       413	800000e6	99fa	c.add	x19,x30	 x19:0x800032a4 x30:0x22222222 x19=0xa22254c6
          10341	       415	800000e8	0029d993	srli	x19,x19,0x2	 x19:0xa22254c6 x19=0x28889531
          10741	       435	800000ec	3b299073	csrrw	x0,pmpaddr2,x19	 x19:0x28889531  x0=0x00000000
          10801	       438	800000f0	00003997	auipc	x19,0x3	 x19=0x800030f0
          10821	       439	800000f4	1b498993	addi	x19,x19,436	 x19:0x800030f0 x19=0x800032a4
          10841	       440	800000f8	33333f37	lui	x30,0x33333	 x30=0x33333000
          10861	       441	800000fc	333f0f13	addi	x30,x30,819	 x30:0x33333000 x30=0x33333333
          10881	       442	80000100	99fa	c.add	x19,x30	 x19:0x800032a4 x30:0x33333333 x19=0xb33365d7
          10901	       443	80000102	0029d993	srli	x19,x19,0x2	 x19:0xb33365d7 x19=0x2cccd975
          10921	       444	80000106	3b399073	csrrw	x0,pmpaddr3,x19	 x19:0x2cccd975  x0=0x00000000
          10981	       447	8000010a	0f0f19b7	lui	x19,0xf0f1	 x19=0x0f0f1000
          11361	       466	8000010e	f0f98993	addi	x19,x19,-241	 x19:0x0f0f1000 x19=0x0f0f0f0f
          11381	       467	80000112	3a099073	csrrw	x0,pmpcfg0,x19	 x19:0x0f0f0f0f  x0=0x00000000
          11441	       470	80000116	00003997	auipc	x19,0x3	 x19=0x80003116
          11821	       489	8000011a	18e98993	addi	x19,x19,398	 x19:0x80003116 x19=0x800032a4
          11921	       494	8000011e	44444f37	lui	x30,0x44444	 x30=0x44444000
          11941	       495	80000122	444f0f13	addi	x30,x30,1092	 x30:0x44444000 x30=0x44444444
          11961	       496	80000126	99fa	c.add	x19,x30	 x19:0x800032a4 x30:0x44444444 x19=0xc44476e8
          11981	       497	80000128	0029d993	srli	x19,x19,0x2	 x19:0xc44476e8 x19=0x31111dba
          12001	       498	8000012c	3b499073	csrrw	x0,pmpaddr4,x19	 x19:0x31111dba  x0=0x00000000
          12061	       501	80000130	00003997	auipc	x19,0x3	 x19=0x80003130
          12181	       507	80000134	17498993	addi	x19,x19,372	 x19:0x80003130 x19=0x800032a4
          12481	       522	80000138	55555f37	lui	x30,0x55555	 x30=0x55555000
          12501	       523	8000013c	555f0f13	addi	x30,x30,1365	 x30:0x55555000 x30=0x55555555
          12521	       524	80000140	99fa	c.add	x19,x30	 x19:0x800032a4 x30:0x55555555 x19=0xd55587f9
          12941	       545	80000142	0029d993	srli	x19,x19,0x2	 x19:0xd55587f9 x19=0x355561fe
          12961	       546	80000146	3b599073	csrrw	x0,pmpaddr5,x19	 x19:0x355561fe  x0=0x00000000
          13021	       549	8000014a	00003997	auipc	x19,0x3	 x19=0x8000314a
          13041	       550	8000014e	15a98993	addi	x19,x19,346	 x19:0x8000314a x19=0x800032a4
          13061	       551	80000152	66666f37	lui	x30,0x66666	 x30=0x66666000
          13141	       555	80000156	666f0f13	addi	x30,x30,1638	 x30:0x66666000 x30=0x66666666
          13161	       556	8000015a	99fa	c.add	x19,x30	 x19:0x800032a4 x30:0x66666666 x19=0xe666990a
          13221	       559	8000015c	0029d993	srli	x19,x19,0x2	 x19:0xe666990a x19=0x3999a642
          13261	       561	80000160	3b699073	csrrw	x0,pmpaddr6,x19	 x19:0x3999a642  x0=0x00000000
          13401	       568	80000164	00003997	auipc	x19,0x3	 x19=0x80003164
          13421	       569	80000168	14098993	addi	x19,x19,320	 x19:0x80003164 x19=0x800032a4
          13541	       575	8000016c	77777f37	lui	x30,0x77777	 x30=0x77777000
          13621	       579	80000170	777f0f13	addi	x30,x30,1911	 x30:0x77777000 x30=0x77777777
          13641	       580	80000174	99fa	c.add	x19,x30	 x19:0x800032a4 x30:0x77777777 x19=0xf777aa1b
          14061	       601	80000176	0029d993	srli	x19,x19,0x2	 x19:0xf777aa1b x19=0x3dddea86
          14481	       622	8000017a	3b799073	csrrw	x0,pmpaddr7,x19	 x19:0x3dddea86  x0=0x00000000
          14541	       625	8000017e	0f0f19b7	lui	x19,0xf0f1	 x19=0x0f0f1000
          14561	       626	80000182	f0f98993	addi	x19,x19,-241	 x19:0x0f0f1000 x19=0x0f0f0f0f
          14581	       627	80000186	3a199073	csrrw	x0,pmpcfg1,x19	 x19:0x0f0f0f0f  x0=0x00000000
          14641	       630	8000018a	00003997	auipc	x19,0x3	 x19=0x8000318a
          14881	       642	8000018e	11a98993	addi	x19,x19,282	 x19:0x8000318a x19=0x800032a4
          15121	       654	80000192	88889f37	lui	x30,0x88889	 x30=0x88889000
          15541	       675	80000196	888f0f13	addi	x30,x30,-1912	 x30:0x88889000 x30=0x88888888
          15561	       676	8000019a	99fa	c.add	x19,x30	 x19:0x800032a4 x30:0x88888888 x19=0x0888bb2c
          15581	       677	8000019c	0029d993	srli	x19,x19,0x2	 x19:0x0888bb2c x19=0x02222ecb
          15861	       691	800001a0	3b899073	csrrw	x0,pmpaddr8,x19	 x19:0x02222ecb  x0=0x00000000
          16101	       703	800001a4	00003997	auipc	x19,0x3	 x19=0x800031a4
          16241	       710	800001a8	10098993	addi	x19,x19,256	 x19:0x800031a4 x19=0x800032a4
          16261	       711	800001ac	9999af37	lui	x30,0x9999a	 x30=0x9999a000
          16421	       719	800001b0	999f0f13	addi	x30,x30,-1639	 x30:0x9999a000 x30=0x99999999
          16501	       723	800001b4	99fa	c.add	x19,x30	 x19:0x800032a4 x30:0x99999999 x19=0x1999cc3d
          16641	       730	800001b6	0029d993	srli	x19,x19,0x2	 x19:0x1999cc3d x19=0x0666730f
          17061	       751	800001ba	3b999073	csrrw	x0,pmpaddr9,x19	 x19:0x0666730f  x0=0x00000000
          17121	       754	800001be	00003997	auipc	x19,0x3	 x19=0x800031be
          17181	       757	800001c2	0e698993	addi	x19,x19,230	 x19:0x800031be x19=0x800032a4
          17241	       760	800001c6	aaaabf37	lui	x30,0xaaaab	 x30=0xaaaab000
          17661	       781	800001ca	aaaf0f13	addi	x30,x30,-1366	 x30:0xaaaab000 x30=0xaaaaaaaa
          17681	       782	800001ce	99fa	c.add	x19,x30	 x19:0x800032a4 x30:0xaaaaaaaa x19=0x2aaadd4e
          17901	       793	800001d0	0029d993	srli	x19,x19,0x2	 x19:0x2aaadd4e x19=0x0aaab753
          18001	       798	800001d4	3ba99073	csrrw	x0,pmpaddr10,x19	 x19:0x0aaab753  x0=0x00000000
          18061	       801	800001d8	00003997	auipc	x19,0x3	 x19=0x800031d8
          18081	       802	800001dc	0cc98993	addi	x19,x19,204	 x19:0x800031d8 x19=0x800032a4
          18461	       821	800001e0	bbbbcf37	lui	x30,0xbbbbc	 x30=0xbbbbc000
          18521	       824	800001e4	bbbf0f13	addi	x30,x30,-1093	 x30:0xbbbbc000 x30=0xbbbbbbbb
          18621	       829	800001e8	99fa	c.add	x19,x30	 x19:0x800032a4 x30:0xbbbbbbbb x19=0x3bbbee5f
          18701	       833	800001ea	0029d993	srli	x19,x19,0x2	 x19:0x3bbbee5f x19=0x0eeefb97
          19081	       852	800001ee	3bb99073	csrrw	x0,pmpaddr11,x19	 x19:0x0eeefb97  x0=0x00000000
          19501	       873	800001f2	0f0f19b7	lui	x19,0xf0f1	 x19=0x0f0f1000
          19521	       874	800001f6	f0f98993	addi	x19,x19,-241	 x19:0x0f0f1000 x19=0x0f0f0f0f
          19861	       891	800001fa	3a299073	csrrw	x0,pmpcfg2,x19	 x19:0x0f0f0f0f  x0=0x00000000
          19921	       894	800001fe	00003997	auipc	x19,0x3	 x19=0x800031fe
          20141	       905	80000202	0a698993	addi	x19,x19,166	 x19:0x800031fe x19=0x800032a4
          20161	       906	80000206	ccccdf37	lui	x30,0xccccd	 x30=0xccccd000
          20181	       907	8000020a	cccf0f13	addi	x30,x30,-820	 x30:0xccccd000 x30=0xcccccccc
          20201	       908	8000020e	99fa	c.add	x19,x30	 x19:0x800032a4 x30:0xcccccccc x19=0x4cccff70
          20321	       914	80000210	0029d993	srli	x19,x19,0x2	 x19:0x4cccff70 x19=0x13333fdc
          20741	       935	80000214	3bc99073	csrrw	x0,pmpaddr12,x19	 x19:0x13333fdc  x0=0x00000000
          20941	       945	80000218	00003997	auipc	x19,0x3	 x19=0x80003218
          20961	       946	8000021c	08c98993	addi	x19,x19,140	 x19:0x80003218 x19=0x800032a4
          20981	       947	80000220	ddddef37	lui	x30,0xdddde	 x30=0xdddde000
          21081	       952	80000224	dddf0f13	addi	x30,x30,-547	 x30:0xdddde000 x30=0xdddddddd
          21501	       973	80000228	99fa	c.add	x19,x30	 x19:0x800032a4 x30:0xdddddddd x19=0x5dde1081
          21661	       981	8000022a	0029d993	srli	x19,x19,0x2	 x19:0x5dde1081 x19=0x17778420
          22001	       998	8000022e	3bd99073	csrrw	x0,pmpaddr13,x19	 x19:0x17778420  x0=0x00000000
          22061	      1001	80000232	00003997	auipc	x19,0x3	 x19=0x80003232
          22081	      1002	80000236	07298993	addi	x19,x19,114	 x19:0x80003232 x19=0x800032a4
          22101	      1003	8000023a	eeeeff37	lui	x30,0xeeeef	 x30=0xeeeef000
          22201	      1008	8000023e	eeef0f13	addi	x30,x30,-274	 x30:0xeeeef000 x30=0xeeeeeeee
          22221	      1009	80000242	99fa	c.add	x19,x30	 x19:0x800032a4 x30:0xeeeeeeee x19=0x6eef2192
          22241	      1010	80000244	0029d993	srli	x19,x19,0x2	 x19:0x6eef2192 x19=0x1bbbc864
          22301	      1013	80000248	3be99073	csrrw	x0,pmpaddr14,x19	 x19:0x1bbbc864  x0=0x00000000
          22421	      1019	8000024c	00003997	auipc	x19,0x3	 x19=0x8000324c
          22441	      1020	80000250	05898993	addi	x19,x19,88	 x19:0x8000324c x19=0x800032a4
          22461	      1021	80000254	fff00f13	addi	x30,x0,-1	  x0:0x00000000 x30=0xffffffff
          22521	      1024	80000258	99fa	c.add	x19,x30	 x19:0x800032a4 x30:0xffffffff x19=0x800032a3
          22621	      1029	8000025a	0029d993	srli	x19,x19,0x2	 x19:0x800032a3 x19=0x20000ca8
          22641	      1030	8000025e	3bf99073	csrrw	x0,pmpaddr15,x19	 x19:0x20000ca8  x0=0x00000000
          22761	      1036	80000262	0f0f19b7	lui	x19,0xf0f1	 x19=0x0f0f1000
          22941	      1045	80000266	f0f98993	addi	x19,x19,-241	 x19:0x0f0f1000 x19=0x0f0f0f0f
          22961	      1046	8000026a	3a399073	csrrw	x0,pmpcfg3,x19	 x19:0x0f0f0f0f  x0=0x00000000
          23021	      1049	8000026e	00000f17	auipc	x30,0x0	 x30=0x8000026e
          23041	      1050	80000272	058f0f13	addi	x30,x30,88	 x30:0x8000026e x30=0x800002c6
          23221	      1059	80000276	341f1073	csrrw	x0,mepc,x30	 x30:0x800002c6  x0=0x00000000
          23241	      1060	8000027a	7c00d073	csrrwi	x0,0x7c0,1	  x0=0x00000000
          23301	      1063	8000027e	6f09	c.lui	x30,0x2	 x30=0x00002000
          23321	      1064	80000280	800f0f13	addi	x30,x30,-2048	 x30:0x00002000 x30=0x00001800
          23741	      1085	80000284	300f1073	csrrw	x0,mstatus,x30	 x30:0x00001800  x0=0x00000000
          23801	      1088	80000288	4f01	c.li	x30,0	 x30=0x00000000
          24181	      1107	8000028a	304f1073	csrrw	x0,mie,x30	 x30:0x00000000  x0=0x00000000
          24341	      1115	8000028e	90000337	lui	x6,0x90000	  x6=0x90000000
          24361	      1116	80000292	1371	c.addi	x6,-4	  x6:0x90000000  x6=0x8ffffffc
          24381	      1117	80000294	30000f13	addi	x30,x0,768	  x0:0x00000000 x30=0x00000300
          24401	      1118	80000298	0f22	c.slli	x30,0x8	 x30:0x00000300 x30=0x00030000
          24421	      1119	8000029a	0f0d	c.addi	x30,3	 x30:0x00030000 x30=0x00030003
          24721	      1134	8000029c	01e32023	sw	x30,0(x6)	  x6:0x8ffffffc x30:0x00030003 PA:0x8ffffffc store:0x00030003
          24781	      1137	800002a0	30002f73	csrrs	x30,mstatus,x0	  x0:0x00000000 x30=0x00001800
          24841	      1140	800002a4	01e32023	sw	x30,0(x6)	  x6:0x8ffffffc x30:0x00001800 PA:0x8ffffffc store:0x00001800
          25141	      1155	800002a8	90000337	lui	x6,0x90000	  x6=0x90000000
          25561	      1176	800002ac	1371	c.addi	x6,-4	  x6:0x90000000  x6=0x8ffffffc
          25621	      1179	800002ae	30400f13	addi	x30,x0,772	  x0:0x00000000 x30=0x00000304
          25641	      1180	800002b2	0f22	c.slli	x30,0x8	 x30:0x00000304 x30=0x00030400
          25661	      1181	800002b4	0f0d	c.addi	x30,3	 x30:0x00030400 x30=0x00030403
          25721	      1184	800002b6	01e32023	sw	x30,0(x6)	  x6:0x8ffffffc x30:0x00030403 PA:0x8ffffffc store:0x00030403
          25741	      1185	800002ba	30402f73	csrrs	x30,mie,x0	  x0:0x00000000 x30=0x00000000
          26381	      1217	800002be	01e32023	sw	x30,0(x6)	  x6:0x8ffffffc x30:0x00000000 PA:0x8ffffffc store:0x00000000
          26401	      1218	800002c2	30200073	mret	
          27321	      1264	800002c6	00000013	addi	x0,x0,0	  x0:0x00000000  x0=0x00000000
          27641	      1280	800002ca	f38550b7	lui	x1,0xf3855	  x1=0xf3855000
          27661	      1281	800002ce	1ce08093	addi	x1,x1,462	  x1:0xf3855000  x1=0xf38551ce
          27681	      1282	800002d2	f0a12137	lui	x2,0xf0a12	  x2=0xf0a12000
          28061	      1301	800002d6	99210113	addi	x2,x2,-1646	  x2:0xf0a12000  x2=0xf0a11992
          28141	      1305	800002da	800001b7	lui	x3,0x80000	  x3=0x80000000
          28161	      1306	800002de	4219	c.li	x4,6	  x4=0x00000006
          28241	      1310	800002e0	f190b2b7	lui	x5,0xf190b	  x5=0xf190b000
          28321	      1314	800002e4	eea28293	addi	x5,x5,-278	  x5:0xf190b000  x5=0xf190aeea
          28741	      1335	800002e8	84942337	lui	x6,0x84942	  x6=0x84942000
          43581	      2077	800002ec	9d830313	addi	x6,x6,-1576	  x6:0x84942000  x6=0x849419d8
          43601	      2078	800002f0	43b1	c.li	x7,12	  x7=0x0000000c
          43621	      2079	800002f2	4481	c.li	x9,0	  x9=0x00000000
          43641	      2080	800002f4	453d	c.li	x10,15	 x10=0x0000000f
          43661	      2081	800002f6	4599	c.li	x11,6	 x11=0x00000006
          43681	      2082	800002f8	800006b7	lui	x13,0x80000	 x13=0x80000000
          43701	      2083	800002fc	c48fe737	lui	x14,0xc48fe	 x14=0xc48fe000
          43721	      2084	80000300	bb270713	addi	x14,x14,-1102	 x14:0xc48fe000 x14=0xc48fdbb2
          43981	      2097	80000304	800007b7	lui	x15,0x80000	 x15=0x80000000
          44041	      2100	80000308	f0afc837	lui	x16,0xf0afc	 x16=0xf0afc000
          44161	      2106	8000030c	30380813	addi	x16,x16,771	 x16:0xf0afc000 x16=0xf0afc303
          44181	      2107	80000310	2fe268b7	lui	x17,0x2fe26	 x17=0x2fe26000
          44461	      2121	80000314	c9588893	addi	x17,x17,-875	 x17:0x2fe26000 x17=0x2fe25c95
          44881	      2142	80000318	80000937	lui	x18,0x80000	 x18=0x80000000
          44941	      2145	8000031c	4981	c.li	x19,0	 x19=0x00000000
          44961	      2146	8000031e	4a09	c.li	x20,2	 x20=0x00000002
          45021	      2149	80000320	80000ab7	lui	x21,0x80000	 x21=0x80000000
          45161	      2156	80000324	f368bb37	lui	x22,0xf368b	 x22=0xf368b000
          45181	      2157	80000328	3f2b0b13	addi	x22,x22,1010	 x22:0xf368b000 x22=0xf368b3f2
          45201	      2158	8000032c	17618bb7	lui	x23,0x17618	 x23=0x17618000
          45281	      2162	80000330	34fb8b93	addi	x23,x23,847	 x23:0x17618000 x23=0x1761834f
          45461	      2171	80000334	fd0f9c37	lui	x24,0xfd0f9	 x24=0xfd0f9000
          45581	      2177	80000338	062c0c13	addi	x24,x24,98	 x24:0xfd0f9000 x24=0xfd0f9062
          45601	      2178	8000033c	a1eaacb7	lui	x25,0xa1eaa	 x25=0xa1eaa000
          46021	      2199	80000340	52bc8c93	addi	x25,x25,1323	 x25:0xa1eaa000 x25=0xa1eaa52b
          46041	      2200	80000344	4d01	c.li	x26,0	 x26=0x00000000
          46061	      2201	80000346	80000db7	lui	x27,0x80000	 x27=0x80000000
          46081	      2202	8000034a	4e3d	c.li	x28,15	 x28=0x0000000f
          46101	      2203	8000034c	4e81	c.li	x29,0	 x29=0x00000000
          46121	      2204	8000034e	bfb1bf37	lui	x30,0xbfb1b	 x30=0xbfb1b000
          46521	      2224	80000352	38ff0f13	addi	x30,x30,911	 x30:0xbfb1b000 x30=0xbfb1b38f
          46661	      2231	80000356	80000fb7	lui	x31,0x80000	 x31=0x80000000
          46681	      2232	8000035a	00022617	auipc	x12,0x22	 x12=0x8002235a
          46721	      2234	8000035e	b0a60613	addi	x12,x12,-1270	 x12:0x8002235a x12=0x80021e64
          46801	      2238	80000362	90000337	lui	x6,0x90000	  x6=0x90000000
          46821	      2239	80000366	1371	c.addi	x6,-4	  x6:0x90000000  x6=0x8ffffffc
          47041	      2250	80000368	4f01	c.li	x30,0	 x30=0x00000000
          47061	      2251	8000036a	0f22	c.slli	x30,0x8	 x30:0x00000000 x30=0x00000000
          47081	      2252	8000036c	000f0f13	addi	x30,x30,0	 x30:0x00000000 x30=0x00000000
          47281	      2262	80000370	01e32023	sw	x30,0(x6)	  x6:0x8ffffffc x30:0x00000000 PA:0x8ffffffc store:0x00000000
          47421	      2269	80000374	7310206f	jal	x0,800032a4	  x0=0x00000000
          48721	      2334	800032a4	03426fb3	rem	x31,x4,x20	  x4:0x00000006 x20:0x00000002 x31=0x00000000
          48741	      2335	800032a8	05f90597	auipc	x11,0x5f90	 x11=0x85f932a8
          48761	      2336	800032ac	af148193	addi	x3,x9,-1295	  x9:0x00000000  x3=0xfffffaf1
          48781	      2337	800032b0	4097d093	srai	x1,x15,0x9	 x15:0x80000000  x1=0xffc00000
          48801	      2338	800032b4	8d85	c.sub	x11,x9	 x11:0x85f932a8  x9:0x00000000 x11=0x85f932a8
          48821	      2339	800032b6	34055af3	csrrwi	x21,mscratch,10	 x21=0x00000000
          48841	      2340	800032ba	4a81	c.li	x21,0	 x21=0x00000000
          48901	      2343	800032bc	03948e63	beq	x9,x25,800032f8	  x9:0x00000000 x25:0xa1eaa52b
          48921	      2344	800032c0	034dee63	bltu	x27,x20,800032fc	 x27:0x80000000 x20:0x00000002
          48941	      2345	800032c4	0102a8b3	slt	x17,x5,x16	  x5:0xf190aeea x16:0xf0afc303 x17=0x00000000
          49041	      2350	800032c8	0001	c.addi	x0,0	  x0:0x00000000  x0=0x00000000
          49241	      2360	800032ca	012cd533	srl	x10,x25,x18	 x25:0xa1eaa52b x18:0x80000000 x10=0xa1eaa52b
          49381	      2367	800032ce	03869833	mulh	x16,x13,x24	 x13:0x80000000 x24:0xfd0f9062 x16=0x017837cf
          49801	      2388	800032d2	033b5933	divu	x18,x22,x19	 x22:0xf368b3f2 x19:0x00000000 x18=0xffffffff
          49821	      2389	800032d6	8dc9	c.or	x11,x10	 x11:0x85f932a8 x10:0xa1eaa52b x11=0xa5fbb7ab
          49881	      2392	800032d8	81e9	c.srli	x11,0x1a	 x11:0xa5fbb7ab x11=0x00000029
          49941	      2395	800032da	40b25e33	sra	x28,x4,x11	  x4:0x00000006 x11:0x00000029 x28=0x00000000
          49961	      2396	800032de	6afd	c.lui	x21,0x1f	 x21=0x0001f000
          50221	      2409	800032e0	8ca5	c.xor	x9,x9	  x9:0x00000000  x9:0x00000000  x9=0x00000000
          50381	      2417	800032e2	012f7963	bgeu	x30,x18,800032f4	 x30:0x00000000 x18:0xffffffff
          50801	      2438	800032e6	d7590cb7	lui	x25,0xd7590	 x25=0xd7590000
          51221	      2459	800032ea	41dd5a93	srai	x21,x26,0x1d	 x26:0x00000000 x21=0x00000000
          51241	      2460	800032ee	0001	c.addi	x0,0	  x0:0x00000000  x0=0x00000000
          51281	      2462	800032f0	026c3733	mulhu	x14,x24,x6	 x24:0xfd0f9062  x6:0x8ffffffc x14=0x8e58c133
          51661	      2481	800032f4	05ddea63	bltu	x27,x29,80003348	 x27:0x80000000 x29:0x00000000
          51681	      2482	800032f8	eba9	c.bnez	x15,8000334a	 x15:0x80000000
          53521	      2574	8000334a	03924333	div	x6,x4,x25	  x4:0x00000006 x25:0xd7590000  x6=0x00000000
          53541	      2575	8000334e	5bfd	c.li	x23,-1	 x23=0xffffffff
          53561	      2576	80003350	34002973	csrrs	x18,mscratch,x0	  x0:0x00000000 x18=0x0000000a
          53581	      2577	80003354	8c06	c.mv	x24,x1	  x0:0x00000000  x1:0xffc00000 x24=0xffc00000
          53601	      2578	80003356	ffffd997	auipc	x19,0xffffd	 x19=0x80000356
          53621	      2579	8000335a	02298993	addi	x19,x19,34	 x19:0x80000356 x19=0x80000378
          53641	      2580	8000335e	00098067	jalr	x0,0(x19)	 x19:0x80000378  x0=0x00000000
          53681	      2582	80000378	90000337	lui	x6,0x90000	  x6=0x90000000
          53701	      2583	8000037c	1361	c.addi	x6,-8	  x6:0x90000000  x6=0x8ffffff8
          53721	      2584	8000037e	4f01	c.li	x30,0	 x30=0x00000000
          53741	      2585	80000380	0f22	c.slli	x30,0x8	 x30:0x00000000 x30=0x00000000
          53761	      2586	80000382	0f05	c.addi	x30,1	 x30:0x00000000 x30=0x00000001
          53821	      2589	80000384	01e32023	sw	x30,0(x6)	  x6:0x8ffffff8 x30:0x00000001 PA:0x8ffffff8 store:0x00000001
          53901	      2593	80000388	00000073	ecall	
          82221	      4009	80002500	0800006f	jal	x0,80002580	  x0=0x00000000
          82781	      4037	80002580	1471	c.addi	x8,-4	  x8:0x80025ce4  x8=0x80025ce0
          82841	      4040	80002582	c010	c.sw	x12,0(x8)	  x8:0x80025ce0 x12:0x80021e64 PA:0x80025ce0 store:0x80021e64
          82861	      4041	80002584	00040633	add	x12,x8,x0	  x8:0x80025ce0  x0:0x00000000 x12=0x80025ce0
          82881	      4042	80002588	f8060613	addi	x12,x12,-128	 x12:0x80025ce0 x12=0x80025c60
          83081	      4052	8000258c	00162223	sw	x1,4(x12)	 x12:0x80025c60  x1:0xffc00000 PA:0x80025c64 store:0xffc00000
          83301	      4063	80002590	00262423	sw	x2,8(x12)	 x12:0x80025c60  x2:0xf0a11992 PA:0x80025c68 store:0xf0a11992
          83901	      4093	80002594	00362623	sw	x3,12(x12)	 x12:0x80025c60  x3:0xfffffaf1 PA:0x80025c6c store:0xfffffaf1
          83961	      4096	80002598	00462823	sw	x4,16(x12)	 x12:0x80025c60  x4:0x00000006 PA:0x80025c70 store:0x00000006
          83981	      4097	8000259c	00562a23	sw	x5,20(x12)	 x12:0x80025c60  x5:0xf190aeea PA:0x80025c74 store:0xf190aeea
          84401	      4118	800025a0	00662c23	sw	x6,24(x12)	 x12:0x80025c60  x6:0x8ffffff8 PA:0x80025c78 store:0x8ffffff8
          84461	      4121	800025a4	00762e23	sw	x7,28(x12)	 x12:0x80025c60  x7:0x0000000c PA:0x80025c7c store:0x0000000c
          84601	      4128	800025a8	d200	c.sw	x8,32(x12)	 x12:0x80025c60  x8:0x80025ce0 PA:0x80025c80 store:0x80025ce0
          84841	      4140	800025aa	d244	c.sw	x9,36(x12)	 x12:0x80025c60  x9:0x00000000 PA:0x80025c84 store:0x00000000
          84901	      4143	800025ac	d608	c.sw	x10,40(x12)	 x12:0x80025c60 x10:0xa1eaa52b PA:0x80025c88 store:0xa1eaa52b
          84921	      4144	800025ae	d64c	c.sw	x11,44(x12)	 x12:0x80025c60 x11:0x00000029 PA:0x80025c8c store:0x00000029
          84961	      4146	800025b0	da10	c.sw	x12,48(x12)	 x12:0x80025c60 x12:0x80025c60 PA:0x80025c90 store:0x80025c60
          85121	      4154	800025b2	da54	c.sw	x13,52(x12)	 x12:0x80025c60 x13:0x80000000 PA:0x80025c94 store:0x80000000
          85481	      4172	800025b4	de18	c.sw	x14,56(x12)	 x12:0x80025c60 x14:0x8e58c133 PA:0x80025c98 store:0x8e58c133
          85721	      4184	800025b6	de5c	c.sw	x15,60(x12)	 x12:0x80025c60 x15:0x80000000 PA:0x80025c9c store:0x80000000
          85861	      4191	800025b8	05062023	sw	x16,64(x12)	 x12:0x80025c60 x16:0x017837cf PA:0x80025ca0 store:0x017837cf
          85961	      4196	800025bc	05162223	sw	x17,68(x12)	 x12:0x80025c60 x17:0x00000000 PA:0x80025ca4 store:0x00000000
          86181	      4207	800025c0	05262423	sw	x18,72(x12)	 x12:0x80025c60 x18:0x0000000a PA:0x80025ca8 store:0x0000000a
          86601	      4228	800025c4	05362623	sw	x19,76(x12)	 x12:0x80025c60 x19:0x80000378 PA:0x80025cac store:0x80000378
          86661	      4231	800025c8	05462823	sw	x20,80(x12)	 x12:0x80025c60 x20:0x00000002 PA:0x80025cb0 store:0x00000002
          87081	      4252	800025cc	05562a23	sw	x21,84(x12)	 x12:0x80025c60 x21:0x00000000 PA:0x80025cb4 store:0x00000000
          87521	      4274	800025d0	05662c23	sw	x22,88(x12)	 x12:0x80025c60 x22:0xf368b3f2 PA:0x80025cb8 store:0xf368b3f2
          87581	      4277	800025d4	05762e23	sw	x23,92(x12)	 x12:0x80025c60 x23:0xffffffff PA:0x80025cbc store:0xffffffff
          88001	      4298	800025d8	07862023	sw	x24,96(x12)	 x12:0x80025c60 x24:0xffc00000 PA:0x80025cc0 store:0xffc00000
          88461	      4321	800025dc	07962223	sw	x25,100(x12)	 x12:0x80025c60 x25:0xd7590000 PA:0x80025cc4 store:0xd7590000
          88921	      4344	800025e0	07a62423	sw	x26,104(x12)	 x12:0x80025c60 x26:0x00000000 PA:0x80025cc8 store:0x00000000
          89281	      4362	800025e4	07b62623	sw	x27,108(x12)	 x12:0x80025c60 x27:0x80000000 PA:0x80025ccc store:0x80000000
          89541	      4375	800025e8	07c62823	sw	x28,112(x12)	 x12:0x80025c60 x28:0x00000000 PA:0x80025cd0 store:0x00000000
          89601	      4378	800025ec	07d62a23	sw	x29,116(x12)	 x12:0x80025c60 x29:0x00000000 PA:0x80025cd4 store:0x00000000
          89701	      4383	800025f0	07e62c23	sw	x30,120(x12)	 x12:0x80025c60 x30:0x00000001 PA:0x80025cd8 store:0x00000001
          89721	      4384	800025f4	07f62e23	sw	x31,124(x12)	 x12:0x80025c60 x31:0x00000000 PA:0x80025cdc store:0x00000000
          89741	      4385	800025f8	00060433	add	x8,x12,x0	 x12:0x80025c60  x0:0x00000000  x8=0x80025c60
          89761	      4386	800025fc	90000337	lui	x6,0x90000	  x6=0x90000000
          89781	      4387	80002600	1371	c.addi	x6,-4	  x6:0x90000000  x6=0x8ffffffc
          89801	      4388	80002602	4f21	c.li	x30,8	 x30=0x00000008
          89821	      4389	80002604	0f22	c.slli	x30,0x8	 x30:0x00000008 x30=0x00000800
          90141	      4405	80002606	000f0f13	addi	x30,x30,0	 x30:0x00000800 x30=0x00000800
          90361	      4416	8000260a	01e32023	sw	x30,0(x6)	  x6:0x8ffffffc x30:0x00000800 PA:0x8ffffffc store:0x00000800
          90381	      4417	8000260e	34102f73	csrrs	x30,mepc,x0	  x0:0x00000000 x30=0x80000388
          90401	      4418	80002612	34202f73	csrrs	x30,mcause,x0	  x0:0x00000000 x30=0x0000000b
          90421	      4419	80002616	430d	c.li	x6,3	  x6=0x00000003
          90621	      4429	80002618	006f1463	bne	x30,x6,80002620	 x30:0x0000000b  x6:0x00000003
          91041	      4450	80002620	4321	c.li	x6,8	  x6=0x00000008
          91061	      4451	80002622	046f0d63	beq	x30,x6,8000267c	 x30:0x0000000b  x6:0x00000008
          91081	      4452	80002626	4325	c.li	x6,9	  x6=0x00000009
          91401	      4468	80002628	046f0a63	beq	x30,x6,8000267c	 x30:0x0000000b  x6:0x00000009
          91521	      4474	8000262c	432d	c.li	x6,11	  x6=0x0000000b
          91701	      4483	8000262e	046f0763	beq	x30,x6,8000267c	 x30:0x0000000b  x6:0x0000000b
          92641	      4530	8000267c	90000337	lui	x6,0x90000	  x6=0x90000000
          92821	      4539	80002680	1371	c.addi	x6,-4	  x6:0x90000000  x6=0x8ffffffc
          92841	      4540	80002682	6f05	c.lui	x30,0x1	 x30=0x00001000
          92961	      4546	80002684	b00f0f13	addi	x30,x30,-1280	 x30:0x00001000 x30=0x00000b00
          93321	      4564	80002688	0f22	c.slli	x30,0x8	 x30:0x00000b00 x30=0x000b0000
          93341	      4565	8000268a	0f0d	c.addi	x30,3	 x30:0x000b0000 x30=0x000b0003
          93661	      4581	8000268c	01e32023	sw	x30,0(x6)	  x6:0x8ffffffc x30:0x000b0003 PA:0x8ffffffc store:0x000b0003
          93781	      4587	80002690	b0002f73	csrrs	x30,mcycle,x0	  x0:0x00000000 x30=0x000011e8
          94041	      4600	80002694	01e32023	sw	x30,0(x6)	  x6:0x8ffffffc x30:0x000011e8 PA:0x8ffffffc store:0x000011e8
          94181	      4607	80002698	90000337	lui	x6,0x90000	  x6=0x90000000
          94301	      4613	8000269c	1371	c.addi	x6,-4	  x6:0x90000000  x6=0x8ffffffc
          94321	      4614	8000269e	6f05	c.lui	x30,0x1	 x30=0x00001000
          94341	      4615	800026a0	b80f0f13	addi	x30,x30,-1152	 x30:0x00001000 x30=0x00000b80
          94361	      4616	800026a4	0f22	c.slli	x30,0x8	 x30:0x00000b80 x30=0x000b8000
          94381	      4617	800026a6	0f0d	c.addi	x30,3	 x30:0x000b8000 x30=0x000b8003
          94841	      4640	800026a8	01e32023	sw	x30,0(x6)	  x6:0x8ffffffc x30:0x000b8003 PA:0x8ffffffc store:0x000b8003
          94861	      4641	800026ac	b8002f73	csrrs	x30,mcycleh,x0	  x0:0x00000000 x30=0x00000000
          95061	      4651	800026b0	01e32023	sw	x30,0(x6)	  x6:0x8ffffffc x30:0x00000000 PA:0x8ffffffc store:0x00000000
          95081	      4652	800026b4	90000337	lui	x6,0x90000	  x6=0x90000000
          95101	      4653	800026b8	1371	c.addi	x6,-4	  x6:0x90000000  x6=0x8ffffffc
          95121	      4654	800026ba	6f05	c.lui	x30,0x1	 x30=0x00001000
          95141	      4655	800026bc	b03f0f13	addi	x30,x30,-1277	 x30:0x00001000 x30=0x00000b03
          95161	      4656	800026c0	0f22	c.slli	x30,0x8	 x30:0x00000b03 x30=0x000b0300
          95181	      4657	800026c2	0f0d	c.addi	x30,3	 x30:0x000b0300 x30=0x000b0303
          95361	      4666	800026c4	01e32023	sw	x30,0(x6)	  x6:0x8ffffffc x30:0x000b0303 PA:0x8ffffffc store:0x000b0303
          95381	      4667	800026c8	b0302f73	csrrs	x30,mhpmcounter3,x0	  x0:0x00000000 x30=0x00000101
          95661	      4681	800026cc	01e32023	sw	x30,0(x6)	  x6:0x8ffffffc x30:0x00000101 PA:0x8ffffffc store:0x00000101
          95681	      4682	800026d0	90000337	lui	x6,0x90000	  x6=0x90000000
          95701	      4683	800026d4	1371	c.addi	x6,-4	  x6:0x90000000  x6=0x8ffffffc
          95721	      4684	800026d6	6f05	c.lui	x30,0x1	 x30=0x00001000
          95861	      4691	800026d8	b83f0f13	addi	x30,x30,-1149	 x30:0x00001000 x30=0x00000b83
          95881	      4692	800026dc	0f22	c.slli	x30,0x8	 x30:0x00000b83 x30=0x000b8300
          95901	      4693	800026de	0f0d	c.addi	x30,3	 x30:0x000b8300 x30=0x000b8303
          96041	      4700	800026e0	01e32023	sw	x30,0(x6)	  x6:0x8ffffffc x30:0x000b8303 PA:0x8ffffffc store:0x000b8303
          96061	      4701	800026e4	b8302f73	csrrs	x30,mhpmcounter3h,x0	  x0:0x00000000 x30=0x00000000
          96561	      4726	800026e8	01e32023	sw	x30,0(x6)	  x6:0x8ffffffc x30:0x00000000 PA:0x8ffffffc store:0x00000000
          96581	      4727	800026ec	90000337	lui	x6,0x90000	  x6=0x90000000
          96601	      4728	800026f0	1371	c.addi	x6,-4	  x6:0x90000000  x6=0x8ffffffc
          96621	      4729	800026f2	6f05	c.lui	x30,0x1	 x30=0x00001000
          96641	      4730	800026f4	b04f0f13	addi	x30,x30,-1276	 x30:0x00001000 x30=0x00000b04
          96821	      4739	800026f8	0f22	c.slli	x30,0x8	 x30:0x00000b04 x30=0x000b0400
          96841	      4740	800026fa	0f0d	c.addi	x30,3	 x30:0x000b0400 x30=0x000b0403
          97201	      4758	800026fc	01e32023	sw	x30,0(x6)	  x6:0x8ffffffc x30:0x000b0403 PA:0x8ffffffc store:0x000b0403
          97221	      4759	80002700	b0402f73	csrrs	x30,mhpmcounter4,x0	  x0:0x00000000 x30=0x000005c5
          97261	      4761	80002704	01e32023	sw	x30,0(x6)	  x6:0x8ffffffc x30:0x000005c5 PA:0x8ffffffc store:0x000005c5
          97281	      4762	80002708	90000337	lui	x6,0x90000	  x6=0x90000000
          97661	      4781	8000270c	1371	c.addi	x6,-4	  x6:0x90000000  x6=0x8ffffffc
          97681	      4782	8000270e	6f05	c.lui	x30,0x1	 x30=0x00001000
          97701	      4783	80002710	b84f0f13	addi	x30,x30,-1148	 x30:0x00001000 x30=0x00000b84
          97721	      4784	80002714	0f22	c.slli	x30,0x8	 x30:0x00000b84 x30=0x000b8400
          97741	      4785	80002716	0f0d	c.addi	x30,3	 x30:0x000b8400 x30=0x000b8403
          98421	      4819	80002718	01e32023	sw	x30,0(x6)	  x6:0x8ffffffc x30:0x000b8403 PA:0x8ffffffc store:0x000b8403
          98441	      4820	8000271c	b8402f73	csrrs	x30,mhpmcounter4h,x0	  x0:0x00000000 x30=0x00000000
          98741	      4835	80002720	01e32023	sw	x30,0(x6)	  x6:0x8ffffffc x30:0x00000000 PA:0x8ffffffc store:0x00000000
          98761	      4836	80002724	90000337	lui	x6,0x90000	  x6=0x90000000
          98781	      4837	80002728	1371	c.addi	x6,-4	  x6:0x90000000  x6=0x8ffffffc
          98801	      4838	8000272a	6f05	c.lui	x30,0x1	 x30=0x00001000
          98821	      4839	8000272c	b05f0f13	addi	x30,x30,-1275	 x30:0x00001000 x30=0x00000b05
          98841	      4840	80002730	0f22	c.slli	x30,0x8	 x30:0x00000b05 x30=0x000b0500
          98861	      4841	80002732	0f0d	c.addi	x30,3	 x30:0x000b0500 x30=0x000b0503
          99121	      4854	80002734	01e32023	sw	x30,0(x6)	  x6:0x8ffffffc x30:0x000b0503 PA:0x8ffffffc store:0x000b0503
          99141	      4855	80002738	b0502f73	csrrs	x30,mhpmcounter5,x0	  x0:0x00000000 x30=0x00000000
          99681	      4882	8000273c	01e32023	sw	x30,0(x6)	  x6:0x8ffffffc x30:0x00000000 PA:0x8ffffffc store:0x00000000
          99701	      4883	80002740	90000337	lui	x6,0x90000	  x6=0x90000000
          99721	      4884	80002744	1371	c.addi	x6,-4	  x6:0x90000000  x6=0x8ffffffc
          99741	      4885	80002746	6f05	c.lui	x30,0x1	 x30=0x00001000
          99761	      4886	80002748	b85f0f13	addi	x30,x30,-1147	 x30:0x00001000 x30=0x00000b85
          99781	      4887	8000274c	0f22	c.slli	x30,0x8	 x30:0x00000b85 x30=0x000b8500
          99801	      4888	8000274e	0f0d	c.addi	x30,3	 x30:0x000b8500 x30=0x000b8503
         100001	      4898	80002750	01e32023	sw	x30,0(x6)	  x6:0x8ffffffc x30:0x000b8503 PA:0x8ffffffc store:0x000b8503
         100021	      4899	80002754	b8502f73	csrrs	x30,mhpmcounter5h,x0	  x0:0x00000000 x30=0x00000000
         100081	      4902	80002758	01e32023	sw	x30,0(x6)	  x6:0x8ffffffc x30:0x00000000 PA:0x8ffffffc store:0x00000000
         100221	      4909	8000275c	90000337	lui	x6,0x90000	  x6=0x90000000
         100241	      4910	80002760	1371	c.addi	x6,-4	  x6:0x90000000  x6=0x8ffffffc
         100261	      4911	80002762	6f05	c.lui	x30,0x1	 x30=0x00001000
         100321	      4914	80002764	b06f0f13	addi	x30,x30,-1274	 x30:0x00001000 x30=0x00000b06
         100341	      4915	80002768	0f22	c.slli	x30,0x8	 x30:0x00000b06 x30=0x000b0600
         100361	      4916	8000276a	0f0d	c.addi	x30,3	 x30:0x000b0600 x30=0x000b0603
         100661	      4931	8000276c	01e32023	sw	x30,0(x6)	  x6:0x8ffffffc x30:0x000b0603 PA:0x8ffffffc store:0x000b0603
         100681	      4932	80002770	b0602f73	csrrs	x30,mhpmcounter6,x0	  x0:0x00000000 x30=0x00000038
         101141	      4955	80002774	01e32023	sw	x30,0(x6)	  x6:0x8ffffffc x30:0x00000038 PA:0x8ffffffc store:0x00000038
         101161	      4956	80002778	90000337	lui	x6,0x90000	  x6=0x90000000
         101181	      4957	8000277c	1371	c.addi	x6,-4	  x6:0x90000000  x6=0x8ffffffc
         101201	      4958	8000277e	6f05	c.lui	x30,0x1	 x30=0x00001000
         101221	      4959	80002780	b86f0f13	addi	x30,x30,-1146	 x30:0x00001000 x30=0x00000b86
         101241	      4960	80002784	0f22	c.slli	x30,0x8	 x30:0x00000b86 x30=0x000b8600
         101261	      4961	80002786	0f0d	c.addi	x30,3	 x30:0x000b8600 x30=0x000b8603
         101481	      4972	80002788	01e32023	sw	x30,0(x6)	  x6:0x8ffffffc x30:0x000b8603 PA:0x8ffffffc store:0x000b8603
         101501	      4973	8000278c	b8602f73	csrrs	x30,mhpmcounter6h,x0	  x0:0x00000000 x30=0x00000000
         102001	      4998	80002790	01e32023	sw	x30,0(x6)	  x6:0x8ffffffc x30:0x00000000 PA:0x8ffffffc store:0x00000000
         102061	      5001	80002794	90000337	lui	x6,0x90000	  x6=0x90000000
         102081	      5002	80002798	1371	c.addi	x6,-4	  x6:0x90000000  x6=0x8ffffffc
         102101	      5003	8000279a	6f05	c.lui	x30,0x1	 x30=0x00001000
         102121	      5004	8000279c	b07f0f13	addi	x30,x30,-1273	 x30:0x00001000 x30=0x00000b07
         102521	      5024	800027a0	0f22	c.slli	x30,0x8	 x30:0x00000b07 x30=0x000b0700
         102541	      5025	800027a2	0f0d	c.addi	x30,3	 x30:0x000b0700 x30=0x000b0703
         102661	      5031	800027a4	01e32023	sw	x30,0(x6)	  x6:0x8ffffffc x30:0x000b0703 PA:0x8ffffffc store:0x000b0703
         102961	      5046	800027a8	b0702f73	csrrs	x30,mhpmcounter7,x0	  x0:0x00000000 x30=0x00000003
         103161	      5056	800027ac	01e32023	sw	x30,0(x6)	  x6:0x8ffffffc x30:0x00000003 PA:0x8ffffffc store:0x00000003
         103241	      5060	800027b0	90000337	lui	x6,0x90000	  x6=0x90000000
         103261	      5061	800027b4	1371	c.addi	x6,-4	  x6:0x90000000  x6=0x8ffffffc
         103281	      5062	800027b6	6f05	c.lui	x30,0x1	 x30=0x00001000
         103661	      5081	800027b8	b87f0f13	addi	x30,x30,-1145	 x30:0x00001000 x30=0x00000b87
         103801	      5088	800027bc	0f22	c.slli	x30,0x8	 x30:0x00000b87 x30=0x000b8700
         103821	      5089	800027be	0f0d	c.addi	x30,3	 x30:0x000b8700 x30=0x000b8703
         104261	      5111	800027c0	01e32023	sw	x30,0(x6)	  x6:0x8ffffffc x30:0x000b8703 PA:0x8ffffffc store:0x000b8703
         104281	      5112	800027c4	b8702f73	csrrs	x30,mhpmcounter7h,x0	  x0:0x00000000 x30=0x00000000
         104721	      5134	800027c8	01e32023	sw	x30,0(x6)	  x6:0x8ffffffc x30:0x00000000 PA:0x8ffffffc store:0x00000000
         104741	      5135	800027cc	90000337	lui	x6,0x90000	  x6=0x90000000
         104761	      5136	800027d0	1371	c.addi	x6,-4	  x6:0x90000000  x6=0x8ffffffc
         104781	      5137	800027d2	6f05	c.lui	x30,0x1	 x30=0x00001000
         104801	      5138	800027d4	b08f0f13	addi	x30,x30,-1272	 x30:0x00001000 x30=0x00000b08
         104821	      5139	800027d8	0f22	c.slli	x30,0x8	 x30:0x00000b08 x30=0x000b0800
         104841	      5140	800027da	0f0d	c.addi	x30,3	 x30:0x000b0800 x30=0x000b0803
         104941	      5145	800027dc	01e32023	sw	x30,0(x6)	  x6:0x8ffffffc x30:0x000b0803 PA:0x8ffffffc store:0x000b0803
         104961	      5146	800027e0	b0802f73	csrrs	x30,mhpmcounter8,x0	  x0:0x00000000 x30=0x00000009
         104981	      5147	800027e4	01e32023	sw	x30,0(x6)	  x6:0x8ffffffc x30:0x00000009 PA:0x8ffffffc store:0x00000009
         105361	      5166	800027e8	90000337	lui	x6,0x90000	  x6=0x90000000
         105381	      5167	800027ec	1371	c.addi	x6,-4	  x6:0x90000000  x6=0x8ffffffc
         105401	      5168	800027ee	6f05	c.lui	x30,0x1	 x30=0x00001000
         105801	      5188	800027f0	b88f0f13	addi	x30,x30,-1144	 x30:0x00001000 x30=0x00000b88
         105881	      5192	800027f4	0f22	c.slli	x30,0x8	 x30:0x00000b88 x30=0x000b8800
         105901	      5193	800027f6	0f0d	c.addi	x30,3	 x30:0x000b8800 x30=0x000b8803
         106041	      5200	800027f8	01e32023	sw	x30,0(x6)	  x6:0x8ffffffc x30:0x000b8803 PA:0x8ffffffc store:0x000b8803
         106121	      5204	800027fc	b8802f73	csrrs	x30,mhpmcounter8h,x0	  x0:0x00000000 x30=0x00000000
         106181	      5207	80002800	01e32023	sw	x30,0(x6)	  x6:0x8ffffffc x30:0x00000000 PA:0x8ffffffc store:0x00000000
         106541	      5225	80002804	90000337	lui	x6,0x90000	  x6=0x90000000
         106561	      5226	80002808	1371	c.addi	x6,-4	  x6:0x90000000  x6=0x8ffffffc
         106581	      5227	8000280a	6f05	c.lui	x30,0x1	 x30=0x00001000
         106601	      5228	8000280c	b09f0f13	addi	x30,x30,-1271	 x30:0x00001000 x30=0x00000b09
         106901	      5243	80002810	0f22	c.slli	x30,0x8	 x30:0x00000b09 x30=0x000b0900
         106921	      5244	80002812	0f0d	c.addi	x30,3	 x30:0x000b0900 x30=0x000b0903
         107121	      5254	80002814	01e32023	sw	x30,0(x6)	  x6:0x8ffffffc x30:0x000b0903 PA:0x8ffffffc store:0x000b0903
         107141	      5255	80002818	b0902f73	csrrs	x30,mhpmcounter9,x0	  x0:0x00000000 x30=0x00000003
         107341	      5265	8000281c	01e32023	sw	x30,0(x6)	  x6:0x8ffffffc x30:0x00000003 PA:0x8ffffffc store:0x00000003
         107361	      5266	80002820	90000337	lui	x6,0x90000	  x6=0x90000000
         107381	      5267	80002824	1371	c.addi	x6,-4	  x6:0x90000000  x6=0x8ffffffc
         107401	      5268	80002826	6f05	c.lui	x30,0x1	 x30=0x00001000
         107421	      5269	80002828	b89f0f13	addi	x30,x30,-1143	 x30:0x00001000 x30=0x00000b89
         107521	      5274	8000282c	0f22	c.slli	x30,0x8	 x30:0x00000b89 x30=0x000b8900
         107541	      5275	8000282e	0f0d	c.addi	x30,3	 x30:0x000b8900 x30=0x000b8903
         107821	      5289	80002830	01e32023	sw	x30,0(x6)	  x6:0x8ffffffc x30:0x000b8903 PA:0x8ffffffc store:0x000b8903
         107841	      5290	80002834	b8902f73	csrrs	x30,mhpmcounter9h,x0	  x0:0x00000000 x30=0x00000000
         107901	      5293	80002838	01e32023	sw	x30,0(x6)	  x6:0x8ffffffc x30:0x00000000 PA:0x8ffffffc store:0x00000000
         108201	      5308	8000283c	90000337	lui	x6,0x90000	  x6=0x90000000
         108221	      5309	80002840	1371	c.addi	x6,-4	  x6:0x90000000  x6=0x8ffffffc
         108241	      5310	80002842	6f05	c.lui	x30,0x1	 x30=0x00001000
         108261	      5311	80002844	b0af0f13	addi	x30,x30,-1270	 x30:0x00001000 x30=0x00000b0a
         108281	      5312	80002848	0f22	c.slli	x30,0x8	 x30:0x00000b0a x30=0x000b0a00
         108301	      5313	8000284a	0f0d	c.addi	x30,3	 x30:0x000b0a00 x30=0x000b0a03
         108761	      5336	8000284c	01e32023	sw	x30,0(x6)	  x6:0x8ffffffc x30:0x000b0a03 PA:0x8ffffffc store:0x000b0a03
         108781	      5337	80002850	b0a02f73	csrrs	x30,mhpmcounter10,x0	  x0:0x00000000 x30=0x0000008a
         109181	      5357	80002854	01e32023	sw	x30,0(x6)	  x6:0x8ffffffc x30:0x0000008a PA:0x8ffffffc store:0x0000008a
         109201	      5358	80002858	90000337	lui	x6,0x90000	  x6=0x90000000
         109221	      5359	8000285c	1371	c.addi	x6,-4	  x6:0x90000000  x6=0x8ffffffc
         109241	      5360	8000285e	6f05	c.lui	x30,0x1	 x30=0x00001000
         109261	      5361	80002860	b8af0f13	addi	x30,x30,-1142	 x30:0x00001000 x30=0x00000b8a
         109281	      5362	80002864	0f22	c.slli	x30,0x8	 x30:0x00000b8a x30=0x000b8a00
         109301	      5363	80002866	0f0d	c.addi	x30,3	 x30:0x000b8a00 x30=0x000b8a03
         109701	      5383	80002868	01e32023	sw	x30,0(x6)	  x6:0x8ffffffc x30:0x000b8a03 PA:0x8ffffffc store:0x000b8a03
         109721	      5384	8000286c	b8a02f73	csrrs	x30,mhpmcounter10h,x0	  x0:0x00000000 x30=0x00000000
         109741	      5385	80002870	01e32023	sw	x30,0(x6)	  x6:0x8ffffffc x30:0x00000000 PA:0x8ffffffc store:0x00000000
         109861	      5391	80002874	90000337	lui	x6,0x90000	  x6=0x90000000
         109901	      5393	80002878	1371	c.addi	x6,-4	  x6:0x90000000  x6=0x8ffffffc
         109921	      5394	8000287a	6f05	c.lui	x30,0x1	 x30=0x00001000
         109981	      5397	8000287c	b0bf0f13	addi	x30,x30,-1269	 x30:0x00001000 x30=0x00000b0b
         110001	      5398	80002880	0f22	c.slli	x30,0x8	 x30:0x00000b0b x30=0x000b0b00
         110021	      5399	80002882	0f0d	c.addi	x30,3	 x30:0x000b0b00 x30=0x000b0b03
         110201	      5408	80002884	01e32023	sw	x30,0(x6)	  x6:0x8ffffffc x30:0x000b0b03 PA:0x8ffffffc store:0x000b0b03
         110341	      5415	80002888	b0b02f73	csrrs	x30,mhpmcounter11,x0	  x0:0x00000000 x30=0x00000002
         110561	      5426	8000288c	01e32023	sw	x30,0(x6)	  x6:0x8ffffffc x30:0x00000002 PA:0x8ffffffc store:0x00000002
         110581	      5427	80002890	90000337	lui	x6,0x90000	  x6=0x90000000
         110601	      5428	80002894	1371	c.addi	x6,-4	  x6:0x90000000  x6=0x8ffffffc
         110621	      5429	80002896	6f05	c.lui	x30,0x1	 x30=0x00001000
         110761	      5436	80002898	b8bf0f13	addi	x30,x30,-1141	 x30:0x00001000 x30=0x00000b8b
         110781	      5437	8000289c	0f22	c.slli	x30,0x8	 x30:0x00000b8b x30=0x000b8b00
         110801	      5438	8000289e	0f0d	c.addi	x30,3	 x30:0x000b8b00 x30=0x000b8b03
         111461	      5471	800028a0	01e32023	sw	x30,0(x6)	  x6:0x8ffffffc x30:0x000b8b03 PA:0x8ffffffc store:0x000b8b03
         111481	      5472	800028a4	b8b02f73	csrrs	x30,mhpmcounter11h,x0	  x0:0x00000000 x30=0x00000000
         111661	      5481	800028a8	01e32023	sw	x30,0(x6)	  x6:0x8ffffffc x30:0x00000000 PA:0x8ffffffc store:0x00000000
         111681	      5482	800028ac	90000337	lui	x6,0x90000	  x6=0x90000000
         111761	      5486	800028b0	1371	c.addi	x6,-4	  x6:0x90000000  x6=0x8ffffffc
         111781	      5487	800028b2	6f05	c.lui	x30,0x1	 x30=0x00001000
         111801	      5488	800028b4	b0cf0f13	addi	x30,x30,-1268	 x30:0x00001000 x30=0x00000b0c
         111821	      5489	800028b8	0f22	c.slli	x30,0x8	 x30:0x00000b0c x30=0x000b0c00
         111841	      5490	800028ba	0f0d	c.addi	x30,3	 x30:0x000b0c00 x30=0x000b0c03
         111961	      5496	800028bc	01e32023	sw	x30,0(x6)	  x6:0x8ffffffc x30:0x000b0c03 PA:0x8ffffffc store:0x000b0c03
         111981	      5497	800028c0	b0c02f73	csrrs	x30,mhpmcounter12,x0	  x0:0x00000000 x30=0x00000049
         112461	      5521	800028c4	01e32023	sw	x30,0(x6)	  x6:0x8ffffffc x30:0x00000049 PA:0x8ffffffc store:0x00000049
         112481	      5522	800028c8	90000337	lui	x6,0x90000	  x6=0x90000000
         112501	      5523	800028cc	1371	c.addi	x6,-4	  x6:0x90000000  x6=0x8ffffffc
         112521	      5524	800028ce	6f05	c.lui	x30,0x1	 x30=0x00001000
         112541	      5525	800028d0	b8cf0f13	addi	x30,x30,-1140	 x30:0x00001000 x30=0x00000b8c
         112561	      5526	800028d4	0f22	c.slli	x30,0x8	 x30:0x00000b8c x30=0x000b8c00
         112581	      5527	800028d6	0f0d	c.addi	x30,3	 x30:0x000b8c00 x30=0x000b8c03
         112661	      5531	800028d8	01e32023	sw	x30,0(x6)	  x6:0x8ffffffc x30:0x000b8c03 PA:0x8ffffffc store:0x000b8c03
         112741	      5535	800028dc	b8c02f73	csrrs	x30,mhpmcounter12h,x0	  x0:0x00000000 x30=0x00000000
         112801	      5538	800028e0	01e32023	sw	x30,0(x6)	  x6:0x8ffffffc x30:0x00000000 PA:0x8ffffffc store:0x00000000
         113061	      5551	800028e4	ffffdf17	auipc	x30,0xffffd	 x30=0x7ffff8e4
         113081	      5552	800028e8	79cf0f13	addi	x30,x30,1948	 x30:0x7ffff8e4 x30=0x80000080
         113321	      5564	800028ec	000f2023	sw	x0,0(x30)	 x30:0x80000080  x0:0x00000000 PA:0x80000080 store:0x00000000
         113381	      5567	800028f0	001f2223	sw	x1,4(x30)	 x30:0x80000080  x1:0xffc00000 PA:0x80000084 store:0xffc00000
         113721	      5584	800028f4	002f2423	sw	x2,8(x30)	 x30:0x80000080  x2:0xf0a11992 PA:0x80000088 store:0xf0a11992
         113781	      5587	800028f8	003f2623	sw	x3,12(x30)	 x30:0x80000080  x3:0xfffffaf1 PA:0x8000008c store:0xfffffaf1
         113941	      5595	800028fc	004f2823	sw	x4,16(x30)	 x30:0x80000080  x4:0x00000006 PA:0x80000090 store:0x00000006
         114181	      5607	80002900	005f2a23	sw	x5,20(x30)	 x30:0x80000080  x5:0xf190aeea PA:0x80000094 store:0xf190aeea
         114381	      5617	80002904	006f2c23	sw	x6,24(x30)	 x30:0x80000080  x6:0x8ffffffc PA:0x80000098 store:0x8ffffffc
         114641	      5630	80002908	007f2e23	sw	x7,28(x30)	 x30:0x80000080  x7:0x0000000c PA:0x8000009c store:0x0000000c
         114881	      5642	8000290c	028f2023	sw	x8,32(x30)	 x30:0x80000080  x8:0x80025c60 PA:0x800000a0 store:0x80025c60
         114941	      5645	80002910	029f2223	sw	x9,36(x30)	 x30:0x80000080  x9:0x00000000 PA:0x800000a4 store:0x00000000
