UVM_FATAL /runtime_only_unique_aafp.sv(1) @ 1: runtime_only_unique_failure_aafp normalization resistant timing marker
RUNTIME_ONLY_CASE=172 SOURCE_A=benchmark_set_2:5
Mismatch[1]:
ibex[937] : pc[80000c7e] srai x21,x28,0x1: s5:ffffff32
RUNTIME_ONLY_COMBINE SOURCE_B=benchmark_set_1:4
riscv_debug_basic_test.0 : [FAILED]
000000000 RUNTIME_ONLY neutral retire case=00172 pc=0x80005804 opcode=csrrw x12=0x80005804
000000001 RUNTIME_ONLY neutral retire case=00172 pc=0x80005808 opcode=xor x13=0x80005809
000000002 RUNTIME_ONLY neutral retire case=00172 pc=0x8000580c opcode=addi x14=0x8000580e
000000003 RUNTIME_ONLY neutral retire case=00172 pc=0x80005810 opcode=lw x15=0x80005813
000000004 RUNTIME_ONLY neutral retire case=00172 pc=0x80005814 opcode=sw x16=0x80005810
000000005 RUNTIME_ONLY neutral retire case=00172 pc=0x80005818 opcode=beq x17=0x8000581d
000000006 RUNTIME_ONLY neutral retire case=00172 pc=0x8000581c opcode=csrrw x18=0x8000581a
000000007 RUNTIME_ONLY neutral retire case=00172 pc=0x80005820 opcode=xor x19=0x80005827
000000008 RUNTIME_ONLY neutral retire case=00172 pc=0x80005824 opcode=addi x20=0x8000582c
000000009 RUNTIME_ONLY neutral retire case=00172 pc=0x80005828 opcode=lw x21=0x80005821
000000010 RUNTIME_ONLY neutral retire case=00172 pc=0x8000582c opcode=sw x22=0x80005826
000000011 RUNTIME_ONLY neutral retire case=00172 pc=0x80005830 opcode=beq x23=0x8000583b
000000012 RUNTIME_ONLY neutral retire case=00172 pc=0x80005834 opcode=csrrw x24=0x80005838
000000013 RUNTIME_ONLY neutral retire case=00172 pc=0x80005838 opcode=xor x25=0x80005835
000000014 RUNTIME_ONLY neutral retire case=00172 pc=0x8000583c opcode=addi x26=0x80005832
000000015 RUNTIME_ONLY neutral retire case=00172 pc=0x80005840 opcode=lw x27=0x8000584f
